[2025-04-08T09:54:48.641-0400][0.030s][info][gc] Using G1
[2025-04-08T09:54:48.652-0400][0.035s][info][gc,init] Version: 17.0.14+7 (release)
[2025-04-08T09:54:48.652-0400][0.035s][info][gc,init] CPUs: 32 total, 32 available
[2025-04-08T09:54:48.652-0400][0.035s][info][gc,init] Memory: 32559M
[2025-04-08T09:54:48.652-0400][0.035s][info][gc,init] Large Page Support: Disabled
[2025-04-08T09:54:48.652-0400][0.035s][info][gc,init] NUMA Support: Disabled
[2025-04-08T09:54:48.652-0400][0.035s][info][gc,init] Compressed Oops: Enabled (32-bit)
[2025-04-08T09:54:48.652-0400][0.035s][info][gc,init] Heap Region Size: 1M
[2025-04-08T09:54:48.652-0400][0.035s][info][gc,init] Heap Min Capacity: 512M
[2025-04-08T09:54:48.652-0400][0.035s][info][gc,init] Heap Initial Capacity: 512M
[2025-04-08T09:54:48.652-0400][0.035s][info][gc,init] Heap Max Capacity: 1G
[2025-04-08T09:54:48.652-0400][0.035s][info][gc,init] Pre-touch: Disabled
[2025-04-08T09:54:48.652-0400][0.035s][info][gc,init] Parallel Workers: 23
[2025-04-08T09:54:48.652-0400][0.035s][info][gc,init] Concurrent Workers: 6
[2025-04-08T09:54:48.652-0400][0.035s][info][gc,init] Concurrent Refinement Workers: 23
[2025-04-08T09:54:48.652-0400][0.035s][info][gc,init] Periodic GC: Disabled
[2025-04-08T09:54:48.661-0400][0.045s][info][gc,metaspace] CDS archive(s) mapped at: [0x0000021e21000000-0x0000021e21bb0000-0x0000021e21bb0000), size 12255232, SharedBaseAddress: 0x0000021e21000000, ArchiveRelocationMode: 1.
[2025-04-08T09:54:48.661-0400][0.045s][info][gc,metaspace] Compressed class space mapped at: 0x0000021e22000000-0x0000021e62000000, reserved size: 1073741824
[2025-04-08T09:54:48.661-0400][0.045s][info][gc,metaspace] Narrow klass base: 0x0000021e21000000, Narrow klass shift: 0, Narrow klass range: 0x100000000
[2025-04-08T09:54:49.012-0400][0.396s][debug][safepoint   ] Safepoint synchronization initiated using striped semaphore wait barrier. (26 threads)
[2025-04-08T09:54:49.012-0400][0.396s][info ][safepoint   ] Safepoint "ICBufferFull", Time since last: 337848100 ns, Reaching safepoint: 35600 ns, Cleanup: 43700 ns, At safepoint: 4500 ns, Total: 83800 ns
[2025-04-08T09:54:49.511-0400][0.897s][debug][safepoint   ] Safepoint synchronization initiated using striped semaphore wait barrier. (26 threads)
[2025-04-08T09:54:49.511-0400][0.899s][info ][gc,start    ] GC(0) Pause Young (Normal) (G1 Evacuation Pause)
[2025-04-08T09:54:49.511-0400][0.901s][info ][gc,task     ] GC(0) Using 12 workers of 23 for evacuation
[2025-04-08T09:54:49.521-0400][0.907s][info ][gc,phases   ] GC(0)   Pre Evacuate Collection Set: 0.2ms
[2025-04-08T09:54:49.521-0400][0.907s][info ][gc,phases   ] GC(0)   Merge Heap Roots: 0.2ms
[2025-04-08T09:54:49.521-0400][0.907s][info ][gc,phases   ] GC(0)   Evacuate Collection Set: 3.9ms
[2025-04-08T09:54:49.521-0400][0.907s][info ][gc,phases   ] GC(0)   Post Evacuate Collection Set: 2.3ms
[2025-04-08T09:54:49.521-0400][0.907s][info ][gc,phases   ] GC(0)   Other: 2.5ms
[2025-04-08T09:54:49.521-0400][0.907s][info ][gc,heap     ] GC(0) Eden regions: 62->0(86)
[2025-04-08T09:54:49.521-0400][0.907s][info ][gc,heap     ] GC(0) Survivor regions: 0->8(8)
[2025-04-08T09:54:49.521-0400][0.907s][info ][gc,heap     ] GC(0) Old regions: 0->2
[2025-04-08T09:54:49.521-0400][0.907s][info ][gc,heap     ] GC(0) Archive regions: 0->0
[2025-04-08T09:54:49.521-0400][0.907s][info ][gc,heap     ] GC(0) Humongous regions: 0->0
[2025-04-08T09:54:49.521-0400][0.907s][info ][gc,metaspace] GC(0) Metaspace: 2513K(2752K)->2513K(2752K) NonClass: 2279K(2432K)->2279K(2432K) Class: 234K(320K)->234K(320K)
[2025-04-08T09:54:49.521-0400][0.907s][info ][gc          ] GC(0) Pause Young (Normal) (G1 Evacuation Pause) 62M->9M(512M) 8.953ms
[2025-04-08T09:54:49.521-0400][0.907s][info ][gc,cpu      ] GC(0) User=0.03s Sys=0.00s Real=0.01s
[2025-04-08T09:54:49.521-0400][0.908s][info ][safepoint   ] Safepoint "G1CollectForAllocation", Time since last: 501452100 ns, Reaching safepoint: 27100 ns, Cleanup: 31700 ns, At safepoint: 10014800 ns, Total: 10073600 ns
[2025-04-08T09:54:50.315-0400][1.697s][debug][safepoint   ] Safepoint synchronization initiated using striped semaphore wait barrier. (26 threads)
[2025-04-08T09:54:50.315-0400][1.697s][info ][gc,start    ] GC(1) Pause Young (Normal) (G1 Evacuation Pause)
[2025-04-08T09:54:50.315-0400][1.697s][info ][gc,task     ] GC(1) Using 12 workers of 23 for evacuation
[2025-04-08T09:54:50.319-0400][1.701s][info ][gc,phases   ] GC(1)   Pre Evacuate Collection Set: 0.0ms
[2025-04-08T09:54:50.319-0400][1.701s][info ][gc,phases   ] GC(1)   Merge Heap Roots: 0.1ms
[2025-04-08T09:54:50.319-0400][1.701s][info ][gc,phases   ] GC(1)   Evacuate Collection Set: 3.0ms
[2025-04-08T09:54:50.319-0400][1.701s][info ][gc,phases   ] GC(1)   Post Evacuate Collection Set: 0.6ms
[2025-04-08T09:54:50.319-0400][1.701s][info ][gc,phases   ] GC(1)   Other: 0.1ms
[2025-04-08T09:54:50.319-0400][1.701s][info ][gc,heap     ] GC(1) Eden regions: 86->0(304)
[2025-04-08T09:54:50.319-0400][1.701s][info ][gc,heap     ] GC(1) Survivor regions: 8->3(12)
[2025-04-08T09:54:50.319-0400][1.701s][info ][gc,heap     ] GC(1) Old regions: 2->10
[2025-04-08T09:54:50.319-0400][1.701s][info ][gc,heap     ] GC(1) Archive regions: 0->0
[2025-04-08T09:54:50.319-0400][1.701s][info ][gc,heap     ] GC(1) Humongous regions: 0->0
[2025-04-08T09:54:50.319-0400][1.701s][info ][gc,metaspace] GC(1) Metaspace: 5717K(6016K)->5717K(6016K) NonClass: 5016K(5184K)->5016K(5184K) Class: 701K(832K)->701K(832K)
[2025-04-08T09:54:50.319-0400][1.701s][info ][gc          ] GC(1) Pause Young (Normal) (G1 Evacuation Pause) 95M->12M(512M) 3.927ms
[2025-04-08T09:54:50.319-0400][1.701s][info ][gc,cpu      ] GC(1) User=0.00s Sys=0.00s Real=0.00s
[2025-04-08T09:54:50.319-0400][1.701s][info ][safepoint   ] Safepoint "G1CollectForAllocation", Time since last: 789678900 ns, Reaching safepoint: 52800 ns, Cleanup: 92700 ns, At safepoint: 3964900 ns, Total: 4110400 ns
[2025-04-08T09:54:51.058-0400][2.441s][debug][safepoint   ] ... found polling page loop exception at pc = 0x0000021e1257b752, stub =0x0000021e11c57700
[2025-04-08T09:54:51.060-0400][2.442s][debug][safepoint   ] Safepoint synchronization initiated using striped semaphore wait barrier. (19 threads)
[2025-04-08T09:54:51.060-0400][2.442s][info ][safepoint   ] Safepoint "ICBufferFull", Time since last: 740977900 ns, Reaching safepoint: 26200 ns, Cleanup: 63800 ns, At safepoint: 5600 ns, Total: 95600 ns
[2025-04-08T09:54:51.295-0400][2.677s][debug][safepoint   ] Safepoint synchronization initiated using striped semaphore wait barrier. (22 threads)
[2025-04-08T09:54:51.295-0400][2.677s][info ][safepoint   ] Safepoint "ICBufferFull", Time since last: 234885600 ns, Reaching safepoint: 52000 ns, Cleanup: 98500 ns, At safepoint: 1300 ns, Total: 151800 ns
[2025-04-08T09:54:51.637-0400][3.019s][debug][safepoint   ] Safepoint synchronization initiated using striped semaphore wait barrier. (22 threads)
[2025-04-08T09:54:51.637-0400][3.019s][debug][safepoint   ] ... found polling page loop exception at pc = 0x0000021e124ab06a, stub =0x0000021e11c57700
[2025-04-08T09:54:51.637-0400][3.019s][info ][gc,start    ] GC(2) Pause Young (Normal) (G1 Evacuation Pause)
[2025-04-08T09:54:51.637-0400][3.019s][info ][gc,task     ] GC(2) Using 12 workers of 23 for evacuation
[2025-04-08T09:54:51.640-0400][3.022s][info ][gc,phases   ] GC(2)   Pre Evacuate Collection Set: 0.1ms
[2025-04-08T09:54:51.641-0400][3.023s][info ][gc,phases   ] GC(2)   Merge Heap Roots: 0.1ms
[2025-04-08T09:54:51.641-0400][3.023s][info ][gc,phases   ] GC(2)   Evacuate Collection Set: 2.6ms
[2025-04-08T09:54:51.641-0400][3.023s][info ][gc,phases   ] GC(2)   Post Evacuate Collection Set: 0.5ms
[2025-04-08T09:54:51.641-0400][3.023s][info ][gc,phases   ] GC(2)   Other: 0.2ms
[2025-04-08T09:54:51.641-0400][3.023s][info ][gc,heap     ] GC(2) Eden regions: 304->0(300)
[2025-04-08T09:54:51.641-0400][3.023s][info ][gc,heap     ] GC(2) Survivor regions: 3->7(39)
[2025-04-08T09:54:51.641-0400][3.023s][info ][gc,heap     ] GC(2) Old regions: 10->10
[2025-04-08T09:54:51.641-0400][3.023s][info ][gc,heap     ] GC(2) Archive regions: 0->0
[2025-04-08T09:54:51.641-0400][3.023s][info ][gc,heap     ] GC(2) Humongous regions: 0->0
[2025-04-08T09:54:51.641-0400][3.023s][info ][gc,metaspace] GC(2) Metaspace: 15176K(15552K)->15176K(15552K) NonClass: 13222K(13440K)->13222K(13440K) Class: 1954K(2112K)->1954K(2112K)
[2025-04-08T09:54:51.641-0400][3.023s][info ][gc          ] GC(2) Pause Young (Normal) (G1 Evacuation Pause) 316M->16M(512M) 3.549ms
[2025-04-08T09:54:51.641-0400][3.023s][info ][gc,cpu      ] GC(2) User=0.00s Sys=0.00s Real=0.00s
[2025-04-08T09:54:51.641-0400][3.023s][info ][safepoint   ] Safepoint "G1CollectForAllocation", Time since last: 341496900 ns, Reaching safepoint: 82900 ns, Cleanup: 85500 ns, At safepoint: 3605500 ns, Total: 3773900 ns
[2025-04-08T09:54:52.034-0400][3.417s][debug][safepoint   ] Safepoint synchronization initiated using striped semaphore wait barrier. (24 threads)
[2025-04-08T09:54:52.034-0400][3.417s][info ][safepoint   ] Safepoint "ICBufferFull", Time since last: 393873400 ns, Reaching safepoint: 53200 ns, Cleanup: 91200 ns, At safepoint: 9400 ns, Total: 153800 ns
[2025-04-08T09:54:52.306-0400][3.689s][debug][safepoint   ] Safepoint synchronization initiated using striped semaphore wait barrier. (24 threads)
[2025-04-08T09:54:52.307-0400][3.689s][info ][gc,start    ] GC(3) Pause Young (Concurrent Start) (Metadata GC Threshold)
[2025-04-08T09:54:52.307-0400][3.689s][info ][gc,task     ] GC(3) Using 12 workers of 23 for evacuation
[2025-04-08T09:54:52.311-0400][3.693s][info ][gc,phases   ] GC(3)   Pre Evacuate Collection Set: 0.1ms
[2025-04-08T09:54:52.311-0400][3.693s][info ][gc,phases   ] GC(3)   Merge Heap Roots: 0.1ms
[2025-04-08T09:54:52.311-0400][3.693s][info ][gc,phases   ] GC(3)   Evacuate Collection Set: 3.1ms
[2025-04-08T09:54:52.311-0400][3.693s][info ][gc,phases   ] GC(3)   Post Evacuate Collection Set: 0.8ms
[2025-04-08T09:54:52.311-0400][3.693s][info ][gc,phases   ] GC(3)   Other: 0.2ms
[2025-04-08T09:54:52.311-0400][3.693s][info ][gc,heap     ] GC(3) Eden regions: 230->0(292)
[2025-04-08T09:54:52.311-0400][3.693s][info ][gc,heap     ] GC(3) Survivor regions: 7->15(39)
[2025-04-08T09:54:52.311-0400][3.693s][info ][gc,heap     ] GC(3) Old regions: 10->10
[2025-04-08T09:54:52.311-0400][3.693s][info ][gc,heap     ] GC(3) Archive regions: 0->0
[2025-04-08T09:54:52.311-0400][3.693s][info ][gc,heap     ] GC(3) Humongous regions: 0->0
[2025-04-08T09:54:52.311-0400][3.693s][info ][gc,metaspace] GC(3) Metaspace: 21145K(21504K)->21145K(21504K) NonClass: 18451K(18624K)->18451K(18624K) Class: 2693K(2880K)->2693K(2880K)
[2025-04-08T09:54:52.311-0400][3.693s][info ][gc          ] GC(3) Pause Young (Concurrent Start) (Metadata GC Threshold) 246M->24M(512M) 4.327ms
[2025-04-08T09:54:52.311-0400][3.693s][info ][gc,cpu      ] GC(3) User=0.00s Sys=0.00s Real=0.00s
[2025-04-08T09:54:52.311-0400][3.693s][info ][gc          ] GC(4) Concurrent Mark Cycle
[2025-04-08T09:54:52.311-0400][3.693s][info ][safepoint   ] Safepoint "CollectForMetadataAllocation", Time since last: 271808400 ns, Reaching safepoint: 99700 ns, Cleanup: 55600 ns, At safepoint: 4398600 ns, Total: 4553900 ns
[2025-04-08T09:54:52.311-0400][3.693s][info ][gc,marking  ] GC(4) Concurrent Clear Claimed Marks
[2025-04-08T09:54:52.311-0400][3.693s][info ][gc,marking  ] GC(4) Concurrent Clear Claimed Marks 0.089ms
[2025-04-08T09:54:52.311-0400][3.693s][info ][gc,marking  ] GC(4) Concurrent Scan Root Regions
[2025-04-08T09:54:52.313-0400][3.696s][info ][gc,marking  ] GC(4) Concurrent Scan Root Regions 2.472ms
[2025-04-08T09:54:52.313-0400][3.696s][info ][gc,marking  ] GC(4) Concurrent Mark
[2025-04-08T09:54:52.313-0400][3.696s][info ][gc,marking  ] GC(4) Concurrent Mark From Roots
[2025-04-08T09:54:52.313-0400][3.696s][info ][gc,task     ] GC(4) Using 6 workers of 6 for marking
[2025-04-08T09:54:52.315-0400][3.697s][info ][gc,marking  ] GC(4) Concurrent Mark From Roots 1.668ms
[2025-04-08T09:54:52.315-0400][3.697s][info ][gc,marking  ] GC(4) Concurrent Preclean
[2025-04-08T09:54:52.315-0400][3.698s][info ][gc,marking  ] GC(4) Concurrent Preclean 0.098ms
[2025-04-08T09:54:52.315-0400][3.698s][debug][safepoint   ] Safepoint synchronization initiated using striped semaphore wait barrier. (24 threads)
[2025-04-08T09:54:52.315-0400][3.698s][info ][gc,start    ] GC(4) Pause Remark
[2025-04-08T09:54:52.317-0400][3.700s][info ][gc          ] GC(4) Pause Remark 26M->26M(512M) 1.948ms
[2025-04-08T09:54:52.317-0400][3.700s][info ][gc,cpu      ] GC(4) User=0.00s Sys=0.00s Real=0.00s
[2025-04-08T09:54:52.317-0400][3.700s][info ][safepoint   ] Safepoint "G1PauseRemark", Time since last: 4468500 ns, Reaching safepoint: 147700 ns, Cleanup: 5900 ns, At safepoint: 2031100 ns, Total: 2184700 ns
[2025-04-08T09:54:52.317-0400][3.700s][info ][gc,marking  ] GC(4) Concurrent Mark 4.127ms
[2025-04-08T09:54:52.318-0400][3.700s][info ][gc,marking  ] GC(4) Concurrent Rebuild Remembered Sets
[2025-04-08T09:54:52.318-0400][3.701s][info ][gc,marking  ] GC(4) Concurrent Rebuild Remembered Sets 0.882ms
[2025-04-08T09:54:52.318-0400][3.701s][debug][safepoint   ] Safepoint synchronization initiated using striped semaphore wait barrier. (24 threads)
[2025-04-08T09:54:52.319-0400][3.701s][info ][gc,start    ] GC(4) Pause Cleanup
[2025-04-08T09:54:52.319-0400][3.701s][info ][gc          ] GC(4) Pause Cleanup 26M->26M(512M) 0.181ms
[2025-04-08T09:54:52.319-0400][3.701s][info ][gc,cpu      ] GC(4) User=0.00s Sys=0.00s Real=0.00s
[2025-04-08T09:54:52.319-0400][3.701s][info ][safepoint   ] Safepoint "G1PauseCleanup", Time since last: 1082900 ns, Reaching safepoint: 45000 ns, Cleanup: 5600 ns, At safepoint: 254100 ns, Total: 304700 ns
[2025-04-08T09:54:52.319-0400][3.701s][info ][gc,marking  ] GC(4) Concurrent Cleanup for Next Mark
[2025-04-08T09:54:52.319-0400][3.702s][info ][gc,marking  ] GC(4) Concurrent Cleanup for Next Mark 0.476ms
[2025-04-08T09:54:52.319-0400][3.702s][info ][gc          ] GC(4) Concurrent Mark Cycle 8.597ms
[2025-04-08T09:54:52.956-0400][4.338s][debug][safepoint   ] ... found polling page loop exception at pc = 0x0000021e124ab06a, stub =0x0000021e11c57700
[2025-04-08T09:54:52.956-0400][4.338s][debug][safepoint   ] ... found polling page loop exception at pc = 0x0000021e124ab06a, stub =0x0000021e11c57700
[2025-04-08T09:54:52.960-0400][4.342s][debug][safepoint   ] Safepoint synchronization initiated using striped semaphore wait barrier. (24 threads)
[2025-04-08T09:54:52.960-0400][4.343s][info ][safepoint   ] Safepoint "ICBufferFull", Time since last: 641373100 ns, Reaching safepoint: 239300 ns, Cleanup: 79000 ns, At safepoint: 4100 ns, Total: 322400 ns
[2025-04-08T09:54:53.188-0400][4.570s][debug][safepoint   ] Safepoint synchronization initiated using striped semaphore wait barrier. (25 threads)
[2025-04-08T09:54:53.205-0400][4.587s][info ][gc,start    ] GC(5) Pause Young (Normal) (G1 Evacuation Pause)
[2025-04-08T09:54:53.205-0400][4.587s][info ][gc,task     ] GC(5) Using 12 workers of 23 for evacuation
[2025-04-08T09:54:53.213-0400][4.595s][info ][gc,phases   ] GC(5)   Pre Evacuate Collection Set: 0.1ms
[2025-04-08T09:54:53.213-0400][4.595s][info ][gc,phases   ] GC(5)   Merge Heap Roots: 0.1ms
[2025-04-08T09:54:53.213-0400][4.595s][info ][gc,phases   ] GC(5)   Evacuate Collection Set: 7.3ms
[2025-04-08T09:54:53.213-0400][4.595s][info ][gc,phases   ] GC(5)   Post Evacuate Collection Set: 0.7ms
[2025-04-08T09:54:53.213-0400][4.595s][info ][gc,phases   ] GC(5)   Other: 0.1ms
[2025-04-08T09:54:53.213-0400][4.595s][info ][gc,heap     ] GC(5) Eden regions: 292->0(268)
[2025-04-08T09:54:53.213-0400][4.595s][info ][gc,heap     ] GC(5) Survivor regions: 15->39(39)
[2025-04-08T09:54:53.213-0400][4.595s][info ][gc,heap     ] GC(5) Old regions: 10->10
[2025-04-08T09:54:53.213-0400][4.595s][info ][gc,heap     ] GC(5) Archive regions: 0->0
[2025-04-08T09:54:53.213-0400][4.595s][info ][gc,heap     ] GC(5) Humongous regions: 0->0
[2025-04-08T09:54:53.213-0400][4.595s][info ][gc,metaspace] GC(5) Metaspace: 25023K(25344K)->25023K(25344K) NonClass: 21805K(21952K)->21805K(21952K) Class: 3218K(3392K)->3218K(3392K)
[2025-04-08T09:54:53.213-0400][4.595s][info ][gc          ] GC(5) Pause Young (Normal) (G1 Evacuation Pause) 316M->48M(512M) 8.357ms
[2025-04-08T09:54:53.213-0400][4.595s][info ][gc,cpu      ] GC(5) User=0.06s Sys=0.14s Real=0.01s
[2025-04-08T09:54:53.213-0400][4.595s][info ][safepoint   ] Safepoint "G1CollectForAllocation", Time since last: 226887400 ns, Reaching safepoint: 16790700 ns, Cleanup: 54100 ns, At safepoint: 8441700 ns, Total: 25286500 ns
[2025-04-08T09:54:53.428-0400][4.810s][debug][safepoint   ] Safepoint synchronization initiated using striped semaphore wait barrier. (26 threads)
[2025-04-08T09:54:53.428-0400][4.811s][info ][safepoint   ] Safepoint "ICBufferFull", Time since last: 215459000 ns, Reaching safepoint: 28000 ns, Cleanup: 68900 ns, At safepoint: 4900 ns, Total: 101800 ns
[2025-04-08T09:54:53.968-0400][5.350s][debug][safepoint   ] Safepoint synchronization initiated using striped semaphore wait barrier. (27 threads)
[2025-04-08T09:54:53.968-0400][5.350s][info ][gc,start    ] GC(6) Pause Young (Normal) (G1 Evacuation Pause)
[2025-04-08T09:54:53.968-0400][5.350s][info ][gc,task     ] GC(6) Using 12 workers of 23 for evacuation
[2025-04-08T09:54:53.979-0400][5.361s][info ][gc,phases   ] GC(6)   Pre Evacuate Collection Set: 0.1ms
[2025-04-08T09:54:53.979-0400][5.361s][info ][gc,phases   ] GC(6)   Merge Heap Roots: 0.1ms
[2025-04-08T09:54:53.979-0400][5.361s][info ][gc,phases   ] GC(6)   Evacuate Collection Set: 9.9ms
[2025-04-08T09:54:53.979-0400][5.361s][info ][gc,phases   ] GC(6)   Post Evacuate Collection Set: 1.0ms
[2025-04-08T09:54:53.979-0400][5.361s][info ][gc,phases   ] GC(6)   Other: 0.1ms
[2025-04-08T09:54:53.979-0400][5.361s][info ][gc,heap     ] GC(6) Eden regions: 268->0(297)
[2025-04-08T09:54:53.979-0400][5.361s][info ][gc,heap     ] GC(6) Survivor regions: 39->10(39)
[2025-04-08T09:54:53.979-0400][5.361s][info ][gc,heap     ] GC(6) Old regions: 10->48
[2025-04-08T09:54:53.979-0400][5.361s][info ][gc,heap     ] GC(6) Archive regions: 0->0
[2025-04-08T09:54:53.979-0400][5.361s][info ][gc,heap     ] GC(6) Humongous regions: 0->0
[2025-04-08T09:54:53.979-0400][5.361s][info ][gc,metaspace] GC(6) Metaspace: 26697K(27072K)->26697K(27072K) NonClass: 23354K(23552K)->23354K(23552K) Class: 3343K(3520K)->3343K(3520K)
[2025-04-08T09:54:53.979-0400][5.361s][info ][gc          ] GC(6) Pause Young (Normal) (G1 Evacuation Pause) 316M->57M(512M) 11.229ms
[2025-04-08T09:54:53.979-0400][5.361s][info ][gc,cpu      ] GC(6) User=0.12s Sys=0.08s Real=0.01s
[2025-04-08T09:54:53.979-0400][5.361s][info ][safepoint   ] Safepoint "G1CollectForAllocation", Time since last: 539573000 ns, Reaching safepoint: 29800 ns, Cleanup: 41000 ns, At safepoint: 11279000 ns, Total: 11349800 ns
[2025-04-08T09:54:54.812-0400][6.195s][debug][safepoint   ] Safepoint synchronization initiated using striped semaphore wait barrier. (24 threads)
[2025-04-08T09:54:54.812-0400][6.195s][info ][safepoint   ] Safepoint "ICBufferFull", Time since last: 833343900 ns, Reaching safepoint: 47700 ns, Cleanup: 112200 ns, At safepoint: 5400 ns, Total: 165300 ns
[2025-04-08T09:54:54.875-0400][6.257s][debug][safepoint   ] Safepoint synchronization initiated using striped semaphore wait barrier. (24 threads)
[2025-04-08T09:54:54.875-0400][6.257s][info ][gc,start    ] GC(7) Pause Young (Normal) (G1 Evacuation Pause)
[2025-04-08T09:54:54.875-0400][6.257s][info ][gc,task     ] GC(7) Using 12 workers of 23 for evacuation
[2025-04-08T09:54:54.878-0400][6.260s][info ][gc,phases   ] GC(7)   Pre Evacuate Collection Set: 0.1ms
[2025-04-08T09:54:54.878-0400][6.260s][info ][gc,phases   ] GC(7)   Merge Heap Roots: 0.1ms
[2025-04-08T09:54:54.878-0400][6.260s][info ][gc,phases   ] GC(7)   Evacuate Collection Set: 1.7ms
[2025-04-08T09:54:54.878-0400][6.260s][info ][gc,phases   ] GC(7)   Post Evacuate Collection Set: 0.6ms
[2025-04-08T09:54:54.878-0400][6.260s][info ][gc,phases   ] GC(7)   Other: 0.1ms
[2025-04-08T09:54:54.878-0400][6.260s][info ][gc,heap     ] GC(7) Eden regions: 297->0(295)
[2025-04-08T09:54:54.878-0400][6.260s][info ][gc,heap     ] GC(7) Survivor regions: 10->12(39)
[2025-04-08T09:54:54.878-0400][6.260s][info ][gc,heap     ] GC(7) Old regions: 48->48
[2025-04-08T09:54:54.878-0400][6.260s][info ][gc,heap     ] GC(7) Archive regions: 0->0
[2025-04-08T09:54:54.878-0400][6.260s][info ][gc,heap     ] GC(7) Humongous regions: 0->0
[2025-04-08T09:54:54.878-0400][6.260s][info ][gc,metaspace] GC(7) Metaspace: 34165K(34560K)->34165K(34560K) NonClass: 29979K(30208K)->29979K(30208K) Class: 4186K(4352K)->4186K(4352K)
[2025-04-08T09:54:54.878-0400][6.260s][info ][gc          ] GC(7) Pause Young (Normal) (G1 Evacuation Pause) 354M->59M(512M) 2.849ms
[2025-04-08T09:54:54.878-0400][6.260s][info ][gc,cpu      ] GC(7) User=0.06s Sys=0.03s Real=0.00s
[2025-04-08T09:54:54.878-0400][6.260s][info ][safepoint   ] Safepoint "G1CollectForAllocation", Time since last: 62190700 ns, Reaching safepoint: 47400 ns, Cleanup: 11200 ns, At safepoint: 2920700 ns, Total: 2979300 ns
[2025-04-08T09:54:55.321-0400][6.703s][debug][safepoint   ] Safepoint synchronization initiated using striped semaphore wait barrier. (24 threads)
[2025-04-08T09:54:55.321-0400][6.703s][info ][safepoint   ] Safepoint "ICBufferFull", Time since last: 442963700 ns, Reaching safepoint: 45300 ns, Cleanup: 111300 ns, At safepoint: 1200 ns, Total: 157800 ns
[2025-04-08T09:54:55.408-0400][6.790s][debug][safepoint   ] Safepoint synchronization initiated using striped semaphore wait barrier. (24 threads)
[2025-04-08T09:54:55.408-0400][6.791s][info ][gc,start    ] GC(8) Pause Young (Concurrent Start) (Metadata GC Threshold)
[2025-04-08T09:54:55.408-0400][6.791s][info ][gc,task     ] GC(8) Using 12 workers of 23 for evacuation
[2025-04-08T09:54:55.410-0400][6.793s][info ][gc,phases   ] GC(8)   Pre Evacuate Collection Set: 0.1ms
[2025-04-08T09:54:55.411-0400][6.793s][info ][gc,phases   ] GC(8)   Merge Heap Roots: 0.1ms
[2025-04-08T09:54:55.411-0400][6.793s][info ][gc,phases   ] GC(8)   Evacuate Collection Set: 1.8ms
[2025-04-08T09:54:55.411-0400][6.793s][info ][gc,phases   ] GC(8)   Post Evacuate Collection Set: 0.5ms
[2025-04-08T09:54:55.411-0400][6.793s][info ][gc,phases   ] GC(8)   Other: 0.1ms
[2025-04-08T09:54:55.411-0400][6.793s][info ][gc,heap     ] GC(8) Eden regions: 153->0(295)
[2025-04-08T09:54:55.411-0400][6.793s][info ][gc,heap     ] GC(8) Survivor regions: 12->12(39)
[2025-04-08T09:54:55.411-0400][6.793s][info ][gc,heap     ] GC(8) Old regions: 48->48
[2025-04-08T09:54:55.411-0400][6.793s][info ][gc,heap     ] GC(8) Archive regions: 0->0
[2025-04-08T09:54:55.411-0400][6.793s][info ][gc,heap     ] GC(8) Humongous regions: 0->0
[2025-04-08T09:54:55.411-0400][6.793s][info ][gc,metaspace] GC(8) Metaspace: 35644K(35968K)->35644K(35968K) NonClass: 31266K(31424K)->31266K(31424K) Class: 4378K(4544K)->4378K(4544K)
[2025-04-08T09:54:55.411-0400][6.793s][info ][gc          ] GC(8) Pause Young (Concurrent Start) (Metadata GC Threshold) 212M->59M(512M) 2.747ms
[2025-04-08T09:54:55.411-0400][6.793s][info ][gc,cpu      ] GC(8) User=0.03s Sys=0.00s Real=0.00s
[2025-04-08T09:54:55.411-0400][6.793s][info ][gc          ] GC(9) Concurrent Mark Cycle
[2025-04-08T09:54:55.411-0400][6.793s][info ][safepoint   ] Safepoint "CollectForMetadataAllocation", Time since last: 87176700 ns, Reaching safepoint: 45300 ns, Cleanup: 32700 ns, At safepoint: 2809500 ns, Total: 2887500 ns
[2025-04-08T09:54:55.411-0400][6.793s][info ][gc,marking  ] GC(9) Concurrent Clear Claimed Marks
[2025-04-08T09:54:55.411-0400][6.793s][info ][gc,marking  ] GC(9) Concurrent Clear Claimed Marks 0.038ms
[2025-04-08T09:54:55.411-0400][6.793s][info ][gc,marking  ] GC(9) Concurrent Scan Root Regions
[2025-04-08T09:54:55.412-0400][6.795s][info ][gc,marking  ] GC(9) Concurrent Scan Root Regions 1.202ms
[2025-04-08T09:54:55.412-0400][6.795s][info ][gc,marking  ] GC(9) Concurrent Mark
[2025-04-08T09:54:55.412-0400][6.795s][info ][gc,marking  ] GC(9) Concurrent Mark From Roots
[2025-04-08T09:54:55.412-0400][6.795s][info ][gc,task     ] GC(9) Using 6 workers of 6 for marking
[2025-04-08T09:54:55.421-0400][6.804s][info ][gc,marking  ] GC(9) Concurrent Mark From Roots 9.487ms
[2025-04-08T09:54:55.422-0400][6.804s][info ][gc,marking  ] GC(9) Concurrent Preclean
[2025-04-08T09:54:55.422-0400][6.805s][info ][gc,marking  ] GC(9) Concurrent Preclean 0.271ms
[2025-04-08T09:54:55.422-0400][6.805s][debug][safepoint   ] Safepoint synchronization initiated using striped semaphore wait barrier. (24 threads)
[2025-04-08T09:54:55.422-0400][6.805s][info ][gc,start    ] GC(9) Pause Remark
[2025-04-08T09:54:55.425-0400][6.807s][info ][gc          ] GC(9) Pause Remark 62M->62M(512M) 2.754ms
[2025-04-08T09:54:55.425-0400][6.807s][info ][gc,cpu      ] GC(9) User=0.03s Sys=0.00s Real=0.00s
[2025-04-08T09:54:55.425-0400][6.807s][info ][safepoint   ] Safepoint "G1PauseRemark", Time since last: 11232000 ns, Reaching safepoint: 39300 ns, Cleanup: 6400 ns, At safepoint: 2843200 ns, Total: 2888900 ns
[2025-04-08T09:54:55.425-0400][6.807s][info ][gc,marking  ] GC(9) Concurrent Mark 12.851ms
[2025-04-08T09:54:55.425-0400][6.808s][info ][gc,marking  ] GC(9) Concurrent Rebuild Remembered Sets
[2025-04-08T09:54:55.430-0400][6.813s][info ][gc,marking  ] GC(9) Concurrent Rebuild Remembered Sets 5.258ms
[2025-04-08T09:54:55.430-0400][6.813s][debug][safepoint   ] Safepoint synchronization initiated using striped semaphore wait barrier. (24 threads)
[2025-04-08T09:54:55.430-0400][6.813s][info ][gc,start    ] GC(9) Pause Cleanup
[2025-04-08T09:54:55.430-0400][6.813s][info ][gc          ] GC(9) Pause Cleanup 63M->63M(512M) 0.103ms
[2025-04-08T09:54:55.430-0400][6.813s][info ][gc,cpu      ] GC(9) User=0.00s Sys=0.00s Real=0.00s
[2025-04-08T09:54:55.430-0400][6.813s][info ][safepoint   ] Safepoint "G1PauseCleanup", Time since last: 5396500 ns, Reaching safepoint: 52700 ns, Cleanup: 19600 ns, At safepoint: 171700 ns, Total: 244000 ns
[2025-04-08T09:54:55.430-0400][6.813s][info ][gc,marking  ] GC(9) Concurrent Cleanup for Next Mark
[2025-04-08T09:54:55.431-0400][6.814s][info ][gc,marking  ] GC(9) Concurrent Cleanup for Next Mark 0.715ms
[2025-04-08T09:54:55.431-0400][6.814s][info ][gc          ] GC(9) Concurrent Mark Cycle 20.539ms
[2025-04-08T09:54:55.886-0400][7.268s][debug][safepoint   ] Safepoint synchronization initiated using striped semaphore wait barrier. (24 threads)
[2025-04-08T09:54:55.886-0400][7.268s][info ][safepoint   ] Safepoint "ICBufferFull", Time since last: 454536800 ns, Reaching safepoint: 49800 ns, Cleanup: 102900 ns, At safepoint: 7300 ns, Total: 160000 ns
[2025-04-08T09:54:56.588-0400][7.970s][debug][safepoint   ] Safepoint synchronization initiated using striped semaphore wait barrier. (24 threads)
[2025-04-08T09:54:56.588-0400][7.970s][info ][gc,start    ] GC(10) Pause Young (Prepare Mixed) (G1 Evacuation Pause)
[2025-04-08T09:54:56.588-0400][7.970s][info ][gc,task     ] GC(10) Using 12 workers of 23 for evacuation
[2025-04-08T09:54:56.591-0400][7.974s][info ][gc,phases   ] GC(10)   Pre Evacuate Collection Set: 0.1ms
[2025-04-08T09:54:56.591-0400][7.974s][info ][gc,phases   ] GC(10)   Merge Heap Roots: 0.1ms
[2025-04-08T09:54:56.591-0400][7.974s][info ][gc,phases   ] GC(10)   Evacuate Collection Set: 2.9ms
[2025-04-08T09:54:56.592-0400][7.974s][info ][gc,phases   ] GC(10)   Post Evacuate Collection Set: 0.6ms
[2025-04-08T09:54:56.592-0400][7.974s][info ][gc,phases   ] GC(10)   Other: 0.1ms
[2025-04-08T09:54:56.592-0400][7.974s][info ][gc,heap     ] GC(10) Eden regions: 295->0(11)
[2025-04-08T09:54:56.592-0400][7.974s][info ][gc,heap     ] GC(10) Survivor regions: 12->14(39)
[2025-04-08T09:54:56.592-0400][7.974s][info ][gc,heap     ] GC(10) Old regions: 48->48
[2025-04-08T09:54:56.592-0400][7.974s][info ][gc,heap     ] GC(10) Archive regions: 0->0
[2025-04-08T09:54:56.592-0400][7.974s][info ][gc,heap     ] GC(10) Humongous regions: 0->0
[2025-04-08T09:54:56.592-0400][7.974s][info ][gc,metaspace] GC(10) Metaspace: 41121K(41536K)->41121K(41536K) NonClass: 35966K(36160K)->35966K(36160K) Class: 5155K(5376K)->5155K(5376K)
[2025-04-08T09:54:56.592-0400][7.974s][info ][gc          ] GC(10) Pause Young (Prepare Mixed) (G1 Evacuation Pause) 354M->60M(512M) 3.968ms
[2025-04-08T09:54:56.592-0400][7.974s][info ][gc,cpu      ] GC(10) User=0.00s Sys=0.00s Real=0.00s
[2025-04-08T09:54:56.592-0400][7.974s][info ][safepoint   ] Safepoint "G1CollectForAllocation", Time since last: 702439800 ns, Reaching safepoint: 47800 ns, Cleanup: 76900 ns, At safepoint: 4051300 ns, Total: 4176000 ns
[2025-04-08T09:54:56.647-0400][8.030s][debug][safepoint   ] Safepoint synchronization initiated using striped semaphore wait barrier. (24 threads)
[2025-04-08T09:54:56.647-0400][8.030s][info ][gc,start    ] GC(11) Pause Young (Mixed) (G1 Evacuation Pause)
[2025-04-08T09:54:56.647-0400][8.030s][info ][gc,task     ] GC(11) Using 12 workers of 23 for evacuation
[2025-04-08T09:54:56.652-0400][8.035s][info ][gc,phases   ] GC(11)   Pre Evacuate Collection Set: 0.1ms
[2025-04-08T09:54:56.652-0400][8.035s][info ][gc,phases   ] GC(11)   Merge Heap Roots: 0.2ms
[2025-04-08T09:54:56.652-0400][8.035s][info ][gc,phases   ] GC(11)   Evacuate Collection Set: 4.3ms
[2025-04-08T09:54:56.652-0400][8.035s][info ][gc,phases   ] GC(11)   Post Evacuate Collection Set: 0.4ms
[2025-04-08T09:54:56.652-0400][8.035s][info ][gc,phases   ] GC(11)   Other: 0.1ms
[2025-04-08T09:54:56.652-0400][8.035s][info ][gc,heap     ] GC(11) Eden regions: 11->0(305)
[2025-04-08T09:54:56.652-0400][8.035s][info ][gc,heap     ] GC(11) Survivor regions: 14->2(4)
[2025-04-08T09:54:56.652-0400][8.035s][info ][gc,heap     ] GC(11) Old regions: 48->59
[2025-04-08T09:54:56.652-0400][8.035s][info ][gc,heap     ] GC(11) Archive regions: 0->0
[2025-04-08T09:54:56.652-0400][8.035s][info ][gc,heap     ] GC(11) Humongous regions: 0->0
[2025-04-08T09:54:56.652-0400][8.035s][info ][gc,metaspace] GC(11) Metaspace: 41310K(41728K)->41310K(41728K) NonClass: 36129K(36352K)->36129K(36352K) Class: 5181K(5376K)->5181K(5376K)
[2025-04-08T09:54:56.652-0400][8.035s][info ][gc          ] GC(11) Pause Young (Mixed) (G1 Evacuation Pause) 71M->60M(512M) 5.336ms
[2025-04-08T09:54:56.652-0400][8.035s][info ][gc,cpu      ] GC(11) User=0.00s Sys=0.00s Real=0.00s
[2025-04-08T09:54:56.652-0400][8.035s][info ][safepoint   ] Safepoint "G1CollectForAllocation", Time since last: 55223400 ns, Reaching safepoint: 54800 ns, Cleanup: 26600 ns, At safepoint: 5411200 ns, Total: 5492600 ns
[2025-04-08T09:54:57.582-0400][8.965s][debug][safepoint   ] Safepoint synchronization initiated using striped semaphore wait barrier. (20 threads)
[2025-04-08T09:54:57.582-0400][8.965s][info ][safepoint   ] Safepoint "ICBufferFull", Time since last: 929493000 ns, Reaching safepoint: 36900 ns, Cleanup: 95200 ns, At safepoint: 1100 ns, Total: 133200 ns
[2025-04-08T09:54:58.613-0400][9.995s][debug][safepoint   ] Safepoint synchronization initiated using striped semaphore wait barrier. (22 threads)
[2025-04-08T09:54:58.613-0400][9.995s][info ][safepoint   ] Safepoint "ICBufferFull", Time since last: 1030010800 ns, Reaching safepoint: 395600 ns, Cleanup: 132800 ns, At safepoint: 19400 ns, Total: 547800 ns
[2025-04-08T09:54:58.940-0400][10.323s][debug][safepoint   ] Safepoint synchronization initiated using striped semaphore wait barrier. (23 threads)
[2025-04-08T09:54:58.941-0400][10.323s][info ][gc,start    ] GC(12) Pause Young (Normal) (G1 Evacuation Pause)
[2025-04-08T09:54:58.941-0400][10.323s][info ][gc,task     ] GC(12) Using 12 workers of 23 for evacuation
[2025-04-08T09:54:58.944-0400][10.327s][info ][gc,phases   ] GC(12)   Pre Evacuate Collection Set: 0.2ms
[2025-04-08T09:54:58.945-0400][10.327s][info ][gc,phases   ] GC(12)   Merge Heap Roots: 0.2ms
[2025-04-08T09:54:58.945-0400][10.327s][info ][gc,phases   ] GC(12)   Evacuate Collection Set: 2.1ms
[2025-04-08T09:54:58.945-0400][10.327s][info ][gc,phases   ] GC(12)   Post Evacuate Collection Set: 1.2ms
[2025-04-08T09:54:58.945-0400][10.327s][info ][gc,phases   ] GC(12)   Other: 0.1ms
[2025-04-08T09:54:58.945-0400][10.327s][info ][gc,heap     ] GC(12) Eden regions: 305->0(301)
[2025-04-08T09:54:58.945-0400][10.327s][info ][gc,heap     ] GC(12) Survivor regions: 2->6(39)
[2025-04-08T09:54:58.945-0400][10.327s][info ][gc,heap     ] GC(12) Old regions: 59->59
[2025-04-08T09:54:58.945-0400][10.327s][info ][gc,heap     ] GC(12) Archive regions: 0->0
[2025-04-08T09:54:58.945-0400][10.327s][info ][gc,heap     ] GC(12) Humongous regions: 0->0
[2025-04-08T09:54:58.945-0400][10.327s][info ][gc,metaspace] GC(12) Metaspace: 49113K(49536K)->49113K(49536K) NonClass: 42868K(43072K)->42868K(43072K) Class: 6245K(6464K)->6245K(6464K)
[2025-04-08T09:54:58.945-0400][10.327s][info ][gc          ] GC(12) Pause Young (Normal) (G1 Evacuation Pause) 365M->64M(512M) 4.033ms
[2025-04-08T09:54:58.945-0400][10.327s][info ][gc,cpu      ] GC(12) User=0.00s Sys=0.00s Real=0.00s
[2025-04-08T09:54:58.945-0400][10.327s][info ][safepoint   ] Safepoint "G1CollectForAllocation", Time since last: 327342799 ns, Reaching safepoint: 52601 ns, Cleanup: 44400 ns, At safepoint: 4108800 ns, Total: 4205801 ns
[2025-04-08T09:55:00.043-0400][11.425s][debug][safepoint   ] Safepoint synchronization initiated using striped semaphore wait barrier. (26 threads)
[2025-04-08T09:55:00.043-0400][11.425s][info ][safepoint   ] Safepoint "Cleanup", Time since last: 1098202300 ns, Reaching safepoint: 57500 ns, Cleanup: 127600 ns, At safepoint: 15099 ns, Total: 200199 ns
[2025-04-08T09:55:01.302-0400][12.684s][debug][safepoint   ] Safepoint synchronization initiated using striped semaphore wait barrier. (19 threads)
[2025-04-08T09:55:01.302-0400][12.684s][info ][safepoint   ] Safepoint "Cleanup", Time since last: 1258270001 ns, Reaching safepoint: 45700 ns, Cleanup: 59900 ns, At safepoint: 1600 ns, Total: 107200 ns
[2025-04-08T09:55:02.363-0400][13.745s][debug][safepoint   ] Safepoint synchronization initiated using striped semaphore wait barrier. (25 threads)
[2025-04-08T09:55:02.363-0400][13.745s][info ][safepoint   ] Safepoint "ICBufferFull", Time since last: 1061298900 ns, Reaching safepoint: 46800 ns, Cleanup: 129100 ns, At safepoint: 8300 ns, Total: 184200 ns
[2025-04-08T09:55:03.465-0400][14.847s][debug][safepoint   ] Safepoint synchronization initiated using striped semaphore wait barrier. (28 threads)
[2025-04-08T09:55:03.465-0400][14.847s][info ][safepoint   ] Safepoint "Cleanup", Time since last: 1101898700 ns, Reaching safepoint: 38200 ns, Cleanup: 55500 ns, At safepoint: 6200 ns, Total: 99900 ns
[2025-04-08T09:55:03.721-0400][15.104s][debug][safepoint   ] Safepoint synchronization initiated using striped semaphore wait barrier. (19 threads)
[2025-04-08T09:55:03.721-0400][15.104s][info ][gc,start    ] GC(13) Pause Young (Normal) (G1 Evacuation Pause)
[2025-04-08T09:55:03.721-0400][15.104s][info ][gc,task     ] GC(13) Using 12 workers of 23 for evacuation
[2025-04-08T09:55:03.725-0400][15.107s][info ][gc,phases   ] GC(13)   Pre Evacuate Collection Set: 0.1ms
[2025-04-08T09:55:03.725-0400][15.107s][info ][gc,phases   ] GC(13)   Merge Heap Roots: 0.1ms
[2025-04-08T09:55:03.725-0400][15.107s][info ][gc,phases   ] GC(13)   Evacuate Collection Set: 2.3ms
[2025-04-08T09:55:03.725-0400][15.107s][info ][gc,phases   ] GC(13)   Post Evacuate Collection Set: 0.8ms
[2025-04-08T09:55:03.725-0400][15.108s][info ][gc,phases   ] GC(13)   Other: 0.1ms
[2025-04-08T09:55:03.725-0400][15.108s][info ][gc,heap     ] GC(13) Eden regions: 301->0(297)
[2025-04-08T09:55:03.725-0400][15.108s][info ][gc,heap     ] GC(13) Survivor regions: 6->10(39)
[2025-04-08T09:55:03.725-0400][15.108s][info ][gc,heap     ] GC(13) Old regions: 59->59
[2025-04-08T09:55:03.725-0400][15.108s][info ][gc,heap     ] GC(13) Archive regions: 0->0
[2025-04-08T09:55:03.725-0400][15.108s][info ][gc,heap     ] GC(13) Humongous regions: 0->0
[2025-04-08T09:55:03.725-0400][15.108s][info ][gc,metaspace] GC(13) Metaspace: 59371K(59840K)->59371K(59840K) NonClass: 51855K(52096K)->51855K(52096K) Class: 7515K(7744K)->7515K(7744K)
[2025-04-08T09:55:03.725-0400][15.108s][info ][gc          ] GC(13) Pause Young (Normal) (G1 Evacuation Pause) 365M->68M(512M) 3.504ms
[2025-04-08T09:55:03.725-0400][15.108s][info ][gc,cpu      ] GC(13) User=0.00s Sys=0.00s Real=0.00s
[2025-04-08T09:55:03.725-0400][15.108s][info ][safepoint   ] Safepoint "G1CollectForAllocation", Time since last: 256869300 ns, Reaching safepoint: 29600 ns, Cleanup: 33000 ns, At safepoint: 3554900 ns, Total: 3617500 ns
[2025-04-08T09:55:03.798-0400][15.181s][debug][safepoint   ] Safepoint synchronization initiated using striped semaphore wait barrier. (19 threads)
[2025-04-08T09:55:03.798-0400][15.181s][info ][gc,start    ] GC(14) Pause Young (Concurrent Start) (Metadata GC Threshold)
[2025-04-08T09:55:03.799-0400][15.181s][info ][gc,task     ] GC(14) Using 12 workers of 23 for evacuation
[2025-04-08T09:55:03.803-0400][15.185s][info ][gc,phases   ] GC(14)   Pre Evacuate Collection Set: 0.3ms
[2025-04-08T09:55:03.803-0400][15.185s][info ][gc,phases   ] GC(14)   Merge Heap Roots: 0.2ms
[2025-04-08T09:55:03.803-0400][15.185s][info ][gc,phases   ] GC(14)   Evacuate Collection Set: 2.4ms
[2025-04-08T09:55:03.803-0400][15.185s][info ][gc,phases   ] GC(14)   Post Evacuate Collection Set: 1.1ms
[2025-04-08T09:55:03.803-0400][15.185s][info ][gc,phases   ] GC(14)   Other: 0.1ms
[2025-04-08T09:55:03.803-0400][15.185s][info ][gc,heap     ] GC(14) Eden regions: 27->0(296)
[2025-04-08T09:55:03.803-0400][15.185s][info ][gc,heap     ] GC(14) Survivor regions: 10->11(39)
[2025-04-08T09:55:03.803-0400][15.185s][info ][gc,heap     ] GC(14) Old regions: 59->59
[2025-04-08T09:55:03.803-0400][15.185s][info ][gc,heap     ] GC(14) Archive regions: 0->0
[2025-04-08T09:55:03.803-0400][15.185s][info ][gc,heap     ] GC(14) Humongous regions: 0->0
[2025-04-08T09:55:03.803-0400][15.185s][info ][gc,metaspace] GC(14) Metaspace: 59855K(60288K)->59855K(60288K) NonClass: 52269K(52480K)->52269K(52480K) Class: 7586K(7808K)->7586K(7808K)
[2025-04-08T09:55:03.803-0400][15.185s][info ][gc          ] GC(14) Pause Young (Concurrent Start) (Metadata GC Threshold) 95M->68M(512M) 4.225ms
[2025-04-08T09:55:03.803-0400][15.185s][info ][gc,cpu      ] GC(14) User=0.03s Sys=0.00s Real=0.00s
[2025-04-08T09:55:03.803-0400][15.185s][info ][safepoint   ] Safepoint "CollectForMetadataAllocation", Time since last: 73394500 ns, Reaching safepoint: 43100 ns, Cleanup: 10600 ns, At safepoint: 4298800 ns, Total: 4352500 ns
[2025-04-08T09:55:03.803-0400][15.185s][info ][gc          ] GC(15) Concurrent Mark Cycle
[2025-04-08T09:55:03.803-0400][15.185s][info ][gc,marking  ] GC(15) Concurrent Clear Claimed Marks
[2025-04-08T09:55:03.803-0400][15.185s][info ][gc,marking  ] GC(15) Concurrent Clear Claimed Marks 0.035ms
[2025-04-08T09:55:03.803-0400][15.185s][info ][gc,marking  ] GC(15) Concurrent Scan Root Regions
[2025-04-08T09:55:03.804-0400][15.187s][info ][gc,marking  ] GC(15) Concurrent Scan Root Regions 1.323ms
[2025-04-08T09:55:03.804-0400][15.187s][info ][gc,marking  ] GC(15) Concurrent Mark
[2025-04-08T09:55:03.804-0400][15.187s][info ][gc,marking  ] GC(15) Concurrent Mark From Roots
[2025-04-08T09:55:03.804-0400][15.187s][info ][gc,task     ] GC(15) Using 6 workers of 6 for marking
[2025-04-08T09:55:03.816-0400][15.199s][info ][gc,marking  ] GC(15) Concurrent Mark From Roots 11.749ms
[2025-04-08T09:55:03.816-0400][15.199s][info ][gc,marking  ] GC(15) Concurrent Preclean
[2025-04-08T09:55:03.816-0400][15.199s][info ][gc,marking  ] GC(15) Concurrent Preclean 0.138ms
[2025-04-08T09:55:03.816-0400][15.199s][debug][safepoint   ] Safepoint synchronization initiated using striped semaphore wait barrier. (19 threads)
[2025-04-08T09:55:03.816-0400][15.199s][info ][gc,start    ] GC(15) Pause Remark
[2025-04-08T09:55:03.822-0400][15.204s][info ][gc          ] GC(15) Pause Remark 70M->70M(512M) 5.300ms
[2025-04-08T09:55:03.822-0400][15.204s][info ][gc,cpu      ] GC(15) User=0.00s Sys=0.00s Real=0.01s
[2025-04-08T09:55:03.822-0400][15.204s][info ][safepoint   ] Safepoint "G1PauseRemark", Time since last: 13434100 ns, Reaching safepoint: 17500 ns, Cleanup: 6800 ns, At safepoint: 5369300 ns, Total: 5393600 ns
[2025-04-08T09:55:03.822-0400][15.204s][info ][gc,marking  ] GC(15) Concurrent Mark 17.352ms
[2025-04-08T09:55:03.822-0400][15.204s][info ][gc,marking  ] GC(15) Concurrent Rebuild Remembered Sets
[2025-04-08T09:55:03.829-0400][15.211s][info ][gc,marking  ] GC(15) Concurrent Rebuild Remembered Sets 6.542ms
[2025-04-08T09:55:03.829-0400][15.211s][debug][safepoint   ] Safepoint synchronization initiated using striped semaphore wait barrier. (19 threads)
[2025-04-08T09:55:03.829-0400][15.211s][info ][gc,start    ] GC(15) Pause Cleanup
[2025-04-08T09:55:03.829-0400][15.211s][info ][gc          ] GC(15) Pause Cleanup 71M->71M(512M) 0.391ms
[2025-04-08T09:55:03.829-0400][15.211s][info ][gc,cpu      ] GC(15) User=0.00s Sys=0.00s Real=0.00s
[2025-04-08T09:55:03.829-0400][15.211s][info ][safepoint   ] Safepoint "G1PauseCleanup", Time since last: 6636500 ns, Reaching safepoint: 38000 ns, Cleanup: 2500 ns, At safepoint: 467700 ns, Total: 508200 ns
[2025-04-08T09:55:03.829-0400][15.211s][info ][gc,marking  ] GC(15) Concurrent Cleanup for Next Mark
[2025-04-08T09:55:03.830-0400][15.212s][info ][gc,marking  ] GC(15) Concurrent Cleanup for Next Mark 0.311ms
[2025-04-08T09:55:03.830-0400][15.212s][info ][gc          ] GC(15) Concurrent Mark Cycle 26.352ms
[2025-04-08T09:55:04.925-0400][16.307s][debug][safepoint   ] Safepoint synchronization initiated using striped semaphore wait barrier. (32 threads)
[2025-04-08T09:55:04.926-0400][16.308s][info ][safepoint   ] Safepoint "ICBufferFull", Time since last: 1095670500 ns, Reaching safepoint: 74600 ns, Cleanup: 677300 ns, At safepoint: 28300 ns, Total: 780200 ns
[2025-04-08T09:55:05.721-0400][17.103s][debug][safepoint   ] Safepoint synchronization initiated using striped semaphore wait barrier. (29 threads)
[2025-04-08T09:55:05.721-0400][17.103s][info ][gc,start    ] GC(16) Pause Young (Prepare Mixed) (G1 Evacuation Pause)
[2025-04-08T09:55:05.721-0400][17.103s][info ][gc,task     ] GC(16) Using 12 workers of 23 for evacuation
[2025-04-08T09:55:05.725-0400][17.107s][info ][gc,phases   ] GC(16)   Pre Evacuate Collection Set: 0.2ms
[2025-04-08T09:55:05.725-0400][17.107s][info ][gc,phases   ] GC(16)   Merge Heap Roots: 0.2ms
[2025-04-08T09:55:05.725-0400][17.107s][info ][gc,phases   ] GC(16)   Evacuate Collection Set: 2.3ms
[2025-04-08T09:55:05.725-0400][17.107s][info ][gc,phases   ] GC(16)   Post Evacuate Collection Set: 1.5ms
[2025-04-08T09:55:05.725-0400][17.107s][info ][gc,phases   ] GC(16)   Other: 0.1ms
[2025-04-08T09:55:05.725-0400][17.107s][info ][gc,heap     ] GC(16) Eden regions: 296->0(12)
[2025-04-08T09:55:05.725-0400][17.107s][info ][gc,heap     ] GC(16) Survivor regions: 11->13(39)
[2025-04-08T09:55:05.725-0400][17.107s][info ][gc,heap     ] GC(16) Old regions: 59->59
[2025-04-08T09:55:05.725-0400][17.107s][info ][gc,heap     ] GC(16) Archive regions: 0->0
[2025-04-08T09:55:05.725-0400][17.107s][info ][gc,heap     ] GC(16) Humongous regions: 0->0
[2025-04-08T09:55:05.726-0400][17.107s][info ][gc,metaspace] GC(16) Metaspace: 67045K(67520K)->67045K(67520K) NonClass: 58487K(58752K)->58487K(58752K) Class: 8557K(8768K)->8557K(8768K)
[2025-04-08T09:55:05.726-0400][17.107s][info ][gc          ] GC(16) Pause Young (Prepare Mixed) (G1 Evacuation Pause) 364M->70M(512M) 4.467ms
[2025-04-08T09:55:05.726-0400][17.107s][info ][gc,cpu      ] GC(16) User=0.00s Sys=0.00s Real=0.01s
[2025-04-08T09:55:05.726-0400][17.107s][info ][safepoint   ] Safepoint "G1CollectForAllocation", Time since last: 795108500 ns, Reaching safepoint: 29900 ns, Cleanup: 30200 ns, At safepoint: 4524100 ns, Total: 4584200 ns
[2025-04-08T09:55:05.766-0400][17.148s][debug][safepoint   ] Safepoint synchronization initiated using striped semaphore wait barrier. (25 threads)
[2025-04-08T09:55:05.766-0400][17.148s][info ][gc,start    ] GC(17) Pause Young (Mixed) (G1 Evacuation Pause)
[2025-04-08T09:55:05.766-0400][17.148s][info ][gc,task     ] GC(17) Using 12 workers of 23 for evacuation
[2025-04-08T09:55:05.772-0400][17.154s][info ][gc,phases   ] GC(17)   Pre Evacuate Collection Set: 0.2ms
[2025-04-08T09:55:05.772-0400][17.154s][info ][gc,phases   ] GC(17)   Merge Heap Roots: 0.3ms
[2025-04-08T09:55:05.772-0400][17.154s][info ][gc,phases   ] GC(17)   Evacuate Collection Set: 4.0ms
[2025-04-08T09:55:05.772-0400][17.154s][info ][gc,phases   ] GC(17)   Post Evacuate Collection Set: 0.9ms
[2025-04-08T09:55:05.772-0400][17.154s][info ][gc,phases   ] GC(17)   Other: 0.1ms
[2025-04-08T09:55:05.772-0400][17.154s][info ][gc,heap     ] GC(17) Eden regions: 12->0(305)
[2025-04-08T09:55:05.772-0400][17.154s][info ][gc,heap     ] GC(17) Survivor regions: 13->2(4)
[2025-04-08T09:55:05.772-0400][17.154s][info ][gc,heap     ] GC(17) Old regions: 59->69
[2025-04-08T09:55:05.772-0400][17.154s][info ][gc,heap     ] GC(17) Archive regions: 0->0
[2025-04-08T09:55:05.772-0400][17.154s][info ][gc,heap     ] GC(17) Humongous regions: 0->0
[2025-04-08T09:55:05.772-0400][17.154s][info ][gc,metaspace] GC(17) Metaspace: 67602K(68096K)->67602K(68096K) NonClass: 58965K(59264K)->58965K(59264K) Class: 8637K(8832K)->8637K(8832K)
[2025-04-08T09:55:05.772-0400][17.154s][info ][gc          ] GC(17) Pause Young (Mixed) (G1 Evacuation Pause) 82M->70M(512M) 5.643ms
[2025-04-08T09:55:05.772-0400][17.154s][info ][gc,cpu      ] GC(17) User=0.14s Sys=0.05s Real=0.01s
[2025-04-08T09:55:05.772-0400][17.154s][info ][safepoint   ] Safepoint "G1CollectForAllocation", Time since last: 40716300 ns, Reaching safepoint: 34700 ns, Cleanup: 11000 ns, At safepoint: 5702900 ns, Total: 5748600 ns
[2025-04-08T09:55:06.230-0400][17.613s][debug][safepoint   ] Safepoint synchronization initiated using striped semaphore wait barrier. (26 threads)
[2025-04-08T09:55:06.230-0400][17.613s][info ][safepoint   ] Safepoint "ICBufferFull", Time since last: 458715800 ns, Reaching safepoint: 32100 ns, Cleanup: 61300 ns, At safepoint: 1100 ns, Total: 94500 ns
[2025-04-08T09:55:06.569-0400][17.951s][debug][safepoint   ] Safepoint synchronization initiated using striped semaphore wait barrier. (26 threads)
[2025-04-08T09:55:06.569-0400][17.951s][info ][safepoint   ] Safepoint "ICBufferFull", Time since last: 338381200 ns, Reaching safepoint: 44300 ns, Cleanup: 72600 ns, At safepoint: 16000 ns, Total: 132900 ns
[2025-04-08T09:55:07.204-0400][18.586s][debug][safepoint   ] Safepoint synchronization initiated using striped semaphore wait barrier. (23 threads)
[2025-04-08T09:55:07.204-0400][18.586s][info ][safepoint   ] Safepoint "ICBufferFull", Time since last: 634794700 ns, Reaching safepoint: 34600 ns, Cleanup: 75200 ns, At safepoint: 6600 ns, Total: 116400 ns
[2025-04-08T09:55:07.476-0400][18.858s][debug][safepoint   ] Safepoint synchronization initiated using striped semaphore wait barrier. (32 threads)
[2025-04-08T09:55:07.476-0400][18.858s][info ][gc,start    ] GC(18) Pause Young (Normal) (G1 Evacuation Pause)
[2025-04-08T09:55:07.476-0400][18.858s][info ][gc,task     ] GC(18) Using 12 workers of 23 for evacuation
[2025-04-08T09:55:07.479-0400][18.861s][info ][gc,phases   ] GC(18)   Pre Evacuate Collection Set: 0.2ms
[2025-04-08T09:55:07.479-0400][18.861s][info ][gc,phases   ] GC(18)   Merge Heap Roots: 0.1ms
[2025-04-08T09:55:07.479-0400][18.861s][info ][gc,phases   ] GC(18)   Evacuate Collection Set: 1.6ms
[2025-04-08T09:55:07.479-0400][18.861s][info ][gc,phases   ] GC(18)   Post Evacuate Collection Set: 0.8ms
[2025-04-08T09:55:07.479-0400][18.861s][info ][gc,phases   ] GC(18)   Other: 0.1ms
[2025-04-08T09:55:07.479-0400][18.861s][info ][gc,heap     ] GC(18) Eden regions: 305->0(301)
[2025-04-08T09:55:07.479-0400][18.861s][info ][gc,heap     ] GC(18) Survivor regions: 2->6(39)
[2025-04-08T09:55:07.479-0400][18.861s][info ][gc,heap     ] GC(18) Old regions: 69->69
[2025-04-08T09:55:07.479-0400][18.861s][info ][gc,heap     ] GC(18) Archive regions: 0->0
[2025-04-08T09:55:07.479-0400][18.861s][info ][gc,heap     ] GC(18) Humongous regions: 0->0
[2025-04-08T09:55:07.479-0400][18.861s][info ][gc,metaspace] GC(18) Metaspace: 74143K(74624K)->74143K(74624K) NonClass: 64760K(65024K)->64760K(65024K) Class: 9383K(9600K)->9383K(9600K)
[2025-04-08T09:55:07.479-0400][18.861s][info ][gc          ] GC(18) Pause Young (Normal) (G1 Evacuation Pause) 375M->74M(512M) 3.013ms
[2025-04-08T09:55:07.479-0400][18.861s][info ][gc,cpu      ] GC(18) User=0.00s Sys=0.00s Real=0.00s
[2025-04-08T09:55:07.479-0400][18.861s][info ][safepoint   ] Safepoint "G1CollectForAllocation", Time since last: 272008800 ns, Reaching safepoint: 109500 ns, Cleanup: 82200 ns, At safepoint: 3071100 ns, Total: 3262800 ns
[2025-04-08T09:55:08.168-0400][19.551s][debug][safepoint   ] Safepoint synchronization initiated using striped semaphore wait barrier. (27 threads)
[2025-04-08T09:55:08.169-0400][19.551s][info ][safepoint   ] Safepoint "ICBufferFull", Time since last: 689507500 ns, Reaching safepoint: 25700 ns, Cleanup: 61000 ns, At safepoint: 3500 ns, Total: 90200 ns
[2025-04-08T09:55:08.323-0400][19.706s][debug][safepoint   ] Safepoint synchronization initiated using striped semaphore wait barrier. (27 threads)
[2025-04-08T09:55:08.323-0400][19.706s][info ][safepoint   ] Safepoint "ICBufferFull", Time since last: 154651400 ns, Reaching safepoint: 45600 ns, Cleanup: 80000 ns, At safepoint: 11700 ns, Total: 137300 ns
[2025-04-08T09:55:08.443-0400][19.825s][debug][safepoint   ] Safepoint synchronization initiated using striped semaphore wait barrier. (32 threads)
[2025-04-08T09:55:08.443-0400][19.825s][info ][safepoint   ] Safepoint "ICBufferFull", Time since last: 119384500 ns, Reaching safepoint: 112100 ns, Cleanup: 137800 ns, At safepoint: 9900 ns, Total: 259800 ns
[2025-04-08T09:55:08.503-0400][19.885s][debug][safepoint   ] Safepoint synchronization initiated using striped semaphore wait barrier. (32 threads)
[2025-04-08T09:55:08.503-0400][19.885s][info ][gc,start    ] GC(19) Pause Young (Normal) (G1 Evacuation Pause)
[2025-04-08T09:55:08.503-0400][19.885s][info ][gc,task     ] GC(19) Using 12 workers of 23 for evacuation
[2025-04-08T09:55:08.510-0400][19.893s][info ][gc,phases   ] GC(19)   Pre Evacuate Collection Set: 0.3ms
[2025-04-08T09:55:08.510-0400][19.893s][info ][gc,phases   ] GC(19)   Merge Heap Roots: 0.2ms
[2025-04-08T09:55:08.510-0400][19.893s][info ][gc,phases   ] GC(19)   Evacuate Collection Set: 6.0ms
[2025-04-08T09:55:08.510-0400][19.893s][info ][gc,phases   ] GC(19)   Post Evacuate Collection Set: 1.0ms
[2025-04-08T09:55:08.510-0400][19.893s][info ][gc,phases   ] GC(19)   Other: 0.2ms
[2025-04-08T09:55:08.511-0400][19.893s][info ][gc,heap     ] GC(19) Eden regions: 301->0(299)
[2025-04-08T09:55:08.511-0400][19.893s][info ][gc,heap     ] GC(19) Survivor regions: 6->8(39)
[2025-04-08T09:55:08.511-0400][19.893s][info ][gc,heap     ] GC(19) Old regions: 69->69
[2025-04-08T09:55:08.511-0400][19.893s][info ][gc,heap     ] GC(19) Archive regions: 0->0
[2025-04-08T09:55:08.511-0400][19.893s][info ][gc,heap     ] GC(19) Humongous regions: 0->0
[2025-04-08T09:55:08.511-0400][19.893s][info ][gc,metaspace] GC(19) Metaspace: 81338K(81920K)->81338K(81920K) NonClass: 70783K(71104K)->70783K(71104K) Class: 10554K(10816K)->10554K(10816K)
[2025-04-08T09:55:08.511-0400][19.893s][info ][gc          ] GC(19) Pause Young (Normal) (G1 Evacuation Pause) 375M->76M(512M) 7.741ms
[2025-04-08T09:55:08.511-0400][19.893s][info ][gc,cpu      ] GC(19) User=0.00s Sys=0.00s Real=0.01s
[2025-04-08T09:55:08.511-0400][19.893s][info ][safepoint   ] Safepoint "G1CollectForAllocation", Time since last: 59230700 ns, Reaching safepoint: 66000 ns, Cleanup: 68300 ns, At safepoint: 7879700 ns, Total: 8014000 ns
[2025-04-08T09:55:08.659-0400][20.041s][debug][safepoint   ] Safepoint synchronization initiated using striped semaphore wait barrier. (32 threads)
[2025-04-08T09:55:08.659-0400][20.041s][info ][safepoint   ] Safepoint "ICBufferFull", Time since last: 147879700 ns, Reaching safepoint: 36600 ns, Cleanup: 62500 ns, At safepoint: 5600 ns, Total: 104700 ns
[2025-04-08T09:55:08.880-0400][20.262s][debug][safepoint   ] Safepoint synchronization initiated using striped semaphore wait barrier. (32 threads)
[2025-04-08T09:55:08.885-0400][20.267s][info ][safepoint   ] Safepoint "ICBufferFull", Time since last: 221701900 ns, Reaching safepoint: 4737300 ns, Cleanup: 98400 ns, At safepoint: 15300 ns, Total: 4851000 ns
[2025-04-08T09:55:09.067-0400][20.449s][debug][safepoint   ] Safepoint synchronization initiated using striped semaphore wait barrier. (32 threads)
[2025-04-08T09:55:09.067-0400][20.449s][info ][safepoint   ] Safepoint "ICBufferFull", Time since last: 181472900 ns, Reaching safepoint: 66500 ns, Cleanup: 80400 ns, At safepoint: 2900 ns, Total: 149800 ns
[2025-04-08T09:55:09.492-0400][20.874s][debug][safepoint   ] Safepoint synchronization initiated using striped semaphore wait barrier. (31 threads)
[2025-04-08T09:55:09.492-0400][20.875s][info ][safepoint   ] Safepoint "ICBufferFull", Time since last: 425353500 ns, Reaching safepoint: 261000 ns, Cleanup: 86900 ns, At safepoint: 4100 ns, Total: 352000 ns
[2025-04-08T09:55:09.891-0400][21.274s][debug][safepoint   ] Safepoint synchronization initiated using striped semaphore wait barrier. (26 threads)
[2025-04-08T09:55:09.891-0400][21.274s][info ][safepoint   ] Safepoint "ICBufferFull", Time since last: 398945500 ns, Reaching safepoint: 31100 ns, Cleanup: 72300 ns, At safepoint: 6700 ns, Total: 110100 ns
[2025-04-08T09:55:10.245-0400][21.627s][debug][safepoint   ] Safepoint synchronization initiated using striped semaphore wait barrier. (29 threads)
[2025-04-08T09:55:10.245-0400][21.627s][info ][gc,start    ] GC(20) Pause Young (Normal) (G1 Evacuation Pause)
[2025-04-08T09:55:10.245-0400][21.627s][info ][gc,task     ] GC(20) Using 12 workers of 23 for evacuation
[2025-04-08T09:55:10.252-0400][21.634s][info ][gc,phases   ] GC(20)   Pre Evacuate Collection Set: 0.2ms
[2025-04-08T09:55:10.252-0400][21.634s][info ][gc,phases   ] GC(20)   Merge Heap Roots: 0.2ms
[2025-04-08T09:55:10.252-0400][21.634s][info ][gc,phases   ] GC(20)   Evacuate Collection Set: 5.1ms
[2025-04-08T09:55:10.252-0400][21.634s][info ][gc,phases   ] GC(20)   Post Evacuate Collection Set: 0.9ms
[2025-04-08T09:55:10.252-0400][21.634s][info ][gc,phases   ] GC(20)   Other: 0.1ms
[2025-04-08T09:55:10.252-0400][21.634s][info ][gc,heap     ] GC(20) Eden regions: 299->0(295)
[2025-04-08T09:55:10.252-0400][21.634s][info ][gc,heap     ] GC(20) Survivor regions: 8->12(39)
[2025-04-08T09:55:10.252-0400][21.634s][info ][gc,heap     ] GC(20) Old regions: 69->69
[2025-04-08T09:55:10.252-0400][21.634s][info ][gc,heap     ] GC(20) Archive regions: 0->0
[2025-04-08T09:55:10.252-0400][21.634s][info ][gc,heap     ] GC(20) Humongous regions: 0->0
[2025-04-08T09:55:10.252-0400][21.634s][info ][gc,metaspace] GC(20) Metaspace: 86345K(86912K)->86345K(86912K) NonClass: 75167K(75456K)->75167K(75456K) Class: 11178K(11456K)->11178K(11456K)
[2025-04-08T09:55:10.252-0400][21.634s][info ][gc          ] GC(20) Pause Young (Normal) (G1 Evacuation Pause) 375M->79M(512M) 6.661ms
[2025-04-08T09:55:10.252-0400][21.634s][info ][gc,cpu      ] GC(20) User=0.00s Sys=0.00s Real=0.01s
[2025-04-08T09:55:10.252-0400][21.634s][info ][safepoint   ] Safepoint "G1CollectForAllocation", Time since last: 353582400 ns, Reaching safepoint: 35100 ns, Cleanup: 48300 ns, At safepoint: 6731800 ns, Total: 6815200 ns
[2025-04-08T09:55:11.267-0400][22.649s][debug][safepoint   ] Safepoint synchronization initiated using striped semaphore wait barrier. (31 threads)
[2025-04-08T09:55:11.282-0400][22.664s][info ][safepoint   ] Safepoint "Cleanup", Time since last: 1014728400 ns, Reaching safepoint: 14862600 ns, Cleanup: 140400 ns, At safepoint: 17100 ns, Total: 15020100 ns
[2025-04-08T09:55:12.205-0400][23.588s][debug][safepoint   ] Safepoint synchronization initiated using striped semaphore wait barrier. (36 threads)
[2025-04-08T09:55:12.206-0400][23.588s][info ][safepoint   ] Safepoint "ICBufferFull", Time since last: 924015300 ns, Reaching safepoint: 55900 ns, Cleanup: 119700 ns, At safepoint: 4200 ns, Total: 179800 ns
[2025-04-08T09:55:12.977-0400][24.360s][debug][safepoint   ] Safepoint synchronization initiated using striped semaphore wait barrier. (36 threads)
[2025-04-08T09:55:12.978-0400][24.360s][info ][gc,start    ] GC(21) Pause Young (Normal) (G1 Evacuation Pause)
[2025-04-08T09:55:12.978-0400][24.360s][info ][gc,task     ] GC(21) Using 12 workers of 23 for evacuation
[2025-04-08T09:55:12.987-0400][24.369s][info ][gc,phases   ] GC(21)   Pre Evacuate Collection Set: 0.2ms
[2025-04-08T09:55:12.987-0400][24.369s][info ][gc,phases   ] GC(21)   Merge Heap Roots: 0.3ms
[2025-04-08T09:55:12.987-0400][24.369s][info ][gc,phases   ] GC(21)   Evacuate Collection Set: 7.4ms
[2025-04-08T09:55:12.987-0400][24.369s][info ][gc,phases   ] GC(21)   Post Evacuate Collection Set: 1.2ms
[2025-04-08T09:55:12.987-0400][24.369s][info ][gc,phases   ] GC(21)   Other: 0.1ms
[2025-04-08T09:55:12.987-0400][24.369s][info ][gc,heap     ] GC(21) Eden regions: 295->0(288)
[2025-04-08T09:55:12.987-0400][24.369s][info ][gc,heap     ] GC(21) Survivor regions: 12->19(39)
[2025-04-08T09:55:12.987-0400][24.370s][info ][gc,heap     ] GC(21) Old regions: 69->69
[2025-04-08T09:55:12.987-0400][24.370s][info ][gc,heap     ] GC(21) Archive regions: 0->0
[2025-04-08T09:55:12.987-0400][24.370s][info ][gc,heap     ] GC(21) Humongous regions: 0->0
[2025-04-08T09:55:12.987-0400][24.370s][info ][gc,metaspace] GC(21) Metaspace: 91501K(92096K)->91501K(92096K) NonClass: 79913K(80192K)->79913K(80192K) Class: 11588K(11904K)->11588K(11904K)
[2025-04-08T09:55:12.987-0400][24.370s][info ][gc          ] GC(21) Pause Young (Normal) (G1 Evacuation Pause) 374M->87M(512M) 9.373ms
[2025-04-08T09:55:12.987-0400][24.370s][info ][gc,cpu      ] GC(21) User=0.03s Sys=0.02s Real=0.01s
[2025-04-08T09:55:12.988-0400][24.370s][info ][safepoint   ] Safepoint "G1CollectForAllocation", Time since last: 772063400 ns, Reaching safepoint: 69700 ns, Cleanup: 60500 ns, At safepoint: 9441500 ns, Total: 9571700 ns
[2025-04-08T09:55:14.117-0400][25.499s][debug][safepoint   ] Safepoint synchronization initiated using striped semaphore wait barrier. (32 threads)
[2025-04-08T09:55:14.117-0400][25.499s][info ][safepoint   ] Safepoint "ICBufferFull", Time since last: 1129071300 ns, Reaching safepoint: 44500 ns, Cleanup: 85700 ns, At safepoint: 5200 ns, Total: 135400 ns
[2025-04-08T09:55:14.561-0400][25.943s][debug][safepoint   ] Safepoint synchronization initiated using striped semaphore wait barrier. (36 threads)
[2025-04-08T09:55:14.561-0400][25.943s][info ][safepoint   ] Safepoint "ICBufferFull", Time since last: 444340300 ns, Reaching safepoint: 35400 ns, Cleanup: 74300 ns, At safepoint: 5800 ns, Total: 115500 ns
[2025-04-08T09:55:14.698-0400][26.080s][debug][safepoint   ] Safepoint synchronization initiated using striped semaphore wait barrier. (36 threads)
[2025-04-08T09:55:14.698-0400][26.080s][info ][gc,start    ] GC(22) Pause Young (Normal) (G1 Evacuation Pause)
[2025-04-08T09:55:14.698-0400][26.080s][info ][gc,task     ] GC(22) Using 12 workers of 23 for evacuation
[2025-04-08T09:55:14.705-0400][26.086s][info ][gc,phases   ] GC(22)   Pre Evacuate Collection Set: 0.2ms
[2025-04-08T09:55:14.705-0400][26.087s][info ][gc,phases   ] GC(22)   Merge Heap Roots: 0.1ms
[2025-04-08T09:55:14.705-0400][26.087s][info ][gc,phases   ] GC(22)   Evacuate Collection Set: 4.7ms
[2025-04-08T09:55:14.705-0400][26.087s][info ][gc,phases   ] GC(22)   Post Evacuate Collection Set: 1.0ms
[2025-04-08T09:55:14.705-0400][26.087s][info ][gc,phases   ] GC(22)   Other: 0.1ms
[2025-04-08T09:55:14.705-0400][26.087s][info ][gc,heap     ] GC(22) Eden regions: 288->0(282)
[2025-04-08T09:55:14.705-0400][26.087s][info ][gc,heap     ] GC(22) Survivor regions: 19->25(39)
[2025-04-08T09:55:14.705-0400][26.087s][info ][gc,heap     ] GC(22) Old regions: 69->69
[2025-04-08T09:55:14.705-0400][26.087s][info ][gc,heap     ] GC(22) Archive regions: 0->0
[2025-04-08T09:55:14.705-0400][26.087s][info ][gc,heap     ] GC(22) Humongous regions: 0->0
[2025-04-08T09:55:14.705-0400][26.087s][info ][gc,metaspace] GC(22) Metaspace: 97627K(98240K)->97627K(98240K) NonClass: 84951K(85248K)->84951K(85248K) Class: 12676K(12992K)->12676K(12992K)
[2025-04-08T09:55:14.705-0400][26.087s][info ][gc          ] GC(22) Pause Young (Normal) (G1 Evacuation Pause) 375M->93M(512M) 6.270ms
[2025-04-08T09:55:14.705-0400][26.087s][info ][gc,cpu      ] GC(22) User=0.00s Sys=0.00s Real=0.01s
[2025-04-08T09:55:14.705-0400][26.087s][info ][safepoint   ] Safepoint "G1CollectForAllocation", Time since last: 136973300 ns, Reaching safepoint: 50300 ns, Cleanup: 35400 ns, At safepoint: 6326500 ns, Total: 6412200 ns
[2025-04-08T09:55:15.115-0400][26.497s][debug][safepoint   ] Safepoint synchronization initiated using striped semaphore wait barrier. (35 threads)
[2025-04-08T09:55:15.115-0400][26.497s][info ][gc,start    ] GC(23) Pause Young (Concurrent Start) (Metadata GC Threshold)
[2025-04-08T09:55:15.115-0400][26.497s][info ][gc,task     ] GC(23) Using 12 workers of 23 for evacuation
[2025-04-08T09:55:15.122-0400][26.504s][info ][gc,phases   ] GC(23)   Pre Evacuate Collection Set: 0.2ms
[2025-04-08T09:55:15.122-0400][26.504s][info ][gc,phases   ] GC(23)   Merge Heap Roots: 0.2ms
[2025-04-08T09:55:15.122-0400][26.504s][info ][gc,phases   ] GC(23)   Evacuate Collection Set: 4.5ms
[2025-04-08T09:55:15.122-0400][26.504s][info ][gc,phases   ] GC(23)   Post Evacuate Collection Set: 1.2ms
[2025-04-08T09:55:15.122-0400][26.504s][info ][gc,phases   ] GC(23)   Other: 0.1ms
[2025-04-08T09:55:15.122-0400][26.504s][info ][gc,heap     ] GC(23) Eden regions: 71->0(288)
[2025-04-08T09:55:15.122-0400][26.504s][info ][gc,heap     ] GC(23) Survivor regions: 25->19(39)
[2025-04-08T09:55:15.122-0400][26.504s][info ][gc,heap     ] GC(23) Old regions: 69->75
[2025-04-08T09:55:15.122-0400][26.504s][info ][gc,heap     ] GC(23) Archive regions: 0->0
[2025-04-08T09:55:15.122-0400][26.504s][info ][gc,heap     ] GC(23) Humongous regions: 0->0
[2025-04-08T09:55:15.122-0400][26.504s][info ][gc,metaspace] GC(23) Metaspace: 100459K(101056K)->100459K(101056K) NonClass: 87403K(87680K)->87403K(87680K) Class: 13055K(13376K)->13055K(13376K)
[2025-04-08T09:55:15.122-0400][26.504s][info ][gc          ] GC(23) Pause Young (Concurrent Start) (Metadata GC Threshold) 164M->93M(512M) 6.253ms
[2025-04-08T09:55:15.122-0400][26.504s][info ][gc,cpu      ] GC(23) User=0.00s Sys=0.00s Real=0.01s
[2025-04-08T09:55:15.122-0400][26.504s][info ][gc          ] GC(24) Concurrent Mark Cycle
[2025-04-08T09:55:15.122-0400][26.504s][info ][gc,marking  ] GC(24) Concurrent Clear Claimed Marks
[2025-04-08T09:55:15.122-0400][26.504s][info ][safepoint   ] Safepoint "CollectForMetadataAllocation", Time since last: 410729900 ns, Reaching safepoint: 28900 ns, Cleanup: 46200 ns, At safepoint: 6321600 ns, Total: 6396700 ns
[2025-04-08T09:55:15.122-0400][26.504s][info ][gc,marking  ] GC(24) Concurrent Clear Claimed Marks 0.040ms
[2025-04-08T09:55:15.122-0400][26.504s][info ][gc,marking  ] GC(24) Concurrent Scan Root Regions
[2025-04-08T09:55:15.125-0400][26.507s][info ][gc,marking  ] GC(24) Concurrent Scan Root Regions 3.065ms
[2025-04-08T09:55:15.125-0400][26.507s][info ][gc,marking  ] GC(24) Concurrent Mark
[2025-04-08T09:55:15.125-0400][26.507s][info ][gc,marking  ] GC(24) Concurrent Mark From Roots
[2025-04-08T09:55:15.125-0400][26.507s][info ][gc,task     ] GC(24) Using 6 workers of 6 for marking
[2025-04-08T09:55:15.136-0400][26.519s][info ][gc,marking  ] GC(24) Concurrent Mark From Roots 11.796ms
[2025-04-08T09:55:15.136-0400][26.519s][info ][gc,marking  ] GC(24) Concurrent Preclean
[2025-04-08T09:55:15.137-0400][26.519s][info ][gc,marking  ] GC(24) Concurrent Preclean 0.221ms
[2025-04-08T09:55:15.137-0400][26.519s][debug][safepoint   ] Safepoint synchronization initiated using striped semaphore wait barrier. (36 threads)
[2025-04-08T09:55:15.137-0400][26.519s][info ][gc,start    ] GC(24) Pause Remark
[2025-04-08T09:55:15.147-0400][26.529s][info ][gc          ] GC(24) Pause Remark 96M->96M(512M) 10.390ms
[2025-04-08T09:55:15.148-0400][26.529s][info ][gc,cpu      ] GC(24) User=0.00s Sys=0.00s Real=0.01s
[2025-04-08T09:55:15.148-0400][26.530s][info ][safepoint   ] Safepoint "G1PauseRemark", Time since last: 15243800 ns, Reaching safepoint: 28100 ns, Cleanup: 2600 ns, At safepoint: 10449900 ns, Total: 10480600 ns
[2025-04-08T09:55:15.148-0400][26.530s][info ][gc,marking  ] GC(24) Concurrent Mark 22.604ms
[2025-04-08T09:55:15.148-0400][26.530s][info ][gc,marking  ] GC(24) Concurrent Rebuild Remembered Sets
[2025-04-08T09:55:15.156-0400][26.538s][info ][gc,marking  ] GC(24) Concurrent Rebuild Remembered Sets 8.772ms
[2025-04-08T09:55:15.156-0400][26.538s][debug][safepoint   ] Safepoint synchronization initiated using striped semaphore wait barrier. (36 threads)
[2025-04-08T09:55:15.156-0400][26.538s][info ][gc,start    ] GC(24) Pause Cleanup
[2025-04-08T09:55:15.157-0400][26.539s][info ][gc          ] GC(24) Pause Cleanup 99M->99M(512M) 0.185ms
[2025-04-08T09:55:15.157-0400][26.539s][info ][gc,cpu      ] GC(24) User=0.00s Sys=0.00s Real=0.00s
[2025-04-08T09:55:15.157-0400][26.539s][info ][safepoint   ] Safepoint "G1PauseCleanup", Time since last: 8860100 ns, Reaching safepoint: 37800 ns, Cleanup: 4500 ns, At safepoint: 227100 ns, Total: 269400 ns
[2025-04-08T09:55:15.157-0400][26.539s][info ][gc,marking  ] GC(24) Concurrent Cleanup for Next Mark
[2025-04-08T09:55:15.157-0400][26.539s][info ][gc,marking  ] GC(24) Concurrent Cleanup for Next Mark 0.206ms
[2025-04-08T09:55:15.157-0400][26.539s][info ][gc          ] GC(24) Concurrent Mark Cycle 35.115ms
[2025-04-08T09:55:15.984-0400][27.365s][debug][safepoint   ] Safepoint synchronization initiated using striped semaphore wait barrier. (31 threads)
[2025-04-08T09:55:15.984-0400][27.365s][debug][safepoint   ] ... found polling page loop exception at pc = 0x0000021e12cd39c7, stub =0x0000021e11c57700
[2025-04-08T09:55:15.984-0400][27.366s][info ][safepoint   ] Safepoint "ICBufferFull", Time since last: 826794100 ns, Reaching safepoint: 62000 ns, Cleanup: 67900 ns, At safepoint: 3500 ns, Total: 133400 ns
[2025-04-08T09:55:16.138-0400][27.520s][debug][safepoint   ] Safepoint synchronization initiated using striped semaphore wait barrier. (33 threads)
[2025-04-08T09:55:16.138-0400][27.520s][info ][gc,start    ] GC(25) Pause Young (Prepare Mixed) (G1 Evacuation Pause)
[2025-04-08T09:55:16.138-0400][27.520s][info ][gc,task     ] GC(25) Using 14 workers of 23 for evacuation
[2025-04-08T09:55:16.144-0400][27.526s][info ][gc,phases   ] GC(25)   Pre Evacuate Collection Set: 0.3ms
[2025-04-08T09:55:16.144-0400][27.526s][info ][gc,phases   ] GC(25)   Merge Heap Roots: 0.2ms
[2025-04-08T09:55:16.144-0400][27.526s][info ][gc,phases   ] GC(25)   Evacuate Collection Set: 3.9ms
[2025-04-08T09:55:16.144-0400][27.526s][info ][gc,phases   ] GC(25)   Post Evacuate Collection Set: 1.7ms
[2025-04-08T09:55:16.144-0400][27.526s][info ][gc,phases   ] GC(25)   Other: 0.1ms
[2025-04-08T09:55:16.144-0400][27.526s][info ][gc,heap     ] GC(25) Eden regions: 288->0(2)
[2025-04-08T09:55:16.144-0400][27.526s][info ][gc,heap     ] GC(25) Survivor regions: 19->23(39)
[2025-04-08T09:55:16.144-0400][27.526s][info ][gc,heap     ] GC(25) Old regions: 75->75
[2025-04-08T09:55:16.144-0400][27.526s][info ][gc,heap     ] GC(25) Archive regions: 0->0
[2025-04-08T09:55:16.144-0400][27.526s][info ][gc,heap     ] GC(25) Humongous regions: 0->0
[2025-04-08T09:55:16.144-0400][27.526s][info ][gc,metaspace] GC(25) Metaspace: 107512K(108224K)->107512K(108224K) NonClass: 93494K(93824K)->93494K(93824K) Class: 14018K(14400K)->14018K(14400K)
[2025-04-08T09:55:16.144-0400][27.526s][info ][gc          ] GC(25) Pause Young (Prepare Mixed) (G1 Evacuation Pause) 381M->97M(512M) 6.280ms
[2025-04-08T09:55:16.144-0400][27.526s][info ][gc,cpu      ] GC(25) User=0.00s Sys=0.00s Real=0.01s
[2025-04-08T09:55:16.144-0400][27.526s][info ][safepoint   ] Safepoint "G1CollectForAllocation", Time since last: 154015700 ns, Reaching safepoint: 34400 ns, Cleanup: 29300 ns, At safepoint: 6347900 ns, Total: 6411600 ns
[2025-04-08T09:55:16.148-0400][27.530s][debug][safepoint   ] Safepoint synchronization initiated using striped semaphore wait barrier. (33 threads)
[2025-04-08T09:55:16.148-0400][27.530s][info ][gc,start    ] GC(26) Pause Young (Mixed) (G1 Evacuation Pause)
[2025-04-08T09:55:16.148-0400][27.530s][info ][gc,task     ] GC(26) Using 14 workers of 23 for evacuation
[2025-04-08T09:55:16.155-0400][27.537s][info ][gc,phases   ] GC(26)   Pre Evacuate Collection Set: 0.2ms
[2025-04-08T09:55:16.155-0400][27.537s][info ][gc,phases   ] GC(26)   Merge Heap Roots: 0.4ms
[2025-04-08T09:55:16.155-0400][27.537s][info ][gc,phases   ] GC(26)   Evacuate Collection Set: 5.6ms
[2025-04-08T09:55:16.155-0400][27.537s][info ][gc,phases   ] GC(26)   Post Evacuate Collection Set: 0.8ms
[2025-04-08T09:55:16.155-0400][27.537s][info ][gc,phases   ] GC(26)   Other: 0.1ms
[2025-04-08T09:55:16.155-0400][27.537s][info ][gc,heap     ] GC(26) Eden regions: 2->0(304)
[2025-04-08T09:55:16.155-0400][27.537s][info ][gc,heap     ] GC(26) Survivor regions: 23->3(4)
[2025-04-08T09:55:16.155-0400][27.537s][info ][gc,heap     ] GC(26) Old regions: 75->95
[2025-04-08T09:55:16.155-0400][27.537s][info ][gc,heap     ] GC(26) Archive regions: 0->0
[2025-04-08T09:55:16.155-0400][27.537s][info ][gc,heap     ] GC(26) Humongous regions: 0->0
[2025-04-08T09:55:16.155-0400][27.537s][info ][gc,metaspace] GC(26) Metaspace: 107512K(108224K)->107512K(108224K) NonClass: 93494K(93824K)->93494K(93824K) Class: 14018K(14400K)->14018K(14400K)
[2025-04-08T09:55:16.155-0400][27.537s][info ][gc          ] GC(26) Pause Young (Mixed) (G1 Evacuation Pause) 99M->97M(512M) 7.254ms
[2025-04-08T09:55:16.155-0400][27.537s][info ][gc,cpu      ] GC(26) User=0.00s Sys=0.00s Real=0.01s
[2025-04-08T09:55:16.155-0400][27.537s][info ][safepoint   ] Safepoint "G1CollectForAllocation", Time since last: 3828800 ns, Reaching safepoint: 36400 ns, Cleanup: 3200 ns, At safepoint: 7330600 ns, Total: 7370200 ns
[2025-04-08T09:55:17.193-0400][28.576s][debug][safepoint   ] Safepoint synchronization initiated using striped semaphore wait barrier. (45 threads)
[2025-04-08T09:55:17.193-0400][28.576s][info ][safepoint   ] Safepoint "ICBufferFull", Time since last: 1038414900 ns, Reaching safepoint: 34300 ns, Cleanup: 92300 ns, At safepoint: 5900 ns, Total: 132500 ns
[2025-04-08T09:55:17.615-0400][28.998s][debug][safepoint   ] Safepoint synchronization initiated using striped semaphore wait barrier. (47 threads)
[2025-04-08T09:55:17.615-0400][28.998s][info ][gc,start    ] GC(27) Pause Young (Normal) (G1 Evacuation Pause)
[2025-04-08T09:55:17.615-0400][28.998s][info ][gc,task     ] GC(27) Using 23 workers of 23 for evacuation
[2025-04-08T09:55:17.620-0400][29.002s][info ][gc,phases   ] GC(27)   Pre Evacuate Collection Set: 0.3ms
[2025-04-08T09:55:17.620-0400][29.002s][info ][gc,phases   ] GC(27)   Merge Heap Roots: 0.5ms
[2025-04-08T09:55:17.620-0400][29.002s][info ][gc,phases   ] GC(27)   Evacuate Collection Set: 2.1ms
[2025-04-08T09:55:17.620-0400][29.002s][info ][gc,phases   ] GC(27)   Post Evacuate Collection Set: 1.8ms
[2025-04-08T09:55:17.620-0400][29.002s][info ][gc,phases   ] GC(27)   Other: 0.1ms
[2025-04-08T09:55:17.620-0400][29.002s][info ][gc,heap     ] GC(27) Eden regions: 304->0(299)
[2025-04-08T09:55:17.620-0400][29.002s][info ][gc,heap     ] GC(27) Survivor regions: 3->8(39)
[2025-04-08T09:55:17.620-0400][29.002s][info ][gc,heap     ] GC(27) Old regions: 95->95
[2025-04-08T09:55:17.620-0400][29.002s][info ][gc,heap     ] GC(27) Archive regions: 0->0
[2025-04-08T09:55:17.620-0400][29.003s][info ][gc,heap     ] GC(27) Humongous regions: 0->0
[2025-04-08T09:55:17.620-0400][29.003s][info ][gc,metaspace] GC(27) Metaspace: 113492K(114240K)->113492K(114240K) NonClass: 98897K(99264K)->98897K(99264K) Class: 14594K(14976K)->14594K(14976K)
[2025-04-08T09:55:17.620-0400][29.003s][info ][gc          ] GC(27) Pause Young (Normal) (G1 Evacuation Pause) 401M->102M(512M) 4.854ms
[2025-04-08T09:55:17.620-0400][29.003s][info ][gc,cpu      ] GC(27) User=0.00s Sys=0.00s Real=0.00s
[2025-04-08T09:55:17.620-0400][29.003s][info ][safepoint   ] Safepoint "G1CollectForAllocation", Time since last: 421887400 ns, Reaching safepoint: 28400 ns, Cleanup: 15700 ns, At safepoint: 4916900 ns, Total: 4961000 ns
[2025-04-08T09:55:17.933-0400][29.316s][debug][safepoint   ] Safepoint synchronization initiated using striped semaphore wait barrier. (47 threads)
[2025-04-08T09:55:17.933-0400][29.316s][info ][safepoint   ] Safepoint "ICBufferFull", Time since last: 313042500 ns, Reaching safepoint: 28400 ns, Cleanup: 79200 ns, At safepoint: 1400 ns, Total: 109000 ns
[2025-04-08T09:55:18.079-0400][29.461s][debug][safepoint   ] Safepoint synchronization initiated using striped semaphore wait barrier. (47 threads)
[2025-04-08T09:55:18.079-0400][29.461s][info ][safepoint   ] Safepoint "ICBufferFull", Time since last: 145184900 ns, Reaching safepoint: 31700 ns, Cleanup: 62000 ns, At safepoint: 4200 ns, Total: 97900 ns
[2025-04-08T09:55:18.787-0400][30.169s][debug][safepoint   ] Safepoint synchronization initiated using striped semaphore wait barrier. (47 threads)
[2025-04-08T09:55:18.788-0400][30.170s][info ][safepoint   ] Safepoint "ICBufferFull", Time since last: 708323200 ns, Reaching safepoint: 42700 ns, Cleanup: 175700 ns, At safepoint: 10500 ns, Total: 228900 ns
[2025-04-08T09:55:18.906-0400][30.288s][debug][safepoint   ] Safepoint synchronization initiated using striped semaphore wait barrier. (47 threads)
[2025-04-08T09:55:18.906-0400][30.288s][info ][gc,start    ] GC(28) Pause Young (Normal) (G1 Evacuation Pause)
[2025-04-08T09:55:18.906-0400][30.288s][info ][gc,task     ] GC(28) Using 23 workers of 23 for evacuation
[2025-04-08T09:55:18.910-0400][30.292s][info ][gc,phases   ] GC(28)   Pre Evacuate Collection Set: 0.3ms
[2025-04-08T09:55:18.911-0400][30.292s][info ][gc,phases   ] GC(28)   Merge Heap Roots: 0.4ms
[2025-04-08T09:55:18.911-0400][30.292s][info ][gc,phases   ] GC(28)   Evacuate Collection Set: 2.1ms
[2025-04-08T09:55:18.911-0400][30.292s][info ][gc,phases   ] GC(28)   Post Evacuate Collection Set: 1.6ms
[2025-04-08T09:55:18.911-0400][30.292s][info ][gc,phases   ] GC(28)   Other: 0.1ms
[2025-04-08T09:55:18.911-0400][30.292s][info ][gc,heap     ] GC(28) Eden regions: 299->0(293)
[2025-04-08T09:55:18.911-0400][30.292s][info ][gc,heap     ] GC(28) Survivor regions: 8->14(39)
[2025-04-08T09:55:18.911-0400][30.292s][info ][gc,heap     ] GC(28) Old regions: 95->95
[2025-04-08T09:55:18.911-0400][30.292s][info ][gc,heap     ] GC(28) Archive regions: 0->0
[2025-04-08T09:55:18.911-0400][30.292s][info ][gc,heap     ] GC(28) Humongous regions: 0->0
[2025-04-08T09:55:18.911-0400][30.292s][info ][gc,metaspace] GC(28) Metaspace: 118180K(118912K)->118180K(118912K) NonClass: 103099K(103424K)->103099K(103424K) Class: 15081K(15488K)->15081K(15488K)
[2025-04-08T09:55:18.911-0400][30.292s][info ][gc          ] GC(28) Pause Young (Normal) (G1 Evacuation Pause) 401M->107M(512M) 4.611ms
[2025-04-08T09:55:18.911-0400][30.292s][info ][gc,cpu      ] GC(28) User=0.02s Sys=0.00s Real=0.01s
[2025-04-08T09:55:18.911-0400][30.293s][info ][safepoint   ] Safepoint "G1CollectForAllocation", Time since last: 118207300 ns, Reaching safepoint: 29700 ns, Cleanup: 17300 ns, At safepoint: 4677600 ns, Total: 4724600 ns
[2025-04-08T09:55:20.192-0400][31.574s][debug][safepoint   ] Safepoint synchronization initiated using striped semaphore wait barrier. (50 threads)
[2025-04-08T09:55:20.192-0400][31.574s][info ][safepoint   ] Safepoint "Cleanup", Time since last: 1281465200 ns, Reaching safepoint: 42700 ns, Cleanup: 70500 ns, At safepoint: 1700 ns, Total: 114900 ns
[2025-04-08T09:55:24.374-0400][35.757s][debug][safepoint   ] Safepoint synchronization initiated using striped semaphore wait barrier. (46 threads)
[2025-04-08T09:55:24.375-0400][35.757s][info ][safepoint   ] Safepoint "Cleanup", Time since last: 4182859300 ns, Reaching safepoint: 236400 ns, Cleanup: 3900 ns, At safepoint: 2700 ns, Total: 243000 ns
[2025-04-08T09:55:25.189-0400][36.572s][debug][safepoint   ] Safepoint synchronization initiated using striped semaphore wait barrier. (56 threads)
[2025-04-08T09:55:25.189-0400][36.572s][info ][gc,start    ] GC(29) Pause Young (Normal) (G1 Evacuation Pause)
[2025-04-08T09:55:25.189-0400][36.572s][info ][gc,task     ] GC(29) Using 23 workers of 23 for evacuation
[2025-04-08T09:55:25.195-0400][36.577s][info ][gc,phases   ] GC(29)   Pre Evacuate Collection Set: 0.3ms
[2025-04-08T09:55:25.195-0400][36.578s][info ][gc,phases   ] GC(29)   Merge Heap Roots: 0.2ms
[2025-04-08T09:55:25.195-0400][36.578s][info ][gc,phases   ] GC(29)   Evacuate Collection Set: 3.3ms
[2025-04-08T09:55:25.195-0400][36.578s][info ][gc,phases   ] GC(29)   Post Evacuate Collection Set: 1.7ms
[2025-04-08T09:55:25.195-0400][36.578s][info ][gc,phases   ] GC(29)   Other: 0.1ms
[2025-04-08T09:55:25.195-0400][36.578s][info ][gc,heap     ] GC(29) Eden regions: 293->0(285)
[2025-04-08T09:55:25.195-0400][36.578s][info ][gc,heap     ] GC(29) Survivor regions: 14->22(39)
[2025-04-08T09:55:25.195-0400][36.578s][info ][gc,heap     ] GC(29) Old regions: 95->95
[2025-04-08T09:55:25.195-0400][36.578s][info ][gc,heap     ] GC(29) Archive regions: 0->0
[2025-04-08T09:55:25.195-0400][36.578s][info ][gc,heap     ] GC(29) Humongous regions: 1->0
[2025-04-08T09:55:25.195-0400][36.578s][info ][gc,metaspace] GC(29) Metaspace: 130688K(131776K)->130688K(131776K) NonClass: 114260K(114816K)->114260K(114816K) Class: 16428K(16960K)->16428K(16960K)
[2025-04-08T09:55:25.195-0400][36.578s][info ][gc          ] GC(29) Pause Young (Normal) (G1 Evacuation Pause) 401M->115M(512M) 5.875ms
[2025-04-08T09:55:25.195-0400][36.578s][info ][gc,cpu      ] GC(29) User=0.02s Sys=0.00s Real=0.01s
[2025-04-08T09:55:25.195-0400][36.578s][info ][safepoint   ] Safepoint "G1CollectForAllocation", Time since last: 814476100 ns, Reaching safepoint: 41800 ns, Cleanup: 72500 ns, At safepoint: 5946500 ns, Total: 6060800 ns
[2025-04-08T09:55:26.010-0400][37.393s][debug][safepoint   ] Safepoint synchronization initiated using striped semaphore wait barrier. (58 threads)
[2025-04-08T09:55:26.010-0400][37.393s][info ][gc,start    ] GC(30) Pause Young (Normal) (G1 Evacuation Pause)
[2025-04-08T09:55:26.010-0400][37.393s][info ][gc,task     ] GC(30) Using 23 workers of 23 for evacuation
[2025-04-08T09:55:26.016-0400][37.398s][info ][gc,phases   ] GC(30)   Pre Evacuate Collection Set: 0.4ms
[2025-04-08T09:55:26.016-0400][37.398s][info ][gc,phases   ] GC(30)   Merge Heap Roots: 0.2ms
[2025-04-08T09:55:26.016-0400][37.398s][info ][gc,phases   ] GC(30)   Evacuate Collection Set: 3.5ms
[2025-04-08T09:55:26.016-0400][37.398s][info ][gc,phases   ] GC(30)   Post Evacuate Collection Set: 1.2ms
[2025-04-08T09:55:26.016-0400][37.398s][info ][gc,phases   ] GC(30)   Other: 0.1ms
[2025-04-08T09:55:26.016-0400][37.398s][info ][gc,heap     ] GC(30) Eden regions: 285->0(286)
[2025-04-08T09:55:26.016-0400][37.398s][info ][gc,heap     ] GC(30) Survivor regions: 22->21(39)
[2025-04-08T09:55:26.016-0400][37.398s][info ][gc,heap     ] GC(30) Old regions: 95->101
[2025-04-08T09:55:26.016-0400][37.398s][info ][gc,heap     ] GC(30) Archive regions: 0->0
[2025-04-08T09:55:26.016-0400][37.398s][info ][gc,heap     ] GC(30) Humongous regions: 0->0
[2025-04-08T09:55:26.016-0400][37.398s][info ][gc,metaspace] GC(30) Metaspace: 136581K(137600K)->136581K(137600K) NonClass: 119538K(120064K)->119538K(120064K) Class: 17043K(17536K)->17043K(17536K)
[2025-04-08T09:55:26.016-0400][37.398s][info ][gc          ] GC(30) Pause Young (Normal) (G1 Evacuation Pause) 400M->121M(512M) 5.525ms
[2025-04-08T09:55:26.016-0400][37.398s][info ][gc,cpu      ] GC(30) User=0.00s Sys=0.00s Real=0.01s
[2025-04-08T09:55:26.016-0400][37.398s][info ][safepoint   ] Safepoint "G1CollectForAllocation", Time since last: 814945200 ns, Reaching safepoint: 42000 ns, Cleanup: 26800 ns, At safepoint: 5604900 ns, Total: 5673700 ns
[2025-04-08T09:55:26.975-0400][38.358s][debug][safepoint   ] Safepoint synchronization initiated using striped semaphore wait barrier. (64 threads)
[2025-04-08T09:55:26.975-0400][38.358s][info ][gc,start    ] GC(31) Pause Young (Normal) (G1 Evacuation Pause)
[2025-04-08T09:55:26.975-0400][38.358s][info ][gc,task     ] GC(31) Using 23 workers of 23 for evacuation
[2025-04-08T09:55:26.981-0400][38.364s][info ][gc,phases   ] GC(31)   Pre Evacuate Collection Set: 0.3ms
[2025-04-08T09:55:26.981-0400][38.364s][info ][gc,phases   ] GC(31)   Merge Heap Roots: 0.3ms
[2025-04-08T09:55:26.981-0400][38.364s][info ][gc,phases   ] GC(31)   Evacuate Collection Set: 4.0ms
[2025-04-08T09:55:26.981-0400][38.364s][info ][gc,phases   ] GC(31)   Post Evacuate Collection Set: 1.2ms
[2025-04-08T09:55:26.981-0400][38.364s][info ][gc,phases   ] GC(31)   Other: 0.2ms
[2025-04-08T09:55:26.981-0400][38.364s][info ][gc,heap     ] GC(31) Eden regions: 286->0(277)
[2025-04-08T09:55:26.981-0400][38.364s][info ][gc,heap     ] GC(31) Survivor regions: 21->30(39)
[2025-04-08T09:55:26.981-0400][38.364s][info ][gc,heap     ] GC(31) Old regions: 101->101
[2025-04-08T09:55:26.981-0400][38.364s][info ][gc,heap     ] GC(31) Archive regions: 0->0
[2025-04-08T09:55:26.981-0400][38.364s][info ][gc,heap     ] GC(31) Humongous regions: 0->0
[2025-04-08T09:55:26.981-0400][38.364s][info ][gc,metaspace] GC(31) Metaspace: 141493K(142592K)->141493K(142592K) NonClass: 124195K(124800K)->124195K(124800K) Class: 17297K(17792K)->17297K(17792K)
[2025-04-08T09:55:26.981-0400][38.364s][info ][gc          ] GC(31) Pause Young (Normal) (G1 Evacuation Pause) 407M->130M(512M) 6.195ms
[2025-04-08T09:55:26.981-0400][38.364s][info ][gc,cpu      ] GC(31) User=0.00s Sys=0.00s Real=0.01s
[2025-04-08T09:55:26.981-0400][38.364s][info ][safepoint   ] Safepoint "G1CollectForAllocation", Time since last: 959186600 ns, Reaching safepoint: 44200 ns, Cleanup: 71600 ns, At safepoint: 6264500 ns, Total: 6380300 ns
[2025-04-08T09:55:27.982-0400][39.364s][debug][safepoint   ] Safepoint synchronization initiated using striped semaphore wait barrier. (37 threads)
[2025-04-08T09:55:27.982-0400][39.364s][info ][safepoint   ] Safepoint "Cleanup", Time since last: 1000370300 ns, Reaching safepoint: 42400 ns, Cleanup: 49300 ns, At safepoint: 1700 ns, Total: 93400 ns
[2025-04-08T09:55:28.987-0400][40.369s][debug][safepoint   ] Safepoint synchronization initiated using striped semaphore wait barrier. (30 threads)
[2025-04-08T09:55:28.987-0400][40.369s][info ][safepoint   ] Safepoint "Cleanup", Time since last: 1004652800 ns, Reaching safepoint: 156300 ns, Cleanup: 24800 ns, At safepoint: 1700 ns, Total: 182800 ns
[2025-04-08T09:55:46.161-0400][57.543s][debug][safepoint   ] Safepoint synchronization initiated using striped semaphore wait barrier. (27 threads)
[2025-04-08T09:55:46.161-0400][57.543s][info ][safepoint   ] Safepoint "Cleanup", Time since last: 17173693900 ns, Reaching safepoint: 102200 ns, Cleanup: 17800 ns, At safepoint: 1300 ns, Total: 121300 ns
[2025-04-08T09:55:48.182-0400][59.564s][debug][safepoint   ] Safepoint synchronization initiated using striped semaphore wait barrier. (27 threads)
[2025-04-08T09:55:48.182-0400][59.564s][info ][safepoint   ] Safepoint "Cleanup", Time since last: 2020829600 ns, Reaching safepoint: 77400 ns, Cleanup: 21100 ns, At safepoint: 2300 ns, Total: 100800 ns
[2025-04-08T09:55:53.813-0400][65.195s][debug][safepoint   ] Safepoint synchronization initiated using striped semaphore wait barrier. (27 threads)
[2025-04-08T09:55:53.813-0400][65.195s][info ][safepoint   ] Safepoint "Cleanup", Time since last: 5631066900 ns, Reaching safepoint: 61700 ns, Cleanup: 17600 ns, At safepoint: 1500 ns, Total: 80800 ns
[2025-04-08T09:55:54.818-0400][66.200s][debug][safepoint   ] Safepoint synchronization initiated using striped semaphore wait barrier. (27 threads)
[2025-04-08T09:55:54.818-0400][66.200s][info ][safepoint   ] Safepoint "Cleanup", Time since last: 1004914500 ns, Reaching safepoint: 74000 ns, Cleanup: 11500 ns, At safepoint: 1300 ns, Total: 86800 ns
[2025-04-08T09:55:56.840-0400][68.222s][debug][safepoint   ] Safepoint synchronization initiated using striped semaphore wait barrier. (27 threads)
[2025-04-08T09:55:56.840-0400][68.222s][info ][safepoint   ] Safepoint "Cleanup", Time since last: 2022142300 ns, Reaching safepoint: 70600 ns, Cleanup: 16900 ns, At safepoint: 1400 ns, Total: 88900 ns
[2025-04-08T09:56:01.878-0400][73.259s][debug][safepoint   ] Safepoint synchronization initiated using striped semaphore wait barrier. (27 threads)
[2025-04-08T09:56:01.878-0400][73.260s][info ][safepoint   ] Safepoint "Cleanup", Time since last: 5037029400 ns, Reaching safepoint: 135000 ns, Cleanup: 10200 ns, At safepoint: 1500 ns, Total: 146700 ns
[2025-04-08T09:58:30.117-0400][221.499s][debug][safepoint   ] Safepoint synchronization initiated using striped semaphore wait barrier. (27 threads)
[2025-04-08T09:58:30.117-0400][221.499s][info ][safepoint   ] Safepoint "Cleanup", Time since last: 148238987500 ns, Reaching safepoint: 90800 ns, Cleanup: 10000 ns, At safepoint: 1100 ns, Total: 101900 ns
[2025-04-08T10:00:02.868-0400][314.250s][debug][safepoint   ] Safepoint synchronization initiated using striped semaphore wait barrier. (27 threads)
[2025-04-08T10:00:02.868-0400][314.250s][info ][safepoint   ] Safepoint "Cleanup", Time since last: 92751543500 ns, Reaching safepoint: 53600 ns, Cleanup: 9700 ns, At safepoint: 1300 ns, Total: 64600 ns
[2025-04-08T10:00:30.101-0400][341.483s][debug][safepoint   ] Safepoint synchronization initiated using striped semaphore wait barrier. (27 threads)
[2025-04-08T10:00:30.101-0400][341.483s][info ][safepoint   ] Safepoint "Cleanup", Time since last: 27232359500 ns, Reaching safepoint: 40700 ns, Cleanup: 5400 ns, At safepoint: 1300 ns, Total: 47400 ns
[2025-04-08T10:01:51.806-0400][423.187s][debug][safepoint   ] Safepoint synchronization initiated using striped semaphore wait barrier. (27 threads)
[2025-04-08T10:01:51.806-0400][423.187s][info ][safepoint   ] Safepoint "Cleanup", Time since last: 81704754200 ns, Reaching safepoint: 68200 ns, Cleanup: 15900 ns, At safepoint: 1800 ns, Total: 85900 ns
[2025-04-08T10:06:32.219-0400][703.601s][debug][safepoint   ] Safepoint synchronization initiated using striped semaphore wait barrier. (27 threads)
[2025-04-08T10:06:32.219-0400][703.602s][info ][safepoint   ] Safepoint "Cleanup", Time since last: 280413973400 ns, Reaching safepoint: 61300 ns, Cleanup: 11100 ns, At safepoint: 1400 ns, Total: 73800 ns
[2025-04-08T10:06:36.245-0400][707.626s][debug][safepoint   ] Safepoint synchronization initiated using striped semaphore wait barrier. (27 threads)
[2025-04-08T10:06:36.245-0400][707.627s][info ][safepoint   ] Safepoint "Cleanup", Time since last: 4024940700 ns, Reaching safepoint: 46000 ns, Cleanup: 10000 ns, At safepoint: 1400 ns, Total: 57400 ns
[2025-04-08T10:06:42.295-0400][713.677s][debug][safepoint   ] Safepoint synchronization initiated using striped semaphore wait barrier. (27 threads)
[2025-04-08T10:06:42.295-0400][713.677s][info ][safepoint   ] Safepoint "Cleanup", Time since last: 6050861700 ns, Reaching safepoint: 38400 ns, Cleanup: 7700 ns, At safepoint: 900 ns, Total: 47000 ns
[2025-04-08T10:37:42.095-0400][2573.477s][debug][safepoint   ] Safepoint synchronization initiated using striped semaphore wait barrier. (27 threads)
[2025-04-08T10:37:42.095-0400][2573.477s][info ][safepoint   ] Safepoint "Cleanup", Time since last: 1859799831700 ns, Reaching safepoint: 105700 ns, Cleanup: 10100 ns, At safepoint: 1100 ns, Total: 116900 ns
[2025-04-08T12:02:29.604-0400][7660.986s][debug][safepoint   ] Safepoint synchronization initiated using striped semaphore wait barrier. (27 threads)
[2025-04-08T12:02:29.604-0400][7660.986s][info ][safepoint   ] Safepoint "Cleanup", Time since last: 5087508274900 ns, Reaching safepoint: 284000 ns, Cleanup: 39500 ns, At safepoint: 1200 ns, Total: 324700 ns
[2025-04-09T00:48:52.743-0400][53642.954s][debug][safepoint   ] Safepoint synchronization initiated using striped semaphore wait barrier. (27 threads)
[2025-04-09T00:48:52.743-0400][53642.955s][info ][safepoint   ] Safepoint "Cleanup", Time since last: 45981968481700 ns, Reaching safepoint: 236700 ns, Cleanup: 17100 ns, At safepoint: 1400 ns, Total: 255200 ns
[2025-04-09T00:50:53.576-0400][53763.787s][debug][safepoint   ] Safepoint synchronization initiated using striped semaphore wait barrier. (27 threads)
[2025-04-09T00:50:53.576-0400][53763.787s][info ][safepoint   ] Safepoint "Cleanup", Time since last: 120832558300 ns, Reaching safepoint: 35800 ns, Cleanup: 64700 ns, At safepoint: 1500 ns, Total: 102000 ns
[2025-04-09T03:29:20.729-0400][63270.940s][info ][gc,heap,exit] Heap
[2025-04-09T03:29:20.729-0400][63270.940s][info ][gc,heap,exit]  garbage-first heap   total 524288K, used 276115K [0x00000000c0000000, 0x0000000100000000)
[2025-04-09T03:29:20.729-0400][63270.940s][info ][gc,heap,exit]   region size 1024K, 170 young (174080K), 30 survivors (30720K)
[2025-04-09T03:29:20.729-0400][63270.940s][info ][gc,heap,exit]  Metaspace       used 144945K, committed 146048K, reserved 1179648K
[2025-04-09T03:29:20.729-0400][63270.940s][info ][gc,heap,exit]   class space    used 17644K, committed 18176K, reserved 1048576K
[2025-04-09T03:29:20.729-0400][63270.940s][debug][safepoint   ] Safepoint synchronization initiated using striped semaphore wait barrier. (24 threads)
