[2025-04-07T10:53:06.031-0400][0.027s][info][gc] Using G1
[2025-04-07T10:53:06.032-0400][0.031s][info][gc,init] Version: 17.0.14+7 (release)
[2025-04-07T10:53:06.032-0400][0.031s][info][gc,init] CPUs: 32 total, 32 available
[2025-04-07T10:53:06.032-0400][0.031s][info][gc,init] Memory: 32559M
[2025-04-07T10:53:06.032-0400][0.031s][info][gc,init] Large Page Support: Disabled
[2025-04-07T10:53:06.032-0400][0.031s][info][gc,init] NUMA Support: Disabled
[2025-04-07T10:53:06.032-0400][0.031s][info][gc,init] Compressed Oops: Enabled (32-bit)
[2025-04-07T10:53:06.032-0400][0.031s][info][gc,init] Heap Region Size: 1M
[2025-04-07T10:53:06.032-0400][0.031s][info][gc,init] Heap Min Capacity: 512M
[2025-04-07T10:53:06.032-0400][0.031s][info][gc,init] Heap Initial Capacity: 512M
[2025-04-07T10:53:06.032-0400][0.031s][info][gc,init] Heap Max Capacity: 1G
[2025-04-07T10:53:06.032-0400][0.031s][info][gc,init] Pre-touch: Disabled
[2025-04-07T10:53:06.032-0400][0.031s][info][gc,init] Parallel Workers: 23
[2025-04-07T10:53:06.032-0400][0.031s][info][gc,init] Concurrent Workers: 6
[2025-04-07T10:53:06.032-0400][0.031s][info][gc,init] Concurrent Refinement Workers: 23
[2025-04-07T10:53:06.032-0400][0.031s][info][gc,init] Periodic GC: Disabled
[2025-04-07T10:53:06.044-0400][0.040s][info][gc,metaspace] CDS archive(s) mapped at: [0x0000020800000000-0x0000020800bb0000-0x0000020800bb0000), size 12255232, SharedBaseAddress: 0x0000020800000000, ArchiveRelocationMode: 1.
[2025-04-07T10:53:06.044-0400][0.040s][info][gc,metaspace] Compressed class space mapped at: 0x0000020801000000-0x0000020841000000, reserved size: 1073741824
[2025-04-07T10:53:06.044-0400][0.040s][info][gc,metaspace] Narrow klass base: 0x0000020800000000, Narrow klass shift: 0, Narrow klass range: 0x100000000
[2025-04-07T10:53:06.806-0400][0.809s][debug][safepoint   ] Safepoint synchronization initiated using striped semaphore wait barrier. (24 threads)
[2025-04-07T10:53:06.806-0400][0.809s][info ][safepoint   ] Safepoint "ICBufferFull", Time since last: 758617300 ns, Reaching safepoint: 55000 ns, Cleanup: 77300 ns, At safepoint: 8300 ns, Total: 140600 ns
[2025-04-07T10:53:06.845-0400][0.842s][debug][safepoint   ] Safepoint synchronization initiated using striped semaphore wait barrier. (24 threads)
[2025-04-07T10:53:06.845-0400][0.843s][info ][gc,start    ] GC(0) Pause Young (Normal) (G1 Evacuation Pause)
[2025-04-07T10:53:06.849-0400][0.845s][info ][gc,task     ] GC(0) Using 12 workers of 23 for evacuation
[2025-04-07T10:53:06.849-0400][0.848s][info ][gc,phases   ] GC(0)   Pre Evacuate Collection Set: 0.1ms
[2025-04-07T10:53:06.849-0400][0.848s][info ][gc,phases   ] GC(0)   Merge Heap Roots: 0.1ms
[2025-04-07T10:53:06.849-0400][0.848s][info ][gc,phases   ] GC(0)   Evacuate Collection Set: 2.5ms
[2025-04-07T10:53:06.849-0400][0.848s][info ][gc,phases   ] GC(0)   Post Evacuate Collection Set: 1.1ms
[2025-04-07T10:53:06.849-0400][0.848s][info ][gc,phases   ] GC(0)   Other: 2.0ms
[2025-04-07T10:53:06.849-0400][0.848s][info ][gc,heap     ] GC(0) Eden regions: 62->0(87)
[2025-04-07T10:53:06.849-0400][0.848s][info ][gc,heap     ] GC(0) Survivor regions: 0->8(8)
[2025-04-07T10:53:06.849-0400][0.848s][info ][gc,heap     ] GC(0) Old regions: 0->2
[2025-04-07T10:53:06.849-0400][0.848s][info ][gc,heap     ] GC(0) Archive regions: 0->0
[2025-04-07T10:53:06.849-0400][0.848s][info ][gc,heap     ] GC(0) Humongous regions: 0->0
[2025-04-07T10:53:06.849-0400][0.848s][info ][gc,metaspace] GC(0) Metaspace: 2516K(2752K)->2516K(2752K) NonClass: 2282K(2432K)->2282K(2432K) Class: 234K(320K)->234K(320K)
[2025-04-07T10:53:06.849-0400][0.849s][info ][gc          ] GC(0) Pause Young (Normal) (G1 Evacuation Pause) 62M->9M(512M) 5.377ms
[2025-04-07T10:53:06.849-0400][0.849s][info ][gc,cpu      ] GC(0) User=0.00s Sys=0.00s Real=0.00s
[2025-04-07T10:53:06.849-0400][0.849s][info ][safepoint   ] Safepoint "G1CollectForAllocation", Time since last: 33206300 ns, Reaching safepoint: 40200 ns, Cleanup: 15700 ns, At safepoint: 6459100 ns, Total: 6515000 ns
[2025-04-07T10:53:07.854-0400][1.850s][debug][safepoint   ] Safepoint synchronization initiated using striped semaphore wait barrier. (24 threads)
[2025-04-07T10:53:07.870-0400][1.866s][info ][safepoint   ] Safepoint "Cleanup", Time since last: 1001837400 ns, Reaching safepoint: 15677900 ns, Cleanup: 286100 ns, At safepoint: 80100 ns, Total: 16044100 ns
[2025-04-07T10:53:08.187-0400][2.183s][debug][safepoint   ] Safepoint synchronization initiated using striped semaphore wait barrier. (22 threads)
[2025-04-07T10:53:08.187-0400][2.183s][info ][gc,start    ] GC(1) Pause Young (Normal) (G1 Evacuation Pause)
[2025-04-07T10:53:08.187-0400][2.183s][info ][gc,task     ] GC(1) Using 12 workers of 23 for evacuation
[2025-04-07T10:53:08.192-0400][2.188s][info ][gc,phases   ] GC(1)   Pre Evacuate Collection Set: 0.2ms
[2025-04-07T10:53:08.192-0400][2.188s][info ][gc,phases   ] GC(1)   Merge Heap Roots: 0.1ms
[2025-04-07T10:53:08.192-0400][2.188s][info ][gc,phases   ] GC(1)   Evacuate Collection Set: 3.4ms
[2025-04-07T10:53:08.192-0400][2.188s][info ][gc,phases   ] GC(1)   Post Evacuate Collection Set: 1.0ms
[2025-04-07T10:53:08.192-0400][2.188s][info ][gc,phases   ] GC(1)   Other: 0.1ms
[2025-04-07T10:53:08.192-0400][2.188s][info ][gc,heap     ] GC(1) Eden regions: 87->0(304)
[2025-04-07T10:53:08.192-0400][2.188s][info ][gc,heap     ] GC(1) Survivor regions: 8->3(12)
[2025-04-07T10:53:08.192-0400][2.188s][info ][gc,heap     ] GC(1) Old regions: 2->10
[2025-04-07T10:53:08.192-0400][2.188s][info ][gc,heap     ] GC(1) Archive regions: 0->0
[2025-04-07T10:53:08.192-0400][2.188s][info ][gc,heap     ] GC(1) Humongous regions: 0->0
[2025-04-07T10:53:08.192-0400][2.188s][info ][gc,metaspace] GC(1) Metaspace: 5592K(5824K)->5592K(5824K) NonClass: 4912K(5056K)->4912K(5056K) Class: 679K(768K)->679K(768K)
[2025-04-07T10:53:08.192-0400][2.188s][info ][gc          ] GC(1) Pause Young (Normal) (G1 Evacuation Pause) 96M->12M(512M) 5.032ms
[2025-04-07T10:53:08.192-0400][2.188s][info ][gc,cpu      ] GC(1) User=0.05s Sys=0.05s Real=0.00s
[2025-04-07T10:53:08.192-0400][2.188s][info ][safepoint   ] Safepoint "G1CollectForAllocation", Time since last: 316366900 ns, Reaching safepoint: 41900 ns, Cleanup: 85400 ns, At safepoint: 5087400 ns, Total: 5214700 ns
[2025-04-07T10:53:08.745-0400][2.742s][debug][safepoint   ] Safepoint synchronization initiated using striped semaphore wait barrier. (21 threads)
[2025-04-07T10:53:08.745-0400][2.742s][info ][safepoint   ] Safepoint "ICBufferFull", Time since last: 553580300 ns, Reaching safepoint: 125900 ns, Cleanup: 84700 ns, At safepoint: 6400 ns, Total: 217000 ns
[2025-04-07T10:53:09.751-0400][3.747s][debug][safepoint   ] Safepoint synchronization initiated using striped semaphore wait barrier. (19 threads)
[2025-04-07T10:53:09.751-0400][3.747s][info ][safepoint   ] Safepoint "Cleanup", Time since last: 1005207300 ns, Reaching safepoint: 82500 ns, Cleanup: 114900 ns, At safepoint: 12300 ns, Total: 209700 ns
[2025-04-07T10:53:10.420-0400][4.416s][debug][safepoint   ] Safepoint synchronization initiated using striped semaphore wait barrier. (22 threads)
[2025-04-07T10:53:10.420-0400][4.417s][info ][safepoint   ] Safepoint "ICBufferFull", Time since last: 669079800 ns, Reaching safepoint: 74600 ns, Cleanup: 137700 ns, At safepoint: 26500 ns, Total: 238800 ns
[2025-04-07T10:53:10.964-0400][4.961s][debug][safepoint   ] Safepoint synchronization initiated using striped semaphore wait barrier. (20 threads)
[2025-04-07T10:53:10.965-0400][4.961s][info ][gc,start    ] GC(2) Pause Young (Normal) (G1 Evacuation Pause)
[2025-04-07T10:53:10.965-0400][4.961s][info ][gc,task     ] GC(2) Using 12 workers of 23 for evacuation
[2025-04-07T10:53:10.972-0400][4.968s][info ][gc,phases   ] GC(2)   Pre Evacuate Collection Set: 0.2ms
[2025-04-07T10:53:10.972-0400][4.968s][info ][gc,phases   ] GC(2)   Merge Heap Roots: 0.2ms
[2025-04-07T10:53:10.972-0400][4.968s][info ][gc,phases   ] GC(2)   Evacuate Collection Set: 5.2ms
[2025-04-07T10:53:10.972-0400][4.968s][info ][gc,phases   ] GC(2)   Post Evacuate Collection Set: 1.4ms
[2025-04-07T10:53:10.972-0400][4.968s][info ][gc,phases   ] GC(2)   Other: 0.3ms
[2025-04-07T10:53:10.972-0400][4.968s][info ][gc,heap     ] GC(2) Eden regions: 304->0(299)
[2025-04-07T10:53:10.972-0400][4.968s][info ][gc,heap     ] GC(2) Survivor regions: 3->8(39)
[2025-04-07T10:53:10.972-0400][4.968s][info ][gc,heap     ] GC(2) Old regions: 10->10
[2025-04-07T10:53:10.972-0400][4.968s][info ][gc,heap     ] GC(2) Archive regions: 0->0
[2025-04-07T10:53:10.972-0400][4.968s][info ][gc,heap     ] GC(2) Humongous regions: 0->0
[2025-04-07T10:53:10.972-0400][4.968s][info ][gc,metaspace] GC(2) Metaspace: 14985K(15360K)->14985K(15360K) NonClass: 13054K(13248K)->13054K(13248K) Class: 1931K(2112K)->1931K(2112K)
[2025-04-07T10:53:10.972-0400][4.969s][info ][gc          ] GC(2) Pause Young (Normal) (G1 Evacuation Pause) 316M->16M(512M) 7.752ms
[2025-04-07T10:53:10.973-0400][4.969s][info ][gc,cpu      ] GC(2) User=0.02s Sys=0.00s Real=0.01s
[2025-04-07T10:53:10.973-0400][4.969s][info ][safepoint   ] Safepoint "G1CollectForAllocation", Time since last: 543991400 ns, Reaching safepoint: 97000 ns, Cleanup: 103200 ns, At safepoint: 7876100 ns, Total: 8076300 ns
[2025-04-07T10:53:11.795-0400][5.791s][debug][safepoint   ] Safepoint synchronization initiated using striped semaphore wait barrier. (24 threads)
[2025-04-07T10:53:11.817-0400][5.813s][info ][safepoint   ] Safepoint "ICBufferFull", Time since last: 822324200 ns, Reaching safepoint: 21969000 ns, Cleanup: 158700 ns, At safepoint: 32100 ns, Total: 22159800 ns
[2025-04-07T10:53:12.452-0400][6.449s][debug][safepoint   ] Safepoint synchronization initiated using striped semaphore wait barrier. (24 threads)
[2025-04-07T10:53:12.453-0400][6.450s][info ][safepoint   ] Safepoint "ICBufferFull", Time since last: 635626000 ns, Reaching safepoint: 759300 ns, Cleanup: 123700 ns, At safepoint: 22400 ns, Total: 905400 ns
[2025-04-07T10:53:12.546-0400][6.542s][debug][safepoint   ] Safepoint synchronization initiated using striped semaphore wait barrier. (24 threads)
[2025-04-07T10:53:12.546-0400][6.543s][info ][gc,start    ] GC(3) Pause Young (Concurrent Start) (Metadata GC Threshold)
[2025-04-07T10:53:12.546-0400][6.543s][info ][gc,task     ] GC(3) Using 12 workers of 23 for evacuation
[2025-04-07T10:53:12.559-0400][6.555s][info ][gc,phases   ] GC(3)   Pre Evacuate Collection Set: 0.3ms
[2025-04-07T10:53:12.559-0400][6.555s][info ][gc,phases   ] GC(3)   Merge Heap Roots: 0.2ms
[2025-04-07T10:53:12.559-0400][6.555s][info ][gc,phases   ] GC(3)   Evacuate Collection Set: 10.0ms
[2025-04-07T10:53:12.559-0400][6.555s][info ][gc,phases   ] GC(3)   Post Evacuate Collection Set: 1.8ms
[2025-04-07T10:53:12.559-0400][6.555s][info ][gc,phases   ] GC(3)   Other: 0.3ms
[2025-04-07T10:53:12.559-0400][6.555s][info ][gc,heap     ] GC(3) Eden regions: 265->0(289)
[2025-04-07T10:53:12.559-0400][6.555s][info ][gc,heap     ] GC(3) Survivor regions: 8->18(39)
[2025-04-07T10:53:12.559-0400][6.555s][info ][gc,heap     ] GC(3) Old regions: 10->10
[2025-04-07T10:53:12.559-0400][6.555s][info ][gc,heap     ] GC(3) Archive regions: 0->0
[2025-04-07T10:53:12.559-0400][6.555s][info ][gc,heap     ] GC(3) Humongous regions: 0->0
[2025-04-07T10:53:12.559-0400][6.555s][info ][gc,metaspace] GC(3) Metaspace: 21170K(21504K)->21170K(21504K) NonClass: 18467K(18624K)->18467K(18624K) Class: 2703K(2880K)->2703K(2880K)
[2025-04-07T10:53:12.559-0400][6.555s][info ][gc          ] GC(3) Pause Young (Concurrent Start) (Metadata GC Threshold) 280M->27M(512M) 12.782ms
[2025-04-07T10:53:12.559-0400][6.555s][info ][gc,cpu      ] GC(3) User=0.12s Sys=0.06s Real=0.01s
[2025-04-07T10:53:12.559-0400][6.555s][info ][gc          ] GC(4) Concurrent Mark Cycle
[2025-04-07T10:53:12.559-0400][6.555s][info ][safepoint   ] Safepoint "CollectForMetadataAllocation", Time since last: 92765400 ns, Reaching safepoint: 109400 ns, Cleanup: 13700 ns, At safepoint: 12875600 ns, Total: 12998700 ns
[2025-04-07T10:53:12.559-0400][6.555s][info ][gc,marking  ] GC(4) Concurrent Clear Claimed Marks
[2025-04-07T10:53:12.559-0400][6.555s][info ][gc,marking  ] GC(4) Concurrent Clear Claimed Marks 0.062ms
[2025-04-07T10:53:12.559-0400][6.556s][info ][gc,marking  ] GC(4) Concurrent Scan Root Regions
[2025-04-07T10:53:12.565-0400][6.562s][info ][gc,marking  ] GC(4) Concurrent Scan Root Regions 6.513ms
[2025-04-07T10:53:12.566-0400][6.562s][info ][gc,marking  ] GC(4) Concurrent Mark
[2025-04-07T10:53:12.566-0400][6.562s][info ][gc,marking  ] GC(4) Concurrent Mark From Roots
[2025-04-07T10:53:12.566-0400][6.562s][info ][gc,task     ] GC(4) Using 6 workers of 6 for marking
[2025-04-07T10:53:12.569-0400][6.566s][info ][gc,marking  ] GC(4) Concurrent Mark From Roots 3.558ms
[2025-04-07T10:53:12.569-0400][6.566s][info ][gc,marking  ] GC(4) Concurrent Preclean
[2025-04-07T10:53:12.569-0400][6.566s][info ][gc,marking  ] GC(4) Concurrent Preclean 0.179ms
[2025-04-07T10:53:12.569-0400][6.566s][debug][safepoint   ] Safepoint synchronization initiated using striped semaphore wait barrier. (24 threads)
[2025-04-07T10:53:12.578-0400][6.574s][info ][gc,start    ] GC(4) Pause Remark
[2025-04-07T10:53:12.586-0400][6.582s][info ][gc          ] GC(4) Pause Remark 29M->29M(512M) 8.110ms
[2025-04-07T10:53:12.586-0400][6.582s][info ][gc,cpu      ] GC(4) User=0.02s Sys=0.00s Real=0.01s
[2025-04-07T10:53:12.586-0400][6.582s][info ][safepoint   ] Safepoint "G1PauseRemark", Time since last: 10634000 ns, Reaching safepoint: 8227600 ns, Cleanup: 6500 ns, At safepoint: 8217300 ns, Total: 16451400 ns
[2025-04-07T10:53:12.586-0400][6.583s][info ][gc,marking  ] GC(4) Concurrent Mark 20.567ms
[2025-04-07T10:53:12.586-0400][6.583s][info ][gc,marking  ] GC(4) Concurrent Rebuild Remembered Sets
[2025-04-07T10:53:12.588-0400][6.584s][info ][gc,marking  ] GC(4) Concurrent Rebuild Remembered Sets 1.668ms
[2025-04-07T10:53:12.588-0400][6.584s][debug][safepoint   ] Safepoint synchronization initiated using striped semaphore wait barrier. (24 threads)
[2025-04-07T10:53:12.594-0400][6.589s][info ][gc,start    ] GC(4) Pause Cleanup
[2025-04-07T10:53:12.594-0400][6.590s][info ][gc          ] GC(4) Pause Cleanup 29M->29M(512M) 0.554ms
[2025-04-07T10:53:12.594-0400][6.590s][info ][gc,cpu      ] GC(4) User=0.00s Sys=0.00s Real=0.00s
[2025-04-07T10:53:12.594-0400][6.590s][info ][safepoint   ] Safepoint "G1PauseCleanup", Time since last: 1988100 ns, Reaching safepoint: 4830600 ns, Cleanup: 13100 ns, At safepoint: 661400 ns, Total: 5505100 ns
[2025-04-07T10:53:12.594-0400][6.590s][info ][gc,marking  ] GC(4) Concurrent Cleanup for Next Mark
[2025-04-07T10:53:12.595-0400][6.591s][info ][gc,marking  ] GC(4) Concurrent Cleanup for Next Mark 1.081ms
[2025-04-07T10:53:12.595-0400][6.591s][info ][gc          ] GC(4) Concurrent Mark Cycle 35.761ms
[2025-04-07T10:53:13.714-0400][7.710s][debug][safepoint   ] Safepoint synchronization initiated using striped semaphore wait barrier. (28 threads)
[2025-04-07T10:53:13.729-0400][7.725s][info ][safepoint   ] Safepoint "Cleanup", Time since last: 1120020500 ns, Reaching safepoint: 14989300 ns, Cleanup: 105200 ns, At safepoint: 26400 ns, Total: 15120900 ns
[2025-04-07T10:53:14.350-0400][8.346s][debug][safepoint   ] Safepoint synchronization initiated using striped semaphore wait barrier. (28 threads)
[2025-04-07T10:53:14.351-0400][8.346s][info ][gc,start    ] GC(5) Pause Young (Normal) (G1 Evacuation Pause)
[2025-04-07T10:53:14.351-0400][8.347s][info ][gc,task     ] GC(5) Using 12 workers of 23 for evacuation
[2025-04-07T10:53:14.366-0400][8.361s][info ][gc,phases   ] GC(5)   Pre Evacuate Collection Set: 0.1ms
[2025-04-07T10:53:14.366-0400][8.362s][info ][gc,phases   ] GC(5)   Merge Heap Roots: 0.2ms
[2025-04-07T10:53:14.366-0400][8.362s][info ][gc,phases   ] GC(5)   Evacuate Collection Set: 13.3ms
[2025-04-07T10:53:14.366-0400][8.362s][info ][gc,phases   ] GC(5)   Post Evacuate Collection Set: 1.3ms
[2025-04-07T10:53:14.366-0400][8.362s][info ][gc,phases   ] GC(5)   Other: 0.2ms
[2025-04-07T10:53:14.366-0400][8.362s][info ][gc,heap     ] GC(5) Eden regions: 289->0(268)
[2025-04-07T10:53:14.366-0400][8.362s][info ][gc,heap     ] GC(5) Survivor regions: 18->39(39)
[2025-04-07T10:53:14.366-0400][8.362s][info ][gc,heap     ] GC(5) Old regions: 10->10
[2025-04-07T10:53:14.366-0400][8.362s][info ][gc,heap     ] GC(5) Archive regions: 0->0
[2025-04-07T10:53:14.366-0400][8.362s][info ][gc,heap     ] GC(5) Humongous regions: 0->0
[2025-04-07T10:53:14.366-0400][8.362s][info ][gc,metaspace] GC(5) Metaspace: 23965K(24320K)->23965K(24320K) NonClass: 20869K(21056K)->20869K(21056K) Class: 3096K(3264K)->3096K(3264K)
[2025-04-07T10:53:14.366-0400][8.362s][info ][gc          ] GC(5) Pause Young (Normal) (G1 Evacuation Pause) 316M->48M(512M) 15.478ms
[2025-04-07T10:53:14.366-0400][8.362s][info ][gc,cpu      ] GC(5) User=0.12s Sys=0.11s Real=0.01s
[2025-04-07T10:53:14.366-0400][8.362s][info ][safepoint   ] Safepoint "G1CollectForAllocation", Time since last: 620964200 ns, Reaching safepoint: 282100 ns, Cleanup: 97600 ns, At safepoint: 15610700 ns, Total: 15990400 ns
[2025-04-07T10:53:15.140-0400][9.137s][debug][safepoint   ] Safepoint synchronization initiated using striped semaphore wait barrier. (27 threads)
[2025-04-07T10:53:15.140-0400][9.137s][info ][safepoint   ] Safepoint "ICBufferFull", Time since last: 774584500 ns, Reaching safepoint: 85400 ns, Cleanup: 160000 ns, At safepoint: 2600 ns, Total: 248000 ns
[2025-04-07T10:53:16.035-0400][10.031s][debug][safepoint   ] Safepoint synchronization initiated using striped semaphore wait barrier. (28 threads)
[2025-04-07T10:53:16.036-0400][10.031s][info ][gc,start    ] GC(6) Pause Young (Normal) (G1 Evacuation Pause)
[2025-04-07T10:53:16.036-0400][10.032s][info ][gc,task     ] GC(6) Using 12 workers of 23 for evacuation
[2025-04-07T10:53:16.057-0400][10.053s][info ][gc,phases   ] GC(6)   Pre Evacuate Collection Set: 0.1ms
[2025-04-07T10:53:16.057-0400][10.053s][info ][gc,phases   ] GC(6)   Merge Heap Roots: 0.1ms
[2025-04-07T10:53:16.057-0400][10.053s][info ][gc,phases   ] GC(6)   Evacuate Collection Set: 19.6ms
[2025-04-07T10:53:16.057-0400][10.053s][info ][gc,phases   ] GC(6)   Post Evacuate Collection Set: 1.6ms
[2025-04-07T10:53:16.057-0400][10.053s][info ][gc,phases   ] GC(6)   Other: 0.3ms
[2025-04-07T10:53:16.058-0400][10.053s][info ][gc,heap     ] GC(6) Eden regions: 268->0(296)
[2025-04-07T10:53:16.058-0400][10.053s][info ][gc,heap     ] GC(6) Survivor regions: 39->11(39)
[2025-04-07T10:53:16.058-0400][10.053s][info ][gc,heap     ] GC(6) Old regions: 10->48
[2025-04-07T10:53:16.058-0400][10.053s][info ][gc,heap     ] GC(6) Archive regions: 0->0
[2025-04-07T10:53:16.058-0400][10.053s][info ][gc,heap     ] GC(6) Humongous regions: 0->0
[2025-04-07T10:53:16.058-0400][10.053s][info ][gc,metaspace] GC(6) Metaspace: 26830K(27136K)->26830K(27136K) NonClass: 23462K(23616K)->23462K(23616K) Class: 3368K(3520K)->3368K(3520K)
[2025-04-07T10:53:16.058-0400][10.053s][info ][gc          ] GC(6) Pause Young (Normal) (G1 Evacuation Pause) 316M->58M(512M) 22.025ms
[2025-04-07T10:53:16.058-0400][10.053s][info ][gc,cpu      ] GC(6) User=0.16s Sys=0.05s Real=0.02s
[2025-04-07T10:53:16.058-0400][10.054s][info ][safepoint   ] Safepoint "G1CollectForAllocation", Time since last: 894223800 ns, Reaching safepoint: 143900 ns, Cleanup: 120200 ns, At safepoint: 22151000 ns, Total: 22415100 ns
[2025-04-07T10:53:17.072-0400][11.067s][debug][safepoint   ] Safepoint synchronization initiated using striped semaphore wait barrier. (21 threads)
[2025-04-07T10:53:17.072-0400][11.068s][info ][safepoint   ] Safepoint "Cleanup", Time since last: 1013910000 ns, Reaching safepoint: 80500 ns, Cleanup: 146000 ns, At safepoint: 15900 ns, Total: 242400 ns
[2025-04-07T10:53:18.077-0400][12.073s][debug][safepoint   ] Safepoint synchronization initiated using striped semaphore wait barrier. (19 threads)
[2025-04-07T10:53:18.077-0400][12.073s][info ][safepoint   ] Safepoint "Cleanup", Time since last: 1005439600 ns, Reaching safepoint: 69200 ns, Cleanup: 141300 ns, At safepoint: 11100 ns, Total: 221600 ns
[2025-04-07T10:53:18.125-0400][12.122s][debug][safepoint   ] Safepoint synchronization initiated using striped semaphore wait barrier. (19 threads)
[2025-04-07T10:53:18.125-0400][12.122s][info ][gc,start    ] GC(7) Pause Young (Normal) (G1 Evacuation Pause)
[2025-04-07T10:53:18.125-0400][12.122s][info ][gc,task     ] GC(7) Using 12 workers of 23 for evacuation
[2025-04-07T10:53:18.132-0400][12.128s][info ][gc,phases   ] GC(7)   Pre Evacuate Collection Set: 0.4ms
[2025-04-07T10:53:18.132-0400][12.128s][info ][gc,phases   ] GC(7)   Merge Heap Roots: 0.3ms
[2025-04-07T10:53:18.132-0400][12.128s][info ][gc,phases   ] GC(7)   Evacuate Collection Set: 3.8ms
[2025-04-07T10:53:18.132-0400][12.128s][info ][gc,phases   ] GC(7)   Post Evacuate Collection Set: 1.5ms
[2025-04-07T10:53:18.132-0400][12.128s][info ][gc,phases   ] GC(7)   Other: 0.2ms
[2025-04-07T10:53:18.132-0400][12.128s][info ][gc,heap     ] GC(7) Eden regions: 296->0(295)
[2025-04-07T10:53:18.132-0400][12.128s][info ][gc,heap     ] GC(7) Survivor regions: 11->12(39)
[2025-04-07T10:53:18.132-0400][12.128s][info ][gc,heap     ] GC(7) Old regions: 48->48
[2025-04-07T10:53:18.132-0400][12.128s][info ][gc,heap     ] GC(7) Archive regions: 0->0
[2025-04-07T10:53:18.132-0400][12.128s][info ][gc,heap     ] GC(7) Humongous regions: 0->0
[2025-04-07T10:53:18.132-0400][12.128s][info ][gc,metaspace] GC(7) Metaspace: 34285K(34688K)->34285K(34688K) NonClass: 30071K(30272K)->30071K(30272K) Class: 4213K(4416K)->4213K(4416K)
[2025-04-07T10:53:18.132-0400][12.128s][info ][gc          ] GC(7) Pause Young (Normal) (G1 Evacuation Pause) 354M->59M(512M) 6.518ms
[2025-04-07T10:53:18.132-0400][12.129s][info ][gc,cpu      ] GC(7) User=0.17s Sys=0.06s Real=0.01s
[2025-04-07T10:53:18.132-0400][12.129s][info ][safepoint   ] Safepoint "G1CollectForAllocation", Time since last: 48506900 ns, Reaching safepoint: 77400 ns, Cleanup: 16900 ns, At safepoint: 6641900 ns, Total: 6736200 ns
[2025-04-07T10:53:19.566-0400][13.563s][debug][safepoint   ] ... found polling page loop exception at pc = 0x0000020869c442c6, stub =0x0000020869207700
[2025-04-07T10:53:19.567-0400][13.563s][debug][safepoint   ] Safepoint synchronization initiated using striped semaphore wait barrier. (24 threads)
[2025-04-07T10:53:19.567-0400][13.563s][info ][safepoint   ] Safepoint "Cleanup", Time since last: 1434284000 ns, Reaching safepoint: 77000 ns, Cleanup: 140299 ns, At safepoint: 14201 ns, Total: 231500 ns
[2025-04-07T10:53:19.808-0400][13.804s][debug][safepoint   ] Safepoint synchronization initiated using striped semaphore wait barrier. (24 threads)
[2025-04-07T10:53:19.808-0400][13.804s][info ][gc,start    ] GC(8) Pause Young (Concurrent Start) (Metadata GC Threshold)
[2025-04-07T10:53:19.808-0400][13.804s][info ][gc,task     ] GC(8) Using 12 workers of 23 for evacuation
[2025-04-07T10:53:19.813-0400][13.810s][info ][gc,phases   ] GC(8)   Pre Evacuate Collection Set: 0.2ms
[2025-04-07T10:53:19.813-0400][13.810s][info ][gc,phases   ] GC(8)   Merge Heap Roots: 0.1ms
[2025-04-07T10:53:19.814-0400][13.810s][info ][gc,phases   ] GC(8)   Evacuate Collection Set: 3.6ms
[2025-04-07T10:53:19.814-0400][13.810s][info ][gc,phases   ] GC(8)   Post Evacuate Collection Set: 1.3ms
[2025-04-07T10:53:19.814-0400][13.810s][info ][gc,phases   ] GC(8)   Other: 0.3ms
[2025-04-07T10:53:19.814-0400][13.810s][info ][gc,heap     ] GC(8) Eden regions: 128->0(295)
[2025-04-07T10:53:19.814-0400][13.810s][info ][gc,heap     ] GC(8) Survivor regions: 12->12(39)
[2025-04-07T10:53:19.814-0400][13.810s][info ][gc,heap     ] GC(8) Old regions: 48->48
[2025-04-07T10:53:19.814-0400][13.810s][info ][gc,heap     ] GC(8) Archive regions: 0->0
[2025-04-07T10:53:19.814-0400][13.810s][info ][gc,heap     ] GC(8) Humongous regions: 0->0
[2025-04-07T10:53:19.814-0400][13.810s][info ][gc,metaspace] GC(8) Metaspace: 35586K(35968K)->35586K(35968K) NonClass: 31205K(31360K)->31205K(31360K) Class: 4380K(4608K)->4380K(4608K)
[2025-04-07T10:53:19.814-0400][13.810s][info ][gc          ] GC(8) Pause Young (Concurrent Start) (Metadata GC Threshold) 186M->59M(512M) 6.187ms
[2025-04-07T10:53:19.814-0400][13.810s][info ][gc,cpu      ] GC(8) User=0.00s Sys=0.00s Real=0.01s
[2025-04-07T10:53:19.814-0400][13.811s][info ][gc          ] GC(9) Concurrent Mark Cycle
[2025-04-07T10:53:19.814-0400][13.811s][info ][safepoint   ] Safepoint "CollectForMetadataAllocation", Time since last: 240988400 ns, Reaching safepoint: 70000 ns, Cleanup: 75900 ns, At safepoint: 6323600 ns, Total: 6469500 ns
[2025-04-07T10:53:19.814-0400][13.811s][info ][gc,marking  ] GC(9) Concurrent Clear Claimed Marks
[2025-04-07T10:53:19.815-0400][13.811s][info ][gc,marking  ] GC(9) Concurrent Clear Claimed Marks 0.352ms
[2025-04-07T10:53:19.815-0400][13.811s][info ][gc,marking  ] GC(9) Concurrent Scan Root Regions
[2025-04-07T10:53:19.817-0400][13.813s][info ][gc,marking  ] GC(9) Concurrent Scan Root Regions 2.250ms
[2025-04-07T10:53:19.817-0400][13.813s][info ][gc,marking  ] GC(9) Concurrent Mark
[2025-04-07T10:53:19.817-0400][13.813s][info ][gc,marking  ] GC(9) Concurrent Mark From Roots
[2025-04-07T10:53:19.817-0400][13.813s][info ][gc,task     ] GC(9) Using 6 workers of 6 for marking
[2025-04-07T10:53:19.836-0400][13.832s][info ][gc,marking  ] GC(9) Concurrent Mark From Roots 18.608ms
[2025-04-07T10:53:19.836-0400][13.832s][info ][gc,marking  ] GC(9) Concurrent Preclean
[2025-04-07T10:53:19.836-0400][13.833s][info ][gc,marking  ] GC(9) Concurrent Preclean 0.550ms
[2025-04-07T10:53:19.836-0400][13.833s][debug][safepoint   ] Safepoint synchronization initiated using striped semaphore wait barrier. (24 threads)
[2025-04-07T10:53:19.859-0400][13.855s][info ][gc,start    ] GC(9) Pause Remark
[2025-04-07T10:53:19.873-0400][13.870s][info ][gc          ] GC(9) Pause Remark 61M->61M(512M) 14.611ms
[2025-04-07T10:53:19.873-0400][13.870s][info ][gc,cpu      ] GC(9) User=0.05s Sys=0.02s Real=0.01s
[2025-04-07T10:53:19.873-0400][13.870s][info ][safepoint   ] Safepoint "G1PauseRemark", Time since last: 22117600 ns, Reaching safepoint: 22211000 ns, Cleanup: 31500 ns, At safepoint: 14741999 ns, Total: 36984499 ns
[2025-04-07T10:53:19.873-0400][13.870s][info ][gc,marking  ] GC(9) Concurrent Mark 56.370ms
[2025-04-07T10:53:19.873-0400][13.870s][info ][gc,marking  ] GC(9) Concurrent Rebuild Remembered Sets
[2025-04-07T10:53:19.883-0400][13.879s][info ][gc,marking  ] GC(9) Concurrent Rebuild Remembered Sets 9.134ms
[2025-04-07T10:53:19.883-0400][13.879s][debug][safepoint   ] Safepoint synchronization initiated using striped semaphore wait barrier. (24 threads)
[2025-04-07T10:53:19.883-0400][13.879s][info ][gc,start    ] GC(9) Pause Cleanup
[2025-04-07T10:53:19.883-0400][13.879s][info ][gc          ] GC(9) Pause Cleanup 62M->62M(512M) 0.305ms
[2025-04-07T10:53:19.883-0400][13.879s][info ][gc,cpu      ] GC(9) User=0.00s Sys=0.00s Real=0.00s
[2025-04-07T10:53:19.883-0400][13.879s][info ][safepoint   ] Safepoint "G1PauseCleanup", Time since last: 9332901 ns, Reaching safepoint: 47300 ns, Cleanup: 4699 ns, At safepoint: 380600 ns, Total: 432599 ns
[2025-04-07T10:53:19.883-0400][13.879s][info ][gc,marking  ] GC(9) Concurrent Cleanup for Next Mark
[2025-04-07T10:53:19.884-0400][13.880s][info ][gc,marking  ] GC(9) Concurrent Cleanup for Next Mark 0.892ms
[2025-04-07T10:53:19.884-0400][13.880s][info ][gc          ] GC(9) Concurrent Mark Cycle 69.853ms
[2025-04-07T10:53:21.195-0400][15.191s][debug][safepoint   ] Safepoint synchronization initiated using striped semaphore wait barrier. (20 threads)
[2025-04-07T10:53:21.195-0400][15.191s][info ][safepoint   ] Safepoint "ICBufferFull", Time since last: 1311553001 ns, Reaching safepoint: 75600 ns, Cleanup: 175200 ns, At safepoint: 2600 ns, Total: 253400 ns
[2025-04-07T10:53:23.044-0400][17.040s][debug][safepoint   ] Safepoint synchronization initiated using striped semaphore wait barrier. (24 threads)
[2025-04-07T10:53:23.045-0400][17.040s][info ][gc,start    ] GC(10) Pause Young (Prepare Mixed) (G1 Evacuation Pause)
[2025-04-07T10:53:23.045-0400][17.040s][info ][gc,task     ] GC(10) Using 12 workers of 23 for evacuation
[2025-04-07T10:53:23.052-0400][17.048s][info ][gc,phases   ] GC(10)   Pre Evacuate Collection Set: 0.3ms
[2025-04-07T10:53:23.052-0400][17.048s][info ][gc,phases   ] GC(10)   Merge Heap Roots: 0.4ms
[2025-04-07T10:53:23.052-0400][17.048s][info ][gc,phases   ] GC(10)   Evacuate Collection Set: 4.7ms
[2025-04-07T10:53:23.052-0400][17.048s][info ][gc,phases   ] GC(10)   Post Evacuate Collection Set: 1.9ms
[2025-04-07T10:53:23.052-0400][17.048s][info ][gc,phases   ] GC(10)   Other: 0.2ms
[2025-04-07T10:53:23.052-0400][17.048s][info ][gc,heap     ] GC(10) Eden regions: 295->0(12)
[2025-04-07T10:53:23.052-0400][17.048s][info ][gc,heap     ] GC(10) Survivor regions: 12->13(39)
[2025-04-07T10:53:23.052-0400][17.048s][info ][gc,heap     ] GC(10) Old regions: 48->48
[2025-04-07T10:53:23.052-0400][17.048s][info ][gc,heap     ] GC(10) Archive regions: 0->0
[2025-04-07T10:53:23.052-0400][17.048s][info ][gc,heap     ] GC(10) Humongous regions: 0->0
[2025-04-07T10:53:23.052-0400][17.048s][info ][gc,metaspace] GC(10) Metaspace: 41054K(41472K)->41054K(41472K) NonClass: 35898K(36096K)->35898K(36096K) Class: 5156K(5376K)->5156K(5376K)
[2025-04-07T10:53:23.052-0400][17.048s][info ][gc          ] GC(10) Pause Young (Prepare Mixed) (G1 Evacuation Pause) 354M->60M(512M) 7.931ms
[2025-04-07T10:53:23.053-0400][17.048s][info ][gc,cpu      ] GC(10) User=0.03s Sys=0.00s Real=0.01s
[2025-04-07T10:53:23.053-0400][17.048s][info ][safepoint   ] Safepoint "G1CollectForAllocation", Time since last: 1848775100 ns, Reaching safepoint: 76900 ns, Cleanup: 127800 ns, At safepoint: 8049800 ns, Total: 8254500 ns
[2025-04-07T10:53:23.201-0400][17.197s][debug][safepoint   ] Safepoint synchronization initiated using striped semaphore wait barrier. (23 threads)
[2025-04-07T10:53:23.202-0400][17.198s][info ][gc,start    ] GC(11) Pause Young (Mixed) (G1 Evacuation Pause)
[2025-04-07T10:53:23.202-0400][17.198s][info ][gc,task     ] GC(11) Using 12 workers of 23 for evacuation
[2025-04-07T10:53:23.212-0400][17.208s][info ][gc,phases   ] GC(11)   Pre Evacuate Collection Set: 0.2ms
[2025-04-07T10:53:23.212-0400][17.208s][info ][gc,phases   ] GC(11)   Merge Heap Roots: 0.1ms
[2025-04-07T10:53:23.212-0400][17.208s][info ][gc,phases   ] GC(11)   Evacuate Collection Set: 8.7ms
[2025-04-07T10:53:23.212-0400][17.208s][info ][gc,phases   ] GC(11)   Post Evacuate Collection Set: 1.2ms
[2025-04-07T10:53:23.212-0400][17.208s][info ][gc,phases   ] GC(11)   Other: 0.2ms
[2025-04-07T10:53:23.212-0400][17.208s][info ][gc,heap     ] GC(11) Eden regions: 12->0(305)
[2025-04-07T10:53:23.212-0400][17.208s][info ][gc,heap     ] GC(11) Survivor regions: 13->2(4)
[2025-04-07T10:53:23.213-0400][17.208s][info ][gc,heap     ] GC(11) Old regions: 48->59
[2025-04-07T10:53:23.213-0400][17.208s][info ][gc,heap     ] GC(11) Archive regions: 0->0
[2025-04-07T10:53:23.213-0400][17.208s][info ][gc,heap     ] GC(11) Humongous regions: 0->0
[2025-04-07T10:53:23.213-0400][17.208s][info ][gc,metaspace] GC(11) Metaspace: 41255K(41664K)->41255K(41664K) NonClass: 36071K(36288K)->36071K(36288K) Class: 5184K(5376K)->5184K(5376K)
[2025-04-07T10:53:23.213-0400][17.208s][info ][gc          ] GC(11) Pause Young (Mixed) (G1 Evacuation Pause) 72M->60M(512M) 10.643ms
[2025-04-07T10:53:23.213-0400][17.208s][info ][gc,cpu      ] GC(11) User=0.14s Sys=0.08s Real=0.01s
[2025-04-07T10:53:23.213-0400][17.208s][info ][safepoint   ] Safepoint "G1CollectForAllocation", Time since last: 148906500 ns, Reaching safepoint: 370900 ns, Cleanup: 77000 ns, At safepoint: 10759100 ns, Total: 11207000 ns
[2025-04-07T10:53:24.262-0400][18.258s][debug][safepoint   ] Safepoint synchronization initiated using striped semaphore wait barrier. (21 threads)
[2025-04-07T10:53:24.262-0400][18.258s][info ][safepoint   ] Safepoint "Cleanup", Time since last: 1049625100 ns, Reaching safepoint: 108700 ns, Cleanup: 113800 ns, At safepoint: 35000 ns, Total: 257500 ns
[2025-04-07T10:53:25.436-0400][19.432s][debug][safepoint   ] Safepoint synchronization initiated using striped semaphore wait barrier. (25 threads)
[2025-04-07T10:53:25.436-0400][19.433s][info ][safepoint   ] Safepoint "Cleanup", Time since last: 1173700700 ns, Reaching safepoint: 427200 ns, Cleanup: 107100 ns, At safepoint: 17300 ns, Total: 551600 ns
[2025-04-07T10:53:26.895-0400][20.891s][debug][safepoint   ] Safepoint synchronization initiated using striped semaphore wait barrier. (25 threads)
[2025-04-07T10:53:26.911-0400][20.907s][info ][safepoint   ] Safepoint "Cleanup", Time since last: 1458012000 ns, Reaching safepoint: 15971300 ns, Cleanup: 95800 ns, At safepoint: 23000 ns, Total: 16090100 ns
[2025-04-07T10:53:28.075-0400][22.071s][debug][safepoint   ] Safepoint synchronization initiated using striped semaphore wait barrier. (23 threads)
[2025-04-07T10:53:28.075-0400][22.071s][info ][safepoint   ] Safepoint "Cleanup", Time since last: 1164152900 ns, Reaching safepoint: 98500 ns, Cleanup: 266800 ns, At safepoint: 19400 ns, Total: 384700 ns
[2025-04-07T10:53:28.234-0400][22.230s][debug][safepoint   ] Safepoint synchronization initiated using striped semaphore wait barrier. (23 threads)
[2025-04-07T10:53:28.234-0400][22.230s][info ][gc,start    ] GC(12) Pause Young (Normal) (G1 Evacuation Pause)
[2025-04-07T10:53:28.234-0400][22.230s][info ][gc,task     ] GC(12) Using 12 workers of 23 for evacuation
[2025-04-07T10:53:28.240-0400][22.236s][info ][gc,phases   ] GC(12)   Pre Evacuate Collection Set: 0.2ms
[2025-04-07T10:53:28.240-0400][22.236s][info ][gc,phases   ] GC(12)   Merge Heap Roots: 0.2ms
[2025-04-07T10:53:28.240-0400][22.236s][info ][gc,phases   ] GC(12)   Evacuate Collection Set: 3.5ms
[2025-04-07T10:53:28.240-0400][22.236s][info ][gc,phases   ] GC(12)   Post Evacuate Collection Set: 1.4ms
[2025-04-07T10:53:28.240-0400][22.236s][info ][gc,phases   ] GC(12)   Other: 0.2ms
[2025-04-07T10:53:28.240-0400][22.236s][info ][gc,heap     ] GC(12) Eden regions: 305->0(301)
[2025-04-07T10:53:28.240-0400][22.236s][info ][gc,heap     ] GC(12) Survivor regions: 2->6(39)
[2025-04-07T10:53:28.240-0400][22.236s][info ][gc,heap     ] GC(12) Old regions: 59->59
[2025-04-07T10:53:28.240-0400][22.236s][info ][gc,heap     ] GC(12) Archive regions: 0->0
[2025-04-07T10:53:28.240-0400][22.236s][info ][gc,heap     ] GC(12) Humongous regions: 0->0
[2025-04-07T10:53:28.240-0400][22.236s][info ][gc,metaspace] GC(12) Metaspace: 49078K(49472K)->49078K(49472K) NonClass: 42832K(43008K)->42832K(43008K) Class: 6246K(6464K)->6246K(6464K)
[2025-04-07T10:53:28.240-0400][22.236s][info ][gc          ] GC(12) Pause Young (Normal) (G1 Evacuation Pause) 365M->64M(512M) 5.847ms
[2025-04-07T10:53:28.240-0400][22.236s][info ][gc,cpu      ] GC(12) User=0.17s Sys=0.03s Real=0.01s
[2025-04-07T10:53:28.240-0400][22.236s][info ][safepoint   ] Safepoint "G1CollectForAllocation", Time since last: 158962700 ns, Reaching safepoint: 81900 ns, Cleanup: 28600 ns, At safepoint: 5974000 ns, Total: 6084500 ns
[2025-04-07T10:53:29.254-0400][23.250s][debug][safepoint   ] Safepoint synchronization initiated using striped semaphore wait barrier. (25 threads)
[2025-04-07T10:53:29.269-0400][23.265s][info ][safepoint   ] Safepoint "Cleanup", Time since last: 1013726200 ns, Reaching safepoint: 15184200 ns, Cleanup: 83700 ns, At safepoint: 12300 ns, Total: 15280200 ns
[2025-04-07T10:53:30.614-0400][24.610s][debug][safepoint   ] Safepoint synchronization initiated using striped semaphore wait barrier. (27 threads)
[2025-04-07T10:53:30.646-0400][24.642s][info ][safepoint   ] Safepoint "Cleanup", Time since last: 1344860500 ns, Reaching safepoint: 31647600 ns, Cleanup: 41300 ns, At safepoint: 15400 ns, Total: 31704300 ns
[2025-04-07T10:53:32.240-0400][26.236s][debug][safepoint   ] Safepoint synchronization initiated using striped semaphore wait barrier. (23 threads)
[2025-04-07T10:53:32.240-0400][26.236s][info ][safepoint   ] Safepoint "Cleanup", Time since last: 1594263100 ns, Reaching safepoint: 81300 ns, Cleanup: 121500 ns, At safepoint: 2100 ns, Total: 204900 ns
[2025-04-07T10:53:33.326-0400][27.322s][debug][safepoint   ] Safepoint synchronization initiated using striped semaphore wait barrier. (22 threads)
[2025-04-07T10:53:33.326-0400][27.322s][info ][safepoint   ] Safepoint "ICBufferFull", Time since last: 1086031500 ns, Reaching safepoint: 51600 ns, Cleanup: 116700 ns, At safepoint: 5700 ns, Total: 174000 ns
[2025-04-07T10:53:34.508-0400][28.503s][debug][safepoint   ] Safepoint synchronization initiated using striped semaphore wait barrier. (28 threads)
[2025-04-07T10:53:34.524-0400][28.520s][info ][safepoint   ] Safepoint "Cleanup", Time since last: 1180949900 ns, Reaching safepoint: 16103800 ns, Cleanup: 141000 ns, At safepoint: 20200 ns, Total: 16265000 ns
[2025-04-07T10:53:35.536-0400][29.532s][debug][safepoint   ] Safepoint synchronization initiated using striped semaphore wait barrier. (30 threads)
[2025-04-07T10:53:35.598-0400][29.594s][info ][safepoint   ] Safepoint "Cleanup", Time since last: 1012537600 ns, Reaching safepoint: 62080900 ns, Cleanup: 99800 ns, At safepoint: 25100 ns, Total: 62205800 ns
[2025-04-07T10:53:37.128-0400][31.125s][debug][safepoint   ] Safepoint synchronization initiated using striped semaphore wait barrier. (27 threads)
[2025-04-07T10:53:37.128-0400][31.125s][info ][gc,start    ] GC(13) Pause Young (Normal) (G1 Evacuation Pause)
[2025-04-07T10:53:37.129-0400][31.125s][info ][gc,task     ] GC(13) Using 12 workers of 23 for evacuation
[2025-04-07T10:53:37.137-0400][31.134s][info ][gc,phases   ] GC(13)   Pre Evacuate Collection Set: 0.3ms
[2025-04-07T10:53:37.138-0400][31.134s][info ][gc,phases   ] GC(13)   Merge Heap Roots: 0.2ms
[2025-04-07T10:53:37.138-0400][31.134s][info ][gc,phases   ] GC(13)   Evacuate Collection Set: 5.0ms
[2025-04-07T10:53:37.138-0400][31.134s][info ][gc,phases   ] GC(13)   Post Evacuate Collection Set: 2.9ms
[2025-04-07T10:53:37.138-0400][31.134s][info ][gc,phases   ] GC(13)   Other: 0.2ms
[2025-04-07T10:53:37.138-0400][31.134s][info ][gc,heap     ] GC(13) Eden regions: 301->0(297)
[2025-04-07T10:53:37.138-0400][31.134s][info ][gc,heap     ] GC(13) Survivor regions: 6->10(39)
[2025-04-07T10:53:37.138-0400][31.134s][info ][gc,heap     ] GC(13) Old regions: 59->59
[2025-04-07T10:53:37.138-0400][31.134s][info ][gc,heap     ] GC(13) Archive regions: 0->0
[2025-04-07T10:53:37.138-0400][31.134s][info ][gc,heap     ] GC(13) Humongous regions: 0->0
[2025-04-07T10:53:37.138-0400][31.134s][info ][gc,metaspace] GC(13) Metaspace: 59269K(59712K)->59269K(59712K) NonClass: 51759K(51968K)->51759K(51968K) Class: 7510K(7744K)->7510K(7744K)
[2025-04-07T10:53:37.138-0400][31.134s][info ][gc          ] GC(13) Pause Young (Normal) (G1 Evacuation Pause) 365M->68M(512M) 8.822ms
[2025-04-07T10:53:37.138-0400][31.134s][info ][gc,cpu      ] GC(13) User=0.00s Sys=0.00s Real=0.01s
[2025-04-07T10:53:37.138-0400][31.134s][info ][safepoint   ] Safepoint "G1CollectForAllocation", Time since last: 1530462500 ns, Reaching safepoint: 62700 ns, Cleanup: 18900 ns, At safepoint: 8937800 ns, Total: 9019400 ns
[2025-04-07T10:53:37.253-0400][31.249s][debug][safepoint   ] Safepoint synchronization initiated using striped semaphore wait barrier. (22 threads)
[2025-04-07T10:53:37.253-0400][31.249s][info ][gc,start    ] GC(14) Pause Young (Concurrent Start) (Metadata GC Threshold)
[2025-04-07T10:53:37.253-0400][31.249s][info ][gc,task     ] GC(14) Using 12 workers of 23 for evacuation
[2025-04-07T10:53:37.258-0400][31.254s][info ][gc,phases   ] GC(14)   Pre Evacuate Collection Set: 0.3ms
[2025-04-07T10:53:37.258-0400][31.255s][info ][gc,phases   ] GC(14)   Merge Heap Roots: 0.3ms
[2025-04-07T10:53:37.258-0400][31.255s][info ][gc,phases   ] GC(14)   Evacuate Collection Set: 3.4ms
[2025-04-07T10:53:37.258-0400][31.255s][info ][gc,phases   ] GC(14)   Post Evacuate Collection Set: 1.5ms
[2025-04-07T10:53:37.258-0400][31.255s][info ][gc,phases   ] GC(14)   Other: 0.1ms
[2025-04-07T10:53:37.258-0400][31.255s][info ][gc,heap     ] GC(14) Eden regions: 27->0(297)
[2025-04-07T10:53:37.258-0400][31.255s][info ][gc,heap     ] GC(14) Survivor regions: 10->10(39)
[2025-04-07T10:53:37.258-0400][31.255s][info ][gc,heap     ] GC(14) Old regions: 59->59
[2025-04-07T10:53:37.258-0400][31.255s][info ][gc,heap     ] GC(14) Archive regions: 0->0
[2025-04-07T10:53:37.258-0400][31.255s][info ][gc,heap     ] GC(14) Humongous regions: 0->0
[2025-04-07T10:53:37.258-0400][31.255s][info ][gc,metaspace] GC(14) Metaspace: 59622K(60096K)->59622K(60096K) NonClass: 52054K(52288K)->52054K(52288K) Class: 7568K(7808K)->7568K(7808K)
[2025-04-07T10:53:37.258-0400][31.255s][info ][gc          ] GC(14) Pause Young (Concurrent Start) (Metadata GC Threshold) 94M->68M(512M) 5.948ms
[2025-04-07T10:53:37.258-0400][31.255s][info ][gc,cpu      ] GC(14) User=0.00s Sys=0.00s Real=0.00s
[2025-04-07T10:53:37.258-0400][31.255s][info ][safepoint   ] Safepoint "CollectForMetadataAllocation", Time since last: 114885600 ns, Reaching safepoint: 30800 ns, Cleanup: 12100 ns, At safepoint: 6048400 ns, Total: 6091300 ns
[2025-04-07T10:53:37.259-0400][31.255s][info ][gc          ] GC(15) Concurrent Mark Cycle
[2025-04-07T10:53:37.259-0400][31.255s][info ][gc,marking  ] GC(15) Concurrent Clear Claimed Marks
[2025-04-07T10:53:37.259-0400][31.255s][info ][gc,marking  ] GC(15) Concurrent Clear Claimed Marks 0.037ms
[2025-04-07T10:53:37.259-0400][31.255s][info ][gc,marking  ] GC(15) Concurrent Scan Root Regions
[2025-04-07T10:53:37.261-0400][31.257s][info ][gc,marking  ] GC(15) Concurrent Scan Root Regions 2.233ms
[2025-04-07T10:53:37.261-0400][31.257s][info ][gc,marking  ] GC(15) Concurrent Mark
[2025-04-07T10:53:37.261-0400][31.257s][info ][gc,marking  ] GC(15) Concurrent Mark From Roots
[2025-04-07T10:53:37.261-0400][31.257s][info ][gc,task     ] GC(15) Using 6 workers of 6 for marking
[2025-04-07T10:53:37.280-0400][31.277s][info ][gc,marking  ] GC(15) Concurrent Mark From Roots 19.410ms
[2025-04-07T10:53:37.280-0400][31.277s][info ][gc,marking  ] GC(15) Concurrent Preclean
[2025-04-07T10:53:37.281-0400][31.277s][info ][gc,marking  ] GC(15) Concurrent Preclean 0.256ms
[2025-04-07T10:53:37.281-0400][31.277s][debug][safepoint   ] Safepoint synchronization initiated using striped semaphore wait barrier. (22 threads)
[2025-04-07T10:53:37.281-0400][31.277s][info ][gc,start    ] GC(15) Pause Remark
[2025-04-07T10:53:37.299-0400][31.296s][info ][gc          ] GC(15) Pause Remark 71M->71M(512M) 18.351ms
[2025-04-07T10:53:37.299-0400][31.296s][info ][gc,cpu      ] GC(15) User=0.00s Sys=0.00s Real=0.02s
[2025-04-07T10:53:37.299-0400][31.296s][info ][safepoint   ] Safepoint "G1PauseRemark", Time since last: 22309300 ns, Reaching safepoint: 31400 ns, Cleanup: 3600 ns, At safepoint: 18434600 ns, Total: 18469600 ns
[2025-04-07T10:53:37.299-0400][31.296s][info ][gc,marking  ] GC(15) Concurrent Mark 38.531ms
[2025-04-07T10:53:37.299-0400][31.296s][info ][gc,marking  ] GC(15) Concurrent Rebuild Remembered Sets
[2025-04-07T10:53:37.309-0400][31.305s][info ][gc,marking  ] GC(15) Concurrent Rebuild Remembered Sets 8.981ms
[2025-04-07T10:53:37.309-0400][31.305s][debug][safepoint   ] Safepoint synchronization initiated using striped semaphore wait barrier. (22 threads)
[2025-04-07T10:53:37.310-0400][31.305s][info ][gc,start    ] GC(15) Pause Cleanup
[2025-04-07T10:53:37.310-0400][31.306s][info ][gc          ] GC(15) Pause Cleanup 73M->73M(512M) 0.287ms
[2025-04-07T10:53:37.310-0400][31.306s][info ][gc,cpu      ] GC(15) User=0.00s Sys=0.00s Real=0.00s
[2025-04-07T10:53:37.310-0400][31.306s][info ][safepoint   ] Safepoint "G1PauseCleanup", Time since last: 9265200 ns, Reaching safepoint: 383100 ns, Cleanup: 2600 ns, At safepoint: 345500 ns, Total: 731200 ns
[2025-04-07T10:53:37.310-0400][31.306s][info ][gc,marking  ] GC(15) Concurrent Cleanup for Next Mark
[2025-04-07T10:53:37.310-0400][31.306s][info ][gc,marking  ] GC(15) Concurrent Cleanup for Next Mark 0.425ms
[2025-04-07T10:53:37.310-0400][31.306s][info ][gc          ] GC(15) Concurrent Mark Cycle 51.260ms
[2025-04-07T10:53:38.577-0400][32.573s][debug][safepoint   ] Safepoint synchronization initiated using striped semaphore wait barrier. (29 threads)
[2025-04-07T10:53:38.577-0400][32.574s][info ][safepoint   ] Safepoint "Cleanup", Time since last: 1267294600 ns, Reaching safepoint: 64700 ns, Cleanup: 663300 ns, At safepoint: 8500 ns, Total: 736500 ns
[2025-04-07T10:53:40.054-0400][34.050s][debug][safepoint   ] Safepoint synchronization initiated using striped semaphore wait barrier. (27 threads)
[2025-04-07T10:53:40.054-0400][34.050s][info ][safepoint   ] Safepoint "Cleanup", Time since last: 1476329900 ns, Reaching safepoint: 48400 ns, Cleanup: 67600 ns, At safepoint: 8300 ns, Total: 124300 ns
[2025-04-07T10:53:40.164-0400][34.160s][debug][safepoint   ] Safepoint synchronization initiated using striped semaphore wait barrier. (23 threads)
[2025-04-07T10:53:40.164-0400][34.160s][info ][gc,start    ] GC(16) Pause Young (Prepare Mixed) (G1 Evacuation Pause)
[2025-04-07T10:53:40.164-0400][34.160s][info ][gc,task     ] GC(16) Using 12 workers of 23 for evacuation
[2025-04-07T10:53:40.170-0400][34.166s][info ][gc,phases   ] GC(16)   Pre Evacuate Collection Set: 0.2ms
[2025-04-07T10:53:40.170-0400][34.166s][info ][gc,phases   ] GC(16)   Merge Heap Roots: 0.4ms
[2025-04-07T10:53:40.170-0400][34.166s][info ][gc,phases   ] GC(16)   Evacuate Collection Set: 3.9ms
[2025-04-07T10:53:40.170-0400][34.166s][info ][gc,phases   ] GC(16)   Post Evacuate Collection Set: 1.8ms
[2025-04-07T10:53:40.170-0400][34.166s][info ][gc,phases   ] GC(16)   Other: 0.1ms
[2025-04-07T10:53:40.170-0400][34.166s][info ][gc,heap     ] GC(16) Eden regions: 297->0(13)
[2025-04-07T10:53:40.170-0400][34.166s][info ][gc,heap     ] GC(16) Survivor regions: 10->12(39)
[2025-04-07T10:53:40.170-0400][34.166s][info ][gc,heap     ] GC(16) Old regions: 59->59
[2025-04-07T10:53:40.170-0400][34.166s][info ][gc,heap     ] GC(16) Archive regions: 0->0
[2025-04-07T10:53:40.170-0400][34.166s][info ][gc,heap     ] GC(16) Humongous regions: 0->0
[2025-04-07T10:53:40.170-0400][34.166s][info ][gc,metaspace] GC(16) Metaspace: 66839K(67264K)->66839K(67264K) NonClass: 58294K(58496K)->58294K(58496K) Class: 8545K(8768K)->8545K(8768K)
[2025-04-07T10:53:40.170-0400][34.167s][info ][gc          ] GC(16) Pause Young (Prepare Mixed) (G1 Evacuation Pause) 365M->70M(512M) 6.453ms
[2025-04-07T10:53:40.170-0400][34.167s][info ][gc,cpu      ] GC(16) User=0.00s Sys=0.00s Real=0.01s
[2025-04-07T10:53:40.170-0400][34.167s][info ][safepoint   ] Safepoint "G1CollectForAllocation", Time since last: 109905100 ns, Reaching safepoint: 24700 ns, Cleanup: 5700 ns, At safepoint: 6507000 ns, Total: 6537400 ns
[2025-04-07T10:53:40.222-0400][34.218s][debug][safepoint   ] Safepoint synchronization initiated using striped semaphore wait barrier. (23 threads)
[2025-04-07T10:53:40.222-0400][34.219s][info ][gc,start    ] GC(17) Pause Young (Mixed) (G1 Evacuation Pause)
[2025-04-07T10:53:40.222-0400][34.219s][info ][gc,task     ] GC(17) Using 12 workers of 23 for evacuation
[2025-04-07T10:53:40.232-0400][34.227s][info ][gc,phases   ] GC(17)   Pre Evacuate Collection Set: 0.2ms
[2025-04-07T10:53:40.232-0400][34.227s][info ][gc,phases   ] GC(17)   Merge Heap Roots: 0.2ms
[2025-04-07T10:53:40.232-0400][34.228s][info ][gc,phases   ] GC(17)   Evacuate Collection Set: 6.9ms
[2025-04-07T10:53:40.232-0400][34.228s][info ][gc,phases   ] GC(17)   Post Evacuate Collection Set: 1.4ms
[2025-04-07T10:53:40.232-0400][34.228s][info ][gc,phases   ] GC(17)   Other: 0.1ms
[2025-04-07T10:53:40.232-0400][34.228s][info ][gc,heap     ] GC(17) Eden regions: 13->0(305)
[2025-04-07T10:53:40.232-0400][34.228s][info ][gc,heap     ] GC(17) Survivor regions: 12->2(4)
[2025-04-07T10:53:40.232-0400][34.228s][info ][gc,heap     ] GC(17) Old regions: 59->69
[2025-04-07T10:53:40.232-0400][34.228s][info ][gc,heap     ] GC(17) Archive regions: 0->0
[2025-04-07T10:53:40.232-0400][34.228s][info ][gc,heap     ] GC(17) Humongous regions: 0->0
[2025-04-07T10:53:40.232-0400][34.228s][info ][gc,metaspace] GC(17) Metaspace: 67337K(67776K)->67337K(67776K) NonClass: 58717K(58944K)->58717K(58944K) Class: 8620K(8832K)->8620K(8832K)
[2025-04-07T10:53:40.232-0400][34.228s][info ][gc          ] GC(17) Pause Young (Mixed) (G1 Evacuation Pause) 83M->70M(512M) 9.082ms
[2025-04-07T10:53:40.232-0400][34.228s][info ][gc,cpu      ] GC(17) User=0.00s Sys=0.00s Real=0.01s
[2025-04-07T10:53:40.232-0400][34.228s][info ][safepoint   ] Safepoint "G1CollectForAllocation", Time since last: 51915700 ns, Reaching safepoint: 46400 ns, Cleanup: 6200 ns, At safepoint: 9143800 ns, Total: 9196400 ns
[2025-04-07T10:53:40.754-0400][34.751s][debug][safepoint   ] Safepoint synchronization initiated using striped semaphore wait barrier. (28 threads)
[2025-04-07T10:53:40.754-0400][34.751s][info ][safepoint   ] Safepoint "ICBufferFull", Time since last: 522857000 ns, Reaching safepoint: 104200 ns, Cleanup: 120500 ns, At safepoint: 5400 ns, Total: 230100 ns
[2025-04-07T10:53:41.425-0400][35.421s][debug][safepoint   ] Safepoint synchronization initiated using striped semaphore wait barrier. (28 threads)
[2025-04-07T10:53:41.425-0400][35.421s][info ][safepoint   ] Safepoint "ICBufferFull", Time since last: 670486200 ns, Reaching safepoint: 66100 ns, Cleanup: 124900 ns, At safepoint: 1400 ns, Total: 192400 ns
[2025-04-07T10:53:41.806-0400][35.802s][debug][safepoint   ] Safepoint synchronization initiated using striped semaphore wait barrier. (25 threads)
[2025-04-07T10:53:41.806-0400][35.803s][info ][safepoint   ] Safepoint "ICBufferFull", Time since last: 381022000 ns, Reaching safepoint: 46000 ns, Cleanup: 82300 ns, At safepoint: 6600 ns, Total: 134900 ns
[2025-04-07T10:53:42.161-0400][36.157s][debug][safepoint   ] Safepoint synchronization initiated using striped semaphore wait barrier. (34 threads)
[2025-04-07T10:53:42.161-0400][36.157s][info ][gc,start    ] GC(18) Pause Young (Normal) (G1 Evacuation Pause)
[2025-04-07T10:53:42.161-0400][36.157s][info ][gc,task     ] GC(18) Using 12 workers of 23 for evacuation
[2025-04-07T10:53:42.167-0400][36.163s][info ][gc,phases   ] GC(18)   Pre Evacuate Collection Set: 0.3ms
[2025-04-07T10:53:42.167-0400][36.164s][info ][gc,phases   ] GC(18)   Merge Heap Roots: 0.3ms
[2025-04-07T10:53:42.167-0400][36.164s][info ][gc,phases   ] GC(18)   Evacuate Collection Set: 4.2ms
[2025-04-07T10:53:42.167-0400][36.164s][info ][gc,phases   ] GC(18)   Post Evacuate Collection Set: 1.5ms
[2025-04-07T10:53:42.167-0400][36.164s][info ][gc,phases   ] GC(18)   Other: 0.1ms
[2025-04-07T10:53:42.167-0400][36.164s][info ][gc,heap     ] GC(18) Eden regions: 305->0(301)
[2025-04-07T10:53:42.167-0400][36.164s][info ][gc,heap     ] GC(18) Survivor regions: 2->6(39)
[2025-04-07T10:53:42.167-0400][36.164s][info ][gc,heap     ] GC(18) Old regions: 69->69
[2025-04-07T10:53:42.167-0400][36.164s][info ][gc,heap     ] GC(18) Archive regions: 0->0
[2025-04-07T10:53:42.167-0400][36.164s][info ][gc,heap     ] GC(18) Humongous regions: 0->0
[2025-04-07T10:53:42.167-0400][36.164s][info ][gc,metaspace] GC(18) Metaspace: 73965K(74432K)->73965K(74432K) NonClass: 64589K(64832K)->64589K(64832K) Class: 9376K(9600K)->9376K(9600K)
[2025-04-07T10:53:42.167-0400][36.164s][info ][gc          ] GC(18) Pause Young (Normal) (G1 Evacuation Pause) 375M->74M(512M) 6.658ms
[2025-04-07T10:53:42.167-0400][36.164s][info ][gc,cpu      ] GC(18) User=0.00s Sys=0.00s Real=0.01s
[2025-04-07T10:53:42.167-0400][36.164s][info ][safepoint   ] Safepoint "G1CollectForAllocation", Time since last: 354314900 ns, Reaching safepoint: 51400 ns, Cleanup: 96900 ns, At safepoint: 6763000 ns, Total: 6911300 ns
[2025-04-07T10:53:43.132-0400][37.127s][debug][safepoint   ] Safepoint synchronization initiated using striped semaphore wait barrier. (23 threads)
[2025-04-07T10:53:43.132-0400][37.128s][info ][safepoint   ] Safepoint "ICBufferFull", Time since last: 963571800 ns, Reaching safepoint: 45700 ns, Cleanup: 138200 ns, At safepoint: 11000 ns, Total: 194900 ns
[2025-04-07T10:53:43.578-0400][37.574s][debug][safepoint   ] Safepoint synchronization initiated using striped semaphore wait barrier. (26 threads)
[2025-04-07T10:53:43.578-0400][37.574s][info ][safepoint   ] Safepoint "ICBufferFull", Time since last: 445964500 ns, Reaching safepoint: 59900 ns, Cleanup: 91900 ns, At safepoint: 6500 ns, Total: 158300 ns
[2025-04-07T10:53:43.941-0400][37.937s][debug][safepoint   ] Safepoint synchronization initiated using striped semaphore wait barrier. (32 threads)
[2025-04-07T10:53:43.952-0400][37.949s][info ][safepoint   ] Safepoint "ICBufferFull", Time since last: 363139700 ns, Reaching safepoint: 11474900 ns, Cleanup: 159500 ns, At safepoint: 31400 ns, Total: 11665800 ns
[2025-04-07T10:53:44.060-0400][38.056s][debug][safepoint   ] Safepoint synchronization initiated using striped semaphore wait barrier. (34 threads)
[2025-04-07T10:53:44.078-0400][38.074s][info ][gc,start    ] GC(19) Pause Young (Normal) (G1 Evacuation Pause)
[2025-04-07T10:53:44.078-0400][38.074s][info ][gc,task     ] GC(19) Using 12 workers of 23 for evacuation
[2025-04-07T10:53:44.089-0400][38.085s][info ][gc,phases   ] GC(19)   Pre Evacuate Collection Set: 0.6ms
[2025-04-07T10:53:44.089-0400][38.085s][info ][gc,phases   ] GC(19)   Merge Heap Roots: 0.4ms
[2025-04-07T10:53:44.089-0400][38.085s][info ][gc,phases   ] GC(19)   Evacuate Collection Set: 8.0ms
[2025-04-07T10:53:44.089-0400][38.085s][info ][gc,phases   ] GC(19)   Post Evacuate Collection Set: 2.1ms
[2025-04-07T10:53:44.089-0400][38.085s][info ][gc,phases   ] GC(19)   Other: 0.2ms
[2025-04-07T10:53:44.089-0400][38.085s][info ][gc,heap     ] GC(19) Eden regions: 301->0(299)
[2025-04-07T10:53:44.089-0400][38.085s][info ][gc,heap     ] GC(19) Survivor regions: 6->8(39)
[2025-04-07T10:53:44.089-0400][38.085s][info ][gc,heap     ] GC(19) Old regions: 69->69
[2025-04-07T10:53:44.089-0400][38.085s][info ][gc,heap     ] GC(19) Archive regions: 0->0
[2025-04-07T10:53:44.089-0400][38.085s][info ][gc,heap     ] GC(19) Humongous regions: 0->0
[2025-04-07T10:53:44.089-0400][38.085s][info ][gc,metaspace] GC(19) Metaspace: 81139K(81664K)->81139K(81664K) NonClass: 70589K(70848K)->70589K(70848K) Class: 10550K(10816K)->10550K(10816K)
[2025-04-07T10:53:44.089-0400][38.085s][info ][gc          ] GC(19) Pause Young (Normal) (G1 Evacuation Pause) 375M->76M(512M) 11.374ms
[2025-04-07T10:53:44.089-0400][38.085s][info ][gc,cpu      ] GC(19) User=0.08s Sys=0.09s Real=0.01s
[2025-04-07T10:53:44.089-0400][38.085s][info ][safepoint   ] Safepoint "G1CollectForAllocation", Time since last: 107763600 ns, Reaching safepoint: 17260900 ns, Cleanup: 137800 ns, At safepoint: 11475800 ns, Total: 28874500 ns
[2025-04-07T10:53:44.471-0400][38.466s][debug][safepoint   ] Safepoint synchronization initiated using striped semaphore wait barrier. (33 threads)
[2025-04-07T10:53:44.501-0400][38.497s][info ][safepoint   ] Safepoint "ICBufferFull", Time since last: 381267000 ns, Reaching safepoint: 30463600 ns, Cleanup: 171300 ns, At safepoint: 38500 ns, Total: 30673400 ns
[2025-04-07T10:53:44.840-0400][38.836s][debug][safepoint   ] Safepoint synchronization initiated using striped semaphore wait barrier. (33 threads)
[2025-04-07T10:53:44.840-0400][38.836s][info ][safepoint   ] Safepoint "ICBufferFull", Time since last: 338779400 ns, Reaching safepoint: 44300 ns, Cleanup: 97400 ns, At safepoint: 4500 ns, Total: 146200 ns
[2025-04-07T10:53:45.746-0400][39.741s][debug][safepoint   ] Safepoint synchronization initiated using striped semaphore wait barrier. (33 threads)
[2025-04-07T10:53:45.746-0400][39.742s][info ][safepoint   ] Safepoint "ICBufferFull", Time since last: 905453700 ns, Reaching safepoint: 136800 ns, Cleanup: 199200 ns, At safepoint: 12600 ns, Total: 348600 ns
[2025-04-07T10:53:46.186-0400][40.182s][debug][safepoint   ] Safepoint synchronization initiated using striped semaphore wait barrier. (33 threads)
[2025-04-07T10:53:46.186-0400][40.182s][info ][safepoint   ] Safepoint "ICBufferFull", Time since last: 439820700 ns, Reaching safepoint: 326800 ns, Cleanup: 113700 ns, At safepoint: 10700 ns, Total: 451200 ns
[2025-04-07T10:53:46.953-0400][40.949s][debug][safepoint   ] Safepoint synchronization initiated using striped semaphore wait barrier. (27 threads)
[2025-04-07T10:53:46.953-0400][40.949s][info ][safepoint   ] Safepoint "ICBufferFull", Time since last: 766938100 ns, Reaching safepoint: 71200 ns, Cleanup: 95300 ns, At safepoint: 13600 ns, Total: 180100 ns
[2025-04-07T10:53:47.238-0400][41.234s][debug][safepoint   ] Safepoint synchronization initiated using striped semaphore wait barrier. (28 threads)
[2025-04-07T10:53:47.238-0400][41.234s][info ][safepoint   ] Safepoint "ICBufferFull", Time since last: 284910100 ns, Reaching safepoint: 65600 ns, Cleanup: 80300 ns, At safepoint: 8700 ns, Total: 154600 ns
[2025-04-07T10:53:47.248-0400][41.244s][debug][safepoint   ] Safepoint synchronization initiated using striped semaphore wait barrier. (28 threads)
[2025-04-07T10:53:47.248-0400][41.245s][info ][gc,start    ] GC(20) Pause Young (Normal) (G1 Evacuation Pause)
[2025-04-07T10:53:47.249-0400][41.245s][info ][gc,task     ] GC(20) Using 12 workers of 23 for evacuation
[2025-04-07T10:53:47.254-0400][41.251s][info ][gc,phases   ] GC(20)   Pre Evacuate Collection Set: 0.3ms
[2025-04-07T10:53:47.255-0400][41.251s][info ][gc,phases   ] GC(20)   Merge Heap Roots: 0.3ms
[2025-04-07T10:53:47.255-0400][41.251s][info ][gc,phases   ] GC(20)   Evacuate Collection Set: 3.8ms
[2025-04-07T10:53:47.255-0400][41.251s][info ][gc,phases   ] GC(20)   Post Evacuate Collection Set: 1.5ms
[2025-04-07T10:53:47.255-0400][41.251s][info ][gc,phases   ] GC(20)   Other: 0.1ms
[2025-04-07T10:53:47.255-0400][41.251s][info ][gc,heap     ] GC(20) Eden regions: 299->0(295)
[2025-04-07T10:53:47.255-0400][41.251s][info ][gc,heap     ] GC(20) Survivor regions: 8->12(39)
[2025-04-07T10:53:47.255-0400][41.251s][info ][gc,heap     ] GC(20) Old regions: 69->69
[2025-04-07T10:53:47.255-0400][41.251s][info ][gc,heap     ] GC(20) Archive regions: 0->0
[2025-04-07T10:53:47.255-0400][41.251s][info ][gc,heap     ] GC(20) Humongous regions: 0->0
[2025-04-07T10:53:47.255-0400][41.251s][info ][gc,metaspace] GC(20) Metaspace: 86233K(86720K)->86233K(86720K) NonClass: 75061K(75328K)->75061K(75328K) Class: 11171K(11392K)->11171K(11392K)
[2025-04-07T10:53:47.255-0400][41.251s][info ][gc          ] GC(20) Pause Young (Normal) (G1 Evacuation Pause) 375M->79M(512M) 6.283ms
[2025-04-07T10:53:47.255-0400][41.251s][info ][gc,cpu      ] GC(20) User=0.02s Sys=0.00s Real=0.01s
[2025-04-07T10:53:47.255-0400][41.251s][info ][safepoint   ] Safepoint "G1CollectForAllocation", Time since last: 10134600 ns, Reaching safepoint: 65500 ns, Cleanup: 7700 ns, At safepoint: 6366100 ns, Total: 6439300 ns
[2025-04-07T10:53:48.256-0400][42.252s][debug][safepoint   ] Safepoint synchronization initiated using striped semaphore wait barrier. (33 threads)
[2025-04-07T10:53:48.272-0400][42.268s][info ][safepoint   ] Safepoint "Cleanup", Time since last: 1000826700 ns, Reaching safepoint: 16016500 ns, Cleanup: 126300 ns, At safepoint: 45500 ns, Total: 16188300 ns
[2025-04-07T10:53:49.283-0400][43.279s][debug][safepoint   ] Safepoint synchronization initiated using striped semaphore wait barrier. (33 threads)
[2025-04-07T10:53:49.283-0400][43.279s][info ][safepoint   ] Safepoint "Cleanup", Time since last: 1010714500 ns, Reaching safepoint: 96000 ns, Cleanup: 63400 ns, At safepoint: 9100 ns, Total: 168500 ns
[2025-04-07T10:53:50.972-0400][44.968s][debug][safepoint   ] Safepoint synchronization initiated using striped semaphore wait barrier. (37 threads)
[2025-04-07T10:53:50.972-0400][44.969s][info ][safepoint   ] Safepoint "Cleanup", Time since last: 1689282399 ns, Reaching safepoint: 520400 ns, Cleanup: 117701 ns, At safepoint: 8000 ns, Total: 646101 ns
[2025-04-07T10:53:52.399-0400][46.395s][debug][safepoint   ] Safepoint synchronization initiated using striped semaphore wait barrier. (37 threads)
[2025-04-07T10:53:52.399-0400][46.395s][info ][gc,start    ] GC(21) Pause Young (Normal) (G1 Evacuation Pause)
[2025-04-07T10:53:52.399-0400][46.395s][info ][gc,task     ] GC(21) Using 12 workers of 23 for evacuation
[2025-04-07T10:53:52.414-0400][46.410s][info ][gc,phases   ] GC(21)   Pre Evacuate Collection Set: 0.3ms
[2025-04-07T10:53:52.414-0400][46.410s][info ][gc,phases   ] GC(21)   Merge Heap Roots: 0.3ms
[2025-04-07T10:53:52.414-0400][46.410s][info ][gc,phases   ] GC(21)   Evacuate Collection Set: 12.7ms
[2025-04-07T10:53:52.414-0400][46.410s][info ][gc,phases   ] GC(21)   Post Evacuate Collection Set: 1.7ms
[2025-04-07T10:53:52.414-0400][46.410s][info ][gc,phases   ] GC(21)   Other: 0.1ms
[2025-04-07T10:53:52.414-0400][46.410s][info ][gc,heap     ] GC(21) Eden regions: 295->0(288)
[2025-04-07T10:53:52.414-0400][46.410s][info ][gc,heap     ] GC(21) Survivor regions: 12->19(39)
[2025-04-07T10:53:52.414-0400][46.410s][info ][gc,heap     ] GC(21) Old regions: 69->69
[2025-04-07T10:53:52.414-0400][46.410s][info ][gc,heap     ] GC(21) Archive regions: 0->0
[2025-04-07T10:53:52.414-0400][46.410s][info ][gc,heap     ] GC(21) Humongous regions: 0->0
[2025-04-07T10:53:52.414-0400][46.410s][info ][gc,metaspace] GC(21) Metaspace: 91281K(91968K)->91281K(91968K) NonClass: 79713K(80064K)->79713K(80064K) Class: 11568K(11904K)->11568K(11904K)
[2025-04-07T10:53:52.414-0400][46.410s][info ][gc          ] GC(21) Pause Young (Normal) (G1 Evacuation Pause) 374M->87M(512M) 15.264ms
[2025-04-07T10:53:52.414-0400][46.410s][info ][gc,cpu      ] GC(21) User=0.06s Sys=0.00s Real=0.02s
[2025-04-07T10:53:52.414-0400][46.410s][info ][safepoint   ] Safepoint "G1CollectForAllocation", Time since last: 1426181399 ns, Reaching safepoint: 40101 ns, Cleanup: 36700 ns, At safepoint: 15338600 ns, Total: 15415401 ns
[2025-04-07T10:53:54.270-0400][48.266s][debug][safepoint   ] Safepoint synchronization initiated using striped semaphore wait barrier. (32 threads)
[2025-04-07T10:53:54.270-0400][48.266s][info ][safepoint   ] Safepoint "Cleanup", Time since last: 1855736000 ns, Reaching safepoint: 55400 ns, Cleanup: 81500 ns, At safepoint: 5200 ns, Total: 142100 ns
[2025-04-07T10:53:55.092-0400][49.088s][debug][safepoint   ] Safepoint synchronization initiated using striped semaphore wait barrier. (32 threads)
[2025-04-07T10:53:55.092-0400][49.088s][info ][safepoint   ] Safepoint "ICBufferFull", Time since last: 822070000 ns, Reaching safepoint: 106800 ns, Cleanup: 110700 ns, At safepoint: 9600 ns, Total: 227100 ns
[2025-04-07T10:53:55.883-0400][49.879s][debug][safepoint   ] Safepoint synchronization initiated using striped semaphore wait barrier. (33 threads)
[2025-04-07T10:53:55.883-0400][49.879s][info ][gc,start    ] GC(22) Pause Young (Normal) (G1 Evacuation Pause)
[2025-04-07T10:53:55.883-0400][49.879s][info ][gc,task     ] GC(22) Using 12 workers of 23 for evacuation
[2025-04-07T10:53:55.894-0400][49.890s][info ][gc,phases   ] GC(22)   Pre Evacuate Collection Set: 0.2ms
[2025-04-07T10:53:55.894-0400][49.890s][info ][gc,phases   ] GC(22)   Merge Heap Roots: 0.3ms
[2025-04-07T10:53:55.894-0400][49.890s][info ][gc,phases   ] GC(22)   Evacuate Collection Set: 8.2ms
[2025-04-07T10:53:55.894-0400][49.890s][info ][gc,phases   ] GC(22)   Post Evacuate Collection Set: 2.3ms
[2025-04-07T10:53:55.894-0400][49.890s][info ][gc,phases   ] GC(22)   Other: 0.1ms
[2025-04-07T10:53:55.894-0400][49.890s][info ][gc,heap     ] GC(22) Eden regions: 288->0(282)
[2025-04-07T10:53:55.894-0400][49.890s][info ][gc,heap     ] GC(22) Survivor regions: 19->25(39)
[2025-04-07T10:53:55.894-0400][49.890s][info ][gc,heap     ] GC(22) Old regions: 69->69
[2025-04-07T10:53:55.894-0400][49.890s][info ][gc,heap     ] GC(22) Archive regions: 0->0
[2025-04-07T10:53:55.894-0400][49.890s][info ][gc,heap     ] GC(22) Humongous regions: 0->0
[2025-04-07T10:53:55.894-0400][49.890s][info ][gc,metaspace] GC(22) Metaspace: 97568K(98176K)->97568K(98176K) NonClass: 84891K(85184K)->84891K(85184K) Class: 12677K(12992K)->12677K(12992K)
[2025-04-07T10:53:55.894-0400][49.890s][info ][gc          ] GC(22) Pause Young (Normal) (G1 Evacuation Pause) 375M->92M(512M) 11.230ms
[2025-04-07T10:53:55.894-0400][49.890s][info ][gc,cpu      ] GC(22) User=0.02s Sys=0.00s Real=0.01s
[2025-04-07T10:53:55.894-0400][49.890s][info ][safepoint   ] Safepoint "G1CollectForAllocation", Time since last: 790328700 ns, Reaching safepoint: 34900 ns, Cleanup: 130100 ns, At safepoint: 11288500 ns, Total: 11453500 ns
[2025-04-07T10:53:57.006-0400][51.003s][debug][safepoint   ] Safepoint synchronization initiated using striped semaphore wait barrier. (34 threads)
[2025-04-07T10:53:57.006-0400][51.003s][info ][safepoint   ] Safepoint "Cleanup", Time since last: 1112312900 ns, Reaching safepoint: 215300 ns, Cleanup: 40100 ns, At safepoint: 5900 ns, Total: 261300 ns
[2025-04-07T10:53:57.013-0400][51.010s][debug][safepoint   ] Safepoint synchronization initiated using striped semaphore wait barrier. (34 threads)
[2025-04-07T10:53:57.014-0400][51.010s][info ][gc,start    ] GC(23) Pause Young (Concurrent Start) (Metadata GC Threshold)
[2025-04-07T10:53:57.014-0400][51.010s][info ][gc,task     ] GC(23) Using 12 workers of 23 for evacuation
[2025-04-07T10:53:57.024-0400][51.019s][info ][gc,phases   ] GC(23)   Pre Evacuate Collection Set: 0.4ms
[2025-04-07T10:53:57.024-0400][51.019s][info ][gc,phases   ] GC(23)   Merge Heap Roots: 0.3ms
[2025-04-07T10:53:57.024-0400][51.020s][info ][gc,phases   ] GC(23)   Evacuate Collection Set: 6.8ms
[2025-04-07T10:53:57.024-0400][51.020s][info ][gc,phases   ] GC(23)   Post Evacuate Collection Set: 1.7ms
[2025-04-07T10:53:57.024-0400][51.020s][info ][gc,phases   ] GC(23)   Other: 0.1ms
[2025-04-07T10:53:57.024-0400][51.020s][info ][gc,heap     ] GC(23) Eden regions: 55->0(286)
[2025-04-07T10:53:57.024-0400][51.020s][info ][gc,heap     ] GC(23) Survivor regions: 25->21(39)
[2025-04-07T10:53:57.024-0400][51.020s][info ][gc,heap     ] GC(23) Old regions: 69->73
[2025-04-07T10:53:57.024-0400][51.020s][info ][gc,heap     ] GC(23) Archive regions: 0->0
[2025-04-07T10:53:57.024-0400][51.020s][info ][gc,heap     ] GC(23) Humongous regions: 0->0
[2025-04-07T10:53:57.024-0400][51.020s][info ][gc,metaspace] GC(23) Metaspace: 99824K(100416K)->99824K(100416K) NonClass: 86845K(87104K)->86845K(87104K) Class: 12979K(13312K)->12979K(13312K)
[2025-04-07T10:53:57.024-0400][51.020s][info ][gc          ] GC(23) Pause Young (Concurrent Start) (Metadata GC Threshold) 147M->93M(512M) 9.439ms
[2025-04-07T10:53:57.024-0400][51.020s][info ][gc,cpu      ] GC(23) User=0.16s Sys=0.03s Real=0.01s
[2025-04-07T10:53:57.024-0400][51.020s][info ][gc          ] GC(24) Concurrent Mark Cycle
[2025-04-07T10:53:57.024-0400][51.020s][info ][safepoint   ] Safepoint "CollectForMetadataAllocation", Time since last: 7287600 ns, Reaching safepoint: 28500 ns, Cleanup: 2300 ns, At safepoint: 9512900 ns, Total: 9543700 ns
[2025-04-07T10:53:57.024-0400][51.020s][info ][gc,marking  ] GC(24) Concurrent Clear Claimed Marks
[2025-04-07T10:53:57.024-0400][51.020s][info ][gc,marking  ] GC(24) Concurrent Clear Claimed Marks 0.052ms
[2025-04-07T10:53:57.024-0400][51.020s][info ][gc,marking  ] GC(24) Concurrent Scan Root Regions
[2025-04-07T10:53:57.027-0400][51.023s][info ][gc,marking  ] GC(24) Concurrent Scan Root Regions 3.756ms
[2025-04-07T10:53:57.027-0400][51.023s][info ][gc,marking  ] GC(24) Concurrent Mark
[2025-04-07T10:53:57.027-0400][51.023s][info ][gc,marking  ] GC(24) Concurrent Mark From Roots
[2025-04-07T10:53:57.028-0400][51.024s][info ][gc,task     ] GC(24) Using 6 workers of 6 for marking
[2025-04-07T10:53:57.045-0400][51.042s][info ][gc,marking  ] GC(24) Concurrent Mark From Roots 18.523ms
[2025-04-07T10:53:57.046-0400][51.042s][info ][gc,marking  ] GC(24) Concurrent Preclean
[2025-04-07T10:53:57.046-0400][51.042s][info ][gc,marking  ] GC(24) Concurrent Preclean 0.329ms
[2025-04-07T10:53:57.046-0400][51.042s][debug][safepoint   ] Safepoint synchronization initiated using striped semaphore wait barrier. (34 threads)
[2025-04-07T10:53:57.046-0400][51.043s][info ][gc,start    ] GC(24) Pause Remark
[2025-04-07T10:53:57.058-0400][51.053s][info ][gc          ] GC(24) Pause Remark 98M->98M(512M) 10.884ms
[2025-04-07T10:53:57.058-0400][51.053s][info ][gc,cpu      ] GC(24) User=0.02s Sys=0.00s Real=0.01s
[2025-04-07T10:53:57.058-0400][51.053s][info ][safepoint   ] Safepoint "G1PauseRemark", Time since last: 22819600 ns, Reaching safepoint: 38900 ns, Cleanup: 3100 ns, At safepoint: 10959000 ns, Total: 11001000 ns
[2025-04-07T10:53:57.058-0400][51.053s][info ][gc,marking  ] GC(24) Concurrent Mark 29.987ms
[2025-04-07T10:53:57.058-0400][51.054s][info ][gc,marking  ] GC(24) Concurrent Rebuild Remembered Sets
[2025-04-07T10:53:57.068-0400][51.063s][info ][gc,marking  ] GC(24) Concurrent Rebuild Remembered Sets 9.834ms
[2025-04-07T10:53:57.068-0400][51.064s][debug][safepoint   ] Safepoint synchronization initiated using striped semaphore wait barrier. (34 threads)
[2025-04-07T10:53:57.068-0400][51.064s][debug][safepoint   ] ... found polling page loop exception at pc = 0x0000020869d23d30, stub =0x0000020869207700
[2025-04-07T10:53:57.068-0400][51.064s][info ][gc,start    ] GC(24) Pause Cleanup
[2025-04-07T10:53:57.068-0400][51.064s][info ][gc          ] GC(24) Pause Cleanup 102M->102M(512M) 0.230ms
[2025-04-07T10:53:57.068-0400][51.064s][info ][gc,cpu      ] GC(24) User=0.00s Sys=0.00s Real=0.00s
[2025-04-07T10:53:57.068-0400][51.064s][info ][safepoint   ] Safepoint "G1PauseCleanup", Time since last: 10061000 ns, Reaching safepoint: 62200 ns, Cleanup: 2500 ns, At safepoint: 289500 ns, Total: 354200 ns
[2025-04-07T10:53:57.068-0400][51.064s][info ][gc,marking  ] GC(24) Concurrent Cleanup for Next Mark
[2025-04-07T10:53:57.069-0400][51.064s][info ][gc,marking  ] GC(24) Concurrent Cleanup for Next Mark 0.458ms
[2025-04-07T10:53:57.069-0400][51.064s][info ][gc          ] GC(24) Concurrent Mark Cycle 44.819ms
[2025-04-07T10:53:58.122-0400][52.117s][debug][safepoint   ] Safepoint synchronization initiated using striped semaphore wait barrier. (33 threads)
[2025-04-07T10:53:58.125-0400][52.120s][info ][safepoint   ] Safepoint "Cleanup", Time since last: 1053505300 ns, Reaching safepoint: 2896200 ns, Cleanup: 58300 ns, At safepoint: 9300 ns, Total: 2963800 ns
[2025-04-07T10:53:58.990-0400][52.986s][debug][safepoint   ] Safepoint synchronization initiated using striped semaphore wait barrier. (31 threads)
[2025-04-07T10:53:58.991-0400][52.987s][info ][gc,start    ] GC(25) Pause Young (Prepare Mixed) (G1 Evacuation Pause)
[2025-04-07T10:53:58.991-0400][52.987s][info ][gc,task     ] GC(25) Using 14 workers of 23 for evacuation
[2025-04-07T10:53:59.000-0400][52.996s][info ][gc,phases   ] GC(25)   Pre Evacuate Collection Set: 0.3ms
[2025-04-07T10:53:59.000-0400][52.996s][info ][gc,phases   ] GC(25)   Merge Heap Roots: 0.2ms
[2025-04-07T10:53:59.000-0400][52.996s][info ][gc,phases   ] GC(25)   Evacuate Collection Set: 6.5ms
[2025-04-07T10:53:59.000-0400][52.996s][info ][gc,phases   ] GC(25)   Post Evacuate Collection Set: 2.4ms
[2025-04-07T10:53:59.000-0400][52.996s][info ][gc,phases   ] GC(25)   Other: 0.1ms
[2025-04-07T10:53:59.000-0400][52.996s][info ][gc,heap     ] GC(25) Eden regions: 286->0(1)
[2025-04-07T10:53:59.000-0400][52.996s][info ][gc,heap     ] GC(25) Survivor regions: 21->24(39)
[2025-04-07T10:53:59.000-0400][52.996s][info ][gc,heap     ] GC(25) Old regions: 73->73
[2025-04-07T10:53:59.000-0400][52.996s][info ][gc,heap     ] GC(25) Archive regions: 0->0
[2025-04-07T10:53:59.000-0400][52.996s][info ][gc,heap     ] GC(25) Humongous regions: 0->0
[2025-04-07T10:53:59.000-0400][52.996s][info ][gc,metaspace] GC(25) Metaspace: 107044K(107712K)->107044K(107712K) NonClass: 93055K(93376K)->93055K(93376K) Class: 13989K(14336K)->13989K(14336K)
[2025-04-07T10:53:59.000-0400][52.996s][info ][gc          ] GC(25) Pause Young (Prepare Mixed) (G1 Evacuation Pause) 379M->96M(512M) 9.636ms
[2025-04-07T10:53:59.000-0400][52.996s][info ][gc,cpu      ] GC(25) User=0.00s Sys=0.00s Real=0.01s
[2025-04-07T10:53:59.000-0400][52.996s][info ][safepoint   ] Safepoint "G1CollectForAllocation", Time since last: 866050600 ns, Reaching safepoint: 37600 ns, Cleanup: 61500 ns, At safepoint: 9716000 ns, Total: 9815100 ns
[2025-04-07T10:53:59.006-0400][53.002s][debug][safepoint   ] Safepoint synchronization initiated using striped semaphore wait barrier. (31 threads)
[2025-04-07T10:53:59.006-0400][53.002s][info ][gc,start    ] GC(26) Pause Young (Mixed) (G1 Evacuation Pause)
[2025-04-07T10:53:59.006-0400][53.002s][info ][gc,task     ] GC(26) Using 14 workers of 23 for evacuation
[2025-04-07T10:53:59.020-0400][53.016s][info ][gc,phases   ] GC(26)   Pre Evacuate Collection Set: 0.3ms
[2025-04-07T10:53:59.020-0400][53.016s][info ][gc,phases   ] GC(26)   Merge Heap Roots: 0.3ms
[2025-04-07T10:53:59.020-0400][53.016s][info ][gc,phases   ] GC(26)   Evacuate Collection Set: 12.2ms
[2025-04-07T10:53:59.020-0400][53.016s][info ][gc,phases   ] GC(26)   Post Evacuate Collection Set: 1.8ms
[2025-04-07T10:53:59.020-0400][53.016s][info ][gc,phases   ] GC(26)   Other: 0.1ms
[2025-04-07T10:53:59.020-0400][53.016s][info ][gc,heap     ] GC(26) Eden regions: 1->0(304)
[2025-04-07T10:53:59.020-0400][53.016s][info ][gc,heap     ] GC(26) Survivor regions: 24->3(4)
[2025-04-07T10:53:59.020-0400][53.016s][info ][gc,heap     ] GC(26) Old regions: 73->94
[2025-04-07T10:53:59.021-0400][53.016s][info ][gc,heap     ] GC(26) Archive regions: 0->0
[2025-04-07T10:53:59.021-0400][53.016s][info ][gc,heap     ] GC(26) Humongous regions: 0->0
[2025-04-07T10:53:59.021-0400][53.017s][info ][gc,metaspace] GC(26) Metaspace: 107044K(107712K)->107044K(107712K) NonClass: 93055K(93376K)->93055K(93376K) Class: 13989K(14336K)->13989K(14336K)
[2025-04-07T10:53:59.021-0400][53.017s][info ][gc          ] GC(26) Pause Young (Mixed) (G1 Evacuation Pause) 97M->96M(512M) 14.923ms
[2025-04-07T10:53:59.021-0400][53.017s][info ][gc,cpu      ] GC(26) User=0.00s Sys=0.02s Real=0.01s
[2025-04-07T10:53:59.021-0400][53.017s][info ][safepoint   ] Safepoint "G1CollectForAllocation", Time since last: 5321800 ns, Reaching safepoint: 52500 ns, Cleanup: 3700 ns, At safepoint: 15030800 ns, Total: 15087000 ns
[2025-04-07T10:54:00.021-0400][54.017s][debug][safepoint   ] Safepoint synchronization initiated using striped semaphore wait barrier. (35 threads)
[2025-04-07T10:54:00.021-0400][54.017s][info ][safepoint   ] Safepoint "Cleanup", Time since last: 1000312400 ns, Reaching safepoint: 97100 ns, Cleanup: 128600 ns, At safepoint: 6500 ns, Total: 232200 ns
[2025-04-07T10:54:01.060-0400][55.056s][debug][safepoint   ] Safepoint synchronization initiated using striped semaphore wait barrier. (40 threads)
[2025-04-07T10:54:01.060-0400][55.056s][info ][safepoint   ] Safepoint "Cleanup", Time since last: 1038712000 ns, Reaching safepoint: 57800 ns, Cleanup: 57100 ns, At safepoint: 4700 ns, Total: 119600 ns
[2025-04-07T10:54:01.389-0400][55.385s][debug][safepoint   ] Safepoint synchronization initiated using striped semaphore wait barrier. (47 threads)
[2025-04-07T10:54:01.389-0400][55.385s][info ][gc,start    ] GC(27) Pause Young (Normal) (G1 Evacuation Pause)
[2025-04-07T10:54:01.389-0400][55.385s][info ][gc,task     ] GC(27) Using 23 workers of 23 for evacuation
[2025-04-07T10:54:01.395-0400][55.391s][info ][gc,phases   ] GC(27)   Pre Evacuate Collection Set: 0.4ms
[2025-04-07T10:54:01.395-0400][55.392s][info ][gc,phases   ] GC(27)   Merge Heap Roots: 0.4ms
[2025-04-07T10:54:01.395-0400][55.392s][info ][gc,phases   ] GC(27)   Evacuate Collection Set: 3.4ms
[2025-04-07T10:54:01.395-0400][55.392s][info ][gc,phases   ] GC(27)   Post Evacuate Collection Set: 2.0ms
[2025-04-07T10:54:01.395-0400][55.392s][info ][gc,phases   ] GC(27)   Other: 0.2ms
[2025-04-07T10:54:01.395-0400][55.392s][info ][gc,heap     ] GC(27) Eden regions: 304->0(298)
[2025-04-07T10:54:01.395-0400][55.392s][info ][gc,heap     ] GC(27) Survivor regions: 3->9(39)
[2025-04-07T10:54:01.395-0400][55.392s][info ][gc,heap     ] GC(27) Old regions: 94->94
[2025-04-07T10:54:01.395-0400][55.392s][info ][gc,heap     ] GC(27) Archive regions: 0->0
[2025-04-07T10:54:01.395-0400][55.392s][info ][gc,heap     ] GC(27) Humongous regions: 0->0
[2025-04-07T10:54:01.395-0400][55.392s][info ][gc,metaspace] GC(27) Metaspace: 112184K(112896K)->112184K(112896K) NonClass: 97707K(98048K)->97707K(98048K) Class: 14477K(14848K)->14477K(14848K)
[2025-04-07T10:54:01.395-0400][55.392s][info ][gc          ] GC(27) Pause Young (Normal) (G1 Evacuation Pause) 400M->101M(512M) 6.525ms
[2025-04-07T10:54:01.395-0400][55.392s][info ][gc,cpu      ] GC(27) User=0.06s Sys=0.00s Real=0.01s
[2025-04-07T10:54:01.395-0400][55.392s][info ][safepoint   ] Safepoint "G1CollectForAllocation", Time since last: 328982000 ns, Reaching safepoint: 84300 ns, Cleanup: 31500 ns, At safepoint: 6619600 ns, Total: 6735400 ns
[2025-04-07T10:54:02.685-0400][56.681s][debug][safepoint   ] Safepoint synchronization initiated using striped semaphore wait barrier. (49 threads)
[2025-04-07T10:54:02.685-0400][56.681s][info ][safepoint   ] Safepoint "ICBufferFull", Time since last: 1289285300 ns, Reaching safepoint: 56400 ns, Cleanup: 129900 ns, At safepoint: 4800 ns, Total: 191100 ns
[2025-04-07T10:54:03.122-0400][57.118s][debug][safepoint   ] Safepoint synchronization initiated using striped semaphore wait barrier. (49 threads)
[2025-04-07T10:54:03.122-0400][57.118s][info ][safepoint   ] Safepoint "ICBufferFull", Time since last: 437038200 ns, Reaching safepoint: 64300 ns, Cleanup: 123800 ns, At safepoint: 11000 ns, Total: 199100 ns
[2025-04-07T10:54:04.783-0400][58.779s][debug][safepoint   ] Safepoint synchronization initiated using striped semaphore wait barrier. (49 threads)
[2025-04-07T10:54:04.784-0400][58.779s][info ][gc,start    ] GC(28) Pause Young (Normal) (G1 Evacuation Pause)
[2025-04-07T10:54:04.784-0400][58.779s][info ][gc,task     ] GC(28) Using 23 workers of 23 for evacuation
[2025-04-07T10:54:04.791-0400][58.787s][info ][gc,phases   ] GC(28)   Pre Evacuate Collection Set: 0.3ms
[2025-04-07T10:54:04.791-0400][58.787s][info ][gc,phases   ] GC(28)   Merge Heap Roots: 0.4ms
[2025-04-07T10:54:04.791-0400][58.787s][info ][gc,phases   ] GC(28)   Evacuate Collection Set: 4.6ms
[2025-04-07T10:54:04.791-0400][58.787s][info ][gc,phases   ] GC(28)   Post Evacuate Collection Set: 2.0ms
[2025-04-07T10:54:04.791-0400][58.787s][info ][gc,phases   ] GC(28)   Other: 0.1ms
[2025-04-07T10:54:04.791-0400][58.787s][info ][gc,heap     ] GC(28) Eden regions: 298->0(293)
[2025-04-07T10:54:04.791-0400][58.787s][info ][gc,heap     ] GC(28) Survivor regions: 9->14(39)
[2025-04-07T10:54:04.791-0400][58.787s][info ][gc,heap     ] GC(28) Old regions: 94->94
[2025-04-07T10:54:04.791-0400][58.787s][info ][gc,heap     ] GC(28) Archive regions: 0->0
[2025-04-07T10:54:04.791-0400][58.787s][info ][gc,heap     ] GC(28) Humongous regions: 0->0
[2025-04-07T10:54:04.791-0400][58.787s][info ][gc,metaspace] GC(28) Metaspace: 117935K(118720K)->117935K(118720K) NonClass: 102879K(103296K)->102879K(103296K) Class: 15056K(15424K)->15056K(15424K)
[2025-04-07T10:54:04.791-0400][58.787s][info ][gc          ] GC(28) Pause Young (Normal) (G1 Evacuation Pause) 399M->107M(512M) 7.639ms
[2025-04-07T10:54:04.791-0400][58.787s][info ][gc,cpu      ] GC(28) User=0.03s Sys=0.00s Real=0.01s
[2025-04-07T10:54:04.791-0400][58.787s][info ][safepoint   ] Safepoint "G1CollectForAllocation", Time since last: 1660791300 ns, Reaching safepoint: 40200 ns, Cleanup: 117400 ns, At safepoint: 7712000 ns, Total: 7869600 ns
[2025-04-07T10:54:06.181-0400][60.177s][debug][safepoint   ] Safepoint synchronization initiated using striped semaphore wait barrier. (50 threads)
[2025-04-07T10:54:06.181-0400][60.177s][info ][safepoint   ] Safepoint "Cleanup", Time since last: 1389674700 ns, Reaching safepoint: 52300 ns, Cleanup: 68800 ns, At safepoint: 3800 ns, Total: 124900 ns
[2025-04-07T10:54:10.627-0400][64.624s][debug][safepoint   ] Safepoint synchronization initiated using striped semaphore wait barrier. (44 threads)
[2025-04-07T10:54:10.627-0400][64.624s][info ][safepoint   ] Safepoint "Cleanup", Time since last: 4446658400 ns, Reaching safepoint: 56900 ns, Cleanup: 9900 ns, At safepoint: 5500 ns, Total: 72300 ns
[2025-04-07T10:54:11.758-0400][65.754s][debug][safepoint   ] Safepoint synchronization initiated using striped semaphore wait barrier. (55 threads)
[2025-04-07T10:54:11.758-0400][65.754s][info ][safepoint   ] Safepoint "Cleanup", Time since last: 1130512500 ns, Reaching safepoint: 90000 ns, Cleanup: 57300 ns, At safepoint: 5500 ns, Total: 152800 ns
[2025-04-07T10:54:11.781-0400][65.777s][debug][safepoint   ] Safepoint synchronization initiated using striped semaphore wait barrier. (55 threads)
[2025-04-07T10:54:11.781-0400][65.777s][info ][gc,start    ] GC(29) Pause Young (Normal) (G1 Evacuation Pause)
[2025-04-07T10:54:11.781-0400][65.777s][info ][gc,task     ] GC(29) Using 23 workers of 23 for evacuation
[2025-04-07T10:54:11.790-0400][65.785s][info ][gc,phases   ] GC(29)   Pre Evacuate Collection Set: 0.4ms
[2025-04-07T10:54:11.790-0400][65.785s][info ][gc,phases   ] GC(29)   Merge Heap Roots: 0.3ms
[2025-04-07T10:54:11.790-0400][65.785s][info ][gc,phases   ] GC(29)   Evacuate Collection Set: 5.3ms
[2025-04-07T10:54:11.790-0400][65.785s][info ][gc,phases   ] GC(29)   Post Evacuate Collection Set: 2.2ms
[2025-04-07T10:54:11.790-0400][65.785s][info ][gc,phases   ] GC(29)   Other: 0.1ms
[2025-04-07T10:54:11.790-0400][65.785s][info ][gc,heap     ] GC(29) Eden regions: 293->0(285)
[2025-04-07T10:54:11.790-0400][65.785s][info ][gc,heap     ] GC(29) Survivor regions: 14->22(39)
[2025-04-07T10:54:11.790-0400][65.785s][info ][gc,heap     ] GC(29) Old regions: 94->94
[2025-04-07T10:54:11.790-0400][65.785s][info ][gc,heap     ] GC(29) Archive regions: 0->0
[2025-04-07T10:54:11.790-0400][65.785s][info ][gc,heap     ] GC(29) Humongous regions: 0->0
[2025-04-07T10:54:11.790-0400][65.785s][info ][gc,metaspace] GC(29) Metaspace: 129118K(130176K)->129118K(130176K) NonClass: 112751K(113280K)->112751K(113280K) Class: 16367K(16896K)->16367K(16896K)
[2025-04-07T10:54:11.790-0400][65.785s][info ][gc          ] GC(29) Pause Young (Normal) (G1 Evacuation Pause) 400M->115M(512M) 8.381ms
[2025-04-07T10:54:11.790-0400][65.785s][info ][gc,cpu      ] GC(29) User=0.34s Sys=0.02s Real=0.01s
[2025-04-07T10:54:11.790-0400][65.785s][info ][safepoint   ] Safepoint "G1CollectForAllocation", Time since last: 22616800 ns, Reaching safepoint: 51900 ns, Cleanup: 8200 ns, At safepoint: 8460700 ns, Total: 8520800 ns
[2025-04-07T10:54:12.801-0400][66.797s][debug][safepoint   ] Safepoint synchronization initiated using striped semaphore wait barrier. (57 threads)
[2025-04-07T10:54:12.801-0400][66.797s][info ][safepoint   ] Safepoint "Cleanup", Time since last: 1011424600 ns, Reaching safepoint: 73100 ns, Cleanup: 63600 ns, At safepoint: 10700 ns, Total: 147400 ns
[2025-04-07T10:54:13.893-0400][67.889s][debug][safepoint   ] Safepoint synchronization initiated using striped semaphore wait barrier. (58 threads)
[2025-04-07T10:54:13.893-0400][67.889s][info ][gc,start    ] GC(30) Pause Young (Normal) (G1 Evacuation Pause)
[2025-04-07T10:54:13.893-0400][67.889s][info ][gc,task     ] GC(30) Using 23 workers of 23 for evacuation
[2025-04-07T10:54:13.903-0400][67.899s][info ][gc,phases   ] GC(30)   Pre Evacuate Collection Set: 0.3ms
[2025-04-07T10:54:13.903-0400][67.899s][info ][gc,phases   ] GC(30)   Merge Heap Roots: 0.3ms
[2025-04-07T10:54:13.903-0400][67.899s][info ][gc,phases   ] GC(30)   Evacuate Collection Set: 6.9ms
[2025-04-07T10:54:13.903-0400][67.899s][info ][gc,phases   ] GC(30)   Post Evacuate Collection Set: 2.5ms
[2025-04-07T10:54:13.903-0400][67.899s][info ][gc,phases   ] GC(30)   Other: 0.1ms
[2025-04-07T10:54:13.903-0400][67.899s][info ][gc,heap     ] GC(30) Eden regions: 285->0(286)
[2025-04-07T10:54:13.903-0400][67.899s][info ][gc,heap     ] GC(30) Survivor regions: 22->21(39)
[2025-04-07T10:54:13.903-0400][67.899s][info ][gc,heap     ] GC(30) Old regions: 94->100
[2025-04-07T10:54:13.903-0400][67.899s][info ][gc,heap     ] GC(30) Archive regions: 0->0
[2025-04-07T10:54:13.904-0400][67.899s][info ][gc,heap     ] GC(30) Humongous regions: 1->0
[2025-04-07T10:54:13.904-0400][67.899s][info ][gc,metaspace] GC(30) Metaspace: 136074K(137152K)->136074K(137152K) NonClass: 119057K(119616K)->119057K(119616K) Class: 17016K(17536K)->17016K(17536K)
[2025-04-07T10:54:13.904-0400][67.899s][info ][gc          ] GC(30) Pause Young (Normal) (G1 Evacuation Pause) 401M->120M(512M) 10.510ms
[2025-04-07T10:54:13.904-0400][67.899s][info ][gc,cpu      ] GC(30) User=0.12s Sys=0.02s Real=0.01s
[2025-04-07T10:54:13.904-0400][67.900s][info ][safepoint   ] Safepoint "G1CollectForAllocation", Time since last: 1091796200 ns, Reaching safepoint: 60200 ns, Cleanup: 32500 ns, At safepoint: 10642000 ns, Total: 10734700 ns
[2025-04-07T10:54:15.770-0400][69.765s][debug][safepoint   ] Safepoint synchronization initiated using striped semaphore wait barrier. (61 threads)
[2025-04-07T10:54:15.775-0400][69.771s][info ][safepoint   ] Safepoint "Cleanup", Time since last: 1865874600 ns, Reaching safepoint: 5000700 ns, Cleanup: 180100 ns, At safepoint: 23200 ns, Total: 5204000 ns
[2025-04-07T10:54:17.044-0400][71.041s][debug][safepoint   ] Safepoint synchronization initiated using striped semaphore wait barrier. (64 threads)
[2025-04-07T10:54:17.045-0400][71.041s][info ][gc,start    ] GC(31) Pause Young (Normal) (G1 Evacuation Pause)
[2025-04-07T10:54:17.045-0400][71.041s][info ][gc,task     ] GC(31) Using 23 workers of 23 for evacuation
[2025-04-07T10:54:17.054-0400][71.050s][info ][gc,phases   ] GC(31)   Pre Evacuate Collection Set: 0.3ms
[2025-04-07T10:54:17.054-0400][71.050s][info ][gc,phases   ] GC(31)   Merge Heap Roots: 0.3ms
[2025-04-07T10:54:17.054-0400][71.050s][info ][gc,phases   ] GC(31)   Evacuate Collection Set: 6.8ms
[2025-04-07T10:54:17.054-0400][71.051s][info ][gc,phases   ] GC(31)   Post Evacuate Collection Set: 2.1ms
[2025-04-07T10:54:17.054-0400][71.051s][info ][gc,phases   ] GC(31)   Other: 0.1ms
[2025-04-07T10:54:17.054-0400][71.051s][info ][gc,heap     ] GC(31) Eden regions: 286->0(277)
[2025-04-07T10:54:17.054-0400][71.051s][info ][gc,heap     ] GC(31) Survivor regions: 21->30(39)
[2025-04-07T10:54:17.054-0400][71.051s][info ][gc,heap     ] GC(31) Old regions: 100->100
[2025-04-07T10:54:17.054-0400][71.051s][info ][gc,heap     ] GC(31) Archive regions: 0->0
[2025-04-07T10:54:17.054-0400][71.051s][info ][gc,heap     ] GC(31) Humongous regions: 0->0
[2025-04-07T10:54:17.054-0400][71.051s][info ][gc,metaspace] GC(31) Metaspace: 141022K(142080K)->141022K(142080K) NonClass: 123736K(124288K)->123736K(124288K) Class: 17286K(17792K)->17286K(17792K)
[2025-04-07T10:54:17.054-0400][71.051s][info ][gc          ] GC(31) Pause Young (Normal) (G1 Evacuation Pause) 406M->129M(512M) 9.827ms
[2025-04-07T10:54:17.054-0400][71.051s][info ][gc,cpu      ] GC(31) User=0.34s Sys=0.05s Real=0.01s
[2025-04-07T10:54:17.054-0400][71.051s][info ][safepoint   ] Safepoint "G1CollectForAllocation", Time since last: 1270108800 ns, Reaching safepoint: 73900 ns, Cleanup: 37600 ns, At safepoint: 9941500 ns, Total: 10053000 ns
[2025-04-07T10:54:19.055-0400][73.051s][debug][safepoint   ] Safepoint synchronization initiated using striped semaphore wait barrier. (35 threads)
[2025-04-07T10:54:19.055-0400][73.051s][info ][safepoint   ] Safepoint "Cleanup", Time since last: 2000150800 ns, Reaching safepoint: 73700 ns, Cleanup: 78000 ns, At safepoint: 16300 ns, Total: 168000 ns
[2025-04-07T10:54:20.069-0400][74.065s][debug][safepoint   ] Safepoint synchronization initiated using striped semaphore wait barrier. (29 threads)
[2025-04-07T10:54:20.069-0400][74.065s][info ][safepoint   ] Safepoint "Cleanup", Time since last: 1014051400 ns, Reaching safepoint: 68300 ns, Cleanup: 14900 ns, At safepoint: 2100 ns, Total: 85300 ns
[2025-04-07T10:54:31.159-0400][85.155s][debug][safepoint   ] Safepoint synchronization initiated using striped semaphore wait barrier. (28 threads)
[2025-04-07T10:54:31.159-0400][85.155s][info ][safepoint   ] Safepoint "Cleanup", Time since last: 11089294200 ns, Reaching safepoint: 109000 ns, Cleanup: 15800 ns, At safepoint: 2500 ns, Total: 127300 ns
[2025-04-07T10:54:32.160-0400][86.156s][debug][safepoint   ] Safepoint synchronization initiated using striped semaphore wait barrier. (28 threads)
[2025-04-07T10:54:32.160-0400][86.156s][info ][safepoint   ] Safepoint "Cleanup", Time since last: 1001387300 ns, Reaching safepoint: 99900 ns, Cleanup: 141500 ns, At safepoint: 5200 ns, Total: 246600 ns
[2025-04-07T10:54:34.161-0400][88.157s][debug][safepoint   ] Safepoint synchronization initiated using striped semaphore wait barrier. (28 threads)
[2025-04-07T10:54:34.161-0400][88.157s][info ][safepoint   ] Safepoint "Cleanup", Time since last: 2000485700 ns, Reaching safepoint: 187600 ns, Cleanup: 15800 ns, At safepoint: 2600 ns, Total: 206000 ns
[2025-04-07T10:54:36.185-0400][90.181s][debug][safepoint   ] Safepoint synchronization initiated using striped semaphore wait barrier. (28 threads)
[2025-04-07T10:54:36.185-0400][90.181s][info ][safepoint   ] Safepoint "Cleanup", Time since last: 2024263000 ns, Reaching safepoint: 69500 ns, Cleanup: 38600 ns, At safepoint: 44900 ns, Total: 153000 ns
[2025-04-07T10:54:37.193-0400][91.189s][debug][safepoint   ] Safepoint synchronization initiated using striped semaphore wait barrier. (28 threads)
[2025-04-07T10:54:37.193-0400][91.189s][info ][safepoint   ] Safepoint "Cleanup", Time since last: 1007866600 ns, Reaching safepoint: 67600 ns, Cleanup: 14500 ns, At safepoint: 1900 ns, Total: 84000 ns
[2025-04-07T10:54:41.245-0400][95.241s][debug][safepoint   ] Safepoint synchronization initiated using striped semaphore wait barrier. (27 threads)
[2025-04-07T10:54:41.245-0400][95.241s][info ][safepoint   ] Safepoint "Cleanup", Time since last: 4051836500 ns, Reaching safepoint: 77700 ns, Cleanup: 14700 ns, At safepoint: 1900 ns, Total: 94300 ns
[2025-04-07T10:55:33.514-0400][147.510s][debug][safepoint   ] Safepoint synchronization initiated using striped semaphore wait barrier. (27 threads)
[2025-04-07T10:55:33.514-0400][147.510s][info ][safepoint   ] Safepoint "Cleanup", Time since last: 52268521200 ns, Reaching safepoint: 58000 ns, Cleanup: 14500 ns, At safepoint: 1600 ns, Total: 74100 ns
[2025-04-07T10:59:06.499-0400][360.495s][debug][safepoint   ] Safepoint synchronization initiated using striped semaphore wait barrier. (27 threads)
[2025-04-07T10:59:06.499-0400][360.495s][info ][safepoint   ] Safepoint "Cleanup", Time since last: 212985466200 ns, Reaching safepoint: 46900 ns, Cleanup: 10200 ns, At safepoint: 1200 ns, Total: 58300 ns
[2025-04-07T11:05:14.946-0400][728.942s][debug][safepoint   ] Safepoint synchronization initiated using striped semaphore wait barrier. (27 threads)
[2025-04-07T11:05:14.946-0400][728.942s][info ][safepoint   ] Safepoint "Cleanup", Time since last: 368446299500 ns, Reaching safepoint: 59500 ns, Cleanup: 12000 ns, At safepoint: 1700 ns, Total: 73200 ns
[2025-04-07T11:05:21.013-0400][735.009s][debug][safepoint   ] Safepoint synchronization initiated using striped semaphore wait barrier. (27 threads)
[2025-04-07T11:05:21.013-0400][735.009s][info ][safepoint   ] Safepoint "Cleanup", Time since last: 6067521000 ns, Reaching safepoint: 36700 ns, Cleanup: 7900 ns, At safepoint: 1100 ns, Total: 45700 ns
[2025-04-07T11:36:00.567-0400][2574.732s][debug][safepoint   ] Safepoint synchronization initiated using striped semaphore wait barrier. (27 threads)
[2025-04-07T11:36:00.567-0400][2574.732s][info ][safepoint   ] Safepoint "Cleanup", Time since last: 1839722616400 ns, Reaching safepoint: 189100 ns, Cleanup: 13400 ns, At safepoint: 2000 ns, Total: 204500 ns
[2025-04-07T13:03:08.226-0400][7802.728s][debug][safepoint   ] Safepoint synchronization initiated using striped semaphore wait barrier. (27 threads)
[2025-04-07T13:03:08.229-0400][7802.732s][info ][safepoint   ] Safepoint "Cleanup", Time since last: 5227995259000 ns, Reaching safepoint: 3519700 ns, Cleanup: 1251000 ns, At safepoint: 15400 ns, Total: 4786100 ns
