[2025-04-09T03:29:59.392-0400][0.033s][info][gc] Using G1
[2025-04-09T03:29:59.392-0400][0.038s][info][gc,init] Version: 17.0.14+7 (release)
[2025-04-09T03:29:59.392-0400][0.038s][info][gc,init] CPUs: 32 total, 32 available
[2025-04-09T03:29:59.392-0400][0.038s][info][gc,init] Memory: 32559M
[2025-04-09T03:29:59.392-0400][0.038s][info][gc,init] Large Page Support: Disabled
[2025-04-09T03:29:59.392-0400][0.038s][info][gc,init] NUMA Support: Disabled
[2025-04-09T03:29:59.392-0400][0.038s][info][gc,init] Compressed Oops: Enabled (32-bit)
[2025-04-09T03:29:59.392-0400][0.038s][info][gc,init] Heap Region Size: 1M
[2025-04-09T03:29:59.392-0400][0.038s][info][gc,init] Heap Min Capacity: 512M
[2025-04-09T03:29:59.392-0400][0.038s][info][gc,init] Heap Initial Capacity: 512M
[2025-04-09T03:29:59.392-0400][0.038s][info][gc,init] Heap Max Capacity: 1G
[2025-04-09T03:29:59.392-0400][0.038s][info][gc,init] Pre-touch: Disabled
[2025-04-09T03:29:59.392-0400][0.038s][info][gc,init] Parallel Workers: 23
[2025-04-09T03:29:59.392-0400][0.038s][info][gc,init] Concurrent Workers: 6
[2025-04-09T03:29:59.392-0400][0.038s][info][gc,init] Concurrent Refinement Workers: 23
[2025-04-09T03:29:59.392-0400][0.038s][info][gc,init] Periodic GC: Disabled
[2025-04-09T03:29:59.410-0400][0.047s][info][gc,metaspace] CDS archive(s) mapped at: [0x0000017da1000000-0x0000017da1bb0000-0x0000017da1bb0000), size 12255232, SharedBaseAddress: 0x0000017da1000000, ArchiveRelocationMode: 1.
[2025-04-09T03:29:59.410-0400][0.047s][info][gc,metaspace] Compressed class space mapped at: 0x0000017da2000000-0x0000017de2000000, reserved size: 1073741824
[2025-04-09T03:29:59.410-0400][0.047s][info][gc,metaspace] Narrow klass base: 0x0000017da1000000, Narrow klass shift: 0, Narrow klass range: 0x100000000
[2025-04-09T03:29:59.897-0400][0.536s][debug][safepoint   ] Safepoint synchronization initiated using striped semaphore wait barrier. (25 threads)
[2025-04-09T03:29:59.897-0400][0.537s][info ][safepoint   ] Safepoint "ICBufferFull", Time since last: 479859400 ns, Reaching safepoint: 37100 ns, Cleanup: 50000 ns, At safepoint: 1200 ns, Total: 88300 ns
[2025-04-09T03:30:00.135-0400][0.772s][debug][safepoint   ] Safepoint synchronization initiated using striped semaphore wait barrier. (26 threads)
[2025-04-09T03:30:00.135-0400][0.772s][info ][gc,start    ] GC(0) Pause Young (Normal) (G1 Evacuation Pause)
[2025-04-09T03:30:00.135-0400][0.774s][info ][gc,task     ] GC(0) Using 12 workers of 23 for evacuation
[2025-04-09T03:30:00.135-0400][0.778s][info ][gc,phases   ] GC(0)   Pre Evacuate Collection Set: 0.1ms
[2025-04-09T03:30:00.135-0400][0.778s][info ][gc,phases   ] GC(0)   Merge Heap Roots: 0.1ms
[2025-04-09T03:30:00.135-0400][0.778s][info ][gc,phases   ] GC(0)   Evacuate Collection Set: 2.5ms
[2025-04-09T03:30:00.135-0400][0.778s][info ][gc,phases   ] GC(0)   Post Evacuate Collection Set: 1.5ms
[2025-04-09T03:30:00.135-0400][0.778s][info ][gc,phases   ] GC(0)   Other: 1.8ms
[2025-04-09T03:30:00.135-0400][0.778s][info ][gc,heap     ] GC(0) Eden regions: 62->0(86)
[2025-04-09T03:30:00.135-0400][0.778s][info ][gc,heap     ] GC(0) Survivor regions: 0->8(8)
[2025-04-09T03:30:00.135-0400][0.778s][info ][gc,heap     ] GC(0) Old regions: 0->2
[2025-04-09T03:30:00.135-0400][0.778s][info ][gc,heap     ] GC(0) Archive regions: 0->0
[2025-04-09T03:30:00.135-0400][0.778s][info ][gc,heap     ] GC(0) Humongous regions: 0->0
[2025-04-09T03:30:00.135-0400][0.778s][info ][gc,metaspace] GC(0) Metaspace: 2542K(2752K)->2542K(2752K) NonClass: 2307K(2432K)->2307K(2432K) Class: 234K(320K)->234K(320K)
[2025-04-09T03:30:00.135-0400][0.778s][info ][gc          ] GC(0) Pause Young (Normal) (G1 Evacuation Pause) 62M->9M(512M) 5.948ms
[2025-04-09T03:30:00.135-0400][0.778s][info ][gc,cpu      ] GC(0) User=0.00s Sys=0.00s Real=0.00s
[2025-04-09T03:30:00.135-0400][0.778s][info ][safepoint   ] Safepoint "G1CollectForAllocation", Time since last: 235121100 ns, Reaching safepoint: 27300 ns, Cleanup: 19500 ns, At safepoint: 6293200 ns, Total: 6340000 ns
[2025-04-09T03:30:00.931-0400][1.572s][debug][safepoint   ] Safepoint synchronization initiated using striped semaphore wait barrier. (27 threads)
[2025-04-09T03:30:00.931-0400][1.572s][info ][gc,start    ] GC(1) Pause Young (Normal) (G1 Evacuation Pause)
[2025-04-09T03:30:00.931-0400][1.572s][info ][gc,task     ] GC(1) Using 12 workers of 23 for evacuation
[2025-04-09T03:30:00.937-0400][1.576s][info ][gc,phases   ] GC(1)   Pre Evacuate Collection Set: 0.2ms
[2025-04-09T03:30:00.937-0400][1.576s][info ][gc,phases   ] GC(1)   Merge Heap Roots: 0.1ms
[2025-04-09T03:30:00.937-0400][1.576s][info ][gc,phases   ] GC(1)   Evacuate Collection Set: 3.1ms
[2025-04-09T03:30:00.937-0400][1.577s][info ][gc,phases   ] GC(1)   Post Evacuate Collection Set: 1.0ms
[2025-04-09T03:30:00.937-0400][1.577s][info ][gc,phases   ] GC(1)   Other: 0.1ms
[2025-04-09T03:30:00.937-0400][1.577s][info ][gc,heap     ] GC(1) Eden regions: 86->0(305)
[2025-04-09T03:30:00.937-0400][1.577s][info ][gc,heap     ] GC(1) Survivor regions: 8->2(12)
[2025-04-09T03:30:00.937-0400][1.577s][info ][gc,heap     ] GC(1) Old regions: 2->10
[2025-04-09T03:30:00.937-0400][1.577s][info ][gc,heap     ] GC(1) Archive regions: 0->0
[2025-04-09T03:30:00.937-0400][1.577s][info ][gc,heap     ] GC(1) Humongous regions: 0->0
[2025-04-09T03:30:00.937-0400][1.577s][info ][gc,metaspace] GC(1) Metaspace: 5747K(6016K)->5747K(6016K) NonClass: 5046K(5184K)->5046K(5184K) Class: 701K(832K)->701K(832K)
[2025-04-09T03:30:00.937-0400][1.577s][info ][gc          ] GC(1) Pause Young (Normal) (G1 Evacuation Pause) 95M->11M(512M) 4.601ms
[2025-04-09T03:30:00.937-0400][1.577s][info ][gc,cpu      ] GC(1) User=0.00s Sys=0.00s Real=0.01s
[2025-04-09T03:30:00.937-0400][1.577s][info ][safepoint   ] Safepoint "G1CollectForAllocation", Time since last: 793792100 ns, Reaching safepoint: 65800 ns, Cleanup: 63500 ns, At safepoint: 4636000 ns, Total: 4765300 ns
[2025-04-09T03:30:01.603-0400][2.240s][debug][safepoint   ] Safepoint synchronization initiated using striped semaphore wait barrier. (27 threads)
[2025-04-09T03:30:01.603-0400][2.240s][info ][safepoint   ] Safepoint "ICBufferFull", Time since last: 663425600 ns, Reaching safepoint: 69000 ns, Cleanup: 64300 ns, At safepoint: 2500 ns, Total: 135800 ns
[2025-04-09T03:30:01.823-0400][2.466s][debug][safepoint   ] Safepoint synchronization initiated using striped semaphore wait barrier. (25 threads)
[2025-04-09T03:30:01.823-0400][2.466s][info ][safepoint   ] Safepoint "ICBufferFull", Time since last: 225474400 ns, Reaching safepoint: 75300 ns, Cleanup: 59900 ns, At safepoint: 6500 ns, Total: 141700 ns
[2025-04-09T03:30:02.113-0400][2.750s][debug][safepoint   ] Safepoint synchronization initiated using striped semaphore wait barrier. (25 threads)
[2025-04-09T03:30:02.113-0400][2.750s][info ][gc,start    ] GC(2) Pause Young (Normal) (G1 Evacuation Pause)
[2025-04-09T03:30:02.113-0400][2.750s][info ][gc,task     ] GC(2) Using 12 workers of 23 for evacuation
[2025-04-09T03:30:02.113-0400][2.753s][info ][gc,phases   ] GC(2)   Pre Evacuate Collection Set: 0.1ms
[2025-04-09T03:30:02.113-0400][2.753s][info ][gc,phases   ] GC(2)   Merge Heap Roots: 0.2ms
[2025-04-09T03:30:02.113-0400][2.753s][info ][gc,phases   ] GC(2)   Evacuate Collection Set: 2.1ms
[2025-04-09T03:30:02.113-0400][2.753s][info ][gc,phases   ] GC(2)   Post Evacuate Collection Set: 1.0ms
[2025-04-09T03:30:02.113-0400][2.753s][info ][gc,phases   ] GC(2)   Other: 0.1ms
[2025-04-09T03:30:02.113-0400][2.753s][info ][gc,heap     ] GC(2) Eden regions: 305->0(300)
[2025-04-09T03:30:02.113-0400][2.753s][info ][gc,heap     ] GC(2) Survivor regions: 2->7(39)
[2025-04-09T03:30:02.113-0400][2.753s][info ][gc,heap     ] GC(2) Old regions: 10->10
[2025-04-09T03:30:02.113-0400][2.753s][info ][gc,heap     ] GC(2) Archive regions: 0->0
[2025-04-09T03:30:02.113-0400][2.753s][info ][gc,heap     ] GC(2) Humongous regions: 0->0
[2025-04-09T03:30:02.113-0400][2.753s][info ][gc,metaspace] GC(2) Metaspace: 15255K(15616K)->15255K(15616K) NonClass: 13286K(13504K)->13286K(13504K) Class: 1969K(2112K)->1969K(2112K)
[2025-04-09T03:30:02.113-0400][2.753s][info ][gc          ] GC(2) Pause Young (Normal) (G1 Evacuation Pause) 316M->16M(512M) 3.644ms
[2025-04-09T03:30:02.113-0400][2.754s][info ][gc,cpu      ] GC(2) User=0.00s Sys=0.00s Real=0.00s
[2025-04-09T03:30:02.113-0400][2.754s][info ][safepoint   ] Safepoint "G1CollectForAllocation", Time since last: 283957500 ns, Reaching safepoint: 40400 ns, Cleanup: 79400 ns, At safepoint: 3725600 ns, Total: 3845400 ns
[2025-04-09T03:30:02.436-0400][3.072s][debug][safepoint   ] Safepoint synchronization initiated using striped semaphore wait barrier. (25 threads)
[2025-04-09T03:30:02.436-0400][3.072s][info ][safepoint   ] Safepoint "ICBufferFull", Time since last: 318666800 ns, Reaching safepoint: 59900 ns, Cleanup: 85000 ns, At safepoint: 6100 ns, Total: 151000 ns
[2025-04-09T03:30:02.906-0400][3.544s][debug][safepoint   ] Safepoint synchronization initiated using striped semaphore wait barrier. (28 threads)
[2025-04-09T03:30:02.921-0400][3.557s][info ][gc,start    ] GC(3) Pause Young (Normal) (G1 Evacuation Pause)
[2025-04-09T03:30:02.921-0400][3.557s][info ][gc,task     ] GC(3) Using 12 workers of 23 for evacuation
[2025-04-09T03:30:02.925-0400][3.564s][info ][gc,phases   ] GC(3)   Pre Evacuate Collection Set: 0.1ms
[2025-04-09T03:30:02.925-0400][3.564s][info ][gc,phases   ] GC(3)   Merge Heap Roots: 0.1ms
[2025-04-09T03:30:02.925-0400][3.564s][info ][gc,phases   ] GC(3)   Evacuate Collection Set: 5.4ms
[2025-04-09T03:30:02.925-0400][3.564s][info ][gc,phases   ] GC(3)   Post Evacuate Collection Set: 1.1ms
[2025-04-09T03:30:02.925-0400][3.564s][info ][gc,phases   ] GC(3)   Other: 0.1ms
[2025-04-09T03:30:02.925-0400][3.564s][info ][gc,heap     ] GC(3) Eden regions: 300->0(282)
[2025-04-09T03:30:02.925-0400][3.564s][info ][gc,heap     ] GC(3) Survivor regions: 7->25(39)
[2025-04-09T03:30:02.925-0400][3.564s][info ][gc,heap     ] GC(3) Old regions: 10->10
[2025-04-09T03:30:02.925-0400][3.564s][info ][gc,heap     ] GC(3) Archive regions: 0->0
[2025-04-09T03:30:02.925-0400][3.564s][info ][gc,heap     ] GC(3) Humongous regions: 0->0
[2025-04-09T03:30:02.925-0400][3.564s][info ][gc,metaspace] GC(3) Metaspace: 20557K(20928K)->20557K(20928K) NonClass: 17914K(18112K)->17914K(18112K) Class: 2643K(2816K)->2643K(2816K)
[2025-04-09T03:30:02.925-0400][3.564s][info ][gc          ] GC(3) Pause Young (Normal) (G1 Evacuation Pause) 316M->33M(512M) 6.842ms
[2025-04-09T03:30:02.925-0400][3.564s][info ][gc,cpu      ] GC(3) User=0.11s Sys=0.11s Real=0.00s
[2025-04-09T03:30:02.925-0400][3.564s][info ][safepoint   ] Safepoint "G1CollectForAllocation", Time since last: 472050600 ns, Reaching safepoint: 12477300 ns, Cleanup: 115300 ns, At safepoint: 6901600 ns, Total: 19494200 ns
[2025-04-09T03:30:03.185-0400][3.821s][debug][safepoint   ] Safepoint synchronization initiated using striped semaphore wait barrier. (28 threads)
[2025-04-09T03:30:03.185-0400][3.821s][info ][gc,start    ] GC(4) Pause Young (Concurrent Start) (Metadata GC Threshold)
[2025-04-09T03:30:03.185-0400][3.821s][info ][gc,task     ] GC(4) Using 12 workers of 23 for evacuation
[2025-04-09T03:30:03.185-0400][3.827s][info ][gc,phases   ] GC(4)   Pre Evacuate Collection Set: 0.2ms
[2025-04-09T03:30:03.185-0400][3.827s][info ][gc,phases   ] GC(4)   Merge Heap Roots: 0.1ms
[2025-04-09T03:30:03.185-0400][3.827s][info ][gc,phases   ] GC(4)   Evacuate Collection Set: 4.5ms
[2025-04-09T03:30:03.185-0400][3.827s][info ][gc,phases   ] GC(4)   Post Evacuate Collection Set: 0.9ms
[2025-04-09T03:30:03.185-0400][3.827s][info ][gc,phases   ] GC(4)   Other: 0.2ms
[2025-04-09T03:30:03.185-0400][3.827s][info ][gc,heap     ] GC(4) Eden regions: 106->0(279)
[2025-04-09T03:30:03.185-0400][3.827s][info ][gc,heap     ] GC(4) Survivor regions: 25->28(39)
[2025-04-09T03:30:03.185-0400][3.827s][info ][gc,heap     ] GC(4) Old regions: 10->16
[2025-04-09T03:30:03.185-0400][3.827s][info ][gc,heap     ] GC(4) Archive regions: 0->0
[2025-04-09T03:30:03.185-0400][3.827s][info ][gc,heap     ] GC(4) Humongous regions: 0->0
[2025-04-09T03:30:03.185-0400][3.827s][info ][gc,metaspace] GC(4) Metaspace: 21138K(21504K)->21138K(21504K) NonClass: 18414K(18560K)->18414K(18560K) Class: 2724K(2944K)->2724K(2944K)
[2025-04-09T03:30:03.185-0400][3.827s][info ][gc          ] GC(4) Pause Young (Concurrent Start) (Metadata GC Threshold) 139M->43M(512M) 5.984ms
[2025-04-09T03:30:03.185-0400][3.827s][info ][gc,cpu      ] GC(4) User=0.02s Sys=0.00s Real=0.00s
[2025-04-09T03:30:03.185-0400][3.827s][info ][gc          ] GC(5) Concurrent Mark Cycle
[2025-04-09T03:30:03.185-0400][3.827s][info ][safepoint   ] Safepoint "CollectForMetadataAllocation", Time since last: 256850400 ns, Reaching safepoint: 37800 ns, Cleanup: 36600 ns, At safepoint: 6043800 ns, Total: 6118200 ns
[2025-04-09T03:30:03.185-0400][3.827s][info ][gc,marking  ] GC(5) Concurrent Clear Claimed Marks
[2025-04-09T03:30:03.185-0400][3.827s][info ][gc,marking  ] GC(5) Concurrent Clear Claimed Marks 0.032ms
[2025-04-09T03:30:03.185-0400][3.827s][info ][gc,marking  ] GC(5) Concurrent Scan Root Regions
[2025-04-09T03:30:03.192-0400][3.832s][info ][gc,marking  ] GC(5) Concurrent Scan Root Regions 4.794ms
[2025-04-09T03:30:03.192-0400][3.832s][info ][gc,marking  ] GC(5) Concurrent Mark
[2025-04-09T03:30:03.192-0400][3.832s][info ][gc,marking  ] GC(5) Concurrent Mark From Roots
[2025-04-09T03:30:03.192-0400][3.832s][info ][gc,task     ] GC(5) Using 6 workers of 6 for marking
[2025-04-09T03:30:03.192-0400][3.834s][info ][gc,marking  ] GC(5) Concurrent Mark From Roots 1.726ms
[2025-04-09T03:30:03.192-0400][3.834s][info ][gc,marking  ] GC(5) Concurrent Preclean
[2025-04-09T03:30:03.198-0400][3.834s][info ][gc,marking  ] GC(5) Concurrent Preclean 0.155ms
[2025-04-09T03:30:03.198-0400][3.834s][debug][safepoint   ] Safepoint synchronization initiated using striped semaphore wait barrier. (28 threads)
[2025-04-09T03:30:03.208-0400][3.844s][info ][gc,start    ] GC(5) Pause Remark
[2025-04-09T03:30:03.208-0400][3.847s][info ][gc          ] GC(5) Pause Remark 47M->47M(512M) 3.062ms
[2025-04-09T03:30:03.208-0400][3.847s][info ][gc,cpu      ] GC(5) User=0.00s Sys=0.00s Real=0.00s
[2025-04-09T03:30:03.208-0400][3.847s][info ][safepoint   ] Safepoint "G1PauseRemark", Time since last: 6805400 ns, Reaching safepoint: 10191900 ns, Cleanup: 3800 ns, At safepoint: 3123600 ns, Total: 13319300 ns
[2025-04-09T03:30:03.208-0400][3.847s][info ][gc,marking  ] GC(5) Concurrent Mark 15.268ms
[2025-04-09T03:30:03.208-0400][3.847s][info ][gc,marking  ] GC(5) Concurrent Rebuild Remembered Sets
[2025-04-09T03:30:03.212-0400][3.848s][info ][gc,marking  ] GC(5) Concurrent Rebuild Remembered Sets 1.363ms
[2025-04-09T03:30:03.212-0400][3.848s][debug][safepoint   ] Safepoint synchronization initiated using striped semaphore wait barrier. (28 threads)
[2025-04-09T03:30:03.212-0400][3.848s][debug][safepoint   ] ... found polling page loop exception at pc = 0x0000017d914a8d52, stub =0x0000017d90a07700
[2025-04-09T03:30:03.212-0400][3.849s][info ][gc,start    ] GC(5) Pause Cleanup
[2025-04-09T03:30:03.212-0400][3.849s][info ][gc          ] GC(5) Pause Cleanup 47M->47M(512M) 0.137ms
[2025-04-09T03:30:03.212-0400][3.849s][info ][gc,cpu      ] GC(5) User=0.00s Sys=0.00s Real=0.00s
[2025-04-09T03:30:03.212-0400][3.849s][info ][safepoint   ] Safepoint "G1PauseCleanup", Time since last: 1436300 ns, Reaching safepoint: 309600 ns, Cleanup: 4900 ns, At safepoint: 186800 ns, Total: 501300 ns
[2025-04-09T03:30:03.212-0400][3.849s][info ][gc,marking  ] GC(5) Concurrent Cleanup for Next Mark
[2025-04-09T03:30:03.214-0400][3.850s][info ][gc,marking  ] GC(5) Concurrent Cleanup for Next Mark 0.650ms
[2025-04-09T03:30:03.214-0400][3.850s][info ][gc          ] GC(5) Concurrent Mark Cycle 22.877ms
[2025-04-09T03:30:03.888-0400][4.525s][debug][safepoint   ] Safepoint synchronization initiated using striped semaphore wait barrier. (29 threads)
[2025-04-09T03:30:03.888-0400][4.526s][info ][safepoint   ] Safepoint "ICBufferFull", Time since last: 675905700 ns, Reaching safepoint: 846600 ns, Cleanup: 84100 ns, At safepoint: 6100 ns, Total: 936800 ns
[2025-04-09T03:30:03.898-0400][4.536s][debug][safepoint   ] Safepoint synchronization initiated using striped semaphore wait barrier. (29 threads)
[2025-04-09T03:30:03.914-0400][4.550s][info ][gc,start    ] GC(6) Pause Young (Prepare Mixed) (G1 Evacuation Pause)
[2025-04-09T03:30:03.914-0400][4.550s][info ][gc,task     ] GC(6) Using 12 workers of 23 for evacuation
[2025-04-09T03:30:03.920-0400][4.557s][info ][gc,phases   ] GC(6)   Pre Evacuate Collection Set: 0.1ms
[2025-04-09T03:30:03.920-0400][4.557s][info ][gc,phases   ] GC(6)   Merge Heap Roots: 0.1ms
[2025-04-09T03:30:03.920-0400][4.557s][info ][gc,phases   ] GC(6)   Evacuate Collection Set: 6.1ms
[2025-04-09T03:30:03.920-0400][4.557s][info ][gc,phases   ] GC(6)   Post Evacuate Collection Set: 0.8ms
[2025-04-09T03:30:03.920-0400][4.557s][info ][gc,phases   ] GC(6)   Other: 0.2ms
[2025-04-09T03:30:03.920-0400][4.557s][info ][gc,heap     ] GC(6) Eden regions: 279->0(2)
[2025-04-09T03:30:03.920-0400][4.557s][info ][gc,heap     ] GC(6) Survivor regions: 28->23(39)
[2025-04-09T03:30:03.920-0400][4.557s][info ][gc,heap     ] GC(6) Old regions: 16->34
[2025-04-09T03:30:03.920-0400][4.557s][info ][gc,heap     ] GC(6) Archive regions: 0->0
[2025-04-09T03:30:03.920-0400][4.557s][info ][gc,heap     ] GC(6) Humongous regions: 0->0
[2025-04-09T03:30:03.920-0400][4.557s][info ][gc,metaspace] GC(6) Metaspace: 23614K(24000K)->23614K(24000K) NonClass: 20580K(20800K)->20580K(20800K) Class: 3034K(3200K)->3034K(3200K)
[2025-04-09T03:30:03.920-0400][4.557s][info ][gc          ] GC(6) Pause Young (Prepare Mixed) (G1 Evacuation Pause) 322M->55M(512M) 7.307ms
[2025-04-09T03:30:03.920-0400][4.557s][info ][gc,cpu      ] GC(6) User=0.00s Sys=0.00s Real=0.01s
[2025-04-09T03:30:03.920-0400][4.557s][info ][safepoint   ] Safepoint "G1CollectForAllocation", Time since last: 9774100 ns, Reaching safepoint: 14411600 ns, Cleanup: 6600 ns, At safepoint: 7382900 ns, Total: 21801100 ns
[2025-04-09T03:30:03.931-0400][4.569s][debug][safepoint   ] Safepoint synchronization initiated using striped semaphore wait barrier. (29 threads)
[2025-04-09T03:30:03.946-0400][4.582s][info ][gc,start    ] GC(7) Pause Young (Mixed) (G1 Evacuation Pause)
[2025-04-09T03:30:03.946-0400][4.582s][info ][gc,task     ] GC(7) Using 12 workers of 23 for evacuation
[2025-04-09T03:30:03.951-0400][4.587s][info ][gc,phases   ] GC(7)   Pre Evacuate Collection Set: 0.2ms
[2025-04-09T03:30:03.951-0400][4.587s][info ][gc,phases   ] GC(7)   Merge Heap Roots: 0.2ms
[2025-04-09T03:30:03.951-0400][4.587s][info ][gc,phases   ] GC(7)   Evacuate Collection Set: 4.0ms
[2025-04-09T03:30:03.951-0400][4.587s][info ][gc,phases   ] GC(7)   Post Evacuate Collection Set: 0.8ms
[2025-04-09T03:30:03.951-0400][4.587s][info ][gc,phases   ] GC(7)   Other: 0.2ms
[2025-04-09T03:30:03.951-0400][4.587s][info ][gc,heap     ] GC(7) Eden regions: 2->0(303)
[2025-04-09T03:30:03.951-0400][4.587s][info ][gc,heap     ] GC(7) Survivor regions: 23->4(4)
[2025-04-09T03:30:03.951-0400][4.587s][info ][gc,heap     ] GC(7) Old regions: 34->55
[2025-04-09T03:30:03.951-0400][4.587s][info ][gc,heap     ] GC(7) Archive regions: 0->0
[2025-04-09T03:30:03.951-0400][4.587s][info ][gc,heap     ] GC(7) Humongous regions: 0->0
[2025-04-09T03:30:03.951-0400][4.588s][info ][gc,metaspace] GC(7) Metaspace: 23692K(24128K)->23692K(24128K) NonClass: 20646K(20864K)->20646K(20864K) Class: 3045K(3264K)->3045K(3264K)
[2025-04-09T03:30:03.951-0400][4.588s][info ][gc          ] GC(7) Pause Young (Mixed) (G1 Evacuation Pause) 57M->58M(512M) 5.426ms
[2025-04-09T03:30:03.951-0400][4.588s][info ][gc,cpu      ] GC(7) User=0.00s Sys=0.00s Real=0.00s
[2025-04-09T03:30:03.951-0400][4.588s][info ][safepoint   ] Safepoint "G1CollectForAllocation", Time since last: 11942700 ns, Reaching safepoint: 12704900 ns, Cleanup: 24700 ns, At safepoint: 5519500 ns, Total: 18249100 ns
[2025-04-09T03:30:04.336-0400][4.984s][debug][safepoint   ] Safepoint synchronization initiated using striped semaphore wait barrier. (27 threads)
[2025-04-09T03:30:04.336-0400][4.984s][info ][safepoint   ] Safepoint "ICBufferFull", Time since last: 396474400 ns, Reaching safepoint: 30300 ns, Cleanup: 62100 ns, At safepoint: 2600 ns, Total: 95000 ns
[2025-04-09T03:30:04.649-0400][5.285s][debug][safepoint   ] Safepoint synchronization initiated using striped semaphore wait barrier. (25 threads)
[2025-04-09T03:30:04.649-0400][5.285s][info ][gc,start    ] GC(8) Pause Young (Normal) (G1 Evacuation Pause)
[2025-04-09T03:30:04.649-0400][5.285s][info ][gc,task     ] GC(8) Using 12 workers of 23 for evacuation
[2025-04-09T03:30:04.649-0400][5.287s][info ][gc,phases   ] GC(8)   Pre Evacuate Collection Set: 0.2ms
[2025-04-09T03:30:04.649-0400][5.287s][info ][gc,phases   ] GC(8)   Merge Heap Roots: 0.2ms
[2025-04-09T03:30:04.649-0400][5.287s][info ][gc,phases   ] GC(8)   Evacuate Collection Set: 1.1ms
[2025-04-09T03:30:04.649-0400][5.287s][info ][gc,phases   ] GC(8)   Post Evacuate Collection Set: 1.0ms
[2025-04-09T03:30:04.649-0400][5.287s][info ][gc,phases   ] GC(8)   Other: 0.1ms
[2025-04-09T03:30:04.649-0400][5.287s][info ][gc,heap     ] GC(8) Eden regions: 303->0(302)
[2025-04-09T03:30:04.649-0400][5.287s][info ][gc,heap     ] GC(8) Survivor regions: 4->5(39)
[2025-04-09T03:30:04.649-0400][5.287s][info ][gc,heap     ] GC(8) Old regions: 55->55
[2025-04-09T03:30:04.649-0400][5.287s][info ][gc,heap     ] GC(8) Archive regions: 0->0
[2025-04-09T03:30:04.649-0400][5.288s][info ][gc,heap     ] GC(8) Humongous regions: 0->0
[2025-04-09T03:30:04.649-0400][5.288s][info ][gc,metaspace] GC(8) Metaspace: 32050K(32384K)->32050K(32384K) NonClass: 28107K(28288K)->28107K(28288K) Class: 3943K(4096K)->3943K(4096K)
[2025-04-09T03:30:04.649-0400][5.288s][info ][gc          ] GC(8) Pause Young (Normal) (G1 Evacuation Pause) 361M->58M(512M) 2.714ms
[2025-04-09T03:30:04.649-0400][5.288s][info ][gc,cpu      ] GC(8) User=0.00s Sys=0.00s Real=0.00s
[2025-04-09T03:30:04.649-0400][5.288s][info ][safepoint   ] Safepoint "G1CollectForAllocation", Time since last: 300588800 ns, Reaching safepoint: 32500 ns, Cleanup: 30600 ns, At safepoint: 2750600 ns, Total: 2813700 ns
[2025-04-09T03:30:04.870-0400][5.506s][debug][safepoint   ] Safepoint synchronization initiated using striped semaphore wait barrier. (24 threads)
[2025-04-09T03:30:04.870-0400][5.506s][info ][safepoint   ] Safepoint "ICBufferFull", Time since last: 218750300 ns, Reaching safepoint: 31100 ns, Cleanup: 65100 ns, At safepoint: 9900 ns, Total: 106100 ns
[2025-04-09T03:30:05.157-0400][5.801s][debug][safepoint   ] Safepoint synchronization initiated using striped semaphore wait barrier. (25 threads)
[2025-04-09T03:30:05.157-0400][5.801s][info ][safepoint   ] Safepoint "ICBufferFull", Time since last: 294508500 ns, Reaching safepoint: 266600 ns, Cleanup: 63300 ns, At safepoint: 6000 ns, Total: 335900 ns
[2025-04-09T03:30:05.328-0400][5.967s][debug][safepoint   ] Safepoint synchronization initiated using striped semaphore wait barrier. (25 threads)
[2025-04-09T03:30:05.328-0400][5.967s][info ][gc,start    ] GC(9) Pause Young (Concurrent Start) (Metadata GC Threshold)
[2025-04-09T03:30:05.328-0400][5.967s][info ][gc,task     ] GC(9) Using 12 workers of 23 for evacuation
[2025-04-09T03:30:05.331-0400][5.969s][info ][gc,phases   ] GC(9)   Pre Evacuate Collection Set: 0.3ms
[2025-04-09T03:30:05.331-0400][5.969s][info ][gc,phases   ] GC(9)   Merge Heap Roots: 0.2ms
[2025-04-09T03:30:05.331-0400][5.969s][info ][gc,phases   ] GC(9)   Evacuate Collection Set: 1.4ms
[2025-04-09T03:30:05.331-0400][5.969s][info ][gc,phases   ] GC(9)   Post Evacuate Collection Set: 0.7ms
[2025-04-09T03:30:05.331-0400][5.969s][info ][gc,phases   ] GC(9)   Other: 0.1ms
[2025-04-09T03:30:05.331-0400][5.969s][info ][gc,heap     ] GC(9) Eden regions: 252->0(300)
[2025-04-09T03:30:05.331-0400][5.969s][info ][gc,heap     ] GC(9) Survivor regions: 5->7(39)
[2025-04-09T03:30:05.331-0400][5.969s][info ][gc,heap     ] GC(9) Old regions: 55->55
[2025-04-09T03:30:05.331-0400][5.969s][info ][gc,heap     ] GC(9) Archive regions: 0->0
[2025-04-09T03:30:05.331-0400][5.969s][info ][gc,heap     ] GC(9) Humongous regions: 0->0
[2025-04-09T03:30:05.331-0400][5.970s][info ][gc,metaspace] GC(9) Metaspace: 35726K(36096K)->35726K(36096K) NonClass: 31339K(31488K)->31339K(31488K) Class: 4386K(4608K)->4386K(4608K)
[2025-04-09T03:30:05.331-0400][5.970s][info ][gc          ] GC(9) Pause Young (Concurrent Start) (Metadata GC Threshold) 310M->61M(512M) 2.825ms
[2025-04-09T03:30:05.331-0400][5.970s][info ][gc,cpu      ] GC(9) User=0.08s Sys=0.06s Real=0.00s
[2025-04-09T03:30:05.331-0400][5.970s][info ][safepoint   ] Safepoint "CollectForMetadataAllocation", Time since last: 165318200 ns, Reaching safepoint: 80800 ns, Cleanup: 41000 ns, At safepoint: 2876000 ns, Total: 2997800 ns
[2025-04-09T03:30:05.331-0400][5.970s][info ][gc          ] GC(10) Concurrent Mark Cycle
[2025-04-09T03:30:05.331-0400][5.970s][info ][gc,marking  ] GC(10) Concurrent Clear Claimed Marks
[2025-04-09T03:30:05.331-0400][5.970s][info ][gc,marking  ] GC(10) Concurrent Clear Claimed Marks 0.013ms
[2025-04-09T03:30:05.331-0400][5.970s][info ][gc,marking  ] GC(10) Concurrent Scan Root Regions
[2025-04-09T03:30:05.331-0400][5.971s][info ][gc,marking  ] GC(10) Concurrent Scan Root Regions 0.912ms
[2025-04-09T03:30:05.331-0400][5.971s][info ][gc,marking  ] GC(10) Concurrent Mark
[2025-04-09T03:30:05.331-0400][5.971s][info ][gc,marking  ] GC(10) Concurrent Mark From Roots
[2025-04-09T03:30:05.331-0400][5.971s][info ][gc,task     ] GC(10) Using 6 workers of 6 for marking
[2025-04-09T03:30:05.341-0400][5.978s][info ][gc,marking  ] GC(10) Concurrent Mark From Roots 6.975ms
[2025-04-09T03:30:05.341-0400][5.978s][info ][gc,marking  ] GC(10) Concurrent Preclean
[2025-04-09T03:30:05.341-0400][5.978s][info ][gc,marking  ] GC(10) Concurrent Preclean 0.178ms
[2025-04-09T03:30:05.341-0400][5.978s][debug][safepoint   ] Safepoint synchronization initiated using striped semaphore wait barrier. (25 threads)
[2025-04-09T03:30:05.341-0400][5.978s][info ][gc,start    ] GC(10) Pause Remark
[2025-04-09T03:30:05.341-0400][5.980s][info ][gc          ] GC(10) Pause Remark 63M->63M(512M) 2.222ms
[2025-04-09T03:30:05.341-0400][5.980s][info ][gc,cpu      ] GC(10) User=0.00s Sys=0.00s Real=0.00s
[2025-04-09T03:30:05.341-0400][5.980s][info ][safepoint   ] Safepoint "G1PauseRemark", Time since last: 8217100 ns, Reaching safepoint: 32500 ns, Cleanup: 10500 ns, At safepoint: 2273900 ns, Total: 2316900 ns
[2025-04-09T03:30:05.341-0400][5.980s][info ][gc,marking  ] GC(10) Concurrent Mark 9.628ms
[2025-04-09T03:30:05.341-0400][5.980s][info ][gc,marking  ] GC(10) Concurrent Rebuild Remembered Sets
[2025-04-09T03:30:05.349-0400][5.986s][info ][gc,marking  ] GC(10) Concurrent Rebuild Remembered Sets 6.164ms
[2025-04-09T03:30:05.349-0400][5.986s][debug][safepoint   ] Safepoint synchronization initiated using striped semaphore wait barrier. (25 threads)
[2025-04-09T03:30:05.363-0400][5.999s][info ][gc,start    ] GC(10) Pause Cleanup
[2025-04-09T03:30:05.363-0400][5.999s][info ][gc          ] GC(10) Pause Cleanup 64M->64M(512M) 0.279ms
[2025-04-09T03:30:05.363-0400][5.999s][info ][gc,cpu      ] GC(10) User=0.00s Sys=0.00s Real=0.00s
[2025-04-09T03:30:05.363-0400][5.999s][info ][safepoint   ] Safepoint "G1PauseCleanup", Time since last: 6335000 ns, Reaching safepoint: 12501700 ns, Cleanup: 3500 ns, At safepoint: 343500 ns, Total: 12848700 ns
[2025-04-09T03:30:05.363-0400][5.999s][info ][gc,marking  ] GC(10) Concurrent Cleanup for Next Mark
[2025-04-09T03:30:05.363-0400][6.000s][info ][gc,marking  ] GC(10) Concurrent Cleanup for Next Mark 0.644ms
[2025-04-09T03:30:05.363-0400][6.000s][info ][gc          ] GC(10) Concurrent Mark Cycle 30.395ms
[2025-04-09T03:30:05.728-0400][6.370s][debug][safepoint   ] Safepoint synchronization initiated using striped semaphore wait barrier. (22 threads)
[2025-04-09T03:30:05.728-0400][6.370s][info ][safepoint   ] Safepoint "ICBufferFull", Time since last: 370515300 ns, Reaching safepoint: 33100 ns, Cleanup: 63400 ns, At safepoint: 1000 ns, Total: 97500 ns
[2025-04-09T03:30:06.312-0400][6.954s][debug][safepoint   ] Safepoint synchronization initiated using striped semaphore wait barrier. (22 threads)
[2025-04-09T03:30:06.312-0400][6.954s][info ][gc,start    ] GC(11) Pause Young (Prepare Mixed) (G1 Evacuation Pause)
[2025-04-09T03:30:06.312-0400][6.954s][info ][gc,task     ] GC(11) Using 12 workers of 23 for evacuation
[2025-04-09T03:30:06.312-0400][6.957s][info ][gc,phases   ] GC(11)   Pre Evacuate Collection Set: 0.3ms
[2025-04-09T03:30:06.312-0400][6.957s][info ][gc,phases   ] GC(11)   Merge Heap Roots: 0.2ms
[2025-04-09T03:30:06.312-0400][6.957s][info ][gc,phases   ] GC(11)   Evacuate Collection Set: 1.7ms
[2025-04-09T03:30:06.312-0400][6.957s][info ][gc,phases   ] GC(11)   Post Evacuate Collection Set: 0.8ms
[2025-04-09T03:30:06.312-0400][6.957s][info ][gc,phases   ] GC(11)   Other: 0.1ms
[2025-04-09T03:30:06.312-0400][6.957s][info ][gc,heap     ] GC(11) Eden regions: 300->0(15)
[2025-04-09T03:30:06.312-0400][6.957s][info ][gc,heap     ] GC(11) Survivor regions: 7->10(39)
[2025-04-09T03:30:06.312-0400][6.957s][info ][gc,heap     ] GC(11) Old regions: 55->55
[2025-04-09T03:30:06.312-0400][6.957s][info ][gc,heap     ] GC(11) Archive regions: 0->0
[2025-04-09T03:30:06.312-0400][6.957s][info ][gc,heap     ] GC(11) Humongous regions: 0->0
[2025-04-09T03:30:06.312-0400][6.957s][info ][gc,metaspace] GC(11) Metaspace: 41268K(41664K)->41268K(41664K) NonClass: 36092K(36288K)->36092K(36288K) Class: 5175K(5376K)->5175K(5376K)
[2025-04-09T03:30:06.312-0400][6.957s][info ][gc          ] GC(11) Pause Young (Prepare Mixed) (G1 Evacuation Pause) 361M->64M(512M) 3.250ms
[2025-04-09T03:30:06.312-0400][6.957s][info ][gc,cpu      ] GC(11) User=0.00s Sys=0.00s Real=0.00s
[2025-04-09T03:30:06.312-0400][6.957s][info ][safepoint   ] Safepoint "G1CollectForAllocation", Time since last: 584210200 ns, Reaching safepoint: 44400 ns, Cleanup: 44200 ns, At safepoint: 3293300 ns, Total: 3381900 ns
[2025-04-09T03:30:06.405-0400][7.051s][debug][safepoint   ] Safepoint synchronization initiated using striped semaphore wait barrier. (22 threads)
[2025-04-09T03:30:06.405-0400][7.052s][info ][gc,start    ] GC(12) Pause Young (Mixed) (G1 Evacuation Pause)
[2025-04-09T03:30:06.405-0400][7.052s][info ][gc,task     ] GC(12) Using 12 workers of 23 for evacuation
[2025-04-09T03:30:06.405-0400][7.056s][info ][gc,phases   ] GC(12)   Pre Evacuate Collection Set: 0.3ms
[2025-04-09T03:30:06.405-0400][7.056s][info ][gc,phases   ] GC(12)   Merge Heap Roots: 0.1ms
[2025-04-09T03:30:06.405-0400][7.056s][info ][gc,phases   ] GC(12)   Evacuate Collection Set: 3.4ms
[2025-04-09T03:30:06.405-0400][7.056s][info ][gc,phases   ] GC(12)   Post Evacuate Collection Set: 0.7ms
[2025-04-09T03:30:06.405-0400][7.056s][info ][gc,phases   ] GC(12)   Other: 0.1ms
[2025-04-09T03:30:06.405-0400][7.056s][info ][gc,heap     ] GC(12) Eden regions: 15->0(305)
[2025-04-09T03:30:06.405-0400][7.056s][info ][gc,heap     ] GC(12) Survivor regions: 10->2(4)
[2025-04-09T03:30:06.405-0400][7.056s][info ][gc,heap     ] GC(12) Old regions: 55->62
[2025-04-09T03:30:06.405-0400][7.056s][info ][gc,heap     ] GC(12) Archive regions: 0->0
[2025-04-09T03:30:06.420-0400][7.056s][info ][gc,heap     ] GC(12) Humongous regions: 0->0
[2025-04-09T03:30:06.420-0400][7.056s][info ][gc,metaspace] GC(12) Metaspace: 41521K(41856K)->41521K(41856K) NonClass: 36311K(36480K)->36311K(36480K) Class: 5210K(5376K)->5210K(5376K)
[2025-04-09T03:30:06.420-0400][7.056s][info ][gc          ] GC(12) Pause Young (Mixed) (G1 Evacuation Pause) 79M->62M(512M) 4.788ms
[2025-04-09T03:30:06.420-0400][7.056s][info ][gc,cpu      ] GC(12) User=0.00s Sys=0.00s Real=0.02s
[2025-04-09T03:30:06.420-0400][7.056s][info ][safepoint   ] Safepoint "G1CollectForAllocation", Time since last: 93959400 ns, Reaching safepoint: 36400 ns, Cleanup: 35000 ns, At safepoint: 4834600 ns, Total: 4906000 ns
[2025-04-09T03:30:06.862-0400][7.504s][debug][safepoint   ] Safepoint synchronization initiated using striped semaphore wait barrier. (22 threads)
[2025-04-09T03:30:06.862-0400][7.504s][info ][safepoint   ] Safepoint "ICBufferFull", Time since last: 447409900 ns, Reaching safepoint: 38500 ns, Cleanup: 85900 ns, At safepoint: 6900 ns, Total: 131300 ns
[2025-04-09T03:30:07.526-0400][8.162s][debug][safepoint   ] Safepoint synchronization initiated using striped semaphore wait barrier. (24 threads)
[2025-04-09T03:30:07.526-0400][8.162s][info ][safepoint   ] Safepoint "ICBufferFull", Time since last: 658333900 ns, Reaching safepoint: 33000 ns, Cleanup: 77400 ns, At safepoint: 5600 ns, Total: 116000 ns
[2025-04-09T03:30:07.808-0400][8.445s][debug][safepoint   ] Safepoint synchronization initiated using striped semaphore wait barrier. (24 threads)
[2025-04-09T03:30:07.824-0400][8.460s][info ][gc,start    ] GC(13) Pause Young (Normal) (G1 Evacuation Pause)
[2025-04-09T03:30:07.824-0400][8.460s][info ][gc,task     ] GC(13) Using 12 workers of 23 for evacuation
[2025-04-09T03:30:07.824-0400][8.463s][info ][gc,phases   ] GC(13)   Pre Evacuate Collection Set: 0.2ms
[2025-04-09T03:30:07.824-0400][8.463s][info ][gc,phases   ] GC(13)   Merge Heap Roots: 0.2ms
[2025-04-09T03:30:07.824-0400][8.463s][info ][gc,phases   ] GC(13)   Evacuate Collection Set: 1.5ms
[2025-04-09T03:30:07.824-0400][8.463s][info ][gc,phases   ] GC(13)   Post Evacuate Collection Set: 1.0ms
[2025-04-09T03:30:07.824-0400][8.463s][info ][gc,phases   ] GC(13)   Other: 0.1ms
[2025-04-09T03:30:07.824-0400][8.463s][info ][gc,heap     ] GC(13) Eden regions: 305->0(301)
[2025-04-09T03:30:07.824-0400][8.463s][info ][gc,heap     ] GC(13) Survivor regions: 2->6(39)
[2025-04-09T03:30:07.824-0400][8.463s][info ][gc,heap     ] GC(13) Old regions: 62->62
[2025-04-09T03:30:07.824-0400][8.463s][info ][gc,heap     ] GC(13) Archive regions: 0->0
[2025-04-09T03:30:07.824-0400][8.463s][info ][gc,heap     ] GC(13) Humongous regions: 0->0
[2025-04-09T03:30:07.824-0400][8.463s][info ][gc,metaspace] GC(13) Metaspace: 49491K(49984K)->49491K(49984K) NonClass: 43203K(43456K)->43203K(43456K) Class: 6288K(6528K)->6288K(6528K)
[2025-04-09T03:30:07.824-0400][8.463s][info ][gc          ] GC(13) Pause Young (Normal) (G1 Evacuation Pause) 367M->66M(512M) 3.150ms
[2025-04-09T03:30:07.824-0400][8.463s][info ][gc,cpu      ] GC(13) User=0.00s Sys=0.00s Real=0.00s
[2025-04-09T03:30:07.824-0400][8.463s][info ][safepoint   ] Safepoint "G1CollectForAllocation", Time since last: 282726900 ns, Reaching safepoint: 15014300 ns, Cleanup: 49200 ns, At safepoint: 3224700 ns, Total: 18288200 ns
[2025-04-09T03:30:09.803-0400][10.439s][debug][safepoint   ] Safepoint synchronization initiated using striped semaphore wait barrier. (19 threads)
[2025-04-09T03:30:09.803-0400][10.439s][info ][safepoint   ] Safepoint "Cleanup", Time since last: 1975653500 ns, Reaching safepoint: 41800 ns, Cleanup: 110600 ns, At safepoint: 1499 ns, Total: 153899 ns
[2025-04-09T03:30:10.407-0400][11.046s][debug][safepoint   ] Safepoint synchronization initiated using striped semaphore wait barrier. (18 threads)
[2025-04-09T03:30:10.407-0400][11.046s][info ][safepoint   ] Safepoint "ICBufferFull", Time since last: 606669300 ns, Reaching safepoint: 39701 ns, Cleanup: 85200 ns, At safepoint: 5500 ns, Total: 130401 ns
[2025-04-09T03:30:11.416-0400][12.052s][debug][safepoint   ] Safepoint synchronization initiated using striped semaphore wait barrier. (28 threads)
[2025-04-09T03:30:11.432-0400][12.068s][info ][safepoint   ] Safepoint "Cleanup", Time since last: 1005925700 ns, Reaching safepoint: 15977499 ns, Cleanup: 71401 ns, At safepoint: 22100 ns, Total: 16071000 ns
[2025-04-09T03:30:12.321-0400][12.965s][debug][safepoint   ] Safepoint synchronization initiated using striped semaphore wait barrier. (20 threads)
[2025-04-09T03:30:12.321-0400][12.965s][info ][gc,start    ] GC(14) Pause Young (Normal) (G1 Evacuation Pause)
[2025-04-09T03:30:12.321-0400][12.965s][info ][gc,task     ] GC(14) Using 12 workers of 23 for evacuation
[2025-04-09T03:30:12.331-0400][12.969s][info ][gc,phases   ] GC(14)   Pre Evacuate Collection Set: 0.3ms
[2025-04-09T03:30:12.331-0400][12.969s][info ][gc,phases   ] GC(14)   Merge Heap Roots: 0.1ms
[2025-04-09T03:30:12.331-0400][12.969s][info ][gc,phases   ] GC(14)   Evacuate Collection Set: 2.2ms
[2025-04-09T03:30:12.331-0400][12.969s][info ][gc,phases   ] GC(14)   Post Evacuate Collection Set: 1.2ms
[2025-04-09T03:30:12.331-0400][12.969s][info ][gc,phases   ] GC(14)   Other: 0.1ms
[2025-04-09T03:30:12.331-0400][12.969s][info ][gc,heap     ] GC(14) Eden regions: 301->0(297)
[2025-04-09T03:30:12.331-0400][12.969s][info ][gc,heap     ] GC(14) Survivor regions: 6->10(39)
[2025-04-09T03:30:12.331-0400][12.969s][info ][gc,heap     ] GC(14) Old regions: 62->62
[2025-04-09T03:30:12.331-0400][12.969s][info ][gc,heap     ] GC(14) Archive regions: 0->0
[2025-04-09T03:30:12.331-0400][12.969s][info ][gc,heap     ] GC(14) Humongous regions: 0->0
[2025-04-09T03:30:12.331-0400][12.969s][info ][gc,metaspace] GC(14) Metaspace: 59399K(59840K)->59399K(59840K) NonClass: 51873K(52096K)->51873K(52096K) Class: 7525K(7744K)->7525K(7744K)
[2025-04-09T03:30:12.331-0400][12.969s][info ][gc          ] GC(14) Pause Young (Normal) (G1 Evacuation Pause) 367M->70M(512M) 4.062ms
[2025-04-09T03:30:12.331-0400][12.969s][info ][gc,cpu      ] GC(14) User=0.02s Sys=0.03s Real=0.01s
[2025-04-09T03:30:12.331-0400][12.969s][info ][safepoint   ] Safepoint "G1CollectForAllocation", Time since last: 896886200 ns, Reaching safepoint: 33700 ns, Cleanup: 27800 ns, At safepoint: 4108400 ns, Total: 4169900 ns
[2025-04-09T03:30:12.365-0400][13.015s][debug][safepoint   ] Safepoint synchronization initiated using striped semaphore wait barrier. (20 threads)
[2025-04-09T03:30:12.365-0400][13.015s][info ][gc,start    ] GC(15) Pause Young (Concurrent Start) (Metadata GC Threshold)
[2025-04-09T03:30:12.365-0400][13.015s][info ][gc,task     ] GC(15) Using 12 workers of 23 for evacuation
[2025-04-09T03:30:12.381-0400][13.019s][info ][gc,phases   ] GC(15)   Pre Evacuate Collection Set: 0.2ms
[2025-04-09T03:30:12.381-0400][13.019s][info ][gc,phases   ] GC(15)   Merge Heap Roots: 0.2ms
[2025-04-09T03:30:12.381-0400][13.019s][info ][gc,phases   ] GC(15)   Evacuate Collection Set: 2.2ms
[2025-04-09T03:30:12.381-0400][13.019s][info ][gc,phases   ] GC(15)   Post Evacuate Collection Set: 1.1ms
[2025-04-09T03:30:12.381-0400][13.019s][info ][gc,phases   ] GC(15)   Other: 0.1ms
[2025-04-09T03:30:12.381-0400][13.019s][info ][gc,heap     ] GC(15) Eden regions: 19->0(297)
[2025-04-09T03:30:12.381-0400][13.019s][info ][gc,heap     ] GC(15) Survivor regions: 10->10(39)
[2025-04-09T03:30:12.381-0400][13.019s][info ][gc,heap     ] GC(15) Old regions: 62->62
[2025-04-09T03:30:12.381-0400][13.019s][info ][gc,heap     ] GC(15) Archive regions: 0->0
[2025-04-09T03:30:12.381-0400][13.019s][info ][gc,heap     ] GC(15) Humongous regions: 0->0
[2025-04-09T03:30:12.381-0400][13.019s][info ][gc,metaspace] GC(15) Metaspace: 59836K(60288K)->59836K(60288K) NonClass: 52249K(52480K)->52249K(52480K) Class: 7587K(7808K)->7587K(7808K)
[2025-04-09T03:30:12.381-0400][13.019s][info ][gc          ] GC(15) Pause Young (Concurrent Start) (Metadata GC Threshold) 89M->71M(512M) 3.982ms
[2025-04-09T03:30:12.381-0400][13.019s][info ][gc,cpu      ] GC(15) User=0.00s Sys=0.00s Real=0.02s
[2025-04-09T03:30:12.381-0400][13.019s][info ][safepoint   ] Safepoint "CollectForMetadataAllocation", Time since last: 45965500 ns, Reaching safepoint: 26700 ns, Cleanup: 7800 ns, At safepoint: 4049500 ns, Total: 4084000 ns
[2025-04-09T03:30:12.381-0400][13.019s][info ][gc          ] GC(16) Concurrent Mark Cycle
[2025-04-09T03:30:12.381-0400][13.019s][info ][gc,marking  ] GC(16) Concurrent Clear Claimed Marks
[2025-04-09T03:30:12.381-0400][13.019s][info ][gc,marking  ] GC(16) Concurrent Clear Claimed Marks 0.031ms
[2025-04-09T03:30:12.381-0400][13.019s][info ][gc,marking  ] GC(16) Concurrent Scan Root Regions
[2025-04-09T03:30:12.381-0400][13.020s][info ][gc,marking  ] GC(16) Concurrent Scan Root Regions 1.336ms
[2025-04-09T03:30:12.381-0400][13.021s][info ][gc,marking  ] GC(16) Concurrent Mark
[2025-04-09T03:30:12.381-0400][13.021s][info ][gc,marking  ] GC(16) Concurrent Mark From Roots
[2025-04-09T03:30:12.381-0400][13.021s][info ][gc,task     ] GC(16) Using 6 workers of 6 for marking
[2025-04-09T03:30:12.381-0400][13.032s][info ][gc,marking  ] GC(16) Concurrent Mark From Roots 11.528ms
[2025-04-09T03:30:12.381-0400][13.032s][info ][gc,marking  ] GC(16) Concurrent Preclean
[2025-04-09T03:30:12.381-0400][13.032s][info ][gc,marking  ] GC(16) Concurrent Preclean 0.192ms
[2025-04-09T03:30:12.381-0400][13.032s][debug][safepoint   ] Safepoint synchronization initiated using striped semaphore wait barrier. (20 threads)
[2025-04-09T03:30:12.381-0400][13.032s][info ][gc,start    ] GC(16) Pause Remark
[2025-04-09T03:30:12.397-0400][13.041s][info ][gc          ] GC(16) Pause Remark 72M->72M(512M) 9.008ms
[2025-04-09T03:30:12.397-0400][13.041s][info ][gc,cpu      ] GC(16) User=0.00s Sys=0.00s Real=0.02s
[2025-04-09T03:30:12.397-0400][13.041s][info ][safepoint   ] Safepoint "G1PauseRemark", Time since last: 13257200 ns, Reaching safepoint: 16800 ns, Cleanup: 8400 ns, At safepoint: 9091300 ns, Total: 9116500 ns
[2025-04-09T03:30:12.397-0400][13.041s][info ][gc,marking  ] GC(16) Concurrent Mark 20.940ms
[2025-04-09T03:30:12.397-0400][13.041s][info ][gc,marking  ] GC(16) Concurrent Rebuild Remembered Sets
[2025-04-09T03:30:12.412-0400][13.049s][info ][gc,marking  ] GC(16) Concurrent Rebuild Remembered Sets 7.363ms
[2025-04-09T03:30:12.412-0400][13.049s][debug][safepoint   ] Safepoint synchronization initiated using striped semaphore wait barrier. (20 threads)
[2025-04-09T03:30:12.412-0400][13.049s][info ][gc,start    ] GC(16) Pause Cleanup
[2025-04-09T03:30:12.412-0400][13.049s][info ][gc          ] GC(16) Pause Cleanup 74M->74M(512M) 0.220ms
[2025-04-09T03:30:12.412-0400][13.049s][info ][gc,cpu      ] GC(16) User=0.00s Sys=0.00s Real=0.00s
[2025-04-09T03:30:12.412-0400][13.049s][info ][safepoint   ] Safepoint "G1PauseCleanup", Time since last: 7460100 ns, Reaching safepoint: 16400 ns, Cleanup: 2000 ns, At safepoint: 275500 ns, Total: 293900 ns
[2025-04-09T03:30:12.412-0400][13.049s][info ][gc,marking  ] GC(16) Concurrent Cleanup for Next Mark
[2025-04-09T03:30:12.412-0400][13.049s][info ][gc,marking  ] GC(16) Concurrent Cleanup for Next Mark 0.213ms
[2025-04-09T03:30:12.412-0400][13.049s][info ][gc          ] GC(16) Concurrent Mark Cycle 30.384ms
[2025-04-09T03:30:13.224-0400][13.874s][debug][safepoint   ] Safepoint synchronization initiated using striped semaphore wait barrier. (27 threads)
[2025-04-09T03:30:13.224-0400][13.875s][info ][safepoint   ] Safepoint "ICBufferFull", Time since last: 824916500 ns, Reaching safepoint: 42200 ns, Cleanup: 436900 ns, At safepoint: 17100 ns, Total: 496200 ns
[2025-04-09T03:30:14.131-0400][14.781s][debug][safepoint   ] Safepoint synchronization initiated using striped semaphore wait barrier. (27 threads)
[2025-04-09T03:30:14.131-0400][14.781s][info ][gc,start    ] GC(17) Pause Young (Prepare Mixed) (G1 Evacuation Pause)
[2025-04-09T03:30:14.131-0400][14.781s][info ][gc,task     ] GC(17) Using 12 workers of 23 for evacuation
[2025-04-09T03:30:14.147-0400][14.785s][info ][gc,phases   ] GC(17)   Pre Evacuate Collection Set: 0.2ms
[2025-04-09T03:30:14.147-0400][14.785s][info ][gc,phases   ] GC(17)   Merge Heap Roots: 0.1ms
[2025-04-09T03:30:14.147-0400][14.785s][info ][gc,phases   ] GC(17)   Evacuate Collection Set: 2.3ms
[2025-04-09T03:30:14.147-0400][14.785s][info ][gc,phases   ] GC(17)   Post Evacuate Collection Set: 1.0ms
[2025-04-09T03:30:14.147-0400][14.785s][info ][gc,phases   ] GC(17)   Other: 0.1ms
[2025-04-09T03:30:14.147-0400][14.785s][info ][gc,heap     ] GC(17) Eden regions: 297->0(13)
[2025-04-09T03:30:14.147-0400][14.785s][info ][gc,heap     ] GC(17) Survivor regions: 10->12(39)
[2025-04-09T03:30:14.147-0400][14.785s][info ][gc,heap     ] GC(17) Old regions: 62->62
[2025-04-09T03:30:14.147-0400][14.785s][info ][gc,heap     ] GC(17) Archive regions: 0->0
[2025-04-09T03:30:14.147-0400][14.785s][info ][gc,heap     ] GC(17) Humongous regions: 0->0
[2025-04-09T03:30:14.147-0400][14.785s][info ][gc,metaspace] GC(17) Metaspace: 67113K(67584K)->67113K(67584K) NonClass: 58542K(58816K)->58542K(58816K) Class: 8571K(8768K)->8571K(8768K)
[2025-04-09T03:30:14.147-0400][14.785s][info ][gc          ] GC(17) Pause Young (Prepare Mixed) (G1 Evacuation Pause) 368M->73M(512M) 3.803ms
[2025-04-09T03:30:14.147-0400][14.785s][info ][gc,cpu      ] GC(17) User=0.00s Sys=0.00s Real=0.02s
[2025-04-09T03:30:14.147-0400][14.785s][info ][safepoint   ] Safepoint "G1CollectForAllocation", Time since last: 906417000 ns, Reaching safepoint: 24600 ns, Cleanup: 42600 ns, At safepoint: 3843800 ns, Total: 3911000 ns
[2025-04-09T03:30:14.195-0400][14.830s][debug][safepoint   ] Safepoint synchronization initiated using striped semaphore wait barrier. (26 threads)
[2025-04-09T03:30:14.195-0400][14.831s][info ][gc,start    ] GC(18) Pause Young (Mixed) (G1 Evacuation Pause)
[2025-04-09T03:30:14.195-0400][14.831s][info ][gc,task     ] GC(18) Using 12 workers of 23 for evacuation
[2025-04-09T03:30:14.197-0400][14.836s][info ][gc,phases   ] GC(18)   Pre Evacuate Collection Set: 0.2ms
[2025-04-09T03:30:14.197-0400][14.836s][info ][gc,phases   ] GC(18)   Merge Heap Roots: 0.2ms
[2025-04-09T03:30:14.197-0400][14.836s][info ][gc,phases   ] GC(18)   Evacuate Collection Set: 4.0ms
[2025-04-09T03:30:14.197-0400][14.836s][info ][gc,phases   ] GC(18)   Post Evacuate Collection Set: 0.9ms
[2025-04-09T03:30:14.197-0400][14.836s][info ][gc,phases   ] GC(18)   Other: 0.1ms
[2025-04-09T03:30:14.197-0400][14.836s][info ][gc,heap     ] GC(18) Eden regions: 13->0(305)
[2025-04-09T03:30:14.197-0400][14.836s][info ][gc,heap     ] GC(18) Survivor regions: 12->2(4)
[2025-04-09T03:30:14.197-0400][14.836s][info ][gc,heap     ] GC(18) Old regions: 62->71
[2025-04-09T03:30:14.197-0400][14.836s][info ][gc,heap     ] GC(18) Archive regions: 0->0
[2025-04-09T03:30:14.197-0400][14.836s][info ][gc,heap     ] GC(18) Humongous regions: 0->0
[2025-04-09T03:30:14.197-0400][14.836s][info ][gc,metaspace] GC(18) Metaspace: 67936K(68416K)->67936K(68416K) NonClass: 59267K(59520K)->59267K(59520K) Class: 8668K(8896K)->8668K(8896K)
[2025-04-09T03:30:14.197-0400][14.836s][info ][gc          ] GC(18) Pause Young (Mixed) (G1 Evacuation Pause) 86M->72M(512M) 5.494ms
[2025-04-09T03:30:14.197-0400][14.836s][info ][gc,cpu      ] GC(18) User=0.00s Sys=0.00s Real=0.00s
[2025-04-09T03:30:14.197-0400][14.836s][info ][safepoint   ] Safepoint "G1CollectForAllocation", Time since last: 45529300 ns, Reaching safepoint: 34200 ns, Cleanup: 10200 ns, At safepoint: 5538800 ns, Total: 5583200 ns
[2025-04-09T03:30:14.468-0400][15.110s][debug][safepoint   ] Safepoint synchronization initiated using striped semaphore wait barrier. (25 threads)
[2025-04-09T03:30:14.468-0400][15.111s][info ][safepoint   ] Safepoint "ICBufferFull", Time since last: 274232100 ns, Reaching safepoint: 183100 ns, Cleanup: 72200 ns, At safepoint: 7300 ns, Total: 262600 ns
[2025-04-09T03:30:14.850-0400][15.498s][debug][safepoint   ] Safepoint synchronization initiated using striped semaphore wait barrier. (25 threads)
[2025-04-09T03:30:14.850-0400][15.498s][info ][safepoint   ] Safepoint "ICBufferFull", Time since last: 387632200 ns, Reaching safepoint: 31600 ns, Cleanup: 78700 ns, At safepoint: 1300 ns, Total: 111600 ns
[2025-04-09T03:30:15.201-0400][15.840s][debug][safepoint   ] Safepoint synchronization initiated using striped semaphore wait barrier. (25 threads)
[2025-04-09T03:30:15.201-0400][15.840s][info ][safepoint   ] Safepoint "ICBufferFull", Time since last: 341592200 ns, Reaching safepoint: 153900 ns, Cleanup: 94200 ns, At safepoint: 14200 ns, Total: 262300 ns
[2025-04-09T03:30:15.536-0400][16.179s][debug][safepoint   ] Safepoint synchronization initiated using striped semaphore wait barrier. (32 threads)
[2025-04-09T03:30:15.536-0400][16.179s][info ][gc,start    ] GC(19) Pause Young (Normal) (G1 Evacuation Pause)
[2025-04-09T03:30:15.536-0400][16.179s][info ][gc,task     ] GC(19) Using 12 workers of 23 for evacuation
[2025-04-09T03:30:15.536-0400][16.182s][info ][gc,phases   ] GC(19)   Pre Evacuate Collection Set: 0.2ms
[2025-04-09T03:30:15.536-0400][16.182s][info ][gc,phases   ] GC(19)   Merge Heap Roots: 0.2ms
[2025-04-09T03:30:15.536-0400][16.182s][info ][gc,phases   ] GC(19)   Evacuate Collection Set: 2.2ms
[2025-04-09T03:30:15.536-0400][16.182s][info ][gc,phases   ] GC(19)   Post Evacuate Collection Set: 0.8ms
[2025-04-09T03:30:15.536-0400][16.182s][info ][gc,phases   ] GC(19)   Other: 0.1ms
[2025-04-09T03:30:15.536-0400][16.182s][info ][gc,heap     ] GC(19) Eden regions: 305->0(301)
[2025-04-09T03:30:15.536-0400][16.182s][info ][gc,heap     ] GC(19) Survivor regions: 2->6(39)
[2025-04-09T03:30:15.536-0400][16.182s][info ][gc,heap     ] GC(19) Old regions: 71->71
[2025-04-09T03:30:15.536-0400][16.182s][info ][gc,heap     ] GC(19) Archive regions: 0->0
[2025-04-09T03:30:15.536-0400][16.182s][info ][gc,heap     ] GC(19) Humongous regions: 0->0
[2025-04-09T03:30:15.536-0400][16.182s][info ][gc,metaspace] GC(19) Metaspace: 74259K(74688K)->74259K(74688K) NonClass: 64862K(65088K)->64862K(65088K) Class: 9396K(9600K)->9396K(9600K)
[2025-04-09T03:30:15.536-0400][16.182s][info ][gc          ] GC(19) Pause Young (Normal) (G1 Evacuation Pause) 377M->75M(512M) 3.528ms
[2025-04-09T03:30:15.536-0400][16.182s][info ][gc,cpu      ] GC(19) User=0.00s Sys=0.00s Real=0.00s
[2025-04-09T03:30:15.536-0400][16.182s][info ][safepoint   ] Safepoint "G1CollectForAllocation", Time since last: 338620700 ns, Reaching safepoint: 33700 ns, Cleanup: 67000 ns, At safepoint: 3578600 ns, Total: 3679300 ns
[2025-04-09T03:30:16.172-0400][16.823s][debug][safepoint   ] Safepoint synchronization initiated using striped semaphore wait barrier. (24 threads)
[2025-04-09T03:30:16.172-0400][16.823s][info ][safepoint   ] Safepoint "ICBufferFull", Time since last: 640675800 ns, Reaching safepoint: 27700 ns, Cleanup: 59500 ns, At safepoint: 12700 ns, Total: 99900 ns
[2025-04-09T03:30:16.299-0400][16.945s][debug][safepoint   ] Safepoint synchronization initiated using striped semaphore wait barrier. (28 threads)
[2025-04-09T03:30:16.299-0400][16.945s][info ][safepoint   ] Safepoint "ICBufferFull", Time since last: 121806900 ns, Reaching safepoint: 33100 ns, Cleanup: 74200 ns, At safepoint: 6900 ns, Total: 114200 ns
[2025-04-09T03:30:16.457-0400][17.096s][debug][safepoint   ] Safepoint synchronization initiated using striped semaphore wait barrier. (32 threads)
[2025-04-09T03:30:16.457-0400][17.097s][info ][safepoint   ] Safepoint "ICBufferFull", Time since last: 151313300 ns, Reaching safepoint: 29100 ns, Cleanup: 64500 ns, At safepoint: 3700 ns, Total: 97300 ns
[2025-04-09T03:30:16.489-0400][17.130s][debug][safepoint   ] Safepoint synchronization initiated using striped semaphore wait barrier. (32 threads)
[2025-04-09T03:30:16.489-0400][17.130s][info ][gc,start    ] GC(20) Pause Young (Normal) (G1 Evacuation Pause)
[2025-04-09T03:30:16.489-0400][17.130s][info ][gc,task     ] GC(20) Using 12 workers of 23 for evacuation
[2025-04-09T03:30:16.489-0400][17.135s][info ][gc,phases   ] GC(20)   Pre Evacuate Collection Set: 0.3ms
[2025-04-09T03:30:16.489-0400][17.136s][info ][gc,phases   ] GC(20)   Merge Heap Roots: 0.1ms
[2025-04-09T03:30:16.489-0400][17.136s][info ][gc,phases   ] GC(20)   Evacuate Collection Set: 3.8ms
[2025-04-09T03:30:16.489-0400][17.136s][info ][gc,phases   ] GC(20)   Post Evacuate Collection Set: 1.0ms
[2025-04-09T03:30:16.489-0400][17.136s][info ][gc,phases   ] GC(20)   Other: 0.1ms
[2025-04-09T03:30:16.489-0400][17.136s][info ][gc,heap     ] GC(20) Eden regions: 301->0(299)
[2025-04-09T03:30:16.489-0400][17.136s][info ][gc,heap     ] GC(20) Survivor regions: 6->8(39)
[2025-04-09T03:30:16.489-0400][17.136s][info ][gc,heap     ] GC(20) Old regions: 71->71
[2025-04-09T03:30:16.489-0400][17.136s][info ][gc,heap     ] GC(20) Archive regions: 0->0
[2025-04-09T03:30:16.489-0400][17.136s][info ][gc,heap     ] GC(20) Humongous regions: 0->0
[2025-04-09T03:30:16.489-0400][17.136s][info ][gc,metaspace] GC(20) Metaspace: 81341K(81792K)->81341K(81792K) NonClass: 70779K(70976K)->70779K(70976K) Class: 10561K(10816K)->10561K(10816K)
[2025-04-09T03:30:16.489-0400][17.136s][info ][gc          ] GC(20) Pause Young (Normal) (G1 Evacuation Pause) 376M->78M(512M) 5.428ms
[2025-04-09T03:30:16.489-0400][17.136s][info ][gc,cpu      ] GC(20) User=0.00s Sys=0.00s Real=0.00s
[2025-04-09T03:30:16.489-0400][17.136s][info ][safepoint   ] Safepoint "G1CollectForAllocation", Time since last: 33537000 ns, Reaching safepoint: 39000 ns, Cleanup: 34700 ns, At safepoint: 5491700 ns, Total: 5565400 ns
[2025-04-09T03:30:16.628-0400][17.267s][debug][safepoint   ] Safepoint synchronization initiated using striped semaphore wait barrier. (32 threads)
[2025-04-09T03:30:16.628-0400][17.267s][info ][safepoint   ] Safepoint "ICBufferFull", Time since last: 131555600 ns, Reaching safepoint: 33700 ns, Cleanup: 65700 ns, At safepoint: 3400 ns, Total: 102800 ns
[2025-04-09T03:30:16.787-0400][17.431s][debug][safepoint   ] Safepoint synchronization initiated using striped semaphore wait barrier. (32 threads)
[2025-04-09T03:30:16.803-0400][17.439s][info ][safepoint   ] Safepoint "ICBufferFull", Time since last: 163407700 ns, Reaching safepoint: 7863700 ns, Cleanup: 71400 ns, At safepoint: 18900 ns, Total: 7954000 ns
[2025-04-09T03:30:17.186-0400][17.835s][debug][safepoint   ] Safepoint synchronization initiated using striped semaphore wait barrier. (32 threads)
[2025-04-09T03:30:17.186-0400][17.836s][info ][safepoint   ] Safepoint "ICBufferFull", Time since last: 396042900 ns, Reaching safepoint: 999600 ns, Cleanup: 63100 ns, At safepoint: 5500 ns, Total: 1068200 ns
[2025-04-09T03:30:17.711-0400][18.347s][debug][safepoint   ] Safepoint synchronization initiated using striped semaphore wait barrier. (29 threads)
[2025-04-09T03:30:17.711-0400][18.348s][info ][safepoint   ] Safepoint "ICBufferFull", Time since last: 511623700 ns, Reaching safepoint: 815000 ns, Cleanup: 82600 ns, At safepoint: 10300 ns, Total: 907900 ns
[2025-04-09T03:30:18.013-0400][18.653s][debug][safepoint   ] Safepoint synchronization initiated using striped semaphore wait barrier. (32 threads)
[2025-04-09T03:30:18.013-0400][18.654s][info ][safepoint   ] Safepoint "ICBufferFull", Time since last: 305134200 ns, Reaching safepoint: 98200 ns, Cleanup: 87000 ns, At safepoint: 7600 ns, Total: 192800 ns
[2025-04-09T03:30:18.156-0400][18.804s][debug][safepoint   ] Safepoint synchronization initiated using striped semaphore wait barrier. (32 threads)
[2025-04-09T03:30:18.172-0400][18.808s][info ][safepoint   ] Safepoint "ICBufferFull", Time since last: 150241500 ns, Reaching safepoint: 3829900 ns, Cleanup: 106600 ns, At safepoint: 8900 ns, Total: 3945400 ns
[2025-04-09T03:30:18.204-0400][18.843s][debug][safepoint   ] Safepoint synchronization initiated using striped semaphore wait barrier. (32 threads)
[2025-04-09T03:30:18.220-0400][18.856s][info ][gc,start    ] GC(21) Pause Young (Normal) (G1 Evacuation Pause)
[2025-04-09T03:30:18.220-0400][18.856s][info ][gc,task     ] GC(21) Using 12 workers of 23 for evacuation
[2025-04-09T03:30:18.220-0400][18.860s][info ][gc,phases   ] GC(21)   Pre Evacuate Collection Set: 0.1ms
[2025-04-09T03:30:18.220-0400][18.860s][info ][gc,phases   ] GC(21)   Merge Heap Roots: 0.2ms
[2025-04-09T03:30:18.220-0400][18.860s][info ][gc,phases   ] GC(21)   Evacuate Collection Set: 2.5ms
[2025-04-09T03:30:18.220-0400][18.860s][info ][gc,phases   ] GC(21)   Post Evacuate Collection Set: 1.1ms
[2025-04-09T03:30:18.220-0400][18.860s][info ][gc,phases   ] GC(21)   Other: 0.1ms
[2025-04-09T03:30:18.220-0400][18.860s][info ][gc,heap     ] GC(21) Eden regions: 299->0(295)
[2025-04-09T03:30:18.220-0400][18.860s][info ][gc,heap     ] GC(21) Survivor regions: 8->12(39)
[2025-04-09T03:30:18.220-0400][18.860s][info ][gc,heap     ] GC(21) Old regions: 71->71
[2025-04-09T03:30:18.220-0400][18.860s][info ][gc,heap     ] GC(21) Archive regions: 0->0
[2025-04-09T03:30:18.220-0400][18.860s][info ][gc,heap     ] GC(21) Humongous regions: 0->0
[2025-04-09T03:30:18.220-0400][18.860s][info ][gc,metaspace] GC(21) Metaspace: 86437K(86976K)->86437K(86976K) NonClass: 75251K(75520K)->75251K(75520K) Class: 11185K(11456K)->11185K(11456K)
[2025-04-09T03:30:18.220-0400][18.860s][info ][gc          ] GC(21) Pause Young (Normal) (G1 Evacuation Pause) 377M->81M(512M) 4.259ms
[2025-04-09T03:30:18.220-0400][18.860s][info ][gc,cpu      ] GC(21) User=0.09s Sys=0.12s Real=0.00s
[2025-04-09T03:30:18.220-0400][18.860s][info ][safepoint   ] Safepoint "G1CollectForAllocation", Time since last: 34709000 ns, Reaching safepoint: 13032400 ns, Cleanup: 119300 ns, At safepoint: 4355800 ns, Total: 17507500 ns
[2025-04-09T03:30:19.573-0400][20.213s][debug][safepoint   ] Safepoint synchronization initiated using striped semaphore wait barrier. (31 threads)
[2025-04-09T03:30:19.573-0400][20.213s][info ][safepoint   ] Safepoint "ICBufferFull", Time since last: 1352784400 ns, Reaching safepoint: 38800 ns, Cleanup: 75800 ns, At safepoint: 1400 ns, Total: 116000 ns
[2025-04-09T03:30:20.862-0400][21.498s][debug][safepoint   ] Safepoint synchronization initiated using striped semaphore wait barrier. (38 threads)
[2025-04-09T03:30:20.862-0400][21.498s][info ][safepoint   ] Safepoint "Cleanup", Time since last: 1285005500 ns, Reaching safepoint: 34300 ns, Cleanup: 47100 ns, At safepoint: 2500 ns, Total: 83900 ns
[2025-04-09T03:30:21.178-0400][21.815s][debug][safepoint   ] Safepoint synchronization initiated using striped semaphore wait barrier. (38 threads)
[2025-04-09T03:30:21.178-0400][21.815s][info ][gc,start    ] GC(22) Pause Young (Normal) (G1 Evacuation Pause)
[2025-04-09T03:30:21.178-0400][21.815s][info ][gc,task     ] GC(22) Using 12 workers of 23 for evacuation
[2025-04-09T03:30:21.186-0400][21.822s][info ][gc,phases   ] GC(22)   Pre Evacuate Collection Set: 0.2ms
[2025-04-09T03:30:21.186-0400][21.822s][info ][gc,phases   ] GC(22)   Merge Heap Roots: 0.1ms
[2025-04-09T03:30:21.186-0400][21.822s][info ][gc,phases   ] GC(22)   Evacuate Collection Set: 5.9ms
[2025-04-09T03:30:21.186-0400][21.822s][info ][gc,phases   ] GC(22)   Post Evacuate Collection Set: 1.1ms
[2025-04-09T03:30:21.186-0400][21.822s][info ][gc,phases   ] GC(22)   Other: 0.1ms
[2025-04-09T03:30:21.186-0400][21.822s][info ][gc,heap     ] GC(22) Eden regions: 295->0(288)
[2025-04-09T03:30:21.186-0400][21.822s][info ][gc,heap     ] GC(22) Survivor regions: 12->19(39)
[2025-04-09T03:30:21.186-0400][21.822s][info ][gc,heap     ] GC(22) Old regions: 71->71
[2025-04-09T03:30:21.186-0400][21.822s][info ][gc,heap     ] GC(22) Archive regions: 0->0
[2025-04-09T03:30:21.186-0400][21.822s][info ][gc,heap     ] GC(22) Humongous regions: 0->0
[2025-04-09T03:30:21.186-0400][21.822s][info ][gc,metaspace] GC(22) Metaspace: 91562K(92160K)->91562K(92160K) NonClass: 79959K(80256K)->79959K(80256K) Class: 11602K(11904K)->11602K(11904K)
[2025-04-09T03:30:21.186-0400][21.822s][info ][gc          ] GC(22) Pause Young (Normal) (G1 Evacuation Pause) 376M->88M(512M) 7.476ms
[2025-04-09T03:30:21.186-0400][21.822s][info ][gc,cpu      ] GC(22) User=0.00s Sys=0.00s Real=0.01s
[2025-04-09T03:30:21.186-0400][21.823s][info ][safepoint   ] Safepoint "G1CollectForAllocation", Time since last: 316876600 ns, Reaching safepoint: 34200 ns, Cleanup: 49100 ns, At safepoint: 7531800 ns, Total: 7615100 ns
[2025-04-09T03:30:22.070-0400][22.716s][debug][safepoint   ] Safepoint synchronization initiated using striped semaphore wait barrier. (36 threads)
[2025-04-09T03:30:22.070-0400][22.716s][info ][safepoint   ] Safepoint "ICBufferFull", Time since last: 893158300 ns, Reaching safepoint: 28800 ns, Cleanup: 86100 ns, At safepoint: 7500 ns, Total: 122400 ns
[2025-04-09T03:30:22.450-0400][23.093s][debug][safepoint   ] Safepoint synchronization initiated using striped semaphore wait barrier. (37 threads)
[2025-04-09T03:30:22.450-0400][23.093s][info ][safepoint   ] Safepoint "ICBufferFull", Time since last: 376945300 ns, Reaching safepoint: 500800 ns, Cleanup: 57600 ns, At safepoint: 6700 ns, Total: 565100 ns
[2025-04-09T03:30:22.562-0400][23.201s][debug][safepoint   ] Safepoint synchronization initiated using striped semaphore wait barrier. (37 threads)
[2025-04-09T03:30:22.562-0400][23.201s][info ][gc,start    ] GC(23) Pause Young (Normal) (G1 Evacuation Pause)
[2025-04-09T03:30:22.562-0400][23.201s][info ][gc,task     ] GC(23) Using 12 workers of 23 for evacuation
[2025-04-09T03:30:22.569-0400][23.207s][info ][gc,phases   ] GC(23)   Pre Evacuate Collection Set: 0.2ms
[2025-04-09T03:30:22.569-0400][23.207s][info ][gc,phases   ] GC(23)   Merge Heap Roots: 0.3ms
[2025-04-09T03:30:22.569-0400][23.207s][info ][gc,phases   ] GC(23)   Evacuate Collection Set: 4.4ms
[2025-04-09T03:30:22.569-0400][23.207s][info ][gc,phases   ] GC(23)   Post Evacuate Collection Set: 0.9ms
[2025-04-09T03:30:22.569-0400][23.207s][info ][gc,phases   ] GC(23)   Other: 0.1ms
[2025-04-09T03:30:22.569-0400][23.207s][info ][gc,heap     ] GC(23) Eden regions: 288->0(281)
[2025-04-09T03:30:22.569-0400][23.207s][info ][gc,heap     ] GC(23) Survivor regions: 19->26(39)
[2025-04-09T03:30:22.569-0400][23.207s][info ][gc,heap     ] GC(23) Old regions: 71->71
[2025-04-09T03:30:22.569-0400][23.207s][info ][gc,heap     ] GC(23) Archive regions: 0->0
[2025-04-09T03:30:22.569-0400][23.207s][info ][gc,heap     ] GC(23) Humongous regions: 0->0
[2025-04-09T03:30:22.569-0400][23.207s][info ][gc,metaspace] GC(23) Metaspace: 97651K(98240K)->97651K(98240K) NonClass: 84964K(85248K)->84964K(85248K) Class: 12686K(12992K)->12686K(12992K)
[2025-04-09T03:30:22.569-0400][23.207s][info ][gc          ] GC(23) Pause Young (Normal) (G1 Evacuation Pause) 376M->95M(512M) 6.047ms
[2025-04-09T03:30:22.569-0400][23.207s][info ][gc,cpu      ] GC(23) User=0.17s Sys=0.03s Real=0.01s
[2025-04-09T03:30:22.569-0400][23.207s][info ][safepoint   ] Safepoint "G1CollectForAllocation", Time since last: 107231400 ns, Reaching safepoint: 50500 ns, Cleanup: 12500 ns, At safepoint: 6107300 ns, Total: 6170300 ns
[2025-04-09T03:30:23.693-0400][24.330s][debug][safepoint   ] Safepoint synchronization initiated using striped semaphore wait barrier. (31 threads)
[2025-04-09T03:30:23.693-0400][24.330s][info ][safepoint   ] Safepoint "Cleanup", Time since last: 1122824400 ns, Reaching safepoint: 54900 ns, Cleanup: 60700 ns, At safepoint: 1700 ns, Total: 117300 ns
