[2025-04-07T15:01:59.900-0400][0.032s][info][gc] Using G1
[2025-04-07T15:01:59.906-0400][0.038s][info][gc,init] Version: 17.0.14+7 (release)
[2025-04-07T15:01:59.906-0400][0.038s][info][gc,init] CPUs: 32 total, 32 available
[2025-04-07T15:01:59.906-0400][0.038s][info][gc,init] Memory: 32559M
[2025-04-07T15:01:59.906-0400][0.038s][info][gc,init] Large Page Support: Disabled
[2025-04-07T15:01:59.906-0400][0.038s][info][gc,init] NUMA Support: Disabled
[2025-04-07T15:01:59.906-0400][0.038s][info][gc,init] Compressed Oops: Enabled (32-bit)
[2025-04-07T15:01:59.906-0400][0.038s][info][gc,init] Heap Region Size: 1M
[2025-04-07T15:01:59.906-0400][0.038s][info][gc,init] Heap Min Capacity: 512M
[2025-04-07T15:01:59.906-0400][0.038s][info][gc,init] Heap Initial Capacity: 512M
[2025-04-07T15:01:59.906-0400][0.038s][info][gc,init] Heap Max Capacity: 1G
[2025-04-07T15:01:59.906-0400][0.038s][info][gc,init] Pre-touch: Disabled
[2025-04-07T15:01:59.906-0400][0.038s][info][gc,init] Parallel Workers: 23
[2025-04-07T15:01:59.906-0400][0.038s][info][gc,init] Concurrent Workers: 6
[2025-04-07T15:01:59.906-0400][0.038s][info][gc,init] Concurrent Refinement Workers: 23
[2025-04-07T15:01:59.906-0400][0.038s][info][gc,init] Periodic GC: Disabled
[2025-04-07T15:01:59.917-0400][0.048s][info][gc,metaspace] CDS archive(s) mapped at: [0x000002a1cd000000-0x000002a1cdbb0000-0x000002a1cdbb0000), size 12255232, SharedBaseAddress: 0x000002a1cd000000, ArchiveRelocationMode: 1.
[2025-04-07T15:01:59.917-0400][0.048s][info][gc,metaspace] Compressed class space mapped at: 0x000002a1ce000000-0x000002a20e000000, reserved size: 1073741824
[2025-04-07T15:01:59.917-0400][0.048s][info][gc,metaspace] Narrow klass base: 0x000002a1cd000000, Narrow klass shift: 0, Narrow klass range: 0x100000000
[2025-04-07T15:02:00.348-0400][0.480s][debug][safepoint   ] Safepoint synchronization initiated using striped semaphore wait barrier. (25 threads)
[2025-04-07T15:02:00.348-0400][0.480s][info ][safepoint   ] Safepoint "ICBufferFull", Time since last: 415994900 ns, Reaching safepoint: 504200 ns, Cleanup: 62900 ns, At safepoint: 14000 ns, Total: 581100 ns
[2025-04-07T15:02:01.092-0400][1.235s][debug][safepoint   ] Safepoint synchronization initiated using striped semaphore wait barrier. (26 threads)
[2025-04-07T15:02:01.092-0400][1.236s][info ][gc,start    ] GC(0) Pause Young (Normal) (G1 Evacuation Pause)
[2025-04-07T15:02:01.092-0400][1.237s][info ][gc,task     ] GC(0) Using 12 workers of 23 for evacuation
[2025-04-07T15:02:01.108-0400][1.241s][info ][gc,phases   ] GC(0)   Pre Evacuate Collection Set: 0.1ms
[2025-04-07T15:02:01.108-0400][1.241s][info ][gc,phases   ] GC(0)   Merge Heap Roots: 0.2ms
[2025-04-07T15:02:01.108-0400][1.241s][info ][gc,phases   ] GC(0)   Evacuate Collection Set: 2.8ms
[2025-04-07T15:02:01.108-0400][1.241s][info ][gc,phases   ] GC(0)   Post Evacuate Collection Set: 1.1ms
[2025-04-07T15:02:01.108-0400][1.241s][info ][gc,phases   ] GC(0)   Other: 1.3ms
[2025-04-07T15:02:01.108-0400][1.241s][info ][gc,heap     ] GC(0) Eden regions: 62->0(86)
[2025-04-07T15:02:01.108-0400][1.241s][info ][gc,heap     ] GC(0) Survivor regions: 0->8(8)
[2025-04-07T15:02:01.108-0400][1.241s][info ][gc,heap     ] GC(0) Old regions: 0->2
[2025-04-07T15:02:01.108-0400][1.241s][info ][gc,heap     ] GC(0) Archive regions: 0->0
[2025-04-07T15:02:01.108-0400][1.241s][info ][gc,heap     ] GC(0) Humongous regions: 0->0
[2025-04-07T15:02:01.108-0400][1.241s][info ][gc,metaspace] GC(0) Metaspace: 2532K(2752K)->2532K(2752K) NonClass: 2298K(2432K)->2298K(2432K) Class: 234K(320K)->234K(320K)
[2025-04-07T15:02:01.108-0400][1.241s][info ][gc          ] GC(0) Pause Young (Normal) (G1 Evacuation Pause) 62M->9M(512M) 5.500ms
[2025-04-07T15:02:01.108-0400][1.241s][info ][gc,cpu      ] GC(0) User=0.00s Sys=0.00s Real=0.02s
[2025-04-07T15:02:01.108-0400][1.241s][info ][safepoint   ] Safepoint "G1CollectForAllocation", Time since last: 754617400 ns, Reaching safepoint: 28300 ns, Cleanup: 44300 ns, At safepoint: 6090200 ns, Total: 6162800 ns
[2025-04-07T15:02:02.112-0400][2.243s][debug][safepoint   ] Safepoint synchronization initiated using striped semaphore wait barrier. (18 threads)
[2025-04-07T15:02:02.113-0400][2.244s][info ][safepoint   ] Safepoint "Cleanup", Time since last: 1001669600 ns, Reaching safepoint: 607800 ns, Cleanup: 801500 ns, At safepoint: 62300 ns, Total: 1471600 ns
[2025-04-07T15:02:02.146-0400][2.278s][debug][safepoint   ] Safepoint synchronization initiated using striped semaphore wait barrier. (18 threads)
[2025-04-07T15:02:02.146-0400][2.278s][info ][gc,start    ] GC(1) Pause Young (Normal) (G1 Evacuation Pause)
[2025-04-07T15:02:02.146-0400][2.278s][info ][gc,task     ] GC(1) Using 12 workers of 23 for evacuation
[2025-04-07T15:02:02.150-0400][2.282s][info ][gc,phases   ] GC(1)   Pre Evacuate Collection Set: 0.1ms
[2025-04-07T15:02:02.150-0400][2.282s][info ][gc,phases   ] GC(1)   Merge Heap Roots: 0.1ms
[2025-04-07T15:02:02.150-0400][2.282s][info ][gc,phases   ] GC(1)   Evacuate Collection Set: 3.1ms
[2025-04-07T15:02:02.150-0400][2.282s][info ][gc,phases   ] GC(1)   Post Evacuate Collection Set: 0.6ms
[2025-04-07T15:02:02.150-0400][2.282s][info ][gc,phases   ] GC(1)   Other: 0.1ms
[2025-04-07T15:02:02.150-0400][2.282s][info ][gc,heap     ] GC(1) Eden regions: 86->0(305)
[2025-04-07T15:02:02.150-0400][2.282s][info ][gc,heap     ] GC(1) Survivor regions: 8->2(12)
[2025-04-07T15:02:02.150-0400][2.282s][info ][gc,heap     ] GC(1) Old regions: 2->10
[2025-04-07T15:02:02.150-0400][2.282s][info ][gc,heap     ] GC(1) Archive regions: 0->0
[2025-04-07T15:02:02.150-0400][2.282s][info ][gc,heap     ] GC(1) Humongous regions: 0->0
[2025-04-07T15:02:02.150-0400][2.282s][info ][gc,metaspace] GC(1) Metaspace: 5725K(6016K)->5725K(6016K) NonClass: 5023K(5184K)->5023K(5184K) Class: 701K(832K)->701K(832K)
[2025-04-07T15:02:02.150-0400][2.282s][info ][gc          ] GC(1) Pause Young (Normal) (G1 Evacuation Pause) 95M->11M(512M) 4.096ms
[2025-04-07T15:02:02.150-0400][2.282s][info ][gc,cpu      ] GC(1) User=0.00s Sys=0.00s Real=0.00s
[2025-04-07T15:02:02.150-0400][2.282s][info ][safepoint   ] Safepoint "G1CollectForAllocation", Time since last: 33746100 ns, Reaching safepoint: 42400 ns, Cleanup: 10400 ns, At safepoint: 4154900 ns, Total: 4207700 ns
[2025-04-07T15:02:02.884-0400][3.021s][debug][safepoint   ] Safepoint synchronization initiated using striped semaphore wait barrier. (20 threads)
[2025-04-07T15:02:02.884-0400][3.021s][debug][safepoint   ] ... found polling page loop exception at pc = 0x000002a1bd6bc888, stub =0x000002a1bcd97700
[2025-04-07T15:02:02.884-0400][3.021s][info ][safepoint   ] Safepoint "ICBufferFull", Time since last: 738800000 ns, Reaching safepoint: 88200 ns, Cleanup: 84000 ns, At safepoint: 4900 ns, Total: 177100 ns
[2025-04-07T15:02:03.141-0400][3.274s][debug][safepoint   ] Safepoint synchronization initiated using striped semaphore wait barrier. (23 threads)
[2025-04-07T15:02:03.141-0400][3.274s][info ][safepoint   ] Safepoint "ICBufferFull", Time since last: 252214500 ns, Reaching safepoint: 43800 ns, Cleanup: 86100 ns, At safepoint: 13400 ns, Total: 143300 ns
[2025-04-07T15:02:03.490-0400][3.621s][debug][safepoint   ] Safepoint synchronization initiated using striped semaphore wait barrier. (24 threads)
[2025-04-07T15:02:03.490-0400][3.622s][info ][safepoint   ] Safepoint "ICBufferFull", Time since last: 347527300 ns, Reaching safepoint: 394500 ns, Cleanup: 545300 ns, At safepoint: 69200 ns, Total: 1009000 ns
[2025-04-07T15:02:03.639-0400][3.771s][debug][safepoint   ] Safepoint synchronization initiated using striped semaphore wait barrier. (22 threads)
[2025-04-07T15:02:03.639-0400][3.771s][info ][gc,start    ] GC(2) Pause Young (Normal) (G1 Evacuation Pause)
[2025-04-07T15:02:03.639-0400][3.771s][info ][gc,task     ] GC(2) Using 12 workers of 23 for evacuation
[2025-04-07T15:02:03.643-0400][3.775s][info ][gc,phases   ] GC(2)   Pre Evacuate Collection Set: 0.1ms
[2025-04-07T15:02:03.643-0400][3.775s][info ][gc,phases   ] GC(2)   Merge Heap Roots: 0.1ms
[2025-04-07T15:02:03.643-0400][3.775s][info ][gc,phases   ] GC(2)   Evacuate Collection Set: 3.0ms
[2025-04-07T15:02:03.643-0400][3.775s][info ][gc,phases   ] GC(2)   Post Evacuate Collection Set: 0.6ms
[2025-04-07T15:02:03.643-0400][3.775s][info ][gc,phases   ] GC(2)   Other: 0.2ms
[2025-04-07T15:02:03.643-0400][3.775s][info ][gc,heap     ] GC(2) Eden regions: 305->0(300)
[2025-04-07T15:02:03.643-0400][3.775s][info ][gc,heap     ] GC(2) Survivor regions: 2->7(39)
[2025-04-07T15:02:03.643-0400][3.775s][info ][gc,heap     ] GC(2) Old regions: 10->10
[2025-04-07T15:02:03.643-0400][3.775s][info ][gc,heap     ] GC(2) Archive regions: 0->0
[2025-04-07T15:02:03.643-0400][3.775s][info ][gc,heap     ] GC(2) Humongous regions: 0->0
[2025-04-07T15:02:03.643-0400][3.775s][info ][gc,metaspace] GC(2) Metaspace: 15235K(15552K)->15235K(15552K) NonClass: 13261K(13440K)->13261K(13440K) Class: 1973K(2112K)->1973K(2112K)
[2025-04-07T15:02:03.643-0400][3.775s][info ][gc          ] GC(2) Pause Young (Normal) (G1 Evacuation Pause) 316M->16M(512M) 4.214ms
[2025-04-07T15:02:03.643-0400][3.775s][info ][gc,cpu      ] GC(2) User=0.03s Sys=0.11s Real=0.00s
[2025-04-07T15:02:03.643-0400][3.775s][info ][safepoint   ] Safepoint "G1CollectForAllocation", Time since last: 148889200 ns, Reaching safepoint: 82700 ns, Cleanup: 16700 ns, At safepoint: 4306900 ns, Total: 4406300 ns
[2025-04-07T15:02:05.518-0400][5.649s][debug][safepoint   ] Safepoint synchronization initiated using striped semaphore wait barrier. (20 threads)
[2025-04-07T15:02:05.528-0400][5.659s][info ][safepoint   ] Safepoint "Cleanup", Time since last: 1873247000 ns, Reaching safepoint: 10010300 ns, Cleanup: 233900 ns, At safepoint: 86900 ns, Total: 10331100 ns
[2025-04-07T15:02:06.531-0400][6.662s][debug][safepoint   ] Safepoint synchronization initiated using striped semaphore wait barrier. (24 threads)
[2025-04-07T15:02:06.547-0400][6.678s][info ][safepoint   ] Safepoint "Cleanup", Time since last: 1002959100 ns, Reaching safepoint: 15958700 ns, Cleanup: 143300 ns, At safepoint: 171400 ns, Total: 16273400 ns
[2025-04-07T15:02:07.498-0400][7.629s][debug][safepoint   ] Safepoint synchronization initiated using striped semaphore wait barrier. (25 threads)
[2025-04-07T15:02:07.498-0400][7.629s][info ][gc,start    ] GC(3) Pause Young (Normal) (G1 Evacuation Pause)
[2025-04-07T15:02:07.498-0400][7.629s][info ][gc,task     ] GC(3) Using 12 workers of 23 for evacuation
[2025-04-07T15:02:07.512-0400][7.643s][info ][gc,phases   ] GC(3)   Pre Evacuate Collection Set: 0.1ms
[2025-04-07T15:02:07.512-0400][7.643s][info ][gc,phases   ] GC(3)   Merge Heap Roots: 0.1ms
[2025-04-07T15:02:07.512-0400][7.643s][info ][gc,phases   ] GC(3)   Evacuate Collection Set: 12.0ms
[2025-04-07T15:02:07.512-0400][7.643s][info ][gc,phases   ] GC(3)   Post Evacuate Collection Set: 1.1ms
[2025-04-07T15:02:07.512-0400][7.643s][info ][gc,phases   ] GC(3)   Other: 0.2ms
[2025-04-07T15:02:07.512-0400][7.643s][info ][gc,heap     ] GC(3) Eden regions: 300->0(282)
[2025-04-07T15:02:07.512-0400][7.643s][info ][gc,heap     ] GC(3) Survivor regions: 7->25(39)
[2025-04-07T15:02:07.512-0400][7.643s][info ][gc,heap     ] GC(3) Old regions: 10->10
[2025-04-07T15:02:07.512-0400][7.643s][info ][gc,heap     ] GC(3) Archive regions: 0->0
[2025-04-07T15:02:07.512-0400][7.643s][info ][gc,heap     ] GC(3) Humongous regions: 0->0
[2025-04-07T15:02:07.512-0400][7.643s][info ][gc,metaspace] GC(3) Metaspace: 20593K(20928K)->20593K(20928K) NonClass: 17937K(18112K)->17937K(18112K) Class: 2655K(2816K)->2655K(2816K)
[2025-04-07T15:02:07.512-0400][7.643s][info ][gc          ] GC(3) Pause Young (Normal) (G1 Evacuation Pause) 316M->34M(512M) 13.820ms
[2025-04-07T15:02:07.512-0400][7.643s][info ][gc,cpu      ] GC(3) User=0.12s Sys=0.11s Real=0.01s
[2025-04-07T15:02:07.512-0400][7.643s][info ][safepoint   ] Safepoint "G1CollectForAllocation", Time since last: 950837400 ns, Reaching safepoint: 98500 ns, Cleanup: 144700 ns, At safepoint: 13956900 ns, Total: 14200100 ns
[2025-04-07T15:02:07.847-0400][7.978s][debug][safepoint   ] Safepoint synchronization initiated using striped semaphore wait barrier. (25 threads)
[2025-04-07T15:02:07.847-0400][7.978s][info ][gc,start    ] GC(4) Pause Young (Concurrent Start) (Metadata GC Threshold)
[2025-04-07T15:02:07.847-0400][7.978s][info ][gc,task     ] GC(4) Using 12 workers of 23 for evacuation
[2025-04-07T15:02:07.856-0400][7.987s][info ][gc,phases   ] GC(4)   Pre Evacuate Collection Set: 0.1ms
[2025-04-07T15:02:07.856-0400][7.987s][info ][gc,phases   ] GC(4)   Merge Heap Roots: 0.1ms
[2025-04-07T15:02:07.856-0400][7.987s][info ][gc,phases   ] GC(4)   Evacuate Collection Set: 7.7ms
[2025-04-07T15:02:07.856-0400][7.987s][info ][gc,phases   ] GC(4)   Post Evacuate Collection Set: 0.9ms
[2025-04-07T15:02:07.856-0400][7.987s][info ][gc,phases   ] GC(4)   Other: 0.5ms
[2025-04-07T15:02:07.856-0400][7.987s][info ][gc,heap     ] GC(4) Eden regions: 71->0(282)
[2025-04-07T15:02:07.856-0400][7.987s][info ][gc,heap     ] GC(4) Survivor regions: 25->25(39)
[2025-04-07T15:02:07.856-0400][7.987s][info ][gc,heap     ] GC(4) Old regions: 10->17
[2025-04-07T15:02:07.856-0400][7.987s][info ][gc,heap     ] GC(4) Archive regions: 0->0
[2025-04-07T15:02:07.856-0400][7.987s][info ][gc,heap     ] GC(4) Humongous regions: 0->0
[2025-04-07T15:02:07.857-0400][7.987s][info ][gc,metaspace] GC(4) Metaspace: 21185K(21504K)->21185K(21504K) NonClass: 18467K(18624K)->18467K(18624K) Class: 2718K(2880K)->2718K(2880K)
[2025-04-07T15:02:07.857-0400][7.988s][info ][gc          ] GC(4) Pause Young (Concurrent Start) (Metadata GC Threshold) 105M->40M(512M) 9.695ms
[2025-04-07T15:02:07.857-0400][7.988s][info ][gc,cpu      ] GC(4) User=0.00s Sys=0.00s Real=0.01s
[2025-04-07T15:02:07.857-0400][7.988s][info ][gc          ] GC(5) Concurrent Mark Cycle
[2025-04-07T15:02:07.857-0400][7.988s][info ][safepoint   ] Safepoint "CollectForMetadataAllocation", Time since last: 334298100 ns, Reaching safepoint: 101500 ns, Cleanup: 48700 ns, At safepoint: 9847400 ns, Total: 9997600 ns
[2025-04-07T15:02:07.857-0400][7.988s][info ][gc,marking  ] GC(5) Concurrent Clear Claimed Marks
[2025-04-07T15:02:07.857-0400][7.988s][info ][gc,marking  ] GC(5) Concurrent Clear Claimed Marks 0.085ms
[2025-04-07T15:02:07.857-0400][7.988s][info ][gc,marking  ] GC(5) Concurrent Scan Root Regions
[2025-04-07T15:02:07.863-0400][7.994s][info ][gc,marking  ] GC(5) Concurrent Scan Root Regions 5.774ms
[2025-04-07T15:02:07.863-0400][7.994s][info ][gc,marking  ] GC(5) Concurrent Mark
[2025-04-07T15:02:07.863-0400][7.994s][info ][gc,marking  ] GC(5) Concurrent Mark From Roots
[2025-04-07T15:02:07.863-0400][7.994s][info ][gc,task     ] GC(5) Using 6 workers of 6 for marking
[2025-04-07T15:02:07.867-0400][7.997s][info ][gc,marking  ] GC(5) Concurrent Mark From Roots 3.827ms
[2025-04-07T15:02:07.867-0400][7.998s][info ][gc,marking  ] GC(5) Concurrent Preclean
[2025-04-07T15:02:07.867-0400][7.998s][info ][gc,marking  ] GC(5) Concurrent Preclean 0.312ms
[2025-04-07T15:02:07.867-0400][7.998s][debug][safepoint   ] Safepoint synchronization initiated using striped semaphore wait barrier. (25 threads)
[2025-04-07T15:02:07.867-0400][7.998s][info ][gc,start    ] GC(5) Pause Remark
[2025-04-07T15:02:07.871-0400][8.002s][info ][gc          ] GC(5) Pause Remark 42M->42M(512M) 4.386ms
[2025-04-07T15:02:07.871-0400][8.003s][info ][gc,cpu      ] GC(5) User=0.00s Sys=0.00s Real=0.00s
[2025-04-07T15:02:07.871-0400][8.003s][info ][safepoint   ] Safepoint "G1PauseRemark", Time since last: 10280300 ns, Reaching safepoint: 99800 ns, Cleanup: 12500 ns, At safepoint: 4548500 ns, Total: 4660800 ns
[2025-04-07T15:02:07.871-0400][8.003s][info ][gc,marking  ] GC(5) Concurrent Mark 8.998ms
[2025-04-07T15:02:07.871-0400][8.003s][info ][gc,marking  ] GC(5) Concurrent Rebuild Remembered Sets
[2025-04-07T15:02:07.874-0400][8.006s][info ][gc,marking  ] GC(5) Concurrent Rebuild Remembered Sets 2.984ms
[2025-04-07T15:02:07.874-0400][8.006s][debug][safepoint   ] Safepoint synchronization initiated using striped semaphore wait barrier. (25 threads)
[2025-04-07T15:02:07.874-0400][8.006s][info ][gc,start    ] GC(5) Pause Cleanup
[2025-04-07T15:02:07.875-0400][8.006s][info ][gc          ] GC(5) Pause Cleanup 42M->42M(512M) 0.214ms
[2025-04-07T15:02:07.875-0400][8.006s][info ][gc,cpu      ] GC(5) User=0.00s Sys=0.00s Real=0.00s
[2025-04-07T15:02:07.875-0400][8.006s][info ][safepoint   ] Safepoint "G1PauseCleanup", Time since last: 3206800 ns, Reaching safepoint: 114700 ns, Cleanup: 6400 ns, At safepoint: 407700 ns, Total: 528800 ns
[2025-04-07T15:02:07.875-0400][8.006s][info ][gc,marking  ] GC(5) Concurrent Cleanup for Next Mark
[2025-04-07T15:02:07.876-0400][8.007s][info ][gc,marking  ] GC(5) Concurrent Cleanup for Next Mark 0.886ms
[2025-04-07T15:02:07.876-0400][8.007s][info ][gc          ] GC(5) Concurrent Mark Cycle 19.693ms
[2025-04-07T15:02:08.034-0400][8.165s][debug][safepoint   ] ... found polling page loop exception at pc = 0x000002a1b60c2420, stub =0x000002a1bcd97700
[2025-04-07T15:02:08.753-0400][8.885s][debug][safepoint   ] Safepoint synchronization initiated using striped semaphore wait barrier. (25 threads)
[2025-04-07T15:02:08.754-0400][8.886s][info ][safepoint   ] Safepoint "ICBufferFull", Time since last: 878269500 ns, Reaching safepoint: 1016500 ns, Cleanup: 156300 ns, At safepoint: 10800 ns, Total: 1183600 ns
[2025-04-07T15:02:09.455-0400][9.587s][debug][safepoint   ] Safepoint synchronization initiated using striped semaphore wait barrier. (24 threads)
[2025-04-07T15:02:09.455-0400][9.587s][info ][gc,start    ] GC(6) Pause Young (Prepare Mixed) (G1 Evacuation Pause)
[2025-04-07T15:02:09.455-0400][9.587s][info ][gc,task     ] GC(6) Using 12 workers of 23 for evacuation
[2025-04-07T15:02:09.470-0400][9.602s][info ][gc,phases   ] GC(6)   Pre Evacuate Collection Set: 0.2ms
[2025-04-07T15:02:09.470-0400][9.602s][info ][gc,phases   ] GC(6)   Merge Heap Roots: 0.2ms
[2025-04-07T15:02:09.470-0400][9.602s][info ][gc,phases   ] GC(6)   Evacuate Collection Set: 13.1ms
[2025-04-07T15:02:09.470-0400][9.602s][info ][gc,phases   ] GC(6)   Post Evacuate Collection Set: 1.1ms
[2025-04-07T15:02:09.470-0400][9.602s][info ][gc,phases   ] GC(6)   Other: 0.3ms
[2025-04-07T15:02:09.470-0400][9.602s][info ][gc,heap     ] GC(6) Eden regions: 282->0(3)
[2025-04-07T15:02:09.470-0400][9.602s][info ][gc,heap     ] GC(6) Survivor regions: 25->22(39)
[2025-04-07T15:02:09.470-0400][9.602s][info ][gc,heap     ] GC(6) Old regions: 17->34
[2025-04-07T15:02:09.470-0400][9.602s][info ][gc,heap     ] GC(6) Archive regions: 0->0
[2025-04-07T15:02:09.470-0400][9.602s][info ][gc,heap     ] GC(6) Humongous regions: 0->0
[2025-04-07T15:02:09.471-0400][9.602s][info ][gc,metaspace] GC(6) Metaspace: 25118K(25408K)->25118K(25408K) NonClass: 21887K(22016K)->21887K(22016K) Class: 3230K(3392K)->3230K(3392K)
[2025-04-07T15:02:09.471-0400][9.602s][info ][gc          ] GC(6) Pause Young (Prepare Mixed) (G1 Evacuation Pause) 322M->54M(512M) 15.133ms
[2025-04-07T15:02:09.471-0400][9.602s][info ][gc,cpu      ] GC(6) User=0.02s Sys=0.00s Real=0.02s
[2025-04-07T15:02:09.471-0400][9.602s][info ][safepoint   ] Safepoint "G1CollectForAllocation", Time since last: 700769000 ns, Reaching safepoint: 80700 ns, Cleanup: 173300 ns, At safepoint: 15276200 ns, Total: 15530200 ns
[2025-04-07T15:02:09.488-0400][9.619s][debug][safepoint   ] Safepoint synchronization initiated using striped semaphore wait barrier. (24 threads)
[2025-04-07T15:02:09.488-0400][9.619s][info ][gc,start    ] GC(7) Pause Young (Mixed) (G1 Evacuation Pause)
[2025-04-07T15:02:09.488-0400][9.619s][info ][gc,task     ] GC(7) Using 12 workers of 23 for evacuation
[2025-04-07T15:02:09.497-0400][9.629s][info ][gc,phases   ] GC(7)   Pre Evacuate Collection Set: 0.1ms
[2025-04-07T15:02:09.497-0400][9.629s][info ][gc,phases   ] GC(7)   Merge Heap Roots: 0.1ms
[2025-04-07T15:02:09.497-0400][9.629s][info ][gc,phases   ] GC(7)   Evacuate Collection Set: 7.7ms
[2025-04-07T15:02:09.497-0400][9.629s][info ][gc,phases   ] GC(7)   Post Evacuate Collection Set: 1.3ms
[2025-04-07T15:02:09.497-0400][9.629s][info ][gc,phases   ] GC(7)   Other: 0.2ms
[2025-04-07T15:02:09.497-0400][9.629s][info ][gc,heap     ] GC(7) Eden regions: 3->0(304)
[2025-04-07T15:02:09.497-0400][9.629s][info ][gc,heap     ] GC(7) Survivor regions: 22->3(4)
[2025-04-07T15:02:09.497-0400][9.629s][info ][gc,heap     ] GC(7) Old regions: 34->54
[2025-04-07T15:02:09.497-0400][9.629s][info ][gc,heap     ] GC(7) Archive regions: 0->0
[2025-04-07T15:02:09.497-0400][9.629s][info ][gc,heap     ] GC(7) Humongous regions: 0->0
[2025-04-07T15:02:09.498-0400][9.629s][info ][gc,metaspace] GC(7) Metaspace: 25118K(25408K)->25118K(25408K) NonClass: 21888K(22016K)->21888K(22016K) Class: 3230K(3392K)->3230K(3392K)
[2025-04-07T15:02:09.498-0400][9.629s][info ][gc          ] GC(7) Pause Young (Mixed) (G1 Evacuation Pause) 57M->56M(512M) 9.845ms
[2025-04-07T15:02:09.498-0400][9.629s][info ][gc,cpu      ] GC(7) User=0.00s Sys=0.00s Real=0.01s
[2025-04-07T15:02:09.498-0400][9.629s][info ][safepoint   ] Safepoint "G1CollectForAllocation", Time since last: 16907100 ns, Reaching safepoint: 83300 ns, Cleanup: 17800 ns, At safepoint: 9976000 ns, Total: 10077100 ns
[2025-04-07T15:02:10.505-0400][10.635s][debug][safepoint   ] Safepoint synchronization initiated using striped semaphore wait barrier. (21 threads)
[2025-04-07T15:02:10.505-0400][10.635s][debug][safepoint   ] ... found polling page loop exception at pc = 0x000002a1bd7ea799, stub =0x000002a1bcd97700
[2025-04-07T15:02:10.505-0400][10.635s][info ][safepoint   ] Safepoint "Cleanup", Time since last: 1006077299 ns, Reaching safepoint: 172100 ns, Cleanup: 139301 ns, At safepoint: 18900 ns, Total: 330301 ns
[2025-04-07T15:02:11.394-0400][11.525s][debug][safepoint   ] Safepoint synchronization initiated using striped semaphore wait barrier. (20 threads)
[2025-04-07T15:02:11.394-0400][11.525s][info ][gc,start    ] GC(8) Pause Young (Normal) (G1 Evacuation Pause)
[2025-04-07T15:02:11.394-0400][11.525s][info ][gc,task     ] GC(8) Using 12 workers of 23 for evacuation
[2025-04-07T15:02:11.398-0400][11.529s][info ][gc,phases   ] GC(8)   Pre Evacuate Collection Set: 0.2ms
[2025-04-07T15:02:11.398-0400][11.529s][info ][gc,phases   ] GC(8)   Merge Heap Roots: 0.2ms
[2025-04-07T15:02:11.398-0400][11.529s][info ][gc,phases   ] GC(8)   Evacuate Collection Set: 2.4ms
[2025-04-07T15:02:11.398-0400][11.529s][info ][gc,phases   ] GC(8)   Post Evacuate Collection Set: 1.3ms
[2025-04-07T15:02:11.398-0400][11.529s][info ][gc,phases   ] GC(8)   Other: 0.2ms
[2025-04-07T15:02:11.398-0400][11.529s][info ][gc,heap     ] GC(8) Eden regions: 304->0(302)
[2025-04-07T15:02:11.398-0400][11.529s][info ][gc,heap     ] GC(8) Survivor regions: 3->5(39)
[2025-04-07T15:02:11.398-0400][11.529s][info ][gc,heap     ] GC(8) Old regions: 54->54
[2025-04-07T15:02:11.398-0400][11.529s][info ][gc,heap     ] GC(8) Archive regions: 0->0
[2025-04-07T15:02:11.398-0400][11.529s][info ][gc,heap     ] GC(8) Humongous regions: 0->0
[2025-04-07T15:02:11.398-0400][11.529s][info ][gc,metaspace] GC(8) Metaspace: 30891K(31232K)->30891K(31232K) NonClass: 27067K(27200K)->27067K(27200K) Class: 3824K(4032K)->3824K(4032K)
[2025-04-07T15:02:11.398-0400][11.529s][info ][gc          ] GC(8) Pause Young (Normal) (G1 Evacuation Pause) 360M->58M(512M) 4.609ms
[2025-04-07T15:02:11.398-0400][11.529s][info ][gc,cpu      ] GC(8) User=0.00s Sys=0.00s Real=0.00s
[2025-04-07T15:02:11.398-0400][11.530s][info ][safepoint   ] Safepoint "G1CollectForAllocation", Time since last: 889188099 ns, Reaching safepoint: 76000 ns, Cleanup: 95500 ns, At safepoint: 4698401 ns, Total: 4869901 ns
[2025-04-07T15:02:12.482-0400][12.613s][debug][safepoint   ] Safepoint synchronization initiated using striped semaphore wait barrier. (21 threads)
[2025-04-07T15:02:12.482-0400][12.613s][info ][safepoint   ] Safepoint "Cleanup", Time since last: 1083533200 ns, Reaching safepoint: 76600 ns, Cleanup: 115999 ns, At safepoint: 10001 ns, Total: 202600 ns
[2025-04-07T15:02:13.373-0400][13.504s][debug][safepoint   ] Safepoint synchronization initiated using striped semaphore wait barrier. (22 threads)
[2025-04-07T15:02:13.373-0400][13.504s][info ][gc,start    ] GC(9) Pause Young (Concurrent Start) (Metadata GC Threshold)
[2025-04-07T15:02:13.373-0400][13.505s][info ][gc,task     ] GC(9) Using 12 workers of 23 for evacuation
[2025-04-07T15:02:13.379-0400][13.510s][info ][gc,phases   ] GC(9)   Pre Evacuate Collection Set: 0.6ms
[2025-04-07T15:02:13.379-0400][13.510s][info ][gc,phases   ] GC(9)   Merge Heap Roots: 0.5ms
[2025-04-07T15:02:13.379-0400][13.510s][info ][gc,phases   ] GC(9)   Evacuate Collection Set: 2.8ms
[2025-04-07T15:02:13.379-0400][13.510s][info ][gc,phases   ] GC(9)   Post Evacuate Collection Set: 1.7ms
[2025-04-07T15:02:13.379-0400][13.510s][info ][gc,phases   ] GC(9)   Other: 0.2ms
[2025-04-07T15:02:13.379-0400][13.510s][info ][gc,heap     ] GC(9) Eden regions: 286->0(299)
[2025-04-07T15:02:13.379-0400][13.510s][info ][gc,heap     ] GC(9) Survivor regions: 5->8(39)
[2025-04-07T15:02:13.379-0400][13.510s][info ][gc,heap     ] GC(9) Old regions: 54->54
[2025-04-07T15:02:13.379-0400][13.510s][info ][gc,heap     ] GC(9) Archive regions: 0->0
[2025-04-07T15:02:13.379-0400][13.510s][info ][gc,heap     ] GC(9) Humongous regions: 0->0
[2025-04-07T15:02:13.379-0400][13.510s][info ][gc,metaspace] GC(9) Metaspace: 35724K(36096K)->35724K(36096K) NonClass: 31330K(31488K)->31330K(31488K) Class: 4394K(4608K)->4394K(4608K)
[2025-04-07T15:02:13.379-0400][13.510s][info ][gc          ] GC(9) Pause Young (Concurrent Start) (Metadata GC Threshold) 344M->61M(512M) 5.948ms
[2025-04-07T15:02:13.379-0400][13.510s][info ][gc,cpu      ] GC(9) User=0.16s Sys=0.06s Real=0.01s
[2025-04-07T15:02:13.379-0400][13.510s][info ][gc          ] GC(10) Concurrent Mark Cycle
[2025-04-07T15:02:13.379-0400][13.510s][info ][safepoint   ] Safepoint "CollectForMetadataAllocation", Time since last: 890945800 ns, Reaching safepoint: 82800 ns, Cleanup: 167400 ns, At safepoint: 6055700 ns, Total: 6305900 ns
[2025-04-07T15:02:13.379-0400][13.511s][info ][gc,marking  ] GC(10) Concurrent Clear Claimed Marks
[2025-04-07T15:02:13.379-0400][13.511s][info ][gc,marking  ] GC(10) Concurrent Clear Claimed Marks 0.071ms
[2025-04-07T15:02:13.379-0400][13.511s][info ][gc,marking  ] GC(10) Concurrent Scan Root Regions
[2025-04-07T15:02:13.381-0400][13.512s][info ][gc,marking  ] GC(10) Concurrent Scan Root Regions 1.476ms
[2025-04-07T15:02:13.381-0400][13.512s][info ][gc,marking  ] GC(10) Concurrent Mark
[2025-04-07T15:02:13.381-0400][13.512s][info ][gc,marking  ] GC(10) Concurrent Mark From Roots
[2025-04-07T15:02:13.381-0400][13.512s][info ][gc,task     ] GC(10) Using 6 workers of 6 for marking
[2025-04-07T15:02:13.398-0400][13.529s][info ][gc,marking  ] GC(10) Concurrent Mark From Roots 16.969ms
[2025-04-07T15:02:13.398-0400][13.529s][info ][gc,marking  ] GC(10) Concurrent Preclean
[2025-04-07T15:02:13.398-0400][13.529s][info ][gc,marking  ] GC(10) Concurrent Preclean 0.251ms
[2025-04-07T15:02:13.398-0400][13.529s][debug][safepoint   ] Safepoint synchronization initiated using striped semaphore wait barrier. (22 threads)
[2025-04-07T15:02:13.398-0400][13.530s][debug][safepoint   ] ... found polling page loop exception at pc = 0x000002a1bd7ea799, stub =0x000002a1bcd97700
[2025-04-07T15:02:13.398-0400][13.530s][info ][gc,start    ] GC(10) Pause Remark
[2025-04-07T15:02:13.415-0400][13.546s][info ][gc          ] GC(10) Pause Remark 63M->63M(512M) 16.206ms
[2025-04-07T15:02:13.415-0400][13.546s][info ][gc,cpu      ] GC(10) User=0.00s Sys=0.00s Real=0.02s
[2025-04-07T15:02:13.415-0400][13.546s][info ][safepoint   ] Safepoint "G1PauseRemark", Time since last: 18981900 ns, Reaching safepoint: 93400 ns, Cleanup: 4500 ns, At safepoint: 16332900 ns, Total: 16430800 ns
[2025-04-07T15:02:13.415-0400][13.546s][info ][gc,marking  ] GC(10) Concurrent Mark 33.930ms
[2025-04-07T15:02:13.415-0400][13.546s][info ][gc,marking  ] GC(10) Concurrent Rebuild Remembered Sets
[2025-04-07T15:02:13.423-0400][13.555s][info ][gc,marking  ] GC(10) Concurrent Rebuild Remembered Sets 8.459ms
[2025-04-07T15:02:13.423-0400][13.555s][debug][safepoint   ] Safepoint synchronization initiated using striped semaphore wait barrier. (22 threads)
[2025-04-07T15:02:13.441-0400][13.572s][info ][gc,start    ] GC(10) Pause Cleanup
[2025-04-07T15:02:13.441-0400][13.573s][info ][gc          ] GC(10) Pause Cleanup 64M->64M(512M) 0.511ms
[2025-04-07T15:02:13.441-0400][13.573s][info ][gc,cpu      ] GC(10) User=0.00s Sys=0.00s Real=0.00s
[2025-04-07T15:02:13.441-0400][13.573s][info ][safepoint   ] Safepoint "G1PauseCleanup", Time since last: 8884100 ns, Reaching safepoint: 17206100 ns, Cleanup: 10900 ns, At safepoint: 632400 ns, Total: 17849400 ns
[2025-04-07T15:02:13.442-0400][13.573s][info ][gc,marking  ] GC(10) Concurrent Cleanup for Next Mark
[2025-04-07T15:02:13.443-0400][13.574s][info ][gc,marking  ] GC(10) Concurrent Cleanup for Next Mark 0.991ms
[2025-04-07T15:02:13.443-0400][13.574s][info ][gc          ] GC(10) Concurrent Mark Cycle 63.404ms
[2025-04-07T15:02:14.807-0400][14.938s][debug][safepoint   ] Safepoint synchronization initiated using striped semaphore wait barrier. (23 threads)
[2025-04-07T15:02:14.807-0400][14.938s][info ][safepoint   ] Safepoint "Cleanup", Time since last: 1364887100 ns, Reaching safepoint: 95200 ns, Cleanup: 192500 ns, At safepoint: 14800 ns, Total: 302500 ns
[2025-04-07T15:02:16.165-0400][16.296s][debug][safepoint   ] Safepoint synchronization initiated using striped semaphore wait barrier. (23 threads)
[2025-04-07T15:02:16.165-0400][16.296s][info ][safepoint   ] Safepoint "Cleanup", Time since last: 1358018300 ns, Reaching safepoint: 98100 ns, Cleanup: 94000 ns, At safepoint: 6700 ns, Total: 198800 ns
[2025-04-07T15:02:16.223-0400][16.354s][debug][safepoint   ] Safepoint synchronization initiated using striped semaphore wait barrier. (23 threads)
[2025-04-07T15:02:16.224-0400][16.354s][info ][gc,start    ] GC(11) Pause Young (Prepare Mixed) (G1 Evacuation Pause)
[2025-04-07T15:02:16.224-0400][16.354s][info ][gc,task     ] GC(11) Using 12 workers of 23 for evacuation
[2025-04-07T15:02:16.229-0400][16.360s][info ][gc,phases   ] GC(11)   Pre Evacuate Collection Set: 0.3ms
[2025-04-07T15:02:16.229-0400][16.360s][info ][gc,phases   ] GC(11)   Merge Heap Roots: 0.3ms
[2025-04-07T15:02:16.230-0400][16.360s][info ][gc,phases   ] GC(11)   Evacuate Collection Set: 3.7ms
[2025-04-07T15:02:16.230-0400][16.360s][info ][gc,phases   ] GC(11)   Post Evacuate Collection Set: 1.5ms
[2025-04-07T15:02:16.230-0400][16.360s][info ][gc,phases   ] GC(11)   Other: 0.2ms
[2025-04-07T15:02:16.230-0400][16.360s][info ][gc,heap     ] GC(11) Eden regions: 299->0(14)
[2025-04-07T15:02:16.230-0400][16.360s][info ][gc,heap     ] GC(11) Survivor regions: 8->11(39)
[2025-04-07T15:02:16.230-0400][16.360s][info ][gc,heap     ] GC(11) Old regions: 54->54
[2025-04-07T15:02:16.230-0400][16.360s][info ][gc,heap     ] GC(11) Archive regions: 0->0
[2025-04-07T15:02:16.230-0400][16.360s][info ][gc,heap     ] GC(11) Humongous regions: 0->0
[2025-04-07T15:02:16.230-0400][16.360s][info ][gc,metaspace] GC(11) Metaspace: 41208K(41600K)->41208K(41600K) NonClass: 36028K(36224K)->36028K(36224K) Class: 5180K(5376K)->5180K(5376K)
[2025-04-07T15:02:16.230-0400][16.360s][info ][gc          ] GC(11) Pause Young (Prepare Mixed) (G1 Evacuation Pause) 360M->64M(512M) 6.113ms
[2025-04-07T15:02:16.230-0400][16.360s][info ][gc,cpu      ] GC(11) User=0.00s Sys=0.00s Real=0.01s
[2025-04-07T15:02:16.230-0400][16.360s][info ][safepoint   ] Safepoint "G1CollectForAllocation", Time since last: 57976700 ns, Reaching safepoint: 68000 ns, Cleanup: 23500 ns, At safepoint: 6201500 ns, Total: 6293000 ns
[2025-04-07T15:02:16.461-0400][16.592s][debug][safepoint   ] Safepoint synchronization initiated using striped semaphore wait barrier. (22 threads)
[2025-04-07T15:02:16.462-0400][16.592s][info ][gc,start    ] GC(12) Pause Young (Mixed) (G1 Evacuation Pause)
[2025-04-07T15:02:16.462-0400][16.592s][info ][gc,task     ] GC(12) Using 12 workers of 23 for evacuation
[2025-04-07T15:02:16.471-0400][16.602s][info ][gc,phases   ] GC(12)   Pre Evacuate Collection Set: 0.3ms
[2025-04-07T15:02:16.471-0400][16.602s][info ][gc,phases   ] GC(12)   Merge Heap Roots: 0.5ms
[2025-04-07T15:02:16.471-0400][16.602s][info ][gc,phases   ] GC(12)   Evacuate Collection Set: 7.2ms
[2025-04-07T15:02:16.471-0400][16.602s][info ][gc,phases   ] GC(12)   Post Evacuate Collection Set: 1.5ms
[2025-04-07T15:02:16.471-0400][16.602s][info ][gc,phases   ] GC(12)   Other: 0.1ms
[2025-04-07T15:02:16.471-0400][16.602s][info ][gc,heap     ] GC(12) Eden regions: 14->0(305)
[2025-04-07T15:02:16.471-0400][16.602s][info ][gc,heap     ] GC(12) Survivor regions: 11->2(4)
[2025-04-07T15:02:16.471-0400][16.602s][info ][gc,heap     ] GC(12) Old regions: 54->62
[2025-04-07T15:02:16.472-0400][16.602s][info ][gc,heap     ] GC(12) Archive regions: 0->0
[2025-04-07T15:02:16.472-0400][16.602s][info ][gc,heap     ] GC(12) Humongous regions: 0->0
[2025-04-07T15:02:16.472-0400][16.602s][info ][gc,metaspace] GC(12) Metaspace: 41438K(41792K)->41438K(41792K) NonClass: 36227K(36416K)->36227K(36416K) Class: 5210K(5376K)->5210K(5376K)
[2025-04-07T15:02:16.472-0400][16.602s][info ][gc          ] GC(12) Pause Young (Mixed) (G1 Evacuation Pause) 78M->63M(512M) 10.022ms
[2025-04-07T15:02:16.472-0400][16.602s][info ][gc,cpu      ] GC(12) User=0.03s Sys=0.00s Real=0.01s
[2025-04-07T15:02:16.472-0400][16.602s][info ][safepoint   ] Safepoint "G1CollectForAllocation", Time since last: 231767500 ns, Reaching safepoint: 60600 ns, Cleanup: 22700 ns, At safepoint: 10120500 ns, Total: 10203800 ns
[2025-04-07T15:02:17.475-0400][17.605s][debug][safepoint   ] Safepoint synchronization initiated using striped semaphore wait barrier. (22 threads)
[2025-04-07T15:02:17.475-0400][17.606s][info ][safepoint   ] Safepoint "Cleanup", Time since last: 1003036100 ns, Reaching safepoint: 291000 ns, Cleanup: 132000 ns, At safepoint: 7500 ns, Total: 430500 ns
[2025-04-07T15:02:18.703-0400][18.833s][debug][safepoint   ] Safepoint synchronization initiated using striped semaphore wait barrier. (24 threads)
[2025-04-07T15:02:18.703-0400][18.834s][info ][safepoint   ] Safepoint "Cleanup", Time since last: 1227667900 ns, Reaching safepoint: 64400 ns, Cleanup: 180900 ns, At safepoint: 6300 ns, Total: 251600 ns
[2025-04-07T15:02:19.710-0400][19.840s][debug][safepoint   ] Safepoint synchronization initiated using striped semaphore wait barrier. (24 threads)
[2025-04-07T15:02:19.726-0400][19.856s][info ][safepoint   ] Safepoint "Cleanup", Time since last: 1006632900 ns, Reaching safepoint: 15930100 ns, Cleanup: 160900 ns, At safepoint: 25600 ns, Total: 16116600 ns
[2025-04-07T15:02:20.759-0400][20.891s][debug][safepoint   ] Safepoint synchronization initiated using striped semaphore wait barrier. (25 threads)
[2025-04-07T15:02:20.760-0400][20.891s][info ][gc,start    ] GC(13) Pause Young (Normal) (G1 Evacuation Pause)
[2025-04-07T15:02:20.760-0400][20.891s][info ][gc,task     ] GC(13) Using 12 workers of 23 for evacuation
[2025-04-07T15:02:20.768-0400][20.899s][info ][gc,phases   ] GC(13)   Pre Evacuate Collection Set: 0.3ms
[2025-04-07T15:02:20.768-0400][20.899s][info ][gc,phases   ] GC(13)   Merge Heap Roots: 0.2ms
[2025-04-07T15:02:20.768-0400][20.899s][info ][gc,phases   ] GC(13)   Evacuate Collection Set: 5.8ms
[2025-04-07T15:02:20.768-0400][20.899s][info ][gc,phases   ] GC(13)   Post Evacuate Collection Set: 1.7ms
[2025-04-07T15:02:20.768-0400][20.899s][info ][gc,phases   ] GC(13)   Other: 0.2ms
[2025-04-07T15:02:20.768-0400][20.899s][info ][gc,heap     ] GC(13) Eden regions: 305->0(301)
[2025-04-07T15:02:20.768-0400][20.899s][info ][gc,heap     ] GC(13) Survivor regions: 2->6(39)
[2025-04-07T15:02:20.768-0400][20.899s][info ][gc,heap     ] GC(13) Old regions: 62->62
[2025-04-07T15:02:20.768-0400][20.899s][info ][gc,heap     ] GC(13) Archive regions: 0->0
[2025-04-07T15:02:20.768-0400][20.899s][info ][gc,heap     ] GC(13) Humongous regions: 0->0
[2025-04-07T15:02:20.768-0400][20.899s][info ][gc,metaspace] GC(13) Metaspace: 49487K(49984K)->49487K(49984K) NonClass: 43189K(43456K)->43189K(43456K) Class: 6297K(6528K)->6297K(6528K)
[2025-04-07T15:02:20.768-0400][20.899s][info ][gc          ] GC(13) Pause Young (Normal) (G1 Evacuation Pause) 368M->67M(512M) 8.489ms
[2025-04-07T15:02:20.768-0400][20.900s][info ][gc,cpu      ] GC(13) User=0.00s Sys=0.00s Real=0.01s
[2025-04-07T15:02:20.768-0400][20.900s][info ][safepoint   ] Safepoint "G1CollectForAllocation", Time since last: 1034135100 ns, Reaching safepoint: 217300 ns, Cleanup: 186400 ns, At safepoint: 8602400 ns, Total: 9006100 ns
[2025-04-07T15:02:21.769-0400][21.900s][debug][safepoint   ] Safepoint synchronization initiated using striped semaphore wait barrier. (25 threads)
[2025-04-07T15:02:21.770-0400][21.901s][info ][safepoint   ] Safepoint "Cleanup", Time since last: 1000388200 ns, Reaching safepoint: 1030400 ns, Cleanup: 17900 ns, At safepoint: 11600 ns, Total: 1059900 ns
[2025-04-07T15:02:22.774-0400][22.905s][debug][safepoint   ] Safepoint synchronization initiated using striped semaphore wait barrier. (27 threads)
[2025-04-07T15:02:22.775-0400][22.906s][info ][safepoint   ] Safepoint "Cleanup", Time since last: 1004224400 ns, Reaching safepoint: 622600 ns, Cleanup: 85100 ns, At safepoint: 15700 ns, Total: 723400 ns
[2025-04-07T15:02:24.261-0400][24.392s][debug][safepoint   ] Safepoint synchronization initiated using striped semaphore wait barrier. (28 threads)
[2025-04-07T15:02:24.261-0400][24.392s][info ][safepoint   ] Safepoint "Cleanup", Time since last: 1485554700 ns, Reaching safepoint: 67500 ns, Cleanup: 87700 ns, At safepoint: 2300 ns, Total: 157500 ns
[2025-04-07T15:02:25.267-0400][25.398s][debug][safepoint   ] Safepoint synchronization initiated using striped semaphore wait barrier. (27 threads)
[2025-04-07T15:02:25.283-0400][25.414s][info ][safepoint   ] Safepoint "Cleanup", Time since last: 1006339800 ns, Reaching safepoint: 16019300 ns, Cleanup: 86700 ns, At safepoint: 42400 ns, Total: 16148400 ns
[2025-04-07T15:02:26.671-0400][26.802s][debug][safepoint   ] Safepoint synchronization initiated using striped semaphore wait barrier. (29 threads)
[2025-04-07T15:02:26.671-0400][26.802s][info ][safepoint   ] Safepoint "Cleanup", Time since last: 1387890500 ns, Reaching safepoint: 69300 ns, Cleanup: 164200 ns, At safepoint: 20800 ns, Total: 254300 ns
[2025-04-07T15:02:27.686-0400][27.817s][debug][safepoint   ] Safepoint synchronization initiated using striped semaphore wait barrier. (30 threads)
[2025-04-07T15:02:27.686-0400][27.817s][info ][safepoint   ] Safepoint "Cleanup", Time since last: 1014236500 ns, Reaching safepoint: 76400 ns, Cleanup: 79100 ns, At safepoint: 35800 ns, Total: 191300 ns
[2025-04-07T15:02:29.239-0400][29.370s][debug][safepoint   ] Safepoint synchronization initiated using striped semaphore wait barrier. (22 threads)
[2025-04-07T15:02:29.240-0400][29.370s][info ][safepoint   ] Safepoint "Cleanup", Time since last: 1553393700 ns, Reaching safepoint: 72100 ns, Cleanup: 33000 ns, At safepoint: 9100 ns, Total: 114200 ns
[2025-04-07T15:02:29.267-0400][29.398s][debug][safepoint   ] Safepoint synchronization initiated using striped semaphore wait barrier. (21 threads)
[2025-04-07T15:02:29.267-0400][29.398s][info ][gc,start    ] GC(14) Pause Young (Normal) (G1 Evacuation Pause)
[2025-04-07T15:02:29.267-0400][29.398s][info ][gc,task     ] GC(14) Using 12 workers of 23 for evacuation
[2025-04-07T15:02:29.274-0400][29.406s][info ][gc,phases   ] GC(14)   Pre Evacuate Collection Set: 0.5ms
[2025-04-07T15:02:29.274-0400][29.406s][info ][gc,phases   ] GC(14)   Merge Heap Roots: 0.3ms
[2025-04-07T15:02:29.274-0400][29.406s][info ][gc,phases   ] GC(14)   Evacuate Collection Set: 4.1ms
[2025-04-07T15:02:29.274-0400][29.406s][info ][gc,phases   ] GC(14)   Post Evacuate Collection Set: 2.3ms
[2025-04-07T15:02:29.274-0400][29.406s][info ][gc,phases   ] GC(14)   Other: 0.1ms
[2025-04-07T15:02:29.275-0400][29.406s][info ][gc,heap     ] GC(14) Eden regions: 301->0(297)
[2025-04-07T15:02:29.275-0400][29.406s][info ][gc,heap     ] GC(14) Survivor regions: 6->10(39)
[2025-04-07T15:02:29.275-0400][29.406s][info ][gc,heap     ] GC(14) Old regions: 62->62
[2025-04-07T15:02:29.275-0400][29.406s][info ][gc,heap     ] GC(14) Archive regions: 0->0
[2025-04-07T15:02:29.275-0400][29.406s][info ][gc,heap     ] GC(14) Humongous regions: 0->0
[2025-04-07T15:02:29.275-0400][29.406s][info ][gc,metaspace] GC(14) Metaspace: 59369K(59840K)->59369K(59840K) NonClass: 51834K(52032K)->51834K(52032K) Class: 7534K(7808K)->7534K(7808K)
[2025-04-07T15:02:29.275-0400][29.406s][info ][gc          ] GC(14) Pause Young (Normal) (G1 Evacuation Pause) 368M->71M(512M) 7.438ms
[2025-04-07T15:02:29.275-0400][29.406s][info ][gc,cpu      ] GC(14) User=0.00s Sys=0.00s Real=0.01s
[2025-04-07T15:02:29.275-0400][29.406s][info ][safepoint   ] Safepoint "G1CollectForAllocation", Time since last: 28041800 ns, Reaching safepoint: 65100 ns, Cleanup: 7800 ns, At safepoint: 7507900 ns, Total: 7580800 ns
[2025-04-07T15:02:29.341-0400][29.472s][debug][safepoint   ] Safepoint synchronization initiated using striped semaphore wait barrier. (21 threads)
[2025-04-07T15:02:29.341-0400][29.472s][info ][gc,start    ] GC(15) Pause Young (Concurrent Start) (Metadata GC Threshold)
[2025-04-07T15:02:29.341-0400][29.472s][info ][gc,task     ] GC(15) Using 12 workers of 23 for evacuation
[2025-04-07T15:02:29.348-0400][29.479s][info ][gc,phases   ] GC(15)   Pre Evacuate Collection Set: 0.3ms
[2025-04-07T15:02:29.348-0400][29.479s][info ][gc,phases   ] GC(15)   Merge Heap Roots: 0.2ms
[2025-04-07T15:02:29.348-0400][29.479s][info ][gc,phases   ] GC(15)   Evacuate Collection Set: 3.8ms
[2025-04-07T15:02:29.348-0400][29.479s][info ][gc,phases   ] GC(15)   Post Evacuate Collection Set: 1.8ms
[2025-04-07T15:02:29.348-0400][29.479s][info ][gc,phases   ] GC(15)   Other: 0.2ms
[2025-04-07T15:02:29.348-0400][29.479s][info ][gc,heap     ] GC(15) Eden regions: 18->0(297)
[2025-04-07T15:02:29.348-0400][29.479s][info ][gc,heap     ] GC(15) Survivor regions: 10->10(39)
[2025-04-07T15:02:29.348-0400][29.479s][info ][gc,heap     ] GC(15) Old regions: 62->62
[2025-04-07T15:02:29.348-0400][29.479s][info ][gc,heap     ] GC(15) Archive regions: 0->0
[2025-04-07T15:02:29.348-0400][29.479s][info ][gc,heap     ] GC(15) Humongous regions: 0->0
[2025-04-07T15:02:29.348-0400][29.479s][info ][gc,metaspace] GC(15) Metaspace: 59952K(60416K)->59952K(60416K) NonClass: 52355K(52608K)->52355K(52608K) Class: 7596K(7808K)->7596K(7808K)
[2025-04-07T15:02:29.348-0400][29.479s][info ][gc          ] GC(15) Pause Young (Concurrent Start) (Metadata GC Threshold) 89M->71M(512M) 6.405ms
[2025-04-07T15:02:29.348-0400][29.479s][info ][gc,cpu      ] GC(15) User=0.06s Sys=0.00s Real=0.01s
[2025-04-07T15:02:29.348-0400][29.479s][info ][safepoint   ] Safepoint "CollectForMetadataAllocation", Time since last: 66414400 ns, Reaching safepoint: 53300 ns, Cleanup: 12400 ns, At safepoint: 6501900 ns, Total: 6567600 ns
[2025-04-07T15:02:29.348-0400][29.479s][info ][gc          ] GC(16) Concurrent Mark Cycle
[2025-04-07T15:02:29.348-0400][29.479s][info ][gc,marking  ] GC(16) Concurrent Clear Claimed Marks
[2025-04-07T15:02:29.348-0400][29.479s][info ][gc,marking  ] GC(16) Concurrent Clear Claimed Marks 0.062ms
[2025-04-07T15:02:29.348-0400][29.479s][info ][gc,marking  ] GC(16) Concurrent Scan Root Regions
[2025-04-07T15:02:29.351-0400][29.481s][info ][gc,marking  ] GC(16) Concurrent Scan Root Regions 2.315ms
[2025-04-07T15:02:29.351-0400][29.481s][info ][gc,marking  ] GC(16) Concurrent Mark
[2025-04-07T15:02:29.351-0400][29.481s][info ][gc,marking  ] GC(16) Concurrent Mark From Roots
[2025-04-07T15:02:29.351-0400][29.481s][info ][gc,task     ] GC(16) Using 6 workers of 6 for marking
[2025-04-07T15:02:29.369-0400][29.500s][info ][gc,marking  ] GC(16) Concurrent Mark From Roots 18.514ms
[2025-04-07T15:02:29.369-0400][29.500s][info ][gc,marking  ] GC(16) Concurrent Preclean
[2025-04-07T15:02:29.370-0400][29.500s][info ][gc,marking  ] GC(16) Concurrent Preclean 0.281ms
[2025-04-07T15:02:29.370-0400][29.500s][debug][safepoint   ] Safepoint synchronization initiated using striped semaphore wait barrier. (20 threads)
[2025-04-07T15:02:29.370-0400][29.500s][info ][gc,start    ] GC(16) Pause Remark
[2025-04-07T15:02:29.384-0400][29.515s][info ][gc          ] GC(16) Pause Remark 74M->74M(512M) 14.117ms
[2025-04-07T15:02:29.384-0400][29.515s][info ][gc,cpu      ] GC(16) User=0.00s Sys=0.02s Real=0.01s
[2025-04-07T15:02:29.384-0400][29.515s][info ][safepoint   ] Safepoint "G1PauseRemark", Time since last: 21493800 ns, Reaching safepoint: 139600 ns, Cleanup: 10300 ns, At safepoint: 14262600 ns, Total: 14412500 ns
[2025-04-07T15:02:29.384-0400][29.515s][info ][gc,marking  ] GC(16) Concurrent Mark 33.493ms
[2025-04-07T15:02:29.384-0400][29.515s][info ][gc,marking  ] GC(16) Concurrent Rebuild Remembered Sets
[2025-04-07T15:02:29.398-0400][29.529s][info ][gc,marking  ] GC(16) Concurrent Rebuild Remembered Sets 13.537ms
[2025-04-07T15:02:29.398-0400][29.529s][debug][safepoint   ] Safepoint synchronization initiated using striped semaphore wait barrier. (20 threads)
[2025-04-07T15:02:29.398-0400][29.529s][info ][gc,start    ] GC(16) Pause Cleanup
[2025-04-07T15:02:29.398-0400][29.529s][info ][gc          ] GC(16) Pause Cleanup 76M->76M(512M) 0.347ms
[2025-04-07T15:02:29.398-0400][29.529s][info ][gc,cpu      ] GC(16) User=0.00s Sys=0.00s Real=0.00s
[2025-04-07T15:02:29.398-0400][29.529s][info ][safepoint   ] Safepoint "G1PauseCleanup", Time since last: 13882100 ns, Reaching safepoint: 68900 ns, Cleanup: 3900 ns, At safepoint: 413900 ns, Total: 486700 ns
[2025-04-07T15:02:29.398-0400][29.529s][info ][gc,marking  ] GC(16) Concurrent Cleanup for Next Mark
[2025-04-07T15:02:29.399-0400][29.529s][info ][gc,marking  ] GC(16) Concurrent Cleanup for Next Mark 0.324ms
[2025-04-07T15:02:29.399-0400][29.530s][info ][gc          ] GC(16) Concurrent Mark Cycle 50.591ms
[2025-04-07T15:02:30.586-0400][30.716s][debug][safepoint   ] Safepoint synchronization initiated using striped semaphore wait barrier. (28 threads)
[2025-04-07T15:02:30.602-0400][30.733s][info ][safepoint   ] Safepoint "Cleanup", Time since last: 1187334500 ns, Reaching safepoint: 16051400 ns, Cleanup: 94600 ns, At safepoint: 29300 ns, Total: 16175300 ns
[2025-04-07T15:02:32.412-0400][32.542s][debug][safepoint   ] Safepoint synchronization initiated using striped semaphore wait barrier. (33 threads)
[2025-04-07T15:02:32.413-0400][32.544s][info ][safepoint   ] Safepoint "Cleanup", Time since last: 1809702500 ns, Reaching safepoint: 95400 ns, Cleanup: 1045800 ns, At safepoint: 43400 ns, Total: 1184600 ns
[2025-04-07T15:02:32.885-0400][33.016s][debug][safepoint   ] Safepoint synchronization initiated using striped semaphore wait barrier. (25 threads)
[2025-04-07T15:02:32.886-0400][33.016s][info ][gc,start    ] GC(17) Pause Young (Prepare Mixed) (G1 Evacuation Pause)
[2025-04-07T15:02:32.886-0400][33.016s][info ][gc,task     ] GC(17) Using 12 workers of 23 for evacuation
[2025-04-07T15:02:32.893-0400][33.024s][info ][gc,phases   ] GC(17)   Pre Evacuate Collection Set: 0.3ms
[2025-04-07T15:02:32.893-0400][33.024s][info ][gc,phases   ] GC(17)   Merge Heap Roots: 0.4ms
[2025-04-07T15:02:32.893-0400][33.024s][info ][gc,phases   ] GC(17)   Evacuate Collection Set: 4.7ms
[2025-04-07T15:02:32.893-0400][33.024s][info ][gc,phases   ] GC(17)   Post Evacuate Collection Set: 1.8ms
[2025-04-07T15:02:32.893-0400][33.024s][info ][gc,phases   ] GC(17)   Other: 0.2ms
[2025-04-07T15:02:32.893-0400][33.024s][info ][gc,heap     ] GC(17) Eden regions: 297->0(13)
[2025-04-07T15:02:32.893-0400][33.024s][info ][gc,heap     ] GC(17) Survivor regions: 10->12(39)
[2025-04-07T15:02:32.893-0400][33.024s][info ][gc,heap     ] GC(17) Old regions: 62->62
[2025-04-07T15:02:32.893-0400][33.024s][info ][gc,heap     ] GC(17) Archive regions: 0->0
[2025-04-07T15:02:32.893-0400][33.024s][info ][gc,heap     ] GC(17) Humongous regions: 0->0
[2025-04-07T15:02:32.893-0400][33.024s][info ][gc,metaspace] GC(17) Metaspace: 67063K(67456K)->67063K(67456K) NonClass: 58492K(58688K)->58492K(58688K) Class: 8571K(8768K)->8571K(8768K)
[2025-04-07T15:02:32.893-0400][33.024s][info ][gc          ] GC(17) Pause Young (Prepare Mixed) (G1 Evacuation Pause) 368M->73M(512M) 7.591ms
[2025-04-07T15:02:32.893-0400][33.024s][info ][gc,cpu      ] GC(17) User=0.00s Sys=0.00s Real=0.01s
[2025-04-07T15:02:32.893-0400][33.024s][info ][safepoint   ] Safepoint "G1CollectForAllocation", Time since last: 472722400 ns, Reaching safepoint: 54900 ns, Cleanup: 20600 ns, At safepoint: 7681300 ns, Total: 7756800 ns
[2025-04-07T15:02:33.000-0400][33.131s][debug][safepoint   ] Safepoint synchronization initiated using striped semaphore wait barrier. (25 threads)
[2025-04-07T15:02:33.000-0400][33.132s][info ][gc,start    ] GC(18) Pause Young (Mixed) (G1 Evacuation Pause)
[2025-04-07T15:02:33.000-0400][33.132s][info ][gc,task     ] GC(18) Using 12 workers of 23 for evacuation
[2025-04-07T15:02:33.009-0400][33.140s][info ][gc,phases   ] GC(18)   Pre Evacuate Collection Set: 0.3ms
[2025-04-07T15:02:33.009-0400][33.140s][info ][gc,phases   ] GC(18)   Merge Heap Roots: 0.3ms
[2025-04-07T15:02:33.009-0400][33.140s][info ][gc,phases   ] GC(18)   Evacuate Collection Set: 6.7ms
[2025-04-07T15:02:33.009-0400][33.140s][info ][gc,phases   ] GC(18)   Post Evacuate Collection Set: 1.3ms
[2025-04-07T15:02:33.009-0400][33.140s][info ][gc,phases   ] GC(18)   Other: 0.1ms
[2025-04-07T15:02:33.009-0400][33.140s][info ][gc,heap     ] GC(18) Eden regions: 13->0(305)
[2025-04-07T15:02:33.009-0400][33.140s][info ][gc,heap     ] GC(18) Survivor regions: 12->2(4)
[2025-04-07T15:02:33.009-0400][33.140s][info ][gc,heap     ] GC(18) Old regions: 62->71
[2025-04-07T15:02:33.009-0400][33.140s][info ][gc,heap     ] GC(18) Archive regions: 0->0
[2025-04-07T15:02:33.009-0400][33.140s][info ][gc,heap     ] GC(18) Humongous regions: 0->0
[2025-04-07T15:02:33.009-0400][33.140s][info ][gc,metaspace] GC(18) Metaspace: 67857K(68288K)->67857K(68288K) NonClass: 59192K(59392K)->59192K(59392K) Class: 8664K(8896K)->8664K(8896K)
[2025-04-07T15:02:33.009-0400][33.140s][info ][gc          ] GC(18) Pause Young (Mixed) (G1 Evacuation Pause) 86M->72M(512M) 8.954ms
[2025-04-07T15:02:33.009-0400][33.140s][info ][gc,cpu      ] GC(18) User=0.09s Sys=0.11s Real=0.01s
[2025-04-07T15:02:33.009-0400][33.141s][info ][safepoint   ] Safepoint "G1CollectForAllocation", Time since last: 107410100 ns, Reaching safepoint: 70400 ns, Cleanup: 17800 ns, At safepoint: 9026900 ns, Total: 9115100 ns
[2025-04-07T15:02:33.355-0400][33.486s][debug][safepoint   ] Safepoint synchronization initiated using striped semaphore wait barrier. (26 threads)
[2025-04-07T15:02:33.355-0400][33.486s][info ][safepoint   ] Safepoint "ICBufferFull", Time since last: 345296900 ns, Reaching safepoint: 41400 ns, Cleanup: 106600 ns, At safepoint: 5900 ns, Total: 153900 ns
[2025-04-07T15:02:34.369-0400][34.500s][debug][safepoint   ] Safepoint synchronization initiated using striped semaphore wait barrier. (29 threads)
[2025-04-07T15:02:34.369-0400][34.500s][info ][safepoint   ] Safepoint "Cleanup", Time since last: 1013959300 ns, Reaching safepoint: 60600 ns, Cleanup: 146800 ns, At safepoint: 7800 ns, Total: 215200 ns
[2025-04-07T15:02:35.125-0400][35.256s][debug][safepoint   ] Safepoint synchronization initiated using striped semaphore wait barrier. (29 threads)
[2025-04-07T15:02:35.126-0400][35.256s][info ][safepoint   ] Safepoint "ICBufferFull", Time since last: 756174000 ns, Reaching safepoint: 46900 ns, Cleanup: 104300 ns, At safepoint: 1500 ns, Total: 152700 ns
[2025-04-07T15:02:35.362-0400][35.493s][debug][safepoint   ] Safepoint synchronization initiated using striped semaphore wait barrier. (27 threads)
[2025-04-07T15:02:35.362-0400][35.494s][info ][safepoint   ] Safepoint "ICBufferFull", Time since last: 236245500 ns, Reaching safepoint: 658500 ns, Cleanup: 100500 ns, At safepoint: 25800 ns, Total: 784800 ns
[2025-04-07T15:02:35.813-0400][35.944s][debug][safepoint   ] Safepoint synchronization initiated using striped semaphore wait barrier. (34 threads)
[2025-04-07T15:02:35.813-0400][35.944s][info ][gc,start    ] GC(19) Pause Young (Normal) (G1 Evacuation Pause)
[2025-04-07T15:02:35.813-0400][35.944s][info ][gc,task     ] GC(19) Using 12 workers of 23 for evacuation
[2025-04-07T15:02:35.820-0400][35.951s][info ][gc,phases   ] GC(19)   Pre Evacuate Collection Set: 0.3ms
[2025-04-07T15:02:35.820-0400][35.951s][info ][gc,phases   ] GC(19)   Merge Heap Roots: 0.5ms
[2025-04-07T15:02:35.820-0400][35.951s][info ][gc,phases   ] GC(19)   Evacuate Collection Set: 4.6ms
[2025-04-07T15:02:35.820-0400][35.951s][info ][gc,phases   ] GC(19)   Post Evacuate Collection Set: 1.4ms
[2025-04-07T15:02:35.820-0400][35.951s][info ][gc,phases   ] GC(19)   Other: 0.1ms
[2025-04-07T15:02:35.820-0400][35.951s][info ][gc,heap     ] GC(19) Eden regions: 305->0(301)
[2025-04-07T15:02:35.820-0400][35.951s][info ][gc,heap     ] GC(19) Survivor regions: 2->6(39)
[2025-04-07T15:02:35.820-0400][35.951s][info ][gc,heap     ] GC(19) Old regions: 71->71
[2025-04-07T15:02:35.820-0400][35.951s][info ][gc,heap     ] GC(19) Archive regions: 0->0
[2025-04-07T15:02:35.820-0400][35.951s][info ][gc,heap     ] GC(19) Humongous regions: 0->0
[2025-04-07T15:02:35.820-0400][35.951s][info ][gc,metaspace] GC(19) Metaspace: 74083K(74560K)->74083K(74560K) NonClass: 64697K(64960K)->64697K(64960K) Class: 9386K(9600K)->9386K(9600K)
[2025-04-07T15:02:35.820-0400][35.951s][info ][gc          ] GC(19) Pause Young (Normal) (G1 Evacuation Pause) 377M->76M(512M) 7.167ms
[2025-04-07T15:02:35.820-0400][35.951s][info ][gc,cpu      ] GC(19) User=0.08s Sys=0.09s Real=0.01s
[2025-04-07T15:02:35.820-0400][35.951s][info ][safepoint   ] Safepoint "G1CollectForAllocation", Time since last: 450398300 ns, Reaching safepoint: 62900 ns, Cleanup: 76700 ns, At safepoint: 7250100 ns, Total: 7389700 ns
[2025-04-07T15:02:36.484-0400][36.615s][debug][safepoint   ] Safepoint synchronization initiated using striped semaphore wait barrier. (26 threads)
[2025-04-07T15:02:36.485-0400][36.615s][info ][safepoint   ] Safepoint "ICBufferFull", Time since last: 663677700 ns, Reaching safepoint: 32100 ns, Cleanup: 91200 ns, At safepoint: 1100 ns, Total: 124400 ns
[2025-04-07T15:02:36.903-0400][37.034s][debug][safepoint   ] Safepoint synchronization initiated using striped semaphore wait barrier. (23 threads)
[2025-04-07T15:02:36.903-0400][37.034s][info ][safepoint   ] Safepoint "ICBufferFull", Time since last: 418540400 ns, Reaching safepoint: 62200 ns, Cleanup: 93400 ns, At safepoint: 10000 ns, Total: 165600 ns
[2025-04-07T15:02:37.062-0400][37.193s][debug][safepoint   ] Safepoint synchronization initiated using striped semaphore wait barrier. (28 threads)
[2025-04-07T15:02:37.062-0400][37.193s][info ][safepoint   ] Safepoint "ICBufferFull", Time since last: 158972300 ns, Reaching safepoint: 97000 ns, Cleanup: 113000 ns, At safepoint: 28700 ns, Total: 238700 ns
[2025-04-07T15:02:37.208-0400][37.339s][debug][safepoint   ] Safepoint synchronization initiated using striped semaphore wait barrier. (33 threads)
[2025-04-07T15:02:37.209-0400][37.340s][info ][safepoint   ] Safepoint "ICBufferFull", Time since last: 146467600 ns, Reaching safepoint: 152700 ns, Cleanup: 90600 ns, At safepoint: 12000 ns, Total: 255300 ns
[2025-04-07T15:02:37.300-0400][37.431s][debug][safepoint   ] Safepoint synchronization initiated using striped semaphore wait barrier. (33 threads)
[2025-04-07T15:02:37.300-0400][37.431s][info ][gc,start    ] GC(20) Pause Young (Normal) (G1 Evacuation Pause)
[2025-04-07T15:02:37.300-0400][37.431s][info ][gc,task     ] GC(20) Using 12 workers of 23 for evacuation
[2025-04-07T15:02:37.308-0400][37.439s][info ][gc,phases   ] GC(20)   Pre Evacuate Collection Set: 0.3ms
[2025-04-07T15:02:37.308-0400][37.439s][info ][gc,phases   ] GC(20)   Merge Heap Roots: 0.3ms
[2025-04-07T15:02:37.308-0400][37.439s][info ][gc,phases   ] GC(20)   Evacuate Collection Set: 5.3ms
[2025-04-07T15:02:37.308-0400][37.439s][info ][gc,phases   ] GC(20)   Post Evacuate Collection Set: 1.6ms
[2025-04-07T15:02:37.308-0400][37.439s][info ][gc,phases   ] GC(20)   Other: 0.1ms
[2025-04-07T15:02:37.308-0400][37.439s][info ][gc,heap     ] GC(20) Eden regions: 301->0(299)
[2025-04-07T15:02:37.308-0400][37.439s][info ][gc,heap     ] GC(20) Survivor regions: 6->8(39)
[2025-04-07T15:02:37.308-0400][37.439s][info ][gc,heap     ] GC(20) Old regions: 71->71
[2025-04-07T15:02:37.308-0400][37.439s][info ][gc,heap     ] GC(20) Archive regions: 0->0
[2025-04-07T15:02:37.308-0400][37.439s][info ][gc,heap     ] GC(20) Humongous regions: 0->0
[2025-04-07T15:02:37.308-0400][37.439s][info ][gc,metaspace] GC(20) Metaspace: 81278K(81792K)->81278K(81792K) NonClass: 70721K(70976K)->70721K(70976K) Class: 10556K(10816K)->10556K(10816K)
[2025-04-07T15:02:37.308-0400][37.439s][info ][gc          ] GC(20) Pause Young (Normal) (G1 Evacuation Pause) 377M->78M(512M) 7.839ms
[2025-04-07T15:02:37.308-0400][37.439s][info ][gc,cpu      ] GC(20) User=0.00s Sys=0.00s Real=0.01s
[2025-04-07T15:02:37.308-0400][37.439s][info ][safepoint   ] Safepoint "G1CollectForAllocation", Time since last: 91193800 ns, Reaching safepoint: 66700 ns, Cleanup: 60300 ns, At safepoint: 7936100 ns, Total: 8063100 ns
[2025-04-07T15:02:37.443-0400][37.574s][debug][safepoint   ] Safepoint synchronization initiated using striped semaphore wait barrier. (33 threads)
[2025-04-07T15:02:37.444-0400][37.574s][info ][safepoint   ] Safepoint "ICBufferFull", Time since last: 135138700 ns, Reaching safepoint: 136100 ns, Cleanup: 88600 ns, At safepoint: 11400 ns, Total: 236100 ns
[2025-04-07T15:02:37.694-0400][37.825s][debug][safepoint   ] Safepoint synchronization initiated using striped semaphore wait barrier. (33 threads)
[2025-04-07T15:02:37.711-0400][37.842s][info ][safepoint   ] Safepoint "ICBufferFull", Time since last: 250875400 ns, Reaching safepoint: 16507700 ns, Cleanup: 156200 ns, At safepoint: 49600 ns, Total: 16713500 ns
[2025-04-07T15:02:37.968-0400][38.099s][debug][safepoint   ] Safepoint synchronization initiated using striped semaphore wait barrier. (33 threads)
[2025-04-07T15:02:37.968-0400][38.099s][info ][safepoint   ] Safepoint "ICBufferFull", Time since last: 256750200 ns, Reaching safepoint: 44000 ns, Cleanup: 80000 ns, At safepoint: 4400 ns, Total: 128400 ns
[2025-04-07T15:02:38.524-0400][38.655s][debug][safepoint   ] ... found polling page loop exception at pc = 0x000002a1bd93c3f3, stub =0x000002a1bcd97700
[2025-04-07T15:02:38.558-0400][38.690s][debug][safepoint   ] Safepoint synchronization initiated using striped semaphore wait barrier. (27 threads)
[2025-04-07T15:02:38.559-0400][38.690s][info ][safepoint   ] Safepoint "ICBufferFull", Time since last: 590883000 ns, Reaching safepoint: 69500 ns, Cleanup: 195300 ns, At safepoint: 1700 ns, Total: 266500 ns
[2025-04-07T15:02:39.462-0400][39.592s][debug][safepoint   ] Safepoint synchronization initiated using striped semaphore wait barrier. (30 threads)
[2025-04-07T15:02:39.462-0400][39.592s][info ][safepoint   ] Safepoint "ICBufferFull", Time since last: 902195700 ns, Reaching safepoint: 64100 ns, Cleanup: 157900 ns, At safepoint: 1800 ns, Total: 223800 ns
[2025-04-07T15:02:39.625-0400][39.756s][debug][safepoint   ] Safepoint synchronization initiated using striped semaphore wait barrier. (30 threads)
[2025-04-07T15:02:39.626-0400][39.756s][info ][gc,start    ] GC(21) Pause Young (Normal) (G1 Evacuation Pause)
[2025-04-07T15:02:39.626-0400][39.756s][info ][gc,task     ] GC(21) Using 12 workers of 23 for evacuation
[2025-04-07T15:02:39.633-0400][39.764s][info ][gc,phases   ] GC(21)   Pre Evacuate Collection Set: 0.2ms
[2025-04-07T15:02:39.633-0400][39.764s][info ][gc,phases   ] GC(21)   Merge Heap Roots: 0.3ms
[2025-04-07T15:02:39.633-0400][39.764s][info ][gc,phases   ] GC(21)   Evacuate Collection Set: 5.0ms
[2025-04-07T15:02:39.633-0400][39.764s][info ][gc,phases   ] GC(21)   Post Evacuate Collection Set: 1.8ms
[2025-04-07T15:02:39.633-0400][39.764s][info ][gc,phases   ] GC(21)   Other: 0.2ms
[2025-04-07T15:02:39.633-0400][39.764s][info ][gc,heap     ] GC(21) Eden regions: 299->0(295)
[2025-04-07T15:02:39.633-0400][39.764s][info ][gc,heap     ] GC(21) Survivor regions: 8->12(39)
[2025-04-07T15:02:39.633-0400][39.764s][info ][gc,heap     ] GC(21) Old regions: 71->71
[2025-04-07T15:02:39.633-0400][39.764s][info ][gc,heap     ] GC(21) Archive regions: 0->0
[2025-04-07T15:02:39.633-0400][39.764s][info ][gc,heap     ] GC(21) Humongous regions: 0->0
[2025-04-07T15:02:39.633-0400][39.764s][info ][gc,metaspace] GC(21) Metaspace: 86312K(86848K)->86312K(86848K) NonClass: 75131K(75392K)->75131K(75392K) Class: 11180K(11456K)->11180K(11456K)
[2025-04-07T15:02:39.633-0400][39.764s][info ][gc          ] GC(21) Pause Young (Normal) (G1 Evacuation Pause) 377M->81M(512M) 7.687ms
[2025-04-07T15:02:39.633-0400][39.764s][info ][gc,cpu      ] GC(21) User=0.12s Sys=0.03s Real=0.01s
[2025-04-07T15:02:39.633-0400][39.764s][info ][safepoint   ] Safepoint "G1CollectForAllocation", Time since last: 163630900 ns, Reaching safepoint: 43800 ns, Cleanup: 32600 ns, At safepoint: 7786800 ns, Total: 7863200 ns
[2025-04-07T15:02:40.790-0400][40.921s][debug][safepoint   ] Safepoint synchronization initiated using striped semaphore wait barrier. (33 threads)
[2025-04-07T15:02:40.790-0400][40.921s][info ][safepoint   ] Safepoint "ICBufferFull", Time since last: 1156748000 ns, Reaching safepoint: 40800 ns, Cleanup: 109900 ns, At safepoint: 3600 ns, Total: 154300 ns
[2025-04-07T15:02:41.792-0400][41.922s][debug][safepoint   ] Safepoint synchronization initiated using striped semaphore wait barrier. (37 threads)
[2025-04-07T15:02:41.792-0400][41.923s][info ][safepoint   ] Safepoint "Cleanup", Time since last: 1001689200 ns, Reaching safepoint: 349700 ns, Cleanup: 85300 ns, At safepoint: 8000 ns, Total: 443000 ns
[2025-04-07T15:02:42.938-0400][43.069s][debug][safepoint   ] Safepoint synchronization initiated using striped semaphore wait barrier. (37 threads)
[2025-04-07T15:02:42.938-0400][43.069s][info ][safepoint   ] Safepoint "Cleanup", Time since last: 1146021699 ns, Reaching safepoint: 36600 ns, Cleanup: 70400 ns, At safepoint: 6301 ns, Total: 113301 ns
[2025-04-07T15:02:43.322-0400][43.453s][debug][safepoint   ] Safepoint synchronization initiated using striped semaphore wait barrier. (37 threads)
[2025-04-07T15:02:43.332-0400][43.463s][info ][gc,start    ] GC(22) Pause Young (Normal) (G1 Evacuation Pause)
[2025-04-07T15:02:43.332-0400][43.463s][info ][gc,task     ] GC(22) Using 12 workers of 23 for evacuation
[2025-04-07T15:02:43.340-0400][43.471s][info ][gc,phases   ] GC(22)   Pre Evacuate Collection Set: 0.3ms
[2025-04-07T15:02:43.340-0400][43.471s][info ][gc,phases   ] GC(22)   Merge Heap Roots: 0.2ms
[2025-04-07T15:02:43.340-0400][43.471s][info ][gc,phases   ] GC(22)   Evacuate Collection Set: 5.9ms
[2025-04-07T15:02:43.340-0400][43.471s][info ][gc,phases   ] GC(22)   Post Evacuate Collection Set: 1.6ms
[2025-04-07T15:02:43.340-0400][43.471s][info ][gc,phases   ] GC(22)   Other: 0.3ms
[2025-04-07T15:02:43.340-0400][43.471s][info ][gc,heap     ] GC(22) Eden regions: 295->0(288)
[2025-04-07T15:02:43.340-0400][43.471s][info ][gc,heap     ] GC(22) Survivor regions: 12->19(39)
[2025-04-07T15:02:43.340-0400][43.471s][info ][gc,heap     ] GC(22) Old regions: 71->71
[2025-04-07T15:02:43.340-0400][43.471s][info ][gc,heap     ] GC(22) Archive regions: 0->0
[2025-04-07T15:02:43.340-0400][43.471s][info ][gc,heap     ] GC(22) Humongous regions: 0->0
[2025-04-07T15:02:43.340-0400][43.471s][info ][gc,metaspace] GC(22) Metaspace: 91493K(92160K)->91493K(92160K) NonClass: 79893K(80256K)->79893K(80256K) Class: 11600K(11904K)->11600K(11904K)
[2025-04-07T15:02:43.340-0400][43.471s][info ][gc          ] GC(22) Pause Young (Normal) (G1 Evacuation Pause) 376M->89M(512M) 8.533ms
[2025-04-07T15:02:43.341-0400][43.471s][info ][gc,cpu      ] GC(22) User=0.00s Sys=0.00s Real=0.01s
[2025-04-07T15:02:43.341-0400][43.471s][info ][safepoint   ] Safepoint "G1CollectForAllocation", Time since last: 383572500 ns, Reaching safepoint: 9884599 ns, Cleanup: 97501 ns, At safepoint: 8627499 ns, Total: 18609599 ns
[2025-04-07T15:02:44.439-0400][44.570s][debug][safepoint   ] Safepoint synchronization initiated using striped semaphore wait barrier. (34 threads)
[2025-04-07T15:02:44.439-0400][44.570s][info ][safepoint   ] Safepoint "Cleanup", Time since last: 1098584901 ns, Reaching safepoint: 42000 ns, Cleanup: 114300 ns, At safepoint: 222800 ns, Total: 379100 ns
[2025-04-07T15:02:44.928-0400][45.059s][debug][safepoint   ] Safepoint synchronization initiated using striped semaphore wait barrier. (37 threads)
[2025-04-07T15:02:44.928-0400][45.059s][info ][safepoint   ] Safepoint "ICBufferFull", Time since last: 488934700 ns, Reaching safepoint: 153500 ns, Cleanup: 83899 ns, At safepoint: 8501 ns, Total: 245900 ns
[2025-04-07T15:02:45.361-0400][45.493s][debug][safepoint   ] Safepoint synchronization initiated using striped semaphore wait barrier. (36 threads)
[2025-04-07T15:02:45.361-0400][45.493s][info ][gc,start    ] GC(23) Pause Young (Normal) (G1 Evacuation Pause)
[2025-04-07T15:02:45.361-0400][45.493s][info ][gc,task     ] GC(23) Using 12 workers of 23 for evacuation
[2025-04-07T15:02:45.381-0400][45.513s][info ][gc,phases   ] GC(23)   Pre Evacuate Collection Set: 0.6ms
[2025-04-07T15:02:45.381-0400][45.513s][info ][gc,phases   ] GC(23)   Merge Heap Roots: 0.3ms
[2025-04-07T15:02:45.382-0400][45.513s][info ][gc,phases   ] GC(23)   Evacuate Collection Set: 17.3ms
[2025-04-07T15:02:45.382-0400][45.513s][info ][gc,phases   ] GC(23)   Post Evacuate Collection Set: 1.7ms
[2025-04-07T15:02:45.382-0400][45.513s][info ][gc,phases   ] GC(23)   Other: 0.1ms
[2025-04-07T15:02:45.382-0400][45.513s][info ][gc,heap     ] GC(23) Eden regions: 288->0(282)
[2025-04-07T15:02:45.382-0400][45.513s][info ][gc,heap     ] GC(23) Survivor regions: 19->25(39)
[2025-04-07T15:02:45.382-0400][45.513s][info ][gc,heap     ] GC(23) Old regions: 71->71
[2025-04-07T15:02:45.382-0400][45.513s][info ][gc,heap     ] GC(23) Archive regions: 0->0
[2025-04-07T15:02:45.382-0400][45.513s][info ][gc,heap     ] GC(23) Humongous regions: 0->0
[2025-04-07T15:02:45.382-0400][45.513s][info ][gc,metaspace] GC(23) Metaspace: 97568K(98240K)->97568K(98240K) NonClass: 84887K(85248K)->84887K(85248K) Class: 12680K(12992K)->12680K(12992K)
[2025-04-07T15:02:45.382-0400][45.513s][info ][gc          ] GC(23) Pause Young (Normal) (G1 Evacuation Pause) 377M->94M(512M) 20.249ms
[2025-04-07T15:02:45.382-0400][45.513s][info ][gc,cpu      ] GC(23) User=0.02s Sys=0.02s Real=0.02s
[2025-04-07T15:02:45.382-0400][45.513s][info ][safepoint   ] Safepoint "G1CollectForAllocation", Time since last: 433314499 ns, Reaching safepoint: 53701 ns, Cleanup: 109500 ns, At safepoint: 20333500 ns, Total: 20496701 ns
[2025-04-07T15:02:46.013-0400][46.143s][debug][safepoint   ] Safepoint synchronization initiated using striped semaphore wait barrier. (35 threads)
[2025-04-07T15:02:46.013-0400][46.144s][info ][gc,start    ] GC(24) Pause Young (Concurrent Start) (Metadata GC Threshold)
[2025-04-07T15:02:46.013-0400][46.144s][info ][gc,task     ] GC(24) Using 12 workers of 23 for evacuation
[2025-04-07T15:02:46.022-0400][46.153s][info ][gc,phases   ] GC(24)   Pre Evacuate Collection Set: 0.4ms
[2025-04-07T15:02:46.022-0400][46.153s][info ][gc,phases   ] GC(24)   Merge Heap Roots: 0.2ms
[2025-04-07T15:02:46.022-0400][46.153s][info ][gc,phases   ] GC(24)   Evacuate Collection Set: 6.9ms
[2025-04-07T15:02:46.022-0400][46.153s][info ][gc,phases   ] GC(24)   Post Evacuate Collection Set: 1.9ms
[2025-04-07T15:02:46.022-0400][46.153s][info ][gc,phases   ] GC(24)   Other: 0.2ms
[2025-04-07T15:02:46.022-0400][46.153s][info ][gc,heap     ] GC(24) Eden regions: 66->0(286)
[2025-04-07T15:02:46.022-0400][46.153s][info ][gc,heap     ] GC(24) Survivor regions: 25->21(39)
[2025-04-07T15:02:46.022-0400][46.153s][info ][gc,heap     ] GC(24) Old regions: 71->75
[2025-04-07T15:02:46.022-0400][46.153s][info ][gc,heap     ] GC(24) Archive regions: 0->0
[2025-04-07T15:02:46.022-0400][46.153s][info ][gc,heap     ] GC(24) Humongous regions: 0->0
[2025-04-07T15:02:46.022-0400][46.153s][info ][gc,metaspace] GC(24) Metaspace: 100297K(100928K)->100297K(100928K) NonClass: 87248K(87552K)->87248K(87552K) Class: 13048K(13376K)->13048K(13376K)
[2025-04-07T15:02:46.022-0400][46.153s][info ][gc          ] GC(24) Pause Young (Concurrent Start) (Metadata GC Threshold) 160M->95M(512M) 9.772ms
[2025-04-07T15:02:46.022-0400][46.153s][info ][gc,cpu      ] GC(24) User=0.12s Sys=0.06s Real=0.01s
[2025-04-07T15:02:46.022-0400][46.153s][info ][safepoint   ] Safepoint "CollectForMetadataAllocation", Time since last: 630297000 ns, Reaching safepoint: 47000 ns, Cleanup: 49400 ns, At safepoint: 9859299 ns, Total: 9955699 ns
[2025-04-07T15:02:46.023-0400][46.154s][info ][gc          ] GC(25) Concurrent Mark Cycle
[2025-04-07T15:02:46.023-0400][46.154s][info ][gc,marking  ] GC(25) Concurrent Clear Claimed Marks
[2025-04-07T15:02:46.023-0400][46.154s][info ][gc,marking  ] GC(25) Concurrent Clear Claimed Marks 0.055ms
[2025-04-07T15:02:46.023-0400][46.154s][info ][gc,marking  ] GC(25) Concurrent Scan Root Regions
[2025-04-07T15:02:46.026-0400][46.158s][info ][gc,marking  ] GC(25) Concurrent Scan Root Regions 3.843ms
[2025-04-07T15:02:46.027-0400][46.158s][info ][gc,marking  ] GC(25) Concurrent Mark
[2025-04-07T15:02:46.027-0400][46.158s][info ][gc,marking  ] GC(25) Concurrent Mark From Roots
[2025-04-07T15:02:46.027-0400][46.158s][info ][gc,task     ] GC(25) Using 6 workers of 6 for marking
[2025-04-07T15:02:46.046-0400][46.178s][info ][gc,marking  ] GC(25) Concurrent Mark From Roots 20.351ms
[2025-04-07T15:02:46.046-0400][46.178s][info ][gc,marking  ] GC(25) Concurrent Preclean
[2025-04-07T15:02:46.047-0400][46.178s][info ][gc,marking  ] GC(25) Concurrent Preclean 0.256ms
[2025-04-07T15:02:46.047-0400][46.178s][debug][safepoint   ] Safepoint synchronization initiated using striped semaphore wait barrier. (35 threads)
[2025-04-07T15:02:46.047-0400][46.179s][info ][gc,start    ] GC(25) Pause Remark
[2025-04-07T15:02:46.059-0400][46.190s][info ][gc          ] GC(25) Pause Remark 97M->97M(512M) 11.539ms
[2025-04-07T15:02:46.059-0400][46.190s][info ][gc,cpu      ] GC(25) User=0.00s Sys=0.00s Real=0.01s
[2025-04-07T15:02:46.059-0400][46.190s][info ][safepoint   ] Safepoint "G1PauseRemark", Time since last: 24852701 ns, Reaching safepoint: 301099 ns, Cleanup: 7101 ns, At safepoint: 11604500 ns, Total: 11912700 ns
[2025-04-07T15:02:46.059-0400][46.190s][info ][gc,marking  ] GC(25) Concurrent Mark 32.702ms
[2025-04-07T15:02:46.059-0400][46.190s][info ][gc,marking  ] GC(25) Concurrent Rebuild Remembered Sets
[2025-04-07T15:02:46.072-0400][46.203s][info ][gc,marking  ] GC(25) Concurrent Rebuild Remembered Sets 12.301ms
[2025-04-07T15:02:46.072-0400][46.203s][debug][safepoint   ] Safepoint synchronization initiated using striped semaphore wait barrier. (35 threads)
[2025-04-07T15:02:46.072-0400][46.203s][debug][safepoint   ] ... found polling page loop exception at pc = 0x000002a1bdfc3836, stub =0x000002a1bcd97700
[2025-04-07T15:02:46.072-0400][46.203s][info ][gc,start    ] GC(25) Pause Cleanup
[2025-04-07T15:02:46.072-0400][46.203s][info ][gc          ] GC(25) Pause Cleanup 101M->101M(512M) 0.315ms
[2025-04-07T15:02:46.072-0400][46.203s][info ][gc,cpu      ] GC(25) User=0.00s Sys=0.00s Real=0.00s
[2025-04-07T15:02:46.072-0400][46.203s][info ][safepoint   ] Safepoint "G1PauseCleanup", Time since last: 12481700 ns, Reaching safepoint: 75699 ns, Cleanup: 6101 ns, At safepoint: 380300 ns, Total: 462100 ns
[2025-04-07T15:02:46.072-0400][46.203s][info ][gc,marking  ] GC(25) Concurrent Cleanup for Next Mark
[2025-04-07T15:02:46.073-0400][46.204s][info ][gc,marking  ] GC(25) Concurrent Cleanup for Next Mark 0.370ms
[2025-04-07T15:02:46.073-0400][46.204s][info ][gc          ] GC(25) Concurrent Mark Cycle 50.023ms
[2025-04-07T15:02:47.158-0400][47.289s][debug][safepoint   ] Safepoint synchronization initiated using striped semaphore wait barrier. (34 threads)
[2025-04-07T15:02:47.158-0400][47.289s][info ][safepoint   ] Safepoint "Cleanup", Time since last: 1085608000 ns, Reaching safepoint: 120800 ns, Cleanup: 88000 ns, At safepoint: 4500 ns, Total: 213300 ns
[2025-04-07T15:02:47.557-0400][47.688s][debug][safepoint   ] Safepoint synchronization initiated using striped semaphore wait barrier. (34 threads)
[2025-04-07T15:02:47.557-0400][47.688s][info ][gc,start    ] GC(26) Pause Young (Prepare Mixed) (G1 Evacuation Pause)
[2025-04-07T15:02:47.557-0400][47.688s][info ][gc,task     ] GC(26) Using 14 workers of 23 for evacuation
[2025-04-07T15:02:47.567-0400][47.697s][info ][gc,phases   ] GC(26)   Pre Evacuate Collection Set: 0.3ms
[2025-04-07T15:02:47.567-0400][47.697s][info ][gc,phases   ] GC(26)   Merge Heap Roots: 0.3ms
[2025-04-07T15:02:47.567-0400][47.697s][info ][gc,phases   ] GC(26)   Evacuate Collection Set: 6.2ms
[2025-04-07T15:02:47.567-0400][47.697s][info ][gc,phases   ] GC(26)   Post Evacuate Collection Set: 2.3ms
[2025-04-07T15:02:47.567-0400][47.697s][info ][gc,phases   ] GC(26)   Other: 0.1ms
[2025-04-07T15:02:47.567-0400][47.697s][info ][gc,heap     ] GC(26) Eden regions: 286->0(1)
[2025-04-07T15:02:47.567-0400][47.697s][info ][gc,heap     ] GC(26) Survivor regions: 21->25(39)
[2025-04-07T15:02:47.567-0400][47.697s][info ][gc,heap     ] GC(26) Old regions: 75->75
[2025-04-07T15:02:47.567-0400][47.697s][info ][gc,heap     ] GC(26) Archive regions: 0->0
[2025-04-07T15:02:47.567-0400][47.697s][info ][gc,heap     ] GC(26) Humongous regions: 0->0
[2025-04-07T15:02:47.567-0400][47.697s][info ][gc,metaspace] GC(26) Metaspace: 107363K(108160K)->107363K(108160K) NonClass: 93345K(93760K)->93345K(93760K) Class: 14018K(14400K)->14018K(14400K)
[2025-04-07T15:02:47.567-0400][47.698s][info ][gc          ] GC(26) Pause Young (Prepare Mixed) (G1 Evacuation Pause) 381M->99M(512M) 9.358ms
[2025-04-07T15:02:47.567-0400][47.698s][info ][gc,cpu      ] GC(26) User=0.00s Sys=0.00s Real=0.01s
[2025-04-07T15:02:47.567-0400][47.698s][info ][safepoint   ] Safepoint "G1CollectForAllocation", Time since last: 399043800 ns, Reaching safepoint: 46000 ns, Cleanup: 50000 ns, At safepoint: 9432000 ns, Total: 9528000 ns
[2025-04-07T15:02:47.581-0400][47.712s][debug][safepoint   ] Safepoint synchronization initiated using striped semaphore wait barrier. (34 threads)
[2025-04-07T15:02:47.581-0400][47.712s][info ][gc,start    ] GC(27) Pause Young (Mixed) (G1 Evacuation Pause)
[2025-04-07T15:02:47.581-0400][47.712s][info ][gc,task     ] GC(27) Using 14 workers of 23 for evacuation
[2025-04-07T15:02:47.595-0400][47.726s][info ][gc,phases   ] GC(27)   Pre Evacuate Collection Set: 0.3ms
[2025-04-07T15:02:47.595-0400][47.726s][info ][gc,phases   ] GC(27)   Merge Heap Roots: 0.3ms
[2025-04-07T15:02:47.595-0400][47.726s][info ][gc,phases   ] GC(27)   Evacuate Collection Set: 11.3ms
[2025-04-07T15:02:47.595-0400][47.726s][info ][gc,phases   ] GC(27)   Post Evacuate Collection Set: 1.4ms
[2025-04-07T15:02:47.595-0400][47.726s][info ][gc,phases   ] GC(27)   Other: 0.1ms
[2025-04-07T15:02:47.595-0400][47.726s][info ][gc,heap     ] GC(27) Eden regions: 1->0(303)
[2025-04-07T15:02:47.595-0400][47.726s][info ][gc,heap     ] GC(27) Survivor regions: 25->4(4)
[2025-04-07T15:02:47.595-0400][47.726s][info ][gc,heap     ] GC(27) Old regions: 75->96
[2025-04-07T15:02:47.595-0400][47.726s][info ][gc,heap     ] GC(27) Archive regions: 0->0
[2025-04-07T15:02:47.595-0400][47.726s][info ][gc,heap     ] GC(27) Humongous regions: 0->0
[2025-04-07T15:02:47.595-0400][47.726s][info ][gc,metaspace] GC(27) Metaspace: 107418K(108160K)->107418K(108160K) NonClass: 93397K(93760K)->93397K(93760K) Class: 14020K(14400K)->14020K(14400K)
[2025-04-07T15:02:47.595-0400][47.726s][info ][gc          ] GC(27) Pause Young (Mixed) (G1 Evacuation Pause) 100M->99M(512M) 13.660ms
[2025-04-07T15:02:47.595-0400][47.726s][info ][gc,cpu      ] GC(27) User=0.00s Sys=0.00s Real=0.01s
[2025-04-07T15:02:47.595-0400][47.726s][info ][safepoint   ] Safepoint "G1CollectForAllocation", Time since last: 14616700 ns, Reaching safepoint: 51900 ns, Cleanup: 9300 ns, At safepoint: 13759400 ns, Total: 13820600 ns
[2025-04-07T15:02:48.602-0400][48.733s][debug][safepoint   ] Safepoint synchronization initiated using striped semaphore wait barrier. (43 threads)
[2025-04-07T15:02:48.602-0400][48.733s][info ][safepoint   ] Safepoint "ICBufferFull", Time since last: 1006716900 ns, Reaching safepoint: 59600 ns, Cleanup: 148900 ns, At safepoint: 1600 ns, Total: 210100 ns
[2025-04-07T15:02:49.281-0400][49.411s][debug][safepoint   ] Safepoint synchronization initiated using striped semaphore wait barrier. (48 threads)
[2025-04-07T15:02:49.281-0400][49.411s][info ][gc,start    ] GC(28) Pause Young (Normal) (G1 Evacuation Pause)
[2025-04-07T15:02:49.281-0400][49.411s][info ][gc,task     ] GC(28) Using 23 workers of 23 for evacuation
[2025-04-07T15:02:49.287-0400][49.418s][info ][gc,phases   ] GC(28)   Pre Evacuate Collection Set: 0.4ms
[2025-04-07T15:02:49.287-0400][49.418s][info ][gc,phases   ] GC(28)   Merge Heap Roots: 0.5ms
[2025-04-07T15:02:49.287-0400][49.418s][info ][gc,phases   ] GC(28)   Evacuate Collection Set: 3.0ms
[2025-04-07T15:02:49.287-0400][49.418s][info ][gc,phases   ] GC(28)   Post Evacuate Collection Set: 2.2ms
[2025-04-07T15:02:49.287-0400][49.418s][info ][gc,phases   ] GC(28)   Other: 0.1ms
[2025-04-07T15:02:49.287-0400][49.418s][info ][gc,heap     ] GC(28) Eden regions: 303->0(299)
[2025-04-07T15:02:49.287-0400][49.418s][info ][gc,heap     ] GC(28) Survivor regions: 4->8(39)
[2025-04-07T15:02:49.287-0400][49.418s][info ][gc,heap     ] GC(28) Old regions: 96->96
[2025-04-07T15:02:49.287-0400][49.418s][info ][gc,heap     ] GC(28) Archive regions: 0->0
[2025-04-07T15:02:49.287-0400][49.418s][info ][gc,heap     ] GC(28) Humongous regions: 0->0
[2025-04-07T15:02:49.287-0400][49.418s][info ][gc,metaspace] GC(28) Metaspace: 113234K(113984K)->113234K(113984K) NonClass: 98657K(99008K)->98657K(99008K) Class: 14577K(14976K)->14577K(14976K)
[2025-04-07T15:02:49.287-0400][49.418s][info ][gc          ] GC(28) Pause Young (Normal) (G1 Evacuation Pause) 402M->103M(512M) 6.441ms
[2025-04-07T15:02:49.287-0400][49.418s][info ][gc,cpu      ] GC(28) User=0.33s Sys=0.06s Real=0.01s
[2025-04-07T15:02:49.287-0400][49.418s][info ][safepoint   ] Safepoint "G1CollectForAllocation", Time since last: 678412600 ns, Reaching safepoint: 57900 ns, Cleanup: 50600 ns, At safepoint: 6524000 ns, Total: 6632500 ns
[2025-04-07T15:02:49.606-0400][49.738s][debug][safepoint   ] Safepoint synchronization initiated using striped semaphore wait barrier. (47 threads)
[2025-04-07T15:02:49.606-0400][49.738s][info ][safepoint   ] Safepoint "ICBufferFull", Time since last: 319676100 ns, Reaching safepoint: 61600 ns, Cleanup: 95400 ns, At safepoint: 18500 ns, Total: 175500 ns
[2025-04-07T15:02:49.787-0400][49.918s][debug][safepoint   ] ... found polling page loop exception at pc = 0x000002a1bd63b4be, stub =0x000002a1bcd97700
[2025-04-07T15:02:49.812-0400][49.943s][debug][safepoint   ] Safepoint synchronization initiated using striped semaphore wait barrier. (47 threads)
[2025-04-07T15:02:49.812-0400][49.943s][info ][safepoint   ] Safepoint "ICBufferFull", Time since last: 205329300 ns, Reaching safepoint: 65500 ns, Cleanup: 102500 ns, At safepoint: 1800 ns, Total: 169800 ns
[2025-04-07T15:02:50.876-0400][51.006s][debug][safepoint   ] Safepoint synchronization initiated using striped semaphore wait barrier. (46 threads)
[2025-04-07T15:02:50.876-0400][51.007s][info ][gc,start    ] GC(29) Pause Young (Normal) (G1 Evacuation Pause)
[2025-04-07T15:02:50.876-0400][51.007s][info ][gc,task     ] GC(29) Using 23 workers of 23 for evacuation
[2025-04-07T15:02:50.883-0400][51.014s][info ][gc,phases   ] GC(29)   Pre Evacuate Collection Set: 0.3ms
[2025-04-07T15:02:50.883-0400][51.014s][info ][gc,phases   ] GC(29)   Merge Heap Roots: 0.4ms
[2025-04-07T15:02:50.883-0400][51.014s][info ][gc,phases   ] GC(29)   Evacuate Collection Set: 3.9ms
[2025-04-07T15:02:50.883-0400][51.014s][info ][gc,phases   ] GC(29)   Post Evacuate Collection Set: 2.4ms
[2025-04-07T15:02:50.883-0400][51.014s][info ][gc,phases   ] GC(29)   Other: 0.1ms
[2025-04-07T15:02:50.883-0400][51.014s][info ][gc,heap     ] GC(29) Eden regions: 299->0(293)
[2025-04-07T15:02:50.883-0400][51.014s][info ][gc,heap     ] GC(29) Survivor regions: 8->14(39)
[2025-04-07T15:02:50.883-0400][51.014s][info ][gc,heap     ] GC(29) Old regions: 96->96
[2025-04-07T15:02:50.883-0400][51.014s][info ][gc,heap     ] GC(29) Archive regions: 0->0
[2025-04-07T15:02:50.883-0400][51.014s][info ][gc,heap     ] GC(29) Humongous regions: 0->0
[2025-04-07T15:02:50.883-0400][51.014s][info ][gc,metaspace] GC(29) Metaspace: 118130K(118912K)->118130K(118912K) NonClass: 103045K(103424K)->103045K(103424K) Class: 15084K(15488K)->15084K(15488K)
[2025-04-07T15:02:50.883-0400][51.014s][info ][gc          ] GC(29) Pause Young (Normal) (G1 Evacuation Pause) 402M->109M(512M) 7.252ms
[2025-04-07T15:02:50.883-0400][51.014s][info ][gc,cpu      ] GC(29) User=0.25s Sys=0.12s Real=0.01s
[2025-04-07T15:02:50.883-0400][51.014s][info ][safepoint   ] Safepoint "G1CollectForAllocation", Time since last: 1063048100 ns, Reaching safepoint: 44800 ns, Cleanup: 97800 ns, At safepoint: 7332600 ns, Total: 7475200 ns
[2025-04-07T15:02:52.262-0400][52.392s][debug][safepoint   ] Safepoint synchronization initiated using striped semaphore wait barrier. (48 threads)
[2025-04-07T15:02:52.262-0400][52.393s][info ][safepoint   ] Safepoint "Cleanup", Time since last: 1378538800 ns, Reaching safepoint: 54600 ns, Cleanup: 95000 ns, At safepoint: 2100 ns, Total: 151700 ns
[2025-04-07T15:02:56.494-0400][56.626s][debug][safepoint   ] Safepoint synchronization initiated using striped semaphore wait barrier. (46 threads)
[2025-04-07T15:02:56.495-0400][56.626s][info ][safepoint   ] Safepoint "Cleanup", Time since last: 4233103300 ns, Reaching safepoint: 264500 ns, Cleanup: 8000 ns, At safepoint: 3800 ns, Total: 276300 ns
[2025-04-07T15:02:57.456-0400][57.587s][debug][safepoint   ] Safepoint synchronization initiated using striped semaphore wait barrier. (55 threads)
[2025-04-07T15:02:57.456-0400][57.587s][info ][gc,start    ] GC(30) Pause Young (Normal) (G1 Evacuation Pause)
[2025-04-07T15:02:57.456-0400][57.587s][info ][gc,task     ] GC(30) Using 23 workers of 23 for evacuation
[2025-04-07T15:02:57.465-0400][57.596s][info ][gc,phases   ] GC(30)   Pre Evacuate Collection Set: 0.5ms
[2025-04-07T15:02:57.465-0400][57.596s][info ][gc,phases   ] GC(30)   Merge Heap Roots: 0.4ms
[2025-04-07T15:02:57.465-0400][57.596s][info ][gc,phases   ] GC(30)   Evacuate Collection Set: 5.5ms
[2025-04-07T15:02:57.465-0400][57.596s][info ][gc,phases   ] GC(30)   Post Evacuate Collection Set: 2.5ms
[2025-04-07T15:02:57.465-0400][57.596s][info ][gc,phases   ] GC(30)   Other: 0.1ms
[2025-04-07T15:02:57.465-0400][57.596s][info ][gc,heap     ] GC(30) Eden regions: 293->0(285)
[2025-04-07T15:02:57.465-0400][57.596s][info ][gc,heap     ] GC(30) Survivor regions: 14->22(39)
[2025-04-07T15:02:57.465-0400][57.596s][info ][gc,heap     ] GC(30) Old regions: 96->96
[2025-04-07T15:02:57.465-0400][57.596s][info ][gc,heap     ] GC(30) Archive regions: 0->0
[2025-04-07T15:02:57.465-0400][57.596s][info ][gc,heap     ] GC(30) Humongous regions: 1->0
[2025-04-07T15:02:57.465-0400][57.596s][info ][gc,metaspace] GC(30) Metaspace: 130587K(131648K)->130587K(131648K) NonClass: 114163K(114688K)->114163K(114688K) Class: 16423K(16960K)->16423K(16960K)
[2025-04-07T15:02:57.465-0400][57.596s][info ][gc          ] GC(30) Pause Young (Normal) (G1 Evacuation Pause) 403M->117M(512M) 9.194ms
[2025-04-07T15:02:57.465-0400][57.596s][info ][gc,cpu      ] GC(30) User=0.00s Sys=0.00s Real=0.01s
[2025-04-07T15:02:57.465-0400][57.596s][info ][safepoint   ] Safepoint "G1CollectForAllocation", Time since last: 961177100 ns, Reaching safepoint: 31700 ns, Cleanup: 74400 ns, At safepoint: 9284500 ns, Total: 9390600 ns
[2025-04-07T15:02:58.464-0400][58.595s][debug][safepoint   ] Safepoint synchronization initiated using striped semaphore wait barrier. (57 threads)
[2025-04-07T15:02:58.464-0400][58.595s][info ][gc,start    ] GC(31) Pause Young (Normal) (G1 Evacuation Pause)
[2025-04-07T15:02:58.464-0400][58.595s][info ][gc,task     ] GC(31) Using 23 workers of 23 for evacuation
[2025-04-07T15:02:58.473-0400][58.605s][info ][gc,phases   ] GC(31)   Pre Evacuate Collection Set: 0.5ms
[2025-04-07T15:02:58.473-0400][58.605s][info ][gc,phases   ] GC(31)   Merge Heap Roots: 0.6ms
[2025-04-07T15:02:58.473-0400][58.605s][info ][gc,phases   ] GC(31)   Evacuate Collection Set: 6.6ms
[2025-04-07T15:02:58.473-0400][58.605s][info ][gc,phases   ] GC(31)   Post Evacuate Collection Set: 1.9ms
[2025-04-07T15:02:58.473-0400][58.605s][info ][gc,phases   ] GC(31)   Other: 0.1ms
[2025-04-07T15:02:58.473-0400][58.605s][info ][gc,heap     ] GC(31) Eden regions: 285->0(286)
[2025-04-07T15:02:58.473-0400][58.605s][info ][gc,heap     ] GC(31) Survivor regions: 22->21(39)
[2025-04-07T15:02:58.473-0400][58.605s][info ][gc,heap     ] GC(31) Old regions: 96->103
[2025-04-07T15:02:58.473-0400][58.605s][info ][gc,heap     ] GC(31) Archive regions: 0->0
[2025-04-07T15:02:58.473-0400][58.605s][info ][gc,heap     ] GC(31) Humongous regions: 0->0
[2025-04-07T15:02:58.473-0400][58.605s][info ][gc,metaspace] GC(31) Metaspace: 136499K(137600K)->136499K(137600K) NonClass: 119457K(120064K)->119457K(120064K) Class: 17042K(17536K)->17042K(17536K)
[2025-04-07T15:02:58.473-0400][58.605s][info ][gc          ] GC(31) Pause Young (Normal) (G1 Evacuation Pause) 402M->122M(512M) 9.858ms
[2025-04-07T15:02:58.473-0400][58.605s][info ][gc,cpu      ] GC(31) User=0.08s Sys=0.00s Real=0.01s
[2025-04-07T15:02:58.473-0400][58.605s][info ][safepoint   ] Safepoint "G1CollectForAllocation", Time since last: 998451400 ns, Reaching safepoint: 53300 ns, Cleanup: 54500 ns, At safepoint: 9940800 ns, Total: 10048600 ns
[2025-04-07T15:02:59.635-0400][59.765s][debug][safepoint   ] Safepoint synchronization initiated using striped semaphore wait barrier. (61 threads)
[2025-04-07T15:02:59.636-0400][59.766s][info ][safepoint   ] Safepoint "Cleanup", Time since last: 1160389000 ns, Reaching safepoint: 993200 ns, Cleanup: 54100 ns, At safepoint: 8800 ns, Total: 1056100 ns
[2025-04-07T15:03:00.401-0400][60.532s][debug][safepoint   ] Safepoint synchronization initiated using striped semaphore wait barrier. (64 threads)
[2025-04-07T15:03:00.401-0400][60.532s][info ][gc,start    ] GC(32) Pause Young (Normal) (G1 Evacuation Pause)
[2025-04-07T15:03:00.401-0400][60.532s][info ][gc,task     ] GC(32) Using 23 workers of 23 for evacuation
[2025-04-07T15:03:00.412-0400][60.542s][info ][gc,phases   ] GC(32)   Pre Evacuate Collection Set: 0.3ms
[2025-04-07T15:03:00.412-0400][60.542s][info ][gc,phases   ] GC(32)   Merge Heap Roots: 0.5ms
[2025-04-07T15:03:00.412-0400][60.542s][info ][gc,phases   ] GC(32)   Evacuate Collection Set: 7.3ms
[2025-04-07T15:03:00.412-0400][60.542s][info ][gc,phases   ] GC(32)   Post Evacuate Collection Set: 2.0ms
[2025-04-07T15:03:00.412-0400][60.542s][info ][gc,phases   ] GC(32)   Other: 0.4ms
[2025-04-07T15:03:00.412-0400][60.542s][info ][gc,heap     ] GC(32) Eden regions: 286->0(277)
[2025-04-07T15:03:00.412-0400][60.542s][info ][gc,heap     ] GC(32) Survivor regions: 21->30(39)
[2025-04-07T15:03:00.412-0400][60.543s][info ][gc,heap     ] GC(32) Old regions: 103->103
[2025-04-07T15:03:00.412-0400][60.543s][info ][gc,heap     ] GC(32) Archive regions: 0->0
[2025-04-07T15:03:00.412-0400][60.543s][info ][gc,heap     ] GC(32) Humongous regions: 0->0
[2025-04-07T15:03:00.412-0400][60.543s][info ][gc,metaspace] GC(32) Metaspace: 141506K(142528K)->141506K(142528K) NonClass: 124208K(124736K)->124208K(124736K) Class: 17297K(17792K)->17297K(17792K)
[2025-04-07T15:03:00.412-0400][60.543s][info ][gc          ] GC(32) Pause Young (Normal) (G1 Evacuation Pause) 408M->131M(512M) 10.599ms
[2025-04-07T15:03:00.412-0400][60.543s][info ][gc,cpu      ] GC(32) User=0.08s Sys=0.00s Real=0.01s
[2025-04-07T15:03:00.412-0400][60.543s][info ][safepoint   ] Safepoint "G1CollectForAllocation", Time since last: 765400400 ns, Reaching safepoint: 80400 ns, Cleanup: 54600 ns, At safepoint: 10720900 ns, Total: 10855900 ns
[2025-04-07T15:03:01.415-0400][61.546s][debug][safepoint   ] Safepoint synchronization initiated using striped semaphore wait barrier. (37 threads)
[2025-04-07T15:03:01.415-0400][61.546s][info ][safepoint   ] Safepoint "Cleanup", Time since last: 1003244500 ns, Reaching safepoint: 85100 ns, Cleanup: 72900 ns, At safepoint: 2100 ns, Total: 160100 ns
[2025-04-07T15:03:02.421-0400][62.552s][debug][safepoint   ] Safepoint synchronization initiated using striped semaphore wait barrier. (29 threads)
[2025-04-07T15:03:02.421-0400][62.552s][info ][safepoint   ] Safepoint "Cleanup", Time since last: 1006029800 ns, Reaching safepoint: 97500 ns, Cleanup: 37300 ns, At safepoint: 3600 ns, Total: 138400 ns
[2025-04-07T15:03:19.560-0400][79.691s][debug][safepoint   ] Safepoint synchronization initiated using striped semaphore wait barrier. (28 threads)
[2025-04-07T15:03:19.560-0400][79.691s][info ][safepoint   ] Safepoint "Cleanup", Time since last: 17138719600 ns, Reaching safepoint: 87200 ns, Cleanup: 13400 ns, At safepoint: 1500 ns, Total: 102100 ns
[2025-04-07T15:03:22.573-0400][82.704s][debug][safepoint   ] Safepoint synchronization initiated using striped semaphore wait barrier. (28 threads)
[2025-04-07T15:03:22.573-0400][82.704s][info ][safepoint   ] Safepoint "Cleanup", Time since last: 3013004400 ns, Reaching safepoint: 83700 ns, Cleanup: 18500 ns, At safepoint: 1800 ns, Total: 104000 ns
[2025-04-07T15:03:24.600-0400][84.731s][debug][safepoint   ] Safepoint synchronization initiated using striped semaphore wait barrier. (28 threads)
[2025-04-07T15:03:24.600-0400][84.731s][info ][safepoint   ] Safepoint "Cleanup", Time since last: 2026948100 ns, Reaching safepoint: 62200 ns, Cleanup: 13300 ns, At safepoint: 1700 ns, Total: 77200 ns
[2025-04-07T15:03:25.609-0400][85.740s][debug][safepoint   ] Safepoint synchronization initiated using striped semaphore wait barrier. (28 threads)
[2025-04-07T15:03:25.609-0400][85.740s][info ][safepoint   ] Safepoint "Cleanup", Time since last: 1008779800 ns, Reaching safepoint: 75300 ns, Cleanup: 13400 ns, At safepoint: 2200 ns, Total: 90900 ns
[2025-04-07T15:03:32.674-0400][92.804s][debug][safepoint   ] Safepoint synchronization initiated using striped semaphore wait barrier. (27 threads)
[2025-04-07T15:03:32.674-0400][92.804s][info ][safepoint   ] Safepoint "Cleanup", Time since last: 7064279800 ns, Reaching safepoint: 103900 ns, Cleanup: 14700 ns, At safepoint: 1700 ns, Total: 120300 ns
[2025-04-07T15:03:33.688-0400][93.818s][debug][safepoint   ] Safepoint synchronization initiated using striped semaphore wait barrier. (27 threads)
[2025-04-07T15:03:33.688-0400][93.818s][info ][safepoint   ] Safepoint "Cleanup", Time since last: 1013912000 ns, Reaching safepoint: 60500 ns, Cleanup: 11900 ns, At safepoint: 2000 ns, Total: 74400 ns
[2025-04-07T15:05:30.138-0400][210.268s][debug][safepoint   ] Safepoint synchronization initiated using striped semaphore wait barrier. (27 threads)
[2025-04-07T15:05:30.138-0400][210.268s][info ][safepoint   ] Safepoint "Cleanup", Time since last: 116449755100 ns, Reaching safepoint: 86000 ns, Cleanup: 14400 ns, At safepoint: 1600 ns, Total: 102000 ns
[2025-04-07T15:07:50.364-0400][350.495s][debug][safepoint   ] Safepoint synchronization initiated using striped semaphore wait barrier. (27 threads)
[2025-04-07T15:07:50.364-0400][350.495s][info ][safepoint   ] Safepoint "Cleanup", Time since last: 140226739400 ns, Reaching safepoint: 126200 ns, Cleanup: 20700 ns, At safepoint: 2300 ns, Total: 149200 ns
[2025-04-07T15:07:53.396-0400][353.527s][debug][safepoint   ] Safepoint synchronization initiated using striped semaphore wait barrier. (27 threads)
[2025-04-07T15:07:53.396-0400][353.527s][info ][safepoint   ] Safepoint "Cleanup", Time since last: 3031304200 ns, Reaching safepoint: 87400 ns, Cleanup: 15700 ns, At safepoint: 1900 ns, Total: 105000 ns
[2025-04-07T15:13:59.977-0400][720.107s][debug][safepoint   ] Safepoint synchronization initiated using striped semaphore wait barrier. (27 threads)
[2025-04-07T15:13:59.977-0400][720.108s][info ][safepoint   ] Safepoint "Cleanup", Time since last: 366580826900 ns, Reaching safepoint: 85100 ns, Cleanup: 11900 ns, At safepoint: 1500 ns, Total: 98500 ns
[2025-04-07T15:14:04.014-0400][724.145s][debug][safepoint   ] Safepoint synchronization initiated using striped semaphore wait barrier. (27 threads)
[2025-04-07T15:14:04.014-0400][724.145s][info ][safepoint   ] Safepoint "Cleanup", Time since last: 4037129800 ns, Reaching safepoint: 78400 ns, Cleanup: 18700 ns, At safepoint: 2400 ns, Total: 99500 ns
[2025-04-07T15:44:53.778-0400][2573.909s][debug][safepoint   ] Safepoint synchronization initiated using striped semaphore wait barrier. (27 threads)
[2025-04-07T15:44:53.778-0400][2573.909s][info ][safepoint   ] Safepoint "Cleanup", Time since last: 1849764138600 ns, Reaching safepoint: 208400 ns, Cleanup: 26500 ns, At safepoint: 2300 ns, Total: 237200 ns
[2025-04-07T17:20:00.416-0400][8282.619s][debug][safepoint   ] Safepoint synchronization initiated using striped semaphore wait barrier. (27 threads)
[2025-04-07T17:20:00.416-0400][8282.619s][info ][safepoint   ] Safepoint "Cleanup", Time since last: 5708709347900 ns, Reaching safepoint: 147700 ns, Cleanup: 16099 ns, At safepoint: 2101 ns, Total: 165900 ns
[2025-04-07T20:00:21.411-0400][17903.613s][debug][safepoint   ] Safepoint synchronization initiated using striped semaphore wait barrier. (27 threads)
[2025-04-07T20:00:21.412-0400][17903.614s][info ][safepoint   ] Safepoint "Cleanup", Time since last: 9620994455600 ns, Reaching safepoint: 790600 ns, Cleanup: 118100 ns, At safepoint: 2600 ns, Total: 911300 ns
