[2025-04-02T16:35:43.773-0400][0.005s][info][gc] Using G1
[2025-04-02T16:35:43.775-0400][0.007s][info][gc,init] Version: 17.0.14+7 (release)
[2025-04-02T16:35:43.775-0400][0.007s][info][gc,init] CPUs: 32 total, 32 available
[2025-04-02T16:35:43.775-0400][0.007s][info][gc,init] Memory: 32559M
[2025-04-02T16:35:43.775-0400][0.007s][info][gc,init] Large Page Support: Disabled
[2025-04-02T16:35:43.775-0400][0.007s][info][gc,init] NUMA Support: Disabled
[2025-04-02T16:35:43.775-0400][0.007s][info][gc,init] Compressed Oops: Enabled (32-bit)
[2025-04-02T16:35:43.775-0400][0.007s][info][gc,init] Heap Region Size: 1M
[2025-04-02T16:35:43.775-0400][0.007s][info][gc,init] Heap Min Capacity: 512M
[2025-04-02T16:35:43.775-0400][0.007s][info][gc,init] Heap Initial Capacity: 512M
[2025-04-02T16:35:43.775-0400][0.007s][info][gc,init] Heap Max Capacity: 1G
[2025-04-02T16:35:43.775-0400][0.007s][info][gc,init] Pre-touch: Disabled
[2025-04-02T16:35:43.775-0400][0.007s][info][gc,init] Parallel Workers: 23
[2025-04-02T16:35:43.775-0400][0.008s][info][gc,init] Concurrent Workers: 6
[2025-04-02T16:35:43.775-0400][0.008s][info][gc,init] Concurrent Refinement Workers: 23
[2025-04-02T16:35:43.775-0400][0.008s][info][gc,init] Periodic GC: Disabled
[2025-04-02T16:35:43.780-0400][0.012s][info][gc,metaspace] CDS archive(s) mapped at: [0x0000020b00000000-0x0000020b00bb0000-0x0000020b00bb0000), size 12255232, SharedBaseAddress: 0x0000020b00000000, ArchiveRelocationMode: 1.
[2025-04-02T16:35:43.780-0400][0.012s][info][gc,metaspace] Compressed class space mapped at: 0x0000020b01000000-0x0000020b41000000, reserved size: 1073741824
[2025-04-02T16:35:43.780-0400][0.012s][info][gc,metaspace] Narrow klass base: 0x0000020b00000000, Narrow klass shift: 0, Narrow klass range: 0x100000000
[2025-04-02T16:35:44.055-0400][0.287s][debug][safepoint   ] Safepoint synchronization initiated using striped semaphore wait barrier. (23 threads)
[2025-04-02T16:35:44.055-0400][0.287s][info ][safepoint   ] Safepoint "ICBufferFull", Time since last: 272880400 ns, Reaching safepoint: 36900 ns, Cleanup: 48800 ns, At safepoint: 900 ns, Total: 86600 ns
[2025-04-02T16:35:44.137-0400][0.370s][debug][safepoint   ] Safepoint synchronization initiated using striped semaphore wait barrier. (26 threads)
[2025-04-02T16:35:44.137-0400][0.370s][info ][gc,start    ] GC(0) Pause Young (Normal) (G1 Evacuation Pause)
[2025-04-02T16:35:44.138-0400][0.371s][info ][gc,task     ] GC(0) Using 12 workers of 23 for evacuation
[2025-04-02T16:35:44.141-0400][0.374s][info ][gc,phases   ] GC(0)   Pre Evacuate Collection Set: 0.1ms
[2025-04-02T16:35:44.141-0400][0.374s][info ][gc,phases   ] GC(0)   Merge Heap Roots: 0.0ms
[2025-04-02T16:35:44.141-0400][0.374s][info ][gc,phases   ] GC(0)   Evacuate Collection Set: 2.2ms
[2025-04-02T16:35:44.141-0400][0.374s][info ][gc,phases   ] GC(0)   Post Evacuate Collection Set: 0.6ms
[2025-04-02T16:35:44.141-0400][0.374s][info ][gc,phases   ] GC(0)   Other: 1.3ms
[2025-04-02T16:35:44.141-0400][0.374s][info ][gc,heap     ] GC(0) Eden regions: 62->0(86)
[2025-04-02T16:35:44.141-0400][0.374s][info ][gc,heap     ] GC(0) Survivor regions: 0->8(8)
[2025-04-02T16:35:44.141-0400][0.374s][info ][gc,heap     ] GC(0) Old regions: 0->2
[2025-04-02T16:35:44.141-0400][0.374s][info ][gc,heap     ] GC(0) Archive regions: 0->0
[2025-04-02T16:35:44.141-0400][0.374s][info ][gc,heap     ] GC(0) Humongous regions: 0->0
[2025-04-02T16:35:44.141-0400][0.374s][info ][gc,metaspace] GC(0) Metaspace: 2590K(2816K)->2590K(2816K) NonClass: 2352K(2496K)->2352K(2496K) Class: 238K(320K)->238K(320K)
[2025-04-02T16:35:44.141-0400][0.374s][info ][gc          ] GC(0) Pause Young (Normal) (G1 Evacuation Pause) 62M->9M(512M) 4.296ms
[2025-04-02T16:35:44.141-0400][0.374s][info ][gc,cpu      ] GC(0) User=0.00s Sys=0.00s Real=0.00s
[2025-04-02T16:35:44.141-0400][0.374s][info ][safepoint   ] Safepoint "G1CollectForAllocation", Time since last: 82262700 ns, Reaching safepoint: 35300 ns, Cleanup: 12600 ns, At safepoint: 4380500 ns, Total: 4428400 ns
[2025-04-02T16:35:44.550-0400][0.782s][debug][safepoint   ] Safepoint synchronization initiated using striped semaphore wait barrier. (27 threads)
[2025-04-02T16:35:44.550-0400][0.782s][info ][gc,start    ] GC(1) Pause Young (Normal) (G1 Evacuation Pause)
[2025-04-02T16:35:44.550-0400][0.782s][info ][gc,task     ] GC(1) Using 12 workers of 23 for evacuation
[2025-04-02T16:35:44.553-0400][0.786s][info ][gc,phases   ] GC(1)   Pre Evacuate Collection Set: 0.1ms
[2025-04-02T16:35:44.553-0400][0.786s][info ][gc,phases   ] GC(1)   Merge Heap Roots: 0.1ms
[2025-04-02T16:35:44.553-0400][0.786s][info ][gc,phases   ] GC(1)   Evacuate Collection Set: 2.6ms
[2025-04-02T16:35:44.553-0400][0.786s][info ][gc,phases   ] GC(1)   Post Evacuate Collection Set: 0.8ms
[2025-04-02T16:35:44.553-0400][0.786s][info ][gc,phases   ] GC(1)   Other: 0.1ms
[2025-04-02T16:35:44.553-0400][0.786s][info ][gc,heap     ] GC(1) Eden regions: 86->0(305)
[2025-04-02T16:35:44.553-0400][0.786s][info ][gc,heap     ] GC(1) Survivor regions: 8->2(12)
[2025-04-02T16:35:44.553-0400][0.786s][info ][gc,heap     ] GC(1) Old regions: 2->10
[2025-04-02T16:35:44.553-0400][0.786s][info ][gc,heap     ] GC(1) Archive regions: 0->0
[2025-04-02T16:35:44.553-0400][0.786s][info ][gc,heap     ] GC(1) Humongous regions: 0->0
[2025-04-02T16:35:44.553-0400][0.786s][info ][gc,metaspace] GC(1) Metaspace: 5780K(6016K)->5780K(6016K) NonClass: 5073K(5184K)->5073K(5184K) Class: 706K(832K)->706K(832K)
[2025-04-02T16:35:44.553-0400][0.786s][info ][gc          ] GC(1) Pause Young (Normal) (G1 Evacuation Pause) 95M->11M(512M) 3.818ms
[2025-04-02T16:35:44.553-0400][0.786s][info ][gc,cpu      ] GC(1) User=0.00s Sys=0.00s Real=0.00s
[2025-04-02T16:35:44.553-0400][0.786s][info ][safepoint   ] Safepoint "G1CollectForAllocation", Time since last: 407580200 ns, Reaching safepoint: 74700 ns, Cleanup: 66500 ns, At safepoint: 3850900 ns, Total: 3992100 ns
[2025-04-02T16:35:44.964-0400][1.197s][debug][safepoint   ] ... found polling page loop exception at pc = 0x0000020b707794be, stub =0x0000020b6fee7700
[2025-04-02T16:35:44.965-0400][1.197s][debug][safepoint   ] Safepoint synchronization initiated using striped semaphore wait barrier. (24 threads)
[2025-04-02T16:35:44.965-0400][1.197s][debug][safepoint   ] ... found polling page loop exception at pc = 0x0000020b70753aff, stub =0x0000020b6fee7700
[2025-04-02T16:35:44.965-0400][1.197s][info ][safepoint   ] Safepoint "ICBufferFull", Time since last: 411754400 ns, Reaching safepoint: 52400 ns, Cleanup: 58800 ns, At safepoint: 2500 ns, Total: 113700 ns
[2025-04-02T16:35:45.087-0400][1.320s][debug][safepoint   ] Safepoint synchronization initiated using striped semaphore wait barrier. (24 threads)
[2025-04-02T16:35:45.087-0400][1.320s][info ][safepoint   ] Safepoint "ICBufferFull", Time since last: 122008100 ns, Reaching safepoint: 50100 ns, Cleanup: 59400 ns, At safepoint: 700 ns, Total: 110200 ns
[2025-04-02T16:35:45.267-0400][1.499s][debug][safepoint   ] Safepoint synchronization initiated using striped semaphore wait barrier. (25 threads)
[2025-04-02T16:35:45.267-0400][1.500s][info ][safepoint   ] Safepoint "ICBufferFull", Time since last: 179871600 ns, Reaching safepoint: 138300 ns, Cleanup: 65300 ns, At safepoint: 3400 ns, Total: 207000 ns
[2025-04-02T16:35:45.306-0400][1.538s][debug][safepoint   ] Safepoint synchronization initiated using striped semaphore wait barrier. (25 threads)
[2025-04-02T16:35:45.306-0400][1.538s][debug][safepoint   ] ... found polling page loop exception at pc = 0x0000020b707e30a9, stub =0x0000020b6fee7700
[2025-04-02T16:35:45.306-0400][1.538s][info ][gc,start    ] GC(2) Pause Young (Normal) (G1 Evacuation Pause)
[2025-04-02T16:35:45.306-0400][1.538s][info ][gc,task     ] GC(2) Using 12 workers of 23 for evacuation
[2025-04-02T16:35:45.310-0400][1.542s][info ][gc,phases   ] GC(2)   Pre Evacuate Collection Set: 0.1ms
[2025-04-02T16:35:45.310-0400][1.542s][info ][gc,phases   ] GC(2)   Merge Heap Roots: 0.1ms
[2025-04-02T16:35:45.310-0400][1.542s][info ][gc,phases   ] GC(2)   Evacuate Collection Set: 2.5ms
[2025-04-02T16:35:45.310-0400][1.542s][info ][gc,phases   ] GC(2)   Post Evacuate Collection Set: 0.5ms
[2025-04-02T16:35:45.310-0400][1.542s][info ][gc,phases   ] GC(2)   Other: 0.1ms
[2025-04-02T16:35:45.310-0400][1.542s][info ][gc,heap     ] GC(2) Eden regions: 305->0(300)
[2025-04-02T16:35:45.310-0400][1.542s][info ][gc,heap     ] GC(2) Survivor regions: 2->7(39)
[2025-04-02T16:35:45.310-0400][1.542s][info ][gc,heap     ] GC(2) Old regions: 10->10
[2025-04-02T16:35:45.310-0400][1.542s][info ][gc,heap     ] GC(2) Archive regions: 0->0
[2025-04-02T16:35:45.310-0400][1.542s][info ][gc,heap     ] GC(2) Humongous regions: 0->0
[2025-04-02T16:35:45.310-0400][1.542s][info ][gc,metaspace] GC(2) Metaspace: 15237K(15616K)->15237K(15616K) NonClass: 13259K(13440K)->13259K(13440K) Class: 1978K(2176K)->1978K(2176K)
[2025-04-02T16:35:45.310-0400][1.542s][info ][gc          ] GC(2) Pause Young (Normal) (G1 Evacuation Pause) 316M->16M(512M) 3.363ms
[2025-04-02T16:35:45.310-0400][1.542s][info ][gc,cpu      ] GC(2) User=0.00s Sys=0.00s Real=0.00s
[2025-04-02T16:35:45.310-0400][1.542s][info ][safepoint   ] Safepoint "G1CollectForAllocation", Time since last: 38638200 ns, Reaching safepoint: 56000 ns, Cleanup: 11700 ns, At safepoint: 3397700 ns, Total: 3465400 ns
[2025-04-02T16:35:45.550-0400][1.783s][debug][safepoint   ] Safepoint synchronization initiated using striped semaphore wait barrier. (25 threads)
[2025-04-02T16:35:45.550-0400][1.783s][info ][safepoint   ] Safepoint "ICBufferFull", Time since last: 240765500 ns, Reaching safepoint: 59300 ns, Cleanup: 57300 ns, At safepoint: 2700 ns, Total: 119300 ns
[2025-04-02T16:35:45.748-0400][1.980s][debug][safepoint   ] Safepoint synchronization initiated using striped semaphore wait barrier. (25 threads)
[2025-04-02T16:35:45.748-0400][1.980s][debug][safepoint   ] ... found polling page loop exception at pc = 0x0000020b691c6da4, stub =0x0000020b6fee7700
[2025-04-02T16:35:45.748-0400][1.981s][info ][gc,start    ] GC(3) Pause Young (Concurrent Start) (Metadata GC Threshold)
[2025-04-02T16:35:45.748-0400][1.981s][info ][gc,task     ] GC(3) Using 12 workers of 23 for evacuation
[2025-04-02T16:35:45.752-0400][1.984s][info ][gc,phases   ] GC(3)   Pre Evacuate Collection Set: 0.1ms
[2025-04-02T16:35:45.752-0400][1.984s][info ][gc,phases   ] GC(3)   Merge Heap Roots: 0.0ms
[2025-04-02T16:35:45.752-0400][1.984s][info ][gc,phases   ] GC(3)   Evacuate Collection Set: 2.8ms
[2025-04-02T16:35:45.752-0400][1.984s][info ][gc,phases   ] GC(3)   Post Evacuate Collection Set: 0.4ms
[2025-04-02T16:35:45.752-0400][1.984s][info ][gc,phases   ] GC(3)   Other: 0.2ms
[2025-04-02T16:35:45.752-0400][1.984s][info ][gc,heap     ] GC(3) Eden regions: 235->0(291)
[2025-04-02T16:35:45.752-0400][1.984s][info ][gc,heap     ] GC(3) Survivor regions: 7->16(39)
[2025-04-02T16:35:45.752-0400][1.984s][info ][gc,heap     ] GC(3) Old regions: 10->10
[2025-04-02T16:35:45.752-0400][1.984s][info ][gc,heap     ] GC(3) Archive regions: 0->0
[2025-04-02T16:35:45.752-0400][1.984s][info ][gc,heap     ] GC(3) Humongous regions: 0->0
[2025-04-02T16:35:45.752-0400][1.984s][info ][gc,metaspace] GC(3) Metaspace: 21191K(21504K)->21191K(21504K) NonClass: 18491K(18624K)->18491K(18624K) Class: 2699K(2880K)->2699K(2880K)
[2025-04-02T16:35:45.752-0400][1.984s][info ][gc          ] GC(3) Pause Young (Concurrent Start) (Metadata GC Threshold) 251M->25M(512M) 3.579ms
[2025-04-02T16:35:45.752-0400][1.984s][info ][gc,cpu      ] GC(3) User=0.08s Sys=0.00s Real=0.00s
[2025-04-02T16:35:45.752-0400][1.984s][info ][gc          ] GC(4) Concurrent Mark Cycle
[2025-04-02T16:35:45.752-0400][1.984s][info ][safepoint   ] Safepoint "CollectForMetadataAllocation", Time since last: 197712100 ns, Reaching safepoint: 101900 ns, Cleanup: 66000 ns, At safepoint: 3630500 ns, Total: 3798400 ns
[2025-04-02T16:35:45.752-0400][1.984s][info ][gc,marking  ] GC(4) Concurrent Clear Claimed Marks
[2025-04-02T16:35:45.752-0400][1.984s][info ][gc,marking  ] GC(4) Concurrent Clear Claimed Marks 0.038ms
[2025-04-02T16:35:45.752-0400][1.984s][info ][gc,marking  ] GC(4) Concurrent Scan Root Regions
[2025-04-02T16:35:45.752-0400][1.984s][debug][safepoint   ] Safepoint synchronization initiated using striped semaphore wait barrier. (25 threads)
[2025-04-02T16:35:45.752-0400][1.984s][info ][safepoint   ] Safepoint "CollectForMetadataAllocation", Time since last: 92000 ns, Reaching safepoint: 43600 ns, Cleanup: 1500 ns, At safepoint: 11700 ns, Total: 56800 ns
[2025-04-02T16:35:45.754-0400][1.986s][info ][gc,marking  ] GC(4) Concurrent Scan Root Regions 1.663ms
[2025-04-02T16:35:45.754-0400][1.986s][info ][gc,marking  ] GC(4) Concurrent Mark
[2025-04-02T16:35:45.754-0400][1.986s][info ][gc,marking  ] GC(4) Concurrent Mark From Roots
[2025-04-02T16:35:45.754-0400][1.986s][info ][gc,task     ] GC(4) Using 6 workers of 6 for marking
[2025-04-02T16:35:45.755-0400][1.987s][info ][gc,marking  ] GC(4) Concurrent Mark From Roots 1.404ms
[2025-04-02T16:35:45.755-0400][1.987s][info ][gc,marking  ] GC(4) Concurrent Preclean
[2025-04-02T16:35:45.755-0400][1.987s][info ][gc,marking  ] GC(4) Concurrent Preclean 0.083ms
[2025-04-02T16:35:45.755-0400][1.987s][debug][safepoint   ] Safepoint synchronization initiated using striped semaphore wait barrier. (25 threads)
[2025-04-02T16:35:45.760-0400][1.992s][info ][gc,start    ] GC(4) Pause Remark
[2025-04-02T16:35:45.761-0400][1.993s][info ][gc          ] GC(4) Pause Remark 26M->26M(512M) 1.550ms
[2025-04-02T16:35:45.761-0400][1.993s][info ][gc,cpu      ] GC(4) User=0.00s Sys=0.00s Real=0.00s
[2025-04-02T16:35:45.761-0400][1.993s][info ][safepoint   ] Safepoint "G1PauseRemark", Time since last: 3129300 ns, Reaching safepoint: 4277500 ns, Cleanup: 2700 ns, At safepoint: 1602000 ns, Total: 5882200 ns
[2025-04-02T16:35:45.761-0400][1.993s][info ][gc,marking  ] GC(4) Concurrent Mark 7.423ms
[2025-04-02T16:35:45.761-0400][1.993s][info ][gc,marking  ] GC(4) Concurrent Rebuild Remembered Sets
[2025-04-02T16:35:45.762-0400][1.994s][info ][gc,marking  ] GC(4) Concurrent Rebuild Remembered Sets 0.572ms
[2025-04-02T16:35:45.762-0400][1.994s][debug][safepoint   ] Safepoint synchronization initiated using striped semaphore wait barrier. (25 threads)
[2025-04-02T16:35:45.762-0400][1.994s][info ][gc,start    ] GC(4) Pause Cleanup
[2025-04-02T16:35:45.762-0400][1.994s][info ][gc          ] GC(4) Pause Cleanup 26M->26M(512M) 0.123ms
[2025-04-02T16:35:45.762-0400][1.994s][info ][gc,cpu      ] GC(4) User=0.00s Sys=0.00s Real=0.00s
[2025-04-02T16:35:45.762-0400][1.994s][info ][safepoint   ] Safepoint "G1PauseCleanup", Time since last: 634700 ns, Reaching safepoint: 39800 ns, Cleanup: 1600 ns, At safepoint: 165600 ns, Total: 207000 ns
[2025-04-02T16:35:45.762-0400][1.994s][info ][gc,marking  ] GC(4) Concurrent Cleanup for Next Mark
[2025-04-02T16:35:45.762-0400][1.995s][info ][gc,marking  ] GC(4) Concurrent Cleanup for Next Mark 0.431ms
[2025-04-02T16:35:45.762-0400][1.995s][info ][gc          ] GC(4) Concurrent Mark Cycle 10.476ms
[2025-04-02T16:35:46.262-0400][2.494s][debug][safepoint   ] Safepoint synchronization initiated using striped semaphore wait barrier. (27 threads)
[2025-04-02T16:35:46.262-0400][2.495s][info ][safepoint   ] Safepoint "ICBufferFull", Time since last: 500190200 ns, Reaching safepoint: 38700 ns, Cleanup: 74500 ns, At safepoint: 6700 ns, Total: 119900 ns
[2025-04-02T16:35:46.270-0400][2.503s][debug][safepoint   ] Safepoint synchronization initiated using striped semaphore wait barrier. (28 threads)
[2025-04-02T16:35:46.285-0400][2.517s][info ][gc,start    ] GC(5) Pause Young (Normal) (G1 Evacuation Pause)
[2025-04-02T16:35:46.285-0400][2.517s][info ][gc,task     ] GC(5) Using 12 workers of 23 for evacuation
[2025-04-02T16:35:46.292-0400][2.524s][info ][gc,phases   ] GC(5)   Pre Evacuate Collection Set: 0.1ms
[2025-04-02T16:35:46.292-0400][2.524s][info ][gc,phases   ] GC(5)   Merge Heap Roots: 0.1ms
[2025-04-02T16:35:46.292-0400][2.524s][info ][gc,phases   ] GC(5)   Evacuate Collection Set: 5.9ms
[2025-04-02T16:35:46.292-0400][2.524s][info ][gc,phases   ] GC(5)   Post Evacuate Collection Set: 1.0ms
[2025-04-02T16:35:46.292-0400][2.524s][info ][gc,phases   ] GC(5)   Other: 0.1ms
[2025-04-02T16:35:46.292-0400][2.524s][info ][gc,heap     ] GC(5) Eden regions: 291->0(268)
[2025-04-02T16:35:46.292-0400][2.524s][info ][gc,heap     ] GC(5) Survivor regions: 16->39(39)
[2025-04-02T16:35:46.292-0400][2.524s][info ][gc,heap     ] GC(5) Old regions: 10->10
[2025-04-02T16:35:46.292-0400][2.524s][info ][gc,heap     ] GC(5) Archive regions: 0->0
[2025-04-02T16:35:46.292-0400][2.524s][info ][gc,heap     ] GC(5) Humongous regions: 0->0
[2025-04-02T16:35:46.292-0400][2.524s][info ][gc,metaspace] GC(5) Metaspace: 24718K(25088K)->24718K(25088K) NonClass: 21535K(21760K)->21535K(21760K) Class: 3183K(3328K)->3183K(3328K)
[2025-04-02T16:35:46.292-0400][2.524s][info ][gc          ] GC(5) Pause Young (Normal) (G1 Evacuation Pause) 316M->47M(512M) 7.223ms
[2025-04-02T16:35:46.292-0400][2.524s][info ][gc,cpu      ] GC(5) User=0.00s Sys=0.00s Real=0.01s
[2025-04-02T16:35:46.292-0400][2.524s][info ][safepoint   ] Safepoint "G1CollectForAllocation", Time since last: 8335100 ns, Reaching safepoint: 14157300 ns, Cleanup: 26700 ns, At safepoint: 7294100 ns, Total: 21478100 ns
[2025-04-02T16:35:46.484-0400][2.716s][debug][safepoint   ] Safepoint synchronization initiated using striped semaphore wait barrier. (27 threads)
[2025-04-02T16:35:46.484-0400][2.716s][info ][safepoint   ] Safepoint "ICBufferFull", Time since last: 192088500 ns, Reaching safepoint: 30900 ns, Cleanup: 58200 ns, At safepoint: 3800 ns, Total: 92900 ns
[2025-04-02T16:35:46.928-0400][3.161s][debug][safepoint   ] Safepoint synchronization initiated using striped semaphore wait barrier. (27 threads)
[2025-04-02T16:35:46.928-0400][3.161s][info ][gc,start    ] GC(6) Pause Young (Normal) (G1 Evacuation Pause)
[2025-04-02T16:35:46.928-0400][3.161s][info ][gc,task     ] GC(6) Using 12 workers of 23 for evacuation
[2025-04-02T16:35:46.939-0400][3.172s][info ][gc,phases   ] GC(6)   Pre Evacuate Collection Set: 0.2ms
[2025-04-02T16:35:46.939-0400][3.172s][info ][gc,phases   ] GC(6)   Merge Heap Roots: 0.1ms
[2025-04-02T16:35:46.939-0400][3.172s][info ][gc,phases   ] GC(6)   Evacuate Collection Set: 9.5ms
[2025-04-02T16:35:46.939-0400][3.172s][info ][gc,phases   ] GC(6)   Post Evacuate Collection Set: 1.1ms
[2025-04-02T16:35:46.939-0400][3.172s][info ][gc,phases   ] GC(6)   Other: 0.1ms
[2025-04-02T16:35:46.939-0400][3.172s][info ][gc,heap     ] GC(6) Eden regions: 268->0(296)
[2025-04-02T16:35:46.939-0400][3.172s][info ][gc,heap     ] GC(6) Survivor regions: 39->11(39)
[2025-04-02T16:35:46.939-0400][3.172s][info ][gc,heap     ] GC(6) Old regions: 10->48
[2025-04-02T16:35:46.939-0400][3.172s][info ][gc,heap     ] GC(6) Archive regions: 0->0
[2025-04-02T16:35:46.939-0400][3.172s][info ][gc,heap     ] GC(6) Humongous regions: 0->0
[2025-04-02T16:35:46.939-0400][3.172s][info ][gc,metaspace] GC(6) Metaspace: 26838K(27136K)->26838K(27136K) NonClass: 23471K(23616K)->23471K(23616K) Class: 3366K(3520K)->3366K(3520K)
[2025-04-02T16:35:46.939-0400][3.172s][info ][gc          ] GC(6) Pause Young (Normal) (G1 Evacuation Pause) 315M->57M(512M) 11.141ms
[2025-04-02T16:35:46.939-0400][3.172s][info ][gc,cpu      ] GC(6) User=0.20s Sys=0.08s Real=0.01s
[2025-04-02T16:35:46.939-0400][3.172s][info ][safepoint   ] Safepoint "G1CollectForAllocation", Time since last: 444316600 ns, Reaching safepoint: 39100 ns, Cleanup: 52400 ns, At safepoint: 11189400 ns, Total: 11280900 ns
[2025-04-02T16:35:47.464-0400][3.697s][debug][safepoint   ] Safepoint synchronization initiated using striped semaphore wait barrier. (27 threads)
[2025-04-02T16:35:47.465-0400][3.697s][info ][safepoint   ] Safepoint "ICBufferFull", Time since last: 524594600 ns, Reaching safepoint: 34800 ns, Cleanup: 73900 ns, At safepoint: 3400 ns, Total: 112100 ns
[2025-04-02T16:35:47.549-0400][3.781s][debug][safepoint   ] Safepoint synchronization initiated using striped semaphore wait barrier. (27 threads)
[2025-04-02T16:35:47.549-0400][3.781s][info ][gc,start    ] GC(7) Pause Young (Normal) (G1 Evacuation Pause)
[2025-04-02T16:35:47.549-0400][3.781s][info ][gc,task     ] GC(7) Using 12 workers of 23 for evacuation
[2025-04-02T16:35:47.551-0400][3.784s][info ][gc,phases   ] GC(7)   Pre Evacuate Collection Set: 0.1ms
[2025-04-02T16:35:47.551-0400][3.784s][info ][gc,phases   ] GC(7)   Merge Heap Roots: 0.1ms
[2025-04-02T16:35:47.551-0400][3.784s][info ][gc,phases   ] GC(7)   Evacuate Collection Set: 1.4ms
[2025-04-02T16:35:47.551-0400][3.784s][info ][gc,phases   ] GC(7)   Post Evacuate Collection Set: 0.6ms
[2025-04-02T16:35:47.551-0400][3.784s][info ][gc,phases   ] GC(7)   Other: 0.1ms
[2025-04-02T16:35:47.551-0400][3.784s][info ][gc,heap     ] GC(7) Eden regions: 296->0(295)
[2025-04-02T16:35:47.551-0400][3.784s][info ][gc,heap     ] GC(7) Survivor regions: 11->12(39)
[2025-04-02T16:35:47.551-0400][3.784s][info ][gc,heap     ] GC(7) Old regions: 48->48
[2025-04-02T16:35:47.551-0400][3.784s][info ][gc,heap     ] GC(7) Archive regions: 0->0
[2025-04-02T16:35:47.551-0400][3.784s][info ][gc,heap     ] GC(7) Humongous regions: 0->0
[2025-04-02T16:35:47.551-0400][3.784s][info ][gc,metaspace] GC(7) Metaspace: 34191K(34624K)->34191K(34624K) NonClass: 29993K(30208K)->29993K(30208K) Class: 4197K(4416K)->4197K(4416K)
[2025-04-02T16:35:47.551-0400][3.784s][info ][gc          ] GC(7) Pause Young (Normal) (G1 Evacuation Pause) 353M->58M(512M) 2.410ms
[2025-04-02T16:35:47.551-0400][3.784s][info ][gc,cpu      ] GC(7) User=0.00s Sys=0.00s Real=0.00s
[2025-04-02T16:35:47.551-0400][3.784s][info ][safepoint   ] Safepoint "G1CollectForAllocation", Time since last: 84514200 ns, Reaching safepoint: 31700 ns, Cleanup: 35200 ns, At safepoint: 2452900 ns, Total: 2519800 ns
[2025-04-02T16:35:47.816-0400][4.049s][debug][safepoint   ] Safepoint synchronization initiated using striped semaphore wait barrier. (27 threads)
[2025-04-02T16:35:47.816-0400][4.049s][info ][safepoint   ] Safepoint "ICBufferFull", Time since last: 264870000 ns, Reaching safepoint: 36900 ns, Cleanup: 65200 ns, At safepoint: 2500 ns, Total: 104600 ns
[2025-04-02T16:35:47.887-0400][4.120s][debug][safepoint   ] Safepoint synchronization initiated using striped semaphore wait barrier. (27 threads)
[2025-04-02T16:35:47.887-0400][4.120s][info ][gc,start    ] GC(8) Pause Young (Concurrent Start) (Metadata GC Threshold)
[2025-04-02T16:35:47.887-0400][4.120s][info ][gc,task     ] GC(8) Using 12 workers of 23 for evacuation
[2025-04-02T16:35:47.890-0400][4.122s][info ][gc,phases   ] GC(8)   Pre Evacuate Collection Set: 0.1ms
[2025-04-02T16:35:47.890-0400][4.122s][info ][gc,phases   ] GC(8)   Merge Heap Roots: 0.0ms
[2025-04-02T16:35:47.890-0400][4.122s][info ][gc,phases   ] GC(8)   Evacuate Collection Set: 1.8ms
[2025-04-02T16:35:47.890-0400][4.122s][info ][gc,phases   ] GC(8)   Post Evacuate Collection Set: 0.5ms
[2025-04-02T16:35:47.890-0400][4.122s][info ][gc,phases   ] GC(8)   Other: 0.1ms
[2025-04-02T16:35:47.890-0400][4.122s][info ][gc,heap     ] GC(8) Eden regions: 145->0(294)
[2025-04-02T16:35:47.890-0400][4.122s][info ][gc,heap     ] GC(8) Survivor regions: 12->13(39)
[2025-04-02T16:35:47.890-0400][4.122s][info ][gc,heap     ] GC(8) Old regions: 48->48
[2025-04-02T16:35:47.890-0400][4.122s][info ][gc,heap     ] GC(8) Archive regions: 0->0
[2025-04-02T16:35:47.890-0400][4.122s][info ][gc,heap     ] GC(8) Humongous regions: 0->0
[2025-04-02T16:35:47.890-0400][4.122s][info ][gc,metaspace] GC(8) Metaspace: 35596K(35968K)->35596K(35968K) NonClass: 31218K(31424K)->31218K(31424K) Class: 4378K(4544K)->4378K(4544K)
[2025-04-02T16:35:47.890-0400][4.122s][info ][gc          ] GC(8) Pause Young (Concurrent Start) (Metadata GC Threshold) 202M->60M(512M) 2.614ms
[2025-04-02T16:35:47.890-0400][4.122s][info ][gc,cpu      ] GC(8) User=0.00s Sys=0.00s Real=0.00s
[2025-04-02T16:35:47.890-0400][4.122s][info ][safepoint   ] Safepoint "CollectForMetadataAllocation", Time since last: 70957000 ns, Reaching safepoint: 38000 ns, Cleanup: 24000 ns, At safepoint: 2656800 ns, Total: 2718800 ns
[2025-04-02T16:35:47.890-0400][4.123s][info ][gc          ] GC(9) Concurrent Mark Cycle
[2025-04-02T16:35:47.890-0400][4.123s][info ][gc,marking  ] GC(9) Concurrent Clear Claimed Marks
[2025-04-02T16:35:47.890-0400][4.123s][info ][gc,marking  ] GC(9) Concurrent Clear Claimed Marks 0.017ms
[2025-04-02T16:35:47.890-0400][4.123s][info ][gc,marking  ] GC(9) Concurrent Scan Root Regions
[2025-04-02T16:35:47.891-0400][4.123s][info ][gc,marking  ] GC(9) Concurrent Scan Root Regions 0.723ms
[2025-04-02T16:35:47.891-0400][4.123s][info ][gc,marking  ] GC(9) Concurrent Mark
[2025-04-02T16:35:47.891-0400][4.123s][info ][gc,marking  ] GC(9) Concurrent Mark From Roots
[2025-04-02T16:35:47.891-0400][4.123s][info ][gc,task     ] GC(9) Using 6 workers of 6 for marking
[2025-04-02T16:35:47.897-0400][4.129s][info ][gc,marking  ] GC(9) Concurrent Mark From Roots 5.664ms
[2025-04-02T16:35:47.897-0400][4.129s][info ][gc,marking  ] GC(9) Concurrent Preclean
[2025-04-02T16:35:47.897-0400][4.129s][info ][gc,marking  ] GC(9) Concurrent Preclean 0.139ms
[2025-04-02T16:35:47.897-0400][4.129s][debug][safepoint   ] Safepoint synchronization initiated using striped semaphore wait barrier. (27 threads)
[2025-04-02T16:35:47.897-0400][4.129s][info ][gc,start    ] GC(9) Pause Remark
[2025-04-02T16:35:47.899-0400][4.132s][info ][gc          ] GC(9) Pause Remark 63M->63M(512M) 2.793ms
[2025-04-02T16:35:47.899-0400][4.132s][info ][gc,cpu      ] GC(9) User=0.00s Sys=0.00s Real=0.00s
[2025-04-02T16:35:47.899-0400][4.132s][info ][safepoint   ] Safepoint "G1PauseRemark", Time since last: 6696800 ns, Reaching safepoint: 34300 ns, Cleanup: 10000 ns, At safepoint: 2841100 ns, Total: 2885400 ns
[2025-04-02T16:35:47.899-0400][4.132s][info ][gc,marking  ] GC(9) Concurrent Mark 8.759ms
[2025-04-02T16:35:47.899-0400][4.132s][info ][gc,marking  ] GC(9) Concurrent Rebuild Remembered Sets
[2025-04-02T16:35:47.903-0400][4.136s][info ][gc,marking  ] GC(9) Concurrent Rebuild Remembered Sets 3.491ms
[2025-04-02T16:35:47.903-0400][4.136s][debug][safepoint   ] Safepoint synchronization initiated using striped semaphore wait barrier. (27 threads)
[2025-04-02T16:35:47.903-0400][4.136s][info ][gc,start    ] GC(9) Pause Cleanup
[2025-04-02T16:35:47.903-0400][4.136s][info ][gc          ] GC(9) Pause Cleanup 64M->64M(512M) 0.117ms
[2025-04-02T16:35:47.903-0400][4.136s][info ][gc,cpu      ] GC(9) User=0.00s Sys=0.00s Real=0.00s
[2025-04-02T16:35:47.903-0400][4.136s][info ][safepoint   ] Safepoint "G1PauseCleanup", Time since last: 3570500 ns, Reaching safepoint: 40000 ns, Cleanup: 1700 ns, At safepoint: 151800 ns, Total: 193500 ns
[2025-04-02T16:35:47.903-0400][4.136s][info ][gc,marking  ] GC(9) Concurrent Cleanup for Next Mark
[2025-04-02T16:35:47.904-0400][4.136s][info ][gc,marking  ] GC(9) Concurrent Cleanup for Next Mark 0.566ms
[2025-04-02T16:35:47.904-0400][4.136s][info ][gc          ] GC(9) Concurrent Mark Cycle 13.934ms
[2025-04-02T16:35:48.248-0400][4.481s][debug][safepoint   ] Safepoint synchronization initiated using striped semaphore wait barrier. (27 threads)
[2025-04-02T16:35:48.248-0400][4.481s][info ][safepoint   ] Safepoint "ICBufferFull", Time since last: 344900900 ns, Reaching safepoint: 44300 ns, Cleanup: 89400 ns, At safepoint: 9900 ns, Total: 143600 ns
[2025-04-02T16:35:48.723-0400][4.956s][debug][safepoint   ] Safepoint synchronization initiated using striped semaphore wait barrier. (27 threads)
[2025-04-02T16:35:48.724-0400][4.956s][info ][gc,start    ] GC(10) Pause Young (Prepare Mixed) (G1 Evacuation Pause)
[2025-04-02T16:35:48.724-0400][4.956s][info ][gc,task     ] GC(10) Using 12 workers of 23 for evacuation
[2025-04-02T16:35:48.726-0400][4.959s][info ][gc,phases   ] GC(10)   Pre Evacuate Collection Set: 0.1ms
[2025-04-02T16:35:48.726-0400][4.959s][info ][gc,phases   ] GC(10)   Merge Heap Roots: 0.2ms
[2025-04-02T16:35:48.726-0400][4.959s][info ][gc,phases   ] GC(10)   Evacuate Collection Set: 1.9ms
[2025-04-02T16:35:48.726-0400][4.959s][info ][gc,phases   ] GC(10)   Post Evacuate Collection Set: 0.6ms
[2025-04-02T16:35:48.726-0400][4.959s][info ][gc,phases   ] GC(10)   Other: 0.1ms
[2025-04-02T16:35:48.726-0400][4.959s][info ][gc,heap     ] GC(10) Eden regions: 294->0(11)
[2025-04-02T16:35:48.726-0400][4.959s][info ][gc,heap     ] GC(10) Survivor regions: 13->14(39)
[2025-04-02T16:35:48.726-0400][4.959s][info ][gc,heap     ] GC(10) Old regions: 48->48
[2025-04-02T16:35:48.726-0400][4.959s][info ][gc,heap     ] GC(10) Archive regions: 0->0
[2025-04-02T16:35:48.726-0400][4.959s][info ][gc,heap     ] GC(10) Humongous regions: 0->0
[2025-04-02T16:35:48.726-0400][4.959s][info ][gc,metaspace] GC(10) Metaspace: 41059K(41472K)->41059K(41472K) NonClass: 35904K(36096K)->35904K(36096K) Class: 5155K(5376K)->5155K(5376K)
[2025-04-02T16:35:48.726-0400][4.959s][info ][gc          ] GC(10) Pause Young (Prepare Mixed) (G1 Evacuation Pause) 354M->60M(512M) 2.882ms
[2025-04-02T16:35:48.726-0400][4.959s][info ][gc,cpu      ] GC(10) User=0.00s Sys=0.00s Real=0.00s
[2025-04-02T16:35:48.726-0400][4.959s][info ][safepoint   ] Safepoint "G1CollectForAllocation", Time since last: 475377200 ns, Reaching safepoint: 32800 ns, Cleanup: 48300 ns, At safepoint: 2918300 ns, Total: 2999400 ns
[2025-04-02T16:35:48.780-0400][5.013s][debug][safepoint   ] Safepoint synchronization initiated using striped semaphore wait barrier. (27 threads)
[2025-04-02T16:35:48.780-0400][5.013s][info ][gc,start    ] GC(11) Pause Young (Mixed) (G1 Evacuation Pause)
[2025-04-02T16:35:48.780-0400][5.013s][info ][gc,task     ] GC(11) Using 12 workers of 23 for evacuation
[2025-04-02T16:35:48.784-0400][5.017s][info ][gc,phases   ] GC(11)   Pre Evacuate Collection Set: 0.1ms
[2025-04-02T16:35:48.784-0400][5.017s][info ][gc,phases   ] GC(11)   Merge Heap Roots: 0.1ms
[2025-04-02T16:35:48.784-0400][5.017s][info ][gc,phases   ] GC(11)   Evacuate Collection Set: 2.8ms
[2025-04-02T16:35:48.784-0400][5.017s][info ][gc,phases   ] GC(11)   Post Evacuate Collection Set: 0.5ms
[2025-04-02T16:35:48.784-0400][5.017s][info ][gc,phases   ] GC(11)   Other: 0.1ms
[2025-04-02T16:35:48.784-0400][5.017s][info ][gc,heap     ] GC(11) Eden regions: 11->0(305)
[2025-04-02T16:35:48.784-0400][5.017s][info ][gc,heap     ] GC(11) Survivor regions: 14->2(4)
[2025-04-02T16:35:48.784-0400][5.017s][info ][gc,heap     ] GC(11) Old regions: 48->59
[2025-04-02T16:35:48.784-0400][5.017s][info ][gc,heap     ] GC(11) Archive regions: 0->0
[2025-04-02T16:35:48.784-0400][5.017s][info ][gc,heap     ] GC(11) Humongous regions: 0->0
[2025-04-02T16:35:48.784-0400][5.017s][info ][gc,metaspace] GC(11) Metaspace: 41259K(41664K)->41259K(41664K) NonClass: 36076K(36288K)->36076K(36288K) Class: 5183K(5376K)->5183K(5376K)
[2025-04-02T16:35:48.784-0400][5.017s][info ][gc          ] GC(11) Pause Young (Mixed) (G1 Evacuation Pause) 71M->60M(512M) 3.589ms
[2025-04-02T16:35:48.784-0400][5.017s][info ][gc,cpu      ] GC(11) User=0.16s Sys=0.06s Real=0.00s
[2025-04-02T16:35:48.784-0400][5.017s][info ][safepoint   ] Safepoint "G1CollectForAllocation", Time since last: 53726300 ns, Reaching safepoint: 32500 ns, Cleanup: 18300 ns, At safepoint: 3632100 ns, Total: 3682900 ns
[2025-04-02T16:35:49.246-0400][5.479s][debug][safepoint   ] Safepoint synchronization initiated using striped semaphore wait barrier. (25 threads)
[2025-04-02T16:35:49.246-0400][5.479s][info ][safepoint   ] Safepoint "ICBufferFull", Time since last: 461914400 ns, Reaching safepoint: 29400 ns, Cleanup: 75900 ns, At safepoint: 1000 ns, Total: 106300 ns
[2025-04-02T16:35:49.903-0400][6.136s][debug][safepoint   ] Safepoint synchronization initiated using striped semaphore wait barrier. (25 threads)
[2025-04-02T16:35:49.903-0400][6.136s][info ][safepoint   ] Safepoint "ICBufferFull", Time since last: 657075600 ns, Reaching safepoint: 60000 ns, Cleanup: 68700 ns, At safepoint: 2400 ns, Total: 131100 ns
[2025-04-02T16:35:50.028-0400][6.261s][debug][safepoint   ] Safepoint synchronization initiated using striped semaphore wait barrier. (25 threads)
[2025-04-02T16:35:50.028-0400][6.261s][info ][gc,start    ] GC(12) Pause Young (Normal) (G1 Evacuation Pause)
[2025-04-02T16:35:50.028-0400][6.261s][info ][gc,task     ] GC(12) Using 12 workers of 23 for evacuation
[2025-04-02T16:35:50.031-0400][6.264s][info ][gc,phases   ] GC(12)   Pre Evacuate Collection Set: 0.1ms
[2025-04-02T16:35:50.031-0400][6.264s][info ][gc,phases   ] GC(12)   Merge Heap Roots: 0.1ms
[2025-04-02T16:35:50.031-0400][6.264s][info ][gc,phases   ] GC(12)   Evacuate Collection Set: 2.3ms
[2025-04-02T16:35:50.032-0400][6.264s][info ][gc,phases   ] GC(12)   Post Evacuate Collection Set: 0.5ms
[2025-04-02T16:35:50.032-0400][6.264s][info ][gc,phases   ] GC(12)   Other: 0.1ms
[2025-04-02T16:35:50.032-0400][6.264s][info ][gc,heap     ] GC(12) Eden regions: 305->0(301)
[2025-04-02T16:35:50.032-0400][6.264s][info ][gc,heap     ] GC(12) Survivor regions: 2->6(39)
[2025-04-02T16:35:50.032-0400][6.264s][info ][gc,heap     ] GC(12) Old regions: 59->59
[2025-04-02T16:35:50.032-0400][6.264s][info ][gc,heap     ] GC(12) Archive regions: 0->0
[2025-04-02T16:35:50.032-0400][6.264s][info ][gc,heap     ] GC(12) Humongous regions: 0->0
[2025-04-02T16:35:50.032-0400][6.264s][info ][gc,metaspace] GC(12) Metaspace: 48996K(49408K)->48996K(49408K) NonClass: 42771K(42944K)->42771K(42944K) Class: 6224K(6464K)->6224K(6464K)
[2025-04-02T16:35:50.032-0400][6.264s][info ][gc          ] GC(12) Pause Young (Normal) (G1 Evacuation Pause) 365M->64M(512M) 3.076ms
[2025-04-02T16:35:50.032-0400][6.264s][info ][gc,cpu      ] GC(12) User=0.00s Sys=0.00s Real=0.00s
[2025-04-02T16:35:50.032-0400][6.264s][info ][safepoint   ] Safepoint "G1CollectForAllocation", Time since last: 125304500 ns, Reaching safepoint: 30100 ns, Cleanup: 61700 ns, At safepoint: 3117800 ns, Total: 3209600 ns
[2025-04-02T16:35:50.711-0400][6.944s][debug][safepoint   ] Safepoint synchronization initiated using striped semaphore wait barrier. (26 threads)
[2025-04-02T16:35:50.711-0400][6.944s][info ][safepoint   ] Safepoint "ICBufferFull", Time since last: 679631800 ns, Reaching safepoint: 33000 ns, Cleanup: 73200 ns, At safepoint: 900 ns, Total: 107100 ns
[2025-04-02T16:35:51.727-0400][7.959s][debug][safepoint   ] Safepoint synchronization initiated using striped semaphore wait barrier. (23 threads)
[2025-04-02T16:35:51.727-0400][7.959s][info ][safepoint   ] Safepoint "Cleanup", Time since last: 1014662300 ns, Reaching safepoint: 35400 ns, Cleanup: 40800 ns, At safepoint: 1000 ns, Total: 77200 ns
[2025-04-02T16:35:52.437-0400][8.670s][debug][safepoint   ] Safepoint synchronization initiated using striped semaphore wait barrier. (25 threads)
[2025-04-02T16:35:52.438-0400][8.670s][info ][safepoint   ] Safepoint "ICBufferFull", Time since last: 711270200 ns, Reaching safepoint: 39400 ns, Cleanup: 88100 ns, At safepoint: 3100 ns, Total: 130600 ns
[2025-04-02T16:35:53.156-0400][9.389s][debug][safepoint   ] Safepoint synchronization initiated using striped semaphore wait barrier. (27 threads)
[2025-04-02T16:35:53.156-0400][9.389s][info ][gc,start    ] GC(13) Pause Young (Normal) (G1 Evacuation Pause)
[2025-04-02T16:35:53.156-0400][9.389s][info ][gc,task     ] GC(13) Using 12 workers of 23 for evacuation
[2025-04-02T16:35:53.160-0400][9.393s][info ][gc,phases   ] GC(13)   Pre Evacuate Collection Set: 0.1ms
[2025-04-02T16:35:53.160-0400][9.393s][info ][gc,phases   ] GC(13)   Merge Heap Roots: 0.1ms
[2025-04-02T16:35:53.160-0400][9.393s][info ][gc,phases   ] GC(13)   Evacuate Collection Set: 3.2ms
[2025-04-02T16:35:53.160-0400][9.393s][info ][gc,phases   ] GC(13)   Post Evacuate Collection Set: 0.5ms
[2025-04-02T16:35:53.160-0400][9.393s][info ][gc,phases   ] GC(13)   Other: 0.1ms
[2025-04-02T16:35:53.160-0400][9.393s][info ][gc,heap     ] GC(13) Eden regions: 301->0(297)
[2025-04-02T16:35:53.160-0400][9.393s][info ][gc,heap     ] GC(13) Survivor regions: 6->10(39)
[2025-04-02T16:35:53.160-0400][9.393s][info ][gc,heap     ] GC(13) Old regions: 59->59
[2025-04-02T16:35:53.160-0400][9.393s][info ][gc,heap     ] GC(13) Archive regions: 0->0
[2025-04-02T16:35:53.160-0400][9.393s][info ][gc,heap     ] GC(13) Humongous regions: 0->0
[2025-04-02T16:35:53.160-0400][9.393s][info ][gc,metaspace] GC(13) Metaspace: 59329K(59840K)->59329K(59840K) NonClass: 51815K(52096K)->51815K(52096K) Class: 7514K(7744K)->7514K(7744K)
[2025-04-02T16:35:53.160-0400][9.393s][info ][gc          ] GC(13) Pause Young (Normal) (G1 Evacuation Pause) 365M->68M(512M) 3.919ms
[2025-04-02T16:35:53.160-0400][9.393s][info ][gc,cpu      ] GC(13) User=0.05s Sys=0.06s Real=0.00s
[2025-04-02T16:35:53.160-0400][9.393s][info ][safepoint   ] Safepoint "G1CollectForAllocation", Time since last: 718606800 ns, Reaching safepoint: 39400 ns, Cleanup: 48200 ns, At safepoint: 3959800 ns, Total: 4047400 ns
[2025-04-02T16:35:53.204-0400][9.437s][debug][safepoint   ] Safepoint synchronization initiated using striped semaphore wait barrier. (25 threads)
[2025-04-02T16:35:53.204-0400][9.437s][info ][gc,start    ] GC(14) Pause Young (Concurrent Start) (Metadata GC Threshold)
[2025-04-02T16:35:53.204-0400][9.437s][info ][gc,task     ] GC(14) Using 12 workers of 23 for evacuation
[2025-04-02T16:35:53.206-0400][9.439s][info ][gc,phases   ] GC(14)   Pre Evacuate Collection Set: 0.1ms
[2025-04-02T16:35:53.206-0400][9.439s][info ][gc,phases   ] GC(14)   Merge Heap Roots: 0.1ms
[2025-04-02T16:35:53.206-0400][9.439s][info ][gc,phases   ] GC(14)   Evacuate Collection Set: 1.5ms
[2025-04-02T16:35:53.206-0400][9.439s][info ][gc,phases   ] GC(14)   Post Evacuate Collection Set: 0.4ms
[2025-04-02T16:35:53.206-0400][9.439s][info ][gc,phases   ] GC(14)   Other: 0.1ms
[2025-04-02T16:35:53.206-0400][9.439s][info ][gc,heap     ] GC(14) Eden regions: 27->0(297)
[2025-04-02T16:35:53.206-0400][9.439s][info ][gc,heap     ] GC(14) Survivor regions: 10->10(39)
[2025-04-02T16:35:53.206-0400][9.439s][info ][gc,heap     ] GC(14) Old regions: 59->59
[2025-04-02T16:35:53.206-0400][9.439s][info ][gc,heap     ] GC(14) Archive regions: 0->0
[2025-04-02T16:35:53.206-0400][9.439s][info ][gc,heap     ] GC(14) Humongous regions: 0->0
[2025-04-02T16:35:53.206-0400][9.439s][info ][gc,metaspace] GC(14) Metaspace: 59736K(60160K)->59736K(60160K) NonClass: 52159K(52352K)->52159K(52352K) Class: 7577K(7808K)->7577K(7808K)
[2025-04-02T16:35:53.206-0400][9.439s][info ][gc          ] GC(14) Pause Young (Concurrent Start) (Metadata GC Threshold) 94M->68M(512M) 2.304ms
[2025-04-02T16:35:53.206-0400][9.439s][info ][gc,cpu      ] GC(14) User=0.00s Sys=0.00s Real=0.00s
[2025-04-02T16:35:53.206-0400][9.439s][info ][gc          ] GC(15) Concurrent Mark Cycle
[2025-04-02T16:35:53.206-0400][9.439s][info ][safepoint   ] Safepoint "CollectForMetadataAllocation", Time since last: 43989700 ns, Reaching safepoint: 29700 ns, Cleanup: 9200 ns, At safepoint: 2357700 ns, Total: 2396600 ns
[2025-04-02T16:35:53.206-0400][9.439s][info ][gc,marking  ] GC(15) Concurrent Clear Claimed Marks
[2025-04-02T16:35:53.206-0400][9.439s][info ][gc,marking  ] GC(15) Concurrent Clear Claimed Marks 0.031ms
[2025-04-02T16:35:53.206-0400][9.439s][info ][gc,marking  ] GC(15) Concurrent Scan Root Regions
[2025-04-02T16:35:53.207-0400][9.440s][info ][gc,marking  ] GC(15) Concurrent Scan Root Regions 0.974ms
[2025-04-02T16:35:53.207-0400][9.440s][info ][gc,marking  ] GC(15) Concurrent Mark
[2025-04-02T16:35:53.207-0400][9.440s][info ][gc,marking  ] GC(15) Concurrent Mark From Roots
[2025-04-02T16:35:53.207-0400][9.440s][info ][gc,task     ] GC(15) Using 6 workers of 6 for marking
[2025-04-02T16:35:53.216-0400][9.448s][info ][gc,marking  ] GC(15) Concurrent Mark From Roots 7.693ms
[2025-04-02T16:35:53.216-0400][9.448s][info ][gc,marking  ] GC(15) Concurrent Preclean
[2025-04-02T16:35:53.216-0400][9.448s][info ][gc,marking  ] GC(15) Concurrent Preclean 0.144ms
[2025-04-02T16:35:53.216-0400][9.448s][debug][safepoint   ] Safepoint synchronization initiated using striped semaphore wait barrier. (25 threads)
[2025-04-02T16:35:53.216-0400][9.448s][info ][gc,start    ] GC(15) Pause Remark
[2025-04-02T16:35:53.220-0400][9.452s][info ][gc          ] GC(15) Pause Remark 70M->70M(512M) 3.158ms
[2025-04-02T16:35:53.220-0400][9.452s][info ][gc,cpu      ] GC(15) User=0.00s Sys=0.00s Real=0.00s
[2025-04-02T16:35:53.220-0400][9.452s][info ][safepoint   ] Safepoint "G1PauseRemark", Time since last: 8938000 ns, Reaching safepoint: 213400 ns, Cleanup: 3400 ns, At safepoint: 3212800 ns, Total: 3429600 ns
[2025-04-02T16:35:53.220-0400][9.452s][info ][gc,marking  ] GC(15) Concurrent Mark 11.347ms
[2025-04-02T16:35:53.220-0400][9.452s][info ][gc,marking  ] GC(15) Concurrent Rebuild Remembered Sets
[2025-04-02T16:35:53.225-0400][9.457s][info ][gc,marking  ] GC(15) Concurrent Rebuild Remembered Sets 5.560ms
[2025-04-02T16:35:53.225-0400][9.457s][debug][safepoint   ] Safepoint synchronization initiated using striped semaphore wait barrier. (25 threads)
[2025-04-02T16:35:53.225-0400][9.457s][info ][gc,start    ] GC(15) Pause Cleanup
[2025-04-02T16:35:53.225-0400][9.458s][info ][gc          ] GC(15) Pause Cleanup 71M->71M(512M) 0.222ms
[2025-04-02T16:35:53.225-0400][9.458s][info ][gc,cpu      ] GC(15) User=0.00s Sys=0.00s Real=0.00s
[2025-04-02T16:35:53.225-0400][9.458s][info ][safepoint   ] Safepoint "G1PauseCleanup", Time since last: 5645900 ns, Reaching safepoint: 29500 ns, Cleanup: 2600 ns, At safepoint: 253200 ns, Total: 285300 ns
[2025-04-02T16:35:53.226-0400][9.458s][info ][gc,marking  ] GC(15) Concurrent Cleanup for Next Mark
[2025-04-02T16:35:53.226-0400][9.458s][info ][gc,marking  ] GC(15) Concurrent Cleanup for Next Mark 0.175ms
[2025-04-02T16:35:53.226-0400][9.458s][info ][gc          ] GC(15) Concurrent Mark Cycle 18.543ms
[2025-04-02T16:35:53.418-0400][9.651s][debug][safepoint   ] ... found polling page loop exception at pc = 0x0000020b706e5ef8, stub =0x0000020b6fee7700
[2025-04-02T16:35:53.663-0400][9.895s][debug][safepoint   ] Safepoint synchronization initiated using striped semaphore wait barrier. (31 threads)
[2025-04-02T16:35:53.673-0400][9.905s][info ][safepoint   ] Safepoint "ICBufferFull", Time since last: 437507600 ns, Reaching safepoint: 9706900 ns, Cleanup: 508200 ns, At safepoint: 26000 ns, Total: 10241100 ns
[2025-04-02T16:35:54.145-0400][10.377s][debug][safepoint   ] Safepoint synchronization initiated using striped semaphore wait barrier. (26 threads)
[2025-04-02T16:35:54.145-0400][10.377s][info ][gc,start    ] GC(16) Pause Young (Prepare Mixed) (G1 Evacuation Pause)
[2025-04-02T16:35:54.145-0400][10.377s][info ][gc,task     ] GC(16) Using 12 workers of 23 for evacuation
[2025-04-02T16:35:54.148-0400][10.380s][info ][gc,phases   ] GC(16)   Pre Evacuate Collection Set: 0.1ms
[2025-04-02T16:35:54.148-0400][10.380s][info ][gc,phases   ] GC(16)   Merge Heap Roots: 0.1ms
[2025-04-02T16:35:54.148-0400][10.380s][info ][gc,phases   ] GC(16)   Evacuate Collection Set: 2.0ms
[2025-04-02T16:35:54.148-0400][10.380s][info ][gc,phases   ] GC(16)   Post Evacuate Collection Set: 0.7ms
[2025-04-02T16:35:54.148-0400][10.380s][info ][gc,phases   ] GC(16)   Other: 0.1ms
[2025-04-02T16:35:54.148-0400][10.380s][info ][gc,heap     ] GC(16) Eden regions: 297->0(13)
[2025-04-02T16:35:54.148-0400][10.380s][info ][gc,heap     ] GC(16) Survivor regions: 10->12(39)
[2025-04-02T16:35:54.148-0400][10.380s][info ][gc,heap     ] GC(16) Old regions: 59->59
[2025-04-02T16:35:54.148-0400][10.380s][info ][gc,heap     ] GC(16) Archive regions: 0->0
[2025-04-02T16:35:54.148-0400][10.380s][info ][gc,heap     ] GC(16) Humongous regions: 0->0
[2025-04-02T16:35:54.148-0400][10.380s][info ][gc,metaspace] GC(16) Metaspace: 67100K(67520K)->67100K(67520K) NonClass: 58538K(58752K)->58538K(58752K) Class: 8562K(8768K)->8562K(8768K)
[2025-04-02T16:35:54.148-0400][10.380s][info ][gc          ] GC(16) Pause Young (Prepare Mixed) (G1 Evacuation Pause) 365M->70M(512M) 3.020ms
[2025-04-02T16:35:54.148-0400][10.380s][info ][gc,cpu      ] GC(16) User=0.00s Sys=0.00s Real=0.00s
[2025-04-02T16:35:54.148-0400][10.380s][info ][safepoint   ] Safepoint "G1CollectForAllocation", Time since last: 471364200 ns, Reaching safepoint: 27400 ns, Cleanup: 38000 ns, At safepoint: 3067400 ns, Total: 3132800 ns
[2025-04-02T16:35:54.188-0400][10.420s][debug][safepoint   ] Safepoint synchronization initiated using striped semaphore wait barrier. (26 threads)
[2025-04-02T16:35:54.188-0400][10.420s][info ][gc,start    ] GC(17) Pause Young (Mixed) (G1 Evacuation Pause)
[2025-04-02T16:35:54.188-0400][10.420s][info ][gc,task     ] GC(17) Using 12 workers of 23 for evacuation
[2025-04-02T16:35:54.192-0400][10.424s][info ][gc,phases   ] GC(17)   Pre Evacuate Collection Set: 0.1ms
[2025-04-02T16:35:54.192-0400][10.424s][info ][gc,phases   ] GC(17)   Merge Heap Roots: 0.1ms
[2025-04-02T16:35:54.192-0400][10.425s][info ][gc,phases   ] GC(17)   Evacuate Collection Set: 3.3ms
[2025-04-02T16:35:54.192-0400][10.425s][info ][gc,phases   ] GC(17)   Post Evacuate Collection Set: 0.6ms
[2025-04-02T16:35:54.192-0400][10.425s][info ][gc,phases   ] GC(17)   Other: 0.1ms
[2025-04-02T16:35:54.192-0400][10.425s][info ][gc,heap     ] GC(17) Eden regions: 13->0(305)
[2025-04-02T16:35:54.192-0400][10.425s][info ][gc,heap     ] GC(17) Survivor regions: 12->2(4)
[2025-04-02T16:35:54.192-0400][10.425s][info ][gc,heap     ] GC(17) Old regions: 59->69
[2025-04-02T16:35:54.192-0400][10.425s][info ][gc,heap     ] GC(17) Archive regions: 0->0
[2025-04-02T16:35:54.192-0400][10.425s][info ][gc,heap     ] GC(17) Humongous regions: 0->0
[2025-04-02T16:35:54.192-0400][10.425s][info ][gc,metaspace] GC(17) Metaspace: 67875K(68352K)->67875K(68352K) NonClass: 59214K(59456K)->59214K(59456K) Class: 8661K(8896K)->8661K(8896K)
[2025-04-02T16:35:54.192-0400][10.425s][info ][gc          ] GC(17) Pause Young (Mixed) (G1 Evacuation Pause) 83M->70M(512M) 4.345ms
[2025-04-02T16:35:54.192-0400][10.425s][info ][gc,cpu      ] GC(17) User=0.11s Sys=0.06s Real=0.00s
[2025-04-02T16:35:54.192-0400][10.425s][info ][safepoint   ] Safepoint "G1CollectForAllocation", Time since last: 40294800 ns, Reaching safepoint: 27600 ns, Cleanup: 9700 ns, At safepoint: 4405900 ns, Total: 4443200 ns
[2025-04-02T16:35:54.468-0400][10.701s][debug][safepoint   ] Safepoint synchronization initiated using striped semaphore wait barrier. (26 threads)
[2025-04-02T16:35:54.468-0400][10.701s][info ][safepoint   ] Safepoint "ICBufferFull", Time since last: 276393700 ns, Reaching safepoint: 73000 ns, Cleanup: 64100 ns, At safepoint: 5600 ns, Total: 142700 ns
[2025-04-02T16:35:54.792-0400][11.025s][debug][safepoint   ] Safepoint synchronization initiated using striped semaphore wait barrier. (26 threads)
[2025-04-02T16:35:54.792-0400][11.025s][info ][safepoint   ] Safepoint "ICBufferFull", Time since last: 324019800 ns, Reaching safepoint: 47000 ns, Cleanup: 95700 ns, At safepoint: 10500 ns, Total: 153200 ns
[2025-04-02T16:35:55.037-0400][11.269s][debug][safepoint   ] Safepoint synchronization initiated using striped semaphore wait barrier. (22 threads)
[2025-04-02T16:35:55.037-0400][11.269s][info ][safepoint   ] Safepoint "ICBufferFull", Time since last: 244000200 ns, Reaching safepoint: 41200 ns, Cleanup: 97200 ns, At safepoint: 3200 ns, Total: 141600 ns
[2025-04-02T16:35:55.214-0400][11.447s][debug][safepoint   ] Safepoint synchronization initiated using striped semaphore wait barrier. (32 threads)
[2025-04-02T16:35:55.214-0400][11.447s][info ][gc,start    ] GC(18) Pause Young (Normal) (G1 Evacuation Pause)
[2025-04-02T16:35:55.214-0400][11.447s][info ][gc,task     ] GC(18) Using 12 workers of 23 for evacuation
[2025-04-02T16:35:55.217-0400][11.450s][info ][gc,phases   ] GC(18)   Pre Evacuate Collection Set: 0.1ms
[2025-04-02T16:35:55.217-0400][11.450s][info ][gc,phases   ] GC(18)   Merge Heap Roots: 0.1ms
[2025-04-02T16:35:55.217-0400][11.450s][info ][gc,phases   ] GC(18)   Evacuate Collection Set: 1.9ms
[2025-04-02T16:35:55.217-0400][11.450s][info ][gc,phases   ] GC(18)   Post Evacuate Collection Set: 0.7ms
[2025-04-02T16:35:55.217-0400][11.450s][info ][gc,phases   ] GC(18)   Other: 0.1ms
[2025-04-02T16:35:55.217-0400][11.450s][info ][gc,heap     ] GC(18) Eden regions: 305->0(301)
[2025-04-02T16:35:55.217-0400][11.450s][info ][gc,heap     ] GC(18) Survivor regions: 2->6(39)
[2025-04-02T16:35:55.217-0400][11.450s][info ][gc,heap     ] GC(18) Old regions: 69->69
[2025-04-02T16:35:55.217-0400][11.450s][info ][gc,heap     ] GC(18) Archive regions: 0->0
[2025-04-02T16:35:55.217-0400][11.450s][info ][gc,heap     ] GC(18) Humongous regions: 0->0
[2025-04-02T16:35:55.217-0400][11.450s][info ][gc,metaspace] GC(18) Metaspace: 74159K(74624K)->74159K(74624K) NonClass: 64773K(65024K)->64773K(65024K) Class: 9386K(9600K)->9386K(9600K)
[2025-04-02T16:35:55.217-0400][11.450s][info ][gc          ] GC(18) Pause Young (Normal) (G1 Evacuation Pause) 375M->74M(512M) 2.917ms
[2025-04-02T16:35:55.217-0400][11.450s][info ][gc,cpu      ] GC(18) User=0.00s Sys=0.00s Real=0.00s
[2025-04-02T16:35:55.217-0400][11.450s][info ][safepoint   ] Safepoint "G1CollectForAllocation", Time since last: 177157500 ns, Reaching safepoint: 60500 ns, Cleanup: 50400 ns, At safepoint: 2973900 ns, Total: 3084800 ns
[2025-04-02T16:35:55.633-0400][11.866s][debug][safepoint   ] Safepoint synchronization initiated using striped semaphore wait barrier. (25 threads)
[2025-04-02T16:35:55.633-0400][11.866s][info ][safepoint   ] Safepoint "ICBufferFull", Time since last: 416232200 ns, Reaching safepoint: 63000 ns, Cleanup: 110000 ns, At safepoint: 8800 ns, Total: 181800 ns
[2025-04-02T16:35:55.788-0400][12.020s][debug][safepoint   ] Safepoint synchronization initiated using striped semaphore wait barrier. (25 threads)
[2025-04-02T16:35:55.788-0400][12.021s][info ][safepoint   ] Safepoint "ICBufferFull", Time since last: 154333100 ns, Reaching safepoint: 32500 ns, Cleanup: 62500 ns, At safepoint: 5900 ns, Total: 100900 ns
[2025-04-02T16:35:55.856-0400][12.089s][debug][safepoint   ] Safepoint synchronization initiated using striped semaphore wait barrier. (26 threads)
[2025-04-02T16:35:55.856-0400][12.089s][info ][safepoint   ] Safepoint "ICBufferFull", Time since last: 68395500 ns, Reaching safepoint: 39100 ns, Cleanup: 58700 ns, At safepoint: 8500 ns, Total: 106300 ns
[2025-04-02T16:35:55.906-0400][12.139s][debug][safepoint   ] Safepoint synchronization initiated using striped semaphore wait barrier. (28 threads)
[2025-04-02T16:35:55.906-0400][12.139s][info ][safepoint   ] Safepoint "ICBufferFull", Time since last: 49550000 ns, Reaching safepoint: 82700 ns, Cleanup: 57200 ns, At safepoint: 9200 ns, Total: 149100 ns
[2025-04-02T16:35:55.963-0400][12.196s][debug][safepoint   ] Safepoint synchronization initiated using striped semaphore wait barrier. (29 threads)
[2025-04-02T16:35:55.963-0400][12.196s][info ][gc,start    ] GC(19) Pause Young (Normal) (G1 Evacuation Pause)
[2025-04-02T16:35:55.963-0400][12.196s][info ][gc,task     ] GC(19) Using 12 workers of 23 for evacuation
[2025-04-02T16:35:55.966-0400][12.199s][info ][gc,phases   ] GC(19)   Pre Evacuate Collection Set: 0.1ms
[2025-04-02T16:35:55.966-0400][12.199s][info ][gc,phases   ] GC(19)   Merge Heap Roots: 0.2ms
[2025-04-02T16:35:55.966-0400][12.199s][info ][gc,phases   ] GC(19)   Evacuate Collection Set: 2.1ms
[2025-04-02T16:35:55.966-0400][12.199s][info ][gc,phases   ] GC(19)   Post Evacuate Collection Set: 0.7ms
[2025-04-02T16:35:55.966-0400][12.199s][info ][gc,phases   ] GC(19)   Other: 0.1ms
[2025-04-02T16:35:55.966-0400][12.199s][info ][gc,heap     ] GC(19) Eden regions: 301->0(299)
[2025-04-02T16:35:55.966-0400][12.199s][info ][gc,heap     ] GC(19) Survivor regions: 6->8(39)
[2025-04-02T16:35:55.966-0400][12.199s][info ][gc,heap     ] GC(19) Old regions: 69->69
[2025-04-02T16:35:55.966-0400][12.199s][info ][gc,heap     ] GC(19) Archive regions: 0->0
[2025-04-02T16:35:55.966-0400][12.199s][info ][gc,heap     ] GC(19) Humongous regions: 0->0
[2025-04-02T16:35:55.966-0400][12.199s][info ][gc,metaspace] GC(19) Metaspace: 81392K(81920K)->81392K(81920K) NonClass: 70834K(71104K)->70834K(71104K) Class: 10557K(10816K)->10557K(10816K)
[2025-04-02T16:35:55.966-0400][12.199s][info ][gc          ] GC(19) Pause Young (Normal) (G1 Evacuation Pause) 375M->76M(512M) 3.245ms
[2025-04-02T16:35:55.966-0400][12.199s][info ][gc,cpu      ] GC(19) User=0.00s Sys=0.00s Real=0.00s
[2025-04-02T16:35:55.966-0400][12.199s][info ][safepoint   ] Safepoint "G1CollectForAllocation", Time since last: 56789000 ns, Reaching safepoint: 50900 ns, Cleanup: 64100 ns, At safepoint: 3297800 ns, Total: 3412800 ns
[2025-04-02T16:35:56.066-0400][12.298s][debug][safepoint   ] Safepoint synchronization initiated using striped semaphore wait barrier. (30 threads)
[2025-04-02T16:35:56.066-0400][12.298s][info ][safepoint   ] Safepoint "ICBufferFull", Time since last: 99191700 ns, Reaching safepoint: 64100 ns, Cleanup: 63900 ns, At safepoint: 5300 ns, Total: 133300 ns
[2025-04-02T16:35:56.206-0400][12.438s][debug][safepoint   ] Safepoint synchronization initiated using striped semaphore wait barrier. (32 threads)
[2025-04-02T16:35:56.217-0400][12.449s][info ][safepoint   ] Safepoint "ICBufferFull", Time since last: 140170500 ns, Reaching safepoint: 10902800 ns, Cleanup: 71400 ns, At safepoint: 21800 ns, Total: 10996000 ns
[2025-04-02T16:35:56.501-0400][12.733s][debug][safepoint   ] Safepoint synchronization initiated using striped semaphore wait barrier. (28 threads)
[2025-04-02T16:35:56.501-0400][12.733s][info ][safepoint   ] Safepoint "ICBufferFull", Time since last: 283667500 ns, Reaching safepoint: 25000 ns, Cleanup: 63000 ns, At safepoint: 7600 ns, Total: 95600 ns
[2025-04-02T16:35:56.792-0400][13.025s][debug][safepoint   ] Safepoint synchronization initiated using striped semaphore wait barrier. (26 threads)
[2025-04-02T16:35:56.793-0400][13.026s][info ][safepoint   ] Safepoint "ICBufferFull", Time since last: 292073700 ns, Reaching safepoint: 132900 ns, Cleanup: 100700 ns, At safepoint: 8800 ns, Total: 242400 ns
[2025-04-02T16:35:57.039-0400][13.271s][debug][safepoint   ] Safepoint synchronization initiated using striped semaphore wait barrier. (30 threads)
[2025-04-02T16:35:57.039-0400][13.272s][info ][gc,start    ] GC(20) Pause Young (Normal) (G1 Evacuation Pause)
[2025-04-02T16:35:57.039-0400][13.272s][info ][gc,task     ] GC(20) Using 12 workers of 23 for evacuation
[2025-04-02T16:35:57.042-0400][13.275s][info ][gc,phases   ] GC(20)   Pre Evacuate Collection Set: 0.1ms
[2025-04-02T16:35:57.043-0400][13.275s][info ][gc,phases   ] GC(20)   Merge Heap Roots: 0.1ms
[2025-04-02T16:35:57.043-0400][13.275s][info ][gc,phases   ] GC(20)   Evacuate Collection Set: 2.6ms
[2025-04-02T16:35:57.043-0400][13.275s][info ][gc,phases   ] GC(20)   Post Evacuate Collection Set: 0.8ms
[2025-04-02T16:35:57.043-0400][13.275s][info ][gc,phases   ] GC(20)   Other: 0.1ms
[2025-04-02T16:35:57.043-0400][13.275s][info ][gc,heap     ] GC(20) Eden regions: 299->0(295)
[2025-04-02T16:35:57.043-0400][13.275s][info ][gc,heap     ] GC(20) Survivor regions: 8->12(39)
[2025-04-02T16:35:57.043-0400][13.275s][info ][gc,heap     ] GC(20) Old regions: 69->69
[2025-04-02T16:35:57.043-0400][13.275s][info ][gc,heap     ] GC(20) Archive regions: 0->0
[2025-04-02T16:35:57.043-0400][13.275s][info ][gc,heap     ] GC(20) Humongous regions: 0->0
[2025-04-02T16:35:57.043-0400][13.275s][info ][gc,metaspace] GC(20) Metaspace: 86427K(87040K)->86427K(87040K) NonClass: 75247K(75584K)->75247K(75584K) Class: 11180K(11456K)->11180K(11456K)
[2025-04-02T16:35:57.043-0400][13.275s][info ][gc          ] GC(20) Pause Young (Normal) (G1 Evacuation Pause) 375M->79M(512M) 3.848ms
[2025-04-02T16:35:57.043-0400][13.275s][info ][gc,cpu      ] GC(20) User=0.00s Sys=0.00s Real=0.00s
[2025-04-02T16:35:57.043-0400][13.275s][info ][safepoint   ] Safepoint "G1CollectForAllocation", Time since last: 245794500 ns, Reaching safepoint: 131600 ns, Cleanup: 58900 ns, At safepoint: 3928500 ns, Total: 4119000 ns
[2025-04-02T16:35:57.451-0400][13.684s][debug][safepoint   ] Safepoint synchronization initiated using striped semaphore wait barrier. (32 threads)
[2025-04-02T16:35:57.452-0400][13.684s][info ][safepoint   ] Safepoint "ICBufferFull", Time since last: 408279600 ns, Reaching safepoint: 523400 ns, Cleanup: 124500 ns, At safepoint: 6800 ns, Total: 654700 ns
[2025-04-02T16:35:58.310-0400][14.542s][debug][safepoint   ] Safepoint synchronization initiated using striped semaphore wait barrier. (36 threads)
[2025-04-02T16:35:58.310-0400][14.542s][info ][safepoint   ] Safepoint "ICBufferFull", Time since last: 857414900 ns, Reaching safepoint: 459100 ns, Cleanup: 90000 ns, At safepoint: 6800 ns, Total: 555900 ns
[2025-04-02T16:35:58.732-0400][14.964s][debug][safepoint   ] Safepoint synchronization initiated using striped semaphore wait barrier. (36 threads)
[2025-04-02T16:35:58.732-0400][14.964s][info ][gc,start    ] GC(21) Pause Young (Normal) (G1 Evacuation Pause)
[2025-04-02T16:35:58.732-0400][14.964s][info ][gc,task     ] GC(21) Using 12 workers of 23 for evacuation
[2025-04-02T16:35:58.736-0400][14.969s][info ][gc,phases   ] GC(21)   Pre Evacuate Collection Set: 0.2ms
[2025-04-02T16:35:58.736-0400][14.969s][info ][gc,phases   ] GC(21)   Merge Heap Roots: 0.1ms
[2025-04-02T16:35:58.736-0400][14.969s][info ][gc,phases   ] GC(21)   Evacuate Collection Set: 3.5ms
[2025-04-02T16:35:58.736-0400][14.969s][info ][gc,phases   ] GC(21)   Post Evacuate Collection Set: 0.7ms
[2025-04-02T16:35:58.736-0400][14.969s][info ][gc,phases   ] GC(21)   Other: 0.1ms
[2025-04-02T16:35:58.736-0400][14.969s][info ][gc,heap     ] GC(21) Eden regions: 295->0(288)
[2025-04-02T16:35:58.736-0400][14.969s][info ][gc,heap     ] GC(21) Survivor regions: 12->19(39)
[2025-04-02T16:35:58.736-0400][14.969s][info ][gc,heap     ] GC(21) Old regions: 69->69
[2025-04-02T16:35:58.736-0400][14.969s][info ][gc,heap     ] GC(21) Archive regions: 0->0
[2025-04-02T16:35:58.736-0400][14.969s][info ][gc,heap     ] GC(21) Humongous regions: 0->0
[2025-04-02T16:35:58.736-0400][14.969s][info ][gc,metaspace] GC(21) Metaspace: 91591K(92224K)->91591K(92224K) NonClass: 79991K(80320K)->79991K(80320K) Class: 11600K(11904K)->11600K(11904K)
[2025-04-02T16:35:58.736-0400][14.969s][info ][gc          ] GC(21) Pause Young (Normal) (G1 Evacuation Pause) 374M->87M(512M) 4.695ms
[2025-04-02T16:35:58.736-0400][14.969s][info ][gc,cpu      ] GC(21) User=0.00s Sys=0.11s Real=0.00s
[2025-04-02T16:35:58.736-0400][14.969s][info ][safepoint   ] Safepoint "G1CollectForAllocation", Time since last: 421509000 ns, Reaching safepoint: 145200 ns, Cleanup: 61000 ns, At safepoint: 4744100 ns, Total: 4950300 ns
[2025-04-02T16:35:59.247-0400][15.479s][debug][safepoint   ] Safepoint synchronization initiated using striped semaphore wait barrier. (35 threads)
[2025-04-02T16:35:59.247-0400][15.479s][info ][safepoint   ] Safepoint "ICBufferFull", Time since last: 510565300 ns, Reaching safepoint: 28900 ns, Cleanup: 67100 ns, At safepoint: 1000 ns, Total: 97000 ns
[2025-04-02T16:35:59.489-0400][15.722s][debug][safepoint   ] Safepoint synchronization initiated using striped semaphore wait barrier. (34 threads)
[2025-04-02T16:35:59.490-0400][15.722s][info ][safepoint   ] Safepoint "ICBufferFull", Time since last: 242679800 ns, Reaching safepoint: 64100 ns, Cleanup: 55400 ns, At safepoint: 6700 ns, Total: 126200 ns
[2025-04-02T16:35:59.581-0400][15.814s][debug][safepoint   ] Safepoint synchronization initiated using striped semaphore wait barrier. (34 threads)
[2025-04-02T16:35:59.581-0400][15.814s][info ][gc,start    ] GC(22) Pause Young (Normal) (G1 Evacuation Pause)
[2025-04-02T16:35:59.581-0400][15.814s][info ][gc,task     ] GC(22) Using 12 workers of 23 for evacuation
[2025-04-02T16:35:59.588-0400][15.820s][info ][gc,phases   ] GC(22)   Pre Evacuate Collection Set: 0.1ms
[2025-04-02T16:35:59.588-0400][15.820s][info ][gc,phases   ] GC(22)   Merge Heap Roots: 0.1ms
[2025-04-02T16:35:59.588-0400][15.820s][info ][gc,phases   ] GC(22)   Evacuate Collection Set: 5.4ms
[2025-04-02T16:35:59.588-0400][15.820s][info ][gc,phases   ] GC(22)   Post Evacuate Collection Set: 0.6ms
[2025-04-02T16:35:59.588-0400][15.820s][info ][gc,phases   ] GC(22)   Other: 0.1ms
[2025-04-02T16:35:59.588-0400][15.820s][info ][gc,heap     ] GC(22) Eden regions: 288->0(282)
[2025-04-02T16:35:59.588-0400][15.820s][info ][gc,heap     ] GC(22) Survivor regions: 19->25(39)
[2025-04-02T16:35:59.588-0400][15.820s][info ][gc,heap     ] GC(22) Old regions: 69->69
[2025-04-02T16:35:59.588-0400][15.820s][info ][gc,heap     ] GC(22) Archive regions: 0->0
[2025-04-02T16:35:59.588-0400][15.820s][info ][gc,heap     ] GC(22) Humongous regions: 0->0
[2025-04-02T16:35:59.588-0400][15.820s][info ][gc,metaspace] GC(22) Metaspace: 97663K(98304K)->97663K(98304K) NonClass: 84982K(85312K)->84982K(85312K) Class: 12680K(12992K)->12680K(12992K)
[2025-04-02T16:35:59.588-0400][15.820s][info ][gc          ] GC(22) Pause Young (Normal) (G1 Evacuation Pause) 375M->92M(512M) 6.294ms
[2025-04-02T16:35:59.588-0400][15.820s][info ][gc,cpu      ] GC(22) User=0.00s Sys=0.00s Real=0.01s
[2025-04-02T16:35:59.588-0400][15.820s][info ][safepoint   ] Safepoint "G1CollectForAllocation", Time since last: 91342100 ns, Reaching safepoint: 535700 ns, Cleanup: 10500 ns, At safepoint: 6342600 ns, Total: 6888800 ns
[2025-04-02T16:35:59.724-0400][15.957s][debug][safepoint   ] Safepoint synchronization initiated using striped semaphore wait barrier. (34 threads)
[2025-04-02T16:35:59.724-0400][15.957s][info ][gc,start    ] GC(23) Pause Young (Concurrent Start) (Metadata GC Threshold)
[2025-04-02T16:35:59.724-0400][15.957s][info ][gc,task     ] GC(23) Using 12 workers of 23 for evacuation
[2025-04-02T16:35:59.730-0400][15.962s][info ][gc,phases   ] GC(23)   Pre Evacuate Collection Set: 0.2ms
[2025-04-02T16:35:59.730-0400][15.962s][info ][gc,phases   ] GC(23)   Merge Heap Roots: 0.1ms
[2025-04-02T16:35:59.730-0400][15.962s][info ][gc,phases   ] GC(23)   Evacuate Collection Set: 4.0ms
[2025-04-02T16:35:59.730-0400][15.962s][info ][gc,phases   ] GC(23)   Post Evacuate Collection Set: 1.0ms
[2025-04-02T16:35:59.730-0400][15.962s][info ][gc,phases   ] GC(23)   Other: 0.1ms
[2025-04-02T16:35:59.730-0400][15.962s][info ][gc,heap     ] GC(23) Eden regions: 48->0(286)
[2025-04-02T16:35:59.730-0400][15.962s][info ][gc,heap     ] GC(23) Survivor regions: 25->21(39)
[2025-04-02T16:35:59.730-0400][15.962s][info ][gc,heap     ] GC(23) Old regions: 69->73
[2025-04-02T16:35:59.730-0400][15.962s][info ][gc,heap     ] GC(23) Archive regions: 0->0
[2025-04-02T16:35:59.730-0400][15.962s][info ][gc,heap     ] GC(23) Humongous regions: 0->0
[2025-04-02T16:35:59.730-0400][15.962s][info ][gc,metaspace] GC(23) Metaspace: 99842K(100480K)->99842K(100480K) NonClass: 86864K(87168K)->86864K(87168K) Class: 12977K(13312K)->12977K(13312K)
[2025-04-02T16:35:59.730-0400][15.962s][info ][gc          ] GC(23) Pause Young (Concurrent Start) (Metadata GC Threshold) 140M->93M(512M) 5.470ms
[2025-04-02T16:35:59.730-0400][15.962s][info ][gc,cpu      ] GC(23) User=0.00s Sys=0.00s Real=0.01s
[2025-04-02T16:35:59.730-0400][15.962s][info ][gc          ] GC(24) Concurrent Mark Cycle
[2025-04-02T16:35:59.730-0400][15.962s][info ][safepoint   ] Safepoint "CollectForMetadataAllocation", Time since last: 136393000 ns, Reaching safepoint: 46100 ns, Cleanup: 31700 ns, At safepoint: 5520700 ns, Total: 5598500 ns
[2025-04-02T16:35:59.730-0400][15.963s][info ][gc,marking  ] GC(24) Concurrent Clear Claimed Marks
[2025-04-02T16:35:59.730-0400][15.963s][info ][gc,marking  ] GC(24) Concurrent Clear Claimed Marks 0.042ms
[2025-04-02T16:35:59.730-0400][15.963s][info ][gc,marking  ] GC(24) Concurrent Scan Root Regions
[2025-04-02T16:35:59.732-0400][15.965s][info ][gc,marking  ] GC(24) Concurrent Scan Root Regions 2.089ms
[2025-04-02T16:35:59.732-0400][15.965s][info ][gc,marking  ] GC(24) Concurrent Mark
[2025-04-02T16:35:59.732-0400][15.965s][info ][gc,marking  ] GC(24) Concurrent Mark From Roots
[2025-04-02T16:35:59.732-0400][15.965s][info ][gc,task     ] GC(24) Using 6 workers of 6 for marking
[2025-04-02T16:35:59.741-0400][15.974s][info ][gc,marking  ] GC(24) Concurrent Mark From Roots 9.166ms
[2025-04-02T16:35:59.741-0400][15.974s][info ][gc,marking  ] GC(24) Concurrent Preclean
[2025-04-02T16:35:59.742-0400][15.974s][info ][gc,marking  ] GC(24) Concurrent Preclean 0.193ms
[2025-04-02T16:35:59.742-0400][15.974s][debug][safepoint   ] Safepoint synchronization initiated using striped semaphore wait barrier. (34 threads)
[2025-04-02T16:35:59.742-0400][15.974s][info ][gc,start    ] GC(24) Pause Remark
[2025-04-02T16:35:59.750-0400][15.983s][info ][gc          ] GC(24) Pause Remark 96M->96M(512M) 8.307ms
[2025-04-02T16:35:59.750-0400][15.983s][info ][gc,cpu      ] GC(24) User=0.00s Sys=0.00s Real=0.01s
[2025-04-02T16:35:59.750-0400][15.983s][info ][safepoint   ] Safepoint "G1PauseRemark", Time since last: 11624500 ns, Reaching safepoint: 66600 ns, Cleanup: 41700 ns, At safepoint: 8355500 ns, Total: 8463800 ns
[2025-04-02T16:35:59.750-0400][15.983s][info ][gc,marking  ] GC(24) Concurrent Mark 17.935ms
[2025-04-02T16:35:59.750-0400][15.983s][info ][gc,marking  ] GC(24) Concurrent Rebuild Remembered Sets
[2025-04-02T16:35:59.757-0400][15.990s][info ][gc,marking  ] GC(24) Concurrent Rebuild Remembered Sets 7.197ms
[2025-04-02T16:35:59.757-0400][15.990s][debug][safepoint   ] Safepoint synchronization initiated using striped semaphore wait barrier. (34 threads)
[2025-04-02T16:35:59.757-0400][15.990s][info ][gc,start    ] GC(24) Pause Cleanup
[2025-04-02T16:35:59.757-0400][15.990s][info ][gc          ] GC(24) Pause Cleanup 100M->100M(512M) 0.215ms
[2025-04-02T16:35:59.757-0400][15.990s][info ][gc,cpu      ] GC(24) User=0.00s Sys=0.00s Real=0.00s
[2025-04-02T16:35:59.757-0400][15.990s][info ][safepoint   ] Safepoint "G1PauseCleanup", Time since last: 7348500 ns, Reaching safepoint: 37300 ns, Cleanup: 2500 ns, At safepoint: 242500 ns, Total: 282300 ns
[2025-04-02T16:35:59.757-0400][15.990s][info ][gc,marking  ] GC(24) Concurrent Cleanup for Next Mark
[2025-04-02T16:35:59.758-0400][15.990s][info ][gc,marking  ] GC(24) Concurrent Cleanup for Next Mark 0.197ms
[2025-04-02T16:35:59.758-0400][15.990s][info ][gc          ] GC(24) Concurrent Mark Cycle 27.952ms
[2025-04-02T16:36:00.392-0400][16.625s][debug][safepoint   ] Safepoint synchronization initiated using striped semaphore wait barrier. (32 threads)
[2025-04-02T16:36:00.392-0400][16.625s][info ][gc,start    ] GC(25) Pause Young (Prepare Mixed) (G1 Evacuation Pause)
[2025-04-02T16:36:00.392-0400][16.625s][info ][gc,task     ] GC(25) Using 14 workers of 23 for evacuation
[2025-04-02T16:36:00.400-0400][16.632s][info ][gc,phases   ] GC(25)   Pre Evacuate Collection Set: 0.1ms
[2025-04-02T16:36:00.400-0400][16.632s][info ][gc,phases   ] GC(25)   Merge Heap Roots: 0.2ms
[2025-04-02T16:36:00.400-0400][16.632s][info ][gc,phases   ] GC(25)   Evacuate Collection Set: 6.4ms
[2025-04-02T16:36:00.400-0400][16.632s][info ][gc,phases   ] GC(25)   Post Evacuate Collection Set: 0.9ms
[2025-04-02T16:36:00.400-0400][16.633s][info ][gc,phases   ] GC(25)   Other: 0.1ms
[2025-04-02T16:36:00.400-0400][16.633s][info ][gc,heap     ] GC(25) Eden regions: 286->0(1)
[2025-04-02T16:36:00.400-0400][16.633s][info ][gc,heap     ] GC(25) Survivor regions: 21->25(39)
[2025-04-02T16:36:00.400-0400][16.633s][info ][gc,heap     ] GC(25) Old regions: 73->73
[2025-04-02T16:36:00.400-0400][16.633s][info ][gc,heap     ] GC(25) Archive regions: 0->0
[2025-04-02T16:36:00.400-0400][16.633s][info ][gc,heap     ] GC(25) Humongous regions: 0->0
[2025-04-02T16:36:00.400-0400][16.633s][info ][gc,metaspace] GC(25) Metaspace: 107136K(107840K)->107136K(107840K) NonClass: 93145K(93504K)->93145K(93504K) Class: 13990K(14336K)->13990K(14336K)
[2025-04-02T16:36:00.400-0400][16.633s][info ][gc          ] GC(25) Pause Young (Prepare Mixed) (G1 Evacuation Pause) 379M->97M(512M) 7.671ms
[2025-04-02T16:36:00.400-0400][16.633s][info ][gc,cpu      ] GC(25) User=0.00s Sys=0.00s Real=0.01s
[2025-04-02T16:36:00.400-0400][16.633s][info ][safepoint   ] Safepoint "G1CollectForAllocation", Time since last: 634564100 ns, Reaching safepoint: 29000 ns, Cleanup: 69800 ns, At safepoint: 7717700 ns, Total: 7816500 ns
[2025-04-02T16:36:00.402-0400][16.635s][debug][safepoint   ] Safepoint synchronization initiated using striped semaphore wait barrier. (32 threads)
[2025-04-02T16:36:00.402-0400][16.635s][info ][gc,start    ] GC(26) Pause Young (Mixed) (G1 Evacuation Pause)
[2025-04-02T16:36:00.402-0400][16.635s][info ][gc,task     ] GC(26) Using 14 workers of 23 for evacuation
[2025-04-02T16:36:00.410-0400][16.643s][info ][gc,phases   ] GC(26)   Pre Evacuate Collection Set: 0.2ms
[2025-04-02T16:36:00.410-0400][16.643s][info ][gc,phases   ] GC(26)   Merge Heap Roots: 0.1ms
[2025-04-02T16:36:00.410-0400][16.643s][info ][gc,phases   ] GC(26)   Evacuate Collection Set: 6.7ms
[2025-04-02T16:36:00.410-0400][16.643s][info ][gc,phases   ] GC(26)   Post Evacuate Collection Set: 0.7ms
[2025-04-02T16:36:00.410-0400][16.643s][info ][gc,phases   ] GC(26)   Other: 0.1ms
[2025-04-02T16:36:00.410-0400][16.643s][info ][gc,heap     ] GC(26) Eden regions: 1->0(305)
[2025-04-02T16:36:00.410-0400][16.643s][info ][gc,heap     ] GC(26) Survivor regions: 25->2(4)
[2025-04-02T16:36:00.410-0400][16.643s][info ][gc,heap     ] GC(26) Old regions: 73->94
[2025-04-02T16:36:00.410-0400][16.643s][info ][gc,heap     ] GC(26) Archive regions: 0->0
[2025-04-02T16:36:00.410-0400][16.643s][info ][gc,heap     ] GC(26) Humongous regions: 0->0
[2025-04-02T16:36:00.410-0400][16.643s][info ][gc,metaspace] GC(26) Metaspace: 107136K(107840K)->107136K(107840K) NonClass: 93145K(93504K)->93145K(93504K) Class: 13990K(14336K)->13990K(14336K)
[2025-04-02T16:36:00.410-0400][16.643s][info ][gc          ] GC(26) Pause Young (Mixed) (G1 Evacuation Pause) 98M->95M(512M) 7.835ms
[2025-04-02T16:36:00.410-0400][16.643s][info ][gc,cpu      ] GC(26) User=0.08s Sys=0.03s Real=0.01s
[2025-04-02T16:36:00.410-0400][16.643s][info ][safepoint   ] Safepoint "G1CollectForAllocation", Time since last: 2489600 ns, Reaching safepoint: 124900 ns, Cleanup: 1700 ns, At safepoint: 7876000 ns, Total: 8002600 ns
[2025-04-02T16:36:00.958-0400][17.190s][debug][safepoint   ] Safepoint synchronization initiated using striped semaphore wait barrier. (41 threads)
[2025-04-02T16:36:00.958-0400][17.190s][info ][safepoint   ] Safepoint "ICBufferFull", Time since last: 547012700 ns, Reaching safepoint: 28400 ns, Cleanup: 80300 ns, At safepoint: 2800 ns, Total: 111500 ns
[2025-04-02T16:36:01.163-0400][17.395s][debug][safepoint   ] Safepoint synchronization initiated using striped semaphore wait barrier. (46 threads)
[2025-04-02T16:36:01.163-0400][17.395s][info ][gc,start    ] GC(27) Pause Young (Normal) (G1 Evacuation Pause)
[2025-04-02T16:36:01.163-0400][17.395s][info ][gc,task     ] GC(27) Using 23 workers of 23 for evacuation
[2025-04-02T16:36:01.167-0400][17.399s][info ][gc,phases   ] GC(27)   Pre Evacuate Collection Set: 0.1ms
[2025-04-02T16:36:01.167-0400][17.399s][info ][gc,phases   ] GC(27)   Merge Heap Roots: 0.1ms
[2025-04-02T16:36:01.167-0400][17.399s][info ][gc,phases   ] GC(27)   Evacuate Collection Set: 3.0ms
[2025-04-02T16:36:01.167-0400][17.399s][info ][gc,phases   ] GC(27)   Post Evacuate Collection Set: 0.8ms
[2025-04-02T16:36:01.167-0400][17.399s][info ][gc,phases   ] GC(27)   Other: 0.1ms
[2025-04-02T16:36:01.167-0400][17.399s][info ][gc,heap     ] GC(27) Eden regions: 305->0(299)
[2025-04-02T16:36:01.167-0400][17.399s][info ][gc,heap     ] GC(27) Survivor regions: 2->8(39)
[2025-04-02T16:36:01.167-0400][17.399s][info ][gc,heap     ] GC(27) Old regions: 94->94
[2025-04-02T16:36:01.167-0400][17.399s][info ][gc,heap     ] GC(27) Archive regions: 0->0
[2025-04-02T16:36:01.167-0400][17.399s][info ][gc,heap     ] GC(27) Humongous regions: 0->0
[2025-04-02T16:36:01.167-0400][17.399s][info ][gc,metaspace] GC(27) Metaspace: 112348K(113088K)->112348K(113088K) NonClass: 97860K(98240K)->97860K(98240K) Class: 14487K(14848K)->14487K(14848K)
[2025-04-02T16:36:01.167-0400][17.399s][info ][gc          ] GC(27) Pause Young (Normal) (G1 Evacuation Pause) 400M->101M(512M) 4.147ms
[2025-04-02T16:36:01.167-0400][17.399s][info ][gc,cpu      ] GC(27) User=0.00s Sys=0.00s Real=0.00s
[2025-04-02T16:36:01.167-0400][17.399s][info ][safepoint   ] Safepoint "G1CollectForAllocation", Time since last: 204935200 ns, Reaching safepoint: 31000 ns, Cleanup: 35500 ns, At safepoint: 4199700 ns, Total: 4266200 ns
[2025-04-02T16:36:01.413-0400][17.645s][debug][safepoint   ] Safepoint synchronization initiated using striped semaphore wait barrier. (46 threads)
[2025-04-02T16:36:01.413-0400][17.645s][info ][safepoint   ] Safepoint "ICBufferFull", Time since last: 245884600 ns, Reaching safepoint: 39900 ns, Cleanup: 68900 ns, At safepoint: 1100 ns, Total: 109900 ns
[2025-04-02T16:36:01.560-0400][17.792s][debug][safepoint   ] Safepoint synchronization initiated using striped semaphore wait barrier. (45 threads)
[2025-04-02T16:36:01.560-0400][17.792s][info ][safepoint   ] Safepoint "ICBufferFull", Time since last: 146688600 ns, Reaching safepoint: 75300 ns, Cleanup: 96500 ns, At safepoint: 6200 ns, Total: 178000 ns
[2025-04-02T16:36:02.037-0400][18.269s][debug][safepoint   ] Safepoint synchronization initiated using striped semaphore wait barrier. (46 threads)
[2025-04-02T16:36:02.037-0400][18.269s][info ][gc,start    ] GC(28) Pause Young (Normal) (G1 Evacuation Pause)
[2025-04-02T16:36:02.037-0400][18.269s][info ][gc,task     ] GC(28) Using 23 workers of 23 for evacuation
[2025-04-02T16:36:02.042-0400][18.275s][info ][gc,phases   ] GC(28)   Pre Evacuate Collection Set: 0.1ms
[2025-04-02T16:36:02.042-0400][18.275s][info ][gc,phases   ] GC(28)   Merge Heap Roots: 0.1ms
[2025-04-02T16:36:02.042-0400][18.275s][info ][gc,phases   ] GC(28)   Evacuate Collection Set: 4.2ms
[2025-04-02T16:36:02.042-0400][18.275s][info ][gc,phases   ] GC(28)   Post Evacuate Collection Set: 0.9ms
[2025-04-02T16:36:02.042-0400][18.275s][info ][gc,phases   ] GC(28)   Other: 0.1ms
[2025-04-02T16:36:02.042-0400][18.275s][info ][gc,heap     ] GC(28) Eden regions: 299->0(293)
[2025-04-02T16:36:02.042-0400][18.275s][info ][gc,heap     ] GC(28) Survivor regions: 8->14(39)
[2025-04-02T16:36:02.042-0400][18.275s][info ][gc,heap     ] GC(28) Old regions: 94->94
[2025-04-02T16:36:02.042-0400][18.275s][info ][gc,heap     ] GC(28) Archive regions: 0->0
[2025-04-02T16:36:02.042-0400][18.275s][info ][gc,heap     ] GC(28) Humongous regions: 0->0
[2025-04-02T16:36:02.042-0400][18.275s][info ][gc,metaspace] GC(28) Metaspace: 118070K(118848K)->118070K(118848K) NonClass: 103010K(103424K)->103010K(103424K) Class: 15059K(15424K)->15059K(15424K)
[2025-04-02T16:36:02.042-0400][18.275s][info ][gc          ] GC(28) Pause Young (Normal) (G1 Evacuation Pause) 400M->107M(512M) 5.391ms
[2025-04-02T16:36:02.042-0400][18.275s][info ][gc,cpu      ] GC(28) User=0.00s Sys=0.00s Real=0.01s
[2025-04-02T16:36:02.042-0400][18.275s][info ][safepoint   ] Safepoint "G1CollectForAllocation", Time since last: 476983700 ns, Reaching safepoint: 39700 ns, Cleanup: 76500 ns, At safepoint: 5439500 ns, Total: 5555700 ns
[2025-04-02T16:36:03.292-0400][19.524s][debug][safepoint   ] Safepoint synchronization initiated using striped semaphore wait barrier. (47 threads)
[2025-04-02T16:36:03.292-0400][19.524s][info ][safepoint   ] Safepoint "Cleanup", Time since last: 1249242200 ns, Reaching safepoint: 41500 ns, Cleanup: 66900 ns, At safepoint: 900 ns, Total: 109300 ns
[2025-04-02T16:36:07.407-0400][23.639s][debug][safepoint   ] Safepoint synchronization initiated using striped semaphore wait barrier. (44 threads)
[2025-04-02T16:36:07.407-0400][23.639s][info ][safepoint   ] Safepoint "Cleanup", Time since last: 4115277200 ns, Reaching safepoint: 25500 ns, Cleanup: 4500 ns, At safepoint: 700 ns, Total: 30700 ns
[2025-04-02T16:36:07.845-0400][24.077s][debug][safepoint   ] Safepoint synchronization initiated using striped semaphore wait barrier. (54 threads)
[2025-04-02T16:36:07.845-0400][24.077s][info ][gc,start    ] GC(29) Pause Young (Normal) (G1 Evacuation Pause)
[2025-04-02T16:36:07.845-0400][24.077s][info ][gc,task     ] GC(29) Using 23 workers of 23 for evacuation
[2025-04-02T16:36:07.852-0400][24.084s][info ][gc,phases   ] GC(29)   Pre Evacuate Collection Set: 0.2ms
[2025-04-02T16:36:07.852-0400][24.084s][info ][gc,phases   ] GC(29)   Merge Heap Roots: 0.1ms
[2025-04-02T16:36:07.852-0400][24.084s][info ][gc,phases   ] GC(29)   Evacuate Collection Set: 6.1ms
[2025-04-02T16:36:07.852-0400][24.084s][info ][gc,phases   ] GC(29)   Post Evacuate Collection Set: 0.7ms
[2025-04-02T16:36:07.852-0400][24.084s][info ][gc,phases   ] GC(29)   Other: 0.1ms
[2025-04-02T16:36:07.852-0400][24.084s][info ][gc,heap     ] GC(29) Eden regions: 293->0(285)
[2025-04-02T16:36:07.852-0400][24.084s][info ][gc,heap     ] GC(29) Survivor regions: 14->22(39)
[2025-04-02T16:36:07.852-0400][24.084s][info ][gc,heap     ] GC(29) Old regions: 94->94
[2025-04-02T16:36:07.852-0400][24.084s][info ][gc,heap     ] GC(29) Archive regions: 0->0
[2025-04-02T16:36:07.852-0400][24.084s][info ][gc,heap     ] GC(29) Humongous regions: 1->1
[2025-04-02T16:36:07.852-0400][24.084s][info ][gc,metaspace] GC(29) Metaspace: 130151K(131200K)->130151K(131200K) NonClass: 113767K(114304K)->113767K(114304K) Class: 16383K(16896K)->16383K(16896K)
[2025-04-02T16:36:07.852-0400][24.084s][info ][gc          ] GC(29) Pause Young (Normal) (G1 Evacuation Pause) 401M->115M(512M) 7.245ms
[2025-04-02T16:36:07.852-0400][24.084s][info ][gc,cpu      ] GC(29) User=0.08s Sys=0.03s Real=0.01s
[2025-04-02T16:36:07.852-0400][24.084s][info ][safepoint   ] Safepoint "G1CollectForAllocation", Time since last: 437527700 ns, Reaching safepoint: 31600 ns, Cleanup: 55200 ns, At safepoint: 7294300 ns, Total: 7381100 ns
[2025-04-02T16:36:08.431-0400][24.663s][debug][safepoint   ] Safepoint synchronization initiated using striped semaphore wait barrier. (57 threads)
[2025-04-02T16:36:08.431-0400][24.663s][info ][gc,start    ] GC(30) Pause Young (Normal) (G1 Evacuation Pause)
[2025-04-02T16:36:08.431-0400][24.663s][info ][gc,task     ] GC(30) Using 23 workers of 23 for evacuation
[2025-04-02T16:36:08.441-0400][24.673s][info ][gc,phases   ] GC(30)   Pre Evacuate Collection Set: 0.1ms
[2025-04-02T16:36:08.441-0400][24.673s][info ][gc,phases   ] GC(30)   Merge Heap Roots: 0.1ms
[2025-04-02T16:36:08.441-0400][24.673s][info ][gc,phases   ] GC(30)   Evacuate Collection Set: 8.9ms
[2025-04-02T16:36:08.441-0400][24.673s][info ][gc,phases   ] GC(30)   Post Evacuate Collection Set: 1.1ms
[2025-04-02T16:36:08.441-0400][24.673s][info ][gc,phases   ] GC(30)   Other: 0.1ms
[2025-04-02T16:36:08.441-0400][24.673s][info ][gc,heap     ] GC(30) Eden regions: 285->0(287)
[2025-04-02T16:36:08.441-0400][24.673s][info ][gc,heap     ] GC(30) Survivor regions: 22->20(39)
[2025-04-02T16:36:08.441-0400][24.673s][info ][gc,heap     ] GC(30) Old regions: 94->100
[2025-04-02T16:36:08.441-0400][24.673s][info ][gc,heap     ] GC(30) Archive regions: 0->0
[2025-04-02T16:36:08.441-0400][24.673s][info ][gc,heap     ] GC(30) Humongous regions: 1->0
[2025-04-02T16:36:08.441-0400][24.673s][info ][gc,metaspace] GC(30) Metaspace: 136473K(137536K)->136473K(137536K) NonClass: 119438K(120000K)->119438K(120000K) Class: 17035K(17536K)->17035K(17536K)
[2025-04-02T16:36:08.441-0400][24.673s][info ][gc          ] GC(30) Pause Young (Normal) (G1 Evacuation Pause) 400M->119M(512M) 10.430ms
[2025-04-02T16:36:08.441-0400][24.673s][info ][gc,cpu      ] GC(30) User=0.03s Sys=0.08s Real=0.01s
[2025-04-02T16:36:08.441-0400][24.673s][info ][safepoint   ] Safepoint "G1CollectForAllocation", Time since last: 578347900 ns, Reaching safepoint: 31800 ns, Cleanup: 22700 ns, At safepoint: 10480100 ns, Total: 10534600 ns
[2025-04-02T16:36:09.003-0400][25.235s][debug][safepoint   ] Safepoint synchronization initiated using striped semaphore wait barrier. (61 threads)
[2025-04-02T16:36:09.003-0400][25.235s][info ][gc,start    ] GC(31) Pause Young (Normal) (G1 Evacuation Pause)
[2025-04-02T16:36:09.003-0400][25.235s][info ][gc,task     ] GC(31) Using 23 workers of 23 for evacuation
[2025-04-02T16:36:09.013-0400][25.245s][info ][gc,phases   ] GC(31)   Pre Evacuate Collection Set: 0.1ms
[2025-04-02T16:36:09.013-0400][25.245s][info ][gc,phases   ] GC(31)   Merge Heap Roots: 0.1ms
[2025-04-02T16:36:09.013-0400][25.245s][info ][gc,phases   ] GC(31)   Evacuate Collection Set: 9.0ms
[2025-04-02T16:36:09.013-0400][25.245s][info ][gc,phases   ] GC(31)   Post Evacuate Collection Set: 1.1ms
[2025-04-02T16:36:09.013-0400][25.245s][info ][gc,phases   ] GC(31)   Other: 0.1ms
[2025-04-02T16:36:09.013-0400][25.245s][info ][gc,heap     ] GC(31) Eden regions: 287->0(278)
[2025-04-02T16:36:09.013-0400][25.245s][info ][gc,heap     ] GC(31) Survivor regions: 20->29(39)
[2025-04-02T16:36:09.013-0400][25.245s][info ][gc,heap     ] GC(31) Old regions: 100->100
[2025-04-02T16:36:09.013-0400][25.245s][info ][gc,heap     ] GC(31) Archive regions: 0->0
[2025-04-02T16:36:09.013-0400][25.245s][info ][gc,heap     ] GC(31) Humongous regions: 0->0
[2025-04-02T16:36:09.013-0400][25.245s][info ][gc,metaspace] GC(31) Metaspace: 141319K(142400K)->141319K(142400K) NonClass: 124028K(124608K)->124028K(124608K) Class: 17290K(17792K)->17290K(17792K)
[2025-04-02T16:36:09.013-0400][25.245s][info ][gc          ] GC(31) Pause Young (Normal) (G1 Evacuation Pause) 406M->128M(512M) 10.501ms
[2025-04-02T16:36:09.013-0400][25.246s][info ][gc,cpu      ] GC(31) User=0.00s Sys=0.00s Real=0.01s
[2025-04-02T16:36:09.013-0400][25.246s][info ][safepoint   ] Safepoint "G1CollectForAllocation", Time since last: 561619600 ns, Reaching safepoint: 46000 ns, Cleanup: 42700 ns, At safepoint: 10559000 ns, Total: 10647700 ns
[2025-04-02T16:36:09.841-0400][26.073s][debug][safepoint   ] Safepoint synchronization initiated using striped semaphore wait barrier. (82 threads)
[2025-04-02T16:36:09.841-0400][26.073s][info ][gc,start    ] GC(32) Pause Young (Normal) (G1 Evacuation Pause)
[2025-04-02T16:36:09.841-0400][26.073s][info ][gc,task     ] GC(32) Using 23 workers of 23 for evacuation
[2025-04-02T16:36:09.852-0400][26.085s][info ][gc,phases   ] GC(32)   Pre Evacuate Collection Set: 0.2ms
[2025-04-02T16:36:09.852-0400][26.085s][info ][gc,phases   ] GC(32)   Merge Heap Roots: 0.1ms
[2025-04-02T16:36:09.852-0400][26.085s][info ][gc,phases   ] GC(32)   Evacuate Collection Set: 9.9ms
[2025-04-02T16:36:09.852-0400][26.085s][info ][gc,phases   ] GC(32)   Post Evacuate Collection Set: 1.5ms
[2025-04-02T16:36:09.852-0400][26.085s][info ][gc,phases   ] GC(32)   Other: 0.1ms
[2025-04-02T16:36:09.852-0400][26.085s][info ][gc,heap     ] GC(32) Eden regions: 278->0(285)
[2025-04-02T16:36:09.852-0400][26.085s][info ][gc,heap     ] GC(32) Survivor regions: 29->22(39)
[2025-04-02T16:36:09.852-0400][26.085s][info ][gc,heap     ] GC(32) Old regions: 100->113
[2025-04-02T16:36:09.852-0400][26.085s][info ][gc,heap     ] GC(32) Archive regions: 0->0
[2025-04-02T16:36:09.852-0400][26.085s][info ][gc,heap     ] GC(32) Humongous regions: 0->0
[2025-04-02T16:36:09.852-0400][26.085s][info ][gc,metaspace] GC(32) Metaspace: 150187K(151296K)->150187K(151296K) NonClass: 131964K(132544K)->131964K(132544K) Class: 18223K(18752K)->18223K(18752K)
[2025-04-02T16:36:09.852-0400][26.085s][info ][gc          ] GC(32) Pause Young (Normal) (G1 Evacuation Pause) 406M->134M(512M) 11.913ms
[2025-04-02T16:36:09.852-0400][26.085s][info ][gc,cpu      ] GC(32) User=0.05s Sys=0.05s Real=0.01s
[2025-04-02T16:36:09.852-0400][26.085s][info ][safepoint   ] Safepoint "G1CollectForAllocation", Time since last: 827664100 ns, Reaching safepoint: 43200 ns, Cleanup: 57000 ns, At safepoint: 11970300 ns, Total: 12070500 ns
[2025-04-02T16:36:10.062-0400][26.295s][debug][safepoint   ] ... found polling page loop exception at pc = 0x0000020b70815784, stub =0x0000020b6fee7700
[2025-04-02T16:36:10.288-0400][26.521s][debug][safepoint   ] Safepoint synchronization initiated using striped semaphore wait barrier. (81 threads)
[2025-04-02T16:36:10.288-0400][26.521s][info ][safepoint   ] Safepoint "ICBufferFull", Time since last: 435318500 ns, Reaching safepoint: 46000 ns, Cleanup: 74900 ns, At safepoint: 4400 ns, Total: 125300 ns
[2025-04-02T16:36:10.387-0400][26.619s][debug][safepoint   ] Safepoint synchronization initiated using striped semaphore wait barrier. (82 threads)
[2025-04-02T16:36:10.387-0400][26.619s][info ][gc,start    ] GC(33) Pause Young (Normal) (G1 Evacuation Pause)
[2025-04-02T16:36:10.387-0400][26.619s][info ][gc,task     ] GC(33) Using 23 workers of 23 for evacuation
[2025-04-02T16:36:10.395-0400][26.628s][info ][gc,phases   ] GC(33)   Pre Evacuate Collection Set: 0.2ms
[2025-04-02T16:36:10.395-0400][26.628s][info ][gc,phases   ] GC(33)   Merge Heap Roots: 0.2ms
[2025-04-02T16:36:10.395-0400][26.628s][info ][gc,phases   ] GC(33)   Evacuate Collection Set: 7.0ms
[2025-04-02T16:36:10.395-0400][26.628s][info ][gc,phases   ] GC(33)   Post Evacuate Collection Set: 0.8ms
[2025-04-02T16:36:10.395-0400][26.628s][info ][gc,phases   ] GC(33)   Other: 0.1ms
[2025-04-02T16:36:10.395-0400][26.628s][info ][gc,heap     ] GC(33) Eden regions: 285->0(283)
[2025-04-02T16:36:10.395-0400][26.628s][info ][gc,heap     ] GC(33) Survivor regions: 22->24(39)
[2025-04-02T16:36:10.395-0400][26.628s][info ][gc,heap     ] GC(33) Old regions: 113->119
[2025-04-02T16:36:10.395-0400][26.628s][info ][gc,heap     ] GC(33) Archive regions: 0->0
[2025-04-02T16:36:10.395-0400][26.628s][info ][gc,heap     ] GC(33) Humongous regions: 0->0
[2025-04-02T16:36:10.395-0400][26.628s][info ][gc,metaspace] GC(33) Metaspace: 152581K(153664K)->152581K(153664K) NonClass: 134031K(134592K)->134031K(134592K) Class: 18549K(19072K)->18549K(19072K)
[2025-04-02T16:36:10.395-0400][26.628s][info ][gc          ] GC(33) Pause Young (Normal) (G1 Evacuation Pause) 419M->141M(512M) 8.396ms
[2025-04-02T16:36:10.395-0400][26.628s][info ][gc,cpu      ] GC(33) User=0.09s Sys=0.03s Real=0.01s
[2025-04-02T16:36:10.395-0400][26.628s][info ][safepoint   ] Safepoint "G1CollectForAllocation", Time since last: 98695100 ns, Reaching safepoint: 29100 ns, Cleanup: 17600 ns, At safepoint: 8455300 ns, Total: 8502000 ns
[2025-04-02T16:36:10.914-0400][27.146s][debug][safepoint   ] Safepoint synchronization initiated using striped semaphore wait barrier. (82 threads)
[2025-04-02T16:36:10.914-0400][27.146s][info ][gc,start    ] GC(34) Pause Young (Normal) (G1 Evacuation Pause)
[2025-04-02T16:36:10.914-0400][27.146s][info ][gc,task     ] GC(34) Using 23 workers of 23 for evacuation
[2025-04-02T16:36:10.928-0400][27.160s][info ][gc,phases   ] GC(34)   Pre Evacuate Collection Set: 0.1ms
[2025-04-02T16:36:10.928-0400][27.160s][info ][gc,phases   ] GC(34)   Merge Heap Roots: 0.2ms
[2025-04-02T16:36:10.928-0400][27.160s][info ][gc,phases   ] GC(34)   Evacuate Collection Set: 12.4ms
[2025-04-02T16:36:10.928-0400][27.160s][info ][gc,phases   ] GC(34)   Post Evacuate Collection Set: 1.0ms
[2025-04-02T16:36:10.928-0400][27.160s][info ][gc,phases   ] GC(34)   Other: 0.1ms
[2025-04-02T16:36:10.928-0400][27.160s][info ][gc,heap     ] GC(34) Eden regions: 283->0(288)
[2025-04-02T16:36:10.928-0400][27.160s][info ][gc,heap     ] GC(34) Survivor regions: 24->19(39)
[2025-04-02T16:36:10.928-0400][27.160s][info ][gc,heap     ] GC(34) Old regions: 119->128
[2025-04-02T16:36:10.928-0400][27.160s][info ][gc,heap     ] GC(34) Archive regions: 0->0
[2025-04-02T16:36:10.928-0400][27.160s][info ][gc,heap     ] GC(34) Humongous regions: 0->0
[2025-04-02T16:36:10.928-0400][27.160s][info ][gc,metaspace] GC(34) Metaspace: 155507K(156608K)->155507K(156608K) NonClass: 136519K(137088K)->136519K(137088K) Class: 18987K(19520K)->18987K(19520K)
[2025-04-02T16:36:10.928-0400][27.160s][info ][gc          ] GC(34) Pause Young (Normal) (G1 Evacuation Pause) 424M->145M(512M) 13.830ms
[2025-04-02T16:36:10.928-0400][27.160s][info ][gc,cpu      ] GC(34) User=0.06s Sys=0.00s Real=0.01s
[2025-04-02T16:36:10.928-0400][27.160s][info ][safepoint   ] Safepoint "G1CollectForAllocation", Time since last: 517957900 ns, Reaching safepoint: 31100 ns, Cleanup: 76700 ns, At safepoint: 13885200 ns, Total: 13993000 ns
[2025-04-02T16:36:11.396-0400][27.628s][debug][safepoint   ] Safepoint synchronization initiated using striped semaphore wait barrier. (115 threads)
[2025-04-02T16:36:11.396-0400][27.628s][info ][safepoint   ] Safepoint "ICBufferFull", Time since last: 468449400 ns, Reaching safepoint: 29500 ns, Cleanup: 70600 ns, At safepoint: 2900 ns, Total: 103000 ns
[2025-04-02T16:36:11.441-0400][27.674s][debug][safepoint   ] Safepoint synchronization initiated using striped semaphore wait barrier. (115 threads)
[2025-04-02T16:36:11.441-0400][27.674s][info ][gc,start    ] GC(35) Pause Young (Normal) (G1 Evacuation Pause)
[2025-04-02T16:36:11.441-0400][27.674s][info ][gc,task     ] GC(35) Using 23 workers of 23 for evacuation
[2025-04-02T16:36:11.450-0400][27.682s][info ][gc,phases   ] GC(35)   Pre Evacuate Collection Set: 0.2ms
[2025-04-02T16:36:11.450-0400][27.682s][info ][gc,phases   ] GC(35)   Merge Heap Roots: 0.1ms
[2025-04-02T16:36:11.450-0400][27.682s][info ][gc,phases   ] GC(35)   Evacuate Collection Set: 6.5ms
[2025-04-02T16:36:11.450-0400][27.682s][info ][gc,phases   ] GC(35)   Post Evacuate Collection Set: 1.3ms
[2025-04-02T16:36:11.450-0400][27.682s][info ][gc,phases   ] GC(35)   Other: 0.1ms
[2025-04-02T16:36:11.450-0400][27.682s][info ][gc,heap     ] GC(35) Eden regions: 288->0(282)
[2025-04-02T16:36:11.450-0400][27.682s][info ][gc,heap     ] GC(35) Survivor regions: 19->25(39)
[2025-04-02T16:36:11.450-0400][27.682s][info ][gc,heap     ] GC(35) Old regions: 128->128
[2025-04-02T16:36:11.450-0400][27.682s][info ][gc,heap     ] GC(35) Archive regions: 0->0
[2025-04-02T16:36:11.450-0400][27.682s][info ][gc,heap     ] GC(35) Humongous regions: 0->0
[2025-04-02T16:36:11.450-0400][27.682s][info ][gc,metaspace] GC(35) Metaspace: 158372K(159488K)->158372K(159488K) NonClass: 138937K(139520K)->138937K(139520K) Class: 19434K(19968K)->19434K(19968K)
[2025-04-02T16:36:11.450-0400][27.682s][info ][gc          ] GC(35) Pause Young (Normal) (G1 Evacuation Pause) 433M->151M(512M) 8.331ms
[2025-04-02T16:36:11.450-0400][27.682s][info ][gc,cpu      ] GC(35) User=0.00s Sys=0.00s Real=0.01s
[2025-04-02T16:36:11.450-0400][27.682s][info ][safepoint   ] Safepoint "G1CollectForAllocation", Time since last: 45194500 ns, Reaching safepoint: 43300 ns, Cleanup: 8700 ns, At safepoint: 8394600 ns, Total: 8446600 ns
[2025-04-02T16:36:11.792-0400][28.024s][debug][safepoint   ] Safepoint synchronization initiated using striped semaphore wait barrier. (209 threads)
[2025-04-02T16:36:11.797-0400][28.029s][info ][safepoint   ] Safepoint "ICBufferFull", Time since last: 342210500 ns, Reaching safepoint: 4951400 ns, Cleanup: 73300 ns, At safepoint: 27800 ns, Total: 5052500 ns
[2025-04-02T16:36:12.023-0400][28.256s][debug][safepoint   ] Safepoint synchronization initiated using striped semaphore wait barrier. (213 threads)
[2025-04-02T16:36:12.023-0400][28.256s][info ][gc,start    ] GC(36) Pause Young (Normal) (G1 Evacuation Pause)
[2025-04-02T16:36:12.023-0400][28.256s][info ][gc,task     ] GC(36) Using 23 workers of 23 for evacuation
[2025-04-02T16:36:12.031-0400][28.264s][info ][gc,phases   ] GC(36)   Pre Evacuate Collection Set: 0.2ms
[2025-04-02T16:36:12.031-0400][28.264s][info ][gc,phases   ] GC(36)   Merge Heap Roots: 0.2ms
[2025-04-02T16:36:12.031-0400][28.264s][info ][gc,phases   ] GC(36)   Evacuate Collection Set: 6.9ms
[2025-04-02T16:36:12.031-0400][28.264s][info ][gc,phases   ] GC(36)   Post Evacuate Collection Set: 1.0ms
[2025-04-02T16:36:12.031-0400][28.264s][info ][gc,phases   ] GC(36)   Other: 0.1ms
[2025-04-02T16:36:12.031-0400][28.264s][info ][gc,heap     ] GC(36) Eden regions: 282->0(275)
[2025-04-02T16:36:12.031-0400][28.264s][info ][gc,heap     ] GC(36) Survivor regions: 25->26(39)
[2025-04-02T16:36:12.031-0400][28.264s][info ][gc,heap     ] GC(36) Old regions: 128->133
[2025-04-02T16:36:12.031-0400][28.264s][info ][gc,heap     ] GC(36) Archive regions: 0->0
[2025-04-02T16:36:12.031-0400][28.264s][info ][gc,heap     ] GC(36) Humongous regions: 0->0
[2025-04-02T16:36:12.031-0400][28.264s][info ][gc,metaspace] GC(36) Metaspace: 162617K(163840K)->162617K(163840K) NonClass: 142618K(143232K)->142618K(143232K) Class: 19998K(20608K)->19998K(20608K)
[2025-04-02T16:36:12.031-0400][28.264s][info ][gc          ] GC(36) Pause Young (Normal) (G1 Evacuation Pause) 433M->158M(512M) 8.446ms
[2025-04-02T16:36:12.031-0400][28.264s][info ][gc,cpu      ] GC(36) User=0.00s Sys=0.00s Real=0.01s
[2025-04-02T16:36:12.031-0400][28.264s][info ][safepoint   ] Safepoint "G1CollectForAllocation", Time since last: 226192000 ns, Reaching safepoint: 326200 ns, Cleanup: 57500 ns, At safepoint: 8569400 ns, Total: 8953100 ns
[2025-04-02T16:36:12.170-0400][28.403s][debug][safepoint   ] Safepoint synchronization initiated using striped semaphore wait barrier. (220 threads)
[2025-04-02T16:36:12.175-0400][28.408s][info ][safepoint   ] Safepoint "ICBufferFull", Time since last: 138668800 ns, Reaching safepoint: 4414000 ns, Cleanup: 121300 ns, At safepoint: 13300 ns, Total: 4548600 ns
[2025-04-02T16:36:12.346-0400][28.578s][debug][safepoint   ] Safepoint synchronization initiated using striped semaphore wait barrier. (252 threads)
[2025-04-02T16:36:12.346-0400][28.579s][info ][gc,start    ] GC(37) Pause Young (Concurrent Start) (Metadata GC Threshold)
[2025-04-02T16:36:12.346-0400][28.579s][info ][gc,task     ] GC(37) Using 23 workers of 23 for evacuation
[2025-04-02T16:36:12.354-0400][28.587s][info ][gc,phases   ] GC(37)   Pre Evacuate Collection Set: 0.2ms
[2025-04-02T16:36:12.354-0400][28.587s][info ][gc,phases   ] GC(37)   Merge Heap Roots: 0.1ms
[2025-04-02T16:36:12.354-0400][28.587s][info ][gc,phases   ] GC(37)   Evacuate Collection Set: 6.8ms
[2025-04-02T16:36:12.354-0400][28.587s][info ][gc,phases   ] GC(37)   Post Evacuate Collection Set: 0.7ms
[2025-04-02T16:36:12.354-0400][28.587s][info ][gc,phases   ] GC(37)   Other: 0.2ms
[2025-04-02T16:36:12.354-0400][28.587s][info ][gc,heap     ] GC(37) Eden regions: 110->0(275)
[2025-04-02T16:36:12.354-0400][28.587s][info ][gc,heap     ] GC(37) Survivor regions: 26->23(38)
[2025-04-02T16:36:12.354-0400][28.587s][info ][gc,heap     ] GC(37) Old regions: 133->139
[2025-04-02T16:36:12.354-0400][28.587s][info ][gc,heap     ] GC(37) Archive regions: 0->0
[2025-04-02T16:36:12.354-0400][28.587s][info ][gc,heap     ] GC(37) Humongous regions: 0->0
[2025-04-02T16:36:12.355-0400][28.587s][info ][gc,metaspace] GC(37) Metaspace: 166625K(167808K)->166625K(167808K) NonClass: 146165K(146752K)->146165K(146752K) Class: 20460K(21056K)->20460K(21056K)
[2025-04-02T16:36:12.355-0400][28.587s][info ][gc          ] GC(37) Pause Young (Concurrent Start) (Metadata GC Threshold) 268M->161M(512M) 8.089ms
[2025-04-02T16:36:12.355-0400][28.587s][info ][gc,cpu      ] GC(37) User=0.00s Sys=0.00s Real=0.01s
[2025-04-02T16:36:12.355-0400][28.587s][info ][gc          ] GC(38) Concurrent Mark Cycle
[2025-04-02T16:36:12.355-0400][28.587s][info ][gc,marking  ] GC(38) Concurrent Clear Claimed Marks
[2025-04-02T16:36:12.355-0400][28.587s][info ][safepoint   ] Safepoint "CollectForMetadataAllocation", Time since last: 170763200 ns, Reaching safepoint: 261900 ns, Cleanup: 82200 ns, At safepoint: 8214600 ns, Total: 8558700 ns
[2025-04-02T16:36:12.355-0400][28.587s][info ][gc,marking  ] GC(38) Concurrent Clear Claimed Marks 0.081ms
[2025-04-02T16:36:12.355-0400][28.587s][info ][gc,marking  ] GC(38) Concurrent Scan Root Regions
[2025-04-02T16:36:12.355-0400][28.587s][debug][safepoint   ] Safepoint synchronization initiated using striped semaphore wait barrier. (252 threads)
[2025-04-02T16:36:12.355-0400][28.588s][info ][safepoint   ] Safepoint "CollectForMetadataAllocation", Time since last: 288900 ns, Reaching safepoint: 223400 ns, Cleanup: 2900 ns, At safepoint: 22400 ns, Total: 248700 ns
[2025-04-02T16:36:12.356-0400][28.588s][debug][safepoint   ] Safepoint synchronization initiated using striped semaphore wait barrier. (252 threads)
[2025-04-02T16:36:12.356-0400][28.589s][info ][safepoint   ] Safepoint "CollectForMetadataAllocation", Time since last: 382500 ns, Reaching safepoint: 542000 ns, Cleanup: 1700 ns, At safepoint: 176000 ns, Total: 719700 ns
[2025-04-02T16:36:12.358-0400][28.591s][info ][gc,marking  ] GC(38) Concurrent Scan Root Regions 3.371ms
[2025-04-02T16:36:12.358-0400][28.591s][info ][gc,marking  ] GC(38) Concurrent Mark
[2025-04-02T16:36:12.358-0400][28.591s][info ][gc,marking  ] GC(38) Concurrent Mark From Roots
[2025-04-02T16:36:12.358-0400][28.591s][info ][gc,task     ] GC(38) Using 6 workers of 6 for marking
[2025-04-02T16:36:12.375-0400][28.607s][info ][gc,marking  ] GC(38) Concurrent Mark From Roots 16.746ms
[2025-04-02T16:36:12.375-0400][28.607s][info ][gc,marking  ] GC(38) Concurrent Preclean
[2025-04-02T16:36:12.375-0400][28.608s][info ][gc,marking  ] GC(38) Concurrent Preclean 0.298ms
[2025-04-02T16:36:12.375-0400][28.608s][debug][safepoint   ] Safepoint synchronization initiated using striped semaphore wait barrier. (253 threads)
[2025-04-02T16:36:12.378-0400][28.610s][info ][gc,start    ] GC(38) Pause Remark
[2025-04-02T16:36:12.385-0400][28.618s][info ][gc          ] GC(38) Pause Remark 172M->172M(512M) 7.599ms
[2025-04-02T16:36:12.385-0400][28.618s][info ][gc,cpu      ] GC(38) User=0.00s Sys=0.00s Real=0.01s
[2025-04-02T16:36:12.385-0400][28.618s][info ][safepoint   ] Safepoint "G1PauseRemark", Time since last: 19051400 ns, Reaching safepoint: 2215000 ns, Cleanup: 35200 ns, At safepoint: 7835400 ns, Total: 10085600 ns
[2025-04-02T16:36:12.385-0400][28.618s][info ][gc,marking  ] GC(38) Concurrent Mark 27.255ms
[2025-04-02T16:36:12.386-0400][28.618s][info ][gc,marking  ] GC(38) Concurrent Rebuild Remembered Sets
[2025-04-02T16:36:12.401-0400][28.633s][info ][gc,marking  ] GC(38) Concurrent Rebuild Remembered Sets 15.382ms
[2025-04-02T16:36:12.401-0400][28.633s][debug][safepoint   ] Safepoint synchronization initiated using striped semaphore wait barrier. (253 threads)
[2025-04-02T16:36:12.401-0400][28.633s][debug][safepoint   ] ... found polling page loop exception at pc = 0x0000020b709565a9, stub =0x0000020b6fee7700
[2025-04-02T16:36:12.406-0400][28.638s][info ][gc,start    ] GC(38) Pause Cleanup
[2025-04-02T16:36:12.406-0400][28.638s][info ][gc          ] GC(38) Pause Cleanup 173M->173M(512M) 0.222ms
[2025-04-02T16:36:12.406-0400][28.638s][info ][gc,cpu      ] GC(38) User=0.00s Sys=0.00s Real=0.00s
[2025-04-02T16:36:12.406-0400][28.638s][info ][safepoint   ] Safepoint "G1PauseCleanup", Time since last: 15553000 ns, Reaching safepoint: 4596600 ns, Cleanup: 24800 ns, At safepoint: 353600 ns, Total: 4975000 ns
[2025-04-02T16:36:12.406-0400][28.638s][info ][gc,marking  ] GC(38) Concurrent Cleanup for Next Mark
[2025-04-02T16:36:12.406-0400][28.639s][info ][gc,marking  ] GC(38) Concurrent Cleanup for Next Mark 0.203ms
[2025-04-02T16:36:12.406-0400][28.639s][info ][gc          ] GC(38) Concurrent Mark Cycle 51.590ms
[2025-04-02T16:36:12.561-0400][28.794s][debug][safepoint   ] Safepoint synchronization initiated using striped semaphore wait barrier. (254 threads)
[2025-04-02T16:36:12.562-0400][28.794s][info ][safepoint   ] Safepoint "ICBufferFull", Time since last: 155711100 ns, Reaching safepoint: 242900 ns, Cleanup: 66900 ns, At safepoint: 7700 ns, Total: 317500 ns
[2025-04-02T16:36:12.664-0400][28.896s][debug][safepoint   ] Safepoint synchronization initiated using striped semaphore wait barrier. (268 threads)
[2025-04-02T16:36:12.664-0400][28.897s][info ][safepoint   ] Safepoint "ICBufferFull", Time since last: 102018300 ns, Reaching safepoint: 266900 ns, Cleanup: 80000 ns, At safepoint: 13500 ns, Total: 360400 ns
[2025-04-02T16:36:12.750-0400][28.983s][debug][safepoint   ] Safepoint synchronization initiated using striped semaphore wait barrier. (273 threads)
[2025-04-02T16:36:12.751-0400][28.983s][info ][safepoint   ] Safepoint "ICBufferFull", Time since last: 86345800 ns, Reaching safepoint: 279300 ns, Cleanup: 79000 ns, At safepoint: 11000 ns, Total: 369300 ns
[2025-04-02T16:36:12.932-0400][29.165s][debug][safepoint   ] ... found polling page loop exception at pc = 0x0000020b69c3ba17, stub =0x0000020b6fee7700
[2025-04-02T16:36:12.962-0400][29.195s][debug][safepoint   ] Safepoint synchronization initiated using striped semaphore wait barrier. (274 threads)
[2025-04-02T16:36:12.963-0400][29.196s][info ][safepoint   ] Safepoint "ICBufferFull", Time since last: 211970200 ns, Reaching safepoint: 38100 ns, Cleanup: 70900 ns, At safepoint: 6600 ns, Total: 115600 ns
[2025-04-02T16:36:13.850-0400][30.083s][debug][safepoint   ] Safepoint synchronization initiated using striped semaphore wait barrier. (265 threads)
[2025-04-02T16:36:13.850-0400][30.083s][info ][gc,start    ] GC(39) Pause Young (Prepare Mixed) (G1 Evacuation Pause)
[2025-04-02T16:36:13.850-0400][30.083s][info ][gc,task     ] GC(39) Using 23 workers of 23 for evacuation
[2025-04-02T16:36:13.857-0400][30.090s][info ][gc,phases   ] GC(39)   Pre Evacuate Collection Set: 0.1ms
[2025-04-02T16:36:13.857-0400][30.090s][info ][gc,phases   ] GC(39)   Merge Heap Roots: 0.1ms
[2025-04-02T16:36:13.857-0400][30.090s][info ][gc,phases   ] GC(39)   Evacuate Collection Set: 5.6ms
[2025-04-02T16:36:13.857-0400][30.090s][info ][gc,phases   ] GC(39)   Post Evacuate Collection Set: 1.1ms
[2025-04-02T16:36:13.857-0400][30.090s][info ][gc,phases   ] GC(39)   Other: 0.1ms
[2025-04-02T16:36:13.857-0400][30.090s][info ][gc,heap     ] GC(39) Eden regions: 275->0(5)
[2025-04-02T16:36:13.857-0400][30.090s][info ][gc,heap     ] GC(39) Survivor regions: 23->20(38)
[2025-04-02T16:36:13.857-0400][30.090s][info ][gc,heap     ] GC(39) Old regions: 139->145
[2025-04-02T16:36:13.857-0400][30.090s][info ][gc,heap     ] GC(39) Archive regions: 0->0
[2025-04-02T16:36:13.857-0400][30.090s][info ][gc,heap     ] GC(39) Humongous regions: 0->0
[2025-04-02T16:36:13.857-0400][30.090s][info ][gc,metaspace] GC(39) Metaspace: 172148K(173568K)->172148K(173568K) NonClass: 150929K(151680K)->150929K(151680K) Class: 21218K(21888K)->21218K(21888K)
[2025-04-02T16:36:13.857-0400][30.090s][info ][gc          ] GC(39) Pause Young (Prepare Mixed) (G1 Evacuation Pause) 436M->164M(512M) 7.093ms
[2025-04-02T16:36:13.857-0400][30.090s][info ][gc,cpu      ] GC(39) User=0.00s Sys=0.00s Real=0.01s
[2025-04-02T16:36:13.857-0400][30.090s][info ][safepoint   ] Safepoint "G1CollectForAllocation", Time since last: 887182900 ns, Reaching safepoint: 43000 ns, Cleanup: 45200 ns, At safepoint: 7197400 ns, Total: 7285600 ns
[2025-04-02T16:36:13.931-0400][30.164s][debug][safepoint   ] Safepoint synchronization initiated using striped semaphore wait barrier. (264 threads)
[2025-04-02T16:36:13.931-0400][30.164s][info ][gc,start    ] GC(40) Pause Young (Mixed) (G1 Evacuation Pause)
[2025-04-02T16:36:13.931-0400][30.164s][info ][gc,task     ] GC(40) Using 23 workers of 23 for evacuation
[2025-04-02T16:36:13.938-0400][30.170s][info ][gc,phases   ] GC(40)   Pre Evacuate Collection Set: 0.2ms
[2025-04-02T16:36:13.938-0400][30.170s][info ][gc,phases   ] GC(40)   Merge Heap Roots: 0.2ms
[2025-04-02T16:36:13.938-0400][30.170s][info ][gc,phases   ] GC(40)   Evacuate Collection Set: 5.1ms
[2025-04-02T16:36:13.938-0400][30.170s][info ][gc,phases   ] GC(40)   Post Evacuate Collection Set: 0.8ms
[2025-04-02T16:36:13.938-0400][30.170s][info ][gc,phases   ] GC(40)   Other: 0.1ms
[2025-04-02T16:36:13.938-0400][30.170s][info ][gc,heap     ] GC(40) Eden regions: 5->0(284)
[2025-04-02T16:36:13.938-0400][30.170s][info ][gc,heap     ] GC(40) Survivor regions: 20->1(4)
[2025-04-02T16:36:13.938-0400][30.170s][info ][gc,heap     ] GC(40) Old regions: 145->155
[2025-04-02T16:36:13.938-0400][30.170s][info ][gc,heap     ] GC(40) Archive regions: 0->0
[2025-04-02T16:36:13.938-0400][30.170s][info ][gc,heap     ] GC(40) Humongous regions: 0->0
[2025-04-02T16:36:13.938-0400][30.170s][info ][gc,metaspace] GC(40) Metaspace: 172149K(173568K)->172149K(173568K) NonClass: 150930K(151680K)->150930K(151680K) Class: 21218K(21888K)->21218K(21888K)
[2025-04-02T16:36:13.938-0400][30.170s][info ][gc          ] GC(40) Pause Young (Mixed) (G1 Evacuation Pause) 169M->155M(512M) 6.438ms
[2025-04-02T16:36:13.938-0400][30.170s][info ][gc,cpu      ] GC(40) User=0.00s Sys=0.00s Real=0.01s
[2025-04-02T16:36:13.938-0400][30.170s][info ][safepoint   ] Safepoint "G1CollectForAllocation", Time since last: 73898200 ns, Reaching safepoint: 35100 ns, Cleanup: 5400 ns, At safepoint: 6533400 ns, Total: 6573900 ns
[2025-04-02T16:36:14.939-0400][31.171s][debug][safepoint   ] Safepoint synchronization initiated using striped semaphore wait barrier. (264 threads)
[2025-04-02T16:36:14.939-0400][31.171s][debug][safepoint   ] ... found polling page loop exception at pc = 0x0000020b71096b77, stub =0x0000020b6fee7700
[2025-04-02T16:36:14.939-0400][31.171s][info ][safepoint   ] Safepoint "Cleanup", Time since last: 1000606400 ns, Reaching safepoint: 60400 ns, Cleanup: 6200 ns, At safepoint: 3700 ns, Total: 70300 ns
[2025-04-02T16:36:15.940-0400][32.172s][debug][safepoint   ] Safepoint synchronization initiated using striped semaphore wait barrier. (267 threads)
[2025-04-02T16:36:15.940-0400][32.172s][info ][safepoint   ] Safepoint "Cleanup", Time since last: 1000585900 ns, Reaching safepoint: 51400 ns, Cleanup: 26800 ns, At safepoint: 1600 ns, Total: 79800 ns
[2025-04-02T16:36:16.940-0400][33.172s][debug][safepoint   ] Safepoint synchronization initiated using striped semaphore wait barrier. (266 threads)
[2025-04-02T16:36:16.940-0400][33.172s][info ][safepoint   ] Safepoint "Cleanup", Time since last: 1000175000 ns, Reaching safepoint: 41100 ns, Cleanup: 22200 ns, At safepoint: 1200 ns, Total: 64500 ns
[2025-04-02T16:36:17.940-0400][34.172s][debug][safepoint   ] Safepoint synchronization initiated using striped semaphore wait barrier. (264 threads)
[2025-04-02T16:36:17.940-0400][34.172s][info ][safepoint   ] Safepoint "Cleanup", Time since last: 1000174500 ns, Reaching safepoint: 38500 ns, Cleanup: 27400 ns, At safepoint: 1800 ns, Total: 67700 ns
[2025-04-02T16:36:18.941-0400][35.173s][debug][safepoint   ] Safepoint synchronization initiated using striped semaphore wait barrier. (263 threads)
[2025-04-02T16:36:18.941-0400][35.173s][info ][safepoint   ] Safepoint "Cleanup", Time since last: 1000494600 ns, Reaching safepoint: 152500 ns, Cleanup: 6700 ns, At safepoint: 1100 ns, Total: 160300 ns
[2025-04-02T16:36:21.507-0400][37.740s][debug][safepoint   ] Safepoint synchronization initiated using striped semaphore wait barrier. (264 threads)
[2025-04-02T16:36:21.508-0400][37.740s][info ][gc,start    ] GC(41) Pause Young (Normal) (G1 Preventive Collection)
[2025-04-02T16:36:21.508-0400][37.740s][info ][gc,task     ] GC(41) Using 23 workers of 23 for evacuation
[2025-04-02T16:36:21.513-0400][37.745s][info ][gc,phases   ] GC(41)   Pre Evacuate Collection Set: 0.1ms
[2025-04-02T16:36:21.513-0400][37.745s][info ][gc,phases   ] GC(41)   Merge Heap Roots: 0.1ms
[2025-04-02T16:36:21.513-0400][37.745s][info ][gc,phases   ] GC(41)   Evacuate Collection Set: 3.8ms
[2025-04-02T16:36:21.513-0400][37.745s][info ][gc,phases   ] GC(41)   Post Evacuate Collection Set: 1.2ms
[2025-04-02T16:36:21.513-0400][37.745s][info ][gc,phases   ] GC(41)   Other: 0.1ms
[2025-04-02T16:36:21.513-0400][37.745s][info ][gc,heap     ] GC(41) Eden regions: 259->0(278)
[2025-04-02T16:36:21.513-0400][37.745s][info ][gc,heap     ] GC(41) Survivor regions: 1->5(36)
[2025-04-02T16:36:21.513-0400][37.745s][info ][gc,heap     ] GC(41) Old regions: 155->155
[2025-04-02T16:36:21.513-0400][37.745s][info ][gc,heap     ] GC(41) Archive regions: 0->0
[2025-04-02T16:36:21.513-0400][37.745s][info ][gc,heap     ] GC(41) Humongous regions: 87->3
[2025-04-02T16:36:21.513-0400][37.745s][info ][gc,metaspace] GC(41) Metaspace: 174661K(176000K)->174661K(176000K) NonClass: 153164K(153920K)->153164K(153920K) Class: 21496K(22080K)->21496K(22080K)
[2025-04-02T16:36:21.513-0400][37.745s][info ][gc          ] GC(41) Pause Young (Normal) (G1 Preventive Collection) 501M->161M(512M) 5.424ms
[2025-04-02T16:36:21.513-0400][37.745s][info ][gc,cpu      ] GC(41) User=0.00s Sys=0.00s Real=0.01s
[2025-04-02T16:36:21.513-0400][37.745s][info ][safepoint   ] Safepoint "G1CollectForAllocation", Time since last: 2566793300 ns, Reaching safepoint: 52600 ns, Cleanup: 32400 ns, At safepoint: 5510300 ns, Total: 5595300 ns
[2025-04-02T16:36:21.661-0400][37.893s][debug][safepoint   ] ... found polling page loop exception at pc = 0x0000020b70bae97b, stub =0x0000020b6fee7700
[2025-04-02T16:36:21.907-0400][38.139s][debug][safepoint   ] Safepoint synchronization initiated using striped semaphore wait barrier. (273 threads)
[2025-04-02T16:36:21.907-0400][38.139s][info ][safepoint   ] Safepoint "ICBufferFull", Time since last: 393929900 ns, Reaching safepoint: 55800 ns, Cleanup: 86700 ns, At safepoint: 3800 ns, Total: 146300 ns
[2025-04-02T16:36:22.081-0400][38.314s][debug][safepoint   ] Safepoint synchronization initiated using striped semaphore wait barrier. (275 threads)
[2025-04-02T16:36:22.082-0400][38.314s][info ][safepoint   ] Safepoint "ICBufferFull", Time since last: 174277400 ns, Reaching safepoint: 84300 ns, Cleanup: 72000 ns, At safepoint: 11000 ns, Total: 167300 ns
[2025-04-02T16:36:23.082-0400][39.314s][debug][safepoint   ] Safepoint synchronization initiated using striped semaphore wait barrier. (269 threads)
[2025-04-02T16:36:23.082-0400][39.314s][info ][safepoint   ] Safepoint "Cleanup", Time since last: 1000208600 ns, Reaching safepoint: 75400 ns, Cleanup: 19300 ns, At safepoint: 1500 ns, Total: 96200 ns
[2025-04-02T16:36:25.083-0400][41.315s][debug][safepoint   ] Safepoint synchronization initiated using striped semaphore wait barrier. (267 threads)
[2025-04-02T16:36:25.083-0400][41.315s][info ][safepoint   ] Safepoint "Cleanup", Time since last: 2000890300 ns, Reaching safepoint: 117800 ns, Cleanup: 14000 ns, At safepoint: 2200 ns, Total: 134000 ns
[2025-04-02T16:36:26.084-0400][42.316s][debug][safepoint   ] Safepoint synchronization initiated using striped semaphore wait barrier. (267 threads)
[2025-04-02T16:36:26.084-0400][42.316s][info ][safepoint   ] Safepoint "Cleanup", Time since last: 1000713200 ns, Reaching safepoint: 137100 ns, Cleanup: 6100 ns, At safepoint: 1200 ns, Total: 144400 ns
[2025-04-02T16:36:37.091-0400][53.323s][debug][safepoint   ] Safepoint synchronization initiated using striped semaphore wait barrier. (267 threads)
[2025-04-02T16:36:37.091-0400][53.323s][info ][safepoint   ] Safepoint "Cleanup", Time since last: 11006662100 ns, Reaching safepoint: 49000 ns, Cleanup: 6900 ns, At safepoint: 1200 ns, Total: 57100 ns
[2025-04-02T16:36:57.840-0400][74.072s][debug][safepoint   ] Safepoint synchronization initiated using striped semaphore wait barrier. (267 threads)
[2025-04-02T16:36:57.840-0400][74.072s][info ][safepoint   ] Safepoint "Cleanup", Time since last: 20749520700 ns, Reaching safepoint: 134500 ns, Cleanup: 6800 ns, At safepoint: 1200 ns, Total: 142500 ns
[2025-04-02T16:37:02.843-0400][79.075s][debug][safepoint   ] Safepoint synchronization initiated using striped semaphore wait barrier. (270 threads)
[2025-04-02T16:37:02.843-0400][79.075s][info ][safepoint   ] Safepoint "Cleanup", Time since last: 5002326600 ns, Reaching safepoint: 40100 ns, Cleanup: 24800 ns, At safepoint: 1700 ns, Total: 66600 ns
[2025-04-02T16:37:03.843-0400][80.075s][debug][safepoint   ] Safepoint synchronization initiated using striped semaphore wait barrier. (270 threads)
[2025-04-02T16:37:03.843-0400][80.075s][info ][safepoint   ] Safepoint "Cleanup", Time since last: 1000164100 ns, Reaching safepoint: 69300 ns, Cleanup: 7500 ns, At safepoint: 1500 ns, Total: 78300 ns
[2025-04-02T16:37:11.848-0400][88.080s][debug][safepoint   ] Safepoint synchronization initiated using striped semaphore wait barrier. (264 threads)
[2025-04-02T16:37:11.848-0400][88.081s][info ][safepoint   ] Safepoint "Cleanup", Time since last: 8005399200 ns, Reaching safepoint: 62600 ns, Cleanup: 17700 ns, At safepoint: 2000 ns, Total: 82300 ns
[2025-04-02T16:37:12.849-0400][89.081s][debug][safepoint   ] Safepoint synchronization initiated using striped semaphore wait barrier. (259 threads)
[2025-04-02T16:37:12.849-0400][89.081s][info ][safepoint   ] Safepoint "Cleanup", Time since last: 1000671200 ns, Reaching safepoint: 182500 ns, Cleanup: 14000 ns, At safepoint: 1500 ns, Total: 198000 ns
[2025-04-02T16:37:12.980-0400][89.212s][debug][safepoint   ] Safepoint synchronization initiated using striped semaphore wait barrier. (258 threads)
[2025-04-02T16:37:12.980-0400][89.212s][info ][gc,start    ] GC(42) Pause Young (Normal) (G1 Evacuation Pause)
[2025-04-02T16:37:12.980-0400][89.212s][info ][gc,task     ] GC(42) Using 23 workers of 23 for evacuation
[2025-04-02T16:37:12.988-0400][89.220s][info ][gc,phases   ] GC(42)   Pre Evacuate Collection Set: 0.1ms
[2025-04-02T16:37:12.988-0400][89.220s][info ][gc,phases   ] GC(42)   Merge Heap Roots: 0.1ms
[2025-04-02T16:37:12.988-0400][89.220s][info ][gc,phases   ] GC(42)   Evacuate Collection Set: 6.7ms
[2025-04-02T16:37:12.988-0400][89.220s][info ][gc,phases   ] GC(42)   Post Evacuate Collection Set: 0.9ms
[2025-04-02T16:37:12.988-0400][89.220s][info ][gc,phases   ] GC(42)   Other: 0.1ms
[2025-04-02T16:37:12.988-0400][89.220s][info ][gc,heap     ] GC(42) Eden regions: 278->0(273)
[2025-04-02T16:37:12.988-0400][89.220s][info ][gc,heap     ] GC(42) Survivor regions: 5->10(36)
[2025-04-02T16:37:12.988-0400][89.220s][info ][gc,heap     ] GC(42) Old regions: 155->155
[2025-04-02T16:37:12.988-0400][89.220s][info ][gc,heap     ] GC(42) Archive regions: 0->0
[2025-04-02T16:37:12.988-0400][89.220s][info ][gc,heap     ] GC(42) Humongous regions: 14->2
[2025-04-02T16:37:12.988-0400][89.220s][info ][gc,metaspace] GC(42) Metaspace: 180002K(181376K)->180002K(181376K) NonClass: 157966K(158720K)->157966K(158720K) Class: 22035K(22656K)->22035K(22656K)
[2025-04-02T16:37:12.988-0400][89.220s][info ][gc          ] GC(42) Pause Young (Normal) (G1 Evacuation Pause) 450M->166M(512M) 8.010ms
[2025-04-02T16:37:12.988-0400][89.220s][info ][gc,cpu      ] GC(42) User=0.05s Sys=0.00s Real=0.01s
[2025-04-02T16:37:12.988-0400][89.220s][info ][safepoint   ] Safepoint "G1CollectForAllocation", Time since last: 130522300 ns, Reaching safepoint: 38900 ns, Cleanup: 7400 ns, At safepoint: 8097800 ns, Total: 8144100 ns
[2025-04-02T16:37:13.988-0400][90.220s][debug][safepoint   ] Safepoint synchronization initiated using striped semaphore wait barrier. (258 threads)
[2025-04-02T16:37:13.988-0400][90.220s][info ][safepoint   ] Safepoint "Cleanup", Time since last: 1000204300 ns, Reaching safepoint: 53900 ns, Cleanup: 7700 ns, At safepoint: 1600 ns, Total: 63200 ns
[2025-04-02T16:37:15.008-0400][91.241s][debug][safepoint   ] Safepoint synchronization initiated using striped semaphore wait barrier. (259 threads)
[2025-04-02T16:37:15.008-0400][91.241s][info ][safepoint   ] Safepoint "Cleanup", Time since last: 1020232400 ns, Reaching safepoint: 52900 ns, Cleanup: 27200 ns, At safepoint: 1300 ns, Total: 81400 ns
[2025-04-02T16:37:20.011-0400][96.243s][debug][safepoint   ] Safepoint synchronization initiated using striped semaphore wait barrier. (257 threads)
[2025-04-02T16:37:20.011-0400][96.243s][info ][safepoint   ] Safepoint "Cleanup", Time since last: 5002321200 ns, Reaching safepoint: 103000 ns, Cleanup: 7400 ns, At safepoint: 1700 ns, Total: 112100 ns
[2025-04-02T16:37:32.017-0400][108.249s][debug][safepoint   ] Safepoint synchronization initiated using striped semaphore wait barrier. (255 threads)
[2025-04-02T16:37:32.017-0400][108.249s][info ][safepoint   ] Safepoint "Cleanup", Time since last: 12005758600 ns, Reaching safepoint: 49000 ns, Cleanup: 7800 ns, At safepoint: 1600 ns, Total: 58400 ns
[2025-04-02T16:37:42.023-0400][118.255s][debug][safepoint   ] Safepoint synchronization initiated using striped semaphore wait barrier. (255 threads)
[2025-04-02T16:37:42.023-0400][118.255s][info ][safepoint   ] Safepoint "Cleanup", Time since last: 10005698400 ns, Reaching safepoint: 56000 ns, Cleanup: 8100 ns, At safepoint: 1200 ns, Total: 65300 ns
[2025-04-02T16:37:50.966-0400][127.199s][debug][safepoint   ] Safepoint synchronization initiated using striped semaphore wait barrier. (255 threads)
[2025-04-02T16:37:50.966-0400][127.199s][info ][safepoint   ] Safepoint "Cleanup", Time since last: 8944049000 ns, Reaching safepoint: 50200 ns, Cleanup: 4700 ns, At safepoint: 1500 ns, Total: 56400 ns
[2025-04-02T16:38:12.981-0400][149.213s][debug][safepoint   ] Safepoint synchronization initiated using striped semaphore wait barrier. (250 threads)
[2025-04-02T16:38:12.981-0400][149.213s][info ][safepoint   ] Safepoint "Cleanup", Time since last: 22014471300 ns, Reaching safepoint: 51400 ns, Cleanup: 5700 ns, At safepoint: 1600 ns, Total: 58700 ns
[2025-04-02T16:38:14.982-0400][151.215s][debug][safepoint   ] Safepoint synchronization initiated using striped semaphore wait barrier. (250 threads)
[2025-04-02T16:38:14.982-0400][151.215s][info ][safepoint   ] Safepoint "Cleanup", Time since last: 2001223500 ns, Reaching safepoint: 69200 ns, Cleanup: 8200 ns, At safepoint: 2100 ns, Total: 79500 ns
[2025-04-02T16:38:15.983-0400][152.215s][debug][safepoint   ] Safepoint synchronization initiated using striped semaphore wait barrier. (250 threads)
[2025-04-02T16:38:15.983-0400][152.215s][info ][safepoint   ] Safepoint "Cleanup", Time since last: 1000252800 ns, Reaching safepoint: 144700 ns, Cleanup: 10100 ns, At safepoint: 1500 ns, Total: 156300 ns
[2025-04-02T16:38:20.985-0400][157.217s][debug][safepoint   ] Safepoint synchronization initiated using striped semaphore wait barrier. (249 threads)
[2025-04-02T16:38:20.985-0400][157.217s][info ][safepoint   ] Safepoint "Cleanup", Time since last: 5001771800 ns, Reaching safepoint: 140400 ns, Cleanup: 6200 ns, At safepoint: 1400 ns, Total: 148000 ns
[2025-04-02T16:38:50.396-0400][186.628s][debug][safepoint   ] Safepoint synchronization initiated using striped semaphore wait barrier. (249 threads)
[2025-04-02T16:38:50.396-0400][186.628s][info ][safepoint   ] Safepoint "Cleanup", Time since last: 29410991500 ns, Reaching safepoint: 120599 ns, Cleanup: 10301 ns, At safepoint: 1100 ns, Total: 132000 ns
[2025-04-02T16:39:03.404-0400][199.636s][debug][safepoint   ] Safepoint synchronization initiated using striped semaphore wait barrier. (249 threads)
[2025-04-02T16:39:03.404-0400][199.636s][info ][safepoint   ] Safepoint "Cleanup", Time since last: 13008086099 ns, Reaching safepoint: 83401 ns, Cleanup: 11899 ns, At safepoint: 1901 ns, Total: 97201 ns
[2025-04-02T16:39:13.408-0400][209.640s][debug][safepoint   ] Safepoint synchronization initiated using striped semaphore wait barrier. (246 threads)
[2025-04-02T16:39:13.408-0400][209.640s][info ][safepoint   ] Safepoint "Cleanup", Time since last: 10003806500 ns, Reaching safepoint: 93700 ns, Cleanup: 8300 ns, At safepoint: 1700 ns, Total: 103700 ns
[2025-04-02T16:39:15.408-0400][211.641s][debug][safepoint   ] Safepoint synchronization initiated using striped semaphore wait barrier. (247 threads)
[2025-04-02T16:39:15.408-0400][211.641s][info ][safepoint   ] Safepoint "Cleanup", Time since last: 2000462700 ns, Reaching safepoint: 151100 ns, Cleanup: 6900 ns, At safepoint: 1599 ns, Total: 159599 ns
[2025-04-02T16:39:16.409-0400][212.641s][debug][safepoint   ] Safepoint synchronization initiated using striped semaphore wait barrier. (247 threads)
[2025-04-02T16:39:16.409-0400][212.641s][info ][safepoint   ] Safepoint "Cleanup", Time since last: 1000328701 ns, Reaching safepoint: 39400 ns, Cleanup: 10299 ns, At safepoint: 1601 ns, Total: 51300 ns
[2025-04-02T16:39:21.410-0400][217.643s][debug][safepoint   ] Safepoint synchronization initiated using striped semaphore wait barrier. (245 threads)
[2025-04-02T16:39:21.410-0400][217.643s][info ][safepoint   ] Safepoint "Cleanup", Time since last: 5001428900 ns, Reaching safepoint: 57399 ns, Cleanup: 7201 ns, At safepoint: 1700 ns, Total: 66300 ns
[2025-04-02T16:40:02.431-0400][258.663s][debug][safepoint   ] Safepoint synchronization initiated using striped semaphore wait barrier. (245 threads)
[2025-04-02T16:40:02.431-0400][258.663s][info ][safepoint   ] Safepoint "Cleanup", Time since last: 41020381100 ns, Reaching safepoint: 50400 ns, Cleanup: 8200 ns, At safepoint: 1600 ns, Total: 60200 ns
[2025-04-02T16:40:10.435-0400][266.668s][debug][safepoint   ] Safepoint synchronization initiated using striped semaphore wait barrier. (245 threads)
[2025-04-02T16:40:10.435-0400][266.668s][info ][safepoint   ] Safepoint "Cleanup", Time since last: 8004602200 ns, Reaching safepoint: 46100 ns, Cleanup: 7800 ns, At safepoint: 1599 ns, Total: 55499 ns
[2025-04-02T16:40:13.437-0400][269.669s][debug][safepoint   ] Safepoint synchronization initiated using striped semaphore wait barrier. (243 threads)
[2025-04-02T16:40:13.437-0400][269.669s][info ][safepoint   ] Safepoint "Cleanup", Time since last: 3001449601 ns, Reaching safepoint: 51300 ns, Cleanup: 6900 ns, At safepoint: 1400 ns, Total: 59600 ns
[2025-04-02T16:40:17.439-0400][273.671s][debug][safepoint   ] Safepoint synchronization initiated using striped semaphore wait barrier. (244 threads)
[2025-04-02T16:40:17.439-0400][273.672s][info ][safepoint   ] Safepoint "Cleanup", Time since last: 4002230000 ns, Reaching safepoint: 55000 ns, Cleanup: 9699 ns, At safepoint: 1701 ns, Total: 66400 ns
[2025-04-02T16:40:33.448-0400][289.680s][debug][safepoint   ] Safepoint synchronization initiated using striped semaphore wait barrier. (242 threads)
[2025-04-02T16:40:33.448-0400][289.680s][info ][safepoint   ] Safepoint "Cleanup", Time since last: 16008355400 ns, Reaching safepoint: 88500 ns, Cleanup: 8299 ns, At safepoint: 7901 ns, Total: 104700 ns
[2025-04-02T16:40:48.455-0400][304.687s][debug][safepoint   ] Safepoint synchronization initiated using striped semaphore wait barrier. (242 threads)
[2025-04-02T16:40:48.455-0400][304.687s][info ][safepoint   ] Safepoint "Cleanup", Time since last: 15006783300 ns, Reaching safepoint: 48600 ns, Cleanup: 8900 ns, At safepoint: 1000 ns, Total: 58500 ns
[2025-04-02T16:40:56.345-0400][312.577s][debug][safepoint   ] Safepoint synchronization initiated using striped semaphore wait barrier. (242 threads)
[2025-04-02T16:40:56.345-0400][312.577s][info ][gc,start    ] GC(43) Pause Young (Normal) (G1 Evacuation Pause)
[2025-04-02T16:40:56.345-0400][312.577s][info ][gc,task     ] GC(43) Using 23 workers of 23 for evacuation
[2025-04-02T16:40:56.351-0400][312.584s][info ][gc,phases   ] GC(43)   Pre Evacuate Collection Set: 0.3ms
[2025-04-02T16:40:56.351-0400][312.584s][info ][gc,phases   ] GC(43)   Merge Heap Roots: 0.2ms
[2025-04-02T16:40:56.351-0400][312.584s][info ][gc,phases   ] GC(43)   Evacuate Collection Set: 4.1ms
[2025-04-02T16:40:56.351-0400][312.584s][info ][gc,phases   ] GC(43)   Post Evacuate Collection Set: 1.6ms
[2025-04-02T16:40:56.351-0400][312.584s][info ][gc,phases   ] GC(43)   Other: 0.1ms
[2025-04-02T16:40:56.351-0400][312.584s][info ][gc,heap     ] GC(43) Eden regions: 273->0(276)
[2025-04-02T16:40:56.351-0400][312.584s][info ][gc,heap     ] GC(43) Survivor regions: 10->11(36)
[2025-04-02T16:40:56.351-0400][312.584s][info ][gc,heap     ] GC(43) Old regions: 155->155
[2025-04-02T16:40:56.351-0400][312.584s][info ][gc,heap     ] GC(43) Archive regions: 0->0
[2025-04-02T16:40:56.351-0400][312.584s][info ][gc,heap     ] GC(43) Humongous regions: 2->2
[2025-04-02T16:40:56.351-0400][312.584s][info ][gc,metaspace] GC(43) Metaspace: 180192K(181504K)->180192K(181504K) NonClass: 158152K(158848K)->158152K(158848K) Class: 22040K(22656K)->22040K(22656K)
[2025-04-02T16:40:56.351-0400][312.584s][info ][gc          ] GC(43) Pause Young (Normal) (G1 Evacuation Pause) 439M->166M(512M) 6.354ms
[2025-04-02T16:40:56.351-0400][312.584s][info ][gc,cpu      ] GC(43) User=0.00s Sys=0.00s Real=0.01s
[2025-04-02T16:40:56.351-0400][312.584s][info ][safepoint   ] Safepoint "G1CollectForAllocation", Time since last: 7890332800 ns, Reaching safepoint: 55700 ns, Cleanup: 3400 ns, At safepoint: 6437999 ns, Total: 6497099 ns
[2025-04-02T16:41:02.354-0400][318.586s][debug][safepoint   ] Safepoint synchronization initiated using striped semaphore wait barrier. (242 threads)
[2025-04-02T16:41:02.354-0400][318.586s][info ][safepoint   ] Safepoint "Cleanup", Time since last: 6002373901 ns, Reaching safepoint: 81300 ns, Cleanup: 9400 ns, At safepoint: 1900 ns, Total: 92600 ns
[2025-04-02T16:41:13.360-0400][329.592s][debug][safepoint   ] Safepoint synchronization initiated using striped semaphore wait barrier. (241 threads)
[2025-04-02T16:41:13.360-0400][329.592s][info ][safepoint   ] Safepoint "Cleanup", Time since last: 11006061699 ns, Reaching safepoint: 71001 ns, Cleanup: 9000 ns, At safepoint: 1900 ns, Total: 81901 ns
[2025-04-02T16:41:17.362-0400][333.594s][debug][safepoint   ] Safepoint synchronization initiated using striped semaphore wait barrier. (242 threads)
[2025-04-02T16:41:17.362-0400][333.595s][info ][safepoint   ] Safepoint "Cleanup", Time since last: 4002140000 ns, Reaching safepoint: 80300 ns, Cleanup: 29199 ns, At safepoint: 2101 ns, Total: 111600 ns
[2025-04-02T16:41:18.363-0400][334.595s][debug][safepoint   ] Safepoint synchronization initiated using striped semaphore wait barrier. (240 threads)
[2025-04-02T16:41:18.363-0400][334.595s][info ][safepoint   ] Safepoint "Cleanup", Time since last: 1000736100 ns, Reaching safepoint: 64199 ns, Cleanup: 14100 ns, At safepoint: 2001 ns, Total: 80300 ns
[2025-04-02T16:41:30.370-0400][346.602s][debug][safepoint   ] Safepoint synchronization initiated using striped semaphore wait barrier. (239 threads)
[2025-04-02T16:41:30.370-0400][346.602s][info ][safepoint   ] Safepoint "Cleanup", Time since last: 12006614800 ns, Reaching safepoint: 46100 ns, Cleanup: 7700 ns, At safepoint: 1800 ns, Total: 55600 ns
[2025-04-02T16:41:44.375-0400][360.607s][debug][safepoint   ] Safepoint synchronization initiated using striped semaphore wait barrier. (239 threads)
[2025-04-02T16:41:44.375-0400][360.607s][info ][safepoint   ] Safepoint "Cleanup", Time since last: 14005203299 ns, Reaching safepoint: 43801 ns, Cleanup: 7799 ns, At safepoint: 1401 ns, Total: 53001 ns
[2025-04-02T16:41:45.453-0400][361.686s][debug][safepoint   ] Safepoint synchronization initiated using striped semaphore wait barrier. (239 threads)
[2025-04-02T16:41:45.453-0400][361.686s][info ][safepoint   ] Safepoint "Cleanup", Time since last: 1078247800 ns, Reaching safepoint: 63000 ns, Cleanup: 8400 ns, At safepoint: 1700 ns, Total: 73100 ns
[2025-04-02T16:41:51.456-0400][367.688s][debug][safepoint   ] Safepoint synchronization initiated using striped semaphore wait barrier. (239 threads)
[2025-04-02T16:41:51.456-0400][367.689s][info ][safepoint   ] Safepoint "Cleanup", Time since last: 6002876799 ns, Reaching safepoint: 51801 ns, Cleanup: 7900 ns, At safepoint: 1600 ns, Total: 61301 ns
[2025-04-02T16:42:01.461-0400][377.693s][debug][safepoint   ] Safepoint synchronization initiated using striped semaphore wait barrier. (239 threads)
[2025-04-02T16:42:01.461-0400][377.693s][info ][safepoint   ] Safepoint "Cleanup", Time since last: 10004618500 ns, Reaching safepoint: 53500 ns, Cleanup: 7200 ns, At safepoint: 1700 ns, Total: 62400 ns
[2025-04-02T16:42:03.463-0400][379.695s][debug][safepoint   ] Safepoint synchronization initiated using striped semaphore wait barrier. (239 threads)
[2025-04-02T16:42:03.463-0400][379.695s][info ][safepoint   ] Safepoint "Cleanup", Time since last: 2001721799 ns, Reaching safepoint: 49200 ns, Cleanup: 9900 ns, At safepoint: 1601 ns, Total: 60701 ns
[2025-04-02T16:42:13.467-0400][389.699s][debug][safepoint   ] Safepoint synchronization initiated using striped semaphore wait barrier. (238 threads)
[2025-04-02T16:42:13.467-0400][389.699s][info ][safepoint   ] Safepoint "Cleanup", Time since last: 10003681199 ns, Reaching safepoint: 56801 ns, Cleanup: 9900 ns, At safepoint: 1599 ns, Total: 68300 ns
[2025-04-02T16:42:15.468-0400][391.700s][debug][safepoint   ] Safepoint synchronization initiated using striped semaphore wait barrier. (238 threads)
[2025-04-02T16:42:15.468-0400][391.700s][info ][safepoint   ] Safepoint "Cleanup", Time since last: 2001247901 ns, Reaching safepoint: 49200 ns, Cleanup: 7500 ns, At safepoint: 1100 ns, Total: 57800 ns
[2025-04-02T16:42:19.470-0400][395.702s][debug][safepoint   ] Safepoint synchronization initiated using striped semaphore wait barrier. (237 threads)
[2025-04-02T16:42:19.470-0400][395.702s][info ][safepoint   ] Safepoint "Cleanup", Time since last: 4001852499 ns, Reaching safepoint: 49701 ns, Cleanup: 6500 ns, At safepoint: 1400 ns, Total: 57601 ns
[2025-04-02T16:43:02.490-0400][438.723s][debug][safepoint   ] Safepoint synchronization initiated using striped semaphore wait barrier. (238 threads)
[2025-04-02T16:43:02.490-0400][438.723s][info ][safepoint   ] Safepoint "Cleanup", Time since last: 43020542399 ns, Reaching safepoint: 113501 ns, Cleanup: 8500 ns, At safepoint: 1700 ns, Total: 123701 ns
[2025-04-02T16:43:12.502-0400][448.734s][debug][safepoint   ] Safepoint synchronization initiated using striped semaphore wait barrier. (237 threads)
[2025-04-02T16:43:12.502-0400][448.734s][info ][safepoint   ] Safepoint "Cleanup", Time since last: 10011301900 ns, Reaching safepoint: 47599 ns, Cleanup: 11501 ns, At safepoint: 1399 ns, Total: 60499 ns
[2025-04-02T16:43:13.502-0400][449.734s][debug][safepoint   ] Safepoint synchronization initiated using striped semaphore wait barrier. (238 threads)
[2025-04-02T16:43:13.502-0400][449.734s][info ][safepoint   ] Safepoint "Cleanup", Time since last: 1000141801 ns, Reaching safepoint: 42499 ns, Cleanup: 7500 ns, At safepoint: 1601 ns, Total: 51600 ns
[2025-04-02T16:43:19.504-0400][455.736s][debug][safepoint   ] Safepoint synchronization initiated using striped semaphore wait barrier. (237 threads)
[2025-04-02T16:43:19.504-0400][455.736s][info ][safepoint   ] Safepoint "Cleanup", Time since last: 6002130400 ns, Reaching safepoint: 51299 ns, Cleanup: 10201 ns, At safepoint: 1800 ns, Total: 63300 ns
[2025-04-02T16:43:20.505-0400][456.737s][debug][safepoint   ] Safepoint synchronization initiated using striped semaphore wait barrier. (237 threads)
[2025-04-02T16:43:20.505-0400][456.737s][info ][safepoint   ] Safepoint "Cleanup", Time since last: 1000494700 ns, Reaching safepoint: 41600 ns, Cleanup: 9300 ns, At safepoint: 1800 ns, Total: 52700 ns
[2025-04-02T16:43:59.233-0400][495.465s][debug][safepoint   ] Safepoint synchronization initiated using striped semaphore wait barrier. (246 threads)
[2025-04-02T16:43:59.233-0400][495.465s][info ][safepoint   ] Safepoint "ICBufferFull", Time since last: 38727949800 ns, Reaching safepoint: 40900 ns, Cleanup: 77800 ns, At safepoint: 3100 ns, Total: 121800 ns
[2025-04-02T16:43:59.258-0400][495.490s][debug][safepoint   ] Safepoint synchronization initiated using striped semaphore wait barrier. (246 threads)
[2025-04-02T16:43:59.258-0400][495.490s][info ][gc,start    ] GC(44) Pause Young (Normal) (G1 Evacuation Pause)
[2025-04-02T16:43:59.258-0400][495.490s][info ][gc,task     ] GC(44) Using 23 workers of 23 for evacuation
[2025-04-02T16:43:59.261-0400][495.493s][info ][gc,phases   ] GC(44)   Pre Evacuate Collection Set: 0.2ms
[2025-04-02T16:43:59.261-0400][495.494s][info ][gc,phases   ] GC(44)   Merge Heap Roots: 0.2ms
[2025-04-02T16:43:59.261-0400][495.494s][info ][gc,phases   ] GC(44)   Evacuate Collection Set: 2.6ms
[2025-04-02T16:43:59.261-0400][495.494s][info ][gc,phases   ] GC(44)   Post Evacuate Collection Set: 0.6ms
[2025-04-02T16:43:59.261-0400][495.494s][info ][gc,phases   ] GC(44)   Other: 0.1ms
[2025-04-02T16:43:59.261-0400][495.494s][info ][gc,heap     ] GC(44) Eden regions: 276->0(274)
[2025-04-02T16:43:59.261-0400][495.494s][info ][gc,heap     ] GC(44) Survivor regions: 11->14(36)
[2025-04-02T16:43:59.261-0400][495.494s][info ][gc,heap     ] GC(44) Old regions: 155->155
[2025-04-02T16:43:59.261-0400][495.494s][info ][gc,heap     ] GC(44) Archive regions: 0->0
[2025-04-02T16:43:59.261-0400][495.494s][info ][gc,heap     ] GC(44) Humongous regions: 2->2
[2025-04-02T16:43:59.261-0400][495.494s][info ][gc,metaspace] GC(44) Metaspace: 181874K(183232K)->181874K(183232K) NonClass: 159671K(160384K)->159671K(160384K) Class: 22202K(22848K)->22202K(22848K)
[2025-04-02T16:43:59.261-0400][495.494s][info ][gc          ] GC(44) Pause Young (Normal) (G1 Evacuation Pause) 442M->169M(512M) 3.689ms
[2025-04-02T16:43:59.261-0400][495.494s][info ][gc,cpu      ] GC(44) User=0.00s Sys=0.00s Real=0.00s
[2025-04-02T16:43:59.261-0400][495.494s][info ][safepoint   ] Safepoint "G1CollectForAllocation", Time since last: 24806800 ns, Reaching safepoint: 36000 ns, Cleanup: 24400 ns, At safepoint: 3774600 ns, Total: 3835000 ns
[2025-04-02T16:44:00.478-0400][496.711s][debug][safepoint   ] Safepoint synchronization initiated using striped semaphore wait barrier. (244 threads)
[2025-04-02T16:44:00.479-0400][496.712s][info ][safepoint   ] Safepoint "Cleanup", Time since last: 1217680100 ns, Reaching safepoint: 170400 ns, Cleanup: 32500 ns, At safepoint: 4700 ns, Total: 207600 ns
[2025-04-02T16:44:00.783-0400][497.015s][debug][safepoint   ] Safepoint synchronization initiated using striped semaphore wait barrier. (256 threads)
[2025-04-02T16:44:00.783-0400][497.015s][info ][safepoint   ] Safepoint "ICBufferFull", Time since last: 303739100 ns, Reaching safepoint: 93700 ns, Cleanup: 113000 ns, At safepoint: 12000 ns, Total: 218700 ns
[2025-04-02T16:44:01.063-0400][497.296s][debug][safepoint   ] Safepoint synchronization initiated using striped semaphore wait barrier. (255 threads)
[2025-04-02T16:44:01.064-0400][497.296s][info ][gc,start    ] GC(45) Pause Young (Normal) (G1 Evacuation Pause)
[2025-04-02T16:44:01.064-0400][497.296s][info ][gc,task     ] GC(45) Using 23 workers of 23 for evacuation
[2025-04-02T16:44:01.068-0400][497.301s][info ][gc,phases   ] GC(45)   Pre Evacuate Collection Set: 0.2ms
[2025-04-02T16:44:01.068-0400][497.301s][info ][gc,phases   ] GC(45)   Merge Heap Roots: 0.1ms
[2025-04-02T16:44:01.068-0400][497.301s][info ][gc,phases   ] GC(45)   Evacuate Collection Set: 3.7ms
[2025-04-02T16:44:01.068-0400][497.301s][info ][gc,phases   ] GC(45)   Post Evacuate Collection Set: 0.7ms
[2025-04-02T16:44:01.068-0400][497.301s][info ][gc,phases   ] GC(45)   Other: 0.1ms
[2025-04-02T16:44:01.068-0400][497.301s][info ][gc,heap     ] GC(45) Eden regions: 274->0(265)
[2025-04-02T16:44:01.068-0400][497.301s][info ][gc,heap     ] GC(45) Survivor regions: 14->19(36)
[2025-04-02T16:44:01.068-0400][497.301s][info ][gc,heap     ] GC(45) Old regions: 155->155
[2025-04-02T16:44:01.068-0400][497.301s][info ][gc,heap     ] GC(45) Archive regions: 0->0
[2025-04-02T16:44:01.068-0400][497.301s][info ][gc,heap     ] GC(45) Humongous regions: 16->2
[2025-04-02T16:44:01.068-0400][497.301s][info ][gc,metaspace] GC(45) Metaspace: 184077K(185536K)->184077K(185536K) NonClass: 161645K(162368K)->161645K(162368K) Class: 22432K(23168K)->22432K(23168K)
[2025-04-02T16:44:01.068-0400][497.301s][info ][gc          ] GC(45) Pause Young (Normal) (G1 Evacuation Pause) 457M->174M(512M) 4.916ms
[2025-04-02T16:44:01.068-0400][497.301s][info ][gc,cpu      ] GC(45) User=0.12s Sys=0.00s Real=0.00s
[2025-04-02T16:44:01.068-0400][497.301s][info ][safepoint   ] Safepoint "G1CollectForAllocation", Time since last: 280572200 ns, Reaching safepoint: 39000 ns, Cleanup: 50800 ns, At safepoint: 5002700 ns, Total: 5092500 ns
[2025-04-02T16:44:02.215-0400][498.447s][debug][safepoint   ] Safepoint synchronization initiated using striped semaphore wait barrier. (252 threads)
[2025-04-02T16:44:02.215-0400][498.447s][info ][safepoint   ] Safepoint "Cleanup", Time since last: 1146228300 ns, Reaching safepoint: 49500 ns, Cleanup: 65200 ns, At safepoint: 1300 ns, Total: 116000 ns
[2025-04-02T16:44:03.216-0400][499.448s][debug][safepoint   ] Safepoint synchronization initiated using striped semaphore wait barrier. (248 threads)
[2025-04-02T16:44:03.216-0400][499.449s][info ][safepoint   ] Safepoint "Cleanup", Time since last: 1000861200 ns, Reaching safepoint: 177900 ns, Cleanup: 11200 ns, At safepoint: 1600 ns, Total: 190700 ns
[2025-04-02T16:44:12.220-0400][508.452s][debug][safepoint   ] Safepoint synchronization initiated using striped semaphore wait barrier. (244 threads)
[2025-04-02T16:44:12.220-0400][508.452s][info ][safepoint   ] Safepoint "Cleanup", Time since last: 9003454300 ns, Reaching safepoint: 68300 ns, Cleanup: 38000 ns, At safepoint: 1300 ns, Total: 107600 ns
[2025-04-02T16:44:17.222-0400][513.454s][debug][safepoint   ] Safepoint synchronization initiated using striped semaphore wait barrier. (243 threads)
[2025-04-02T16:44:17.222-0400][513.454s][info ][safepoint   ] Safepoint "Cleanup", Time since last: 5001648400 ns, Reaching safepoint: 44800 ns, Cleanup: 8100 ns, At safepoint: 1400 ns, Total: 54300 ns
[2025-04-02T16:44:21.223-0400][517.455s][debug][safepoint   ] Safepoint synchronization initiated using striped semaphore wait barrier. (243 threads)
[2025-04-02T16:44:21.223-0400][517.455s][info ][safepoint   ] Safepoint "Cleanup", Time since last: 4001495400 ns, Reaching safepoint: 84800 ns, Cleanup: 7700 ns, At safepoint: 1200 ns, Total: 93700 ns
[2025-04-02T16:44:22.224-0400][518.456s][debug][safepoint   ] Safepoint synchronization initiated using striped semaphore wait barrier. (243 threads)
[2025-04-02T16:44:22.224-0400][518.456s][info ][safepoint   ] Safepoint "Cleanup", Time since last: 1000836900 ns, Reaching safepoint: 126500 ns, Cleanup: 14500 ns, At safepoint: 2400 ns, Total: 143400 ns
[2025-04-02T16:44:24.226-0400][520.458s][debug][safepoint   ] Safepoint synchronization initiated using striped semaphore wait barrier. (243 threads)
[2025-04-02T16:44:24.226-0400][520.458s][info ][safepoint   ] Safepoint "Cleanup", Time since last: 2001543900 ns, Reaching safepoint: 52600 ns, Cleanup: 8300 ns, At safepoint: 2000 ns, Total: 62900 ns
[2025-04-02T16:44:24.795-0400][521.027s][debug][safepoint   ] Safepoint synchronization initiated using striped semaphore wait barrier. (252 threads)
[2025-04-02T16:44:24.795-0400][521.027s][info ][safepoint   ] Safepoint "ICBufferFull", Time since last: 569102800 ns, Reaching safepoint: 39500 ns, Cleanup: 92000 ns, At safepoint: 1200 ns, Total: 132700 ns
[2025-04-02T16:44:24.925-0400][521.157s][debug][safepoint   ] Safepoint synchronization initiated using striped semaphore wait barrier. (252 threads)
[2025-04-02T16:44:24.925-0400][521.158s][info ][gc,start    ] GC(46) Pause Young (Normal) (G1 Evacuation Pause)
[2025-04-02T16:44:24.925-0400][521.158s][info ][gc,task     ] GC(46) Using 23 workers of 23 for evacuation
[2025-04-02T16:44:24.931-0400][521.164s][info ][gc,phases   ] GC(46)   Pre Evacuate Collection Set: 0.3ms
[2025-04-02T16:44:24.931-0400][521.164s][info ][gc,phases   ] GC(46)   Merge Heap Roots: 0.2ms
[2025-04-02T16:44:24.931-0400][521.164s][info ][gc,phases   ] GC(46)   Evacuate Collection Set: 4.4ms
[2025-04-02T16:44:24.931-0400][521.164s][info ][gc,phases   ] GC(46)   Post Evacuate Collection Set: 1.3ms
[2025-04-02T16:44:24.931-0400][521.164s][info ][gc,phases   ] GC(46)   Other: 0.1ms
[2025-04-02T16:44:24.931-0400][521.164s][info ][gc,heap     ] GC(46) Eden regions: 265->0(253)
[2025-04-02T16:44:24.931-0400][521.164s][info ][gc,heap     ] GC(46) Survivor regions: 19->25(36)
[2025-04-02T16:44:24.931-0400][521.164s][info ][gc,heap     ] GC(46) Old regions: 155->155
[2025-04-02T16:44:24.931-0400][521.164s][info ][gc,heap     ] GC(46) Archive regions: 0->0
[2025-04-02T16:44:24.931-0400][521.164s][info ][gc,heap     ] GC(46) Humongous regions: 3->2
[2025-04-02T16:44:24.932-0400][521.164s][info ][gc,metaspace] GC(46) Metaspace: 186182K(187648K)->186182K(187648K) NonClass: 163481K(164224K)->163481K(164224K) Class: 22700K(23424K)->22700K(23424K)
[2025-04-02T16:44:24.932-0400][521.164s][info ][gc          ] GC(46) Pause Young (Normal) (G1 Evacuation Pause) 440M->181M(512M) 6.492ms
[2025-04-02T16:44:24.932-0400][521.164s][info ][gc,cpu      ] GC(46) User=0.00s Sys=0.00s Real=0.01s
[2025-04-02T16:44:24.932-0400][521.164s][info ][safepoint   ] Safepoint "G1CollectForAllocation", Time since last: 130159300 ns, Reaching safepoint: 75900 ns, Cleanup: 84200 ns, At safepoint: 6634500 ns, Total: 6794600 ns
[2025-04-02T16:44:25.310-0400][521.543s][debug][safepoint   ] Safepoint synchronization initiated using striped semaphore wait barrier. (255 threads)
[2025-04-02T16:44:25.310-0400][521.543s][info ][safepoint   ] Safepoint "ICBufferFull", Time since last: 378955400 ns, Reaching safepoint: 36300 ns, Cleanup: 74700 ns, At safepoint: 10500 ns, Total: 121500 ns
[2025-04-02T16:44:27.312-0400][523.544s][debug][safepoint   ] Safepoint synchronization initiated using striped semaphore wait barrier. (275 threads)
[2025-04-02T16:44:27.312-0400][523.544s][info ][safepoint   ] Safepoint "Cleanup", Time since last: 2000445000 ns, Reaching safepoint: 44700 ns, Cleanup: 54100 ns, At safepoint: 2400 ns, Total: 101200 ns
[2025-04-02T16:44:59.843-0400][556.075s][debug][safepoint   ] Safepoint synchronization initiated using striped semaphore wait barrier. (260 threads)
[2025-04-02T16:44:59.843-0400][556.075s][info ][safepoint   ] Safepoint "Cleanup", Time since last: 32531228200 ns, Reaching safepoint: 53300 ns, Cleanup: 7100 ns, At safepoint: 1800 ns, Total: 62200 ns
[2025-04-02T16:45:01.092-0400][557.324s][debug][safepoint   ] Safepoint synchronization initiated using striped semaphore wait barrier. (260 threads)
[2025-04-02T16:45:01.092-0400][557.324s][info ][safepoint   ] Safepoint "Cleanup", Time since last: 1248622400 ns, Reaching safepoint: 108700 ns, Cleanup: 40000 ns, At safepoint: 1400 ns, Total: 150100 ns
[2025-04-02T16:45:05.472-0400][561.704s][debug][safepoint   ] Safepoint synchronization initiated using striped semaphore wait barrier. (260 threads)
[2025-04-02T16:45:05.472-0400][561.705s][info ][gc,start    ] GC(47) Pause Young (Normal) (G1 Evacuation Pause)
[2025-04-02T16:45:05.472-0400][561.705s][info ][gc,task     ] GC(47) Using 23 workers of 23 for evacuation
[2025-04-02T16:45:05.491-0400][561.724s][info ][gc,phases   ] GC(47)   Pre Evacuate Collection Set: 0.1ms
[2025-04-02T16:45:05.491-0400][561.724s][info ][gc,phases   ] GC(47)   Merge Heap Roots: 0.1ms
[2025-04-02T16:45:05.491-0400][561.724s][info ][gc,phases   ] GC(47)   Evacuate Collection Set: 17.2ms
[2025-04-02T16:45:05.491-0400][561.724s][info ][gc,phases   ] GC(47)   Post Evacuate Collection Set: 1.9ms
[2025-04-02T16:45:05.491-0400][561.724s][info ][gc,phases   ] GC(47)   Other: 0.1ms
[2025-04-02T16:45:05.491-0400][561.724s][info ][gc,heap     ] GC(47) Eden regions: 253->0(258)
[2025-04-02T16:45:05.491-0400][561.724s][info ][gc,heap     ] GC(47) Survivor regions: 25->18(35)
[2025-04-02T16:45:05.491-0400][561.724s][info ][gc,heap     ] GC(47) Old regions: 155->164
[2025-04-02T16:45:05.491-0400][561.724s][info ][gc,heap     ] GC(47) Archive regions: 0->0
[2025-04-02T16:45:05.491-0400][561.724s][info ][gc,heap     ] GC(47) Humongous regions: 2->2
[2025-04-02T16:45:05.491-0400][561.724s][info ][gc,metaspace] GC(47) Metaspace: 188046K(189504K)->188046K(189504K) NonClass: 165146K(165888K)->165146K(165888K) Class: 22899K(23616K)->22899K(23616K)
[2025-04-02T16:45:05.491-0400][561.724s][info ][gc          ] GC(47) Pause Young (Normal) (G1 Evacuation Pause) 434M->183M(512M) 19.547ms
[2025-04-02T16:45:05.491-0400][561.724s][info ][gc,cpu      ] GC(47) User=0.05s Sys=0.00s Real=0.02s
[2025-04-02T16:45:05.491-0400][561.724s][info ][safepoint   ] Safepoint "G1CollectForAllocation", Time since last: 4380597500 ns, Reaching safepoint: 57600 ns, Cleanup: 3500 ns, At safepoint: 19643300 ns, Total: 19704400 ns
[2025-04-02T16:45:07.492-0400][563.724s][debug][safepoint   ] Safepoint synchronization initiated using striped semaphore wait barrier. (260 threads)
[2025-04-02T16:45:07.492-0400][563.724s][info ][safepoint   ] Safepoint "Cleanup", Time since last: 1999962700 ns, Reaching safepoint: 75200 ns, Cleanup: 14100 ns, At safepoint: 2000 ns, Total: 91300 ns
[2025-04-02T16:45:12.493-0400][568.725s][debug][safepoint   ] Safepoint synchronization initiated using striped semaphore wait barrier. (260 threads)
[2025-04-02T16:45:12.493-0400][568.725s][info ][safepoint   ] Safepoint "Cleanup", Time since last: 5001065900 ns, Reaching safepoint: 53100 ns, Cleanup: 12600 ns, At safepoint: 1600 ns, Total: 67300 ns
[2025-04-02T16:45:13.494-0400][569.726s][debug][safepoint   ] Safepoint synchronization initiated using striped semaphore wait barrier. (260 threads)
[2025-04-02T16:45:13.494-0400][569.726s][info ][safepoint   ] Safepoint "Cleanup", Time since last: 1000801100 ns, Reaching safepoint: 51400 ns, Cleanup: 7300 ns, At safepoint: 1600 ns, Total: 60300 ns
[2025-04-02T16:45:22.498-0400][578.731s][debug][safepoint   ] Safepoint synchronization initiated using striped semaphore wait barrier. (268 threads)
[2025-04-02T16:45:22.498-0400][578.731s][info ][safepoint   ] Safepoint "Cleanup", Time since last: 9004310200 ns, Reaching safepoint: 120300 ns, Cleanup: 10300 ns, At safepoint: 1700 ns, Total: 132300 ns
[2025-04-02T16:45:24.500-0400][580.732s][debug][safepoint   ] Safepoint synchronization initiated using striped semaphore wait barrier. (268 threads)
[2025-04-02T16:45:24.500-0400][580.732s][info ][safepoint   ] Safepoint "Cleanup", Time since last: 2001254800 ns, Reaching safepoint: 52000 ns, Cleanup: 6700 ns, At safepoint: 1800 ns, Total: 60500 ns
[2025-04-02T16:45:25.500-0400][581.732s][debug][safepoint   ] Safepoint synchronization initiated using striped semaphore wait barrier. (266 threads)
[2025-04-02T16:45:25.500-0400][581.732s][info ][safepoint   ] Safepoint "Cleanup", Time since last: 1000106400 ns, Reaching safepoint: 101200 ns, Cleanup: 9700 ns, At safepoint: 1600 ns, Total: 112500 ns
[2025-04-02T16:45:26.962-0400][583.194s][debug][safepoint   ] Safepoint synchronization initiated using striped semaphore wait barrier. (265 threads)
[2025-04-02T16:45:26.962-0400][583.194s][info ][safepoint   ] Safepoint "Cleanup", Time since last: 1461887200 ns, Reaching safepoint: 52500 ns, Cleanup: 59500 ns, At safepoint: 1800 ns, Total: 113800 ns
[2025-04-02T16:45:27.962-0400][584.194s][debug][safepoint   ] Safepoint synchronization initiated using striped semaphore wait barrier. (266 threads)
[2025-04-02T16:45:27.962-0400][584.194s][info ][safepoint   ] Safepoint "Cleanup", Time since last: 1000196100 ns, Reaching safepoint: 57600 ns, Cleanup: 13800 ns, At safepoint: 2000 ns, Total: 73400 ns
[2025-04-02T16:45:30.963-0400][587.195s][debug][safepoint   ] Safepoint synchronization initiated using striped semaphore wait barrier. (269 threads)
[2025-04-02T16:45:30.963-0400][587.195s][info ][safepoint   ] Safepoint "Cleanup", Time since last: 3000877600 ns, Reaching safepoint: 52200 ns, Cleanup: 9800 ns, At safepoint: 1800 ns, Total: 63800 ns
[2025-04-02T16:45:31.964-0400][588.196s][debug][safepoint   ] Safepoint synchronization initiated using striped semaphore wait barrier. (268 threads)
[2025-04-02T16:45:31.964-0400][588.196s][info ][safepoint   ] Safepoint "Cleanup", Time since last: 1000353700 ns, Reaching safepoint: 49200 ns, Cleanup: 6800 ns, At safepoint: 1800 ns, Total: 57800 ns
[2025-04-02T16:46:09.965-0400][626.197s][debug][safepoint   ] Safepoint synchronization initiated using striped semaphore wait barrier. (264 threads)
[2025-04-02T16:46:09.965-0400][626.197s][info ][safepoint   ] Safepoint "Cleanup", Time since last: 38001366800 ns, Reaching safepoint: 50300 ns, Cleanup: 6500 ns, At safepoint: 1400 ns, Total: 58200 ns
[2025-04-02T16:46:12.967-0400][629.199s][debug][safepoint   ] Safepoint synchronization initiated using striped semaphore wait barrier. (263 threads)
[2025-04-02T16:46:12.967-0400][629.199s][info ][safepoint   ] Safepoint "Cleanup", Time since last: 3001633500 ns, Reaching safepoint: 55000 ns, Cleanup: 8700 ns, At safepoint: 6300 ns, Total: 70000 ns
[2025-04-02T16:46:23.973-0400][640.205s][debug][safepoint   ] Safepoint synchronization initiated using striped semaphore wait barrier. (262 threads)
[2025-04-02T16:46:23.973-0400][640.205s][info ][safepoint   ] Safepoint "Cleanup", Time since last: 11006113600 ns, Reaching safepoint: 72200 ns, Cleanup: 11300 ns, At safepoint: 1900 ns, Total: 85400 ns
[2025-04-02T16:46:26.974-0400][643.207s][debug][safepoint   ] Safepoint synchronization initiated using striped semaphore wait barrier. (260 threads)
[2025-04-02T16:46:26.974-0400][643.207s][info ][safepoint   ] Safepoint "Cleanup", Time since last: 3001393500 ns, Reaching safepoint: 102700 ns, Cleanup: 30200 ns, At safepoint: 2600 ns, Total: 135500 ns
[2025-04-02T16:46:31.976-0400][648.208s][debug][safepoint   ] Safepoint synchronization initiated using striped semaphore wait barrier. (260 threads)
[2025-04-02T16:46:31.976-0400][648.208s][info ][safepoint   ] Safepoint "Cleanup", Time since last: 5001710200 ns, Reaching safepoint: 52700 ns, Cleanup: 8400 ns, At safepoint: 1500 ns, Total: 62600 ns
[2025-04-02T16:46:34.977-0400][651.209s][debug][safepoint   ] Safepoint synchronization initiated using striped semaphore wait barrier. (260 threads)
[2025-04-02T16:46:34.977-0400][651.210s][info ][safepoint   ] Safepoint "Cleanup", Time since last: 3000934000 ns, Reaching safepoint: 90200 ns, Cleanup: 10000 ns, At safepoint: 33900 ns, Total: 134100 ns
[2025-04-02T16:46:41.979-0400][658.211s][debug][safepoint   ] Safepoint synchronization initiated using striped semaphore wait barrier. (260 threads)
[2025-04-02T16:46:41.979-0400][658.211s][info ][safepoint   ] Safepoint "Cleanup", Time since last: 7001700800 ns, Reaching safepoint: 61300 ns, Cleanup: 8800 ns, At safepoint: 1400 ns, Total: 71500 ns
[2025-04-02T16:46:53.071-0400][669.303s][debug][safepoint   ] Safepoint synchronization initiated using striped semaphore wait barrier. (260 threads)
[2025-04-02T16:46:53.071-0400][669.303s][info ][safepoint   ] Safepoint "Cleanup", Time since last: 11091405100 ns, Reaching safepoint: 127500 ns, Cleanup: 7000 ns, At safepoint: 1300 ns, Total: 135800 ns
[2025-04-02T16:47:02.074-0400][678.306s][debug][safepoint   ] Safepoint synchronization initiated using striped semaphore wait barrier. (259 threads)
[2025-04-02T16:47:02.074-0400][678.306s][info ][safepoint   ] Safepoint "Cleanup", Time since last: 9002965100 ns, Reaching safepoint: 141100 ns, Cleanup: 6900 ns, At safepoint: 2000 ns, Total: 150000 ns
[2025-04-02T16:47:10.040-0400][686.273s][debug][safepoint   ] Safepoint synchronization initiated using striped semaphore wait barrier. (263 threads)
[2025-04-02T16:47:10.040-0400][686.273s][info ][safepoint   ] Safepoint "G1CollectForAllocation", Time since last: 7966592400 ns, Reaching safepoint: 62500 ns, Cleanup: 61200 ns, At safepoint: 8200 ns, Total: 131900 ns
[2025-04-02T16:47:10.040-0400][686.273s][debug][safepoint   ] Safepoint synchronization initiated using striped semaphore wait barrier. (263 threads)
[2025-04-02T16:47:10.041-0400][686.273s][info ][gc,start    ] GC(48) Pause Young (Normal) (GCLocker Initiated GC)
[2025-04-02T16:47:10.041-0400][686.273s][info ][gc,task     ] GC(48) Using 23 workers of 23 for evacuation
[2025-04-02T16:47:10.045-0400][686.277s][info ][gc,phases   ] GC(48)   Pre Evacuate Collection Set: 0.2ms
[2025-04-02T16:47:10.045-0400][686.277s][info ][gc,phases   ] GC(48)   Merge Heap Roots: 0.2ms
[2025-04-02T16:47:10.045-0400][686.277s][info ][gc,phases   ] GC(48)   Evacuate Collection Set: 3.0ms
[2025-04-02T16:47:10.045-0400][686.277s][info ][gc,phases   ] GC(48)   Post Evacuate Collection Set: 0.9ms
[2025-04-02T16:47:10.045-0400][686.277s][info ][gc,phases   ] GC(48)   Other: 0.1ms
[2025-04-02T16:47:10.045-0400][686.277s][info ][gc,heap     ] GC(48) Eden regions: 259->0(251)
[2025-04-02T16:47:10.045-0400][686.277s][info ][gc,heap     ] GC(48) Survivor regions: 18->21(35)
[2025-04-02T16:47:10.045-0400][686.277s][info ][gc,heap     ] GC(48) Old regions: 164->164
[2025-04-02T16:47:10.045-0400][686.277s][info ][gc,heap     ] GC(48) Archive regions: 0->0
[2025-04-02T16:47:10.045-0400][686.277s][info ][gc,heap     ] GC(48) Humongous regions: 17->3
[2025-04-02T16:47:10.045-0400][686.277s][info ][gc,metaspace] GC(48) Metaspace: 188443K(189952K)->188443K(189952K) NonClass: 165508K(166272K)->165508K(166272K) Class: 22935K(23680K)->22935K(23680K)
[2025-04-02T16:47:10.045-0400][686.277s][info ][gc          ] GC(48) Pause Young (Normal) (GCLocker Initiated GC) 457M->186M(512M) 4.542ms
[2025-04-02T16:47:10.045-0400][686.277s][info ][gc,cpu      ] GC(48) User=0.00s Sys=0.00s Real=0.00s
[2025-04-02T16:47:10.045-0400][686.277s][info ][safepoint   ] Safepoint "G1CollectForAllocation", Time since last: 127000 ns, Reaching safepoint: 29800 ns, Cleanup: 2600 ns, At safepoint: 4657000 ns, Total: 4689400 ns
[2025-04-02T16:47:11.046-0400][687.278s][debug][safepoint   ] Safepoint synchronization initiated using striped semaphore wait barrier. (275 threads)
[2025-04-02T16:47:11.046-0400][687.278s][info ][safepoint   ] Safepoint "Cleanup", Time since last: 1000269000 ns, Reaching safepoint: 54800 ns, Cleanup: 64200 ns, At safepoint: 1700 ns, Total: 120700 ns
[2025-04-02T16:47:13.046-0400][689.278s][debug][safepoint   ] Safepoint synchronization initiated using striped semaphore wait barrier. (267 threads)
[2025-04-02T16:47:13.046-0400][689.279s][info ][safepoint   ] Safepoint "Cleanup", Time since last: 2000463800 ns, Reaching safepoint: 200900 ns, Cleanup: 26200 ns, At safepoint: 1900 ns, Total: 229000 ns
[2025-04-02T16:47:22.049-0400][698.281s][debug][safepoint   ] Safepoint synchronization initiated using striped semaphore wait barrier. (264 threads)
[2025-04-02T16:47:22.049-0400][698.281s][info ][safepoint   ] Safepoint "Cleanup", Time since last: 9002740300 ns, Reaching safepoint: 43500 ns, Cleanup: 7000 ns, At safepoint: 1300 ns, Total: 51800 ns
[2025-04-02T16:47:26.051-0400][702.283s][debug][safepoint   ] Safepoint synchronization initiated using striped semaphore wait barrier. (263 threads)
[2025-04-02T16:47:26.051-0400][702.283s][info ][safepoint   ] Safepoint "Cleanup", Time since last: 4001463800 ns, Reaching safepoint: 88100 ns, Cleanup: 6700 ns, At safepoint: 1600 ns, Total: 96400 ns
[2025-04-02T16:47:52.193-0400][728.425s][debug][safepoint   ] Safepoint synchronization initiated using striped semaphore wait barrier. (263 threads)
[2025-04-02T16:47:52.193-0400][728.425s][info ][safepoint   ] Safepoint "Cleanup", Time since last: 26142324300 ns, Reaching safepoint: 139100 ns, Cleanup: 7700 ns, At safepoint: 1600 ns, Total: 148400 ns
[2025-04-02T16:48:11.200-0400][747.432s][debug][safepoint   ] Safepoint synchronization initiated using striped semaphore wait barrier. (261 threads)
[2025-04-02T16:48:11.200-0400][747.432s][info ][safepoint   ] Safepoint "Cleanup", Time since last: 19006961000 ns, Reaching safepoint: 58500 ns, Cleanup: 59200 ns, At safepoint: 2400 ns, Total: 120100 ns
[2025-04-02T16:48:12.201-0400][748.433s][debug][safepoint   ] Safepoint synchronization initiated using striped semaphore wait barrier. (261 threads)
[2025-04-02T16:48:12.201-0400][748.433s][info ][safepoint   ] Safepoint "Cleanup", Time since last: 1000454500 ns, Reaching safepoint: 65700 ns, Cleanup: 13100 ns, At safepoint: 1500 ns, Total: 80300 ns
[2025-04-02T16:48:22.207-0400][758.439s][debug][safepoint   ] Safepoint synchronization initiated using striped semaphore wait barrier. (261 threads)
[2025-04-02T16:48:22.207-0400][758.439s][info ][safepoint   ] Safepoint "Cleanup", Time since last: 10005733000 ns, Reaching safepoint: 55000 ns, Cleanup: 6700 ns, At safepoint: 1800 ns, Total: 63500 ns
[2025-04-02T16:48:26.209-0400][762.441s][debug][safepoint   ] Safepoint synchronization initiated using striped semaphore wait barrier. (261 threads)
[2025-04-02T16:48:26.209-0400][762.441s][info ][safepoint   ] Safepoint "Cleanup", Time since last: 4001949500 ns, Reaching safepoint: 149500 ns, Cleanup: 22300 ns, At safepoint: 1600 ns, Total: 173400 ns
[2025-04-02T16:48:28.209-0400][764.442s][debug][safepoint   ] Safepoint synchronization initiated using striped semaphore wait barrier. (261 threads)
[2025-04-02T16:48:28.209-0400][764.442s][info ][safepoint   ] Safepoint "Cleanup", Time since last: 2000609100 ns, Reaching safepoint: 49200 ns, Cleanup: 23200 ns, At safepoint: 1600 ns, Total: 74000 ns
[2025-04-02T16:48:39.215-0400][775.448s][debug][safepoint   ] Safepoint synchronization initiated using striped semaphore wait barrier. (261 threads)
[2025-04-02T16:48:39.215-0400][775.448s][info ][safepoint   ] Safepoint "Cleanup", Time since last: 11005901700 ns, Reaching safepoint: 82900 ns, Cleanup: 8400 ns, At safepoint: 2100 ns, Total: 93400 ns
[2025-04-02T16:49:13.324-0400][809.556s][debug][safepoint   ] Safepoint synchronization initiated using striped semaphore wait barrier. (260 threads)
[2025-04-02T16:49:13.324-0400][809.556s][info ][safepoint   ] Safepoint "Cleanup", Time since last: 34108753000 ns, Reaching safepoint: 67000 ns, Cleanup: 8000 ns, At safepoint: 5900 ns, Total: 80900 ns
[2025-04-02T16:49:25.331-0400][821.563s][debug][safepoint   ] Safepoint synchronization initiated using striped semaphore wait barrier. (259 threads)
[2025-04-02T16:49:25.331-0400][821.563s][info ][safepoint   ] Safepoint "Cleanup", Time since last: 12006199700 ns, Reaching safepoint: 86200 ns, Cleanup: 9800 ns, At safepoint: 1800 ns, Total: 97800 ns
[2025-04-02T16:49:26.331-0400][822.564s][debug][safepoint   ] Safepoint synchronization initiated using striped semaphore wait barrier. (260 threads)
[2025-04-02T16:49:26.331-0400][822.564s][info ][safepoint   ] Safepoint "Cleanup", Time since last: 1000895600 ns, Reaching safepoint: 53700 ns, Cleanup: 8000 ns, At safepoint: 1900 ns, Total: 63600 ns
[2025-04-02T16:49:28.094-0400][824.326s][debug][safepoint   ] Safepoint synchronization initiated using striped semaphore wait barrier. (259 threads)
[2025-04-02T16:49:28.094-0400][824.326s][info ][gc,start    ] GC(49) Pause Young (Normal) (G1 Evacuation Pause)
[2025-04-02T16:49:28.094-0400][824.326s][info ][gc,task     ] GC(49) Using 23 workers of 23 for evacuation
[2025-04-02T16:49:28.106-0400][824.339s][info ][gc,phases   ] GC(49)   Pre Evacuate Collection Set: 0.2ms
[2025-04-02T16:49:28.107-0400][824.339s][info ][gc,phases   ] GC(49)   Merge Heap Roots: 0.2ms
[2025-04-02T16:49:28.107-0400][824.339s][info ][gc,phases   ] GC(49)   Evacuate Collection Set: 10.7ms
[2025-04-02T16:49:28.107-0400][824.339s][info ][gc,phases   ] GC(49)   Post Evacuate Collection Set: 1.7ms
[2025-04-02T16:49:28.107-0400][824.339s][info ][gc,phases   ] GC(49)   Other: 0.1ms
[2025-04-02T16:49:28.107-0400][824.339s][info ][gc,heap     ] GC(49) Eden regions: 251->0(259)
[2025-04-02T16:49:28.107-0400][824.339s][info ][gc,heap     ] GC(49) Survivor regions: 21->16(34)
[2025-04-02T16:49:28.107-0400][824.339s][info ][gc,heap     ] GC(49) Old regions: 164->167
[2025-04-02T16:49:28.107-0400][824.339s][info ][gc,heap     ] GC(49) Archive regions: 0->0
[2025-04-02T16:49:28.107-0400][824.339s][info ][gc,heap     ] GC(49) Humongous regions: 3->2
[2025-04-02T16:49:28.107-0400][824.339s][info ][gc,metaspace] GC(49) Metaspace: 188789K(190272K)->188789K(190272K) NonClass: 165847K(166592K)->165847K(166592K) Class: 22942K(23680K)->22942K(23680K)
[2025-04-02T16:49:28.107-0400][824.339s][info ][gc          ] GC(49) Pause Young (Normal) (G1 Evacuation Pause) 437M->183M(512M) 13.074ms
[2025-04-02T16:49:28.107-0400][824.339s][info ][gc,cpu      ] GC(49) User=0.03s Sys=0.02s Real=0.01s
[2025-04-02T16:49:28.107-0400][824.339s][info ][safepoint   ] Safepoint "G1CollectForAllocation", Time since last: 1761943800 ns, Reaching safepoint: 71900 ns, Cleanup: 3200 ns, At safepoint: 13195200 ns, Total: 13270300 ns
[2025-04-02T16:49:35.110-0400][831.342s][debug][safepoint   ] Safepoint synchronization initiated using striped semaphore wait barrier. (259 threads)
[2025-04-02T16:49:35.110-0400][831.342s][info ][safepoint   ] Safepoint "Cleanup", Time since last: 7003325000 ns, Reaching safepoint: 116600 ns, Cleanup: 9100 ns, At safepoint: 1700 ns, Total: 127400 ns
[2025-04-02T16:50:25.450-0400][881.682s][debug][safepoint   ] Safepoint synchronization initiated using striped semaphore wait barrier. (257 threads)
[2025-04-02T16:50:25.450-0400][881.682s][info ][safepoint   ] Safepoint "Cleanup", Time since last: 50339804600 ns, Reaching safepoint: 85500 ns, Cleanup: 8700 ns, At safepoint: 1300 ns, Total: 95500 ns
[2025-04-02T16:50:26.450-0400][882.682s][debug][safepoint   ] Safepoint synchronization initiated using striped semaphore wait barrier. (256 threads)
[2025-04-02T16:50:26.450-0400][882.682s][info ][safepoint   ] Safepoint "Cleanup", Time since last: 1000121400 ns, Reaching safepoint: 83900 ns, Cleanup: 8800 ns, At safepoint: 2100 ns, Total: 94800 ns
[2025-04-02T16:50:27.450-0400][883.683s][debug][safepoint   ] Safepoint synchronization initiated using striped semaphore wait barrier. (257 threads)
[2025-04-02T16:50:27.450-0400][883.683s][info ][safepoint   ] Safepoint "Cleanup", Time since last: 1000191800 ns, Reaching safepoint: 53500 ns, Cleanup: 8000 ns, At safepoint: 1700 ns, Total: 63200 ns
[2025-04-02T16:50:29.450-0400][885.682s][debug][safepoint   ] Safepoint synchronization initiated using striped semaphore wait barrier. (258 threads)
[2025-04-02T16:50:29.450-0400][885.683s][info ][safepoint   ] Safepoint "Cleanup", Time since last: 1999714000 ns, Reaching safepoint: 51000 ns, Cleanup: 15600 ns, At safepoint: 1700 ns, Total: 68300 ns
[2025-04-02T16:50:44.459-0400][900.691s][debug][safepoint   ] Safepoint synchronization initiated using striped semaphore wait barrier. (258 threads)
[2025-04-02T16:50:44.459-0400][900.691s][info ][safepoint   ] Safepoint "Cleanup", Time since last: 15008828900 ns, Reaching safepoint: 69000 ns, Cleanup: 7300 ns, At safepoint: 1400 ns, Total: 77700 ns
[2025-04-02T16:50:45.460-0400][901.692s][debug][safepoint   ] Safepoint synchronization initiated using striped semaphore wait barrier. (258 threads)
[2025-04-02T16:50:45.460-0400][901.692s][info ][safepoint   ] Safepoint "Cleanup", Time since last: 1000921000 ns, Reaching safepoint: 56000 ns, Cleanup: 8200 ns, At safepoint: 1700 ns, Total: 65900 ns
[2025-04-02T16:50:47.462-0400][903.694s][debug][safepoint   ] Safepoint synchronization initiated using striped semaphore wait barrier. (258 threads)
[2025-04-02T16:50:47.462-0400][903.694s][info ][safepoint   ] Safepoint "Cleanup", Time since last: 2001229300 ns, Reaching safepoint: 91900 ns, Cleanup: 9300 ns, At safepoint: 8000 ns, Total: 109200 ns
[2025-04-02T16:51:26.477-0400][942.709s][debug][safepoint   ] Safepoint synchronization initiated using striped semaphore wait barrier. (258 threads)
[2025-04-02T16:51:26.477-0400][942.710s][info ][safepoint   ] Safepoint "Cleanup", Time since last: 39015713100 ns, Reaching safepoint: 78400 ns, Cleanup: 7500 ns, At safepoint: 1900 ns, Total: 87800 ns
[2025-04-02T16:51:28.191-0400][944.424s][debug][safepoint   ] Safepoint synchronization initiated using striped semaphore wait barrier. (257 threads)
[2025-04-02T16:51:28.191-0400][944.424s][info ][safepoint   ] Safepoint "Cleanup", Time since last: 1714371200 ns, Reaching safepoint: 107400 ns, Cleanup: 4400 ns, At safepoint: 6600 ns, Total: 118400 ns
[2025-04-02T16:51:30.192-0400][946.424s][debug][safepoint   ] Safepoint synchronization initiated using striped semaphore wait barrier. (257 threads)
[2025-04-02T16:51:30.192-0400][946.424s][info ][safepoint   ] Safepoint "Cleanup", Time since last: 2000100100 ns, Reaching safepoint: 48100 ns, Cleanup: 22000 ns, At safepoint: 1700 ns, Total: 71800 ns
[2025-04-02T16:51:39.197-0400][955.429s][debug][safepoint   ] Safepoint synchronization initiated using striped semaphore wait barrier. (257 threads)
[2025-04-02T16:51:39.197-0400][955.429s][info ][safepoint   ] Safepoint "Cleanup", Time since last: 9004456500 ns, Reaching safepoint: 152500 ns, Cleanup: 7100 ns, At safepoint: 1800 ns, Total: 161400 ns
[2025-04-02T16:51:49.684-0400][965.916s][debug][safepoint   ] Safepoint synchronization initiated using striped semaphore wait barrier. (257 threads)
[2025-04-02T16:51:49.684-0400][965.916s][info ][safepoint   ] Safepoint "Cleanup", Time since last: 10487033900 ns, Reaching safepoint: 51300 ns, Cleanup: 7300 ns, At safepoint: 1800 ns, Total: 60400 ns
[2025-04-02T16:51:52.686-0400][968.918s][debug][safepoint   ] Safepoint synchronization initiated using striped semaphore wait barrier. (257 threads)
[2025-04-02T16:51:52.686-0400][968.918s][info ][safepoint   ] Safepoint "Cleanup", Time since last: 3002130000 ns, Reaching safepoint: 52400 ns, Cleanup: 8100 ns, At safepoint: 1900 ns, Total: 62400 ns
[2025-04-02T16:52:02.692-0400][978.924s][debug][safepoint   ] Safepoint synchronization initiated using striped semaphore wait barrier. (257 threads)
[2025-04-02T16:52:02.692-0400][978.924s][info ][safepoint   ] Safepoint "Cleanup", Time since last: 10005811200 ns, Reaching safepoint: 75200 ns, Cleanup: 7600 ns, At safepoint: 1200 ns, Total: 84000 ns
[2025-04-02T16:52:03.692-0400][979.924s][debug][safepoint   ] Safepoint synchronization initiated using striped semaphore wait barrier. (257 threads)
[2025-04-02T16:52:03.692-0400][979.924s][info ][safepoint   ] Safepoint "Cleanup", Time since last: 1000147000 ns, Reaching safepoint: 58000 ns, Cleanup: 7800 ns, At safepoint: 1700 ns, Total: 67500 ns
[2025-04-02T16:52:04.693-0400][980.925s][debug][safepoint   ] Safepoint synchronization initiated using striped semaphore wait barrier. (257 threads)
[2025-04-02T16:52:04.693-0400][980.925s][info ][safepoint   ] Safepoint "Cleanup", Time since last: 1000914700 ns, Reaching safepoint: 97700 ns, Cleanup: 10900 ns, At safepoint: 1800 ns, Total: 110400 ns
[2025-04-02T16:52:12.697-0400][988.929s][debug][safepoint   ] Safepoint synchronization initiated using striped semaphore wait barrier. (256 threads)
[2025-04-02T16:52:12.697-0400][988.929s][info ][safepoint   ] Safepoint "Cleanup", Time since last: 8003592400 ns, Reaching safepoint: 92900 ns, Cleanup: 7000 ns, At safepoint: 1600 ns, Total: 101500 ns
[2025-04-02T16:52:25.703-0400][1001.935s][debug][safepoint   ] Safepoint synchronization initiated using striped semaphore wait barrier. (257 threads)
[2025-04-02T16:52:25.703-0400][1001.935s][info ][safepoint   ] Safepoint "Cleanup", Time since last: 13006082900 ns, Reaching safepoint: 53000 ns, Cleanup: 10500 ns, At safepoint: 1900 ns, Total: 65400 ns
[2025-04-02T16:52:29.705-0400][1005.937s][debug][safepoint   ] Safepoint synchronization initiated using striped semaphore wait barrier. (257 threads)
[2025-04-02T16:52:29.705-0400][1005.937s][info ][safepoint   ] Safepoint "Cleanup", Time since last: 4002086600 ns, Reaching safepoint: 70400 ns, Cleanup: 13400 ns, At safepoint: 1700 ns, Total: 85500 ns
[2025-04-02T16:52:32.707-0400][1008.939s][debug][safepoint   ] Safepoint synchronization initiated using striped semaphore wait barrier. (257 threads)
[2025-04-02T16:52:32.707-0400][1008.939s][info ][safepoint   ] Safepoint "Cleanup", Time since last: 3001908000 ns, Reaching safepoint: 82200 ns, Cleanup: 8000 ns, At safepoint: 1400 ns, Total: 91600 ns
[2025-04-02T16:52:34.708-0400][1010.940s][debug][safepoint   ] Safepoint synchronization initiated using striped semaphore wait barrier. (257 threads)
[2025-04-02T16:52:34.708-0400][1010.940s][info ][safepoint   ] Safepoint "Cleanup", Time since last: 2000476500 ns, Reaching safepoint: 112500 ns, Cleanup: 7600 ns, At safepoint: 1700 ns, Total: 121800 ns
[2025-04-02T16:52:52.805-0400][1029.037s][debug][safepoint   ] Safepoint synchronization initiated using striped semaphore wait barrier. (257 threads)
[2025-04-02T16:52:52.805-0400][1029.037s][info ][safepoint   ] Safepoint "Cleanup", Time since last: 18097495600 ns, Reaching safepoint: 78100 ns, Cleanup: 9100 ns, At safepoint: 2000 ns, Total: 89200 ns
[2025-04-02T16:53:01.822-0400][1038.055s][debug][safepoint   ] Safepoint synchronization initiated using striped semaphore wait barrier. (257 threads)
[2025-04-02T16:53:01.822-0400][1038.055s][info ][gc,start    ] GC(50) Pause Young (Normal) (G1 Evacuation Pause)
[2025-04-02T16:53:01.822-0400][1038.055s][info ][gc,task     ] GC(50) Using 23 workers of 23 for evacuation
[2025-04-02T16:53:01.833-0400][1038.065s][info ][gc,phases   ] GC(50)   Pre Evacuate Collection Set: 0.1ms
[2025-04-02T16:53:01.833-0400][1038.065s][info ][gc,phases   ] GC(50)   Merge Heap Roots: 0.1ms
[2025-04-02T16:53:01.833-0400][1038.065s][info ][gc,phases   ] GC(50)   Evacuate Collection Set: 9.3ms
[2025-04-02T16:53:01.833-0400][1038.065s][info ][gc,phases   ] GC(50)   Post Evacuate Collection Set: 1.0ms
[2025-04-02T16:53:01.833-0400][1038.065s][info ][gc,phases   ] GC(50)   Other: 0.1ms
[2025-04-02T16:53:01.833-0400][1038.065s][info ][gc,heap     ] GC(50) Eden regions: 259->0(259)
[2025-04-02T16:53:01.833-0400][1038.065s][info ][gc,heap     ] GC(50) Survivor regions: 16->16(35)
[2025-04-02T16:53:01.833-0400][1038.065s][info ][gc,heap     ] GC(50) Old regions: 167->167
[2025-04-02T16:53:01.833-0400][1038.065s][info ][gc,heap     ] GC(50) Archive regions: 0->0
[2025-04-02T16:53:01.833-0400][1038.065s][info ][gc,heap     ] GC(50) Humongous regions: 2->2
[2025-04-02T16:53:01.833-0400][1038.065s][info ][gc,metaspace] GC(50) Metaspace: 188951K(190464K)->188951K(190464K) NonClass: 166004K(166784K)->166004K(166784K) Class: 22946K(23680K)->22946K(23680K)
[2025-04-02T16:53:01.833-0400][1038.065s][info ][gc          ] GC(50) Pause Young (Normal) (G1 Evacuation Pause) 442M->183M(512M) 10.710ms
[2025-04-02T16:53:01.833-0400][1038.066s][info ][gc,cpu      ] GC(50) User=0.05s Sys=0.00s Real=0.01s
[2025-04-02T16:53:01.833-0400][1038.066s][info ][safepoint   ] Safepoint "G1CollectForAllocation", Time since last: 9017258000 ns, Reaching safepoint: 52700 ns, Cleanup: 2700 ns, At safepoint: 10810000 ns, Total: 10865400 ns
[2025-04-02T16:53:25.844-0400][1062.076s][debug][safepoint   ] Safepoint synchronization initiated using striped semaphore wait barrier. (256 threads)
[2025-04-02T16:53:25.844-0400][1062.076s][info ][safepoint   ] Safepoint "Cleanup", Time since last: 24010619200 ns, Reaching safepoint: 87800 ns, Cleanup: 7900 ns, At safepoint: 1700 ns, Total: 97400 ns
[2025-04-02T16:53:30.846-0400][1067.078s][debug][safepoint   ] Safepoint synchronization initiated using striped semaphore wait barrier. (255 threads)
[2025-04-02T16:53:30.846-0400][1067.079s][info ][safepoint   ] Safepoint "Cleanup", Time since last: 5002144100 ns, Reaching safepoint: 78500 ns, Cleanup: 7700 ns, At safepoint: 1200 ns, Total: 87400 ns
[2025-04-02T16:53:31.847-0400][1068.079s][debug][safepoint   ] Safepoint synchronization initiated using striped semaphore wait barrier. (254 threads)
[2025-04-02T16:53:31.847-0400][1068.080s][info ][safepoint   ] Safepoint "Cleanup", Time since last: 1000949200 ns, Reaching safepoint: 67400 ns, Cleanup: 7300 ns, At safepoint: 1900 ns, Total: 76600 ns
[2025-04-02T16:53:39.853-0400][1076.085s][debug][safepoint   ] Safepoint synchronization initiated using striped semaphore wait barrier. (254 threads)
[2025-04-02T16:53:39.853-0400][1076.085s][info ][safepoint   ] Safepoint "Cleanup", Time since last: 8005315800 ns, Reaching safepoint: 58000 ns, Cleanup: 7500 ns, At safepoint: 1600 ns, Total: 67100 ns
[2025-04-02T16:54:04.943-0400][1101.175s][debug][safepoint   ] Safepoint synchronization initiated using striped semaphore wait barrier. (254 threads)
[2025-04-02T16:54:04.943-0400][1101.175s][info ][safepoint   ] Safepoint "Cleanup", Time since last: 25090292500 ns, Reaching safepoint: 108500 ns, Cleanup: 11700 ns, At safepoint: 2000 ns, Total: 122200 ns
[2025-04-02T16:54:12.946-0400][1109.178s][debug][safepoint   ] Safepoint synchronization initiated using striped semaphore wait barrier. (252 threads)
[2025-04-02T16:54:12.946-0400][1109.178s][info ][safepoint   ] Safepoint "Cleanup", Time since last: 8002770000 ns, Reaching safepoint: 135000 ns, Cleanup: 6500 ns, At safepoint: 1500 ns, Total: 143000 ns
[2025-04-02T16:54:21.952-0400][1118.184s][debug][safepoint   ] Safepoint synchronization initiated using striped semaphore wait barrier. (252 threads)
[2025-04-02T16:54:21.952-0400][1118.184s][info ][safepoint   ] Safepoint "Cleanup", Time since last: 9005335400 ns, Reaching safepoint: 101400 ns, Cleanup: 7600 ns, At safepoint: 1600 ns, Total: 110600 ns
[2025-04-02T16:54:29.954-0400][1126.186s][debug][safepoint   ] Safepoint synchronization initiated using striped semaphore wait barrier. (252 threads)
[2025-04-02T16:54:29.954-0400][1126.186s][info ][safepoint   ] Safepoint "Cleanup", Time since last: 8002424900 ns, Reaching safepoint: 88600 ns, Cleanup: 8100 ns, At safepoint: 1500 ns, Total: 98200 ns
[2025-04-02T16:54:30.955-0400][1127.187s][debug][safepoint   ] Safepoint synchronization initiated using striped semaphore wait barrier. (252 threads)
[2025-04-02T16:54:30.955-0400][1127.187s][info ][safepoint   ] Safepoint "Cleanup", Time since last: 1000404000 ns, Reaching safepoint: 73800 ns, Cleanup: 9800 ns, At safepoint: 1500 ns, Total: 85100 ns
[2025-04-02T16:54:32.955-0400][1129.187s][debug][safepoint   ] Safepoint synchronization initiated using striped semaphore wait barrier. (253 threads)
[2025-04-02T16:54:32.955-0400][1129.187s][info ][safepoint   ] Safepoint "Cleanup", Time since last: 2000709400 ns, Reaching safepoint: 53300 ns, Cleanup: 7700 ns, At safepoint: 1800 ns, Total: 62800 ns
[2025-04-02T16:54:44.962-0400][1141.194s][debug][safepoint   ] Safepoint synchronization initiated using striped semaphore wait barrier. (253 threads)
[2025-04-02T16:54:44.962-0400][1141.194s][info ][safepoint   ] Safepoint "Cleanup", Time since last: 12006802500 ns, Reaching safepoint: 64900 ns, Cleanup: 9200 ns, At safepoint: 2300 ns, Total: 76400 ns
[2025-04-02T16:54:52.966-0400][1149.198s][debug][safepoint   ] Safepoint synchronization initiated using striped semaphore wait barrier. (253 threads)
[2025-04-02T16:54:52.966-0400][1149.198s][info ][safepoint   ] Safepoint "Cleanup", Time since last: 8003270200 ns, Reaching safepoint: 104700 ns, Cleanup: 7900 ns, At safepoint: 1800 ns, Total: 114400 ns
[2025-04-02T16:55:02.970-0400][1159.202s][debug][safepoint   ] Safepoint synchronization initiated using striped semaphore wait barrier. (253 threads)
[2025-04-02T16:55:02.970-0400][1159.202s][info ][safepoint   ] Safepoint "Cleanup", Time since last: 10004384500 ns, Reaching safepoint: 49400 ns, Cleanup: 7200 ns, At safepoint: 1600 ns, Total: 58200 ns
[2025-04-02T16:55:04.971-0400][1161.203s][debug][safepoint   ] Safepoint synchronization initiated using striped semaphore wait barrier. (253 threads)
[2025-04-02T16:55:04.971-0400][1161.203s][info ][safepoint   ] Safepoint "Cleanup", Time since last: 2000864300 ns, Reaching safepoint: 61100 ns, Cleanup: 7000 ns, At safepoint: 1500 ns, Total: 69600 ns
[2025-04-02T16:55:11.974-0400][1168.206s][debug][safepoint   ] Safepoint synchronization initiated using striped semaphore wait barrier. (252 threads)
[2025-04-02T16:55:11.974-0400][1168.206s][info ][safepoint   ] Safepoint "Cleanup", Time since last: 7002866500 ns, Reaching safepoint: 46000 ns, Cleanup: 7500 ns, At safepoint: 1700 ns, Total: 55200 ns
[2025-04-02T16:55:19.979-0400][1176.211s][debug][safepoint   ] Safepoint synchronization initiated using striped semaphore wait barrier. (254 threads)
[2025-04-02T16:55:19.979-0400][1176.211s][info ][safepoint   ] Safepoint "Cleanup", Time since last: 8005137100 ns, Reaching safepoint: 55600 ns, Cleanup: 8800 ns, At safepoint: 1800 ns, Total: 66200 ns
[2025-04-02T16:55:32.987-0400][1189.219s][debug][safepoint   ] Safepoint synchronization initiated using striped semaphore wait barrier. (253 threads)
[2025-04-02T16:55:32.987-0400][1189.219s][info ][safepoint   ] Safepoint "Cleanup", Time since last: 13007763000 ns, Reaching safepoint: 57100 ns, Cleanup: 7200 ns, At safepoint: 1500 ns, Total: 65800 ns
[2025-04-02T16:56:03.181-0400][1219.413s][debug][safepoint   ] Safepoint synchronization initiated using striped semaphore wait barrier. (253 threads)
[2025-04-02T16:56:03.181-0400][1219.413s][info ][safepoint   ] Safepoint "Cleanup", Time since last: 30194075700 ns, Reaching safepoint: 49500 ns, Cleanup: 7400 ns, At safepoint: 1500 ns, Total: 58400 ns
[2025-04-02T16:56:11.185-0400][1227.417s][debug][safepoint   ] Safepoint synchronization initiated using striped semaphore wait barrier. (253 threads)
[2025-04-02T16:56:11.185-0400][1227.417s][info ][safepoint   ] Safepoint "Cleanup", Time since last: 8004023700 ns, Reaching safepoint: 92800 ns, Cleanup: 36500 ns, At safepoint: 1500 ns, Total: 130800 ns
[2025-04-02T16:56:12.185-0400][1228.417s][debug][safepoint   ] Safepoint synchronization initiated using striped semaphore wait barrier. (254 threads)
[2025-04-02T16:56:12.185-0400][1228.418s][info ][safepoint   ] Safepoint "Cleanup", Time since last: 1000129000 ns, Reaching safepoint: 80200 ns, Cleanup: 19500 ns, At safepoint: 2300 ns, Total: 102000 ns
[2025-04-02T16:56:13.186-0400][1229.418s][debug][safepoint   ] Safepoint synchronization initiated using striped semaphore wait barrier. (264 threads)
[2025-04-02T16:56:13.186-0400][1229.418s][info ][safepoint   ] Safepoint "Cleanup", Time since last: 1000588000 ns, Reaching safepoint: 150800 ns, Cleanup: 34200 ns, At safepoint: 1900 ns, Total: 186900 ns
[2025-04-02T16:56:17.540-0400][1233.772s][debug][safepoint   ] Safepoint synchronization initiated using striped semaphore wait barrier. (262 threads)
[2025-04-02T16:56:17.540-0400][1233.772s][info ][gc,start    ] GC(51) Pause Young (Normal) (G1 Evacuation Pause)
[2025-04-02T16:56:17.540-0400][1233.772s][info ][gc,task     ] GC(51) Using 23 workers of 23 for evacuation
[2025-04-02T16:56:17.551-0400][1233.783s][info ][gc,phases   ] GC(51)   Pre Evacuate Collection Set: 0.2ms
[2025-04-02T16:56:17.551-0400][1233.783s][info ][gc,phases   ] GC(51)   Merge Heap Roots: 0.1ms
[2025-04-02T16:56:17.551-0400][1233.783s][info ][gc,phases   ] GC(51)   Evacuate Collection Set: 9.4ms
[2025-04-02T16:56:17.551-0400][1233.783s][info ][gc,phases   ] GC(51)   Post Evacuate Collection Set: 1.3ms
[2025-04-02T16:56:17.551-0400][1233.783s][info ][gc,phases   ] GC(51)   Other: 0.1ms
[2025-04-02T16:56:17.551-0400][1233.783s][info ][gc,heap     ] GC(51) Eden regions: 259->0(257)
[2025-04-02T16:56:17.551-0400][1233.783s][info ][gc,heap     ] GC(51) Survivor regions: 16->17(35)
[2025-04-02T16:56:17.551-0400][1233.783s][info ][gc,heap     ] GC(51) Old regions: 167->167
[2025-04-02T16:56:17.551-0400][1233.783s][info ][gc,heap     ] GC(51) Archive regions: 0->0
[2025-04-02T16:56:17.551-0400][1233.783s][info ][gc,heap     ] GC(51) Humongous regions: 2->2
[2025-04-02T16:56:17.551-0400][1233.783s][info ][gc,metaspace] GC(51) Metaspace: 189265K(190720K)->189265K(190720K) NonClass: 166308K(167040K)->166308K(167040K) Class: 22957K(23680K)->22957K(23680K)
[2025-04-02T16:56:17.551-0400][1233.783s][info ][gc          ] GC(51) Pause Young (Normal) (G1 Evacuation Pause) 442M->184M(512M) 11.332ms
[2025-04-02T16:56:17.551-0400][1233.783s][info ][gc,cpu      ] GC(51) User=0.05s Sys=0.00s Real=0.01s
[2025-04-02T16:56:17.551-0400][1233.783s][info ][safepoint   ] Safepoint "G1CollectForAllocation", Time since last: 4353447600 ns, Reaching safepoint: 49900 ns, Cleanup: 2600 ns, At safepoint: 11451000 ns, Total: 11503500 ns
[2025-04-02T16:56:18.552-0400][1234.784s][debug][safepoint   ] Safepoint synchronization initiated using striped semaphore wait barrier. (261 threads)
[2025-04-02T16:56:18.552-0400][1234.784s][info ][safepoint   ] Safepoint "Cleanup", Time since last: 1000586700 ns, Reaching safepoint: 109800 ns, Cleanup: 10900 ns, At safepoint: 1900 ns, Total: 122600 ns
[2025-04-02T16:56:33.560-0400][1249.792s][debug][safepoint   ] Safepoint synchronization initiated using striped semaphore wait barrier. (262 threads)
[2025-04-02T16:56:33.560-0400][1249.792s][info ][safepoint   ] Safepoint "Cleanup", Time since last: 15008277300 ns, Reaching safepoint: 70100 ns, Cleanup: 10300 ns, At safepoint: 1900 ns, Total: 82300 ns
[2025-04-02T16:57:12.318-0400][1288.550s][debug][safepoint   ] Safepoint synchronization initiated using striped semaphore wait barrier. (259 threads)
[2025-04-02T16:57:12.318-0400][1288.550s][info ][safepoint   ] Safepoint "Cleanup", Time since last: 38757537300 ns, Reaching safepoint: 61300 ns, Cleanup: 6500 ns, At safepoint: 1800 ns, Total: 69600 ns
[2025-04-02T16:57:14.319-0400][1290.551s][debug][safepoint   ] Safepoint synchronization initiated using striped semaphore wait barrier. (260 threads)
[2025-04-02T16:57:14.319-0400][1290.551s][info ][safepoint   ] Safepoint "Cleanup", Time since last: 2000711900 ns, Reaching safepoint: 128500 ns, Cleanup: 22400 ns, At safepoint: 2500 ns, Total: 153400 ns
[2025-04-02T16:57:22.323-0400][1298.555s][debug][safepoint   ] Safepoint synchronization initiated using striped semaphore wait barrier. (260 threads)
[2025-04-02T16:57:22.323-0400][1298.555s][info ][safepoint   ] Safepoint "Cleanup", Time since last: 8004262400 ns, Reaching safepoint: 55700 ns, Cleanup: 8900 ns, At safepoint: 1300 ns, Total: 65900 ns
[2025-04-02T16:57:32.328-0400][1308.560s][debug][safepoint   ] Safepoint synchronization initiated using striped semaphore wait barrier. (260 threads)
[2025-04-02T16:57:32.328-0400][1308.560s][info ][safepoint   ] Safepoint "Cleanup", Time since last: 10005086800 ns, Reaching safepoint: 68700 ns, Cleanup: 11700 ns, At safepoint: 2300 ns, Total: 82700 ns
[2025-04-02T16:57:34.329-0400][1310.561s][debug][safepoint   ] Safepoint synchronization initiated using striped semaphore wait barrier. (261 threads)
[2025-04-02T16:57:34.329-0400][1310.561s][info ][safepoint   ] Safepoint "Cleanup", Time since last: 2000870300 ns, Reaching safepoint: 47100 ns, Cleanup: 8000 ns, At safepoint: 1500 ns, Total: 56600 ns
[2025-04-02T16:57:39.333-0400][1315.565s][debug][safepoint   ] Safepoint synchronization initiated using striped semaphore wait barrier. (260 threads)
[2025-04-02T16:57:39.333-0400][1315.565s][info ][safepoint   ] Safepoint "Cleanup", Time since last: 5003291100 ns, Reaching safepoint: 108800 ns, Cleanup: 6900 ns, At safepoint: 1200 ns, Total: 116900 ns
[2025-04-02T16:57:59.343-0400][1335.575s][debug][safepoint   ] Safepoint synchronization initiated using striped semaphore wait barrier. (260 threads)
[2025-04-02T16:57:59.343-0400][1335.575s][info ][safepoint   ] Safepoint "Cleanup", Time since last: 20010220200 ns, Reaching safepoint: 62200 ns, Cleanup: 6800 ns, At safepoint: 1800 ns, Total: 70800 ns
[2025-04-02T16:58:02.344-0400][1338.576s][debug][safepoint   ] Safepoint synchronization initiated using striped semaphore wait barrier. (260 threads)
[2025-04-02T16:58:02.344-0400][1338.576s][info ][safepoint   ] Safepoint "Cleanup", Time since last: 3000907400 ns, Reaching safepoint: 157800 ns, Cleanup: 6900 ns, At safepoint: 1800 ns, Total: 166500 ns
[2025-04-02T16:58:12.350-0400][1348.582s][debug][safepoint   ] Safepoint synchronization initiated using striped semaphore wait barrier. (260 threads)
[2025-04-02T16:58:12.350-0400][1348.582s][info ][safepoint   ] Safepoint "Cleanup", Time since last: 10005466600 ns, Reaching safepoint: 47700 ns, Cleanup: 20800 ns, At safepoint: 5400 ns, Total: 73900 ns
[2025-04-02T16:58:13.350-0400][1349.582s][debug][safepoint   ] Safepoint synchronization initiated using striped semaphore wait barrier. (260 threads)
[2025-04-02T16:58:13.350-0400][1349.582s][info ][safepoint   ] Safepoint "Cleanup", Time since last: 1000679600 ns, Reaching safepoint: 69800 ns, Cleanup: 10500 ns, At safepoint: 3800 ns, Total: 84100 ns
[2025-04-02T16:58:29.358-0400][1365.590s][debug][safepoint   ] Safepoint synchronization initiated using striped semaphore wait barrier. (260 threads)
[2025-04-02T16:58:29.358-0400][1365.591s][info ][safepoint   ] Safepoint "Cleanup", Time since last: 16008124700 ns, Reaching safepoint: 93400 ns, Cleanup: 7000 ns, At safepoint: 1600 ns, Total: 102000 ns
[2025-04-02T16:58:34.361-0400][1370.593s][debug][safepoint   ] Safepoint synchronization initiated using striped semaphore wait barrier. (259 threads)
[2025-04-02T16:58:34.361-0400][1370.593s][info ][safepoint   ] Safepoint "Cleanup", Time since last: 5002300100 ns, Reaching safepoint: 45400 ns, Cleanup: 9000 ns, At safepoint: 1600 ns, Total: 56000 ns
[2025-04-02T16:58:35.361-0400][1371.593s][debug][safepoint   ] Safepoint synchronization initiated using striped semaphore wait barrier. (260 threads)
[2025-04-02T16:58:35.361-0400][1371.593s][info ][safepoint   ] Safepoint "Cleanup", Time since last: 1000351900 ns, Reaching safepoint: 64500 ns, Cleanup: 13400 ns, At safepoint: 1300 ns, Total: 79200 ns
[2025-04-02T16:59:12.381-0400][1408.613s][debug][safepoint   ] Safepoint synchronization initiated using striped semaphore wait barrier. (258 threads)
[2025-04-02T16:59:12.381-0400][1408.613s][info ][safepoint   ] Safepoint "Cleanup", Time since last: 37019249100 ns, Reaching safepoint: 61700 ns, Cleanup: 6100 ns, At safepoint: 5600 ns, Total: 73400 ns
[2025-04-02T16:59:13.381-0400][1409.613s][debug][safepoint   ] Safepoint synchronization initiated using striped semaphore wait barrier. (257 threads)
[2025-04-02T16:59:13.381-0400][1409.613s][info ][safepoint   ] Safepoint "Cleanup", Time since last: 1000638500 ns, Reaching safepoint: 80200 ns, Cleanup: 9100 ns, At safepoint: 2400 ns, Total: 91700 ns
[2025-04-02T16:59:18.384-0400][1414.616s][debug][safepoint   ] Safepoint synchronization initiated using striped semaphore wait barrier. (257 threads)
[2025-04-02T16:59:18.384-0400][1414.616s][info ][safepoint   ] Safepoint "Cleanup", Time since last: 5002612800 ns, Reaching safepoint: 57900 ns, Cleanup: 8500 ns, At safepoint: 1900 ns, Total: 68300 ns
[2025-04-02T16:59:36.394-0400][1432.626s][debug][safepoint   ] Safepoint synchronization initiated using striped semaphore wait barrier. (257 threads)
[2025-04-02T16:59:36.394-0400][1432.627s][info ][safepoint   ] Safepoint "Cleanup", Time since last: 18010347300 ns, Reaching safepoint: 100100 ns, Cleanup: 6900 ns, At safepoint: 1400 ns, Total: 108400 ns
[2025-04-02T16:59:50.491-0400][1446.724s][debug][safepoint   ] Safepoint synchronization initiated using striped semaphore wait barrier. (257 threads)
[2025-04-02T16:59:50.491-0400][1446.724s][info ][gc,start    ] GC(52) Pause Young (Normal) (G1 Evacuation Pause)
[2025-04-02T16:59:50.491-0400][1446.724s][info ][gc,task     ] GC(52) Using 23 workers of 23 for evacuation
[2025-04-02T16:59:50.498-0400][1446.730s][info ][gc,phases   ] GC(52)   Pre Evacuate Collection Set: 0.2ms
[2025-04-02T16:59:50.498-0400][1446.730s][info ][gc,phases   ] GC(52)   Merge Heap Roots: 0.1ms
[2025-04-02T16:59:50.498-0400][1446.730s][info ][gc,phases   ] GC(52)   Evacuate Collection Set: 4.4ms
[2025-04-02T16:59:50.498-0400][1446.730s][info ][gc,phases   ] GC(52)   Post Evacuate Collection Set: 1.2ms
[2025-04-02T16:59:50.498-0400][1446.730s][info ][gc,phases   ] GC(52)   Other: 0.1ms
[2025-04-02T16:59:50.498-0400][1446.730s][info ][gc,heap     ] GC(52) Eden regions: 257->0(259)
[2025-04-02T16:59:50.498-0400][1446.730s][info ][gc,heap     ] GC(52) Survivor regions: 17->16(35)
[2025-04-02T16:59:50.498-0400][1446.730s][info ][gc,heap     ] GC(52) Old regions: 167->167
[2025-04-02T16:59:50.498-0400][1446.730s][info ][gc,heap     ] GC(52) Archive regions: 0->0
[2025-04-02T16:59:50.498-0400][1446.730s][info ][gc,heap     ] GC(52) Humongous regions: 2->2
[2025-04-02T16:59:50.498-0400][1446.730s][info ][gc,metaspace] GC(52) Metaspace: 189388K(190912K)->189388K(190912K) NonClass: 166430K(167232K)->166430K(167232K) Class: 22957K(23680K)->22957K(23680K)
[2025-04-02T16:59:50.498-0400][1446.730s][info ][gc          ] GC(52) Pause Young (Normal) (G1 Evacuation Pause) 441M->184M(512M) 6.045ms
[2025-04-02T16:59:50.498-0400][1446.730s][info ][gc,cpu      ] GC(52) User=0.00s Sys=0.00s Real=0.01s
[2025-04-02T16:59:50.498-0400][1446.730s][info ][safepoint   ] Safepoint "G1CollectForAllocation", Time since last: 14097180100 ns, Reaching safepoint: 52600 ns, Cleanup: 2300 ns, At safepoint: 6137700 ns, Total: 6192600 ns
[2025-04-02T16:59:51.498-0400][1447.730s][debug][safepoint   ] Safepoint synchronization initiated using striped semaphore wait barrier. (257 threads)
[2025-04-02T16:59:51.498-0400][1447.730s][info ][safepoint   ] Safepoint "Cleanup", Time since last: 1000070500 ns, Reaching safepoint: 48400 ns, Cleanup: 7800 ns, At safepoint: 1800 ns, Total: 58000 ns
[2025-04-02T17:00:12.506-0400][1468.738s][debug][safepoint   ] Safepoint synchronization initiated using striped semaphore wait barrier. (256 threads)
[2025-04-02T17:00:12.506-0400][1468.738s][info ][safepoint   ] Safepoint "Cleanup", Time since last: 21008302700 ns, Reaching safepoint: 89200 ns, Cleanup: 7600 ns, At safepoint: 8200 ns, Total: 105000 ns
[2025-04-02T17:00:14.507-0400][1470.739s][debug][safepoint   ] Safepoint synchronization initiated using striped semaphore wait barrier. (258 threads)
[2025-04-02T17:00:14.507-0400][1470.739s][info ][safepoint   ] Safepoint "Cleanup", Time since last: 2000584800 ns, Reaching safepoint: 65300 ns, Cleanup: 13300 ns, At safepoint: 1700 ns, Total: 80300 ns
[2025-04-02T17:00:37.517-0400][1493.749s][debug][safepoint   ] Safepoint synchronization initiated using striped semaphore wait barrier. (258 threads)
[2025-04-02T17:00:37.517-0400][1493.749s][info ][safepoint   ] Safepoint "Cleanup", Time since last: 23010062900 ns, Reaching safepoint: 70400 ns, Cleanup: 6800 ns, At safepoint: 1500 ns, Total: 78700 ns
[2025-04-02T17:02:39.573-0400][1615.805s][debug][safepoint   ] Safepoint synchronization initiated using striped semaphore wait barrier. (257 threads)
[2025-04-02T17:02:39.573-0400][1615.806s][info ][safepoint   ] Safepoint "Cleanup", Time since last: 122056210500 ns, Reaching safepoint: 53200 ns, Cleanup: 8800 ns, At safepoint: 1900 ns, Total: 63900 ns
[2025-04-02T17:03:03.584-0400][1639.816s][debug][safepoint   ] Safepoint synchronization initiated using striped semaphore wait barrier. (257 threads)
[2025-04-02T17:03:03.584-0400][1639.817s][info ][safepoint   ] Safepoint "Cleanup", Time since last: 24010921700 ns, Reaching safepoint: 90400 ns, Cleanup: 7700 ns, At safepoint: 1700 ns, Total: 99800 ns
[2025-04-02T17:03:09.586-0400][1645.818s][debug][safepoint   ] Safepoint synchronization initiated using striped semaphore wait barrier. (257 threads)
[2025-04-02T17:03:09.586-0400][1645.818s][info ][safepoint   ] Safepoint "Cleanup", Time since last: 6001547800 ns, Reaching safepoint: 67500 ns, Cleanup: 7400 ns, At safepoint: 1700 ns, Total: 76600 ns
[2025-04-02T17:03:26.141-0400][1662.373s][debug][safepoint   ] Safepoint synchronization initiated using striped semaphore wait barrier. (255 threads)
[2025-04-02T17:03:26.141-0400][1662.373s][info ][gc,start    ] GC(53) Pause Young (Normal) (G1 Evacuation Pause)
[2025-04-02T17:03:26.141-0400][1662.373s][info ][gc,task     ] GC(53) Using 23 workers of 23 for evacuation
[2025-04-02T17:03:26.150-0400][1662.383s][info ][gc,phases   ] GC(53)   Pre Evacuate Collection Set: 0.2ms
[2025-04-02T17:03:26.150-0400][1662.383s][info ][gc,phases   ] GC(53)   Merge Heap Roots: 0.2ms
[2025-04-02T17:03:26.150-0400][1662.383s][info ][gc,phases   ] GC(53)   Evacuate Collection Set: 7.6ms
[2025-04-02T17:03:26.150-0400][1662.383s][info ][gc,phases   ] GC(53)   Post Evacuate Collection Set: 1.4ms
[2025-04-02T17:03:26.150-0400][1662.383s][info ][gc,phases   ] GC(53)   Other: 0.1ms
[2025-04-02T17:03:26.150-0400][1662.383s][info ][gc,heap     ] GC(53) Eden regions: 259->0(259)
[2025-04-02T17:03:26.150-0400][1662.383s][info ][gc,heap     ] GC(53) Survivor regions: 16->16(35)
[2025-04-02T17:03:26.150-0400][1662.383s][info ][gc,heap     ] GC(53) Old regions: 167->167
[2025-04-02T17:03:26.150-0400][1662.383s][info ][gc,heap     ] GC(53) Archive regions: 0->0
[2025-04-02T17:03:26.150-0400][1662.383s][info ][gc,heap     ] GC(53) Humongous regions: 2->2
[2025-04-02T17:03:26.150-0400][1662.383s][info ][gc,metaspace] GC(53) Metaspace: 189469K(190976K)->189469K(190976K) NonClass: 166511K(167296K)->166511K(167296K) Class: 22957K(23680K)->22957K(23680K)
[2025-04-02T17:03:26.150-0400][1662.383s][info ][gc          ] GC(53) Pause Young (Normal) (G1 Evacuation Pause) 443M->183M(512M) 9.593ms
[2025-04-02T17:03:26.151-0400][1662.383s][info ][gc,cpu      ] GC(53) User=0.06s Sys=0.00s Real=0.01s
[2025-04-02T17:03:26.151-0400][1662.383s][info ][safepoint   ] Safepoint "G1CollectForAllocation", Time since last: 16555061600 ns, Reaching safepoint: 79600 ns, Cleanup: 3900 ns, At safepoint: 9688000 ns, Total: 9771500 ns
[2025-04-02T17:03:33.154-0400][1669.386s][debug][safepoint   ] Safepoint synchronization initiated using striped semaphore wait barrier. (255 threads)
[2025-04-02T17:03:33.154-0400][1669.386s][info ][safepoint   ] Safepoint "Cleanup", Time since last: 7003354400 ns, Reaching safepoint: 76400 ns, Cleanup: 9200 ns, At safepoint: 1300 ns, Total: 86900 ns
[2025-04-02T17:03:41.158-0400][1677.390s][debug][safepoint   ] Safepoint synchronization initiated using striped semaphore wait barrier. (255 threads)
[2025-04-02T17:03:41.158-0400][1677.391s][info ][safepoint   ] Safepoint "Cleanup", Time since last: 8003998000 ns, Reaching safepoint: 101800 ns, Cleanup: 10400 ns, At safepoint: 7700 ns, Total: 119900 ns
[2025-04-02T17:04:09.163-0400][1705.395s][debug][safepoint   ] Safepoint synchronization initiated using striped semaphore wait barrier. (255 threads)
[2025-04-02T17:04:09.163-0400][1705.395s][info ][safepoint   ] Safepoint "Cleanup", Time since last: 28004777900 ns, Reaching safepoint: 93400 ns, Cleanup: 6300 ns, At safepoint: 1800 ns, Total: 101500 ns
[2025-04-02T17:04:13.166-0400][1709.398s][debug][safepoint   ] Safepoint synchronization initiated using striped semaphore wait barrier. (254 threads)
[2025-04-02T17:04:13.166-0400][1709.398s][info ][safepoint   ] Safepoint "Cleanup", Time since last: 4002244000 ns, Reaching safepoint: 62900 ns, Cleanup: 7300 ns, At safepoint: 1500 ns, Total: 71700 ns
[2025-04-02T17:04:16.167-0400][1712.399s][debug][safepoint   ] Safepoint synchronization initiated using striped semaphore wait barrier. (254 threads)
[2025-04-02T17:04:16.167-0400][1712.399s][info ][safepoint   ] Safepoint "Cleanup", Time since last: 3001442400 ns, Reaching safepoint: 52200 ns, Cleanup: 12900 ns, At safepoint: 2000 ns, Total: 67100 ns
[2025-04-02T17:04:20.170-0400][1716.402s][debug][safepoint   ] Safepoint synchronization initiated using striped semaphore wait barrier. (259 threads)
[2025-04-02T17:04:20.170-0400][1716.402s][info ][safepoint   ] Safepoint "Cleanup", Time since last: 4002401000 ns, Reaching safepoint: 106400 ns, Cleanup: 40000 ns, At safepoint: 5300 ns, Total: 151700 ns
[2025-04-02T17:04:42.180-0400][1738.412s][debug][safepoint   ] Safepoint synchronization initiated using striped semaphore wait barrier. (254 threads)
[2025-04-02T17:04:42.180-0400][1738.412s][info ][safepoint   ] Safepoint "Cleanup", Time since last: 22010535400 ns, Reaching safepoint: 88500 ns, Cleanup: 9500 ns, At safepoint: 3200 ns, Total: 101200 ns
[2025-04-02T17:05:01.280-0400][1757.513s][debug][safepoint   ] Safepoint synchronization initiated using striped semaphore wait barrier. (254 threads)
[2025-04-02T17:05:01.280-0400][1757.513s][info ][safepoint   ] Safepoint "Cleanup", Time since last: 19100008800 ns, Reaching safepoint: 191900 ns, Cleanup: 8200 ns, At safepoint: 1300 ns, Total: 201400 ns
[2025-04-02T17:05:09.286-0400][1765.518s][debug][safepoint   ] Safepoint synchronization initiated using striped semaphore wait barrier. (256 threads)
[2025-04-02T17:05:09.286-0400][1765.518s][info ][safepoint   ] Safepoint "Cleanup", Time since last: 8005180100 ns, Reaching safepoint: 65800 ns, Cleanup: 16200 ns, At safepoint: 1800 ns, Total: 83800 ns
[2025-04-02T17:05:12.288-0400][1768.520s][debug][safepoint   ] Safepoint synchronization initiated using striped semaphore wait barrier. (256 threads)
[2025-04-02T17:05:12.288-0400][1768.520s][info ][safepoint   ] Safepoint "Cleanup", Time since last: 3001793200 ns, Reaching safepoint: 83200 ns, Cleanup: 12000 ns, At safepoint: 2200 ns, Total: 97400 ns
[2025-04-02T17:05:13.288-0400][1769.520s][debug][safepoint   ] Safepoint synchronization initiated using striped semaphore wait barrier. (255 threads)
[2025-04-02T17:05:13.288-0400][1769.520s][info ][safepoint   ] Safepoint "Cleanup", Time since last: 1000277200 ns, Reaching safepoint: 85400 ns, Cleanup: 8400 ns, At safepoint: 1200 ns, Total: 95000 ns
[2025-04-02T17:05:16.290-0400][1772.522s][debug][safepoint   ] Safepoint synchronization initiated using striped semaphore wait barrier. (254 threads)
[2025-04-02T17:05:16.290-0400][1772.522s][info ][safepoint   ] Safepoint "Cleanup", Time since last: 3001874400 ns, Reaching safepoint: 143600 ns, Cleanup: 7200 ns, At safepoint: 1200 ns, Total: 152000 ns
[2025-04-02T17:05:22.293-0400][1778.525s][debug][safepoint   ] Safepoint synchronization initiated using striped semaphore wait barrier. (254 threads)
[2025-04-02T17:05:22.293-0400][1778.525s][info ][safepoint   ] Safepoint "Cleanup", Time since last: 6002911400 ns, Reaching safepoint: 137000 ns, Cleanup: 18200 ns, At safepoint: 1700 ns, Total: 156900 ns
[2025-04-02T17:05:25.294-0400][1781.526s][debug][safepoint   ] Safepoint synchronization initiated using striped semaphore wait barrier. (254 threads)
[2025-04-02T17:05:25.294-0400][1781.526s][info ][safepoint   ] Safepoint "Cleanup", Time since last: 3000784000 ns, Reaching safepoint: 50600 ns, Cleanup: 7800 ns, At safepoint: 1900 ns, Total: 60300 ns
[2025-04-02T17:05:42.632-0400][1798.864s][debug][safepoint   ] Safepoint synchronization initiated using striped semaphore wait barrier. (253 threads)
[2025-04-02T17:05:42.632-0400][1798.865s][info ][gc,start    ] GC(54) Pause Young (Normal) (G1 Evacuation Pause)
[2025-04-02T17:05:42.632-0400][1798.865s][info ][gc,task     ] GC(54) Using 23 workers of 23 for evacuation
[2025-04-02T17:05:42.637-0400][1798.869s][info ][gc,phases   ] GC(54)   Pre Evacuate Collection Set: 0.4ms
[2025-04-02T17:05:42.637-0400][1798.870s][info ][gc,phases   ] GC(54)   Merge Heap Roots: 0.2ms
[2025-04-02T17:05:42.637-0400][1798.870s][info ][gc,phases   ] GC(54)   Evacuate Collection Set: 2.6ms
[2025-04-02T17:05:42.637-0400][1798.870s][info ][gc,phases   ] GC(54)   Post Evacuate Collection Set: 1.6ms
[2025-04-02T17:05:42.637-0400][1798.870s][info ][gc,phases   ] GC(54)   Other: 0.1ms
[2025-04-02T17:05:42.637-0400][1798.870s][info ][gc,heap     ] GC(54) Eden regions: 259->0(255)
[2025-04-02T17:05:42.637-0400][1798.870s][info ][gc,heap     ] GC(54) Survivor regions: 16->18(35)
[2025-04-02T17:05:42.637-0400][1798.870s][info ][gc,heap     ] GC(54) Old regions: 167->167
[2025-04-02T17:05:42.637-0400][1798.870s][info ][gc,heap     ] GC(54) Archive regions: 0->0
[2025-04-02T17:05:42.637-0400][1798.870s][info ][gc,heap     ] GC(54) Humongous regions: 2->2
[2025-04-02T17:05:42.637-0400][1798.870s][info ][gc,metaspace] GC(54) Metaspace: 189675K(191168K)->189675K(191168K) NonClass: 166714K(167488K)->166714K(167488K) Class: 22961K(23680K)->22961K(23680K)
[2025-04-02T17:05:42.638-0400][1798.870s][info ][gc          ] GC(54) Pause Young (Normal) (G1 Evacuation Pause) 442M->185M(512M) 5.274ms
[2025-04-02T17:05:42.638-0400][1798.870s][info ][gc,cpu      ] GC(54) User=0.00s Sys=0.00s Real=0.01s
[2025-04-02T17:05:42.638-0400][1798.870s][info ][safepoint   ] Safepoint "G1CollectForAllocation", Time since last: 17338214300 ns, Reaching safepoint: 70600 ns, Cleanup: 11400 ns, At safepoint: 5404100 ns, Total: 5486100 ns
[2025-04-02T17:05:43.638-0400][1799.871s][debug][safepoint   ] Safepoint synchronization initiated using striped semaphore wait barrier. (253 threads)
[2025-04-02T17:05:43.638-0400][1799.871s][info ][safepoint   ] Safepoint "Cleanup", Time since last: 1000764100 ns, Reaching safepoint: 52400 ns, Cleanup: 10300 ns, At safepoint: 2000 ns, Total: 64700 ns
[2025-04-02T17:05:46.640-0400][1802.872s][debug][safepoint   ] Safepoint synchronization initiated using striped semaphore wait barrier. (253 threads)
[2025-04-02T17:05:46.640-0400][1802.872s][info ][safepoint   ] Safepoint "Cleanup", Time since last: 3001002100 ns, Reaching safepoint: 71800 ns, Cleanup: 7900 ns, At safepoint: 1400 ns, Total: 81100 ns
[2025-04-02T17:05:49.406-0400][1805.638s][debug][safepoint   ] Safepoint synchronization initiated using striped semaphore wait barrier. (253 threads)
[2025-04-02T17:05:49.406-0400][1805.638s][info ][safepoint   ] Safepoint "Cleanup", Time since last: 2766267400 ns, Reaching safepoint: 105400 ns, Cleanup: 9600 ns, At safepoint: 1500 ns, Total: 116500 ns
[2025-04-02T17:06:04.412-0400][1820.644s][debug][safepoint   ] Safepoint synchronization initiated using striped semaphore wait barrier. (251 threads)
[2025-04-02T17:06:04.412-0400][1820.644s][info ][safepoint   ] Safepoint "Cleanup", Time since last: 15006197100 ns, Reaching safepoint: 53200 ns, Cleanup: 9800 ns, At safepoint: 1700 ns, Total: 64700 ns
[2025-04-02T17:06:12.416-0400][1828.649s][debug][safepoint   ] Safepoint synchronization initiated using striped semaphore wait barrier. (251 threads)
[2025-04-02T17:06:12.416-0400][1828.649s][info ][safepoint   ] Safepoint "Cleanup", Time since last: 8004092300 ns, Reaching safepoint: 76400 ns, Cleanup: 7400 ns, At safepoint: 2000 ns, Total: 85800 ns
[2025-04-02T17:06:13.417-0400][1829.649s][debug][safepoint   ] Safepoint synchronization initiated using striped semaphore wait barrier. (253 threads)
[2025-04-02T17:06:13.417-0400][1829.649s][info ][safepoint   ] Safepoint "Cleanup", Time since last: 1000757900 ns, Reaching safepoint: 58100 ns, Cleanup: 8100 ns, At safepoint: 1900 ns, Total: 68100 ns
[2025-04-02T17:06:16.419-0400][1832.651s][debug][safepoint   ] Safepoint synchronization initiated using striped semaphore wait barrier. (254 threads)
[2025-04-02T17:06:16.419-0400][1832.651s][info ][safepoint   ] Safepoint "Cleanup", Time since last: 3001154800 ns, Reaching safepoint: 55600 ns, Cleanup: 12400 ns, At safepoint: 6700 ns, Total: 74700 ns
[2025-04-02T17:06:42.432-0400][1858.665s][debug][safepoint   ] Safepoint synchronization initiated using striped semaphore wait barrier. (252 threads)
[2025-04-02T17:06:42.432-0400][1858.665s][info ][safepoint   ] Safepoint "Cleanup", Time since last: 26013945900 ns, Reaching safepoint: 68900 ns, Cleanup: 9800 ns, At safepoint: 2100 ns, Total: 80800 ns
[2025-04-02T17:07:13.532-0400][1889.764s][debug][safepoint   ] Safepoint synchronization initiated using striped semaphore wait barrier. (252 threads)
[2025-04-02T17:07:13.532-0400][1889.764s][info ][safepoint   ] Safepoint "Cleanup", Time since last: 31099134400 ns, Reaching safepoint: 54100 ns, Cleanup: 7300 ns, At safepoint: 1400 ns, Total: 62800 ns
[2025-04-02T17:07:44.545-0400][1920.777s][debug][safepoint   ] Safepoint synchronization initiated using striped semaphore wait barrier. (250 threads)
[2025-04-02T17:07:44.545-0400][1920.777s][info ][safepoint   ] Safepoint "Cleanup", Time since last: 31013186200 ns, Reaching safepoint: 59000 ns, Cleanup: 8000 ns, At safepoint: 1700 ns, Total: 68700 ns
[2025-04-02T17:08:03.555-0400][1939.787s][debug][safepoint   ] Safepoint synchronization initiated using striped semaphore wait barrier. (250 threads)
[2025-04-02T17:08:03.555-0400][1939.787s][info ][safepoint   ] Safepoint "Cleanup", Time since last: 19009515800 ns, Reaching safepoint: 89500 ns, Cleanup: 7600 ns, At safepoint: 1500 ns, Total: 98600 ns
[2025-04-02T17:08:12.559-0400][1948.791s][debug][safepoint   ] Safepoint synchronization initiated using striped semaphore wait barrier. (250 threads)
[2025-04-02T17:08:12.559-0400][1948.791s][info ][safepoint   ] Safepoint "Cleanup", Time since last: 9004644700 ns, Reaching safepoint: 69600 ns, Cleanup: 9300 ns, At safepoint: 2100 ns, Total: 81000 ns
[2025-04-02T17:08:13.560-0400][1949.792s][debug][safepoint   ] Safepoint synchronization initiated using striped semaphore wait barrier. (249 threads)
[2025-04-02T17:08:13.560-0400][1949.792s][info ][safepoint   ] Safepoint "Cleanup", Time since last: 1000492300 ns, Reaching safepoint: 52600 ns, Cleanup: 7300 ns, At safepoint: 1800 ns, Total: 61700 ns
[2025-04-02T17:08:17.561-0400][1953.793s][debug][safepoint   ] Safepoint synchronization initiated using striped semaphore wait barrier. (251 threads)
[2025-04-02T17:08:17.561-0400][1953.793s][info ][safepoint   ] Safepoint "Cleanup", Time since last: 4000983200 ns, Reaching safepoint: 54200 ns, Cleanup: 8800 ns, At safepoint: 1600 ns, Total: 64600 ns
[2025-04-02T17:08:26.596-0400][1962.828s][debug][safepoint   ] Safepoint synchronization initiated using striped semaphore wait barrier. (249 threads)
[2025-04-02T17:08:26.596-0400][1962.828s][info ][gc,start    ] GC(55) Pause Young (Normal) (G1 Evacuation Pause)
[2025-04-02T17:08:26.596-0400][1962.828s][info ][gc,task     ] GC(55) Using 23 workers of 23 for evacuation
[2025-04-02T17:08:26.610-0400][1962.842s][info ][gc,phases   ] GC(55)   Pre Evacuate Collection Set: 0.1ms
[2025-04-02T17:08:26.610-0400][1962.842s][info ][gc,phases   ] GC(55)   Merge Heap Roots: 0.2ms
[2025-04-02T17:08:26.610-0400][1962.842s][info ][gc,phases   ] GC(55)   Evacuate Collection Set: 11.8ms
[2025-04-02T17:08:26.610-0400][1962.842s][info ][gc,phases   ] GC(55)   Post Evacuate Collection Set: 2.0ms
[2025-04-02T17:08:26.610-0400][1962.842s][info ][gc,phases   ] GC(55)   Other: 0.1ms
[2025-04-02T17:08:26.610-0400][1962.842s][info ][gc,heap     ] GC(55) Eden regions: 255->0(264)
[2025-04-02T17:08:26.610-0400][1962.842s][info ][gc,heap     ] GC(55) Survivor regions: 18->11(35)
[2025-04-02T17:08:26.610-0400][1962.842s][info ][gc,heap     ] GC(55) Old regions: 167->172
[2025-04-02T17:08:26.610-0400][1962.842s][info ][gc,heap     ] GC(55) Archive regions: 0->0
[2025-04-02T17:08:26.610-0400][1962.842s][info ][gc,heap     ] GC(55) Humongous regions: 2->2
[2025-04-02T17:08:26.610-0400][1962.842s][info ][gc,metaspace] GC(55) Metaspace: 189769K(191296K)->189769K(191296K) NonClass: 166807K(167616K)->166807K(167616K) Class: 22962K(23680K)->22962K(23680K)
[2025-04-02T17:08:26.611-0400][1962.843s][info ][gc          ] GC(55) Pause Young (Normal) (G1 Evacuation Pause) 440M->184M(512M) 14.256ms
[2025-04-02T17:08:26.611-0400][1962.843s][info ][gc,cpu      ] GC(55) User=0.00s Sys=0.00s Real=0.02s
[2025-04-02T17:08:26.611-0400][1962.843s][info ][safepoint   ] Safepoint "G1CollectForAllocation", Time since last: 9035059900 ns, Reaching safepoint: 85000 ns, Cleanup: 2200 ns, At safepoint: 14362200 ns, Total: 14449400 ns
[2025-04-02T17:09:12.768-0400][2009.000s][debug][safepoint   ] Safepoint synchronization initiated using striped semaphore wait barrier. (248 threads)
[2025-04-02T17:09:12.768-0400][2009.000s][info ][safepoint   ] Safepoint "Cleanup", Time since last: 46157251200 ns, Reaching safepoint: 107000 ns, Cleanup: 11500 ns, At safepoint: 2000 ns, Total: 120500 ns
[2025-04-02T17:09:46.787-0400][2043.019s][debug][safepoint   ] Safepoint synchronization initiated using striped semaphore wait barrier. (246 threads)
[2025-04-02T17:09:46.787-0400][2043.019s][info ][safepoint   ] Safepoint "Cleanup", Time since last: 34018940900 ns, Reaching safepoint: 56800 ns, Cleanup: 10500 ns, At safepoint: 1600 ns, Total: 68900 ns
[2025-04-02T17:10:03.873-0400][2060.105s][debug][safepoint   ] Safepoint synchronization initiated using striped semaphore wait barrier. (246 threads)
[2025-04-02T17:10:03.873-0400][2060.105s][info ][safepoint   ] Safepoint "Cleanup", Time since last: 17086040600 ns, Reaching safepoint: 83700 ns, Cleanup: 7700 ns, At safepoint: 1300 ns, Total: 92700 ns
[2025-04-02T17:10:09.876-0400][2066.108s][debug][safepoint   ] Safepoint synchronization initiated using striped semaphore wait barrier. (246 threads)
[2025-04-02T17:10:09.876-0400][2066.108s][info ][safepoint   ] Safepoint "Cleanup", Time since last: 6002638900 ns, Reaching safepoint: 63800 ns, Cleanup: 7800 ns, At safepoint: 1600 ns, Total: 73200 ns
[2025-04-02T17:10:13.878-0400][2070.110s][debug][safepoint   ] Safepoint synchronization initiated using striped semaphore wait barrier. (247 threads)
[2025-04-02T17:10:13.878-0400][2070.110s][info ][safepoint   ] Safepoint "Cleanup", Time since last: 4002300600 ns, Reaching safepoint: 77800 ns, Cleanup: 7700 ns, At safepoint: 1600 ns, Total: 87100 ns
[2025-04-02T17:10:18.880-0400][2075.112s][debug][safepoint   ] Safepoint synchronization initiated using striped semaphore wait barrier. (248 threads)
[2025-04-02T17:10:18.880-0400][2075.112s][info ][safepoint   ] Safepoint "Cleanup", Time since last: 5001862700 ns, Reaching safepoint: 117600 ns, Cleanup: 6600 ns, At safepoint: 1500 ns, Total: 125700 ns
[2025-04-02T17:10:47.894-0400][2104.126s][debug][safepoint   ] Safepoint synchronization initiated using striped semaphore wait barrier. (247 threads)
[2025-04-02T17:10:47.894-0400][2104.126s][info ][safepoint   ] Safepoint "Cleanup", Time since last: 29014128700 ns, Reaching safepoint: 89100 ns, Cleanup: 7600 ns, At safepoint: 1300 ns, Total: 98000 ns
[2025-04-02T17:10:51.998-0400][2108.230s][debug][safepoint   ] Safepoint synchronization initiated using striped semaphore wait barrier. (246 threads)
[2025-04-02T17:10:51.998-0400][2108.230s][info ][safepoint   ] Safepoint "Cleanup", Time since last: 4103570500 ns, Reaching safepoint: 125400 ns, Cleanup: 6700 ns, At safepoint: 1300 ns, Total: 133400 ns
[2025-04-02T17:11:03.004-0400][2119.237s][debug][safepoint   ] Safepoint synchronization initiated using striped semaphore wait barrier. (246 threads)
[2025-04-02T17:11:03.004-0400][2119.237s][info ][safepoint   ] Safepoint "Cleanup", Time since last: 11006426600 ns, Reaching safepoint: 115500 ns, Cleanup: 8600 ns, At safepoint: 1700 ns, Total: 125800 ns
[2025-04-02T17:11:13.010-0400][2129.242s][debug][safepoint   ] Safepoint synchronization initiated using striped semaphore wait barrier. (246 threads)
[2025-04-02T17:11:13.010-0400][2129.242s][info ][safepoint   ] Safepoint "Cleanup", Time since last: 10005707400 ns, Reaching safepoint: 99900 ns, Cleanup: 8400 ns, At safepoint: 1800 ns, Total: 110100 ns
[2025-04-02T17:11:49.115-0400][2165.348s][debug][safepoint   ] Safepoint synchronization initiated using striped semaphore wait barrier. (244 threads)
[2025-04-02T17:11:49.115-0400][2165.348s][info ][safepoint   ] Safepoint "Cleanup", Time since last: 36105168700 ns, Reaching safepoint: 40600 ns, Cleanup: 7400 ns, At safepoint: 1700 ns, Total: 49700 ns
[2025-04-02T17:12:05.276-0400][2181.508s][debug][safepoint   ] Safepoint synchronization initiated using striped semaphore wait barrier. (244 threads)
[2025-04-02T17:12:05.276-0400][2181.508s][info ][gc,start    ] GC(56) Pause Young (Normal) (G1 Evacuation Pause)
[2025-04-02T17:12:05.276-0400][2181.508s][info ][gc,task     ] GC(56) Using 23 workers of 23 for evacuation
[2025-04-02T17:12:05.283-0400][2181.516s][info ][gc,phases   ] GC(56)   Pre Evacuate Collection Set: 0.2ms
[2025-04-02T17:12:05.283-0400][2181.516s][info ][gc,phases   ] GC(56)   Merge Heap Roots: 0.1ms
[2025-04-02T17:12:05.283-0400][2181.516s][info ][gc,phases   ] GC(56)   Evacuate Collection Set: 5.5ms
[2025-04-02T17:12:05.283-0400][2181.516s][info ][gc,phases   ] GC(56)   Post Evacuate Collection Set: 1.7ms
[2025-04-02T17:12:05.283-0400][2181.516s][info ][gc,phases   ] GC(56)   Other: 0.1ms
[2025-04-02T17:12:05.283-0400][2181.516s][info ][gc,heap     ] GC(56) Eden regions: 264->0(267)
[2025-04-02T17:12:05.283-0400][2181.516s][info ][gc,heap     ] GC(56) Survivor regions: 11->7(35)
[2025-04-02T17:12:05.283-0400][2181.516s][info ][gc,heap     ] GC(56) Old regions: 172->177
[2025-04-02T17:12:05.283-0400][2181.516s][info ][gc,heap     ] GC(56) Archive regions: 0->0
[2025-04-02T17:12:05.283-0400][2181.516s][info ][gc,heap     ] GC(56) Humongous regions: 2->2
[2025-04-02T17:12:05.283-0400][2181.516s][info ][gc,metaspace] GC(56) Metaspace: 189829K(191296K)->189829K(191296K) NonClass: 166867K(167616K)->166867K(167616K) Class: 22962K(23680K)->22962K(23680K)
[2025-04-02T17:12:05.283-0400][2181.516s][info ][gc          ] GC(56) Pause Young (Normal) (G1 Evacuation Pause) 448M->184M(512M) 7.688ms
[2025-04-02T17:12:05.283-0400][2181.516s][info ][gc,cpu      ] GC(56) User=0.03s Sys=0.00s Real=0.01s
[2025-04-02T17:12:05.284-0400][2181.516s][info ][safepoint   ] Safepoint "G1CollectForAllocation", Time since last: 16160552800 ns, Reaching safepoint: 88400 ns, Cleanup: 4500 ns, At safepoint: 7778500 ns, Total: 7871400 ns
[2025-04-02T17:12:13.287-0400][2189.519s][debug][safepoint   ] Safepoint synchronization initiated using striped semaphore wait barrier. (244 threads)
[2025-04-02T17:12:13.287-0400][2189.519s][info ][safepoint   ] Safepoint "Cleanup", Time since last: 8003180800 ns, Reaching safepoint: 47900 ns, Cleanup: 7600 ns, At safepoint: 1600 ns, Total: 57100 ns
[2025-04-02T17:12:20.290-0400][2196.522s][debug][safepoint   ] Safepoint synchronization initiated using striped semaphore wait barrier. (244 threads)
[2025-04-02T17:12:20.290-0400][2196.522s][info ][safepoint   ] Safepoint "Cleanup", Time since last: 7002591200 ns, Reaching safepoint: 57200 ns, Cleanup: 8100 ns, At safepoint: 1700 ns, Total: 67000 ns
[2025-04-02T17:12:50.237-0400][2226.469s][debug][safepoint   ] Safepoint synchronization initiated using striped semaphore wait barrier. (246 threads)
[2025-04-02T17:12:50.237-0400][2226.469s][info ][safepoint   ] Safepoint "Cleanup", Time since last: 29947294200 ns, Reaching safepoint: 97100 ns, Cleanup: 8200 ns, At safepoint: 1400 ns, Total: 106700 ns
[2025-04-02T17:13:02.638-0400][2238.871s][debug][safepoint   ] Safepoint synchronization initiated using striped semaphore wait barrier. (246 threads)
[2025-04-02T17:13:02.638-0400][2238.871s][info ][safepoint   ] Safepoint "Cleanup", Time since last: 12401164700 ns, Reaching safepoint: 70100 ns, Cleanup: 7400 ns, At safepoint: 4800 ns, Total: 82300 ns
[2025-04-02T17:13:03.639-0400][2239.871s][debug][safepoint   ] Safepoint synchronization initiated using striped semaphore wait barrier. (246 threads)
[2025-04-02T17:13:03.639-0400][2239.871s][info ][safepoint   ] Safepoint "Cleanup", Time since last: 1000604700 ns, Reaching safepoint: 58000 ns, Cleanup: 46400 ns, At safepoint: 1500 ns, Total: 105900 ns
[2025-04-02T17:13:12.644-0400][2248.876s][debug][safepoint   ] Safepoint synchronization initiated using striped semaphore wait barrier. (246 threads)
[2025-04-02T17:13:12.644-0400][2248.876s][info ][safepoint   ] Safepoint "Cleanup", Time since last: 9004390500 ns, Reaching safepoint: 51400 ns, Cleanup: 11600 ns, At safepoint: 1400 ns, Total: 64400 ns
[2025-04-02T17:13:15.645-0400][2251.877s][debug][safepoint   ] Safepoint synchronization initiated using striped semaphore wait barrier. (250 threads)
[2025-04-02T17:13:15.645-0400][2251.877s][info ][safepoint   ] Safepoint "Cleanup", Time since last: 3001269400 ns, Reaching safepoint: 59900 ns, Cleanup: 41600 ns, At safepoint: 1800 ns, Total: 103300 ns
[2025-04-02T17:13:29.653-0400][2265.885s][debug][safepoint   ] Safepoint synchronization initiated using striped semaphore wait barrier. (249 threads)
[2025-04-02T17:13:29.653-0400][2265.885s][info ][safepoint   ] Safepoint "Cleanup", Time since last: 14007550300 ns, Reaching safepoint: 68600 ns, Cleanup: 15300 ns, At safepoint: 1900 ns, Total: 85800 ns
[2025-04-02T17:13:50.449-0400][2286.681s][debug][safepoint   ] Safepoint synchronization initiated using striped semaphore wait barrier. (247 threads)
[2025-04-02T17:13:50.449-0400][2286.682s][info ][gc,start    ] GC(57) Pause Young (Normal) (G1 Evacuation Pause)
[2025-04-02T17:13:50.449-0400][2286.682s][info ][gc,task     ] GC(57) Using 23 workers of 23 for evacuation
[2025-04-02T17:13:50.455-0400][2286.687s][info ][gc,phases   ] GC(57)   Pre Evacuate Collection Set: 0.2ms
[2025-04-02T17:13:50.455-0400][2286.687s][info ][gc,phases   ] GC(57)   Merge Heap Roots: 0.1ms
[2025-04-02T17:13:50.455-0400][2286.687s][info ][gc,phases   ] GC(57)   Evacuate Collection Set: 3.5ms
[2025-04-02T17:13:50.455-0400][2286.687s][info ][gc,phases   ] GC(57)   Post Evacuate Collection Set: 1.7ms
[2025-04-02T17:13:50.455-0400][2286.687s][info ][gc,phases   ] GC(57)   Other: 0.1ms
[2025-04-02T17:13:50.455-0400][2286.687s][info ][gc,heap     ] GC(57) Eden regions: 267->0(267)
[2025-04-02T17:13:50.455-0400][2286.687s][info ][gc,heap     ] GC(57) Survivor regions: 7->4(35)
[2025-04-02T17:13:50.455-0400][2286.687s][info ][gc,heap     ] GC(57) Old regions: 177->181
[2025-04-02T17:13:50.455-0400][2286.687s][info ][gc,heap     ] GC(57) Archive regions: 0->0
[2025-04-02T17:13:50.455-0400][2286.687s][info ][gc,heap     ] GC(57) Humongous regions: 2->2
[2025-04-02T17:13:50.455-0400][2286.687s][info ][gc,metaspace] GC(57) Metaspace: 190052K(191616K)->190052K(191616K) NonClass: 167071K(167872K)->167071K(167872K) Class: 22981K(23744K)->22981K(23744K)
[2025-04-02T17:13:50.455-0400][2286.687s][info ][gc          ] GC(57) Pause Young (Normal) (G1 Evacuation Pause) 451M->186M(512M) 5.675ms
[2025-04-02T17:13:50.455-0400][2286.687s][info ][gc,cpu      ] GC(57) User=0.03s Sys=0.02s Real=0.01s
[2025-04-02T17:13:50.455-0400][2286.687s][info ][safepoint   ] Safepoint "G1CollectForAllocation", Time since last: 20796607800 ns, Reaching safepoint: 48400 ns, Cleanup: 3300 ns, At safepoint: 5750300 ns, Total: 5802000 ns
[2025-04-02T17:13:51.455-0400][2287.687s][debug][safepoint   ] Safepoint synchronization initiated using striped semaphore wait barrier. (247 threads)
[2025-04-02T17:13:51.455-0400][2287.687s][info ][safepoint   ] Safepoint "Cleanup", Time since last: 1000157700 ns, Reaching safepoint: 53300 ns, Cleanup: 17200 ns, At safepoint: 1900 ns, Total: 72400 ns
[2025-04-02T17:13:52.456-0400][2288.688s][debug][safepoint   ] Safepoint synchronization initiated using striped semaphore wait barrier. (247 threads)
[2025-04-02T17:13:52.456-0400][2288.688s][info ][safepoint   ] Safepoint "Cleanup", Time since last: 1000545400 ns, Reaching safepoint: 79900 ns, Cleanup: 7900 ns, At safepoint: 1600 ns, Total: 89400 ns
[2025-04-02T17:14:12.466-0400][2308.698s][debug][safepoint   ] Safepoint synchronization initiated using striped semaphore wait barrier. (247 threads)
[2025-04-02T17:14:12.466-0400][2308.699s][info ][safepoint   ] Safepoint "Cleanup", Time since last: 20010303500 ns, Reaching safepoint: 97200 ns, Cleanup: 8500 ns, At safepoint: 1900 ns, Total: 107600 ns
[2025-04-02T17:14:20.470-0400][2316.702s][debug][safepoint   ] Safepoint synchronization initiated using striped semaphore wait barrier. (250 threads)
[2025-04-02T17:14:20.470-0400][2316.702s][info ][safepoint   ] Safepoint "Cleanup", Time since last: 8003848600 ns, Reaching safepoint: 47100 ns, Cleanup: 4600 ns, At safepoint: 1400 ns, Total: 53100 ns
[2025-04-02T17:14:52.495-0400][2348.727s][debug][safepoint   ] Safepoint synchronization initiated using striped semaphore wait barrier. (247 threads)
[2025-04-02T17:14:52.495-0400][2348.727s][info ][safepoint   ] Safepoint "Cleanup", Time since last: 32024545600 ns, Reaching safepoint: 108200 ns, Cleanup: 10800 ns, At safepoint: 3200 ns, Total: 122200 ns
[2025-04-02T17:15:59.616-0400][2415.848s][debug][safepoint   ] Safepoint synchronization initiated using striped semaphore wait barrier. (248 threads)
[2025-04-02T17:15:59.616-0400][2415.848s][info ][safepoint   ] Safepoint "Cleanup", Time since last: 67120861800 ns, Reaching safepoint: 111500 ns, Cleanup: 9100 ns, At safepoint: 1200 ns, Total: 121800 ns
[2025-04-02T17:16:20.629-0400][2436.861s][debug][safepoint   ] Safepoint synchronization initiated using striped semaphore wait barrier. (246 threads)
[2025-04-02T17:16:20.629-0400][2436.861s][info ][safepoint   ] Safepoint "Cleanup", Time since last: 21013025000 ns, Reaching safepoint: 88300 ns, Cleanup: 10400 ns, At safepoint: 1800 ns, Total: 100500 ns
[2025-04-02T17:16:22.630-0400][2438.862s][debug][safepoint   ] Safepoint synchronization initiated using striped semaphore wait barrier. (246 threads)
[2025-04-02T17:16:22.630-0400][2438.862s][info ][safepoint   ] Safepoint "Cleanup", Time since last: 2000570000 ns, Reaching safepoint: 46500 ns, Cleanup: 15200 ns, At safepoint: 1400 ns, Total: 63100 ns
[2025-04-02T17:16:24.631-0400][2440.863s][debug][safepoint   ] Safepoint synchronization initiated using striped semaphore wait barrier. (246 threads)
[2025-04-02T17:16:24.631-0400][2440.863s][info ][safepoint   ] Safepoint "Cleanup", Time since last: 2001234000 ns, Reaching safepoint: 51600 ns, Cleanup: 9300 ns, At safepoint: 1700 ns, Total: 62600 ns
[2025-04-02T17:16:26.291-0400][2442.523s][debug][safepoint   ] Safepoint synchronization initiated using striped semaphore wait barrier. (249 threads)
[2025-04-02T17:16:26.291-0400][2442.523s][info ][safepoint   ] Safepoint "Cleanup", Time since last: 1659958300 ns, Reaching safepoint: 61200 ns, Cleanup: 39600 ns, At safepoint: 1200 ns, Total: 102000 ns
[2025-04-02T17:16:27.313-0400][2443.545s][debug][safepoint   ] Safepoint synchronization initiated using striped semaphore wait barrier. (249 threads)
[2025-04-02T17:16:27.313-0400][2443.546s][info ][safepoint   ] Safepoint "Cleanup", Time since last: 1022179700 ns, Reaching safepoint: 147700 ns, Cleanup: 19000 ns, At safepoint: 1600 ns, Total: 168300 ns
[2025-04-02T17:16:29.314-0400][2445.546s][debug][safepoint   ] Safepoint synchronization initiated using striped semaphore wait barrier. (249 threads)
[2025-04-02T17:16:29.314-0400][2445.547s][info ][safepoint   ] Safepoint "Cleanup", Time since last: 2000900000 ns, Reaching safepoint: 43900 ns, Cleanup: 8400 ns, At safepoint: 1700 ns, Total: 54000 ns
[2025-04-02T17:16:34.016-0400][2450.248s][debug][safepoint   ] Safepoint synchronization initiated using striped semaphore wait barrier. (248 threads)
[2025-04-02T17:16:34.016-0400][2450.248s][info ][gc,start    ] GC(58) Pause Young (Normal) (G1 Evacuation Pause)
[2025-04-02T17:16:34.016-0400][2450.248s][info ][gc,task     ] GC(58) Using 23 workers of 23 for evacuation
[2025-04-02T17:16:34.020-0400][2450.252s][info ][gc,phases   ] GC(58)   Pre Evacuate Collection Set: 0.3ms
[2025-04-02T17:16:34.020-0400][2450.252s][info ][gc,phases   ] GC(58)   Merge Heap Roots: 0.2ms
[2025-04-02T17:16:34.020-0400][2450.253s][info ][gc,phases   ] GC(58)   Evacuate Collection Set: 1.8ms
[2025-04-02T17:16:34.020-0400][2450.253s][info ][gc,phases   ] GC(58)   Post Evacuate Collection Set: 1.7ms
[2025-04-02T17:16:34.020-0400][2450.253s][info ][gc,phases   ] GC(58)   Other: 0.1ms
[2025-04-02T17:16:34.020-0400][2450.253s][info ][gc,heap     ] GC(58) Eden regions: 267->0(266)
[2025-04-02T17:16:34.020-0400][2450.253s][info ][gc,heap     ] GC(58) Survivor regions: 4->5(34)
[2025-04-02T17:16:34.020-0400][2450.253s][info ][gc,heap     ] GC(58) Old regions: 181->181
[2025-04-02T17:16:34.020-0400][2450.253s][info ][gc,heap     ] GC(58) Archive regions: 0->0
[2025-04-02T17:16:34.020-0400][2450.253s][info ][gc,heap     ] GC(58) Humongous regions: 7->2
[2025-04-02T17:16:34.020-0400][2450.253s][info ][gc,metaspace] GC(58) Metaspace: 190397K(191936K)->190397K(191936K) NonClass: 167399K(168192K)->167399K(168192K) Class: 22997K(23744K)->22997K(23744K)
[2025-04-02T17:16:34.020-0400][2450.253s][info ][gc          ] GC(58) Pause Young (Normal) (G1 Evacuation Pause) 458M->187M(512M) 4.211ms
[2025-04-02T17:16:34.020-0400][2450.253s][info ][gc,cpu      ] GC(58) User=0.27s Sys=0.02s Real=0.00s
[2025-04-02T17:16:34.020-0400][2450.253s][info ][safepoint   ] Safepoint "G1CollectForAllocation", Time since last: 4701386200 ns, Reaching safepoint: 409200 ns, Cleanup: 74500 ns, At safepoint: 4348700 ns, Total: 4832400 ns
[2025-04-02T17:16:36.021-0400][2452.253s][debug][safepoint   ] Safepoint synchronization initiated using striped semaphore wait barrier. (248 threads)
[2025-04-02T17:16:36.021-0400][2452.253s][info ][safepoint   ] Safepoint "Cleanup", Time since last: 2000285500 ns, Reaching safepoint: 68300 ns, Cleanup: 33400 ns, At safepoint: 1900 ns, Total: 103600 ns
[2025-04-02T17:16:52.733-0400][2468.965s][debug][safepoint   ] Safepoint synchronization initiated using striped semaphore wait barrier. (245 threads)
[2025-04-02T17:16:52.733-0400][2468.965s][info ][safepoint   ] Safepoint "Cleanup", Time since last: 16712130100 ns, Reaching safepoint: 57400 ns, Cleanup: 8400 ns, At safepoint: 1400 ns, Total: 67200 ns
[2025-04-02T17:17:13.745-0400][2489.977s][debug][safepoint   ] Safepoint synchronization initiated using striped semaphore wait barrier. (244 threads)
[2025-04-02T17:17:13.745-0400][2489.977s][info ][safepoint   ] Safepoint "Cleanup", Time since last: 21011240000 ns, Reaching safepoint: 157100 ns, Cleanup: 6800 ns, At safepoint: 1500 ns, Total: 165400 ns
[2025-04-02T17:17:47.613-0400][2523.845s][debug][safepoint   ] Safepoint synchronization initiated using striped semaphore wait barrier. (243 threads)
[2025-04-02T17:17:47.613-0400][2523.845s][info ][gc,start    ] GC(59) Pause Young (Normal) (G1 Evacuation Pause)
[2025-04-02T17:17:47.613-0400][2523.845s][info ][gc,task     ] GC(59) Using 23 workers of 23 for evacuation
[2025-04-02T17:17:47.618-0400][2523.850s][info ][gc,phases   ] GC(59)   Pre Evacuate Collection Set: 0.1ms
[2025-04-02T17:17:47.618-0400][2523.850s][info ][gc,phases   ] GC(59)   Merge Heap Roots: 0.1ms
[2025-04-02T17:17:47.618-0400][2523.850s][info ][gc,phases   ] GC(59)   Evacuate Collection Set: 4.3ms
[2025-04-02T17:17:47.618-0400][2523.850s][info ][gc,phases   ] GC(59)   Post Evacuate Collection Set: 0.8ms
[2025-04-02T17:17:47.618-0400][2523.850s][info ][gc,phases   ] GC(59)   Other: 0.1ms
[2025-04-02T17:17:47.618-0400][2523.850s][info ][gc,heap     ] GC(59) Eden regions: 266->0(267)
[2025-04-02T17:17:47.618-0400][2523.850s][info ][gc,heap     ] GC(59) Survivor regions: 5->4(34)
[2025-04-02T17:17:47.618-0400][2523.850s][info ][gc,heap     ] GC(59) Old regions: 181->182
[2025-04-02T17:17:47.618-0400][2523.850s][info ][gc,heap     ] GC(59) Archive regions: 0->0
[2025-04-02T17:17:47.618-0400][2523.850s][info ][gc,heap     ] GC(59) Humongous regions: 13->2
[2025-04-02T17:17:47.618-0400][2523.850s][info ][gc,metaspace] GC(59) Metaspace: 190514K(192064K)->190514K(192064K) NonClass: 167516K(168320K)->167516K(168320K) Class: 22998K(23744K)->22998K(23744K)
[2025-04-02T17:17:47.618-0400][2523.850s][info ][gc          ] GC(59) Pause Young (Normal) (G1 Evacuation Pause) 464M->186M(512M) 5.465ms
[2025-04-02T17:17:47.618-0400][2523.850s][info ][gc,cpu      ] GC(59) User=0.00s Sys=0.00s Real=0.01s
[2025-04-02T17:17:47.618-0400][2523.850s][info ][safepoint   ] Safepoint "G1CollectForAllocation", Time since last: 33868125200 ns, Reaching safepoint: 59000 ns, Cleanup: 3000 ns, At safepoint: 5541600 ns, Total: 5603600 ns
[2025-04-02T17:18:02.625-0400][2538.857s][debug][safepoint   ] Safepoint synchronization initiated using striped semaphore wait barrier. (242 threads)
[2025-04-02T17:18:02.625-0400][2538.857s][info ][safepoint   ] Safepoint "Cleanup", Time since last: 15006281300 ns, Reaching safepoint: 46800 ns, Cleanup: 7300 ns, At safepoint: 1000 ns, Total: 55100 ns
[2025-04-02T17:18:42.644-0400][2578.876s][debug][safepoint   ] Safepoint synchronization initiated using striped semaphore wait barrier. (244 threads)
[2025-04-02T17:18:42.644-0400][2578.876s][info ][safepoint   ] Safepoint "Cleanup", Time since last: 40018816500 ns, Reaching safepoint: 101300 ns, Cleanup: 7500 ns, At safepoint: 1600 ns, Total: 110400 ns
[2025-04-02T17:18:55.969-0400][2592.201s][debug][safepoint   ] Safepoint synchronization initiated using striped semaphore wait barrier. (242 threads)
[2025-04-02T17:18:55.969-0400][2592.201s][info ][safepoint   ] Safepoint "Cleanup", Time since last: 13325226000 ns, Reaching safepoint: 106100 ns, Cleanup: 8200 ns, At safepoint: 1400 ns, Total: 115700 ns
[2025-04-02T17:19:20.982-0400][2617.214s][debug][safepoint   ] Safepoint synchronization initiated using striped semaphore wait barrier. (241 threads)
[2025-04-02T17:19:20.982-0400][2617.214s][info ][safepoint   ] Safepoint "Cleanup", Time since last: 25012788100 ns, Reaching safepoint: 54600 ns, Cleanup: 7800 ns, At safepoint: 1700 ns, Total: 64100 ns
[2025-04-02T17:21:00.131-0400][2716.363s][debug][safepoint   ] Safepoint synchronization initiated using striped semaphore wait barrier. (240 threads)
[2025-04-02T17:21:00.131-0400][2716.363s][info ][safepoint   ] Safepoint "Cleanup", Time since last: 99149172100 ns, Reaching safepoint: 63400 ns, Cleanup: 7500 ns, At safepoint: 1600 ns, Total: 72500 ns
[2025-04-02T17:21:29.206-0400][2745.438s][debug][safepoint   ] Safepoint synchronization initiated using striped semaphore wait barrier. (242 threads)
[2025-04-02T17:21:29.206-0400][2745.438s][info ][gc,start    ] GC(60) Pause Young (Normal) (G1 Evacuation Pause)
[2025-04-02T17:21:29.206-0400][2745.438s][info ][gc,task     ] GC(60) Using 23 workers of 23 for evacuation
[2025-04-02T17:21:29.212-0400][2745.444s][info ][gc,phases   ] GC(60)   Pre Evacuate Collection Set: 0.1ms
[2025-04-02T17:21:29.212-0400][2745.444s][info ][gc,phases   ] GC(60)   Merge Heap Roots: 0.1ms
[2025-04-02T17:21:29.212-0400][2745.444s][info ][gc,phases   ] GC(60)   Evacuate Collection Set: 4.5ms
[2025-04-02T17:21:29.212-0400][2745.444s][info ][gc,phases   ] GC(60)   Post Evacuate Collection Set: 1.5ms
[2025-04-02T17:21:29.212-0400][2745.444s][info ][gc,phases   ] GC(60)   Other: 0.1ms
[2025-04-02T17:21:29.212-0400][2745.444s][info ][gc,heap     ] GC(60) Eden regions: 267->0(267)
[2025-04-02T17:21:29.212-0400][2745.444s][info ][gc,heap     ] GC(60) Survivor regions: 4->4(34)
[2025-04-02T17:21:29.212-0400][2745.444s][info ][gc,heap     ] GC(60) Old regions: 182->182
[2025-04-02T17:21:29.212-0400][2745.444s][info ][gc,heap     ] GC(60) Archive regions: 0->0
[2025-04-02T17:21:29.212-0400][2745.444s][info ][gc,heap     ] GC(60) Humongous regions: 2->2
[2025-04-02T17:21:29.212-0400][2745.444s][info ][gc,metaspace] GC(60) Metaspace: 190575K(192128K)->190575K(192128K) NonClass: 167577K(168384K)->167577K(168384K) Class: 22998K(23744K)->22998K(23744K)
[2025-04-02T17:21:29.212-0400][2745.444s][info ][gc          ] GC(60) Pause Young (Normal) (G1 Evacuation Pause) 453M->187M(512M) 6.468ms
[2025-04-02T17:21:29.212-0400][2745.444s][info ][gc,cpu      ] GC(60) User=0.00s Sys=0.00s Real=0.01s
[2025-04-02T17:21:29.212-0400][2745.444s][info ][safepoint   ] Safepoint "G1CollectForAllocation", Time since last: 29074753700 ns, Reaching safepoint: 58400 ns, Cleanup: 3600 ns, At safepoint: 6534100 ns, Total: 6596100 ns
[2025-04-02T17:21:31.212-0400][2747.445s][debug][safepoint   ] Safepoint synchronization initiated using striped semaphore wait barrier. (242 threads)
[2025-04-02T17:21:31.212-0400][2747.445s][info ][safepoint   ] Safepoint "Cleanup", Time since last: 2000176300 ns, Reaching safepoint: 72400 ns, Cleanup: 12700 ns, At safepoint: 1900 ns, Total: 87000 ns
[2025-04-02T17:22:13.355-0400][2789.587s][debug][safepoint   ] Safepoint synchronization initiated using striped semaphore wait barrier. (242 threads)
[2025-04-02T17:22:13.355-0400][2789.587s][info ][safepoint   ] Safepoint "Cleanup", Time since last: 42142072000 ns, Reaching safepoint: 80700 ns, Cleanup: 12300 ns, At safepoint: 3500 ns, Total: 96500 ns
[2025-04-02T17:24:13.600-0400][2909.833s][debug][safepoint   ] Safepoint synchronization initiated using striped semaphore wait barrier. (242 threads)
[2025-04-02T17:24:13.600-0400][2909.833s][info ][safepoint   ] Safepoint "Cleanup", Time since last: 120245819000 ns, Reaching safepoint: 75800 ns, Cleanup: 7900 ns, At safepoint: 1900 ns, Total: 85600 ns
[2025-04-02T17:25:08.720-0400][2964.952s][debug][safepoint   ] Safepoint synchronization initiated using striped semaphore wait barrier. (242 threads)
[2025-04-02T17:25:08.720-0400][2964.952s][info ][safepoint   ] Safepoint "Cleanup", Time since last: 55119304400 ns, Reaching safepoint: 113200 ns, Cleanup: 10700 ns, At safepoint: 2300 ns, Total: 126200 ns
[2025-04-02T17:25:11.671-0400][2967.903s][debug][safepoint   ] Safepoint synchronization initiated using striped semaphore wait barrier. (242 threads)
[2025-04-02T17:25:11.671-0400][2967.903s][info ][gc,start    ] GC(61) Pause Young (Normal) (G1 Evacuation Pause)
[2025-04-02T17:25:11.671-0400][2967.903s][info ][gc,task     ] GC(61) Using 23 workers of 23 for evacuation
[2025-04-02T17:25:11.677-0400][2967.909s][info ][gc,phases   ] GC(61)   Pre Evacuate Collection Set: 0.3ms
[2025-04-02T17:25:11.677-0400][2967.909s][info ][gc,phases   ] GC(61)   Merge Heap Roots: 0.2ms
[2025-04-02T17:25:11.677-0400][2967.909s][info ][gc,phases   ] GC(61)   Evacuate Collection Set: 3.7ms
[2025-04-02T17:25:11.677-0400][2967.909s][info ][gc,phases   ] GC(61)   Post Evacuate Collection Set: 1.7ms
[2025-04-02T17:25:11.677-0400][2967.909s][info ][gc,phases   ] GC(61)   Other: 0.1ms
[2025-04-02T17:25:11.677-0400][2967.909s][info ][gc,heap     ] GC(61) Eden regions: 267->0(268)
[2025-04-02T17:25:11.677-0400][2967.909s][info ][gc,heap     ] GC(61) Survivor regions: 4->4(34)
[2025-04-02T17:25:11.677-0400][2967.909s][info ][gc,heap     ] GC(61) Old regions: 182->182
[2025-04-02T17:25:11.677-0400][2967.909s][info ][gc,heap     ] GC(61) Archive regions: 0->0
[2025-04-02T17:25:11.677-0400][2967.909s][info ][gc,heap     ] GC(61) Humongous regions: 2->2
[2025-04-02T17:25:11.677-0400][2967.909s][info ][gc,metaspace] GC(61) Metaspace: 190597K(192128K)->190597K(192128K) NonClass: 167599K(168384K)->167599K(168384K) Class: 22998K(23744K)->22998K(23744K)
[2025-04-02T17:25:11.677-0400][2967.909s][info ][gc          ] GC(61) Pause Young (Normal) (G1 Evacuation Pause) 454M->187M(512M) 6.040ms
[2025-04-02T17:25:11.677-0400][2967.909s][info ][gc,cpu      ] GC(61) User=0.05s Sys=0.00s Real=0.01s
[2025-04-02T17:25:11.677-0400][2967.909s][info ][safepoint   ] Safepoint "G1CollectForAllocation", Time since last: 2950875800 ns, Reaching safepoint: 73100 ns, Cleanup: 3700 ns, At safepoint: 6131200 ns, Total: 6208000 ns
[2025-04-02T17:25:12.678-0400][2968.910s][debug][safepoint   ] Safepoint synchronization initiated using striped semaphore wait barrier. (242 threads)
[2025-04-02T17:25:12.678-0400][2968.910s][info ][safepoint   ] Safepoint "Cleanup", Time since last: 1000817300 ns, Reaching safepoint: 49900 ns, Cleanup: 13200 ns, At safepoint: 1900 ns, Total: 65000 ns
[2025-04-02T17:25:13.679-0400][2969.911s][debug][safepoint   ] Safepoint synchronization initiated using striped semaphore wait barrier. (241 threads)
[2025-04-02T17:25:13.679-0400][2969.911s][info ][safepoint   ] Safepoint "Cleanup", Time since last: 1000515900 ns, Reaching safepoint: 110600 ns, Cleanup: 8000 ns, At safepoint: 1700 ns, Total: 120300 ns
[2025-04-02T17:26:13.711-0400][3029.943s][debug][safepoint   ] Safepoint synchronization initiated using striped semaphore wait barrier. (242 threads)
[2025-04-02T17:26:13.711-0400][3029.944s][info ][safepoint   ] Safepoint "Cleanup", Time since last: 60032586600 ns, Reaching safepoint: 83100 ns, Cleanup: 9700 ns, At safepoint: 2000 ns, Total: 94800 ns
[2025-04-02T17:27:01.639-0400][3077.871s][debug][safepoint   ] Safepoint synchronization initiated using striped semaphore wait barrier. (242 threads)
[2025-04-02T17:27:01.639-0400][3077.871s][info ][safepoint   ] Safepoint "Cleanup", Time since last: 47927245400 ns, Reaching safepoint: 55600 ns, Cleanup: 8200 ns, At safepoint: 10800 ns, Total: 74600 ns
[2025-04-02T17:27:02.640-0400][3078.872s][debug][safepoint   ] Safepoint synchronization initiated using striped semaphore wait barrier. (242 threads)
[2025-04-02T17:27:02.640-0400][3078.872s][info ][safepoint   ] Safepoint "Cleanup", Time since last: 1000751400 ns, Reaching safepoint: 147600 ns, Cleanup: 26200 ns, At safepoint: 1600 ns, Total: 175400 ns
[2025-04-02T17:27:03.640-0400][3079.872s][debug][safepoint   ] Safepoint synchronization initiated using striped semaphore wait barrier. (242 threads)
[2025-04-02T17:27:03.640-0400][3079.872s][info ][safepoint   ] Safepoint "Cleanup", Time since last: 1000442400 ns, Reaching safepoint: 47200 ns, Cleanup: 6800 ns, At safepoint: 1900 ns, Total: 55900 ns
[2025-04-02T17:28:05.096-0400][3141.328s][debug][safepoint   ] Safepoint synchronization initiated using striped semaphore wait barrier. (241 threads)
[2025-04-02T17:28:05.096-0400][3141.328s][info ][safepoint   ] Safepoint "Cleanup", Time since last: 61455833400 ns, Reaching safepoint: 94900 ns, Cleanup: 7100 ns, At safepoint: 1700 ns, Total: 103700 ns
[2025-04-02T17:28:52.211-0400][3188.443s][debug][safepoint   ] Safepoint synchronization initiated using striped semaphore wait barrier. (241 threads)
[2025-04-02T17:28:52.211-0400][3188.443s][info ][safepoint   ] Safepoint "Cleanup", Time since last: 47114828000 ns, Reaching safepoint: 80600 ns, Cleanup: 9700 ns, At safepoint: 2400 ns, Total: 92700 ns
[2025-04-02T17:28:56.650-0400][3192.882s][debug][safepoint   ] Safepoint synchronization initiated using striped semaphore wait barrier. (241 threads)
[2025-04-02T17:28:56.650-0400][3192.882s][info ][gc,start    ] GC(62) Pause Young (Normal) (G1 Evacuation Pause)
[2025-04-02T17:28:56.650-0400][3192.882s][info ][gc,task     ] GC(62) Using 23 workers of 23 for evacuation
[2025-04-02T17:28:56.655-0400][3192.887s][info ][gc,phases   ] GC(62)   Pre Evacuate Collection Set: 0.1ms
[2025-04-02T17:28:56.655-0400][3192.887s][info ][gc,phases   ] GC(62)   Merge Heap Roots: 0.1ms
[2025-04-02T17:28:56.655-0400][3192.887s][info ][gc,phases   ] GC(62)   Evacuate Collection Set: 3.6ms
[2025-04-02T17:28:56.655-0400][3192.887s][info ][gc,phases   ] GC(62)   Post Evacuate Collection Set: 0.9ms
[2025-04-02T17:28:56.655-0400][3192.887s][info ][gc,phases   ] GC(62)   Other: 0.1ms
[2025-04-02T17:28:56.655-0400][3192.887s][info ][gc,heap     ] GC(62) Eden regions: 268->0(268)
[2025-04-02T17:28:56.655-0400][3192.887s][info ][gc,heap     ] GC(62) Survivor regions: 4->4(34)
[2025-04-02T17:28:56.655-0400][3192.887s][info ][gc,heap     ] GC(62) Old regions: 182->182
[2025-04-02T17:28:56.655-0400][3192.887s][info ][gc,heap     ] GC(62) Archive regions: 0->0
[2025-04-02T17:28:56.655-0400][3192.887s][info ][gc,heap     ] GC(62) Humongous regions: 2->2
[2025-04-02T17:28:56.655-0400][3192.887s][info ][gc,metaspace] GC(62) Metaspace: 190629K(192192K)->190629K(192192K) NonClass: 167630K(168448K)->167630K(168448K) Class: 22998K(23744K)->22998K(23744K)
[2025-04-02T17:28:56.655-0400][3192.887s][info ][gc          ] GC(62) Pause Young (Normal) (G1 Evacuation Pause) 455M->186M(512M) 4.916ms
[2025-04-02T17:28:56.655-0400][3192.887s][info ][gc,cpu      ] GC(62) User=0.00s Sys=0.00s Real=0.00s
[2025-04-02T17:28:56.655-0400][3192.887s][info ][safepoint   ] Safepoint "G1CollectForAllocation", Time since last: 4438873500 ns, Reaching safepoint: 55900 ns, Cleanup: 2400 ns, At safepoint: 4982700 ns, Total: 5041000 ns
[2025-04-02T17:32:40.566-0400][3416.798s][debug][safepoint   ] Safepoint synchronization initiated using striped semaphore wait barrier. (242 threads)
[2025-04-02T17:32:40.566-0400][3416.798s][info ][gc,start    ] GC(63) Pause Young (Normal) (G1 Evacuation Pause)
[2025-04-02T17:32:40.566-0400][3416.798s][info ][gc,task     ] GC(63) Using 23 workers of 23 for evacuation
[2025-04-02T17:32:40.574-0400][3416.806s][info ][gc,phases   ] GC(63)   Pre Evacuate Collection Set: 0.1ms
[2025-04-02T17:32:40.574-0400][3416.806s][info ][gc,phases   ] GC(63)   Merge Heap Roots: 0.1ms
[2025-04-02T17:32:40.574-0400][3416.806s][info ][gc,phases   ] GC(63)   Evacuate Collection Set: 5.9ms
[2025-04-02T17:32:40.574-0400][3416.806s][info ][gc,phases   ] GC(63)   Post Evacuate Collection Set: 1.9ms
[2025-04-02T17:32:40.574-0400][3416.806s][info ][gc,phases   ] GC(63)   Other: 0.1ms
[2025-04-02T17:32:40.574-0400][3416.806s][info ][gc,heap     ] GC(63) Eden regions: 268->0(268)
[2025-04-02T17:32:40.574-0400][3416.806s][info ][gc,heap     ] GC(63) Survivor regions: 4->4(34)
[2025-04-02T17:32:40.574-0400][3416.806s][info ][gc,heap     ] GC(63) Old regions: 182->182
[2025-04-02T17:32:40.574-0400][3416.806s][info ][gc,heap     ] GC(63) Archive regions: 0->0
[2025-04-02T17:32:40.574-0400][3416.806s][info ][gc,heap     ] GC(63) Humongous regions: 2->2
[2025-04-02T17:32:40.574-0400][3416.806s][info ][gc,metaspace] GC(63) Metaspace: 190645K(192192K)->190645K(192192K) NonClass: 167646K(168448K)->167646K(168448K) Class: 22998K(23744K)->22998K(23744K)
[2025-04-02T17:32:40.574-0400][3416.806s][info ][gc          ] GC(63) Pause Young (Normal) (G1 Evacuation Pause) 454M->186M(512M) 8.235ms
[2025-04-02T17:32:40.574-0400][3416.806s][info ][gc,cpu      ] GC(63) User=0.00s Sys=0.00s Real=0.01s
[2025-04-02T17:32:40.574-0400][3416.806s][info ][safepoint   ] Safepoint "G1CollectForAllocation", Time since last: 223910783700 ns, Reaching safepoint: 87600 ns, Cleanup: 2300 ns, At safepoint: 8360600 ns, Total: 8450500 ns
[2025-04-02T17:34:10.841-0400][3507.073s][debug][safepoint   ] Safepoint synchronization initiated using striped semaphore wait barrier. (241 threads)
[2025-04-02T17:34:10.841-0400][3507.073s][info ][safepoint   ] Safepoint "Cleanup", Time since last: 90267066000 ns, Reaching safepoint: 54700 ns, Cleanup: 7900 ns, At safepoint: 2000 ns, Total: 64600 ns
[2025-04-02T17:34:13.843-0400][3510.075s][debug][safepoint   ] Safepoint synchronization initiated using striped semaphore wait barrier. (242 threads)
[2025-04-02T17:34:13.843-0400][3510.075s][info ][safepoint   ] Safepoint "Cleanup", Time since last: 3001197700 ns, Reaching safepoint: 53200 ns, Cleanup: 7500 ns, At safepoint: 1700 ns, Total: 62400 ns
[2025-04-02T17:34:26.850-0400][3523.082s][debug][safepoint   ] Safepoint synchronization initiated using striped semaphore wait barrier. (244 threads)
[2025-04-02T17:34:26.850-0400][3523.082s][info ][safepoint   ] Safepoint "Cleanup", Time since last: 13006925600 ns, Reaching safepoint: 39000 ns, Cleanup: 7700 ns, At safepoint: 1500 ns, Total: 48200 ns
[2025-04-02T17:34:57.954-0400][3554.186s][debug][safepoint   ] Safepoint synchronization initiated using striped semaphore wait barrier. (243 threads)
[2025-04-02T17:34:57.954-0400][3554.186s][info ][safepoint   ] Safepoint "Cleanup", Time since last: 31104767100 ns, Reaching safepoint: 43500 ns, Cleanup: 7500 ns, At safepoint: 1300 ns, Total: 52300 ns
[2025-04-02T17:35:11.962-0400][3568.194s][debug][safepoint   ] Safepoint synchronization initiated using striped semaphore wait barrier. (243 threads)
[2025-04-02T17:35:11.962-0400][3568.194s][info ][safepoint   ] Safepoint "Cleanup", Time since last: 14007802300 ns, Reaching safepoint: 46700 ns, Cleanup: 8400 ns, At safepoint: 1700 ns, Total: 56800 ns
[2025-04-02T17:36:13.086-0400][3629.318s][debug][safepoint   ] Safepoint synchronization initiated using striped semaphore wait barrier. (246 threads)
[2025-04-02T17:36:13.086-0400][3629.319s][info ][safepoint   ] Safepoint "Cleanup", Time since last: 61124005000 ns, Reaching safepoint: 147600 ns, Cleanup: 24000 ns, At safepoint: 1200 ns, Total: 172800 ns
[2025-04-02T17:36:19.172-0400][3635.404s][debug][safepoint   ] Safepoint synchronization initiated using striped semaphore wait barrier. (246 threads)
[2025-04-02T17:36:19.172-0400][3635.404s][info ][gc,start    ] GC(64) Pause Young (Normal) (G1 Evacuation Pause)
[2025-04-02T17:36:19.172-0400][3635.404s][info ][gc,task     ] GC(64) Using 23 workers of 23 for evacuation
[2025-04-02T17:36:19.181-0400][3635.413s][info ][gc,phases   ] GC(64)   Pre Evacuate Collection Set: 0.1ms
[2025-04-02T17:36:19.181-0400][3635.413s][info ][gc,phases   ] GC(64)   Merge Heap Roots: 0.1ms
[2025-04-02T17:36:19.181-0400][3635.414s][info ][gc,phases   ] GC(64)   Evacuate Collection Set: 7.4ms
[2025-04-02T17:36:19.181-0400][3635.414s][info ][gc,phases   ] GC(64)   Post Evacuate Collection Set: 1.6ms
[2025-04-02T17:36:19.181-0400][3635.414s][info ][gc,phases   ] GC(64)   Other: 0.1ms
[2025-04-02T17:36:19.181-0400][3635.414s][info ][gc,heap     ] GC(64) Eden regions: 268->0(268)
[2025-04-02T17:36:19.181-0400][3635.414s][info ][gc,heap     ] GC(64) Survivor regions: 4->4(34)
[2025-04-02T17:36:19.181-0400][3635.414s][info ][gc,heap     ] GC(64) Old regions: 182->182
[2025-04-02T17:36:19.181-0400][3635.414s][info ][gc,heap     ] GC(64) Archive regions: 0->0
[2025-04-02T17:36:19.181-0400][3635.414s][info ][gc,heap     ] GC(64) Humongous regions: 2->2
[2025-04-02T17:36:19.181-0400][3635.414s][info ][gc,metaspace] GC(64) Metaspace: 190741K(192256K)->190741K(192256K) NonClass: 167739K(168512K)->167739K(168512K) Class: 23001K(23744K)->23001K(23744K)
[2025-04-02T17:36:19.181-0400][3635.414s][info ][gc          ] GC(64) Pause Young (Normal) (G1 Evacuation Pause) 454M->187M(512M) 9.411ms
[2025-04-02T17:36:19.181-0400][3635.414s][info ][gc,cpu      ] GC(64) User=0.00s Sys=0.02s Real=0.01s
[2025-04-02T17:36:19.181-0400][3635.414s][info ][safepoint   ] Safepoint "G1CollectForAllocation", Time since last: 6085557900 ns, Reaching safepoint: 57500 ns, Cleanup: 2500 ns, At safepoint: 9481500 ns, Total: 9541500 ns
[2025-04-02T17:36:20.182-0400][3636.414s][debug][safepoint   ] Safepoint synchronization initiated using striped semaphore wait barrier. (246 threads)
[2025-04-02T17:36:20.182-0400][3636.414s][info ][safepoint   ] Safepoint "Cleanup", Time since last: 1000083400 ns, Reaching safepoint: 111000 ns, Cleanup: 7500 ns, At safepoint: 1700 ns, Total: 120200 ns
[2025-04-02T17:37:13.206-0400][3689.438s][debug][safepoint   ] Safepoint synchronization initiated using striped semaphore wait barrier. (245 threads)
[2025-04-02T17:37:13.206-0400][3689.438s][info ][safepoint   ] Safepoint "Cleanup", Time since last: 53024377500 ns, Reaching safepoint: 75300 ns, Cleanup: 20300 ns, At safepoint: 2500 ns, Total: 98100 ns
[2025-04-02T17:37:21.212-0400][3697.444s][debug][safepoint   ] Safepoint synchronization initiated using striped semaphore wait barrier. (245 threads)
[2025-04-02T17:37:21.212-0400][3697.444s][info ][safepoint   ] Safepoint "Cleanup", Time since last: 8005696800 ns, Reaching safepoint: 65100 ns, Cleanup: 7000 ns, At safepoint: 1700 ns, Total: 73800 ns
[2025-04-02T17:37:26.215-0400][3702.447s][debug][safepoint   ] Safepoint synchronization initiated using striped semaphore wait barrier. (245 threads)
[2025-04-02T17:37:26.215-0400][3702.447s][info ][safepoint   ] Safepoint "Cleanup", Time since last: 5002806300 ns, Reaching safepoint: 51800 ns, Cleanup: 9800 ns, At safepoint: 1700 ns, Total: 63300 ns
[2025-04-02T17:37:30.218-0400][3706.450s][debug][safepoint   ] Safepoint synchronization initiated using striped semaphore wait barrier. (245 threads)
[2025-04-02T17:37:30.218-0400][3706.450s][info ][safepoint   ] Safepoint "Cleanup", Time since last: 4003361700 ns, Reaching safepoint: 71300 ns, Cleanup: 8500 ns, At safepoint: 1600 ns, Total: 81400 ns
[2025-04-02T17:38:13.325-0400][3749.557s][debug][safepoint   ] Safepoint synchronization initiated using striped semaphore wait barrier. (245 threads)
[2025-04-02T17:38:13.325-0400][3749.557s][info ][safepoint   ] Safepoint "Cleanup", Time since last: 43106440900 ns, Reaching safepoint: 54400 ns, Cleanup: 9600 ns, At safepoint: 1800 ns, Total: 65800 ns
[2025-04-02T17:39:14.115-0400][3810.348s][debug][safepoint   ] Safepoint synchronization initiated using striped semaphore wait barrier. (245 threads)
[2025-04-02T17:39:14.115-0400][3810.348s][info ][safepoint   ] Safepoint "Cleanup", Time since last: 60790697500 ns, Reaching safepoint: 83500 ns, Cleanup: 13000 ns, At safepoint: 1600 ns, Total: 98100 ns
[2025-04-02T17:39:16.116-0400][3812.348s][debug][safepoint   ] Safepoint synchronization initiated using striped semaphore wait barrier. (244 threads)
[2025-04-02T17:39:16.116-0400][3812.348s][info ][safepoint   ] Safepoint "Cleanup", Time since last: 2000672100 ns, Reaching safepoint: 51200 ns, Cleanup: 9100 ns, At safepoint: 1700 ns, Total: 62000 ns
[2025-04-02T17:40:03.563-0400][3859.795s][debug][safepoint   ] Safepoint synchronization initiated using striped semaphore wait barrier. (245 threads)
[2025-04-02T17:40:03.563-0400][3859.795s][info ][safepoint   ] Safepoint "Cleanup", Time since last: 47446856700 ns, Reaching safepoint: 55900 ns, Cleanup: 7300 ns, At safepoint: 1800 ns, Total: 65000 ns
[2025-04-02T17:40:05.506-0400][3861.738s][debug][safepoint   ] Safepoint synchronization initiated using striped semaphore wait barrier. (245 threads)
[2025-04-02T17:40:05.506-0400][3861.739s][info ][gc,start    ] GC(65) Pause Young (Normal) (G1 Evacuation Pause)
[2025-04-02T17:40:05.506-0400][3861.739s][info ][gc,task     ] GC(65) Using 23 workers of 23 for evacuation
[2025-04-02T17:40:05.514-0400][3861.747s][info ][gc,phases   ] GC(65)   Pre Evacuate Collection Set: 0.1ms
[2025-04-02T17:40:05.514-0400][3861.747s][info ][gc,phases   ] GC(65)   Merge Heap Roots: 0.1ms
[2025-04-02T17:40:05.514-0400][3861.747s][info ][gc,phases   ] GC(65)   Evacuate Collection Set: 6.8ms
[2025-04-02T17:40:05.514-0400][3861.747s][info ][gc,phases   ] GC(65)   Post Evacuate Collection Set: 1.6ms
[2025-04-02T17:40:05.514-0400][3861.747s][info ][gc,phases   ] GC(65)   Other: 0.1ms
[2025-04-02T17:40:05.514-0400][3861.747s][info ][gc,heap     ] GC(65) Eden regions: 268->0(268)
[2025-04-02T17:40:05.514-0400][3861.747s][info ][gc,heap     ] GC(65) Survivor regions: 4->4(34)
[2025-04-02T17:40:05.514-0400][3861.747s][info ][gc,heap     ] GC(65) Old regions: 182->182
[2025-04-02T17:40:05.514-0400][3861.747s][info ][gc,heap     ] GC(65) Archive regions: 0->0
[2025-04-02T17:40:05.515-0400][3861.747s][info ][gc,heap     ] GC(65) Humongous regions: 2->2
[2025-04-02T17:40:05.515-0400][3861.747s][info ][gc,metaspace] GC(65) Metaspace: 190785K(192320K)->190785K(192320K) NonClass: 167784K(168576K)->167784K(168576K) Class: 23001K(23744K)->23001K(23744K)
[2025-04-02T17:40:05.515-0400][3861.747s][info ][gc          ] GC(65) Pause Young (Normal) (G1 Evacuation Pause) 455M->186M(512M) 8.773ms
[2025-04-02T17:40:05.515-0400][3861.747s][info ][gc,cpu      ] GC(65) User=0.00s Sys=0.00s Real=0.01s
[2025-04-02T17:40:05.515-0400][3861.747s][info ][safepoint   ] Safepoint "G1CollectForAllocation", Time since last: 1943085400 ns, Reaching safepoint: 47800 ns, Cleanup: 2200 ns, At safepoint: 8853700 ns, Total: 8903700 ns
[2025-04-02T17:41:03.689-0400][3919.921s][debug][safepoint   ] Safepoint synchronization initiated using striped semaphore wait barrier. (242 threads)
[2025-04-02T17:41:03.689-0400][3919.921s][info ][safepoint   ] Safepoint "Cleanup", Time since last: 58173342000 ns, Reaching safepoint: 81300 ns, Cleanup: 6700 ns, At safepoint: 1400 ns, Total: 89400 ns
[2025-04-02T17:43:49.812-0400][4086.044s][debug][safepoint   ] Safepoint synchronization initiated using striped semaphore wait barrier. (240 threads)
[2025-04-02T17:43:49.812-0400][4086.044s][info ][gc,start    ] GC(66) Pause Young (Normal) (G1 Evacuation Pause)
[2025-04-02T17:43:49.812-0400][4086.044s][info ][gc,task     ] GC(66) Using 23 workers of 23 for evacuation
[2025-04-02T17:43:49.816-0400][4086.048s][info ][gc,phases   ] GC(66)   Pre Evacuate Collection Set: 0.3ms
[2025-04-02T17:43:49.816-0400][4086.048s][info ][gc,phases   ] GC(66)   Merge Heap Roots: 0.1ms
[2025-04-02T17:43:49.816-0400][4086.048s][info ][gc,phases   ] GC(66)   Evacuate Collection Set: 2.3ms
[2025-04-02T17:43:49.816-0400][4086.048s][info ][gc,phases   ] GC(66)   Post Evacuate Collection Set: 1.5ms
[2025-04-02T17:43:49.816-0400][4086.048s][info ][gc,phases   ] GC(66)   Other: 0.1ms
[2025-04-02T17:43:49.816-0400][4086.048s][info ][gc,heap     ] GC(66) Eden regions: 268->0(268)
[2025-04-02T17:43:49.816-0400][4086.048s][info ][gc,heap     ] GC(66) Survivor regions: 4->4(34)
[2025-04-02T17:43:49.816-0400][4086.048s][info ][gc,heap     ] GC(66) Old regions: 182->182
[2025-04-02T17:43:49.816-0400][4086.048s][info ][gc,heap     ] GC(66) Archive regions: 0->0
[2025-04-02T17:43:49.816-0400][4086.048s][info ][gc,heap     ] GC(66) Humongous regions: 2->2
[2025-04-02T17:43:49.816-0400][4086.048s][info ][gc,metaspace] GC(66) Metaspace: 190787K(192320K)->190787K(192320K) NonClass: 167785K(168576K)->167785K(168576K) Class: 23001K(23744K)->23001K(23744K)
[2025-04-02T17:43:49.816-0400][4086.049s][info ][gc          ] GC(66) Pause Young (Normal) (G1 Evacuation Pause) 454M->187M(512M) 4.510ms
[2025-04-02T17:43:49.816-0400][4086.049s][info ][gc,cpu      ] GC(66) User=0.05s Sys=0.00s Real=0.00s
[2025-04-02T17:43:49.816-0400][4086.049s][info ][safepoint   ] Safepoint "G1CollectForAllocation", Time since last: 166123121400 ns, Reaching safepoint: 78600 ns, Cleanup: 3600 ns, At safepoint: 4598700 ns, Total: 4680900 ns
[2025-04-02T17:44:14.071-0400][4110.303s][debug][safepoint   ] Safepoint synchronization initiated using striped semaphore wait barrier. (242 threads)
[2025-04-02T17:44:14.071-0400][4110.303s][info ][safepoint   ] Safepoint "Cleanup", Time since last: 24254789500 ns, Reaching safepoint: 40200 ns, Cleanup: 8100 ns, At safepoint: 1800 ns, Total: 50100 ns
[2025-04-02T17:44:30.079-0400][4126.311s][debug][safepoint   ] Safepoint synchronization initiated using striped semaphore wait barrier. (242 threads)
[2025-04-02T17:44:30.079-0400][4126.311s][info ][safepoint   ] Safepoint "Cleanup", Time since last: 16007638400 ns, Reaching safepoint: 75100 ns, Cleanup: 8600 ns, At safepoint: 2000 ns, Total: 85700 ns
[2025-04-02T17:46:23.330-0400][4239.562s][debug][safepoint   ] Safepoint synchronization initiated using striped semaphore wait barrier. (241 threads)
[2025-04-02T17:46:23.330-0400][4239.562s][info ][safepoint   ] Safepoint "Cleanup", Time since last: 113250886000 ns, Reaching safepoint: 104800 ns, Cleanup: 15300 ns, At safepoint: 7600 ns, Total: 127700 ns
[2025-04-02T17:47:13.452-0400][4289.684s][debug][safepoint   ] Safepoint synchronization initiated using striped semaphore wait barrier. (240 threads)
[2025-04-02T17:47:13.452-0400][4289.685s][info ][safepoint   ] Safepoint "Cleanup", Time since last: 50122135200 ns, Reaching safepoint: 157100 ns, Cleanup: 146000 ns, At safepoint: 2299 ns, Total: 305399 ns
[2025-04-02T17:47:24.459-0400][4300.691s][debug][safepoint   ] Safepoint synchronization initiated using striped semaphore wait barrier. (240 threads)
[2025-04-02T17:47:24.459-0400][4300.691s][info ][safepoint   ] Safepoint "Cleanup", Time since last: 11006530701 ns, Reaching safepoint: 93700 ns, Cleanup: 11700 ns, At safepoint: 2100 ns, Total: 107500 ns
[2025-04-02T17:47:33.895-0400][4310.127s][debug][safepoint   ] Safepoint synchronization initiated using striped semaphore wait barrier. (240 threads)
[2025-04-02T17:47:33.895-0400][4310.128s][info ][gc,start    ] GC(67) Pause Young (Normal) (G1 Evacuation Pause)
[2025-04-02T17:47:33.895-0400][4310.128s][info ][gc,task     ] GC(67) Using 23 workers of 23 for evacuation
[2025-04-02T17:47:33.903-0400][4310.135s][info ][gc,phases   ] GC(67)   Pre Evacuate Collection Set: 0.1ms
[2025-04-02T17:47:33.903-0400][4310.135s][info ][gc,phases   ] GC(67)   Merge Heap Roots: 0.1ms
[2025-04-02T17:47:33.903-0400][4310.135s][info ][gc,phases   ] GC(67)   Evacuate Collection Set: 5.7ms
[2025-04-02T17:47:33.903-0400][4310.135s][info ][gc,phases   ] GC(67)   Post Evacuate Collection Set: 1.7ms
[2025-04-02T17:47:33.903-0400][4310.135s][info ][gc,phases   ] GC(67)   Other: 0.1ms
[2025-04-02T17:47:33.903-0400][4310.135s][info ][gc,heap     ] GC(67) Eden regions: 268->0(269)
[2025-04-02T17:47:33.903-0400][4310.135s][info ][gc,heap     ] GC(67) Survivor regions: 4->3(34)
[2025-04-02T17:47:33.903-0400][4310.135s][info ][gc,heap     ] GC(67) Old regions: 182->183
[2025-04-02T17:47:33.903-0400][4310.135s][info ][gc,heap     ] GC(67) Archive regions: 0->0
[2025-04-02T17:47:33.903-0400][4310.135s][info ][gc,heap     ] GC(67) Humongous regions: 2->2
[2025-04-02T17:47:33.903-0400][4310.135s][info ][gc,metaspace] GC(67) Metaspace: 190799K(192320K)->190799K(192320K) NonClass: 167798K(168576K)->167798K(168576K) Class: 23001K(23744K)->23001K(23744K)
[2025-04-02T17:47:33.903-0400][4310.135s][info ][gc          ] GC(67) Pause Young (Normal) (G1 Evacuation Pause) 455M->187M(512M) 7.797ms
[2025-04-02T17:47:33.903-0400][4310.135s][info ][gc,cpu      ] GC(67) User=0.00s Sys=0.00s Real=0.01s
[2025-04-02T17:47:33.903-0400][4310.135s][info ][safepoint   ] Safepoint "G1CollectForAllocation", Time since last: 9436197600 ns, Reaching safepoint: 53199 ns, Cleanup: 2201 ns, At safepoint: 7914100 ns, Total: 7969500 ns
[2025-04-02T17:48:49.590-0400][4385.823s][debug][safepoint   ] Safepoint synchronization initiated using striped semaphore wait barrier. (242 threads)
[2025-04-02T17:48:49.590-0400][4385.823s][info ][safepoint   ] Safepoint "Cleanup", Time since last: 75687146600 ns, Reaching safepoint: 50000 ns, Cleanup: 6500 ns, At safepoint: 1200 ns, Total: 57700 ns
[2025-04-02T17:51:20.691-0400][4536.923s][debug][safepoint   ] Safepoint synchronization initiated using striped semaphore wait barrier. (241 threads)
[2025-04-02T17:51:20.691-0400][4536.924s][info ][gc,start    ] GC(68) Pause Young (Normal) (G1 Evacuation Pause)
[2025-04-02T17:51:20.691-0400][4536.924s][info ][gc,task     ] GC(68) Using 23 workers of 23 for evacuation
[2025-04-02T17:51:20.694-0400][4536.927s][info ][gc,phases   ] GC(68)   Pre Evacuate Collection Set: 0.1ms
[2025-04-02T17:51:20.694-0400][4536.927s][info ][gc,phases   ] GC(68)   Merge Heap Roots: 0.1ms
[2025-04-02T17:51:20.694-0400][4536.927s][info ][gc,phases   ] GC(68)   Evacuate Collection Set: 1.8ms
[2025-04-02T17:51:20.694-0400][4536.927s][info ][gc,phases   ] GC(68)   Post Evacuate Collection Set: 1.4ms
[2025-04-02T17:51:20.694-0400][4536.927s][info ][gc,phases   ] GC(68)   Other: 0.1ms
[2025-04-02T17:51:20.694-0400][4536.927s][info ][gc,heap     ] GC(68) Eden regions: 269->0(269)
[2025-04-02T17:51:20.694-0400][4536.927s][info ][gc,heap     ] GC(68) Survivor regions: 3->2(34)
[2025-04-02T17:51:20.694-0400][4536.927s][info ][gc,heap     ] GC(68) Old regions: 183->184
[2025-04-02T17:51:20.694-0400][4536.927s][info ][gc,heap     ] GC(68) Archive regions: 0->0
[2025-04-02T17:51:20.694-0400][4536.927s][info ][gc,heap     ] GC(68) Humongous regions: 2->2
[2025-04-02T17:51:20.694-0400][4536.927s][info ][gc,metaspace] GC(68) Metaspace: 190801K(192320K)->190801K(192320K) NonClass: 167800K(168576K)->167800K(168576K) Class: 23001K(23744K)->23001K(23744K)
[2025-04-02T17:51:20.694-0400][4536.927s][info ][gc          ] GC(68) Pause Young (Normal) (G1 Evacuation Pause) 456M->186M(512M) 3.563ms
[2025-04-02T17:51:20.694-0400][4536.927s][info ][gc,cpu      ] GC(68) User=0.00s Sys=0.00s Real=0.00s
[2025-04-02T17:51:20.694-0400][4536.927s][info ][safepoint   ] Safepoint "G1CollectForAllocation", Time since last: 151100891099 ns, Reaching safepoint: 58401 ns, Cleanup: 3500 ns, At safepoint: 3651299 ns, Total: 3713200 ns
[2025-04-02T17:52:29.069-0400][4605.301s][debug][safepoint   ] Safepoint synchronization initiated using striped semaphore wait barrier. (240 threads)
[2025-04-02T17:52:29.069-0400][4605.301s][info ][safepoint   ] Safepoint "Cleanup", Time since last: 68373492400 ns, Reaching safepoint: 113801 ns, Cleanup: 8499 ns, At safepoint: 1601 ns, Total: 123901 ns
[2025-04-02T17:53:30.182-0400][4666.415s][debug][safepoint   ] Safepoint synchronization initiated using striped semaphore wait barrier. (239 threads)
[2025-04-02T17:53:30.182-0400][4666.415s][info ][safepoint   ] Safepoint "Cleanup", Time since last: 61113691800 ns, Reaching safepoint: 50099 ns, Cleanup: 6801 ns, At safepoint: 1500 ns, Total: 58400 ns
[2025-04-02T17:55:05.928-0400][4762.161s][debug][safepoint   ] Safepoint synchronization initiated using striped semaphore wait barrier. (241 threads)
[2025-04-02T17:55:05.928-0400][4762.161s][info ][gc,start    ] GC(69) Pause Young (Normal) (G1 Evacuation Pause)
[2025-04-02T17:55:05.928-0400][4762.161s][info ][gc,task     ] GC(69) Using 23 workers of 23 for evacuation
[2025-04-02T17:55:05.931-0400][4762.164s][info ][gc,phases   ] GC(69)   Pre Evacuate Collection Set: 0.2ms
[2025-04-02T17:55:05.931-0400][4762.164s][info ][gc,phases   ] GC(69)   Merge Heap Roots: 0.1ms
[2025-04-02T17:55:05.931-0400][4762.164s][info ][gc,phases   ] GC(69)   Evacuate Collection Set: 1.8ms
[2025-04-02T17:55:05.931-0400][4762.164s][info ][gc,phases   ] GC(69)   Post Evacuate Collection Set: 1.2ms
[2025-04-02T17:55:05.931-0400][4762.164s][info ][gc,phases   ] GC(69)   Other: 0.1ms
[2025-04-02T17:55:05.931-0400][4762.164s][info ][gc,heap     ] GC(69) Eden regions: 269->0(269)
[2025-04-02T17:55:05.931-0400][4762.164s][info ][gc,heap     ] GC(69) Survivor regions: 2->2(34)
[2025-04-02T17:55:05.931-0400][4762.164s][info ][gc,heap     ] GC(69) Old regions: 184->184
[2025-04-02T17:55:05.931-0400][4762.164s][info ][gc,heap     ] GC(69) Archive regions: 0->0
[2025-04-02T17:55:05.931-0400][4762.164s][info ][gc,heap     ] GC(69) Humongous regions: 2->2
[2025-04-02T17:55:05.932-0400][4762.164s][info ][gc,metaspace] GC(69) Metaspace: 190810K(192320K)->190810K(192320K) NonClass: 167809K(168576K)->167809K(168576K) Class: 23001K(23744K)->23001K(23744K)
[2025-04-02T17:55:05.932-0400][4762.164s][info ][gc          ] GC(69) Pause Young (Normal) (G1 Evacuation Pause) 455M->187M(512M) 3.467ms
[2025-04-02T17:55:05.932-0400][4762.164s][info ][gc,cpu      ] GC(69) User=0.00s Sys=0.00s Real=0.00s
[2025-04-02T17:55:05.932-0400][4762.164s][info ][safepoint   ] Safepoint "G1CollectForAllocation", Time since last: 95746163700 ns, Reaching safepoint: 56400 ns, Cleanup: 3100 ns, At safepoint: 3534600 ns, Total: 3594100 ns
[2025-04-02T17:55:19.940-0400][4776.172s][debug][safepoint   ] Safepoint synchronization initiated using striped semaphore wait barrier. (240 threads)
[2025-04-02T17:55:19.940-0400][4776.172s][info ][safepoint   ] Safepoint "Cleanup", Time since last: 14007670100 ns, Reaching safepoint: 143600 ns, Cleanup: 6499 ns, At safepoint: 1501 ns, Total: 151600 ns
[2025-04-02T17:57:34.659-0400][4910.891s][debug][safepoint   ] Safepoint synchronization initiated using striped semaphore wait barrier. (241 threads)
[2025-04-02T17:57:34.659-0400][4910.891s][info ][safepoint   ] Safepoint "Cleanup", Time since last: 134719109300 ns, Reaching safepoint: 48700 ns, Cleanup: 6700 ns, At safepoint: 1400 ns, Total: 56800 ns
[2025-04-02T17:58:51.306-0400][4987.538s][debug][safepoint   ] Safepoint synchronization initiated using striped semaphore wait barrier. (240 threads)
[2025-04-02T17:58:51.306-0400][4987.538s][info ][gc,start    ] GC(70) Pause Young (Normal) (G1 Evacuation Pause)
[2025-04-02T17:58:51.306-0400][4987.538s][info ][gc,task     ] GC(70) Using 23 workers of 23 for evacuation
[2025-04-02T17:58:51.309-0400][4987.541s][info ][gc,phases   ] GC(70)   Pre Evacuate Collection Set: 0.2ms
[2025-04-02T17:58:51.309-0400][4987.541s][info ][gc,phases   ] GC(70)   Merge Heap Roots: 0.1ms
[2025-04-02T17:58:51.309-0400][4987.541s][info ][gc,phases   ] GC(70)   Evacuate Collection Set: 1.3ms
[2025-04-02T17:58:51.309-0400][4987.541s][info ][gc,phases   ] GC(70)   Post Evacuate Collection Set: 1.4ms
[2025-04-02T17:58:51.309-0400][4987.541s][info ][gc,phases   ] GC(70)   Other: 0.1ms
[2025-04-02T17:58:51.309-0400][4987.541s][info ][gc,heap     ] GC(70) Eden regions: 269->0(269)
[2025-04-02T17:58:51.309-0400][4987.541s][info ][gc,heap     ] GC(70) Survivor regions: 2->2(34)
[2025-04-02T17:58:51.309-0400][4987.541s][info ][gc,heap     ] GC(70) Old regions: 184->184
[2025-04-02T17:58:51.309-0400][4987.541s][info ][gc,heap     ] GC(70) Archive regions: 0->0
[2025-04-02T17:58:51.309-0400][4987.541s][info ][gc,heap     ] GC(70) Humongous regions: 2->2
[2025-04-02T17:58:51.309-0400][4987.541s][info ][gc,metaspace] GC(70) Metaspace: 190814K(192320K)->190814K(192320K) NonClass: 167812K(168576K)->167812K(168576K) Class: 23001K(23744K)->23001K(23744K)
[2025-04-02T17:58:51.309-0400][4987.541s][info ][gc          ] GC(70) Pause Young (Normal) (G1 Evacuation Pause) 456M->187M(512M) 3.204ms
[2025-04-02T17:58:51.309-0400][4987.542s][info ][gc,cpu      ] GC(70) User=0.00s Sys=0.00s Real=0.00s
[2025-04-02T17:58:51.309-0400][4987.542s][info ][safepoint   ] Safepoint "G1CollectForAllocation", Time since last: 76646844100 ns, Reaching safepoint: 73800 ns, Cleanup: 3700 ns, At safepoint: 3291500 ns, Total: 3369000 ns
[2025-04-02T18:02:01.253-0400][5177.485s][debug][safepoint   ] Safepoint synchronization initiated using striped semaphore wait barrier. (241 threads)
[2025-04-02T18:02:01.253-0400][5177.485s][info ][safepoint   ] Safepoint "Cleanup", Time since last: 189943096000 ns, Reaching safepoint: 151800 ns, Cleanup: 6800 ns, At safepoint: 1600 ns, Total: 160200 ns
[2025-04-02T18:02:13.258-0400][5189.490s][debug][safepoint   ] Safepoint synchronization initiated using striped semaphore wait barrier. (240 threads)
[2025-04-02T18:02:13.258-0400][5189.490s][info ][safepoint   ] Safepoint "Cleanup", Time since last: 12005421300 ns, Reaching safepoint: 43000 ns, Cleanup: 5400 ns, At safepoint: 1500 ns, Total: 49900 ns
[2025-04-02T18:02:14.259-0400][5190.491s][debug][safepoint   ] Safepoint synchronization initiated using striped semaphore wait barrier. (240 threads)
[2025-04-02T18:02:14.259-0400][5190.491s][info ][safepoint   ] Safepoint "Cleanup", Time since last: 1000430800 ns, Reaching safepoint: 82300 ns, Cleanup: 7400 ns, At safepoint: 1700 ns, Total: 91400 ns
[2025-04-02T18:02:37.979-0400][5214.212s][debug][safepoint   ] Safepoint synchronization initiated using striped semaphore wait barrier. (240 threads)
[2025-04-02T18:02:37.979-0400][5214.212s][info ][gc,start    ] GC(71) Pause Young (Normal) (G1 Evacuation Pause)
[2025-04-02T18:02:37.979-0400][5214.212s][info ][gc,task     ] GC(71) Using 23 workers of 23 for evacuation
[2025-04-02T18:02:37.983-0400][5214.216s][info ][gc,phases   ] GC(71)   Pre Evacuate Collection Set: 0.1ms
[2025-04-02T18:02:37.983-0400][5214.216s][info ][gc,phases   ] GC(71)   Merge Heap Roots: 0.1ms
[2025-04-02T18:02:37.983-0400][5214.216s][info ][gc,phases   ] GC(71)   Evacuate Collection Set: 2.5ms
[2025-04-02T18:02:37.983-0400][5214.216s][info ][gc,phases   ] GC(71)   Post Evacuate Collection Set: 1.1ms
[2025-04-02T18:02:37.983-0400][5214.216s][info ][gc,phases   ] GC(71)   Other: 0.1ms
[2025-04-02T18:02:37.983-0400][5214.216s][info ][gc,heap     ] GC(71) Eden regions: 269->0(269)
[2025-04-02T18:02:37.983-0400][5214.216s][info ][gc,heap     ] GC(71) Survivor regions: 2->2(34)
[2025-04-02T18:02:37.983-0400][5214.216s][info ][gc,heap     ] GC(71) Old regions: 184->184
[2025-04-02T18:02:37.983-0400][5214.216s][info ][gc,heap     ] GC(71) Archive regions: 0->0
[2025-04-02T18:02:37.983-0400][5214.216s][info ][gc,heap     ] GC(71) Humongous regions: 2->2
[2025-04-02T18:02:37.983-0400][5214.216s][info ][gc,metaspace] GC(71) Metaspace: 190856K(192384K)->190856K(192384K) NonClass: 167854K(168640K)->167854K(168640K) Class: 23001K(23744K)->23001K(23744K)
[2025-04-02T18:02:37.983-0400][5214.216s][info ][gc          ] GC(71) Pause Young (Normal) (G1 Evacuation Pause) 456M->187M(512M) 3.847ms
[2025-04-02T18:02:37.983-0400][5214.216s][info ][gc,cpu      ] GC(71) User=0.00s Sys=0.00s Real=0.00s
[2025-04-02T18:02:37.983-0400][5214.216s][info ][safepoint   ] Safepoint "G1CollectForAllocation", Time since last: 23720931100 ns, Reaching safepoint: 48400 ns, Cleanup: 2700 ns, At safepoint: 3906500 ns, Total: 3957600 ns
[2025-04-02T18:05:27.636-0400][5383.868s][debug][safepoint   ] Safepoint synchronization initiated using striped semaphore wait barrier. (242 threads)
[2025-04-02T18:05:27.636-0400][5383.868s][info ][safepoint   ] Safepoint "Cleanup", Time since last: 169652549300 ns, Reaching safepoint: 58500 ns, Cleanup: 11700 ns, At safepoint: 1600 ns, Total: 71800 ns
[2025-04-02T18:05:42.644-0400][5398.876s][debug][safepoint   ] Safepoint synchronization initiated using striped semaphore wait barrier. (240 threads)
[2025-04-02T18:05:42.644-0400][5398.876s][info ][safepoint   ] Safepoint "Cleanup", Time since last: 15007523400 ns, Reaching safepoint: 46300 ns, Cleanup: 9000 ns, At safepoint: 1700 ns, Total: 57000 ns
[2025-04-02T18:05:53.650-0400][5409.882s][debug][safepoint   ] Safepoint synchronization initiated using striped semaphore wait barrier. (240 threads)
[2025-04-02T18:05:53.650-0400][5409.882s][info ][safepoint   ] Safepoint "Cleanup", Time since last: 11006324200 ns, Reaching safepoint: 68300 ns, Cleanup: 9500 ns, At safepoint: 2200 ns, Total: 80000 ns
[2025-04-02T18:06:13.660-0400][5429.892s][debug][safepoint   ] Safepoint synchronization initiated using striped semaphore wait barrier. (240 threads)
[2025-04-02T18:06:13.660-0400][5429.892s][info ][safepoint   ] Safepoint "Cleanup", Time since last: 20009893100 ns, Reaching safepoint: 41400 ns, Cleanup: 7000 ns, At safepoint: 1500 ns, Total: 49900 ns
[2025-04-02T18:06:19.101-0400][5435.334s][debug][safepoint   ] Safepoint synchronization initiated using striped semaphore wait barrier. (240 threads)
[2025-04-02T18:06:19.101-0400][5435.334s][info ][gc,start    ] GC(72) Pause Young (Normal) (G1 Evacuation Pause)
[2025-04-02T18:06:19.101-0400][5435.334s][info ][gc,task     ] GC(72) Using 23 workers of 23 for evacuation
[2025-04-02T18:06:19.105-0400][5435.338s][info ][gc,phases   ] GC(72)   Pre Evacuate Collection Set: 0.2ms
[2025-04-02T18:06:19.105-0400][5435.338s][info ][gc,phases   ] GC(72)   Merge Heap Roots: 0.1ms
[2025-04-02T18:06:19.105-0400][5435.338s][info ][gc,phases   ] GC(72)   Evacuate Collection Set: 2.1ms
[2025-04-02T18:06:19.105-0400][5435.338s][info ][gc,phases   ] GC(72)   Post Evacuate Collection Set: 1.4ms
[2025-04-02T18:06:19.105-0400][5435.338s][info ][gc,phases   ] GC(72)   Other: 0.1ms
[2025-04-02T18:06:19.105-0400][5435.338s][info ][gc,heap     ] GC(72) Eden regions: 269->0(268)
[2025-04-02T18:06:19.105-0400][5435.338s][info ][gc,heap     ] GC(72) Survivor regions: 2->2(34)
[2025-04-02T18:06:19.105-0400][5435.338s][info ][gc,heap     ] GC(72) Old regions: 184->184
[2025-04-02T18:06:19.105-0400][5435.338s][info ][gc,heap     ] GC(72) Archive regions: 0->0
[2025-04-02T18:06:19.105-0400][5435.338s][info ][gc,heap     ] GC(72) Humongous regions: 2->2
[2025-04-02T18:06:19.105-0400][5435.338s][info ][gc,metaspace] GC(72) Metaspace: 190875K(192384K)->190875K(192384K) NonClass: 167874K(168640K)->167874K(168640K) Class: 23001K(23744K)->23001K(23744K)
[2025-04-02T18:06:19.105-0400][5435.338s][info ][gc          ] GC(72) Pause Young (Normal) (G1 Evacuation Pause) 456M->187M(512M) 4.003ms
[2025-04-02T18:06:19.105-0400][5435.338s][info ][gc,cpu      ] GC(72) User=0.00s Sys=0.00s Real=0.00s
[2025-04-02T18:06:19.105-0400][5435.338s][info ][safepoint   ] Safepoint "G1CollectForAllocation", Time since last: 5441390400 ns, Reaching safepoint: 88200 ns, Cleanup: 4100 ns, At safepoint: 4083600 ns, Total: 4175900 ns
[2025-04-02T18:07:44.930-0400][5521.162s][debug][safepoint   ] Safepoint synchronization initiated using striped semaphore wait barrier. (241 threads)
[2025-04-02T18:07:44.930-0400][5521.162s][info ][safepoint   ] Safepoint "Cleanup", Time since last: 85824483500 ns, Reaching safepoint: 94600 ns, Cleanup: 10600 ns, At safepoint: 2600 ns, Total: 107800 ns
[2025-04-02T18:09:14.159-0400][5610.391s][debug][safepoint   ] Safepoint synchronization initiated using striped semaphore wait barrier. (240 threads)
[2025-04-02T18:09:14.159-0400][5610.391s][info ][safepoint   ] Safepoint "Cleanup", Time since last: 89228438000 ns, Reaching safepoint: 39500 ns, Cleanup: 11000 ns, At safepoint: 1600 ns, Total: 52100 ns
[2025-04-02T18:09:46.178-0400][5642.410s][debug][safepoint   ] Safepoint synchronization initiated using striped semaphore wait barrier. (240 threads)
[2025-04-02T18:09:46.178-0400][5642.410s][info ][safepoint   ] Safepoint "Cleanup", Time since last: 32019087000 ns, Reaching safepoint: 116100 ns, Cleanup: 11000 ns, At safepoint: 2100 ns, Total: 129200 ns
[2025-04-02T18:10:03.258-0400][5659.491s][debug][safepoint   ] Safepoint synchronization initiated using striped semaphore wait barrier. (240 threads)
[2025-04-02T18:10:03.258-0400][5659.491s][info ][gc,start    ] GC(73) Pause Young (Normal) (G1 Evacuation Pause)
[2025-04-02T18:10:03.258-0400][5659.491s][info ][gc,task     ] GC(73) Using 23 workers of 23 for evacuation
[2025-04-02T18:10:03.262-0400][5659.494s][info ][gc,phases   ] GC(73)   Pre Evacuate Collection Set: 0.3ms
[2025-04-02T18:10:03.262-0400][5659.494s][info ][gc,phases   ] GC(73)   Merge Heap Roots: 0.1ms
[2025-04-02T18:10:03.262-0400][5659.494s][info ][gc,phases   ] GC(73)   Evacuate Collection Set: 1.8ms
[2025-04-02T18:10:03.262-0400][5659.494s][info ][gc,phases   ] GC(73)   Post Evacuate Collection Set: 1.4ms
[2025-04-02T18:10:03.262-0400][5659.494s][info ][gc,phases   ] GC(73)   Other: 0.1ms
[2025-04-02T18:10:03.262-0400][5659.494s][info ][gc,heap     ] GC(73) Eden regions: 268->0(269)
[2025-04-02T18:10:03.262-0400][5659.494s][info ][gc,heap     ] GC(73) Survivor regions: 2->2(34)
[2025-04-02T18:10:03.262-0400][5659.494s][info ][gc,heap     ] GC(73) Old regions: 184->184
[2025-04-02T18:10:03.262-0400][5659.494s][info ][gc,heap     ] GC(73) Archive regions: 0->0
[2025-04-02T18:10:03.262-0400][5659.494s][info ][gc,heap     ] GC(73) Humongous regions: 2->2
[2025-04-02T18:10:03.262-0400][5659.494s][info ][gc,metaspace] GC(73) Metaspace: 190877K(192384K)->190877K(192384K) NonClass: 167875K(168640K)->167875K(168640K) Class: 23001K(23744K)->23001K(23744K)
[2025-04-02T18:10:03.262-0400][5659.494s][info ][gc          ] GC(73) Pause Young (Normal) (G1 Evacuation Pause) 455M->187M(512M) 3.769ms
[2025-04-02T18:10:03.262-0400][5659.495s][info ][gc,cpu      ] GC(73) User=0.00s Sys=0.00s Real=0.00s
[2025-04-02T18:10:03.263-0400][5659.495s][info ][safepoint   ] Safepoint "G1CollectForAllocation", Time since last: 17080524700 ns, Reaching safepoint: 64200 ns, Cleanup: 4200 ns, At safepoint: 3854500 ns, Total: 3922900 ns
[2025-04-02T18:13:49.101-0400][5885.334s][debug][safepoint   ] Safepoint synchronization initiated using striped semaphore wait barrier. (242 threads)
[2025-04-02T18:13:49.102-0400][5885.334s][info ][gc,start    ] GC(74) Pause Young (Normal) (G1 Evacuation Pause)
[2025-04-02T18:13:49.102-0400][5885.334s][info ][gc,task     ] GC(74) Using 23 workers of 23 for evacuation
[2025-04-02T18:13:49.106-0400][5885.338s][info ][gc,phases   ] GC(74)   Pre Evacuate Collection Set: 0.2ms
[2025-04-02T18:13:49.106-0400][5885.338s][info ][gc,phases   ] GC(74)   Merge Heap Roots: 0.2ms
[2025-04-02T18:13:49.106-0400][5885.338s][info ][gc,phases   ] GC(74)   Evacuate Collection Set: 2.7ms
[2025-04-02T18:13:49.106-0400][5885.338s][info ][gc,phases   ] GC(74)   Post Evacuate Collection Set: 1.0ms
[2025-04-02T18:13:49.106-0400][5885.338s][info ][gc,phases   ] GC(74)   Other: 0.2ms
[2025-04-02T18:13:49.106-0400][5885.338s][info ][gc,heap     ] GC(74) Eden regions: 269->0(269)
[2025-04-02T18:13:49.106-0400][5885.338s][info ][gc,heap     ] GC(74) Survivor regions: 2->2(34)
[2025-04-02T18:13:49.106-0400][5885.338s][info ][gc,heap     ] GC(74) Old regions: 184->184
[2025-04-02T18:13:49.106-0400][5885.338s][info ][gc,heap     ] GC(74) Archive regions: 0->0
[2025-04-02T18:13:49.106-0400][5885.338s][info ][gc,heap     ] GC(74) Humongous regions: 2->2
[2025-04-02T18:13:49.106-0400][5885.338s][info ][gc,metaspace] GC(74) Metaspace: 190880K(192384K)->190880K(192384K) NonClass: 167878K(168640K)->167878K(168640K) Class: 23001K(23744K)->23001K(23744K)
[2025-04-02T18:13:49.106-0400][5885.338s][info ][gc          ] GC(74) Pause Young (Normal) (G1 Evacuation Pause) 456M->187M(512M) 4.321ms
[2025-04-02T18:13:49.106-0400][5885.338s][info ][gc,cpu      ] GC(74) User=0.00s Sys=0.00s Real=0.00s
[2025-04-02T18:13:49.106-0400][5885.338s][info ][safepoint   ] Safepoint "G1CollectForAllocation", Time since last: 225839100900 ns, Reaching safepoint: 87700 ns, Cleanup: 2600 ns, At safepoint: 4461600 ns, Total: 4551900 ns
[2025-04-02T18:13:53.108-0400][5889.340s][debug][safepoint   ] Safepoint synchronization initiated using striped semaphore wait barrier. (242 threads)
[2025-04-02T18:13:53.108-0400][5889.340s][info ][safepoint   ] Safepoint "Cleanup", Time since last: 4001617400 ns, Reaching safepoint: 50800 ns, Cleanup: 9500 ns, At safepoint: 1600 ns, Total: 61900 ns
[2025-04-02T18:14:22.786-0400][5919.018s][debug][safepoint   ] Safepoint synchronization initiated using striped semaphore wait barrier. (241 threads)
[2025-04-02T18:14:22.786-0400][5919.018s][info ][safepoint   ] Safepoint "Cleanup", Time since last: 29677926500 ns, Reaching safepoint: 162000 ns, Cleanup: 9900 ns, At safepoint: 1800 ns, Total: 173700 ns
[2025-04-02T18:14:42.795-0400][5939.027s][debug][safepoint   ] Safepoint synchronization initiated using striped semaphore wait barrier. (241 threads)
[2025-04-02T18:14:42.795-0400][5939.027s][info ][safepoint   ] Safepoint "Cleanup", Time since last: 20008973500 ns, Reaching safepoint: 106000 ns, Cleanup: 6500 ns, At safepoint: 1700 ns, Total: 114200 ns
[2025-04-02T18:15:02.904-0400][5959.136s][debug][safepoint   ] Safepoint synchronization initiated using striped semaphore wait barrier. (241 threads)
[2025-04-02T18:15:02.904-0400][5959.137s][info ][safepoint   ] Safepoint "Cleanup", Time since last: 20109403200 ns, Reaching safepoint: 59600 ns, Cleanup: 8000 ns, At safepoint: 1500 ns, Total: 69100 ns
[2025-04-02T18:15:52.928-0400][6009.160s][debug][safepoint   ] Safepoint synchronization initiated using striped semaphore wait barrier. (240 threads)
[2025-04-02T18:15:52.928-0400][6009.160s][info ][safepoint   ] Safepoint "Cleanup", Time since last: 50023572400 ns, Reaching safepoint: 45500 ns, Cleanup: 6900 ns, At safepoint: 1600 ns, Total: 54000 ns
[2025-04-02T18:17:21.142-0400][6097.375s][debug][safepoint   ] Safepoint synchronization initiated using striped semaphore wait barrier. (241 threads)
[2025-04-02T18:17:21.142-0400][6097.375s][info ][safepoint   ] Safepoint "Cleanup", Time since last: 88214507700 ns, Reaching safepoint: 48500 ns, Cleanup: 7700 ns, At safepoint: 1700 ns, Total: 57900 ns
[2025-04-02T18:17:33.149-0400][6109.381s][debug][safepoint   ] Safepoint synchronization initiated using striped semaphore wait barrier. (241 threads)
[2025-04-02T18:17:33.149-0400][6109.381s][info ][safepoint   ] Safepoint "Cleanup", Time since last: 12006378700 ns, Reaching safepoint: 44300 ns, Cleanup: 7400 ns, At safepoint: 1700 ns, Total: 53400 ns
[2025-04-02T18:17:35.308-0400][6111.541s][debug][safepoint   ] Safepoint synchronization initiated using striped semaphore wait barrier. (241 threads)
[2025-04-02T18:17:35.308-0400][6111.541s][info ][gc,start    ] GC(75) Pause Young (Normal) (G1 Evacuation Pause)
[2025-04-02T18:17:35.308-0400][6111.541s][info ][gc,task     ] GC(75) Using 23 workers of 23 for evacuation
[2025-04-02T18:17:35.311-0400][6111.544s][info ][gc,phases   ] GC(75)   Pre Evacuate Collection Set: 0.4ms
[2025-04-02T18:17:35.311-0400][6111.544s][info ][gc,phases   ] GC(75)   Merge Heap Roots: 0.1ms
[2025-04-02T18:17:35.311-0400][6111.544s][info ][gc,phases   ] GC(75)   Evacuate Collection Set: 1.1ms
[2025-04-02T18:17:35.311-0400][6111.544s][info ][gc,phases   ] GC(75)   Post Evacuate Collection Set: 1.2ms
[2025-04-02T18:17:35.311-0400][6111.544s][info ][gc,phases   ] GC(75)   Other: 0.1ms
[2025-04-02T18:17:35.311-0400][6111.544s][info ][gc,heap     ] GC(75) Eden regions: 269->0(269)
[2025-04-02T18:17:35.311-0400][6111.544s][info ][gc,heap     ] GC(75) Survivor regions: 2->2(34)
[2025-04-02T18:17:35.311-0400][6111.544s][info ][gc,heap     ] GC(75) Old regions: 184->184
[2025-04-02T18:17:35.311-0400][6111.544s][info ][gc,heap     ] GC(75) Archive regions: 0->0
[2025-04-02T18:17:35.311-0400][6111.544s][info ][gc,heap     ] GC(75) Humongous regions: 2->2
[2025-04-02T18:17:35.311-0400][6111.544s][info ][gc,metaspace] GC(75) Metaspace: 190891K(192384K)->190891K(192384K) NonClass: 167889K(168640K)->167889K(168640K) Class: 23001K(23744K)->23001K(23744K)
[2025-04-02T18:17:35.311-0400][6111.544s][info ][gc          ] GC(75) Pause Young (Normal) (G1 Evacuation Pause) 456M->187M(512M) 3.026ms
[2025-04-02T18:17:35.311-0400][6111.544s][info ][gc,cpu      ] GC(75) User=0.00s Sys=0.00s Real=0.00s
[2025-04-02T18:17:35.311-0400][6111.544s][info ][safepoint   ] Safepoint "G1CollectForAllocation", Time since last: 2159386200 ns, Reaching safepoint: 74100 ns, Cleanup: 3700 ns, At safepoint: 3127700 ns, Total: 3205500 ns
[2025-04-02T18:18:12.331-0400][6148.563s][debug][safepoint   ] Safepoint synchronization initiated using striped semaphore wait barrier. (241 threads)
[2025-04-02T18:18:12.331-0400][6148.563s][info ][safepoint   ] Safepoint "Cleanup", Time since last: 37019284700 ns, Reaching safepoint: 80200 ns, Cleanup: 10300 ns, At safepoint: 2100 ns, Total: 92600 ns
[2025-04-02T18:18:32.343-0400][6168.575s][debug][safepoint   ] Safepoint synchronization initiated using striped semaphore wait barrier. (241 threads)
[2025-04-02T18:18:32.343-0400][6168.575s][info ][safepoint   ] Safepoint "Cleanup", Time since last: 20011872400 ns, Reaching safepoint: 77000 ns, Cleanup: 6300 ns, At safepoint: 2100 ns, Total: 85400 ns
[2025-04-02T18:19:02.350-0400][6198.582s][debug][safepoint   ] Safepoint synchronization initiated using striped semaphore wait barrier. (241 threads)
[2025-04-02T18:19:02.350-0400][6198.582s][info ][safepoint   ] Safepoint "Cleanup", Time since last: 30006604000 ns, Reaching safepoint: 61800 ns, Cleanup: 6000 ns, At safepoint: 1500 ns, Total: 69300 ns
[2025-04-02T18:19:22.358-0400][6218.591s][debug][safepoint   ] Safepoint synchronization initiated using striped semaphore wait barrier. (240 threads)
[2025-04-02T18:19:22.358-0400][6218.591s][info ][safepoint   ] Safepoint "Cleanup", Time since last: 20008786600 ns, Reaching safepoint: 49300 ns, Cleanup: 5500 ns, At safepoint: 1800 ns, Total: 56600 ns
[2025-04-02T18:20:38.396-0400][6294.628s][debug][safepoint   ] Safepoint synchronization initiated using striped semaphore wait barrier. (242 threads)
[2025-04-02T18:20:38.396-0400][6294.628s][info ][safepoint   ] Safepoint "Cleanup", Time since last: 76037363800 ns, Reaching safepoint: 64200 ns, Cleanup: 7600 ns, At safepoint: 1800 ns, Total: 73600 ns
[2025-04-02T18:21:21.169-0400][6337.401s][debug][safepoint   ] Safepoint synchronization initiated using striped semaphore wait barrier. (242 threads)
[2025-04-02T18:21:21.169-0400][6337.402s][info ][gc,start    ] GC(76) Pause Young (Normal) (G1 Evacuation Pause)
[2025-04-02T18:21:21.169-0400][6337.402s][info ][gc,task     ] GC(76) Using 23 workers of 23 for evacuation
[2025-04-02T18:21:21.171-0400][6337.404s][info ][gc,phases   ] GC(76)   Pre Evacuate Collection Set: 0.2ms
[2025-04-02T18:21:21.171-0400][6337.404s][info ][gc,phases   ] GC(76)   Merge Heap Roots: 0.1ms
[2025-04-02T18:21:21.171-0400][6337.404s][info ][gc,phases   ] GC(76)   Evacuate Collection Set: 0.9ms
[2025-04-02T18:21:21.171-0400][6337.404s][info ][gc,phases   ] GC(76)   Post Evacuate Collection Set: 0.9ms
[2025-04-02T18:21:21.171-0400][6337.404s][info ][gc,phases   ] GC(76)   Other: 0.1ms
[2025-04-02T18:21:21.171-0400][6337.404s][info ][gc,heap     ] GC(76) Eden regions: 269->0(269)
[2025-04-02T18:21:21.171-0400][6337.404s][info ][gc,heap     ] GC(76) Survivor regions: 2->2(34)
[2025-04-02T18:21:21.171-0400][6337.404s][info ][gc,heap     ] GC(76) Old regions: 184->184
[2025-04-02T18:21:21.171-0400][6337.404s][info ][gc,heap     ] GC(76) Archive regions: 0->0
[2025-04-02T18:21:21.171-0400][6337.404s][info ][gc,heap     ] GC(76) Humongous regions: 2->2
[2025-04-02T18:21:21.171-0400][6337.404s][info ][gc,metaspace] GC(76) Metaspace: 190900K(192384K)->190900K(192384K) NonClass: 167896K(168640K)->167896K(168640K) Class: 23004K(23744K)->23004K(23744K)
[2025-04-02T18:21:21.171-0400][6337.404s][info ][gc          ] GC(76) Pause Young (Normal) (G1 Evacuation Pause) 456M->187M(512M) 2.365ms
[2025-04-02T18:21:21.171-0400][6337.404s][info ][gc,cpu      ] GC(76) User=0.00s Sys=0.00s Real=0.00s
[2025-04-02T18:21:21.171-0400][6337.404s][info ][safepoint   ] Safepoint "G1CollectForAllocation", Time since last: 42773459300 ns, Reaching safepoint: 42000 ns, Cleanup: 2800 ns, At safepoint: 2444600 ns, Total: 2489400 ns
[2025-04-02T18:21:23.172-0400][6339.404s][debug][safepoint   ] Safepoint synchronization initiated using striped semaphore wait barrier. (242 threads)
[2025-04-02T18:21:23.172-0400][6339.404s][info ][safepoint   ] Safepoint "Cleanup", Time since last: 2000159700 ns, Reaching safepoint: 87300 ns, Cleanup: 15100 ns, At safepoint: 11300 ns, Total: 113700 ns
[2025-04-02T18:22:46.207-0400][6422.439s][debug][safepoint   ] Safepoint synchronization initiated using striped semaphore wait barrier. (241 threads)
[2025-04-02T18:22:46.207-0400][6422.439s][info ][safepoint   ] Safepoint "Cleanup", Time since last: 83034493800 ns, Reaching safepoint: 94900 ns, Cleanup: 39300 ns, At safepoint: 2200 ns, Total: 136400 ns
[2025-04-02T18:24:00.929-0400][6497.161s][debug][safepoint   ] Safepoint synchronization initiated using striped semaphore wait barrier. (242 threads)
[2025-04-02T18:24:00.929-0400][6497.161s][info ][safepoint   ] Safepoint "Cleanup", Time since last: 74721981300 ns, Reaching safepoint: 54500 ns, Cleanup: 7400 ns, At safepoint: 1300 ns, Total: 63200 ns
[2025-04-02T18:25:02.597-0400][6558.829s][debug][safepoint   ] Safepoint synchronization initiated using striped semaphore wait barrier. (241 threads)
[2025-04-02T18:25:02.597-0400][6558.829s][info ][gc,start    ] GC(77) Pause Young (Normal) (G1 Evacuation Pause)
[2025-04-02T18:25:02.597-0400][6558.829s][info ][gc,task     ] GC(77) Using 23 workers of 23 for evacuation
[2025-04-02T18:25:02.600-0400][6558.832s][info ][gc,phases   ] GC(77)   Pre Evacuate Collection Set: 0.4ms
[2025-04-02T18:25:02.600-0400][6558.832s][info ][gc,phases   ] GC(77)   Merge Heap Roots: 0.3ms
[2025-04-02T18:25:02.600-0400][6558.832s][info ][gc,phases   ] GC(77)   Evacuate Collection Set: 1.2ms
[2025-04-02T18:25:02.600-0400][6558.832s][info ][gc,phases   ] GC(77)   Post Evacuate Collection Set: 0.9ms
[2025-04-02T18:25:02.600-0400][6558.832s][info ][gc,phases   ] GC(77)   Other: 0.1ms
[2025-04-02T18:25:02.600-0400][6558.832s][info ][gc,heap     ] GC(77) Eden regions: 269->0(269)
[2025-04-02T18:25:02.600-0400][6558.832s][info ][gc,heap     ] GC(77) Survivor regions: 2->2(34)
[2025-04-02T18:25:02.600-0400][6558.832s][info ][gc,heap     ] GC(77) Old regions: 184->184
[2025-04-02T18:25:02.600-0400][6558.832s][info ][gc,heap     ] GC(77) Archive regions: 0->0
[2025-04-02T18:25:02.600-0400][6558.832s][info ][gc,heap     ] GC(77) Humongous regions: 2->2
[2025-04-02T18:25:02.600-0400][6558.832s][info ][gc,metaspace] GC(77) Metaspace: 190903K(192384K)->190903K(192384K) NonClass: 167899K(168640K)->167899K(168640K) Class: 23004K(23744K)->23004K(23744K)
[2025-04-02T18:25:02.600-0400][6558.832s][info ][gc          ] GC(77) Pause Young (Normal) (G1 Evacuation Pause) 456M->187M(512M) 2.934ms
[2025-04-02T18:25:02.600-0400][6558.832s][info ][gc,cpu      ] GC(77) User=0.00s Sys=0.00s Real=0.00s
[2025-04-02T18:25:02.600-0400][6558.832s][info ][safepoint   ] Safepoint "G1CollectForAllocation", Time since last: 61667820300 ns, Reaching safepoint: 73400 ns, Cleanup: 11600 ns, At safepoint: 3012000 ns, Total: 3097000 ns
[2025-04-02T18:28:49.469-0400][6785.701s][debug][safepoint   ] Safepoint synchronization initiated using striped semaphore wait barrier. (241 threads)
[2025-04-02T18:28:49.469-0400][6785.701s][info ][gc,start    ] GC(78) Pause Young (Normal) (G1 Evacuation Pause)
[2025-04-02T18:28:49.469-0400][6785.701s][info ][gc,task     ] GC(78) Using 23 workers of 23 for evacuation
[2025-04-02T18:28:49.471-0400][6785.703s][info ][gc,phases   ] GC(78)   Pre Evacuate Collection Set: 0.2ms
[2025-04-02T18:28:49.471-0400][6785.703s][info ][gc,phases   ] GC(78)   Merge Heap Roots: 0.1ms
[2025-04-02T18:28:49.471-0400][6785.703s][info ][gc,phases   ] GC(78)   Evacuate Collection Set: 1.1ms
[2025-04-02T18:28:49.471-0400][6785.704s][info ][gc,phases   ] GC(78)   Post Evacuate Collection Set: 0.9ms
[2025-04-02T18:28:49.471-0400][6785.704s][info ][gc,phases   ] GC(78)   Other: 0.1ms
[2025-04-02T18:28:49.471-0400][6785.704s][info ][gc,heap     ] GC(78) Eden regions: 269->0(269)
[2025-04-02T18:28:49.471-0400][6785.704s][info ][gc,heap     ] GC(78) Survivor regions: 2->2(34)
[2025-04-02T18:28:49.471-0400][6785.704s][info ][gc,heap     ] GC(78) Old regions: 184->184
[2025-04-02T18:28:49.471-0400][6785.704s][info ][gc,heap     ] GC(78) Archive regions: 0->0
[2025-04-02T18:28:49.471-0400][6785.704s][info ][gc,heap     ] GC(78) Humongous regions: 2->2
[2025-04-02T18:28:49.471-0400][6785.704s][info ][gc,metaspace] GC(78) Metaspace: 190916K(192448K)->190916K(192448K) NonClass: 167912K(168704K)->167912K(168704K) Class: 23004K(23744K)->23004K(23744K)
[2025-04-02T18:28:49.471-0400][6785.704s][info ][gc          ] GC(78) Pause Young (Normal) (G1 Evacuation Pause) 456M->186M(512M) 2.529ms
[2025-04-02T18:28:49.471-0400][6785.704s][info ][gc,cpu      ] GC(78) User=0.00s Sys=0.00s Real=0.00s
[2025-04-02T18:28:49.471-0400][6785.704s][info ][safepoint   ] Safepoint "G1CollectForAllocation", Time since last: 226869134700 ns, Reaching safepoint: 82200 ns, Cleanup: 3500 ns, At safepoint: 2639800 ns, Total: 2725500 ns
[2025-04-02T18:29:13.539-0400][6809.771s][debug][safepoint   ] Safepoint synchronization initiated using striped semaphore wait barrier. (240 threads)
[2025-04-02T18:29:13.539-0400][6809.772s][info ][safepoint   ] Safepoint "Cleanup", Time since last: 24067748400 ns, Reaching safepoint: 85400 ns, Cleanup: 14800 ns, At safepoint: 1900 ns, Total: 102100 ns
[2025-04-02T18:31:13.689-0400][6929.921s][debug][safepoint   ] Safepoint synchronization initiated using striped semaphore wait barrier. (241 threads)
[2025-04-02T18:31:13.689-0400][6929.922s][info ][safepoint   ] Safepoint "Cleanup", Time since last: 120149905400 ns, Reaching safepoint: 130100 ns, Cleanup: 10500 ns, At safepoint: 1900 ns, Total: 142500 ns
[2025-04-02T18:32:34.567-0400][7010.799s][debug][safepoint   ] Safepoint synchronization initiated using striped semaphore wait barrier. (242 threads)
[2025-04-02T18:32:34.567-0400][7010.799s][info ][gc,start    ] GC(79) Pause Young (Normal) (G1 Evacuation Pause)
[2025-04-02T18:32:34.567-0400][7010.799s][info ][gc,task     ] GC(79) Using 23 workers of 23 for evacuation
[2025-04-02T18:32:34.570-0400][7010.803s][info ][gc,phases   ] GC(79)   Pre Evacuate Collection Set: 0.1ms
[2025-04-02T18:32:34.570-0400][7010.803s][info ][gc,phases   ] GC(79)   Merge Heap Roots: 0.1ms
[2025-04-02T18:32:34.570-0400][7010.803s][info ][gc,phases   ] GC(79)   Evacuate Collection Set: 2.3ms
[2025-04-02T18:32:34.570-0400][7010.803s][info ][gc,phases   ] GC(79)   Post Evacuate Collection Set: 1.1ms
[2025-04-02T18:32:34.570-0400][7010.803s][info ][gc,phases   ] GC(79)   Other: 0.1ms
[2025-04-02T18:32:34.570-0400][7010.803s][info ][gc,heap     ] GC(79) Eden regions: 269->0(269)
[2025-04-02T18:32:34.570-0400][7010.803s][info ][gc,heap     ] GC(79) Survivor regions: 2->2(34)
[2025-04-02T18:32:34.570-0400][7010.803s][info ][gc,heap     ] GC(79) Old regions: 184->184
[2025-04-02T18:32:34.570-0400][7010.803s][info ][gc,heap     ] GC(79) Archive regions: 0->0
[2025-04-02T18:32:34.570-0400][7010.803s][info ][gc,heap     ] GC(79) Humongous regions: 2->2
[2025-04-02T18:32:34.570-0400][7010.803s][info ][gc,metaspace] GC(79) Metaspace: 190923K(192448K)->190923K(192448K) NonClass: 167919K(168704K)->167919K(168704K) Class: 23004K(23744K)->23004K(23744K)
[2025-04-02T18:32:34.570-0400][7010.803s][info ][gc          ] GC(79) Pause Young (Normal) (G1 Evacuation Pause) 455M->187M(512M) 3.772ms
[2025-04-02T18:32:34.570-0400][7010.803s][info ][gc,cpu      ] GC(79) User=0.00s Sys=0.00s Real=0.00s
[2025-04-02T18:32:34.570-0400][7010.803s][info ][safepoint   ] Safepoint "G1CollectForAllocation", Time since last: 80877229600 ns, Reaching safepoint: 47400 ns, Cleanup: 2300 ns, At safepoint: 3837400 ns, Total: 3887100 ns
[2025-04-02T18:32:35.571-0400][7011.803s][debug][safepoint   ] Safepoint synchronization initiated using striped semaphore wait barrier. (242 threads)
[2025-04-02T18:32:35.571-0400][7011.803s][info ][safepoint   ] Safepoint "Cleanup", Time since last: 1000200600 ns, Reaching safepoint: 60000 ns, Cleanup: 9300 ns, At safepoint: 1700 ns, Total: 71000 ns
[2025-04-02T18:33:14.018-0400][7050.250s][debug][safepoint   ] Safepoint synchronization initiated using striped semaphore wait barrier. (241 threads)
[2025-04-02T18:33:14.018-0400][7050.250s][info ][safepoint   ] Safepoint "Cleanup", Time since last: 38447226300 ns, Reaching safepoint: 51400 ns, Cleanup: 9200 ns, At safepoint: 1600 ns, Total: 62200 ns
[2025-04-02T18:33:54.040-0400][7090.272s][debug][safepoint   ] Safepoint synchronization initiated using striped semaphore wait barrier. (242 threads)
[2025-04-02T18:33:54.040-0400][7090.272s][info ][safepoint   ] Safepoint "Cleanup", Time since last: 40021806300 ns, Reaching safepoint: 65100 ns, Cleanup: 9300 ns, At safepoint: 2100 ns, Total: 76500 ns
[2025-04-02T18:34:04.142-0400][7100.374s][debug][safepoint   ] Safepoint synchronization initiated using striped semaphore wait barrier. (242 threads)
[2025-04-02T18:34:04.142-0400][7100.374s][info ][safepoint   ] Safepoint "Cleanup", Time since last: 10102236500 ns, Reaching safepoint: 64400 ns, Cleanup: 7100 ns, At safepoint: 1700 ns, Total: 73200 ns
[2025-04-02T18:34:14.147-0400][7110.379s][debug][safepoint   ] Safepoint synchronization initiated using striped semaphore wait barrier. (243 threads)
[2025-04-02T18:34:14.147-0400][7110.380s][info ][safepoint   ] Safepoint "Cleanup", Time since last: 10005022700 ns, Reaching safepoint: 70100 ns, Cleanup: 10400 ns, At safepoint: 1900 ns, Total: 82400 ns
[2025-04-02T18:36:12.404-0400][7228.636s][debug][safepoint   ] Safepoint synchronization initiated using striped semaphore wait barrier. (242 threads)
[2025-04-02T18:36:12.404-0400][7228.636s][info ][safepoint   ] Safepoint "Cleanup", Time since last: 118256617500 ns, Reaching safepoint: 66900 ns, Cleanup: 10400 ns, At safepoint: 2000 ns, Total: 79300 ns
[2025-04-02T18:36:13.405-0400][7229.637s][debug][safepoint   ] Safepoint synchronization initiated using striped semaphore wait barrier. (245 threads)
[2025-04-02T18:36:13.405-0400][7229.637s][info ][safepoint   ] Safepoint "Cleanup", Time since last: 1000675700 ns, Reaching safepoint: 86300 ns, Cleanup: 6300 ns, At safepoint: 1500 ns, Total: 94100 ns
[2025-04-02T18:36:14.354-0400][7230.586s][debug][safepoint   ] Safepoint synchronization initiated using striped semaphore wait barrier. (245 threads)
[2025-04-02T18:36:14.354-0400][7230.586s][info ][gc,start    ] GC(80) Pause Young (Normal) (G1 Evacuation Pause)
[2025-04-02T18:36:14.354-0400][7230.586s][info ][gc,task     ] GC(80) Using 23 workers of 23 for evacuation
[2025-04-02T18:36:14.357-0400][7230.590s][info ][gc,phases   ] GC(80)   Pre Evacuate Collection Set: 0.1ms
[2025-04-02T18:36:14.358-0400][7230.590s][info ][gc,phases   ] GC(80)   Merge Heap Roots: 0.1ms
[2025-04-02T18:36:14.358-0400][7230.590s][info ][gc,phases   ] GC(80)   Evacuate Collection Set: 2.1ms
[2025-04-02T18:36:14.358-0400][7230.590s][info ][gc,phases   ] GC(80)   Post Evacuate Collection Set: 1.3ms
[2025-04-02T18:36:14.358-0400][7230.590s][info ][gc,phases   ] GC(80)   Other: 0.1ms
[2025-04-02T18:36:14.358-0400][7230.590s][info ][gc,heap     ] GC(80) Eden regions: 269->0(268)
[2025-04-02T18:36:14.358-0400][7230.590s][info ][gc,heap     ] GC(80) Survivor regions: 2->2(34)
[2025-04-02T18:36:14.358-0400][7230.590s][info ][gc,heap     ] GC(80) Old regions: 184->184
[2025-04-02T18:36:14.358-0400][7230.590s][info ][gc,heap     ] GC(80) Archive regions: 0->0
[2025-04-02T18:36:14.358-0400][7230.590s][info ][gc,heap     ] GC(80) Humongous regions: 2->2
[2025-04-02T18:36:14.358-0400][7230.590s][info ][gc,metaspace] GC(80) Metaspace: 190940K(192512K)->190940K(192512K) NonClass: 167936K(168768K)->167936K(168768K) Class: 23004K(23744K)->23004K(23744K)
[2025-04-02T18:36:14.358-0400][7230.590s][info ][gc          ] GC(80) Pause Young (Normal) (G1 Evacuation Pause) 456M->187M(512M) 3.780ms
[2025-04-02T18:36:14.358-0400][7230.590s][info ][gc,cpu      ] GC(80) User=0.00s Sys=0.00s Real=0.00s
[2025-04-02T18:36:14.358-0400][7230.590s][info ][safepoint   ] Safepoint "G1CollectForAllocation", Time since last: 949256600 ns, Reaching safepoint: 69800 ns, Cleanup: 3500 ns, At safepoint: 3866800 ns, Total: 3940100 ns
[2025-04-02T18:40:00.324-0400][7456.556s][debug][safepoint   ] Safepoint synchronization initiated using striped semaphore wait barrier. (242 threads)
[2025-04-02T18:40:00.324-0400][7456.556s][info ][gc,start    ] GC(81) Pause Young (Normal) (G1 Evacuation Pause)
[2025-04-02T18:40:00.324-0400][7456.556s][info ][gc,task     ] GC(81) Using 23 workers of 23 for evacuation
[2025-04-02T18:40:00.327-0400][7456.560s][info ][gc,phases   ] GC(81)   Pre Evacuate Collection Set: 0.2ms
[2025-04-02T18:40:00.328-0400][7456.560s][info ][gc,phases   ] GC(81)   Merge Heap Roots: 0.1ms
[2025-04-02T18:40:00.328-0400][7456.560s][info ][gc,phases   ] GC(81)   Evacuate Collection Set: 1.7ms
[2025-04-02T18:40:00.328-0400][7456.560s][info ][gc,phases   ] GC(81)   Post Evacuate Collection Set: 1.5ms
[2025-04-02T18:40:00.328-0400][7456.560s][info ][gc,phases   ] GC(81)   Other: 0.1ms
[2025-04-02T18:40:00.328-0400][7456.560s][info ][gc,heap     ] GC(81) Eden regions: 268->0(269)
[2025-04-02T18:40:00.328-0400][7456.560s][info ][gc,heap     ] GC(81) Survivor regions: 2->2(34)
[2025-04-02T18:40:00.328-0400][7456.560s][info ][gc,heap     ] GC(81) Old regions: 184->184
[2025-04-02T18:40:00.328-0400][7456.560s][info ][gc,heap     ] GC(81) Archive regions: 0->0
[2025-04-02T18:40:00.328-0400][7456.560s][info ][gc,heap     ] GC(81) Humongous regions: 2->2
[2025-04-02T18:40:00.328-0400][7456.560s][info ][gc,metaspace] GC(81) Metaspace: 190946K(192512K)->190946K(192512K) NonClass: 167942K(168768K)->167942K(168768K) Class: 23004K(23744K)->23004K(23744K)
[2025-04-02T18:40:00.328-0400][7456.560s][info ][gc          ] GC(81) Pause Young (Normal) (G1 Evacuation Pause) 455M->187M(512M) 3.672ms
[2025-04-02T18:40:00.328-0400][7456.560s][info ][gc,cpu      ] GC(81) User=0.00s Sys=0.00s Real=0.00s
[2025-04-02T18:40:00.328-0400][7456.560s][info ][safepoint   ] Safepoint "G1CollectForAllocation", Time since last: 225965938500 ns, Reaching safepoint: 67100 ns, Cleanup: 3900 ns, At safepoint: 3761000 ns, Total: 3832000 ns
[2025-04-02T18:42:18.148-0400][7594.380s][debug][safepoint   ] Safepoint synchronization initiated using striped semaphore wait barrier. (242 threads)
[2025-04-02T18:42:18.148-0400][7594.380s][info ][safepoint   ] Safepoint "Cleanup", Time since last: 137820263700 ns, Reaching safepoint: 50000 ns, Cleanup: 7300 ns, At safepoint: 1500 ns, Total: 58800 ns
[2025-04-02T18:43:45.653-0400][7681.886s][debug][safepoint   ] Safepoint synchronization initiated using striped semaphore wait barrier. (241 threads)
[2025-04-02T18:43:45.653-0400][7681.886s][info ][gc,start    ] GC(82) Pause Young (Normal) (G1 Evacuation Pause)
[2025-04-02T18:43:45.653-0400][7681.886s][info ][gc,task     ] GC(82) Using 23 workers of 23 for evacuation
[2025-04-02T18:43:45.657-0400][7681.889s][info ][gc,phases   ] GC(82)   Pre Evacuate Collection Set: 0.3ms
[2025-04-02T18:43:45.657-0400][7681.889s][info ][gc,phases   ] GC(82)   Merge Heap Roots: 0.1ms
[2025-04-02T18:43:45.657-0400][7681.889s][info ][gc,phases   ] GC(82)   Evacuate Collection Set: 1.6ms
[2025-04-02T18:43:45.657-0400][7681.889s][info ][gc,phases   ] GC(82)   Post Evacuate Collection Set: 1.4ms
[2025-04-02T18:43:45.657-0400][7681.889s][info ][gc,phases   ] GC(82)   Other: 0.1ms
[2025-04-02T18:43:45.657-0400][7681.889s][info ][gc,heap     ] GC(82) Eden regions: 269->0(269)
[2025-04-02T18:43:45.657-0400][7681.889s][info ][gc,heap     ] GC(82) Survivor regions: 2->2(34)
[2025-04-02T18:43:45.657-0400][7681.889s][info ][gc,heap     ] GC(82) Old regions: 184->184
[2025-04-02T18:43:45.657-0400][7681.889s][info ][gc,heap     ] GC(82) Archive regions: 0->0
[2025-04-02T18:43:45.657-0400][7681.889s][info ][gc,heap     ] GC(82) Humongous regions: 2->2
[2025-04-02T18:43:45.657-0400][7681.889s][info ][gc,metaspace] GC(82) Metaspace: 190981K(192512K)->190981K(192512K) NonClass: 167977K(168768K)->167977K(168768K) Class: 23004K(23744K)->23004K(23744K)
[2025-04-02T18:43:45.657-0400][7681.890s][info ][gc          ] GC(82) Pause Young (Normal) (G1 Evacuation Pause) 456M->187M(512M) 3.653ms
[2025-04-02T18:43:45.657-0400][7681.890s][info ][gc,cpu      ] GC(82) User=0.00s Sys=0.00s Real=0.00s
[2025-04-02T18:43:45.657-0400][7681.890s][info ][safepoint   ] Safepoint "G1CollectForAllocation", Time since last: 87505370000 ns, Reaching safepoint: 101300 ns, Cleanup: 5100 ns, At safepoint: 3774300 ns, Total: 3880700 ns
[2025-04-02T18:44:04.399-0400][7700.631s][debug][safepoint   ] Safepoint synchronization initiated using striped semaphore wait barrier. (241 threads)
[2025-04-02T18:44:04.399-0400][7700.631s][info ][safepoint   ] Safepoint "Cleanup", Time since last: 18741112900 ns, Reaching safepoint: 56300 ns, Cleanup: 11100 ns, At safepoint: 1700 ns, Total: 69100 ns
[2025-04-02T18:47:30.580-0400][7906.813s][debug][safepoint   ] Safepoint synchronization initiated using striped semaphore wait barrier. (241 threads)
[2025-04-02T18:47:30.580-0400][7906.813s][info ][gc,start    ] GC(83) Pause Young (Normal) (G1 Evacuation Pause)
[2025-04-02T18:47:30.580-0400][7906.813s][info ][gc,task     ] GC(83) Using 23 workers of 23 for evacuation
[2025-04-02T18:47:30.583-0400][7906.816s][info ][gc,phases   ] GC(83)   Pre Evacuate Collection Set: 0.2ms
[2025-04-02T18:47:30.583-0400][7906.816s][info ][gc,phases   ] GC(83)   Merge Heap Roots: 0.1ms
[2025-04-02T18:47:30.583-0400][7906.816s][info ][gc,phases   ] GC(83)   Evacuate Collection Set: 1.6ms
[2025-04-02T18:47:30.583-0400][7906.816s][info ][gc,phases   ] GC(83)   Post Evacuate Collection Set: 1.1ms
[2025-04-02T18:47:30.583-0400][7906.816s][info ][gc,phases   ] GC(83)   Other: 0.3ms
[2025-04-02T18:47:30.583-0400][7906.816s][info ][gc,heap     ] GC(83) Eden regions: 269->0(269)
[2025-04-02T18:47:30.583-0400][7906.816s][info ][gc,heap     ] GC(83) Survivor regions: 2->2(34)
[2025-04-02T18:47:30.583-0400][7906.816s][info ][gc,heap     ] GC(83) Old regions: 184->184
[2025-04-02T18:47:30.583-0400][7906.816s][info ][gc,heap     ] GC(83) Archive regions: 0->0
[2025-04-02T18:47:30.583-0400][7906.816s][info ][gc,heap     ] GC(83) Humongous regions: 2->2
[2025-04-02T18:47:30.583-0400][7906.816s][info ][gc,metaspace] GC(83) Metaspace: 191016K(192576K)->191016K(192576K) NonClass: 168011K(168832K)->168011K(168832K) Class: 23005K(23744K)->23005K(23744K)
[2025-04-02T18:47:30.583-0400][7906.816s][info ][gc          ] GC(83) Pause Young (Normal) (G1 Evacuation Pause) 456M->187M(512M) 3.325ms
[2025-04-02T18:47:30.583-0400][7906.816s][info ][gc,cpu      ] GC(83) User=0.00s Sys=0.00s Real=0.00s
[2025-04-02T18:47:30.583-0400][7906.816s][info ][safepoint   ] Safepoint "G1CollectForAllocation", Time since last: 206181781500 ns, Reaching safepoint: 109200 ns, Cleanup: 4700 ns, At safepoint: 3445700 ns, Total: 3559600 ns
[2025-04-02T18:48:13.932-0400][7950.164s][debug][safepoint   ] Safepoint synchronization initiated using striped semaphore wait barrier. (240 threads)
[2025-04-02T18:48:13.932-0400][7950.164s][info ][safepoint   ] Safepoint "Cleanup", Time since last: 43347466900 ns, Reaching safepoint: 140100 ns, Cleanup: 7400 ns, At safepoint: 1300 ns, Total: 148800 ns
[2025-04-02T18:49:25.074-0400][8021.306s][debug][safepoint   ] Safepoint synchronization initiated using striped semaphore wait barrier. (241 threads)
[2025-04-02T18:49:25.074-0400][8021.306s][info ][safepoint   ] Safepoint "Cleanup", Time since last: 71142028100 ns, Reaching safepoint: 48500 ns, Cleanup: 6600 ns, At safepoint: 1400 ns, Total: 56500 ns
[2025-04-02T18:49:40.081-0400][8036.313s][debug][safepoint   ] Safepoint synchronization initiated using striped semaphore wait barrier. (241 threads)
[2025-04-02T18:49:40.081-0400][8036.313s][info ][safepoint   ] Safepoint "Cleanup", Time since last: 15007405900 ns, Reaching safepoint: 64300 ns, Cleanup: 10700 ns, At safepoint: 2000 ns, Total: 77000 ns
[2025-04-02T18:51:17.596-0400][8133.828s][debug][safepoint   ] Safepoint synchronization initiated using striped semaphore wait barrier. (240 threads)
[2025-04-02T18:51:17.596-0400][8133.828s][info ][gc,start    ] GC(84) Pause Young (Normal) (G1 Evacuation Pause)
[2025-04-02T18:51:17.596-0400][8133.828s][info ][gc,task     ] GC(84) Using 23 workers of 23 for evacuation
[2025-04-02T18:51:17.599-0400][8133.831s][info ][gc,phases   ] GC(84)   Pre Evacuate Collection Set: 0.3ms
[2025-04-02T18:51:17.599-0400][8133.831s][info ][gc,phases   ] GC(84)   Merge Heap Roots: 0.1ms
[2025-04-02T18:51:17.599-0400][8133.831s][info ][gc,phases   ] GC(84)   Evacuate Collection Set: 1.0ms
[2025-04-02T18:51:17.599-0400][8133.831s][info ][gc,phases   ] GC(84)   Post Evacuate Collection Set: 1.4ms
[2025-04-02T18:51:17.599-0400][8133.831s][info ][gc,phases   ] GC(84)   Other: 0.1ms
[2025-04-02T18:51:17.599-0400][8133.831s][info ][gc,heap     ] GC(84) Eden regions: 269->0(269)
[2025-04-02T18:51:17.599-0400][8133.831s][info ][gc,heap     ] GC(84) Survivor regions: 2->2(34)
[2025-04-02T18:51:17.599-0400][8133.831s][info ][gc,heap     ] GC(84) Old regions: 184->184
[2025-04-02T18:51:17.599-0400][8133.831s][info ][gc,heap     ] GC(84) Archive regions: 0->0
[2025-04-02T18:51:17.599-0400][8133.831s][info ][gc,heap     ] GC(84) Humongous regions: 2->2
[2025-04-02T18:51:17.599-0400][8133.831s][info ][gc,metaspace] GC(84) Metaspace: 191016K(192576K)->191016K(192576K) NonClass: 168011K(168832K)->168011K(168832K) Class: 23005K(23744K)->23005K(23744K)
[2025-04-02T18:51:17.599-0400][8133.831s][info ][gc          ] GC(84) Pause Young (Normal) (G1 Evacuation Pause) 456M->187M(512M) 2.918ms
[2025-04-02T18:51:17.599-0400][8133.831s][info ][gc,cpu      ] GC(84) User=0.00s Sys=0.00s Real=0.00s
[2025-04-02T18:51:17.599-0400][8133.831s][info ][safepoint   ] Safepoint "G1CollectForAllocation", Time since last: 97514969600 ns, Reaching safepoint: 57100 ns, Cleanup: 3100 ns, At safepoint: 2986400 ns, Total: 3046600 ns
[2025-04-02T18:55:02.957-0400][8359.189s][debug][safepoint   ] Safepoint synchronization initiated using striped semaphore wait barrier. (241 threads)
[2025-04-02T18:55:02.957-0400][8359.189s][info ][gc,start    ] GC(85) Pause Young (Normal) (G1 Evacuation Pause)
[2025-04-02T18:55:02.957-0400][8359.189s][info ][gc,task     ] GC(85) Using 23 workers of 23 for evacuation
[2025-04-02T18:55:02.960-0400][8359.192s][info ][gc,phases   ] GC(85)   Pre Evacuate Collection Set: 0.1ms
[2025-04-02T18:55:02.960-0400][8359.192s][info ][gc,phases   ] GC(85)   Merge Heap Roots: 0.1ms
[2025-04-02T18:55:02.960-0400][8359.192s][info ][gc,phases   ] GC(85)   Evacuate Collection Set: 1.4ms
[2025-04-02T18:55:02.960-0400][8359.192s][info ][gc,phases   ] GC(85)   Post Evacuate Collection Set: 1.2ms
[2025-04-02T18:55:02.960-0400][8359.192s][info ][gc,phases   ] GC(85)   Other: 0.1ms
[2025-04-02T18:55:02.960-0400][8359.192s][info ][gc,heap     ] GC(85) Eden regions: 269->0(269)
[2025-04-02T18:55:02.960-0400][8359.192s][info ][gc,heap     ] GC(85) Survivor regions: 2->2(34)
[2025-04-02T18:55:02.960-0400][8359.192s][info ][gc,heap     ] GC(85) Old regions: 184->184
[2025-04-02T18:55:02.960-0400][8359.192s][info ][gc,heap     ] GC(85) Archive regions: 0->0
[2025-04-02T18:55:02.960-0400][8359.192s][info ][gc,heap     ] GC(85) Humongous regions: 2->2
[2025-04-02T18:55:02.960-0400][8359.192s][info ][gc,metaspace] GC(85) Metaspace: 191016K(192576K)->191016K(192576K) NonClass: 168011K(168832K)->168011K(168832K) Class: 23005K(23744K)->23005K(23744K)
[2025-04-02T18:55:02.960-0400][8359.192s][info ][gc          ] GC(85) Pause Young (Normal) (G1 Evacuation Pause) 456M->187M(512M) 2.909ms
[2025-04-02T18:55:02.960-0400][8359.192s][info ][gc,cpu      ] GC(85) User=0.00s Sys=0.00s Real=0.00s
[2025-04-02T18:55:02.960-0400][8359.192s][info ][safepoint   ] Safepoint "G1CollectForAllocation", Time since last: 225357560500 ns, Reaching safepoint: 50500 ns, Cleanup: 2300 ns, At safepoint: 2978700 ns, Total: 3031500 ns
[2025-04-02T18:58:48.412-0400][8584.644s][debug][safepoint   ] Safepoint synchronization initiated using striped semaphore wait barrier. (240 threads)
[2025-04-02T18:58:48.412-0400][8584.645s][info ][gc,start    ] GC(86) Pause Young (Normal) (G1 Evacuation Pause)
[2025-04-02T18:58:48.412-0400][8584.645s][info ][gc,task     ] GC(86) Using 23 workers of 23 for evacuation
[2025-04-02T18:58:48.416-0400][8584.649s][info ][gc,phases   ] GC(86)   Pre Evacuate Collection Set: 0.4ms
[2025-04-02T18:58:48.416-0400][8584.649s][info ][gc,phases   ] GC(86)   Merge Heap Roots: 0.2ms
[2025-04-02T18:58:48.416-0400][8584.649s][info ][gc,phases   ] GC(86)   Evacuate Collection Set: 1.6ms
[2025-04-02T18:58:48.416-0400][8584.649s][info ][gc,phases   ] GC(86)   Post Evacuate Collection Set: 1.7ms
[2025-04-02T18:58:48.416-0400][8584.649s][info ][gc,phases   ] GC(86)   Other: 0.1ms
[2025-04-02T18:58:48.416-0400][8584.649s][info ][gc,heap     ] GC(86) Eden regions: 269->0(269)
[2025-04-02T18:58:48.416-0400][8584.649s][info ][gc,heap     ] GC(86) Survivor regions: 2->2(34)
[2025-04-02T18:58:48.416-0400][8584.649s][info ][gc,heap     ] GC(86) Old regions: 184->184
[2025-04-02T18:58:48.416-0400][8584.649s][info ][gc,heap     ] GC(86) Archive regions: 0->0
[2025-04-02T18:58:48.416-0400][8584.649s][info ][gc,heap     ] GC(86) Humongous regions: 2->2
[2025-04-02T18:58:48.416-0400][8584.649s][info ][gc,metaspace] GC(86) Metaspace: 191016K(192576K)->191016K(192576K) NonClass: 168011K(168832K)->168011K(168832K) Class: 23005K(23744K)->23005K(23744K)
[2025-04-02T18:58:48.416-0400][8584.649s][info ][gc          ] GC(86) Pause Young (Normal) (G1 Evacuation Pause) 456M->187M(512M) 4.086ms
[2025-04-02T18:58:48.416-0400][8584.649s][info ][gc,cpu      ] GC(86) User=0.00s Sys=0.00s Real=0.00s
[2025-04-02T18:58:48.416-0400][8584.649s][info ][safepoint   ] Safepoint "G1CollectForAllocation", Time since last: 225452578600 ns, Reaching safepoint: 73300 ns, Cleanup: 3900 ns, At safepoint: 4159200 ns, Total: 4236400 ns
[2025-04-02T19:00:04.455-0400][8660.687s][debug][safepoint   ] Safepoint synchronization initiated using striped semaphore wait barrier. (241 threads)
[2025-04-02T19:00:04.455-0400][8660.687s][info ][safepoint   ] Safepoint "Cleanup", Time since last: 76038494700 ns, Reaching safepoint: 91600 ns, Cleanup: 10400 ns, At safepoint: 2000 ns, Total: 104000 ns
[2025-04-02T19:01:32.549-0400][8748.781s][debug][safepoint   ] Safepoint synchronization initiated using striped semaphore wait barrier. (241 threads)
[2025-04-02T19:01:32.549-0400][8748.781s][info ][safepoint   ] Safepoint "Cleanup", Time since last: 88093645700 ns, Reaching safepoint: 148600 ns, Cleanup: 8500 ns, At safepoint: 2000 ns, Total: 159100 ns
[2025-04-02T19:02:32.575-0400][8808.807s][debug][safepoint   ] Safepoint synchronization initiated using striped semaphore wait barrier. (242 threads)
[2025-04-02T19:02:32.575-0400][8808.807s][info ][safepoint   ] Safepoint "Cleanup", Time since last: 60026187900 ns, Reaching safepoint: 56400 ns, Cleanup: 6300 ns, At safepoint: 1700 ns, Total: 64400 ns
[2025-04-02T19:02:35.449-0400][8811.681s][debug][safepoint   ] Safepoint synchronization initiated using striped semaphore wait barrier. (242 threads)
[2025-04-02T19:02:35.449-0400][8811.681s][info ][gc,start    ] GC(87) Pause Young (Normal) (G1 Evacuation Pause)
[2025-04-02T19:02:35.449-0400][8811.681s][info ][gc,task     ] GC(87) Using 23 workers of 23 for evacuation
[2025-04-02T19:02:35.451-0400][8811.684s][info ][gc,phases   ] GC(87)   Pre Evacuate Collection Set: 0.2ms
[2025-04-02T19:02:35.451-0400][8811.684s][info ][gc,phases   ] GC(87)   Merge Heap Roots: 0.1ms
[2025-04-02T19:02:35.451-0400][8811.684s][info ][gc,phases   ] GC(87)   Evacuate Collection Set: 0.6ms
[2025-04-02T19:02:35.451-0400][8811.684s][info ][gc,phases   ] GC(87)   Post Evacuate Collection Set: 1.3ms
[2025-04-02T19:02:35.451-0400][8811.684s][info ][gc,phases   ] GC(87)   Other: 0.1ms
[2025-04-02T19:02:35.451-0400][8811.684s][info ][gc,heap     ] GC(87) Eden regions: 269->0(269)
[2025-04-02T19:02:35.451-0400][8811.684s][info ][gc,heap     ] GC(87) Survivor regions: 2->2(34)
[2025-04-02T19:02:35.451-0400][8811.684s][info ][gc,heap     ] GC(87) Old regions: 184->184
[2025-04-02T19:02:35.451-0400][8811.684s][info ][gc,heap     ] GC(87) Archive regions: 0->0
[2025-04-02T19:02:35.451-0400][8811.684s][info ][gc,heap     ] GC(87) Humongous regions: 2->2
[2025-04-02T19:02:35.451-0400][8811.684s][info ][gc,metaspace] GC(87) Metaspace: 191016K(192576K)->191016K(192576K) NonClass: 168011K(168832K)->168011K(168832K) Class: 23005K(23744K)->23005K(23744K)
[2025-04-02T19:02:35.451-0400][8811.684s][info ][gc          ] GC(87) Pause Young (Normal) (G1 Evacuation Pause) 456M->187M(512M) 2.394ms
[2025-04-02T19:02:35.451-0400][8811.684s][info ][gc,cpu      ] GC(87) User=0.00s Sys=0.00s Real=0.00s
[2025-04-02T19:02:35.451-0400][8811.684s][info ][safepoint   ] Safepoint "G1CollectForAllocation", Time since last: 2873805400 ns, Reaching safepoint: 50200 ns, Cleanup: 2700 ns, At safepoint: 2491400 ns, Total: 2544300 ns
[2025-04-02T19:03:40.657-0400][8876.890s][debug][safepoint   ] Safepoint synchronization initiated using striped semaphore wait barrier. (244 threads)
[2025-04-02T19:03:40.657-0400][8876.890s][info ][safepoint   ] Safepoint "Cleanup", Time since last: 65205887500 ns, Reaching safepoint: 41000 ns, Cleanup: 18900 ns, At safepoint: 1600 ns, Total: 61500 ns
[2025-04-02T19:06:14.086-0400][9030.318s][debug][safepoint   ] Safepoint synchronization initiated using striped semaphore wait barrier. (241 threads)
[2025-04-02T19:06:14.086-0400][9030.319s][info ][safepoint   ] Safepoint "Cleanup", Time since last: 153428793500 ns, Reaching safepoint: 104900 ns, Cleanup: 6900 ns, At safepoint: 1500 ns, Total: 113300 ns
[2025-04-02T19:06:16.418-0400][9032.650s][debug][safepoint   ] Safepoint synchronization initiated using striped semaphore wait barrier. (241 threads)
[2025-04-02T19:06:16.418-0400][9032.650s][info ][gc,start    ] GC(88) Pause Young (Normal) (G1 Evacuation Pause)
[2025-04-02T19:06:16.418-0400][9032.650s][info ][gc,task     ] GC(88) Using 23 workers of 23 for evacuation
[2025-04-02T19:06:16.421-0400][9032.653s][info ][gc,phases   ] GC(88)   Pre Evacuate Collection Set: 0.2ms
[2025-04-02T19:06:16.421-0400][9032.653s][info ][gc,phases   ] GC(88)   Merge Heap Roots: 0.2ms
[2025-04-02T19:06:16.421-0400][9032.653s][info ][gc,phases   ] GC(88)   Evacuate Collection Set: 1.5ms
[2025-04-02T19:06:16.421-0400][9032.653s][info ][gc,phases   ] GC(88)   Post Evacuate Collection Set: 1.1ms
[2025-04-02T19:06:16.421-0400][9032.653s][info ][gc,phases   ] GC(88)   Other: 0.1ms
[2025-04-02T19:06:16.421-0400][9032.653s][info ][gc,heap     ] GC(88) Eden regions: 269->0(268)
[2025-04-02T19:06:16.421-0400][9032.653s][info ][gc,heap     ] GC(88) Survivor regions: 2->2(34)
[2025-04-02T19:06:16.421-0400][9032.653s][info ][gc,heap     ] GC(88) Old regions: 184->184
[2025-04-02T19:06:16.421-0400][9032.653s][info ][gc,heap     ] GC(88) Archive regions: 0->0
[2025-04-02T19:06:16.421-0400][9032.653s][info ][gc,heap     ] GC(88) Humongous regions: 2->2
[2025-04-02T19:06:16.421-0400][9032.653s][info ][gc,metaspace] GC(88) Metaspace: 191061K(192640K)->191061K(192640K) NonClass: 168056K(168896K)->168056K(168896K) Class: 23005K(23744K)->23005K(23744K)
[2025-04-02T19:06:16.421-0400][9032.653s][info ][gc          ] GC(88) Pause Young (Normal) (G1 Evacuation Pause) 456M->187M(512M) 3.105ms
[2025-04-02T19:06:16.421-0400][9032.653s][info ][gc,cpu      ] GC(88) User=0.00s Sys=0.00s Real=0.00s
[2025-04-02T19:06:16.421-0400][9032.653s][info ][safepoint   ] Safepoint "G1CollectForAllocation", Time since last: 2331238800 ns, Reaching safepoint: 112000 ns, Cleanup: 4100 ns, At safepoint: 3207700 ns, Total: 3323800 ns
[2025-04-02T19:08:23.456-0400][9159.688s][debug][safepoint   ] Safepoint synchronization initiated using striped semaphore wait barrier. (241 threads)
[2025-04-02T19:08:23.456-0400][9159.688s][info ][safepoint   ] Safepoint "Cleanup", Time since last: 127034878900 ns, Reaching safepoint: 59900 ns, Cleanup: 8500 ns, At safepoint: 1800 ns, Total: 70200 ns
[2025-04-02T19:10:00.482-0400][9256.714s][debug][safepoint   ] Safepoint synchronization initiated using striped semaphore wait barrier. (242 threads)
[2025-04-02T19:10:00.482-0400][9256.714s][info ][gc,start    ] GC(89) Pause Young (Normal) (G1 Evacuation Pause)
[2025-04-02T19:10:00.482-0400][9256.714s][info ][gc,task     ] GC(89) Using 23 workers of 23 for evacuation
[2025-04-02T19:10:00.485-0400][9256.717s][info ][gc,phases   ] GC(89)   Pre Evacuate Collection Set: 0.1ms
[2025-04-02T19:10:00.485-0400][9256.717s][info ][gc,phases   ] GC(89)   Merge Heap Roots: 0.2ms
[2025-04-02T19:10:00.485-0400][9256.717s][info ][gc,phases   ] GC(89)   Evacuate Collection Set: 1.0ms
[2025-04-02T19:10:00.485-0400][9256.717s][info ][gc,phases   ] GC(89)   Post Evacuate Collection Set: 1.4ms
[2025-04-02T19:10:00.485-0400][9256.717s][info ][gc,phases   ] GC(89)   Other: 0.1ms
[2025-04-02T19:10:00.485-0400][9256.717s][info ][gc,heap     ] GC(89) Eden regions: 268->0(269)
[2025-04-02T19:10:00.485-0400][9256.717s][info ][gc,heap     ] GC(89) Survivor regions: 2->2(34)
[2025-04-02T19:10:00.485-0400][9256.717s][info ][gc,heap     ] GC(89) Old regions: 184->184
[2025-04-02T19:10:00.485-0400][9256.717s][info ][gc,heap     ] GC(89) Archive regions: 0->0
[2025-04-02T19:10:00.485-0400][9256.717s][info ][gc,heap     ] GC(89) Humongous regions: 2->2
[2025-04-02T19:10:00.485-0400][9256.717s][info ][gc,metaspace] GC(89) Metaspace: 191061K(192640K)->191061K(192640K) NonClass: 168056K(168896K)->168056K(168896K) Class: 23005K(23744K)->23005K(23744K)
[2025-04-02T19:10:00.485-0400][9256.717s][info ][gc          ] GC(89) Pause Young (Normal) (G1 Evacuation Pause) 455M->187M(512M) 2.948ms
[2025-04-02T19:10:00.485-0400][9256.717s][info ][gc,cpu      ] GC(89) User=0.00s Sys=0.00s Real=0.00s
[2025-04-02T19:10:00.485-0400][9256.717s][info ][safepoint   ] Safepoint "G1CollectForAllocation", Time since last: 97025819000 ns, Reaching safepoint: 48900 ns, Cleanup: 3300 ns, At safepoint: 3036100 ns, Total: 3088300 ns
[2025-04-02T19:10:13.695-0400][9269.928s][debug][safepoint   ] Safepoint synchronization initiated using striped semaphore wait barrier. (241 threads)
[2025-04-02T19:10:13.695-0400][9269.928s][info ][safepoint   ] Safepoint "Cleanup", Time since last: 13210523100 ns, Reaching safepoint: 59100 ns, Cleanup: 7900 ns, At safepoint: 1800 ns, Total: 68800 ns
[2025-04-02T19:11:47.740-0400][9363.972s][debug][safepoint   ] Safepoint synchronization initiated using striped semaphore wait barrier. (240 threads)
[2025-04-02T19:11:47.740-0400][9363.972s][info ][safepoint   ] Safepoint "Cleanup", Time since last: 94044790400 ns, Reaching safepoint: 51000 ns, Cleanup: 7100 ns, At safepoint: 6700 ns, Total: 64800 ns
[2025-04-02T19:13:47.630-0400][9483.863s][debug][safepoint   ] Safepoint synchronization initiated using striped semaphore wait barrier. (241 threads)
[2025-04-02T19:13:47.630-0400][9483.863s][info ][gc,start    ] GC(90) Pause Young (Normal) (G1 Evacuation Pause)
[2025-04-02T19:13:47.630-0400][9483.863s][info ][gc,task     ] GC(90) Using 23 workers of 23 for evacuation
[2025-04-02T19:13:47.632-0400][9483.865s][info ][gc,phases   ] GC(90)   Pre Evacuate Collection Set: 0.1ms
[2025-04-02T19:13:47.632-0400][9483.865s][info ][gc,phases   ] GC(90)   Merge Heap Roots: 0.1ms
[2025-04-02T19:13:47.632-0400][9483.865s][info ][gc,phases   ] GC(90)   Evacuate Collection Set: 1.2ms
[2025-04-02T19:13:47.632-0400][9483.865s][info ][gc,phases   ] GC(90)   Post Evacuate Collection Set: 0.9ms
[2025-04-02T19:13:47.632-0400][9483.865s][info ][gc,phases   ] GC(90)   Other: 0.1ms
[2025-04-02T19:13:47.632-0400][9483.865s][info ][gc,heap     ] GC(90) Eden regions: 269->0(269)
[2025-04-02T19:13:47.632-0400][9483.865s][info ][gc,heap     ] GC(90) Survivor regions: 2->2(34)
[2025-04-02T19:13:47.632-0400][9483.865s][info ][gc,heap     ] GC(90) Old regions: 184->184
[2025-04-02T19:13:47.632-0400][9483.865s][info ][gc,heap     ] GC(90) Archive regions: 0->0
[2025-04-02T19:13:47.632-0400][9483.865s][info ][gc,heap     ] GC(90) Humongous regions: 2->2
[2025-04-02T19:13:47.632-0400][9483.865s][info ][gc,metaspace] GC(90) Metaspace: 191061K(192640K)->191061K(192640K) NonClass: 168056K(168896K)->168056K(168896K) Class: 23005K(23744K)->23005K(23744K)
[2025-04-02T19:13:47.632-0400][9483.865s][info ][gc          ] GC(90) Pause Young (Normal) (G1 Evacuation Pause) 456M->187M(512M) 2.472ms
[2025-04-02T19:13:47.632-0400][9483.865s][info ][gc,cpu      ] GC(90) User=0.00s Sys=0.00s Real=0.00s
[2025-04-02T19:13:47.632-0400][9483.865s][info ][safepoint   ] Safepoint "G1CollectForAllocation", Time since last: 119890264000 ns, Reaching safepoint: 53300 ns, Cleanup: 3200 ns, At safepoint: 2538900 ns, Total: 2595400 ns
[2025-04-02T19:15:52.339-0400][9608.571s][debug][safepoint   ] Safepoint synchronization initiated using striped semaphore wait barrier. (242 threads)
[2025-04-02T19:15:52.339-0400][9608.571s][info ][safepoint   ] Safepoint "Cleanup", Time since last: 124705482700 ns, Reaching safepoint: 52600 ns, Cleanup: 7200 ns, At safepoint: 1400 ns, Total: 61200 ns
[2025-04-02T19:17:33.450-0400][9709.683s][debug][safepoint   ] Safepoint synchronization initiated using striped semaphore wait barrier. (241 threads)
[2025-04-02T19:17:33.450-0400][9709.683s][info ][gc,start    ] GC(91) Pause Young (Normal) (G1 Evacuation Pause)
[2025-04-02T19:17:33.450-0400][9709.683s][info ][gc,task     ] GC(91) Using 23 workers of 23 for evacuation
[2025-04-02T19:17:33.454-0400][9709.687s][info ][gc,phases   ] GC(91)   Pre Evacuate Collection Set: 0.1ms
[2025-04-02T19:17:33.454-0400][9709.687s][info ][gc,phases   ] GC(91)   Merge Heap Roots: 0.1ms
[2025-04-02T19:17:33.454-0400][9709.687s][info ][gc,phases   ] GC(91)   Evacuate Collection Set: 2.4ms
[2025-04-02T19:17:33.454-0400][9709.687s][info ][gc,phases   ] GC(91)   Post Evacuate Collection Set: 1.1ms
[2025-04-02T19:17:33.454-0400][9709.687s][info ][gc,phases   ] GC(91)   Other: 0.1ms
[2025-04-02T19:17:33.454-0400][9709.687s][info ][gc,heap     ] GC(91) Eden regions: 269->0(269)
[2025-04-02T19:17:33.454-0400][9709.687s][info ][gc,heap     ] GC(91) Survivor regions: 2->2(34)
[2025-04-02T19:17:33.454-0400][9709.687s][info ][gc,heap     ] GC(91) Old regions: 184->184
[2025-04-02T19:17:33.454-0400][9709.687s][info ][gc,heap     ] GC(91) Archive regions: 0->0
[2025-04-02T19:17:33.454-0400][9709.687s][info ][gc,heap     ] GC(91) Humongous regions: 2->2
[2025-04-02T19:17:33.454-0400][9709.687s][info ][gc,metaspace] GC(91) Metaspace: 191062K(192640K)->191062K(192640K) NonClass: 168057K(168896K)->168057K(168896K) Class: 23005K(23744K)->23005K(23744K)
[2025-04-02T19:17:33.454-0400][9709.687s][info ][gc          ] GC(91) Pause Young (Normal) (G1 Evacuation Pause) 456M->187M(512M) 3.762ms
[2025-04-02T19:17:33.454-0400][9709.687s][info ][gc,cpu      ] GC(91) User=0.00s Sys=0.00s Real=0.00s
[2025-04-02T19:17:33.454-0400][9709.687s][info ][safepoint   ] Safepoint "G1CollectForAllocation", Time since last: 101111950700 ns, Reaching safepoint: 48500 ns, Cleanup: 2300 ns, At safepoint: 3841900 ns, Total: 3892700 ns
[2025-04-02T19:21:18.778-0400][9935.010s][debug][safepoint   ] Safepoint synchronization initiated using striped semaphore wait barrier. (240 threads)
[2025-04-02T19:21:18.778-0400][9935.010s][info ][gc,start    ] GC(92) Pause Young (Normal) (G1 Evacuation Pause)
[2025-04-02T19:21:18.778-0400][9935.010s][info ][gc,task     ] GC(92) Using 23 workers of 23 for evacuation
[2025-04-02T19:21:18.781-0400][9935.014s][info ][gc,phases   ] GC(92)   Pre Evacuate Collection Set: 0.4ms
[2025-04-02T19:21:18.781-0400][9935.014s][info ][gc,phases   ] GC(92)   Merge Heap Roots: 0.2ms
[2025-04-02T19:21:18.781-0400][9935.014s][info ][gc,phases   ] GC(92)   Evacuate Collection Set: 1.7ms
[2025-04-02T19:21:18.781-0400][9935.014s][info ][gc,phases   ] GC(92)   Post Evacuate Collection Set: 1.3ms
[2025-04-02T19:21:18.781-0400][9935.014s][info ][gc,phases   ] GC(92)   Other: 0.1ms
[2025-04-02T19:21:18.782-0400][9935.014s][info ][gc,heap     ] GC(92) Eden regions: 269->0(269)
[2025-04-02T19:21:18.782-0400][9935.014s][info ][gc,heap     ] GC(92) Survivor regions: 2->2(34)
[2025-04-02T19:21:18.782-0400][9935.014s][info ][gc,heap     ] GC(92) Old regions: 184->184
[2025-04-02T19:21:18.782-0400][9935.014s][info ][gc,heap     ] GC(92) Archive regions: 0->0
[2025-04-02T19:21:18.782-0400][9935.014s][info ][gc,heap     ] GC(92) Humongous regions: 2->2
[2025-04-02T19:21:18.782-0400][9935.014s][info ][gc,metaspace] GC(92) Metaspace: 191062K(192640K)->191062K(192640K) NonClass: 168057K(168896K)->168057K(168896K) Class: 23005K(23744K)->23005K(23744K)
[2025-04-02T19:21:18.782-0400][9935.014s][info ][gc          ] GC(92) Pause Young (Normal) (G1 Evacuation Pause) 456M->187M(512M) 3.835ms
[2025-04-02T19:21:18.782-0400][9935.014s][info ][gc,cpu      ] GC(92) User=0.00s Sys=0.00s Real=0.00s
[2025-04-02T19:21:18.782-0400][9935.014s][info ][safepoint   ] Safepoint "G1CollectForAllocation", Time since last: 225323555900 ns, Reaching safepoint: 59300 ns, Cleanup: 3100 ns, At safepoint: 3986500 ns, Total: 4048900 ns
[2025-04-02T19:22:14.163-0400][9990.395s][debug][safepoint   ] Safepoint synchronization initiated using striped semaphore wait barrier. (241 threads)
[2025-04-02T19:22:14.163-0400][9990.395s][info ][safepoint   ] Safepoint "Cleanup", Time since last: 55380300700 ns, Reaching safepoint: 42100 ns, Cleanup: 8900 ns, At safepoint: 1600 ns, Total: 52600 ns
[2025-04-02T19:25:04.173-0400][10160.405s][debug][safepoint   ] Safepoint synchronization initiated using striped semaphore wait barrier. (239 threads)
[2025-04-02T19:25:04.173-0400][10160.405s][info ][gc,start    ] GC(93) Pause Young (Normal) (G1 Evacuation Pause)
[2025-04-02T19:25:04.173-0400][10160.405s][info ][gc,task     ] GC(93) Using 23 workers of 23 for evacuation
[2025-04-02T19:25:04.175-0400][10160.408s][info ][gc,phases   ] GC(93)   Pre Evacuate Collection Set: 0.2ms
[2025-04-02T19:25:04.175-0400][10160.408s][info ][gc,phases   ] GC(93)   Merge Heap Roots: 0.1ms
[2025-04-02T19:25:04.175-0400][10160.408s][info ][gc,phases   ] GC(93)   Evacuate Collection Set: 1.2ms
[2025-04-02T19:25:04.175-0400][10160.408s][info ][gc,phases   ] GC(93)   Post Evacuate Collection Set: 1.2ms
[2025-04-02T19:25:04.175-0400][10160.408s][info ][gc,phases   ] GC(93)   Other: 0.1ms
[2025-04-02T19:25:04.175-0400][10160.408s][info ][gc,heap     ] GC(93) Eden regions: 269->0(269)
[2025-04-02T19:25:04.175-0400][10160.408s][info ][gc,heap     ] GC(93) Survivor regions: 2->2(34)
[2025-04-02T19:25:04.175-0400][10160.408s][info ][gc,heap     ] GC(93) Old regions: 184->184
[2025-04-02T19:25:04.175-0400][10160.408s][info ][gc,heap     ] GC(93) Archive regions: 0->0
[2025-04-02T19:25:04.175-0400][10160.408s][info ][gc,heap     ] GC(93) Humongous regions: 2->2
[2025-04-02T19:25:04.175-0400][10160.408s][info ][gc,metaspace] GC(93) Metaspace: 191068K(192640K)->191068K(192640K) NonClass: 168063K(168896K)->168063K(168896K) Class: 23005K(23744K)->23005K(23744K)
[2025-04-02T19:25:04.175-0400][10160.408s][info ][gc          ] GC(93) Pause Young (Normal) (G1 Evacuation Pause) 456M->187M(512M) 3.008ms
[2025-04-02T19:25:04.175-0400][10160.408s][info ][gc,cpu      ] GC(93) User=0.03s Sys=0.02s Real=0.00s
[2025-04-02T19:25:04.175-0400][10160.408s][info ][safepoint   ] Safepoint "G1CollectForAllocation", Time since last: 170010251500 ns, Reaching safepoint: 73100 ns, Cleanup: 3800 ns, At safepoint: 3131800 ns, Total: 3208700 ns
[2025-04-02T19:27:01.655-0400][10277.887s][debug][safepoint   ] Safepoint synchronization initiated using striped semaphore wait barrier. (242 threads)
[2025-04-02T19:27:01.655-0400][10277.887s][info ][safepoint   ] Safepoint "Cleanup", Time since last: 117478434100 ns, Reaching safepoint: 79800 ns, Cleanup: 4500 ns, At safepoint: 1500 ns, Total: 85800 ns
[2025-04-02T19:27:42.762-0400][10318.994s][debug][safepoint   ] Safepoint synchronization initiated using striped semaphore wait barrier. (242 threads)
[2025-04-02T19:27:42.762-0400][10318.994s][info ][safepoint   ] Safepoint "Cleanup", Time since last: 41107703400 ns, Reaching safepoint: 87100 ns, Cleanup: 8000 ns, At safepoint: 1600 ns, Total: 96700 ns
[2025-04-02T19:28:51.514-0400][10387.746s][debug][safepoint   ] Safepoint synchronization initiated using striped semaphore wait barrier. (242 threads)
[2025-04-02T19:28:51.514-0400][10387.746s][info ][gc,start    ] GC(94) Pause Young (Normal) (G1 Evacuation Pause)
[2025-04-02T19:28:51.514-0400][10387.746s][info ][gc,task     ] GC(94) Using 23 workers of 23 for evacuation
[2025-04-02T19:28:51.517-0400][10387.749s][info ][gc,phases   ] GC(94)   Pre Evacuate Collection Set: 0.3ms
[2025-04-02T19:28:51.517-0400][10387.749s][info ][gc,phases   ] GC(94)   Merge Heap Roots: 0.1ms
[2025-04-02T19:28:51.517-0400][10387.749s][info ][gc,phases   ] GC(94)   Evacuate Collection Set: 1.2ms
[2025-04-02T19:28:51.517-0400][10387.749s][info ][gc,phases   ] GC(94)   Post Evacuate Collection Set: 1.2ms
[2025-04-02T19:28:51.517-0400][10387.749s][info ][gc,phases   ] GC(94)   Other: 0.1ms
[2025-04-02T19:28:51.517-0400][10387.749s][info ][gc,heap     ] GC(94) Eden regions: 269->0(269)
[2025-04-02T19:28:51.517-0400][10387.749s][info ][gc,heap     ] GC(94) Survivor regions: 2->2(34)
[2025-04-02T19:28:51.517-0400][10387.749s][info ][gc,heap     ] GC(94) Old regions: 184->184
[2025-04-02T19:28:51.517-0400][10387.749s][info ][gc,heap     ] GC(94) Archive regions: 0->0
[2025-04-02T19:28:51.517-0400][10387.749s][info ][gc,heap     ] GC(94) Humongous regions: 2->2
[2025-04-02T19:28:51.517-0400][10387.749s][info ][gc,metaspace] GC(94) Metaspace: 191070K(192640K)->191070K(192640K) NonClass: 168065K(168896K)->168065K(168896K) Class: 23005K(23744K)->23005K(23744K)
[2025-04-02T19:28:51.517-0400][10387.749s][info ][gc          ] GC(94) Pause Young (Normal) (G1 Evacuation Pause) 456M->187M(512M) 3.076ms
[2025-04-02T19:28:51.517-0400][10387.749s][info ][gc,cpu      ] GC(94) User=0.00s Sys=0.00s Real=0.00s
[2025-04-02T19:28:51.517-0400][10387.749s][info ][safepoint   ] Safepoint "G1CollectForAllocation", Time since last: 68751633800 ns, Reaching safepoint: 91400 ns, Cleanup: 4400 ns, At safepoint: 3176100 ns, Total: 3271900 ns
[2025-04-02T19:30:44.032-0400][10500.264s][debug][safepoint   ] Safepoint synchronization initiated using striped semaphore wait barrier. (242 threads)
[2025-04-02T19:30:44.032-0400][10500.264s][info ][safepoint   ] Safepoint "Cleanup", Time since last: 112514248200 ns, Reaching safepoint: 51200 ns, Cleanup: 7000 ns, At safepoint: 1400 ns, Total: 59600 ns
[2025-04-02T19:32:37.304-0400][10613.537s][debug][safepoint   ] Safepoint synchronization initiated using striped semaphore wait barrier. (241 threads)
[2025-04-02T19:32:37.304-0400][10613.537s][info ][gc,start    ] GC(95) Pause Young (Normal) (G1 Evacuation Pause)
[2025-04-02T19:32:37.304-0400][10613.537s][info ][gc,task     ] GC(95) Using 23 workers of 23 for evacuation
[2025-04-02T19:32:37.307-0400][10613.540s][info ][gc,phases   ] GC(95)   Pre Evacuate Collection Set: 0.3ms
[2025-04-02T19:32:37.307-0400][10613.540s][info ][gc,phases   ] GC(95)   Merge Heap Roots: 0.1ms
[2025-04-02T19:32:37.307-0400][10613.540s][info ][gc,phases   ] GC(95)   Evacuate Collection Set: 1.5ms
[2025-04-02T19:32:37.307-0400][10613.540s][info ][gc,phases   ] GC(95)   Post Evacuate Collection Set: 1.1ms
[2025-04-02T19:32:37.307-0400][10613.540s][info ][gc,phases   ] GC(95)   Other: 0.1ms
[2025-04-02T19:32:37.307-0400][10613.540s][info ][gc,heap     ] GC(95) Eden regions: 269->0(269)
[2025-04-02T19:32:37.307-0400][10613.540s][info ][gc,heap     ] GC(95) Survivor regions: 2->2(34)
[2025-04-02T19:32:37.307-0400][10613.540s][info ][gc,heap     ] GC(95) Old regions: 184->184
[2025-04-02T19:32:37.307-0400][10613.540s][info ][gc,heap     ] GC(95) Archive regions: 0->0
[2025-04-02T19:32:37.307-0400][10613.540s][info ][gc,heap     ] GC(95) Humongous regions: 2->2
[2025-04-02T19:32:37.307-0400][10613.540s][info ][gc,metaspace] GC(95) Metaspace: 191070K(192640K)->191070K(192640K) NonClass: 168065K(168896K)->168065K(168896K) Class: 23005K(23744K)->23005K(23744K)
[2025-04-02T19:32:37.307-0400][10613.540s][info ][gc          ] GC(95) Pause Young (Normal) (G1 Evacuation Pause) 456M->187M(512M) 3.141ms
[2025-04-02T19:32:37.307-0400][10613.540s][info ][gc,cpu      ] GC(95) User=0.00s Sys=0.00s Real=0.00s
[2025-04-02T19:32:37.307-0400][10613.540s][info ][safepoint   ] Safepoint "G1CollectForAllocation", Time since last: 113272884100 ns, Reaching safepoint: 57900 ns, Cleanup: 3000 ns, At safepoint: 3209800 ns, Total: 3270700 ns
[2025-04-02T19:33:19.468-0400][10655.700s][debug][safepoint   ] Safepoint synchronization initiated using striped semaphore wait barrier. (241 threads)
[2025-04-02T19:33:19.468-0400][10655.700s][info ][safepoint   ] Safepoint "Cleanup", Time since last: 42160305900 ns, Reaching safepoint: 51000 ns, Cleanup: 7500 ns, At safepoint: 1300 ns, Total: 59800 ns
[2025-04-02T19:33:24.471-0400][10660.703s][debug][safepoint   ] Safepoint synchronization initiated using striped semaphore wait barrier. (241 threads)
[2025-04-02T19:33:24.471-0400][10660.703s][info ][safepoint   ] Safepoint "Cleanup", Time since last: 5002812100 ns, Reaching safepoint: 69600 ns, Cleanup: 9000 ns, At safepoint: 1800 ns, Total: 80400 ns
[2025-04-02T19:34:14.496-0400][10710.728s][debug][safepoint   ] Safepoint synchronization initiated using striped semaphore wait barrier. (241 threads)
[2025-04-02T19:34:14.496-0400][10710.728s][info ][safepoint   ] Safepoint "Cleanup", Time since last: 50025156600 ns, Reaching safepoint: 93000 ns, Cleanup: 6900 ns, At safepoint: 1700 ns, Total: 101600 ns
[2025-04-02T19:34:15.497-0400][10711.729s][debug][safepoint   ] Safepoint synchronization initiated using striped semaphore wait barrier. (241 threads)
[2025-04-02T19:34:15.497-0400][10711.729s][info ][safepoint   ] Safepoint "Cleanup", Time since last: 1000576700 ns, Reaching safepoint: 64400 ns, Cleanup: 8700 ns, At safepoint: 2100 ns, Total: 75200 ns
[2025-04-02T19:35:21.708-0400][10777.940s][debug][safepoint   ] Safepoint synchronization initiated using striped semaphore wait barrier. (239 threads)
[2025-04-02T19:35:21.708-0400][10777.940s][info ][safepoint   ] Safepoint "Cleanup", Time since last: 66211364900 ns, Reaching safepoint: 66500 ns, Cleanup: 8100 ns, At safepoint: 1500 ns, Total: 76100 ns
[2025-04-02T19:36:12.825-0400][10829.057s][debug][safepoint   ] Safepoint synchronization initiated using striped semaphore wait barrier. (247 threads)
[2025-04-02T19:36:12.825-0400][10829.057s][info ][safepoint   ] Safepoint "Cleanup", Time since last: 51116897600 ns, Reaching safepoint: 57900 ns, Cleanup: 12300 ns, At safepoint: 2100 ns, Total: 72300 ns
[2025-04-02T19:36:17.217-0400][10833.449s][debug][safepoint   ] Safepoint synchronization initiated using striped semaphore wait barrier. (247 threads)
[2025-04-02T19:36:17.217-0400][10833.449s][info ][gc,start    ] GC(96) Pause Young (Normal) (G1 Evacuation Pause)
[2025-04-02T19:36:17.217-0400][10833.449s][info ][gc,task     ] GC(96) Using 23 workers of 23 for evacuation
[2025-04-02T19:36:17.219-0400][10833.452s][info ][gc,phases   ] GC(96)   Pre Evacuate Collection Set: 0.2ms
[2025-04-02T19:36:17.219-0400][10833.452s][info ][gc,phases   ] GC(96)   Merge Heap Roots: 0.1ms
[2025-04-02T19:36:17.219-0400][10833.452s][info ][gc,phases   ] GC(96)   Evacuate Collection Set: 0.9ms
[2025-04-02T19:36:17.219-0400][10833.452s][info ][gc,phases   ] GC(96)   Post Evacuate Collection Set: 1.1ms
[2025-04-02T19:36:17.219-0400][10833.452s][info ][gc,phases   ] GC(96)   Other: 0.1ms
[2025-04-02T19:36:17.219-0400][10833.452s][info ][gc,heap     ] GC(96) Eden regions: 269->0(268)
[2025-04-02T19:36:17.219-0400][10833.452s][info ][gc,heap     ] GC(96) Survivor regions: 2->2(34)
[2025-04-02T19:36:17.219-0400][10833.452s][info ][gc,heap     ] GC(96) Old regions: 184->184
[2025-04-02T19:36:17.219-0400][10833.452s][info ][gc,heap     ] GC(96) Archive regions: 0->0
[2025-04-02T19:36:17.219-0400][10833.452s][info ][gc,heap     ] GC(96) Humongous regions: 2->2
[2025-04-02T19:36:17.219-0400][10833.452s][info ][gc,metaspace] GC(96) Metaspace: 191101K(192640K)->191101K(192640K) NonClass: 168095K(168896K)->168095K(168896K) Class: 23005K(23744K)->23005K(23744K)
[2025-04-02T19:36:17.219-0400][10833.452s][info ][gc          ] GC(96) Pause Young (Normal) (G1 Evacuation Pause) 456M->187M(512M) 2.468ms
[2025-04-02T19:36:17.219-0400][10833.452s][info ][gc,cpu      ] GC(96) User=0.00s Sys=0.00s Real=0.00s
[2025-04-02T19:36:17.219-0400][10833.452s][info ][safepoint   ] Safepoint "G1CollectForAllocation", Time since last: 4391878900 ns, Reaching safepoint: 75700 ns, Cleanup: 2900 ns, At safepoint: 2553100 ns, Total: 2631700 ns
[2025-04-02T19:36:23.223-0400][10839.455s][debug][safepoint   ] Safepoint synchronization initiated using striped semaphore wait barrier. (245 threads)
[2025-04-02T19:36:23.223-0400][10839.455s][info ][safepoint   ] Safepoint "Cleanup", Time since last: 6003158300 ns, Reaching safepoint: 42600 ns, Cleanup: 7000 ns, At safepoint: 1400 ns, Total: 51000 ns
[2025-04-02T19:40:03.351-0400][11059.584s][debug][safepoint   ] Safepoint synchronization initiated using striped semaphore wait barrier. (243 threads)
[2025-04-02T19:40:03.351-0400][11059.584s][info ][gc,start    ] GC(97) Pause Young (Normal) (G1 Evacuation Pause)
[2025-04-02T19:40:03.351-0400][11059.584s][info ][gc,task     ] GC(97) Using 23 workers of 23 for evacuation
[2025-04-02T19:40:03.354-0400][11059.587s][info ][gc,phases   ] GC(97)   Pre Evacuate Collection Set: 0.2ms
[2025-04-02T19:40:03.354-0400][11059.587s][info ][gc,phases   ] GC(97)   Merge Heap Roots: 0.1ms
[2025-04-02T19:40:03.354-0400][11059.587s][info ][gc,phases   ] GC(97)   Evacuate Collection Set: 1.2ms
[2025-04-02T19:40:03.354-0400][11059.587s][info ][gc,phases   ] GC(97)   Post Evacuate Collection Set: 1.8ms
[2025-04-02T19:40:03.354-0400][11059.587s][info ][gc,phases   ] GC(97)   Other: 0.1ms
[2025-04-02T19:40:03.354-0400][11059.587s][info ][gc,heap     ] GC(97) Eden regions: 268->0(269)
[2025-04-02T19:40:03.354-0400][11059.587s][info ][gc,heap     ] GC(97) Survivor regions: 2->2(34)
[2025-04-02T19:40:03.354-0400][11059.587s][info ][gc,heap     ] GC(97) Old regions: 184->184
[2025-04-02T19:40:03.354-0400][11059.587s][info ][gc,heap     ] GC(97) Archive regions: 0->0
[2025-04-02T19:40:03.354-0400][11059.587s][info ][gc,heap     ] GC(97) Humongous regions: 2->2
[2025-04-02T19:40:03.354-0400][11059.587s][info ][gc,metaspace] GC(97) Metaspace: 191101K(192640K)->191101K(192640K) NonClass: 168095K(168896K)->168095K(168896K) Class: 23005K(23744K)->23005K(23744K)
[2025-04-02T19:40:03.354-0400][11059.587s][info ][gc          ] GC(97) Pause Young (Normal) (G1 Evacuation Pause) 455M->187M(512M) 3.476ms
[2025-04-02T19:40:03.354-0400][11059.587s][info ][gc,cpu      ] GC(97) User=0.00s Sys=0.00s Real=0.00s
[2025-04-02T19:40:03.354-0400][11059.587s][info ][safepoint   ] Safepoint "G1CollectForAllocation", Time since last: 220128592700 ns, Reaching safepoint: 99000 ns, Cleanup: 3800 ns, At safepoint: 3561500 ns, Total: 3664300 ns
[2025-04-02T19:43:48.725-0400][11284.957s][debug][safepoint   ] Safepoint synchronization initiated using striped semaphore wait barrier. (240 threads)
[2025-04-02T19:43:48.725-0400][11284.957s][info ][gc,start    ] GC(98) Pause Young (Normal) (G1 Evacuation Pause)
[2025-04-02T19:43:48.725-0400][11284.957s][info ][gc,task     ] GC(98) Using 23 workers of 23 for evacuation
[2025-04-02T19:43:48.728-0400][11284.960s][info ][gc,phases   ] GC(98)   Pre Evacuate Collection Set: 0.3ms
[2025-04-02T19:43:48.728-0400][11284.960s][info ][gc,phases   ] GC(98)   Merge Heap Roots: 0.2ms
[2025-04-02T19:43:48.728-0400][11284.960s][info ][gc,phases   ] GC(98)   Evacuate Collection Set: 1.1ms
[2025-04-02T19:43:48.728-0400][11284.960s][info ][gc,phases   ] GC(98)   Post Evacuate Collection Set: 1.2ms
[2025-04-02T19:43:48.728-0400][11284.960s][info ][gc,phases   ] GC(98)   Other: 0.1ms
[2025-04-02T19:43:48.728-0400][11284.960s][info ][gc,heap     ] GC(98) Eden regions: 269->0(269)
[2025-04-02T19:43:48.728-0400][11284.960s][info ][gc,heap     ] GC(98) Survivor regions: 2->2(34)
[2025-04-02T19:43:48.728-0400][11284.960s][info ][gc,heap     ] GC(98) Old regions: 184->184
[2025-04-02T19:43:48.728-0400][11284.960s][info ][gc,heap     ] GC(98) Archive regions: 0->0
[2025-04-02T19:43:48.728-0400][11284.960s][info ][gc,heap     ] GC(98) Humongous regions: 2->2
[2025-04-02T19:43:48.728-0400][11284.960s][info ][gc,metaspace] GC(98) Metaspace: 191101K(192640K)->191101K(192640K) NonClass: 168095K(168896K)->168095K(168896K) Class: 23005K(23744K)->23005K(23744K)
[2025-04-02T19:43:48.728-0400][11284.960s][info ][gc          ] GC(98) Pause Young (Normal) (G1 Evacuation Pause) 456M->187M(512M) 3.038ms
[2025-04-02T19:43:48.728-0400][11284.960s][info ][gc,cpu      ] GC(98) User=0.00s Sys=0.00s Real=0.00s
[2025-04-02T19:43:48.728-0400][11284.960s][info ][safepoint   ] Safepoint "G1CollectForAllocation", Time since last: 225369809000 ns, Reaching safepoint: 53500 ns, Cleanup: 3000 ns, At safepoint: 3104800 ns, Total: 3161300 ns
[2025-04-02T19:44:36.808-0400][11333.040s][debug][safepoint   ] Safepoint synchronization initiated using striped semaphore wait barrier. (244 threads)
[2025-04-02T19:44:36.808-0400][11333.040s][info ][safepoint   ] Safepoint "Cleanup", Time since last: 48079657100 ns, Reaching safepoint: 65400 ns, Cleanup: 55500 ns, At safepoint: 12600 ns, Total: 133500 ns
[2025-04-02T19:45:40.838-0400][11397.070s][debug][safepoint   ] Safepoint synchronization initiated using striped semaphore wait barrier. (241 threads)
[2025-04-02T19:45:40.838-0400][11397.071s][info ][safepoint   ] Safepoint "Cleanup", Time since last: 64030334000 ns, Reaching safepoint: 97300 ns, Cleanup: 8100 ns, At safepoint: 1800 ns, Total: 107200 ns
[2025-04-02T19:46:13.856-0400][11430.088s][debug][safepoint   ] Safepoint synchronization initiated using striped semaphore wait barrier. (240 threads)
[2025-04-02T19:46:13.856-0400][11430.088s][info ][safepoint   ] Safepoint "Cleanup", Time since last: 33017253300 ns, Reaching safepoint: 44600 ns, Cleanup: 6700 ns, At safepoint: 1400 ns, Total: 52700 ns
[2025-04-02T19:46:46.616-0400][11462.848s][debug][safepoint   ] Safepoint synchronization initiated using striped semaphore wait barrier. (240 threads)
[2025-04-02T19:46:46.616-0400][11462.849s][info ][gc,start    ] GC(99) Pause Young (Normal) (G1 Evacuation Pause)
[2025-04-02T19:46:46.616-0400][11462.849s][info ][gc,task     ] GC(99) Using 23 workers of 23 for evacuation
[2025-04-02T19:46:46.618-0400][11462.851s][info ][gc,phases   ] GC(99)   Pre Evacuate Collection Set: 0.2ms
[2025-04-02T19:46:46.618-0400][11462.851s][info ][gc,phases   ] GC(99)   Merge Heap Roots: 0.1ms
[2025-04-02T19:46:46.618-0400][11462.851s][info ][gc,phases   ] GC(99)   Evacuate Collection Set: 1.2ms
[2025-04-02T19:46:46.618-0400][11462.851s][info ][gc,phases   ] GC(99)   Post Evacuate Collection Set: 1.2ms
[2025-04-02T19:46:46.618-0400][11462.851s][info ][gc,phases   ] GC(99)   Other: 0.1ms
[2025-04-02T19:46:46.618-0400][11462.851s][info ][gc,heap     ] GC(99) Eden regions: 269->0(269)
[2025-04-02T19:46:46.618-0400][11462.851s][info ][gc,heap     ] GC(99) Survivor regions: 2->2(34)
[2025-04-02T19:46:46.618-0400][11462.851s][info ][gc,heap     ] GC(99) Old regions: 184->184
[2025-04-02T19:46:46.618-0400][11462.851s][info ][gc,heap     ] GC(99) Archive regions: 0->0
[2025-04-02T19:46:46.619-0400][11462.851s][info ][gc,heap     ] GC(99) Humongous regions: 2->2
[2025-04-02T19:46:46.619-0400][11462.851s][info ][gc,metaspace] GC(99) Metaspace: 191152K(192768K)->191152K(192768K) NonClass: 168142K(168960K)->168142K(168960K) Class: 23010K(23808K)->23010K(23808K)
[2025-04-02T19:46:46.619-0400][11462.851s][info ][gc          ] GC(99) Pause Young (Normal) (G1 Evacuation Pause) 456M->187M(512M) 2.859ms
[2025-04-02T19:46:46.619-0400][11462.851s][info ][gc,cpu      ] GC(99) User=0.00s Sys=0.00s Real=0.00s
[2025-04-02T19:46:46.619-0400][11462.851s][info ][safepoint   ] Safepoint "G1CollectForAllocation", Time since last: 32760628800 ns, Reaching safepoint: 55700 ns, Cleanup: 2700 ns, At safepoint: 2944100 ns, Total: 3002500 ns
[2025-04-02T19:47:40.193-0400][11516.425s][debug][safepoint   ] Safepoint synchronization initiated using striped semaphore wait barrier. (242 threads)
[2025-04-02T19:47:40.193-0400][11516.425s][info ][safepoint   ] Safepoint "Cleanup", Time since last: 53573107200 ns, Reaching safepoint: 102600 ns, Cleanup: 4100 ns, At safepoint: 1400 ns, Total: 108100 ns
[2025-04-02T19:47:41.193-0400][11517.426s][debug][safepoint   ] Safepoint synchronization initiated using striped semaphore wait barrier. (242 threads)
[2025-04-02T19:47:41.193-0400][11517.426s][info ][safepoint   ] Safepoint "Cleanup", Time since last: 1000819300 ns, Reaching safepoint: 71500 ns, Cleanup: 10000 ns, At safepoint: 2200 ns, Total: 83700 ns
[2025-04-02T19:48:01.204-0400][11537.436s][debug][safepoint   ] Safepoint synchronization initiated using striped semaphore wait barrier. (242 threads)
[2025-04-02T19:48:01.204-0400][11537.436s][info ][safepoint   ] Safepoint "Cleanup", Time since last: 20010043000 ns, Reaching safepoint: 63200 ns, Cleanup: 8400 ns, At safepoint: 1900 ns, Total: 73500 ns
[2025-04-02T19:49:25.414-0400][11621.646s][debug][safepoint   ] Safepoint synchronization initiated using striped semaphore wait barrier. (241 threads)
[2025-04-02T19:49:25.414-0400][11621.646s][info ][safepoint   ] Safepoint "Cleanup", Time since last: 84209964200 ns, Reaching safepoint: 65600 ns, Cleanup: 8000 ns, At safepoint: 1600 ns, Total: 75200 ns
[2025-04-02T19:50:04.434-0400][11660.666s][debug][safepoint   ] Safepoint synchronization initiated using striped semaphore wait barrier. (241 threads)
[2025-04-02T19:50:04.434-0400][11660.666s][info ][safepoint   ] Safepoint "Cleanup", Time since last: 39019887400 ns, Reaching safepoint: 57300 ns, Cleanup: 7800 ns, At safepoint: 1500 ns, Total: 66600 ns
[2025-04-02T19:50:32.277-0400][11688.509s][debug][safepoint   ] Safepoint synchronization initiated using striped semaphore wait barrier. (243 threads)
[2025-04-02T19:50:32.277-0400][11688.509s][info ][gc,start    ] GC(100) Pause Young (Normal) (G1 Evacuation Pause)
[2025-04-02T19:50:32.277-0400][11688.509s][info ][gc,task     ] GC(100) Using 23 workers of 23 for evacuation
[2025-04-02T19:50:32.280-0400][11688.512s][info ][gc,phases   ] GC(100)   Pre Evacuate Collection Set: 0.3ms
[2025-04-02T19:50:32.280-0400][11688.512s][info ][gc,phases   ] GC(100)   Merge Heap Roots: 0.1ms
[2025-04-02T19:50:32.280-0400][11688.512s][info ][gc,phases   ] GC(100)   Evacuate Collection Set: 0.9ms
[2025-04-02T19:50:32.280-0400][11688.512s][info ][gc,phases   ] GC(100)   Post Evacuate Collection Set: 1.4ms
[2025-04-02T19:50:32.280-0400][11688.512s][info ][gc,phases   ] GC(100)   Other: 0.1ms
[2025-04-02T19:50:32.280-0400][11688.512s][info ][gc,heap     ] GC(100) Eden regions: 269->0(269)
[2025-04-02T19:50:32.280-0400][11688.512s][info ][gc,heap     ] GC(100) Survivor regions: 2->2(34)
[2025-04-02T19:50:32.280-0400][11688.512s][info ][gc,heap     ] GC(100) Old regions: 184->184
[2025-04-02T19:50:32.280-0400][11688.512s][info ][gc,heap     ] GC(100) Archive regions: 0->0
[2025-04-02T19:50:32.280-0400][11688.512s][info ][gc,heap     ] GC(100) Humongous regions: 2->2
[2025-04-02T19:50:32.280-0400][11688.512s][info ][gc,metaspace] GC(100) Metaspace: 191161K(192768K)->191161K(192768K) NonClass: 168150K(168960K)->168150K(168960K) Class: 23010K(23808K)->23010K(23808K)
[2025-04-02T19:50:32.280-0400][11688.512s][info ][gc          ] GC(100) Pause Young (Normal) (G1 Evacuation Pause) 456M->187M(512M) 2.990ms
[2025-04-02T19:50:32.280-0400][11688.512s][info ][gc,cpu      ] GC(100) User=0.00s Sys=0.00s Real=0.00s
[2025-04-02T19:50:32.280-0400][11688.512s][info ][safepoint   ] Safepoint "G1CollectForAllocation", Time since last: 27843532700 ns, Reaching safepoint: 69700 ns, Cleanup: 4400 ns, At safepoint: 3086900 ns, Total: 3161000 ns
[2025-04-02T19:51:03.297-0400][11719.529s][debug][safepoint   ] Safepoint synchronization initiated using striped semaphore wait barrier. (245 threads)
[2025-04-02T19:51:03.297-0400][11719.529s][info ][safepoint   ] Safepoint "Cleanup", Time since last: 31016228800 ns, Reaching safepoint: 52900 ns, Cleanup: 20800 ns, At safepoint: 1300 ns, Total: 75000 ns
[2025-04-02T19:51:22.306-0400][11738.538s][debug][safepoint   ] Safepoint synchronization initiated using striped semaphore wait barrier. (243 threads)
[2025-04-02T19:51:22.306-0400][11738.538s][info ][safepoint   ] Safepoint "Cleanup", Time since last: 19009135700 ns, Reaching safepoint: 58200 ns, Cleanup: 8100 ns, At safepoint: 1200 ns, Total: 67500 ns
[2025-04-02T19:51:27.308-0400][11743.540s][debug][safepoint   ] Safepoint synchronization initiated using striped semaphore wait barrier. (245 threads)
[2025-04-02T19:51:27.308-0400][11743.540s][info ][safepoint   ] Safepoint "Cleanup", Time since last: 5001834700 ns, Reaching safepoint: 54200 ns, Cleanup: 28300 ns, At safepoint: 2700 ns, Total: 85200 ns
[2025-04-02T19:51:58.866-0400][11775.098s][debug][safepoint   ] Safepoint synchronization initiated using striped semaphore wait barrier. (243 threads)
[2025-04-02T19:51:58.866-0400][11775.098s][info ][gc,start    ] GC(101) Pause Young (Normal) (G1 Evacuation Pause)
[2025-04-02T19:51:58.866-0400][11775.098s][info ][gc,task     ] GC(101) Using 23 workers of 23 for evacuation
[2025-04-02T19:51:58.871-0400][11775.103s][info ][gc,phases   ] GC(101)   Pre Evacuate Collection Set: 0.1ms
[2025-04-02T19:51:58.871-0400][11775.103s][info ][gc,phases   ] GC(101)   Merge Heap Roots: 0.1ms
[2025-04-02T19:51:58.871-0400][11775.103s][info ][gc,phases   ] GC(101)   Evacuate Collection Set: 1.6ms
[2025-04-02T19:51:58.871-0400][11775.103s][info ][gc,phases   ] GC(101)   Post Evacuate Collection Set: 3.1ms
[2025-04-02T19:51:58.871-0400][11775.103s][info ][gc,phases   ] GC(101)   Other: 0.1ms
[2025-04-02T19:51:58.871-0400][11775.103s][info ][gc,heap     ] GC(101) Eden regions: 269->0(269)
[2025-04-02T19:51:58.871-0400][11775.103s][info ][gc,heap     ] GC(101) Survivor regions: 2->2(34)
[2025-04-02T19:51:58.871-0400][11775.103s][info ][gc,heap     ] GC(101) Old regions: 184->184
[2025-04-02T19:51:58.871-0400][11775.103s][info ][gc,heap     ] GC(101) Archive regions: 0->0
[2025-04-02T19:51:58.871-0400][11775.103s][info ][gc,heap     ] GC(101) Humongous regions: 2->2
[2025-04-02T19:51:58.871-0400][11775.103s][info ][gc,metaspace] GC(101) Metaspace: 191345K(192960K)->191345K(192960K) NonClass: 168327K(169152K)->168327K(169152K) Class: 23018K(23808K)->23018K(23808K)
[2025-04-02T19:51:58.871-0400][11775.103s][info ][gc          ] GC(101) Pause Young (Normal) (G1 Evacuation Pause) 456M->187M(512M) 5.070ms
[2025-04-02T19:51:58.871-0400][11775.104s][info ][gc,cpu      ] GC(101) User=0.00s Sys=0.00s Real=0.01s
[2025-04-02T19:51:58.871-0400][11775.104s][info ][safepoint   ] Safepoint "G1CollectForAllocation", Time since last: 31558512500 ns, Reaching safepoint: 52500 ns, Cleanup: 2300 ns, At safepoint: 5146200 ns, Total: 5201000 ns
[2025-04-02T19:55:43.766-0400][11999.998s][debug][safepoint   ] Safepoint synchronization initiated using striped semaphore wait barrier. (242 threads)
[2025-04-02T19:55:43.766-0400][11999.998s][info ][gc,start    ] GC(102) Pause Young (Normal) (G1 Evacuation Pause)
[2025-04-02T19:55:43.766-0400][11999.998s][info ][gc,task     ] GC(102) Using 23 workers of 23 for evacuation
[2025-04-02T19:55:43.768-0400][12000.001s][info ][gc,phases   ] GC(102)   Pre Evacuate Collection Set: 0.3ms
[2025-04-02T19:55:43.768-0400][12000.001s][info ][gc,phases   ] GC(102)   Merge Heap Roots: 0.1ms
[2025-04-02T19:55:43.768-0400][12000.001s][info ][gc,phases   ] GC(102)   Evacuate Collection Set: 1.3ms
[2025-04-02T19:55:43.768-0400][12000.001s][info ][gc,phases   ] GC(102)   Post Evacuate Collection Set: 0.9ms
[2025-04-02T19:55:43.768-0400][12000.001s][info ][gc,phases   ] GC(102)   Other: 0.1ms
[2025-04-02T19:55:43.768-0400][12000.001s][info ][gc,heap     ] GC(102) Eden regions: 269->0(269)
[2025-04-02T19:55:43.768-0400][12000.001s][info ][gc,heap     ] GC(102) Survivor regions: 2->2(34)
[2025-04-02T19:55:43.768-0400][12000.001s][info ][gc,heap     ] GC(102) Old regions: 184->184
[2025-04-02T19:55:43.769-0400][12000.001s][info ][gc,heap     ] GC(102) Archive regions: 0->0
[2025-04-02T19:55:43.769-0400][12000.001s][info ][gc,heap     ] GC(102) Humongous regions: 2->2
[2025-04-02T19:55:43.769-0400][12000.001s][info ][gc,metaspace] GC(102) Metaspace: 191346K(192960K)->191346K(192960K) NonClass: 168327K(169152K)->168327K(169152K) Class: 23018K(23808K)->23018K(23808K)
[2025-04-02T19:55:43.769-0400][12000.001s][info ][gc          ] GC(102) Pause Young (Normal) (G1 Evacuation Pause) 456M->187M(512M) 2.799ms
[2025-04-02T19:55:43.769-0400][12000.001s][info ][gc,cpu      ] GC(102) User=0.06s Sys=0.00s Real=0.00s
[2025-04-02T19:55:43.769-0400][12000.001s][info ][safepoint   ] Safepoint "G1CollectForAllocation", Time since last: 224894203900 ns, Reaching safepoint: 68100 ns, Cleanup: 2400 ns, At safepoint: 2886000 ns, Total: 2956500 ns
[2025-04-02T19:56:04.782-0400][12021.015s][debug][safepoint   ] Safepoint synchronization initiated using striped semaphore wait barrier. (242 threads)
[2025-04-02T19:56:04.782-0400][12021.015s][info ][safepoint   ] Safepoint "Cleanup", Time since last: 21013991200 ns, Reaching safepoint: 80500 ns, Cleanup: 10900 ns, At safepoint: 2000 ns, Total: 93400 ns
[2025-04-02T19:58:14.275-0400][12150.507s][debug][safepoint   ] Safepoint synchronization initiated using striped semaphore wait barrier. (242 threads)
[2025-04-02T19:58:14.275-0400][12150.507s][info ][safepoint   ] Safepoint "Cleanup", Time since last: 129492112400 ns, Reaching safepoint: 117200 ns, Cleanup: 7500 ns, At safepoint: 1300 ns, Total: 126000 ns
[2025-04-02T19:59:30.629-0400][12226.861s][debug][safepoint   ] Safepoint synchronization initiated using striped semaphore wait barrier. (241 threads)
[2025-04-02T19:59:30.629-0400][12226.861s][info ][gc,start    ] GC(103) Pause Young (Normal) (G1 Evacuation Pause)
[2025-04-02T19:59:30.629-0400][12226.861s][info ][gc,task     ] GC(103) Using 23 workers of 23 for evacuation
[2025-04-02T19:59:30.632-0400][12226.865s][info ][gc,phases   ] GC(103)   Pre Evacuate Collection Set: 0.1ms
[2025-04-02T19:59:30.632-0400][12226.865s][info ][gc,phases   ] GC(103)   Merge Heap Roots: 0.1ms
[2025-04-02T19:59:30.632-0400][12226.865s][info ][gc,phases   ] GC(103)   Evacuate Collection Set: 1.6ms
[2025-04-02T19:59:30.632-0400][12226.865s][info ][gc,phases   ] GC(103)   Post Evacuate Collection Set: 1.5ms
[2025-04-02T19:59:30.632-0400][12226.865s][info ][gc,phases   ] GC(103)   Other: 0.1ms
[2025-04-02T19:59:30.632-0400][12226.865s][info ][gc,heap     ] GC(103) Eden regions: 269->0(269)
[2025-04-02T19:59:30.632-0400][12226.865s][info ][gc,heap     ] GC(103) Survivor regions: 2->2(34)
[2025-04-02T19:59:30.632-0400][12226.865s][info ][gc,heap     ] GC(103) Old regions: 184->184
[2025-04-02T19:59:30.632-0400][12226.865s][info ][gc,heap     ] GC(103) Archive regions: 0->0
[2025-04-02T19:59:30.632-0400][12226.865s][info ][gc,heap     ] GC(103) Humongous regions: 2->2
[2025-04-02T19:59:30.632-0400][12226.865s][info ][gc,metaspace] GC(103) Metaspace: 191346K(192960K)->191346K(192960K) NonClass: 168327K(169152K)->168327K(169152K) Class: 23018K(23808K)->23018K(23808K)
[2025-04-02T19:59:30.632-0400][12226.865s][info ][gc          ] GC(103) Pause Young (Normal) (G1 Evacuation Pause) 456M->187M(512M) 3.559ms
[2025-04-02T19:59:30.632-0400][12226.865s][info ][gc,cpu      ] GC(103) User=0.00s Sys=0.00s Real=0.00s
[2025-04-02T19:59:30.632-0400][12226.865s][info ][safepoint   ] Safepoint "G1CollectForAllocation", Time since last: 76354040500 ns, Reaching safepoint: 57600 ns, Cleanup: 7500 ns, At safepoint: 3637400 ns, Total: 3702500 ns
[2025-04-02T20:01:14.829-0400][12331.061s][debug][safepoint   ] Safepoint synchronization initiated using striped semaphore wait barrier. (241 threads)
[2025-04-02T20:01:14.829-0400][12331.061s][info ][safepoint   ] Safepoint "Cleanup", Time since last: 104196283100 ns, Reaching safepoint: 65100 ns, Cleanup: 7200 ns, At safepoint: 3100 ns, Total: 75400 ns
[2025-04-02T20:02:21.962-0400][12398.194s][debug][safepoint   ] Safepoint synchronization initiated using striped semaphore wait barrier. (244 threads)
[2025-04-02T20:02:21.962-0400][12398.194s][info ][safepoint   ] Safepoint "Cleanup", Time since last: 67133157000 ns, Reaching safepoint: 171200 ns, Cleanup: 8200 ns, At safepoint: 1500 ns, Total: 180900 ns
[2025-04-02T20:02:34.968-0400][12411.200s][debug][safepoint   ] Safepoint synchronization initiated using striped semaphore wait barrier. (243 threads)
[2025-04-02T20:02:34.968-0400][12411.200s][info ][safepoint   ] Safepoint "Cleanup", Time since last: 13005597100 ns, Reaching safepoint: 147600 ns, Cleanup: 7500 ns, At safepoint: 1300 ns, Total: 156400 ns
[2025-04-02T20:03:13.845-0400][12450.077s][debug][safepoint   ] Safepoint synchronization initiated using striped semaphore wait barrier. (242 threads)
[2025-04-02T20:03:13.845-0400][12450.077s][info ][gc,start    ] GC(104) Pause Young (Normal) (G1 Evacuation Pause)
[2025-04-02T20:03:13.845-0400][12450.077s][info ][gc,task     ] GC(104) Using 23 workers of 23 for evacuation
[2025-04-02T20:03:13.849-0400][12450.081s][info ][gc,phases   ] GC(104)   Pre Evacuate Collection Set: 0.1ms
[2025-04-02T20:03:13.849-0400][12450.081s][info ][gc,phases   ] GC(104)   Merge Heap Roots: 0.1ms
[2025-04-02T20:03:13.849-0400][12450.081s][info ][gc,phases   ] GC(104)   Evacuate Collection Set: 2.1ms
[2025-04-02T20:03:13.849-0400][12450.081s][info ][gc,phases   ] GC(104)   Post Evacuate Collection Set: 1.6ms
[2025-04-02T20:03:13.849-0400][12450.081s][info ][gc,phases   ] GC(104)   Other: 0.1ms
[2025-04-02T20:03:13.849-0400][12450.081s][info ][gc,heap     ] GC(104) Eden regions: 269->0(269)
[2025-04-02T20:03:13.849-0400][12450.081s][info ][gc,heap     ] GC(104) Survivor regions: 2->2(34)
[2025-04-02T20:03:13.849-0400][12450.081s][info ][gc,heap     ] GC(104) Old regions: 184->184
[2025-04-02T20:03:13.849-0400][12450.081s][info ][gc,heap     ] GC(104) Archive regions: 0->0
[2025-04-02T20:03:13.849-0400][12450.081s][info ][gc,heap     ] GC(104) Humongous regions: 2->2
[2025-04-02T20:03:13.849-0400][12450.081s][info ][gc,metaspace] GC(104) Metaspace: 191360K(192960K)->191360K(192960K) NonClass: 168342K(169152K)->168342K(169152K) Class: 23018K(23808K)->23018K(23808K)
[2025-04-02T20:03:13.849-0400][12450.081s][info ][gc          ] GC(104) Pause Young (Normal) (G1 Evacuation Pause) 456M->187M(512M) 4.096ms
[2025-04-02T20:03:13.849-0400][12450.081s][info ][gc,cpu      ] GC(104) User=0.02s Sys=0.00s Real=0.00s
[2025-04-02T20:03:13.849-0400][12450.081s][info ][safepoint   ] Safepoint "G1CollectForAllocation", Time since last: 38876924700 ns, Reaching safepoint: 48300 ns, Cleanup: 2299 ns, At safepoint: 4170301 ns, Total: 4220900 ns
[2025-04-02T20:03:42.864-0400][12479.096s][debug][safepoint   ] Safepoint synchronization initiated using striped semaphore wait barrier. (244 threads)
[2025-04-02T20:03:42.864-0400][12479.096s][info ][safepoint   ] Safepoint "Cleanup", Time since last: 29014503200 ns, Reaching safepoint: 73199 ns, Cleanup: 5300 ns, At safepoint: 1301 ns, Total: 79800 ns
[2025-04-02T20:03:49.867-0400][12486.099s][debug][safepoint   ] Safepoint synchronization initiated using striped semaphore wait barrier. (244 threads)
[2025-04-02T20:03:49.867-0400][12486.099s][info ][safepoint   ] Safepoint "Cleanup", Time since last: 7003164899 ns, Reaching safepoint: 71901 ns, Cleanup: 6500 ns, At safepoint: 1500 ns, Total: 79901 ns
[2025-04-02T20:05:03.907-0400][12560.139s][debug][safepoint   ] Safepoint synchronization initiated using striped semaphore wait barrier. (242 threads)
[2025-04-02T20:05:03.907-0400][12560.139s][info ][safepoint   ] Safepoint "Cleanup", Time since last: 74039526800 ns, Reaching safepoint: 151800 ns, Cleanup: 6200 ns, At safepoint: 1200 ns, Total: 159200 ns
[2025-04-02T20:06:56.370-0400][12672.602s][debug][safepoint   ] Safepoint synchronization initiated using striped semaphore wait barrier. (242 threads)
[2025-04-02T20:06:56.370-0400][12672.602s][info ][gc,start    ] GC(105) Pause Young (Normal) (G1 Evacuation Pause)
[2025-04-02T20:06:56.370-0400][12672.602s][info ][gc,task     ] GC(105) Using 23 workers of 23 for evacuation
[2025-04-02T20:06:56.373-0400][12672.605s][info ][gc,phases   ] GC(105)   Pre Evacuate Collection Set: 0.3ms
[2025-04-02T20:06:56.373-0400][12672.605s][info ][gc,phases   ] GC(105)   Merge Heap Roots: 0.1ms
[2025-04-02T20:06:56.373-0400][12672.605s][info ][gc,phases   ] GC(105)   Evacuate Collection Set: 1.3ms
[2025-04-02T20:06:56.373-0400][12672.605s][info ][gc,phases   ] GC(105)   Post Evacuate Collection Set: 0.9ms
[2025-04-02T20:06:56.373-0400][12672.605s][info ][gc,phases   ] GC(105)   Other: 0.1ms
[2025-04-02T20:06:56.373-0400][12672.605s][info ][gc,heap     ] GC(105) Eden regions: 269->0(269)
[2025-04-02T20:06:56.373-0400][12672.605s][info ][gc,heap     ] GC(105) Survivor regions: 2->2(34)
[2025-04-02T20:06:56.373-0400][12672.605s][info ][gc,heap     ] GC(105) Old regions: 184->184
[2025-04-02T20:06:56.373-0400][12672.605s][info ][gc,heap     ] GC(105) Archive regions: 0->0
[2025-04-02T20:06:56.373-0400][12672.605s][info ][gc,heap     ] GC(105) Humongous regions: 2->2
[2025-04-02T20:06:56.373-0400][12672.605s][info ][gc,metaspace] GC(105) Metaspace: 191383K(192960K)->191383K(192960K) NonClass: 168365K(169152K)->168365K(169152K) Class: 23018K(23808K)->23018K(23808K)
[2025-04-02T20:06:56.373-0400][12672.605s][info ][gc          ] GC(105) Pause Young (Normal) (G1 Evacuation Pause) 456M->187M(512M) 2.825ms
[2025-04-02T20:06:56.373-0400][12672.605s][info ][gc,cpu      ] GC(105) User=0.00s Sys=0.00s Real=0.00s
[2025-04-02T20:06:56.373-0400][12672.605s][info ][safepoint   ] Safepoint "G1CollectForAllocation", Time since last: 112463395499 ns, Reaching safepoint: 63101 ns, Cleanup: 3400 ns, At safepoint: 2931700 ns, Total: 2998201 ns
[2025-04-02T20:08:04.409-0400][12740.641s][debug][safepoint   ] Safepoint synchronization initiated using striped semaphore wait barrier. (241 threads)
[2025-04-02T20:08:04.409-0400][12740.641s][info ][safepoint   ] Safepoint "Cleanup", Time since last: 68035963100 ns, Reaching safepoint: 45100 ns, Cleanup: 7900 ns, At safepoint: 5900 ns, Total: 58900 ns
[2025-04-02T20:08:14.414-0400][12750.646s][debug][safepoint   ] Safepoint synchronization initiated using striped semaphore wait barrier. (240 threads)
[2025-04-02T20:08:14.414-0400][12750.647s][info ][safepoint   ] Safepoint "Cleanup", Time since last: 10005111100 ns, Reaching safepoint: 132100 ns, Cleanup: 6900 ns, At safepoint: 1600 ns, Total: 140600 ns
[2025-04-02T20:09:14.790-0400][12811.022s][debug][safepoint   ] Safepoint synchronization initiated using striped semaphore wait barrier. (241 threads)
[2025-04-02T20:09:14.790-0400][12811.022s][info ][safepoint   ] Safepoint "Cleanup", Time since last: 60375425600 ns, Reaching safepoint: 56900 ns, Cleanup: 9200 ns, At safepoint: 1800 ns, Total: 67900 ns
[2025-04-02T20:10:14.818-0400][12871.050s][debug][safepoint   ] Safepoint synchronization initiated using striped semaphore wait barrier. (241 threads)
[2025-04-02T20:10:14.818-0400][12871.050s][info ][safepoint   ] Safepoint "Cleanup", Time since last: 60028185700 ns, Reaching safepoint: 62199 ns, Cleanup: 12101 ns, At safepoint: 4700 ns, Total: 79000 ns
[2025-04-02T20:10:43.576-0400][12899.808s][debug][safepoint   ] Safepoint synchronization initiated using striped semaphore wait barrier. (241 threads)
[2025-04-02T20:10:43.576-0400][12899.808s][info ][gc,start    ] GC(106) Pause Young (Normal) (G1 Evacuation Pause)
[2025-04-02T20:10:43.576-0400][12899.808s][info ][gc,task     ] GC(106) Using 23 workers of 23 for evacuation
[2025-04-02T20:10:43.579-0400][12899.811s][info ][gc,phases   ] GC(106)   Pre Evacuate Collection Set: 0.1ms
[2025-04-02T20:10:43.579-0400][12899.811s][info ][gc,phases   ] GC(106)   Merge Heap Roots: 0.1ms
[2025-04-02T20:10:43.579-0400][12899.811s][info ][gc,phases   ] GC(106)   Evacuate Collection Set: 1.9ms
[2025-04-02T20:10:43.579-0400][12899.811s][info ][gc,phases   ] GC(106)   Post Evacuate Collection Set: 1.1ms
[2025-04-02T20:10:43.579-0400][12899.811s][info ][gc,phases   ] GC(106)   Other: 0.1ms
[2025-04-02T20:10:43.579-0400][12899.811s][info ][gc,heap     ] GC(106) Eden regions: 269->0(269)
[2025-04-02T20:10:43.579-0400][12899.811s][info ][gc,heap     ] GC(106) Survivor regions: 2->2(34)
[2025-04-02T20:10:43.579-0400][12899.811s][info ][gc,heap     ] GC(106) Old regions: 184->184
[2025-04-02T20:10:43.579-0400][12899.811s][info ][gc,heap     ] GC(106) Archive regions: 0->0
[2025-04-02T20:10:43.579-0400][12899.811s][info ][gc,heap     ] GC(106) Humongous regions: 2->2
[2025-04-02T20:10:43.579-0400][12899.811s][info ][gc,metaspace] GC(106) Metaspace: 191383K(192960K)->191383K(192960K) NonClass: 168365K(169152K)->168365K(169152K) Class: 23018K(23808K)->23018K(23808K)
[2025-04-02T20:10:43.579-0400][12899.811s][info ][gc          ] GC(106) Pause Young (Normal) (G1 Evacuation Pause) 456M->187M(512M) 3.332ms
[2025-04-02T20:10:43.579-0400][12899.811s][info ][gc,cpu      ] GC(106) User=0.00s Sys=0.00s Real=0.00s
[2025-04-02T20:10:43.579-0400][12899.811s][info ][safepoint   ] Safepoint "G1CollectForAllocation", Time since last: 28757583000 ns, Reaching safepoint: 61699 ns, Cleanup: 2501 ns, At safepoint: 3409400 ns, Total: 3473600 ns
[2025-04-02T20:11:48.077-0400][12964.309s][debug][safepoint   ] Safepoint synchronization initiated using striped semaphore wait barrier. (242 threads)
[2025-04-02T20:11:48.077-0400][12964.309s][info ][safepoint   ] Safepoint "Cleanup", Time since last: 64497566400 ns, Reaching safepoint: 58400 ns, Cleanup: 7400 ns, At safepoint: 1500 ns, Total: 67300 ns
[2025-04-02T20:14:12.446-0400][13108.678s][debug][safepoint   ] Safepoint synchronization initiated using striped semaphore wait barrier. (240 threads)
[2025-04-02T20:14:12.446-0400][13108.678s][info ][safepoint   ] Safepoint "Cleanup", Time since last: 144368791400 ns, Reaching safepoint: 53299 ns, Cleanup: 7901 ns, At safepoint: 1500 ns, Total: 62700 ns
[2025-04-02T20:14:28.959-0400][13125.191s][debug][safepoint   ] Safepoint synchronization initiated using striped semaphore wait barrier. (241 threads)
[2025-04-02T20:14:28.959-0400][13125.191s][info ][gc,start    ] GC(107) Pause Young (Normal) (G1 Evacuation Pause)
[2025-04-02T20:14:28.959-0400][13125.191s][info ][gc,task     ] GC(107) Using 23 workers of 23 for evacuation
[2025-04-02T20:14:28.962-0400][13125.194s][info ][gc,phases   ] GC(107)   Pre Evacuate Collection Set: 0.2ms
[2025-04-02T20:14:28.962-0400][13125.194s][info ][gc,phases   ] GC(107)   Merge Heap Roots: 0.2ms
[2025-04-02T20:14:28.962-0400][13125.194s][info ][gc,phases   ] GC(107)   Evacuate Collection Set: 1.6ms
[2025-04-02T20:14:28.962-0400][13125.194s][info ][gc,phases   ] GC(107)   Post Evacuate Collection Set: 1.0ms
[2025-04-02T20:14:28.962-0400][13125.194s][info ][gc,phases   ] GC(107)   Other: 0.1ms
[2025-04-02T20:14:28.962-0400][13125.194s][info ][gc,heap     ] GC(107) Eden regions: 269->0(269)
[2025-04-02T20:14:28.962-0400][13125.194s][info ][gc,heap     ] GC(107) Survivor regions: 2->2(34)
[2025-04-02T20:14:28.962-0400][13125.194s][info ][gc,heap     ] GC(107) Old regions: 184->184
[2025-04-02T20:14:28.962-0400][13125.194s][info ][gc,heap     ] GC(107) Archive regions: 0->0
[2025-04-02T20:14:28.962-0400][13125.194s][info ][gc,heap     ] GC(107) Humongous regions: 2->2
[2025-04-02T20:14:28.962-0400][13125.194s][info ][gc,metaspace] GC(107) Metaspace: 191383K(192960K)->191383K(192960K) NonClass: 168365K(169152K)->168365K(169152K) Class: 23018K(23808K)->23018K(23808K)
[2025-04-02T20:14:28.962-0400][13125.194s][info ][gc          ] GC(107) Pause Young (Normal) (G1 Evacuation Pause) 456M->187M(512M) 3.067ms
[2025-04-02T20:14:28.962-0400][13125.194s][info ][gc,cpu      ] GC(107) User=0.00s Sys=0.00s Real=0.00s
[2025-04-02T20:14:28.962-0400][13125.194s][info ][safepoint   ] Safepoint "G1CollectForAllocation", Time since last: 16512933700 ns, Reaching safepoint: 39200 ns, Cleanup: 2300 ns, At safepoint: 3253399 ns, Total: 3294899 ns
[2025-04-02T20:17:33.845-0400][13310.077s][debug][safepoint   ] Safepoint synchronization initiated using striped semaphore wait barrier. (241 threads)
[2025-04-02T20:17:33.845-0400][13310.077s][info ][safepoint   ] Safepoint "Cleanup", Time since last: 184882606100 ns, Reaching safepoint: 94701 ns, Cleanup: 8899 ns, At safepoint: 2101 ns, Total: 105701 ns
[2025-04-02T20:18:13.975-0400][13350.207s][debug][safepoint   ] Safepoint synchronization initiated using striped semaphore wait barrier. (240 threads)
[2025-04-02T20:18:13.975-0400][13350.207s][info ][safepoint   ] Safepoint "Cleanup", Time since last: 40130566600 ns, Reaching safepoint: 100900 ns, Cleanup: 8500 ns, At safepoint: 1500 ns, Total: 110900 ns
[2025-04-02T20:18:14.812-0400][13351.044s][debug][safepoint   ] Safepoint synchronization initiated using striped semaphore wait barrier. (240 threads)
[2025-04-02T20:18:14.812-0400][13351.045s][info ][gc,start    ] GC(108) Pause Young (Normal) (G1 Evacuation Pause)
[2025-04-02T20:18:14.812-0400][13351.045s][info ][gc,task     ] GC(108) Using 23 workers of 23 for evacuation
[2025-04-02T20:18:14.816-0400][13351.048s][info ][gc,phases   ] GC(108)   Pre Evacuate Collection Set: 0.2ms
[2025-04-02T20:18:14.816-0400][13351.048s][info ][gc,phases   ] GC(108)   Merge Heap Roots: 0.1ms
[2025-04-02T20:18:14.816-0400][13351.048s][info ][gc,phases   ] GC(108)   Evacuate Collection Set: 1.7ms
[2025-04-02T20:18:14.816-0400][13351.048s][info ][gc,phases   ] GC(108)   Post Evacuate Collection Set: 1.3ms
[2025-04-02T20:18:14.816-0400][13351.048s][info ][gc,phases   ] GC(108)   Other: 0.1ms
[2025-04-02T20:18:14.816-0400][13351.048s][info ][gc,heap     ] GC(108) Eden regions: 269->0(269)
[2025-04-02T20:18:14.816-0400][13351.048s][info ][gc,heap     ] GC(108) Survivor regions: 2->2(34)
[2025-04-02T20:18:14.816-0400][13351.048s][info ][gc,heap     ] GC(108) Old regions: 184->184
[2025-04-02T20:18:14.816-0400][13351.048s][info ][gc,heap     ] GC(108) Archive regions: 0->0
[2025-04-02T20:18:14.816-0400][13351.048s][info ][gc,heap     ] GC(108) Humongous regions: 2->2
[2025-04-02T20:18:14.816-0400][13351.048s][info ][gc,metaspace] GC(108) Metaspace: 191383K(192960K)->191383K(192960K) NonClass: 168365K(169152K)->168365K(169152K) Class: 23018K(23808K)->23018K(23808K)
[2025-04-02T20:18:14.816-0400][13351.048s][info ][gc          ] GC(108) Pause Young (Normal) (G1 Evacuation Pause) 456M->187M(512M) 3.386ms
[2025-04-02T20:18:14.816-0400][13351.048s][info ][gc,cpu      ] GC(108) User=0.05s Sys=0.00s Real=0.00s
[2025-04-02T20:18:14.816-0400][13351.048s][info ][safepoint   ] Safepoint "G1CollectForAllocation", Time since last: 837028399 ns, Reaching safepoint: 58401 ns, Cleanup: 2100 ns, At safepoint: 3465600 ns, Total: 3526101 ns
[2025-04-02T20:20:30.239-0400][13486.471s][debug][safepoint   ] Safepoint synchronization initiated using striped semaphore wait barrier. (242 threads)
[2025-04-02T20:20:30.239-0400][13486.471s][info ][safepoint   ] Safepoint "Cleanup", Time since last: 135422886900 ns, Reaching safepoint: 140900 ns, Cleanup: 9800 ns, At safepoint: 1500 ns, Total: 152200 ns
[2025-04-02T20:22:00.283-0400][13576.516s][debug][safepoint   ] Safepoint synchronization initiated using striped semaphore wait barrier. (241 threads)
[2025-04-02T20:22:00.283-0400][13576.516s][info ][gc,start    ] GC(109) Pause Young (Normal) (G1 Evacuation Pause)
[2025-04-02T20:22:00.283-0400][13576.516s][info ][gc,task     ] GC(109) Using 23 workers of 23 for evacuation
[2025-04-02T20:22:00.287-0400][13576.519s][info ][gc,phases   ] GC(109)   Pre Evacuate Collection Set: 0.1ms
[2025-04-02T20:22:00.287-0400][13576.519s][info ][gc,phases   ] GC(109)   Merge Heap Roots: 0.1ms
[2025-04-02T20:22:00.287-0400][13576.519s][info ][gc,phases   ] GC(109)   Evacuate Collection Set: 1.7ms
[2025-04-02T20:22:00.287-0400][13576.519s][info ][gc,phases   ] GC(109)   Post Evacuate Collection Set: 1.4ms
[2025-04-02T20:22:00.287-0400][13576.519s][info ][gc,phases   ] GC(109)   Other: 0.1ms
[2025-04-02T20:22:00.287-0400][13576.519s][info ][gc,heap     ] GC(109) Eden regions: 269->0(268)
[2025-04-02T20:22:00.287-0400][13576.519s][info ][gc,heap     ] GC(109) Survivor regions: 2->2(34)
[2025-04-02T20:22:00.287-0400][13576.519s][info ][gc,heap     ] GC(109) Old regions: 184->185
[2025-04-02T20:22:00.287-0400][13576.519s][info ][gc,heap     ] GC(109) Archive regions: 0->0
[2025-04-02T20:22:00.287-0400][13576.519s][info ][gc,heap     ] GC(109) Humongous regions: 2->2
[2025-04-02T20:22:00.287-0400][13576.519s][info ][gc,metaspace] GC(109) Metaspace: 191383K(192960K)->191383K(192960K) NonClass: 168365K(169152K)->168365K(169152K) Class: 23018K(23808K)->23018K(23808K)
[2025-04-02T20:22:00.287-0400][13576.519s][info ][gc          ] GC(109) Pause Young (Normal) (G1 Evacuation Pause) 456M->187M(512M) 3.452ms
[2025-04-02T20:22:00.287-0400][13576.519s][info ][gc,cpu      ] GC(109) User=0.00s Sys=0.00s Real=0.00s
[2025-04-02T20:22:00.287-0400][13576.519s][info ][safepoint   ] Safepoint "G1CollectForAllocation", Time since last: 90044659800 ns, Reaching safepoint: 80200 ns, Cleanup: 3000 ns, At safepoint: 3524600 ns, Total: 3607800 ns
[2025-04-02T20:22:01.288-0400][13577.520s][debug][safepoint   ] Safepoint synchronization initiated using striped semaphore wait barrier. (241 threads)
[2025-04-02T20:22:01.288-0400][13577.520s][info ][safepoint   ] Safepoint "Cleanup", Time since last: 1000895099 ns, Reaching safepoint: 81001 ns, Cleanup: 11000 ns, At safepoint: 1700 ns, Total: 93701 ns
[2025-04-02T20:22:26.502-0400][13602.734s][debug][safepoint   ] Safepoint synchronization initiated using striped semaphore wait barrier. (243 threads)
[2025-04-02T20:22:26.502-0400][13602.734s][info ][safepoint   ] Safepoint "Cleanup", Time since last: 25213471100 ns, Reaching safepoint: 81200 ns, Cleanup: 14699 ns, At safepoint: 5601 ns, Total: 101500 ns
[2025-04-02T20:22:28.502-0400][13604.734s][debug][safepoint   ] Safepoint synchronization initiated using striped semaphore wait barrier. (266 threads)
[2025-04-02T20:22:28.502-0400][13604.734s][info ][safepoint   ] Safepoint "Cleanup", Time since last: 2000197600 ns, Reaching safepoint: 79300 ns, Cleanup: 37700 ns, At safepoint: 5600 ns, Total: 122600 ns
[2025-04-02T20:23:28.609-0400][13664.841s][debug][safepoint   ] Safepoint synchronization initiated using striped semaphore wait barrier. (260 threads)
[2025-04-02T20:23:28.609-0400][13664.841s][info ][safepoint   ] Safepoint "Cleanup", Time since last: 60107190400 ns, Reaching safepoint: 55900 ns, Cleanup: 8900 ns, At safepoint: 1800 ns, Total: 66600 ns
[2025-04-02T20:23:59.624-0400][13695.856s][debug][safepoint   ] Safepoint synchronization initiated using striped semaphore wait barrier. (260 threads)
[2025-04-02T20:23:59.624-0400][13695.856s][info ][safepoint   ] Safepoint "Cleanup", Time since last: 31014493300 ns, Reaching safepoint: 98200 ns, Cleanup: 7500 ns, At safepoint: 1800 ns, Total: 107500 ns
[2025-04-02T20:24:28.729-0400][13724.961s][debug][safepoint   ] Safepoint synchronization initiated using striped semaphore wait barrier. (260 threads)
[2025-04-02T20:24:28.729-0400][13724.961s][info ][safepoint   ] Safepoint "Cleanup", Time since last: 29104787100 ns, Reaching safepoint: 47400 ns, Cleanup: 10200 ns, At safepoint: 2900 ns, Total: 60500 ns
[2025-04-02T20:25:14.838-0400][13771.070s][debug][safepoint   ] Safepoint synchronization initiated using striped semaphore wait barrier. (261 threads)
[2025-04-02T20:25:14.838-0400][13771.070s][info ][safepoint   ] Safepoint "Cleanup", Time since last: 46108786000 ns, Reaching safepoint: 50400 ns, Cleanup: 6500 ns, At safepoint: 1600 ns, Total: 58500 ns
[2025-04-02T20:25:28.004-0400][13784.236s][debug][safepoint   ] Safepoint synchronization initiated using striped semaphore wait barrier. (260 threads)
[2025-04-02T20:25:28.004-0400][13784.236s][info ][gc,start    ] GC(110) Pause Young (Normal) (G1 Evacuation Pause)
[2025-04-02T20:25:28.004-0400][13784.236s][info ][gc,task     ] GC(110) Using 23 workers of 23 for evacuation
[2025-04-02T20:25:28.006-0400][13784.239s][info ][gc,phases   ] GC(110)   Pre Evacuate Collection Set: 0.1ms
[2025-04-02T20:25:28.007-0400][13784.239s][info ][gc,phases   ] GC(110)   Merge Heap Roots: 0.2ms
[2025-04-02T20:25:28.007-0400][13784.239s][info ][gc,phases   ] GC(110)   Evacuate Collection Set: 1.2ms
[2025-04-02T20:25:28.007-0400][13784.239s][info ][gc,phases   ] GC(110)   Post Evacuate Collection Set: 1.2ms
[2025-04-02T20:25:28.007-0400][13784.239s][info ][gc,phases   ] GC(110)   Other: 0.1ms
[2025-04-02T20:25:28.007-0400][13784.239s][info ][gc,heap     ] GC(110) Eden regions: 268->0(268)
[2025-04-02T20:25:28.007-0400][13784.239s][info ][gc,heap     ] GC(110) Survivor regions: 2->2(34)
[2025-04-02T20:25:28.007-0400][13784.239s][info ][gc,heap     ] GC(110) Old regions: 185->185
[2025-04-02T20:25:28.007-0400][13784.239s][info ][gc,heap     ] GC(110) Archive regions: 0->0
[2025-04-02T20:25:28.007-0400][13784.239s][info ][gc,heap     ] GC(110) Humongous regions: 2->2
[2025-04-02T20:25:28.007-0400][13784.239s][info ][gc,metaspace] GC(110) Metaspace: 191538K(193152K)->191538K(193152K) NonClass: 168512K(169344K)->168512K(169344K) Class: 23025K(23808K)->23025K(23808K)
[2025-04-02T20:25:28.007-0400][13784.239s][info ][gc          ] GC(110) Pause Young (Normal) (G1 Evacuation Pause) 455M->187M(512M) 3.234ms
[2025-04-02T20:25:28.007-0400][13784.239s][info ][gc,cpu      ] GC(110) User=0.00s Sys=0.00s Real=0.00s
[2025-04-02T20:25:28.007-0400][13784.239s][info ][safepoint   ] Safepoint "G1CollectForAllocation", Time since last: 13166252000 ns, Reaching safepoint: 42700 ns, Cleanup: 3000 ns, At safepoint: 3309300 ns, Total: 3355000 ns
[2025-04-02T20:26:38.043-0400][13854.275s][debug][safepoint   ] Safepoint synchronization initiated using striped semaphore wait barrier. (263 threads)
[2025-04-02T20:26:38.043-0400][13854.275s][info ][safepoint   ] Safepoint "Cleanup", Time since last: 70035665700 ns, Reaching safepoint: 44300 ns, Cleanup: 44100 ns, At safepoint: 2100 ns, Total: 90500 ns
[2025-04-02T20:26:38.398-0400][13854.630s][debug][safepoint   ] Safepoint synchronization initiated using striped semaphore wait barrier. (264 threads)
[2025-04-02T20:26:38.398-0400][13854.630s][info ][gc,start    ] GC(111) Pause Young (Normal) (G1 Evacuation Pause)
[2025-04-02T20:26:38.398-0400][13854.630s][info ][gc,task     ] GC(111) Using 23 workers of 23 for evacuation
[2025-04-02T20:26:38.401-0400][13854.633s][info ][gc,phases   ] GC(111)   Pre Evacuate Collection Set: 0.2ms
[2025-04-02T20:26:38.401-0400][13854.633s][info ][gc,phases   ] GC(111)   Merge Heap Roots: 0.3ms
[2025-04-02T20:26:38.401-0400][13854.633s][info ][gc,phases   ] GC(111)   Evacuate Collection Set: 1.0ms
[2025-04-02T20:26:38.401-0400][13854.633s][info ][gc,phases   ] GC(111)   Post Evacuate Collection Set: 1.2ms
[2025-04-02T20:26:38.401-0400][13854.633s][info ][gc,phases   ] GC(111)   Other: 0.1ms
[2025-04-02T20:26:38.401-0400][13854.633s][info ][gc,heap     ] GC(111) Eden regions: 268->0(268)
[2025-04-02T20:26:38.401-0400][13854.633s][info ][gc,heap     ] GC(111) Survivor regions: 2->2(34)
[2025-04-02T20:26:38.401-0400][13854.633s][info ][gc,heap     ] GC(111) Old regions: 185->185
[2025-04-02T20:26:38.401-0400][13854.633s][info ][gc,heap     ] GC(111) Archive regions: 0->0
[2025-04-02T20:26:38.401-0400][13854.633s][info ][gc,heap     ] GC(111) Humongous regions: 17->2
[2025-04-02T20:26:38.401-0400][13854.633s][info ][gc,metaspace] GC(111) Metaspace: 191817K(193408K)->191817K(193408K) NonClass: 168792K(169600K)->168792K(169600K) Class: 23025K(23808K)->23025K(23808K)
[2025-04-02T20:26:38.401-0400][13854.633s][info ][gc          ] GC(111) Pause Young (Normal) (G1 Evacuation Pause) 470M->187M(512M) 2.863ms
[2025-04-02T20:26:38.401-0400][13854.633s][info ][gc,cpu      ] GC(111) User=0.00s Sys=0.00s Real=0.00s
[2025-04-02T20:26:38.401-0400][13854.633s][info ][safepoint   ] Safepoint "G1CollectForAllocation", Time since last: 354772700 ns, Reaching safepoint: 45300 ns, Cleanup: 35400 ns, At safepoint: 2980800 ns, Total: 3061500 ns
[2025-04-02T20:26:40.401-0400][13856.633s][debug][safepoint   ] Safepoint synchronization initiated using striped semaphore wait barrier. (272 threads)
[2025-04-02T20:26:40.401-0400][13856.634s][info ][safepoint   ] Safepoint "Cleanup", Time since last: 2000492600 ns, Reaching safepoint: 95200 ns, Cleanup: 34400 ns, At safepoint: 1500 ns, Total: 131100 ns
[2025-04-02T20:27:39.100-0400][13915.332s][debug][safepoint   ] Safepoint synchronization initiated using striped semaphore wait barrier. (261 threads)
[2025-04-02T20:27:39.100-0400][13915.332s][info ][safepoint   ] Safepoint "Cleanup", Time since last: 58698403200 ns, Reaching safepoint: 61400 ns, Cleanup: 7200 ns, At safepoint: 1500 ns, Total: 70100 ns
[2025-04-02T20:28:39.226-0400][13975.458s][debug][safepoint   ] Safepoint synchronization initiated using striped semaphore wait barrier. (261 threads)
[2025-04-02T20:28:39.226-0400][13975.458s][info ][safepoint   ] Safepoint "Cleanup", Time since last: 60125746900 ns, Reaching safepoint: 57500 ns, Cleanup: 11300 ns, At safepoint: 1600 ns, Total: 70400 ns
[2025-04-02T20:29:05.239-0400][14001.471s][debug][safepoint   ] Safepoint synchronization initiated using striped semaphore wait barrier. (260 threads)
[2025-04-02T20:29:05.239-0400][14001.471s][info ][safepoint   ] Safepoint "Cleanup", Time since last: 26013527100 ns, Reaching safepoint: 82800 ns, Cleanup: 6400 ns, At safepoint: 1900 ns, Total: 91100 ns
[2025-04-02T20:29:50.070-0400][14046.302s][debug][safepoint   ] Safepoint synchronization initiated using striped semaphore wait barrier. (258 threads)
[2025-04-02T20:29:50.070-0400][14046.302s][info ][gc,start    ] GC(112) Pause Young (Normal) (G1 Evacuation Pause)
[2025-04-02T20:29:50.070-0400][14046.302s][info ][gc,task     ] GC(112) Using 23 workers of 23 for evacuation
[2025-04-02T20:29:50.073-0400][14046.306s][info ][gc,phases   ] GC(112)   Pre Evacuate Collection Set: 0.2ms
[2025-04-02T20:29:50.073-0400][14046.306s][info ][gc,phases   ] GC(112)   Merge Heap Roots: 0.1ms
[2025-04-02T20:29:50.073-0400][14046.306s][info ][gc,phases   ] GC(112)   Evacuate Collection Set: 1.5ms
[2025-04-02T20:29:50.073-0400][14046.306s][info ][gc,phases   ] GC(112)   Post Evacuate Collection Set: 1.3ms
[2025-04-02T20:29:50.073-0400][14046.306s][info ][gc,phases   ] GC(112)   Other: 0.1ms
[2025-04-02T20:29:50.073-0400][14046.306s][info ][gc,heap     ] GC(112) Eden regions: 268->0(268)
[2025-04-02T20:29:50.073-0400][14046.306s][info ][gc,heap     ] GC(112) Survivor regions: 2->2(34)
[2025-04-02T20:29:50.073-0400][14046.306s][info ][gc,heap     ] GC(112) Old regions: 185->185
[2025-04-02T20:29:50.073-0400][14046.306s][info ][gc,heap     ] GC(112) Archive regions: 0->0
[2025-04-02T20:29:50.073-0400][14046.306s][info ][gc,heap     ] GC(112) Humongous regions: 2->2
[2025-04-02T20:29:50.073-0400][14046.306s][info ][gc,metaspace] GC(112) Metaspace: 191883K(193472K)->191883K(193472K) NonClass: 168857K(169664K)->168857K(169664K) Class: 23026K(23808K)->23026K(23808K)
[2025-04-02T20:29:50.073-0400][14046.306s][info ][gc          ] GC(112) Pause Young (Normal) (G1 Evacuation Pause) 455M->187M(512M) 3.467ms
[2025-04-02T20:29:50.073-0400][14046.306s][info ][gc,cpu      ] GC(112) User=0.00s Sys=0.00s Real=0.00s
[2025-04-02T20:29:50.073-0400][14046.306s][info ][safepoint   ] Safepoint "G1CollectForAllocation", Time since last: 44830587900 ns, Reaching safepoint: 102200 ns, Cleanup: 3000 ns, At safepoint: 3562900 ns, Total: 3668100 ns
[2025-04-02T20:30:06.081-0400][14062.313s][debug][safepoint   ] Safepoint synchronization initiated using striped semaphore wait barrier. (259 threads)
[2025-04-02T20:30:06.081-0400][14062.313s][info ][safepoint   ] Safepoint "Cleanup", Time since last: 16006861000 ns, Reaching safepoint: 43000 ns, Cleanup: 7900 ns, At safepoint: 1200 ns, Total: 52100 ns
[2025-04-02T20:30:18.087-0400][14074.319s][debug][safepoint   ] Safepoint synchronization initiated using striped semaphore wait barrier. (261 threads)
[2025-04-02T20:30:18.087-0400][14074.319s][info ][safepoint   ] Safepoint "Cleanup", Time since last: 12006736200 ns, Reaching safepoint: 62100 ns, Cleanup: 21000 ns, At safepoint: 1400 ns, Total: 84500 ns
[2025-04-02T20:30:19.088-0400][14075.320s][debug][safepoint   ] Safepoint synchronization initiated using striped semaphore wait barrier. (260 threads)
[2025-04-02T20:30:19.088-0400][14075.321s][info ][safepoint   ] Safepoint "Cleanup", Time since last: 1000863900 ns, Reaching safepoint: 137400 ns, Cleanup: 45200 ns, At safepoint: 4100 ns, Total: 186700 ns
[2025-04-02T20:30:21.089-0400][14077.321s][debug][safepoint   ] Safepoint synchronization initiated using striped semaphore wait barrier. (260 threads)
[2025-04-02T20:30:21.089-0400][14077.321s][info ][safepoint   ] Safepoint "Cleanup", Time since last: 2000222100 ns, Reaching safepoint: 43000 ns, Cleanup: 15000 ns, At safepoint: 1700 ns, Total: 59700 ns
[2025-04-02T20:30:22.089-0400][14078.321s][debug][safepoint   ] Safepoint synchronization initiated using striped semaphore wait barrier. (260 threads)
[2025-04-02T20:30:22.089-0400][14078.321s][info ][safepoint   ] Safepoint "Cleanup", Time since last: 1000527200 ns, Reaching safepoint: 64100 ns, Cleanup: 13100 ns, At safepoint: 1500 ns, Total: 78700 ns
[2025-04-02T20:30:29.094-0400][14085.326s][debug][safepoint   ] Safepoint synchronization initiated using striped semaphore wait barrier. (260 threads)
[2025-04-02T20:30:29.094-0400][14085.326s][info ][safepoint   ] Safepoint "Cleanup", Time since last: 7004394400 ns, Reaching safepoint: 52200 ns, Cleanup: 60700 ns, At safepoint: 11100 ns, Total: 124000 ns
[2025-04-02T20:31:54.139-0400][14170.371s][debug][safepoint   ] Safepoint synchronization initiated using striped semaphore wait barrier. (258 threads)
[2025-04-02T20:31:54.139-0400][14170.371s][info ][safepoint   ] Safepoint "Cleanup", Time since last: 85045432300 ns, Reaching safepoint: 49200 ns, Cleanup: 13900 ns, At safepoint: 2000 ns, Total: 65100 ns
[2025-04-02T20:33:23.075-0400][14259.307s][debug][safepoint   ] Safepoint synchronization initiated using striped semaphore wait barrier. (255 threads)
[2025-04-02T20:33:23.075-0400][14259.307s][info ][gc,start    ] GC(113) Pause Young (Normal) (G1 Evacuation Pause)
[2025-04-02T20:33:23.075-0400][14259.307s][info ][gc,task     ] GC(113) Using 23 workers of 23 for evacuation
[2025-04-02T20:33:23.079-0400][14259.311s][info ][gc,phases   ] GC(113)   Pre Evacuate Collection Set: 0.1ms
[2025-04-02T20:33:23.079-0400][14259.311s][info ][gc,phases   ] GC(113)   Merge Heap Roots: 0.1ms
[2025-04-02T20:33:23.079-0400][14259.311s][info ][gc,phases   ] GC(113)   Evacuate Collection Set: 2.7ms
[2025-04-02T20:33:23.079-0400][14259.311s][info ][gc,phases   ] GC(113)   Post Evacuate Collection Set: 0.8ms
[2025-04-02T20:33:23.079-0400][14259.311s][info ][gc,phases   ] GC(113)   Other: 0.1ms
[2025-04-02T20:33:23.079-0400][14259.311s][info ][gc,heap     ] GC(113) Eden regions: 268->0(266)
[2025-04-02T20:33:23.079-0400][14259.311s][info ][gc,heap     ] GC(113) Survivor regions: 2->3(34)
[2025-04-02T20:33:23.079-0400][14259.311s][info ][gc,heap     ] GC(113) Old regions: 185->185
[2025-04-02T20:33:23.079-0400][14259.311s][info ][gc,heap     ] GC(113) Archive regions: 0->0
[2025-04-02T20:33:23.079-0400][14259.311s][info ][gc,heap     ] GC(113) Humongous regions: 2->2
[2025-04-02T20:33:23.079-0400][14259.311s][info ][gc,metaspace] GC(113) Metaspace: 191951K(193536K)->191951K(193536K) NonClass: 168920K(169728K)->168920K(169728K) Class: 23030K(23808K)->23030K(23808K)
[2025-04-02T20:33:23.079-0400][14259.311s][info ][gc          ] GC(113) Pause Young (Normal) (G1 Evacuation Pause) 455M->188M(512M) 3.935ms
[2025-04-02T20:33:23.079-0400][14259.311s][info ][gc,cpu      ] GC(113) User=0.00s Sys=0.00s Real=0.00s
[2025-04-02T20:33:23.079-0400][14259.311s][info ][safepoint   ] Safepoint "G1CollectForAllocation", Time since last: 88935668200 ns, Reaching safepoint: 57900 ns, Cleanup: 2500 ns, At safepoint: 4037000 ns, Total: 4097400 ns
[2025-04-02T20:33:24.080-0400][14260.312s][debug][safepoint   ] Safepoint synchronization initiated using striped semaphore wait barrier. (255 threads)
[2025-04-02T20:33:24.080-0400][14260.312s][info ][safepoint   ] Safepoint "Cleanup", Time since last: 1000358600 ns, Reaching safepoint: 57900 ns, Cleanup: 8200 ns, At safepoint: 1400 ns, Total: 67500 ns
[2025-04-02T20:33:39.086-0400][14275.318s][debug][safepoint   ] Safepoint synchronization initiated using striped semaphore wait barrier. (254 threads)
[2025-04-02T20:33:39.086-0400][14275.318s][info ][safepoint   ] Safepoint "Cleanup", Time since last: 15006152600 ns, Reaching safepoint: 75100 ns, Cleanup: 9300 ns, At safepoint: 2000 ns, Total: 86400 ns
[2025-04-02T20:34:33.947-0400][14330.179s][debug][safepoint   ] Safepoint synchronization initiated using striped semaphore wait barrier. (250 threads)
[2025-04-02T20:34:33.947-0400][14330.179s][info ][safepoint   ] Safepoint "Cleanup", Time since last: 54860755800 ns, Reaching safepoint: 42400 ns, Cleanup: 7700 ns, At safepoint: 4300 ns, Total: 54400 ns
[2025-04-02T20:36:12.996-0400][14429.229s][debug][safepoint   ] Safepoint synchronization initiated using striped semaphore wait barrier. (253 threads)
[2025-04-02T20:36:12.996-0400][14429.229s][info ][safepoint   ] Safepoint "Cleanup", Time since last: 99049835500 ns, Reaching safepoint: 91800 ns, Cleanup: 14800 ns, At safepoint: 1500 ns, Total: 108100 ns
[2025-04-02T20:36:21.212-0400][14437.444s][debug][safepoint   ] Safepoint synchronization initiated using striped semaphore wait barrier. (253 threads)
[2025-04-02T20:36:21.212-0400][14437.444s][info ][safepoint   ] Safepoint "Cleanup", Time since last: 8215097600 ns, Reaching safepoint: 55800 ns, Cleanup: 8300 ns, At safepoint: 1700 ns, Total: 65800 ns
[2025-04-02T20:36:23.213-0400][14439.445s][debug][safepoint   ] Safepoint synchronization initiated using striped semaphore wait barrier. (252 threads)
[2025-04-02T20:36:23.213-0400][14439.445s][info ][safepoint   ] Safepoint "Cleanup", Time since last: 2001340300 ns, Reaching safepoint: 78500 ns, Cleanup: 7500 ns, At safepoint: 1900 ns, Total: 87900 ns
[2025-04-02T20:37:05.532-0400][14481.764s][debug][safepoint   ] Safepoint synchronization initiated using striped semaphore wait barrier. (251 threads)
[2025-04-02T20:37:05.532-0400][14481.764s][info ][gc,start    ] GC(114) Pause Young (Normal) (G1 Evacuation Pause)
[2025-04-02T20:37:05.532-0400][14481.764s][info ][gc,task     ] GC(114) Using 23 workers of 23 for evacuation
[2025-04-02T20:37:05.536-0400][14481.768s][info ][gc,phases   ] GC(114)   Pre Evacuate Collection Set: 0.1ms
[2025-04-02T20:37:05.536-0400][14481.768s][info ][gc,phases   ] GC(114)   Merge Heap Roots: 0.1ms
[2025-04-02T20:37:05.536-0400][14481.768s][info ][gc,phases   ] GC(114)   Evacuate Collection Set: 1.7ms
[2025-04-02T20:37:05.536-0400][14481.768s][info ][gc,phases   ] GC(114)   Post Evacuate Collection Set: 1.6ms
[2025-04-02T20:37:05.536-0400][14481.768s][info ][gc,phases   ] GC(114)   Other: 0.1ms
[2025-04-02T20:37:05.536-0400][14481.768s][info ][gc,heap     ] GC(114) Eden regions: 266->0(266)
[2025-04-02T20:37:05.536-0400][14481.768s][info ][gc,heap     ] GC(114) Survivor regions: 3->3(34)
[2025-04-02T20:37:05.536-0400][14481.768s][info ][gc,heap     ] GC(114) Old regions: 185->185
[2025-04-02T20:37:05.536-0400][14481.768s][info ][gc,heap     ] GC(114) Archive regions: 0->0
[2025-04-02T20:37:05.536-0400][14481.768s][info ][gc,heap     ] GC(114) Humongous regions: 2->2
[2025-04-02T20:37:05.536-0400][14481.768s][info ][gc,metaspace] GC(114) Metaspace: 191973K(193600K)->191973K(193600K) NonClass: 168942K(169792K)->168942K(169792K) Class: 23030K(23808K)->23030K(23808K)
[2025-04-02T20:37:05.536-0400][14481.768s][info ][gc          ] GC(114) Pause Young (Normal) (G1 Evacuation Pause) 454M->188M(512M) 3.701ms
[2025-04-02T20:37:05.536-0400][14481.768s][info ][gc,cpu      ] GC(114) User=0.03s Sys=0.00s Real=0.00s
[2025-04-02T20:37:05.536-0400][14481.768s][info ][safepoint   ] Safepoint "G1CollectForAllocation", Time since last: 42319117700 ns, Reaching safepoint: 57300 ns, Cleanup: 3200 ns, At safepoint: 3777700 ns, Total: 3838200 ns
[2025-04-02T20:37:14.324-0400][14490.556s][debug][safepoint   ] Safepoint synchronization initiated using striped semaphore wait barrier. (251 threads)
[2025-04-02T20:37:14.324-0400][14490.556s][info ][safepoint   ] Safepoint "Cleanup", Time since last: 8787871500 ns, Reaching safepoint: 72000 ns, Cleanup: 15500 ns, At safepoint: 2000 ns, Total: 89500 ns
[2025-04-02T20:38:14.357-0400][14550.589s][debug][safepoint   ] Safepoint synchronization initiated using striped semaphore wait barrier. (250 threads)
[2025-04-02T20:38:14.357-0400][14550.589s][info ][safepoint   ] Safepoint "Cleanup", Time since last: 60033045400 ns, Reaching safepoint: 56500 ns, Cleanup: 7800 ns, At safepoint: 1600 ns, Total: 65900 ns
[2025-04-02T20:39:14.392-0400][14610.624s][debug][safepoint   ] Safepoint synchronization initiated using striped semaphore wait barrier. (249 threads)
[2025-04-02T20:39:14.392-0400][14610.624s][info ][safepoint   ] Safepoint "Cleanup", Time since last: 60035030300 ns, Reaching safepoint: 72600 ns, Cleanup: 9500 ns, At safepoint: 1500 ns, Total: 83600 ns
[2025-04-02T20:39:15.392-0400][14611.624s][debug][safepoint   ] Safepoint synchronization initiated using striped semaphore wait barrier. (249 threads)
[2025-04-02T20:39:15.392-0400][14611.625s][info ][safepoint   ] Safepoint "Cleanup", Time since last: 1000059000 ns, Reaching safepoint: 96100 ns, Cleanup: 11700 ns, At safepoint: 1600 ns, Total: 109400 ns
[2025-04-02T20:39:59.414-0400][14655.646s][debug][safepoint   ] Safepoint synchronization initiated using striped semaphore wait barrier. (248 threads)
[2025-04-02T20:39:59.414-0400][14655.646s][info ][safepoint   ] Safepoint "Cleanup", Time since last: 44021300800 ns, Reaching safepoint: 79900 ns, Cleanup: 13700 ns, At safepoint: 1700 ns, Total: 95300 ns
[2025-04-02T20:40:14.674-0400][14670.906s][debug][safepoint   ] Safepoint synchronization initiated using striped semaphore wait barrier. (248 threads)
[2025-04-02T20:40:14.674-0400][14670.906s][info ][safepoint   ] Safepoint "Cleanup", Time since last: 15260028000 ns, Reaching safepoint: 107400 ns, Cleanup: 7500 ns, At safepoint: 1600 ns, Total: 116500 ns
[2025-04-02T20:40:47.935-0400][14704.167s][debug][safepoint   ] Safepoint synchronization initiated using striped semaphore wait barrier. (247 threads)
[2025-04-02T20:40:47.935-0400][14704.167s][info ][gc,start    ] GC(115) Pause Young (Normal) (G1 Evacuation Pause)
[2025-04-02T20:40:47.935-0400][14704.167s][info ][gc,task     ] GC(115) Using 23 workers of 23 for evacuation
[2025-04-02T20:40:47.939-0400][14704.171s][info ][gc,phases   ] GC(115)   Pre Evacuate Collection Set: 0.1ms
[2025-04-02T20:40:47.939-0400][14704.171s][info ][gc,phases   ] GC(115)   Merge Heap Roots: 0.1ms
[2025-04-02T20:40:47.939-0400][14704.171s][info ][gc,phases   ] GC(115)   Evacuate Collection Set: 2.5ms
[2025-04-02T20:40:47.939-0400][14704.171s][info ][gc,phases   ] GC(115)   Post Evacuate Collection Set: 1.4ms
[2025-04-02T20:40:47.939-0400][14704.171s][info ][gc,phases   ] GC(115)   Other: 0.2ms
[2025-04-02T20:40:47.939-0400][14704.171s][info ][gc,heap     ] GC(115) Eden regions: 266->0(266)
[2025-04-02T20:40:47.939-0400][14704.171s][info ][gc,heap     ] GC(115) Survivor regions: 3->3(34)
[2025-04-02T20:40:47.939-0400][14704.171s][info ][gc,heap     ] GC(115) Old regions: 185->185
[2025-04-02T20:40:47.939-0400][14704.171s][info ][gc,heap     ] GC(115) Archive regions: 0->0
[2025-04-02T20:40:47.939-0400][14704.171s][info ][gc,heap     ] GC(115) Humongous regions: 2->2
[2025-04-02T20:40:47.939-0400][14704.171s][info ][gc,metaspace] GC(115) Metaspace: 191973K(193600K)->191973K(193600K) NonClass: 168942K(169792K)->168942K(169792K) Class: 23030K(23808K)->23030K(23808K)
[2025-04-02T20:40:47.939-0400][14704.171s][info ][gc          ] GC(115) Pause Young (Normal) (G1 Evacuation Pause) 454M->188M(512M) 4.526ms
[2025-04-02T20:40:47.939-0400][14704.171s][info ][gc,cpu      ] GC(115) User=0.00s Sys=0.00s Real=0.00s
[2025-04-02T20:40:47.939-0400][14704.171s][info ][safepoint   ] Safepoint "G1CollectForAllocation", Time since last: 33260684200 ns, Reaching safepoint: 70400 ns, Cleanup: 3700 ns, At safepoint: 4599400 ns, Total: 4673500 ns
[2025-04-02T20:42:04.828-0400][14781.060s][debug][safepoint   ] Safepoint synchronization initiated using striped semaphore wait barrier. (246 threads)
[2025-04-02T20:42:04.828-0400][14781.060s][info ][safepoint   ] Safepoint "Cleanup", Time since last: 76888676000 ns, Reaching safepoint: 70600 ns, Cleanup: 9800 ns, At safepoint: 2100 ns, Total: 82500 ns
[2025-04-02T20:44:30.580-0400][14926.812s][debug][safepoint   ] Safepoint synchronization initiated using striped semaphore wait barrier. (245 threads)
[2025-04-02T20:44:30.580-0400][14926.812s][info ][gc,start    ] GC(116) Pause Young (Normal) (G1 Evacuation Pause)
[2025-04-02T20:44:30.580-0400][14926.812s][info ][gc,task     ] GC(116) Using 23 workers of 23 for evacuation
[2025-04-02T20:44:30.583-0400][14926.815s][info ][gc,phases   ] GC(116)   Pre Evacuate Collection Set: 0.2ms
[2025-04-02T20:44:30.583-0400][14926.815s][info ][gc,phases   ] GC(116)   Merge Heap Roots: 0.1ms
[2025-04-02T20:44:30.583-0400][14926.815s][info ][gc,phases   ] GC(116)   Evacuate Collection Set: 1.5ms
[2025-04-02T20:44:30.583-0400][14926.815s][info ][gc,phases   ] GC(116)   Post Evacuate Collection Set: 1.4ms
[2025-04-02T20:44:30.583-0400][14926.815s][info ][gc,phases   ] GC(116)   Other: 0.1ms
[2025-04-02T20:44:30.583-0400][14926.815s][info ][gc,heap     ] GC(116) Eden regions: 266->0(267)
[2025-04-02T20:44:30.583-0400][14926.815s][info ][gc,heap     ] GC(116) Survivor regions: 3->3(34)
[2025-04-02T20:44:30.583-0400][14926.815s][info ][gc,heap     ] GC(116) Old regions: 185->185
[2025-04-02T20:44:30.583-0400][14926.815s][info ][gc,heap     ] GC(116) Archive regions: 0->0
[2025-04-02T20:44:30.583-0400][14926.815s][info ][gc,heap     ] GC(116) Humongous regions: 2->2
[2025-04-02T20:44:30.583-0400][14926.815s][info ][gc,metaspace] GC(116) Metaspace: 191979K(193600K)->191979K(193600K) NonClass: 168949K(169792K)->168949K(169792K) Class: 23030K(23808K)->23030K(23808K)
[2025-04-02T20:44:30.583-0400][14926.815s][info ][gc          ] GC(116) Pause Young (Normal) (G1 Evacuation Pause) 454M->188M(512M) 3.449ms
[2025-04-02T20:44:30.583-0400][14926.815s][info ][gc,cpu      ] GC(116) User=0.00s Sys=0.02s Real=0.00s
[2025-04-02T20:44:30.583-0400][14926.815s][info ][safepoint   ] Safepoint "G1CollectForAllocation", Time since last: 145751499800 ns, Reaching safepoint: 74600 ns, Cleanup: 4400 ns, At safepoint: 3522200 ns, Total: 3601200 ns
[2025-04-02T20:48:16.008-0400][15152.240s][debug][safepoint   ] Safepoint synchronization initiated using striped semaphore wait barrier. (245 threads)
[2025-04-02T20:48:16.008-0400][15152.240s][info ][gc,start    ] GC(117) Pause Young (Normal) (G1 Evacuation Pause)
[2025-04-02T20:48:16.008-0400][15152.240s][info ][gc,task     ] GC(117) Using 23 workers of 23 for evacuation
[2025-04-02T20:48:16.012-0400][15152.244s][info ][gc,phases   ] GC(117)   Pre Evacuate Collection Set: 0.1ms
[2025-04-02T20:48:16.012-0400][15152.244s][info ][gc,phases   ] GC(117)   Merge Heap Roots: 0.1ms
[2025-04-02T20:48:16.012-0400][15152.244s][info ][gc,phases   ] GC(117)   Evacuate Collection Set: 2.3ms
[2025-04-02T20:48:16.012-0400][15152.244s][info ][gc,phases   ] GC(117)   Post Evacuate Collection Set: 1.3ms
[2025-04-02T20:48:16.012-0400][15152.244s][info ][gc,phases   ] GC(117)   Other: 0.1ms
[2025-04-02T20:48:16.012-0400][15152.244s][info ][gc,heap     ] GC(117) Eden regions: 267->0(268)
[2025-04-02T20:48:16.012-0400][15152.244s][info ][gc,heap     ] GC(117) Survivor regions: 3->2(34)
[2025-04-02T20:48:16.012-0400][15152.244s][info ][gc,heap     ] GC(117) Old regions: 185->185
[2025-04-02T20:48:16.012-0400][15152.244s][info ][gc,heap     ] GC(117) Archive regions: 0->0
[2025-04-02T20:48:16.012-0400][15152.244s][info ][gc,heap     ] GC(117) Humongous regions: 2->2
[2025-04-02T20:48:16.012-0400][15152.244s][info ][gc,metaspace] GC(117) Metaspace: 191981K(193600K)->191981K(193600K) NonClass: 168951K(169792K)->168951K(169792K) Class: 23030K(23808K)->23030K(23808K)
[2025-04-02T20:48:16.012-0400][15152.244s][info ][gc          ] GC(117) Pause Young (Normal) (G1 Evacuation Pause) 455M->188M(512M) 4.059ms
[2025-04-02T20:48:16.012-0400][15152.244s][info ][gc,cpu      ] GC(117) User=0.00s Sys=0.00s Real=0.00s
[2025-04-02T20:48:16.012-0400][15152.244s][info ][safepoint   ] Safepoint "G1CollectForAllocation", Time since last: 225424958600 ns, Reaching safepoint: 56900 ns, Cleanup: 3200 ns, At safepoint: 4129400 ns, Total: 4189500 ns
[2025-04-02T20:52:00.112-0400][15376.345s][debug][safepoint   ] Safepoint synchronization initiated using striped semaphore wait barrier. (245 threads)
[2025-04-02T20:52:00.112-0400][15376.345s][info ][gc,start    ] GC(118) Pause Young (Normal) (G1 Evacuation Pause)
[2025-04-02T20:52:00.112-0400][15376.345s][info ][gc,task     ] GC(118) Using 23 workers of 23 for evacuation
[2025-04-02T20:52:00.116-0400][15376.349s][info ][gc,phases   ] GC(118)   Pre Evacuate Collection Set: 0.2ms
[2025-04-02T20:52:00.116-0400][15376.349s][info ][gc,phases   ] GC(118)   Merge Heap Roots: 0.1ms
[2025-04-02T20:52:00.116-0400][15376.349s][info ][gc,phases   ] GC(118)   Evacuate Collection Set: 2.2ms
[2025-04-02T20:52:00.116-0400][15376.349s][info ][gc,phases   ] GC(118)   Post Evacuate Collection Set: 1.2ms
[2025-04-02T20:52:00.116-0400][15376.349s][info ][gc,phases   ] GC(118)   Other: 0.1ms
[2025-04-02T20:52:00.116-0400][15376.349s][info ][gc,heap     ] GC(118) Eden regions: 268->0(267)
[2025-04-02T20:52:00.116-0400][15376.349s][info ][gc,heap     ] GC(118) Survivor regions: 2->3(34)
[2025-04-02T20:52:00.116-0400][15376.349s][info ][gc,heap     ] GC(118) Old regions: 185->185
[2025-04-02T20:52:00.116-0400][15376.349s][info ][gc,heap     ] GC(118) Archive regions: 0->0
[2025-04-02T20:52:00.116-0400][15376.349s][info ][gc,heap     ] GC(118) Humongous regions: 2->2
[2025-04-02T20:52:00.116-0400][15376.349s][info ][gc,metaspace] GC(118) Metaspace: 192000K(193600K)->192000K(193600K) NonClass: 168970K(169792K)->168970K(169792K) Class: 23030K(23808K)->23030K(23808K)
[2025-04-02T20:52:00.116-0400][15376.349s][info ][gc          ] GC(118) Pause Young (Normal) (G1 Evacuation Pause) 456M->188M(512M) 3.860ms
[2025-04-02T20:52:00.116-0400][15376.349s][info ][gc,cpu      ] GC(118) User=0.00s Sys=0.00s Real=0.00s
[2025-04-02T20:52:00.116-0400][15376.349s][info ][safepoint   ] Safepoint "G1CollectForAllocation", Time since last: 224100160100 ns, Reaching safepoint: 127100 ns, Cleanup: 10500 ns, At safepoint: 3939300 ns, Total: 4076900 ns
[2025-04-02T20:53:31.219-0400][15467.451s][debug][safepoint   ] Safepoint synchronization initiated using striped semaphore wait barrier. (245 threads)
[2025-04-02T20:53:31.219-0400][15467.451s][info ][safepoint   ] Safepoint "Cleanup", Time since last: 91102254300 ns, Reaching safepoint: 58800 ns, Cleanup: 8100 ns, At safepoint: 1800 ns, Total: 68700 ns
[2025-04-02T20:55:43.435-0400][15599.668s][debug][safepoint   ] Safepoint synchronization initiated using striped semaphore wait barrier. (245 threads)
[2025-04-02T20:55:43.435-0400][15599.668s][info ][gc,start    ] GC(119) Pause Young (Normal) (G1 Evacuation Pause)
[2025-04-02T20:55:43.435-0400][15599.668s][info ][gc,task     ] GC(119) Using 23 workers of 23 for evacuation
[2025-04-02T20:55:43.439-0400][15599.672s][info ][gc,phases   ] GC(119)   Pre Evacuate Collection Set: 0.3ms
[2025-04-02T20:55:43.439-0400][15599.672s][info ][gc,phases   ] GC(119)   Merge Heap Roots: 0.1ms
[2025-04-02T20:55:43.439-0400][15599.672s][info ][gc,phases   ] GC(119)   Evacuate Collection Set: 1.9ms
[2025-04-02T20:55:43.439-0400][15599.672s][info ][gc,phases   ] GC(119)   Post Evacuate Collection Set: 1.6ms
[2025-04-02T20:55:43.439-0400][15599.672s][info ][gc,phases   ] GC(119)   Other: 0.1ms
[2025-04-02T20:55:43.439-0400][15599.672s][info ][gc,heap     ] GC(119) Eden regions: 267->0(267)
[2025-04-02T20:55:43.439-0400][15599.672s][info ][gc,heap     ] GC(119) Survivor regions: 3->3(34)
[2025-04-02T20:55:43.439-0400][15599.672s][info ][gc,heap     ] GC(119) Old regions: 185->185
[2025-04-02T20:55:43.439-0400][15599.672s][info ][gc,heap     ] GC(119) Archive regions: 0->0
[2025-04-02T20:55:43.439-0400][15599.672s][info ][gc,heap     ] GC(119) Humongous regions: 2->2
[2025-04-02T20:55:43.439-0400][15599.672s][info ][gc,metaspace] GC(119) Metaspace: 192040K(193664K)->192040K(193664K) NonClass: 169010K(169856K)->169010K(169856K) Class: 23030K(23808K)->23030K(23808K)
[2025-04-02T20:55:43.439-0400][15599.672s][info ][gc          ] GC(119) Pause Young (Normal) (G1 Evacuation Pause) 455M->188M(512M) 4.155ms
[2025-04-02T20:55:43.439-0400][15599.672s][info ][gc,cpu      ] GC(119) User=0.00s Sys=0.00s Real=0.00s
[2025-04-02T20:55:43.439-0400][15599.672s][info ][safepoint   ] Safepoint "G1CollectForAllocation", Time since last: 132216600900 ns, Reaching safepoint: 61500 ns, Cleanup: 2800 ns, At safepoint: 4232000 ns, Total: 4296300 ns
[2025-04-02T20:59:28.186-0400][15824.418s][debug][safepoint   ] Safepoint synchronization initiated using striped semaphore wait barrier. (245 threads)
[2025-04-02T20:59:28.186-0400][15824.418s][info ][gc,start    ] GC(120) Pause Young (Normal) (G1 Evacuation Pause)
[2025-04-02T20:59:28.186-0400][15824.418s][info ][gc,task     ] GC(120) Using 23 workers of 23 for evacuation
[2025-04-02T20:59:28.190-0400][15824.422s][info ][gc,phases   ] GC(120)   Pre Evacuate Collection Set: 0.1ms
[2025-04-02T20:59:28.190-0400][15824.422s][info ][gc,phases   ] GC(120)   Merge Heap Roots: 0.2ms
[2025-04-02T20:59:28.190-0400][15824.422s][info ][gc,phases   ] GC(120)   Evacuate Collection Set: 1.8ms
[2025-04-02T20:59:28.190-0400][15824.422s][info ][gc,phases   ] GC(120)   Post Evacuate Collection Set: 1.6ms
[2025-04-02T20:59:28.190-0400][15824.422s][info ][gc,phases   ] GC(120)   Other: 0.1ms
[2025-04-02T20:59:28.190-0400][15824.422s][info ][gc,heap     ] GC(120) Eden regions: 267->0(268)
[2025-04-02T20:59:28.190-0400][15824.422s][info ][gc,heap     ] GC(120) Survivor regions: 3->2(34)
[2025-04-02T20:59:28.190-0400][15824.422s][info ][gc,heap     ] GC(120) Old regions: 185->185
[2025-04-02T20:59:28.190-0400][15824.422s][info ][gc,heap     ] GC(120) Archive regions: 0->0
[2025-04-02T20:59:28.190-0400][15824.422s][info ][gc,heap     ] GC(120) Humongous regions: 2->2
[2025-04-02T20:59:28.190-0400][15824.422s][info ][gc,metaspace] GC(120) Metaspace: 192040K(193664K)->192040K(193664K) NonClass: 169010K(169856K)->169010K(169856K) Class: 23030K(23808K)->23030K(23808K)
[2025-04-02T20:59:28.190-0400][15824.422s][info ][gc          ] GC(120) Pause Young (Normal) (G1 Evacuation Pause) 455M->188M(512M) 3.986ms
[2025-04-02T20:59:28.190-0400][15824.422s][info ][gc,cpu      ] GC(120) User=0.05s Sys=0.00s Real=0.00s
[2025-04-02T20:59:28.190-0400][15824.422s][info ][safepoint   ] Safepoint "G1CollectForAllocation", Time since last: 224746214500 ns, Reaching safepoint: 54300 ns, Cleanup: 13800 ns, At safepoint: 4069000 ns, Total: 4137100 ns
[2025-04-02T21:01:24.217-0400][15940.449s][debug][safepoint   ] Safepoint synchronization initiated using striped semaphore wait barrier. (247 threads)
[2025-04-02T21:01:24.217-0400][15940.449s][info ][safepoint   ] Safepoint "Cleanup", Time since last: 116026784300 ns, Reaching safepoint: 84700 ns, Cleanup: 11900 ns, At safepoint: 1900 ns, Total: 98500 ns
[2025-04-02T21:02:54.348-0400][16030.580s][debug][safepoint   ] Safepoint synchronization initiated using striped semaphore wait barrier. (247 threads)
[2025-04-02T21:02:54.348-0400][16030.580s][info ][safepoint   ] Safepoint "Cleanup", Time since last: 90130451900 ns, Reaching safepoint: 152100 ns, Cleanup: 7800 ns, At safepoint: 1200 ns, Total: 161100 ns
[2025-04-02T21:02:58.349-0400][16034.581s][debug][safepoint   ] Safepoint synchronization initiated using striped semaphore wait barrier. (245 threads)
[2025-04-02T21:02:58.349-0400][16034.581s][info ][safepoint   ] Safepoint "Cleanup", Time since last: 4001294300 ns, Reaching safepoint: 42300 ns, Cleanup: 7600 ns, At safepoint: 1800 ns, Total: 51700 ns
[2025-04-02T21:03:09.399-0400][16045.632s][debug][safepoint   ] Safepoint synchronization initiated using striped semaphore wait barrier. (245 threads)
[2025-04-02T21:03:09.399-0400][16045.632s][info ][gc,start    ] GC(121) Pause Young (Normal) (G1 Evacuation Pause)
[2025-04-02T21:03:09.399-0400][16045.632s][info ][gc,task     ] GC(121) Using 23 workers of 23 for evacuation
[2025-04-02T21:03:09.402-0400][16045.635s][info ][gc,phases   ] GC(121)   Pre Evacuate Collection Set: 0.3ms
[2025-04-02T21:03:09.402-0400][16045.635s][info ][gc,phases   ] GC(121)   Merge Heap Roots: 0.1ms
[2025-04-02T21:03:09.402-0400][16045.635s][info ][gc,phases   ] GC(121)   Evacuate Collection Set: 1.5ms
[2025-04-02T21:03:09.402-0400][16045.635s][info ][gc,phases   ] GC(121)   Post Evacuate Collection Set: 1.3ms
[2025-04-02T21:03:09.402-0400][16045.635s][info ][gc,phases   ] GC(121)   Other: 0.1ms
[2025-04-02T21:03:09.402-0400][16045.635s][info ][gc,heap     ] GC(121) Eden regions: 268->0(268)
[2025-04-02T21:03:09.402-0400][16045.635s][info ][gc,heap     ] GC(121) Survivor regions: 2->2(34)
[2025-04-02T21:03:09.402-0400][16045.635s][info ][gc,heap     ] GC(121) Old regions: 185->185
[2025-04-02T21:03:09.402-0400][16045.635s][info ][gc,heap     ] GC(121) Archive regions: 0->0
[2025-04-02T21:03:09.402-0400][16045.635s][info ][gc,heap     ] GC(121) Humongous regions: 2->2
[2025-04-02T21:03:09.402-0400][16045.635s][info ][gc,metaspace] GC(121) Metaspace: 192062K(193664K)->192062K(193664K) NonClass: 169032K(169856K)->169032K(169856K) Class: 23030K(23808K)->23030K(23808K)
[2025-04-02T21:03:09.402-0400][16045.635s][info ][gc          ] GC(121) Pause Young (Normal) (G1 Evacuation Pause) 456M->188M(512M) 3.370ms
[2025-04-02T21:03:09.402-0400][16045.635s][info ][gc,cpu      ] GC(121) User=0.00s Sys=0.00s Real=0.00s
[2025-04-02T21:03:09.402-0400][16045.635s][info ][safepoint   ] Safepoint "G1CollectForAllocation", Time since last: 11050463900 ns, Reaching safepoint: 72300 ns, Cleanup: 3300 ns, At safepoint: 3448600 ns, Total: 3524200 ns
[2025-04-02T21:04:27.200-0400][16123.432s][debug][safepoint   ] Safepoint synchronization initiated using striped semaphore wait barrier. (245 threads)
[2025-04-02T21:04:27.200-0400][16123.432s][info ][safepoint   ] Safepoint "Cleanup", Time since last: 77796984700 ns, Reaching safepoint: 53600 ns, Cleanup: 33400 ns, At safepoint: 1600 ns, Total: 88600 ns
[2025-04-02T21:05:00.217-0400][16156.449s][debug][safepoint   ] Safepoint synchronization initiated using striped semaphore wait barrier. (248 threads)
[2025-04-02T21:05:00.217-0400][16156.449s][info ][safepoint   ] Safepoint "Cleanup", Time since last: 33016532200 ns, Reaching safepoint: 52300 ns, Cleanup: 12500 ns, At safepoint: 1300 ns, Total: 66100 ns
[2025-04-02T21:05:45.717-0400][16201.949s][debug][safepoint   ] Safepoint synchronization initiated using striped semaphore wait barrier. (247 threads)
[2025-04-02T21:05:45.717-0400][16201.949s][info ][safepoint   ] Safepoint "Cleanup", Time since last: 45499886900 ns, Reaching safepoint: 50700 ns, Cleanup: 14400 ns, At safepoint: 1500 ns, Total: 66600 ns
[2025-04-02T21:06:20.662-0400][16236.894s][debug][safepoint   ] Safepoint synchronization initiated using striped semaphore wait barrier. (247 threads)
[2025-04-02T21:06:20.662-0400][16236.894s][info ][gc,start    ] GC(122) Pause Young (Normal) (G1 Evacuation Pause)
[2025-04-02T21:06:20.662-0400][16236.894s][info ][gc,task     ] GC(122) Using 23 workers of 23 for evacuation
[2025-04-02T21:06:20.665-0400][16236.897s][info ][gc,phases   ] GC(122)   Pre Evacuate Collection Set: 0.2ms
[2025-04-02T21:06:20.665-0400][16236.897s][info ][gc,phases   ] GC(122)   Merge Heap Roots: 0.1ms
[2025-04-02T21:06:20.665-0400][16236.897s][info ][gc,phases   ] GC(122)   Evacuate Collection Set: 1.6ms
[2025-04-02T21:06:20.665-0400][16236.897s][info ][gc,phases   ] GC(122)   Post Evacuate Collection Set: 1.0ms
[2025-04-02T21:06:20.665-0400][16236.897s][info ][gc,phases   ] GC(122)   Other: 0.1ms
[2025-04-02T21:06:20.665-0400][16236.897s][info ][gc,heap     ] GC(122) Eden regions: 268->0(268)
[2025-04-02T21:06:20.665-0400][16236.897s][info ][gc,heap     ] GC(122) Survivor regions: 2->2(34)
[2025-04-02T21:06:20.665-0400][16236.897s][info ][gc,heap     ] GC(122) Old regions: 185->185
[2025-04-02T21:06:20.665-0400][16236.897s][info ][gc,heap     ] GC(122) Archive regions: 0->0
[2025-04-02T21:06:20.665-0400][16236.897s][info ][gc,heap     ] GC(122) Humongous regions: 2->2
[2025-04-02T21:06:20.665-0400][16236.897s][info ][gc,metaspace] GC(122) Metaspace: 192089K(193664K)->192089K(193664K) NonClass: 169058K(169856K)->169058K(169856K) Class: 23031K(23808K)->23031K(23808K)
[2025-04-02T21:06:20.665-0400][16236.897s][info ][gc          ] GC(122) Pause Young (Normal) (G1 Evacuation Pause) 456M->188M(512M) 3.118ms
[2025-04-02T21:06:20.665-0400][16236.897s][info ][gc,cpu      ] GC(122) User=0.00s Sys=0.00s Real=0.00s
[2025-04-02T21:06:20.665-0400][16236.897s][info ][safepoint   ] Safepoint "G1CollectForAllocation", Time since last: 34945079700 ns, Reaching safepoint: 76200 ns, Cleanup: 3200 ns, At safepoint: 3192300 ns, Total: 3271700 ns
[2025-04-02T21:08:14.721-0400][16350.953s][debug][safepoint   ] Safepoint synchronization initiated using striped semaphore wait barrier. (246 threads)
[2025-04-02T21:08:14.721-0400][16350.953s][info ][safepoint   ] Safepoint "Cleanup", Time since last: 114055644200 ns, Reaching safepoint: 56500 ns, Cleanup: 8000 ns, At safepoint: 1300 ns, Total: 65800 ns
[2025-04-02T21:10:05.321-0400][16461.554s][debug][safepoint   ] Safepoint synchronization initiated using striped semaphore wait barrier. (246 threads)
[2025-04-02T21:10:05.321-0400][16461.554s][info ][gc,start    ] GC(123) Pause Young (Normal) (G1 Evacuation Pause)
[2025-04-02T21:10:05.321-0400][16461.554s][info ][gc,task     ] GC(123) Using 23 workers of 23 for evacuation
[2025-04-02T21:10:05.324-0400][16461.557s][info ][gc,phases   ] GC(123)   Pre Evacuate Collection Set: 0.2ms
[2025-04-02T21:10:05.324-0400][16461.557s][info ][gc,phases   ] GC(123)   Merge Heap Roots: 0.2ms
[2025-04-02T21:10:05.324-0400][16461.557s][info ][gc,phases   ] GC(123)   Evacuate Collection Set: 1.1ms
[2025-04-02T21:10:05.324-0400][16461.557s][info ][gc,phases   ] GC(123)   Post Evacuate Collection Set: 1.6ms
[2025-04-02T21:10:05.324-0400][16461.557s][info ][gc,phases   ] GC(123)   Other: 0.1ms
[2025-04-02T21:10:05.324-0400][16461.557s][info ][gc,heap     ] GC(123) Eden regions: 268->0(268)
[2025-04-02T21:10:05.324-0400][16461.557s][info ][gc,heap     ] GC(123) Survivor regions: 2->2(34)
[2025-04-02T21:10:05.324-0400][16461.557s][info ][gc,heap     ] GC(123) Old regions: 185->185
[2025-04-02T21:10:05.324-0400][16461.557s][info ][gc,heap     ] GC(123) Archive regions: 0->0
[2025-04-02T21:10:05.324-0400][16461.557s][info ][gc,heap     ] GC(123) Humongous regions: 2->2
[2025-04-02T21:10:05.324-0400][16461.557s][info ][gc,metaspace] GC(123) Metaspace: 192099K(193664K)->192099K(193664K) NonClass: 169068K(169856K)->169068K(169856K) Class: 23031K(23808K)->23031K(23808K)
[2025-04-02T21:10:05.324-0400][16461.557s][info ][gc          ] GC(123) Pause Young (Normal) (G1 Evacuation Pause) 456M->188M(512M) 3.391ms
[2025-04-02T21:10:05.324-0400][16461.557s][info ][gc,cpu      ] GC(123) User=0.00s Sys=0.00s Real=0.00s
[2025-04-02T21:10:05.324-0400][16461.557s][info ][safepoint   ] Safepoint "G1CollectForAllocation", Time since last: 110600823200 ns, Reaching safepoint: 48600 ns, Cleanup: 3100 ns, At safepoint: 3494200 ns, Total: 3545900 ns
[2025-04-02T21:13:50.216-0400][16686.448s][debug][safepoint   ] Safepoint synchronization initiated using striped semaphore wait barrier. (246 threads)
[2025-04-02T21:13:50.216-0400][16686.449s][info ][gc,start    ] GC(124) Pause Young (Normal) (G1 Evacuation Pause)
[2025-04-02T21:13:50.216-0400][16686.449s][info ][gc,task     ] GC(124) Using 23 workers of 23 for evacuation
[2025-04-02T21:13:50.219-0400][16686.451s][info ][gc,phases   ] GC(124)   Pre Evacuate Collection Set: 0.2ms
[2025-04-02T21:13:50.219-0400][16686.451s][info ][gc,phases   ] GC(124)   Merge Heap Roots: 0.1ms
[2025-04-02T21:13:50.219-0400][16686.451s][info ][gc,phases   ] GC(124)   Evacuate Collection Set: 1.3ms
[2025-04-02T21:13:50.219-0400][16686.451s][info ][gc,phases   ] GC(124)   Post Evacuate Collection Set: 1.2ms
[2025-04-02T21:13:50.219-0400][16686.451s][info ][gc,phases   ] GC(124)   Other: 0.1ms
[2025-04-02T21:13:50.219-0400][16686.451s][info ][gc,heap     ] GC(124) Eden regions: 268->0(267)
[2025-04-02T21:13:50.219-0400][16686.451s][info ][gc,heap     ] GC(124) Survivor regions: 2->2(34)
[2025-04-02T21:13:50.219-0400][16686.451s][info ][gc,heap     ] GC(124) Old regions: 185->186
[2025-04-02T21:13:50.219-0400][16686.451s][info ][gc,heap     ] GC(124) Archive regions: 0->0
[2025-04-02T21:13:50.219-0400][16686.451s][info ][gc,heap     ] GC(124) Humongous regions: 2->2
[2025-04-02T21:13:50.219-0400][16686.451s][info ][gc,metaspace] GC(124) Metaspace: 192099K(193664K)->192099K(193664K) NonClass: 169068K(169856K)->169068K(169856K) Class: 23031K(23808K)->23031K(23808K)
[2025-04-02T21:13:50.219-0400][16686.452s][info ][gc          ] GC(124) Pause Young (Normal) (G1 Evacuation Pause) 456M->188M(512M) 2.986ms
[2025-04-02T21:13:50.219-0400][16686.452s][info ][gc,cpu      ] GC(124) User=0.00s Sys=0.00s Real=0.00s
[2025-04-02T21:13:50.219-0400][16686.452s][info ][safepoint   ] Safepoint "G1CollectForAllocation", Time since last: 224891252200 ns, Reaching safepoint: 85900 ns, Cleanup: 9300 ns, At safepoint: 3077600 ns, Total: 3172800 ns
[2025-04-02T21:17:36.237-0400][16912.469s][debug][safepoint   ] Safepoint synchronization initiated using striped semaphore wait barrier. (246 threads)
[2025-04-02T21:17:36.237-0400][16912.469s][info ][gc,start    ] GC(125) Pause Young (Normal) (G1 Evacuation Pause)
[2025-04-02T21:17:36.237-0400][16912.469s][info ][gc,task     ] GC(125) Using 23 workers of 23 for evacuation
[2025-04-02T21:17:36.240-0400][16912.472s][info ][gc,phases   ] GC(125)   Pre Evacuate Collection Set: 0.2ms
[2025-04-02T21:17:36.240-0400][16912.473s][info ][gc,phases   ] GC(125)   Merge Heap Roots: 0.1ms
[2025-04-02T21:17:36.240-0400][16912.473s][info ][gc,phases   ] GC(125)   Evacuate Collection Set: 1.6ms
[2025-04-02T21:17:36.240-0400][16912.473s][info ][gc,phases   ] GC(125)   Post Evacuate Collection Set: 1.2ms
[2025-04-02T21:17:36.240-0400][16912.473s][info ][gc,phases   ] GC(125)   Other: 0.1ms
[2025-04-02T21:17:36.240-0400][16912.473s][info ][gc,heap     ] GC(125) Eden regions: 267->0(267)
[2025-04-02T21:17:36.240-0400][16912.473s][info ][gc,heap     ] GC(125) Survivor regions: 2->2(34)
[2025-04-02T21:17:36.240-0400][16912.473s][info ][gc,heap     ] GC(125) Old regions: 186->186
[2025-04-02T21:17:36.240-0400][16912.473s][info ][gc,heap     ] GC(125) Archive regions: 0->0
[2025-04-02T21:17:36.240-0400][16912.473s][info ][gc,heap     ] GC(125) Humongous regions: 2->2
[2025-04-02T21:17:36.240-0400][16912.473s][info ][gc,metaspace] GC(125) Metaspace: 192103K(193664K)->192103K(193664K) NonClass: 169071K(169856K)->169071K(169856K) Class: 23031K(23808K)->23031K(23808K)
[2025-04-02T21:17:36.240-0400][16912.473s][info ][gc          ] GC(125) Pause Young (Normal) (G1 Evacuation Pause) 455M->188M(512M) 3.257ms
[2025-04-02T21:17:36.240-0400][16912.473s][info ][gc,cpu      ] GC(125) User=0.00s Sys=0.00s Real=0.00s
[2025-04-02T21:17:36.240-0400][16912.473s][info ][safepoint   ] Safepoint "G1CollectForAllocation", Time since last: 226017746600 ns, Reaching safepoint: 93800 ns, Cleanup: 3200 ns, At safepoint: 3353500 ns, Total: 3450500 ns
[2025-04-02T21:21:19.986-0400][17136.218s][debug][safepoint   ] Safepoint synchronization initiated using striped semaphore wait barrier. (246 threads)
[2025-04-02T21:21:19.986-0400][17136.218s][info ][gc,start    ] GC(126) Pause Young (Normal) (G1 Evacuation Pause)
[2025-04-02T21:21:19.986-0400][17136.218s][info ][gc,task     ] GC(126) Using 23 workers of 23 for evacuation
[2025-04-02T21:21:19.990-0400][17136.222s][info ][gc,phases   ] GC(126)   Pre Evacuate Collection Set: 0.3ms
[2025-04-02T21:21:19.990-0400][17136.222s][info ][gc,phases   ] GC(126)   Merge Heap Roots: 0.1ms
[2025-04-02T21:21:19.990-0400][17136.222s][info ][gc,phases   ] GC(126)   Evacuate Collection Set: 1.7ms
[2025-04-02T21:21:19.990-0400][17136.222s][info ][gc,phases   ] GC(126)   Post Evacuate Collection Set: 1.1ms
[2025-04-02T21:21:19.990-0400][17136.222s][info ][gc,phases   ] GC(126)   Other: 0.1ms
[2025-04-02T21:21:19.990-0400][17136.222s][info ][gc,heap     ] GC(126) Eden regions: 267->0(267)
[2025-04-02T21:21:19.990-0400][17136.222s][info ][gc,heap     ] GC(126) Survivor regions: 2->2(34)
[2025-04-02T21:21:19.990-0400][17136.222s][info ][gc,heap     ] GC(126) Old regions: 186->186
[2025-04-02T21:21:19.990-0400][17136.222s][info ][gc,heap     ] GC(126) Archive regions: 0->0
[2025-04-02T21:21:19.990-0400][17136.222s][info ][gc,heap     ] GC(126) Humongous regions: 2->2
[2025-04-02T21:21:19.990-0400][17136.222s][info ][gc,metaspace] GC(126) Metaspace: 192103K(193664K)->192103K(193664K) NonClass: 169071K(169856K)->169071K(169856K) Class: 23031K(23808K)->23031K(23808K)
[2025-04-02T21:21:19.990-0400][17136.222s][info ][gc          ] GC(126) Pause Young (Normal) (G1 Evacuation Pause) 455M->188M(512M) 3.374ms
[2025-04-02T21:21:19.990-0400][17136.222s][info ][gc,cpu      ] GC(126) User=0.00s Sys=0.00s Real=0.00s
[2025-04-02T21:21:19.990-0400][17136.222s][info ][safepoint   ] Safepoint "G1CollectForAllocation", Time since last: 223745574000 ns, Reaching safepoint: 65700 ns, Cleanup: 11000 ns, At safepoint: 3470700 ns, Total: 3547400 ns
[2025-04-02T21:25:04.003-0400][17360.236s][debug][safepoint   ] Safepoint synchronization initiated using striped semaphore wait barrier. (246 threads)
[2025-04-02T21:25:04.003-0400][17360.236s][info ][gc,start    ] GC(127) Pause Young (Normal) (G1 Evacuation Pause)
[2025-04-02T21:25:04.003-0400][17360.236s][info ][gc,task     ] GC(127) Using 23 workers of 23 for evacuation
[2025-04-02T21:25:04.005-0400][17360.238s][info ][gc,phases   ] GC(127)   Pre Evacuate Collection Set: 0.1ms
[2025-04-02T21:25:04.005-0400][17360.238s][info ][gc,phases   ] GC(127)   Merge Heap Roots: 0.1ms
[2025-04-02T21:25:04.005-0400][17360.238s][info ][gc,phases   ] GC(127)   Evacuate Collection Set: 1.5ms
[2025-04-02T21:25:04.005-0400][17360.238s][info ][gc,phases   ] GC(127)   Post Evacuate Collection Set: 0.7ms
[2025-04-02T21:25:04.005-0400][17360.238s][info ][gc,phases   ] GC(127)   Other: 0.1ms
[2025-04-02T21:25:04.005-0400][17360.238s][info ][gc,heap     ] GC(127) Eden regions: 267->0(267)
[2025-04-02T21:25:04.005-0400][17360.238s][info ][gc,heap     ] GC(127) Survivor regions: 2->2(34)
[2025-04-02T21:25:04.005-0400][17360.238s][info ][gc,heap     ] GC(127) Old regions: 186->186
[2025-04-02T21:25:04.005-0400][17360.238s][info ][gc,heap     ] GC(127) Archive regions: 0->0
[2025-04-02T21:25:04.005-0400][17360.238s][info ][gc,heap     ] GC(127) Humongous regions: 2->2
[2025-04-02T21:25:04.005-0400][17360.238s][info ][gc,metaspace] GC(127) Metaspace: 192103K(193664K)->192103K(193664K) NonClass: 169071K(169856K)->169071K(169856K) Class: 23031K(23808K)->23031K(23808K)
[2025-04-02T21:25:04.005-0400][17360.238s][info ][gc          ] GC(127) Pause Young (Normal) (G1 Evacuation Pause) 455M->188M(512M) 2.678ms
[2025-04-02T21:25:04.005-0400][17360.238s][info ][gc,cpu      ] GC(127) User=0.00s Sys=0.00s Real=0.00s
[2025-04-02T21:25:04.005-0400][17360.238s][info ][safepoint   ] Safepoint "G1CollectForAllocation", Time since last: 224013698200 ns, Reaching safepoint: 53600 ns, Cleanup: 8000 ns, At safepoint: 2765500 ns, Total: 2827100 ns
[2025-04-02T21:25:15.012-0400][17371.244s][debug][safepoint   ] Safepoint synchronization initiated using striped semaphore wait barrier. (246 threads)
[2025-04-02T21:25:15.012-0400][17371.244s][info ][safepoint   ] Safepoint "Cleanup", Time since last: 11005260300 ns, Reaching safepoint: 90100 ns, Cleanup: 12500 ns, At safepoint: 2300 ns, Total: 104900 ns
[2025-04-02T21:28:49.159-0400][17585.391s][debug][safepoint   ] Safepoint synchronization initiated using striped semaphore wait barrier. (246 threads)
[2025-04-02T21:28:49.159-0400][17585.391s][info ][gc,start    ] GC(128) Pause Young (Normal) (G1 Evacuation Pause)
[2025-04-02T21:28:49.159-0400][17585.391s][info ][gc,task     ] GC(128) Using 23 workers of 23 for evacuation
[2025-04-02T21:28:49.162-0400][17585.394s][info ][gc,phases   ] GC(128)   Pre Evacuate Collection Set: 0.5ms
[2025-04-02T21:28:49.162-0400][17585.394s][info ][gc,phases   ] GC(128)   Merge Heap Roots: 0.2ms
[2025-04-02T21:28:49.162-0400][17585.394s][info ][gc,phases   ] GC(128)   Evacuate Collection Set: 1.0ms
[2025-04-02T21:28:49.162-0400][17585.394s][info ][gc,phases   ] GC(128)   Post Evacuate Collection Set: 1.1ms
[2025-04-02T21:28:49.162-0400][17585.394s][info ][gc,phases   ] GC(128)   Other: 0.1ms
[2025-04-02T21:28:49.162-0400][17585.394s][info ][gc,heap     ] GC(128) Eden regions: 267->0(267)
[2025-04-02T21:28:49.162-0400][17585.394s][info ][gc,heap     ] GC(128) Survivor regions: 2->2(34)
[2025-04-02T21:28:49.162-0400][17585.394s][info ][gc,heap     ] GC(128) Old regions: 186->186
[2025-04-02T21:28:49.162-0400][17585.394s][info ][gc,heap     ] GC(128) Archive regions: 0->0
[2025-04-02T21:28:49.162-0400][17585.394s][info ][gc,heap     ] GC(128) Humongous regions: 2->2
[2025-04-02T21:28:49.162-0400][17585.394s][info ][gc,metaspace] GC(128) Metaspace: 192103K(193664K)->192103K(193664K) NonClass: 169072K(169856K)->169072K(169856K) Class: 23031K(23808K)->23031K(23808K)
[2025-04-02T21:28:49.162-0400][17585.394s][info ][gc          ] GC(128) Pause Young (Normal) (G1 Evacuation Pause) 455M->188M(512M) 3.106ms
[2025-04-02T21:28:49.162-0400][17585.394s][info ][gc,cpu      ] GC(128) User=0.00s Sys=0.00s Real=0.00s
[2025-04-02T21:28:49.162-0400][17585.394s][info ][safepoint   ] Safepoint "G1CollectForAllocation", Time since last: 214147089000 ns, Reaching safepoint: 78900 ns, Cleanup: 3400 ns, At safepoint: 3198600 ns, Total: 3280900 ns
[2025-04-02T21:31:18.694-0400][17734.926s][debug][safepoint   ] Safepoint synchronization initiated using striped semaphore wait barrier. (247 threads)
[2025-04-02T21:31:18.694-0400][17734.927s][info ][safepoint   ] Safepoint "Cleanup", Time since last: 149532356800 ns, Reaching safepoint: 116500 ns, Cleanup: 10100 ns, At safepoint: 2200 ns, Total: 128800 ns
[2025-04-02T21:32:30.251-0400][17806.483s][debug][safepoint   ] Safepoint synchronization initiated using striped semaphore wait barrier. (247 threads)
[2025-04-02T21:32:30.251-0400][17806.484s][info ][gc,start    ] GC(129) Pause Young (Normal) (G1 Evacuation Pause)
[2025-04-02T21:32:30.251-0400][17806.484s][info ][gc,task     ] GC(129) Using 23 workers of 23 for evacuation
[2025-04-02T21:32:30.254-0400][17806.486s][info ][gc,phases   ] GC(129)   Pre Evacuate Collection Set: 0.1ms
[2025-04-02T21:32:30.254-0400][17806.486s][info ][gc,phases   ] GC(129)   Merge Heap Roots: 0.1ms
[2025-04-02T21:32:30.254-0400][17806.486s][info ][gc,phases   ] GC(129)   Evacuate Collection Set: 1.7ms
[2025-04-02T21:32:30.254-0400][17806.486s][info ][gc,phases   ] GC(129)   Post Evacuate Collection Set: 0.9ms
[2025-04-02T21:32:30.254-0400][17806.486s][info ][gc,phases   ] GC(129)   Other: 0.1ms
[2025-04-02T21:32:30.254-0400][17806.486s][info ][gc,heap     ] GC(129) Eden regions: 267->0(267)
[2025-04-02T21:32:30.254-0400][17806.486s][info ][gc,heap     ] GC(129) Survivor regions: 2->2(34)
[2025-04-02T21:32:30.254-0400][17806.486s][info ][gc,heap     ] GC(129) Old regions: 186->186
[2025-04-02T21:32:30.254-0400][17806.486s][info ][gc,heap     ] GC(129) Archive regions: 0->0
[2025-04-02T21:32:30.254-0400][17806.486s][info ][gc,heap     ] GC(129) Humongous regions: 2->2
[2025-04-02T21:32:30.254-0400][17806.486s][info ][gc,metaspace] GC(129) Metaspace: 192104K(193664K)->192104K(193664K) NonClass: 169073K(169856K)->169073K(169856K) Class: 23031K(23808K)->23031K(23808K)
[2025-04-02T21:32:30.254-0400][17806.486s][info ][gc          ] GC(129) Pause Young (Normal) (G1 Evacuation Pause) 455M->188M(512M) 2.954ms
[2025-04-02T21:32:30.254-0400][17806.487s][info ][gc,cpu      ] GC(129) User=0.03s Sys=0.00s Real=0.00s
[2025-04-02T21:32:30.254-0400][17806.487s][info ][safepoint   ] Safepoint "G1CollectForAllocation", Time since last: 71556833700 ns, Reaching safepoint: 50900 ns, Cleanup: 2200 ns, At safepoint: 3030600 ns, Total: 3083700 ns
[2025-04-02T21:32:37.257-0400][17813.489s][debug][safepoint   ] Safepoint synchronization initiated using striped semaphore wait barrier. (245 threads)
[2025-04-02T21:32:37.257-0400][17813.489s][info ][safepoint   ] Safepoint "Cleanup", Time since last: 7002308700 ns, Reaching safepoint: 49000 ns, Cleanup: 6400 ns, At safepoint: 1100 ns, Total: 56500 ns
[2025-04-02T21:33:06.272-0400][17842.504s][debug][safepoint   ] Safepoint synchronization initiated using striped semaphore wait barrier. (247 threads)
[2025-04-02T21:33:06.272-0400][17842.504s][info ][safepoint   ] Safepoint "Cleanup", Time since last: 29015033100 ns, Reaching safepoint: 68200 ns, Cleanup: 11400 ns, At safepoint: 1800 ns, Total: 81400 ns
[2025-04-02T21:34:15.049-0400][17911.281s][debug][safepoint   ] Safepoint synchronization initiated using striped semaphore wait barrier. (245 threads)
[2025-04-02T21:34:15.049-0400][17911.281s][info ][safepoint   ] Safepoint "Cleanup", Time since last: 68777292200 ns, Reaching safepoint: 57200 ns, Cleanup: 7200 ns, At safepoint: 1700 ns, Total: 66100 ns
[2025-04-02T21:36:12.298-0400][18028.531s][debug][safepoint   ] Safepoint synchronization initiated using striped semaphore wait barrier. (245 threads)
[2025-04-02T21:36:12.299-0400][18028.531s][info ][gc,start    ] GC(130) Pause Young (Normal) (G1 Evacuation Pause)
[2025-04-02T21:36:12.299-0400][18028.531s][info ][gc,task     ] GC(130) Using 23 workers of 23 for evacuation
[2025-04-02T21:36:12.302-0400][18028.534s][info ][gc,phases   ] GC(130)   Pre Evacuate Collection Set: 0.2ms
[2025-04-02T21:36:12.302-0400][18028.534s][info ][gc,phases   ] GC(130)   Merge Heap Roots: 0.2ms
[2025-04-02T21:36:12.302-0400][18028.534s][info ][gc,phases   ] GC(130)   Evacuate Collection Set: 1.3ms
[2025-04-02T21:36:12.302-0400][18028.534s][info ][gc,phases   ] GC(130)   Post Evacuate Collection Set: 1.3ms
[2025-04-02T21:36:12.302-0400][18028.534s][info ][gc,phases   ] GC(130)   Other: 0.1ms
[2025-04-02T21:36:12.302-0400][18028.534s][info ][gc,heap     ] GC(130) Eden regions: 267->0(267)
[2025-04-02T21:36:12.302-0400][18028.534s][info ][gc,heap     ] GC(130) Survivor regions: 2->2(34)
[2025-04-02T21:36:12.302-0400][18028.534s][info ][gc,heap     ] GC(130) Old regions: 186->186
[2025-04-02T21:36:12.302-0400][18028.534s][info ][gc,heap     ] GC(130) Archive regions: 0->0
[2025-04-02T21:36:12.302-0400][18028.534s][info ][gc,heap     ] GC(130) Humongous regions: 2->2
[2025-04-02T21:36:12.302-0400][18028.534s][info ][gc,metaspace] GC(130) Metaspace: 192108K(193664K)->192108K(193664K) NonClass: 169077K(169856K)->169077K(169856K) Class: 23031K(23808K)->23031K(23808K)
[2025-04-02T21:36:12.302-0400][18028.534s][info ][gc          ] GC(130) Pause Young (Normal) (G1 Evacuation Pause) 455M->188M(512M) 3.047ms
[2025-04-02T21:36:12.302-0400][18028.534s][info ][gc,cpu      ] GC(130) User=0.00s Sys=0.00s Real=0.00s
[2025-04-02T21:36:12.302-0400][18028.534s][info ][safepoint   ] Safepoint "G1CollectForAllocation", Time since last: 117249395800 ns, Reaching safepoint: 74500 ns, Cleanup: 8400 ns, At safepoint: 3153400 ns, Total: 3236300 ns
[2025-04-02T21:39:57.244-0400][18253.476s][debug][safepoint   ] Safepoint synchronization initiated using striped semaphore wait barrier. (245 threads)
[2025-04-02T21:39:57.244-0400][18253.476s][info ][gc,start    ] GC(131) Pause Young (Normal) (G1 Evacuation Pause)
[2025-04-02T21:39:57.244-0400][18253.476s][info ][gc,task     ] GC(131) Using 23 workers of 23 for evacuation
[2025-04-02T21:39:57.247-0400][18253.480s][info ][gc,phases   ] GC(131)   Pre Evacuate Collection Set: 0.3ms
[2025-04-02T21:39:57.247-0400][18253.480s][info ][gc,phases   ] GC(131)   Merge Heap Roots: 0.1ms
[2025-04-02T21:39:57.247-0400][18253.480s][info ][gc,phases   ] GC(131)   Evacuate Collection Set: 1.3ms
[2025-04-02T21:39:57.247-0400][18253.480s][info ][gc,phases   ] GC(131)   Post Evacuate Collection Set: 1.7ms
[2025-04-02T21:39:57.247-0400][18253.480s][info ][gc,phases   ] GC(131)   Other: 0.1ms
[2025-04-02T21:39:57.247-0400][18253.480s][info ][gc,heap     ] GC(131) Eden regions: 267->0(267)
[2025-04-02T21:39:57.247-0400][18253.480s][info ][gc,heap     ] GC(131) Survivor regions: 2->2(34)
[2025-04-02T21:39:57.247-0400][18253.480s][info ][gc,heap     ] GC(131) Old regions: 186->186
[2025-04-02T21:39:57.247-0400][18253.480s][info ][gc,heap     ] GC(131) Archive regions: 0->0
[2025-04-02T21:39:57.247-0400][18253.480s][info ][gc,heap     ] GC(131) Humongous regions: 2->2
[2025-04-02T21:39:57.247-0400][18253.480s][info ][gc,metaspace] GC(131) Metaspace: 192167K(193728K)->192167K(193728K) NonClass: 169136K(169920K)->169136K(169920K) Class: 23031K(23808K)->23031K(23808K)
[2025-04-02T21:39:57.247-0400][18253.480s][info ][gc          ] GC(131) Pause Young (Normal) (G1 Evacuation Pause) 455M->188M(512M) 3.607ms
[2025-04-02T21:39:57.247-0400][18253.480s][info ][gc,cpu      ] GC(131) User=0.00s Sys=0.00s Real=0.00s
[2025-04-02T21:39:57.247-0400][18253.480s][info ][safepoint   ] Safepoint "G1CollectForAllocation", Time since last: 224941931400 ns, Reaching safepoint: 78700 ns, Cleanup: 3000 ns, At safepoint: 3684300 ns, Total: 3766000 ns
[2025-04-02T21:43:41.028-0400][18477.261s][debug][safepoint   ] Safepoint synchronization initiated using striped semaphore wait barrier. (245 threads)
[2025-04-02T21:43:41.029-0400][18477.261s][info ][gc,start    ] GC(132) Pause Young (Normal) (G1 Evacuation Pause)
[2025-04-02T21:43:41.029-0400][18477.261s][info ][gc,task     ] GC(132) Using 23 workers of 23 for evacuation
[2025-04-02T21:43:41.031-0400][18477.264s][info ][gc,phases   ] GC(132)   Pre Evacuate Collection Set: 0.1ms
[2025-04-02T21:43:41.031-0400][18477.264s][info ][gc,phases   ] GC(132)   Merge Heap Roots: 0.1ms
[2025-04-02T21:43:41.031-0400][18477.264s][info ][gc,phases   ] GC(132)   Evacuate Collection Set: 1.1ms
[2025-04-02T21:43:41.031-0400][18477.264s][info ][gc,phases   ] GC(132)   Post Evacuate Collection Set: 1.2ms
[2025-04-02T21:43:41.031-0400][18477.264s][info ][gc,phases   ] GC(132)   Other: 0.1ms
[2025-04-02T21:43:41.031-0400][18477.264s][info ][gc,heap     ] GC(132) Eden regions: 267->0(267)
[2025-04-02T21:43:41.031-0400][18477.264s][info ][gc,heap     ] GC(132) Survivor regions: 2->2(34)
[2025-04-02T21:43:41.031-0400][18477.264s][info ][gc,heap     ] GC(132) Old regions: 186->186
[2025-04-02T21:43:41.031-0400][18477.264s][info ][gc,heap     ] GC(132) Archive regions: 0->0
[2025-04-02T21:43:41.031-0400][18477.264s][info ][gc,heap     ] GC(132) Humongous regions: 2->2
[2025-04-02T21:43:41.031-0400][18477.264s][info ][gc,metaspace] GC(132) Metaspace: 192167K(193728K)->192167K(193728K) NonClass: 169136K(169920K)->169136K(169920K) Class: 23031K(23808K)->23031K(23808K)
[2025-04-02T21:43:41.031-0400][18477.264s][info ][gc          ] GC(132) Pause Young (Normal) (G1 Evacuation Pause) 455M->188M(512M) 2.687ms
[2025-04-02T21:43:41.031-0400][18477.264s][info ][gc,cpu      ] GC(132) User=0.00s Sys=0.00s Real=0.00s
[2025-04-02T21:43:41.031-0400][18477.264s][info ][safepoint   ] Safepoint "G1CollectForAllocation", Time since last: 223781509400 ns, Reaching safepoint: 58300 ns, Cleanup: 6100 ns, At safepoint: 2768100 ns, Total: 2832500 ns
[2025-04-02T21:47:24.636-0400][18700.868s][debug][safepoint   ] Safepoint synchronization initiated using striped semaphore wait barrier. (245 threads)
[2025-04-02T21:47:24.636-0400][18700.868s][info ][gc,start    ] GC(133) Pause Young (Normal) (G1 Evacuation Pause)
[2025-04-02T21:47:24.636-0400][18700.868s][info ][gc,task     ] GC(133) Using 23 workers of 23 for evacuation
[2025-04-02T21:47:24.638-0400][18700.871s][info ][gc,phases   ] GC(133)   Pre Evacuate Collection Set: 0.1ms
[2025-04-02T21:47:24.638-0400][18700.871s][info ][gc,phases   ] GC(133)   Merge Heap Roots: 0.1ms
[2025-04-02T21:47:24.638-0400][18700.871s][info ][gc,phases   ] GC(133)   Evacuate Collection Set: 1.3ms
[2025-04-02T21:47:24.638-0400][18700.871s][info ][gc,phases   ] GC(133)   Post Evacuate Collection Set: 1.0ms
[2025-04-02T21:47:24.638-0400][18700.871s][info ][gc,phases   ] GC(133)   Other: 0.1ms
[2025-04-02T21:47:24.638-0400][18700.871s][info ][gc,heap     ] GC(133) Eden regions: 267->0(267)
[2025-04-02T21:47:24.638-0400][18700.871s][info ][gc,heap     ] GC(133) Survivor regions: 2->2(34)
[2025-04-02T21:47:24.638-0400][18700.871s][info ][gc,heap     ] GC(133) Old regions: 186->186
[2025-04-02T21:47:24.638-0400][18700.871s][info ][gc,heap     ] GC(133) Archive regions: 0->0
[2025-04-02T21:47:24.638-0400][18700.871s][info ][gc,heap     ] GC(133) Humongous regions: 2->2
[2025-04-02T21:47:24.638-0400][18700.871s][info ][gc,metaspace] GC(133) Metaspace: 192167K(193728K)->192167K(193728K) NonClass: 169136K(169920K)->169136K(169920K) Class: 23031K(23808K)->23031K(23808K)
[2025-04-02T21:47:24.638-0400][18700.871s][info ][gc          ] GC(133) Pause Young (Normal) (G1 Evacuation Pause) 455M->188M(512M) 2.708ms
[2025-04-02T21:47:24.638-0400][18700.871s][info ][gc,cpu      ] GC(133) User=0.00s Sys=0.00s Real=0.00s
[2025-04-02T21:47:24.638-0400][18700.871s][info ][safepoint   ] Safepoint "G1CollectForAllocation", Time since last: 223603975300 ns, Reaching safepoint: 69800 ns, Cleanup: 8200 ns, At safepoint: 2792000 ns, Total: 2870000 ns
[2025-04-02T21:51:09.875-0400][18926.107s][debug][safepoint   ] Safepoint synchronization initiated using striped semaphore wait barrier. (245 threads)
[2025-04-02T21:51:09.875-0400][18926.107s][info ][gc,start    ] GC(134) Pause Young (Normal) (G1 Evacuation Pause)
[2025-04-02T21:51:09.875-0400][18926.107s][info ][gc,task     ] GC(134) Using 23 workers of 23 for evacuation
[2025-04-02T21:51:09.878-0400][18926.110s][info ][gc,phases   ] GC(134)   Pre Evacuate Collection Set: 0.2ms
[2025-04-02T21:51:09.878-0400][18926.110s][info ][gc,phases   ] GC(134)   Merge Heap Roots: 0.1ms
[2025-04-02T21:51:09.878-0400][18926.110s][info ][gc,phases   ] GC(134)   Evacuate Collection Set: 1.4ms
[2025-04-02T21:51:09.878-0400][18926.110s][info ][gc,phases   ] GC(134)   Post Evacuate Collection Set: 1.3ms
[2025-04-02T21:51:09.878-0400][18926.110s][info ][gc,phases   ] GC(134)   Other: 0.1ms
[2025-04-02T21:51:09.878-0400][18926.110s][info ][gc,heap     ] GC(134) Eden regions: 267->0(267)
[2025-04-02T21:51:09.878-0400][18926.110s][info ][gc,heap     ] GC(134) Survivor regions: 2->2(34)
[2025-04-02T21:51:09.878-0400][18926.110s][info ][gc,heap     ] GC(134) Old regions: 186->186
[2025-04-02T21:51:09.878-0400][18926.110s][info ][gc,heap     ] GC(134) Archive regions: 0->0
[2025-04-02T21:51:09.878-0400][18926.110s][info ][gc,heap     ] GC(134) Humongous regions: 2->2
[2025-04-02T21:51:09.878-0400][18926.110s][info ][gc,metaspace] GC(134) Metaspace: 192167K(193728K)->192167K(193728K) NonClass: 169136K(169920K)->169136K(169920K) Class: 23031K(23808K)->23031K(23808K)
[2025-04-02T21:51:09.878-0400][18926.110s][info ][gc          ] GC(134) Pause Young (Normal) (G1 Evacuation Pause) 455M->188M(512M) 3.278ms
[2025-04-02T21:51:09.878-0400][18926.110s][info ][gc,cpu      ] GC(134) User=0.03s Sys=0.00s Real=0.00s
[2025-04-02T21:51:09.878-0400][18926.110s][info ][safepoint   ] Safepoint "G1CollectForAllocation", Time since last: 225236168800 ns, Reaching safepoint: 63200 ns, Cleanup: 3400 ns, At safepoint: 3355000 ns, Total: 3421600 ns
[2025-04-02T21:54:53.431-0400][19149.663s][debug][safepoint   ] Safepoint synchronization initiated using striped semaphore wait barrier. (245 threads)
[2025-04-02T21:54:53.431-0400][19149.663s][info ][gc,start    ] GC(135) Pause Young (Normal) (G1 Evacuation Pause)
[2025-04-02T21:54:53.431-0400][19149.663s][info ][gc,task     ] GC(135) Using 23 workers of 23 for evacuation
[2025-04-02T21:54:53.434-0400][19149.666s][info ][gc,phases   ] GC(135)   Pre Evacuate Collection Set: 0.1ms
[2025-04-02T21:54:53.434-0400][19149.666s][info ][gc,phases   ] GC(135)   Merge Heap Roots: 0.1ms
[2025-04-02T21:54:53.434-0400][19149.666s][info ][gc,phases   ] GC(135)   Evacuate Collection Set: 1.9ms
[2025-04-02T21:54:53.434-0400][19149.666s][info ][gc,phases   ] GC(135)   Post Evacuate Collection Set: 1.1ms
[2025-04-02T21:54:53.434-0400][19149.667s][info ][gc,phases   ] GC(135)   Other: 0.1ms
[2025-04-02T21:54:53.434-0400][19149.667s][info ][gc,heap     ] GC(135) Eden regions: 267->0(267)
[2025-04-02T21:54:53.434-0400][19149.667s][info ][gc,heap     ] GC(135) Survivor regions: 2->2(34)
[2025-04-02T21:54:53.434-0400][19149.667s][info ][gc,heap     ] GC(135) Old regions: 186->186
[2025-04-02T21:54:53.434-0400][19149.667s][info ][gc,heap     ] GC(135) Archive regions: 0->0
[2025-04-02T21:54:53.434-0400][19149.667s][info ][gc,heap     ] GC(135) Humongous regions: 2->2
[2025-04-02T21:54:53.434-0400][19149.667s][info ][gc,metaspace] GC(135) Metaspace: 192167K(193728K)->192167K(193728K) NonClass: 169136K(169920K)->169136K(169920K) Class: 23031K(23808K)->23031K(23808K)
[2025-04-02T21:54:53.434-0400][19149.667s][info ][gc          ] GC(135) Pause Young (Normal) (G1 Evacuation Pause) 455M->188M(512M) 3.361ms
[2025-04-02T21:54:53.434-0400][19149.667s][info ][gc,cpu      ] GC(135) User=0.00s Sys=0.00s Real=0.00s
[2025-04-02T21:54:53.434-0400][19149.667s][info ][safepoint   ] Safepoint "G1CollectForAllocation", Time since last: 223552631100 ns, Reaching safepoint: 59400 ns, Cleanup: 5200 ns, At safepoint: 3685300 ns, Total: 3749900 ns
[2025-04-02T21:58:37.066-0400][19373.298s][debug][safepoint   ] Safepoint synchronization initiated using striped semaphore wait barrier. (245 threads)
[2025-04-02T21:58:37.066-0400][19373.298s][info ][gc,start    ] GC(136) Pause Young (Normal) (G1 Evacuation Pause)
[2025-04-02T21:58:37.066-0400][19373.298s][info ][gc,task     ] GC(136) Using 23 workers of 23 for evacuation
[2025-04-02T21:58:37.069-0400][19373.301s][info ][gc,phases   ] GC(136)   Pre Evacuate Collection Set: 0.2ms
[2025-04-02T21:58:37.069-0400][19373.301s][info ][gc,phases   ] GC(136)   Merge Heap Roots: 0.1ms
[2025-04-02T21:58:37.069-0400][19373.301s][info ][gc,phases   ] GC(136)   Evacuate Collection Set: 1.6ms
[2025-04-02T21:58:37.069-0400][19373.301s][info ][gc,phases   ] GC(136)   Post Evacuate Collection Set: 1.2ms
[2025-04-02T21:58:37.069-0400][19373.301s][info ][gc,phases   ] GC(136)   Other: 0.1ms
[2025-04-02T21:58:37.069-0400][19373.301s][info ][gc,heap     ] GC(136) Eden regions: 267->0(268)
[2025-04-02T21:58:37.069-0400][19373.301s][info ][gc,heap     ] GC(136) Survivor regions: 2->2(34)
[2025-04-02T21:58:37.069-0400][19373.301s][info ][gc,heap     ] GC(136) Old regions: 186->186
[2025-04-02T21:58:37.069-0400][19373.301s][info ][gc,heap     ] GC(136) Archive regions: 0->0
[2025-04-02T21:58:37.069-0400][19373.301s][info ][gc,heap     ] GC(136) Humongous regions: 2->2
[2025-04-02T21:58:37.069-0400][19373.301s][info ][gc,metaspace] GC(136) Metaspace: 192169K(193728K)->192169K(193728K) NonClass: 169137K(169920K)->169137K(169920K) Class: 23031K(23808K)->23031K(23808K)
[2025-04-02T21:58:37.069-0400][19373.301s][info ][gc          ] GC(136) Pause Young (Normal) (G1 Evacuation Pause) 455M->188M(512M) 3.196ms
[2025-04-02T21:58:37.069-0400][19373.301s][info ][gc,cpu      ] GC(136) User=0.00s Sys=0.00s Real=0.00s
[2025-04-02T21:58:37.069-0400][19373.301s][info ][safepoint   ] Safepoint "G1CollectForAllocation", Time since last: 223631093700 ns, Reaching safepoint: 83200 ns, Cleanup: 3900 ns, At safepoint: 3274200 ns, Total: 3361300 ns
[2025-04-02T22:01:30.458-0400][19546.691s][debug][safepoint   ] Safepoint synchronization initiated using striped semaphore wait barrier. (245 threads)
[2025-04-02T22:01:30.458-0400][19546.691s][info ][safepoint   ] Safepoint "Cleanup", Time since last: 173389253400 ns, Reaching safepoint: 95100 ns, Cleanup: 8200 ns, At safepoint: 1700 ns, Total: 105000 ns
[2025-04-02T22:02:13.482-0400][19589.714s][debug][safepoint   ] Safepoint synchronization initiated using striped semaphore wait barrier. (245 threads)
[2025-04-02T22:02:13.482-0400][19589.714s][info ][safepoint   ] Safepoint "Cleanup", Time since last: 43023374500 ns, Reaching safepoint: 57200 ns, Cleanup: 7400 ns, At safepoint: 1800 ns, Total: 66400 ns
[2025-04-02T22:02:20.209-0400][19596.441s][debug][safepoint   ] Safepoint synchronization initiated using striped semaphore wait barrier. (245 threads)
[2025-04-02T22:02:20.209-0400][19596.441s][info ][gc,start    ] GC(137) Pause Young (Normal) (G1 Evacuation Pause)
[2025-04-02T22:02:20.209-0400][19596.441s][info ][gc,task     ] GC(137) Using 23 workers of 23 for evacuation
[2025-04-02T22:02:20.212-0400][19596.445s][info ][gc,phases   ] GC(137)   Pre Evacuate Collection Set: 0.3ms
[2025-04-02T22:02:20.212-0400][19596.445s][info ][gc,phases   ] GC(137)   Merge Heap Roots: 0.2ms
[2025-04-02T22:02:20.212-0400][19596.445s][info ][gc,phases   ] GC(137)   Evacuate Collection Set: 1.4ms
[2025-04-02T22:02:20.212-0400][19596.445s][info ][gc,phases   ] GC(137)   Post Evacuate Collection Set: 1.3ms
[2025-04-02T22:02:20.212-0400][19596.445s][info ][gc,phases   ] GC(137)   Other: 0.1ms
[2025-04-02T22:02:20.212-0400][19596.445s][info ][gc,heap     ] GC(137) Eden regions: 268->0(267)
[2025-04-02T22:02:20.212-0400][19596.445s][info ][gc,heap     ] GC(137) Survivor regions: 2->2(34)
[2025-04-02T22:02:20.212-0400][19596.445s][info ][gc,heap     ] GC(137) Old regions: 186->186
[2025-04-02T22:02:20.212-0400][19596.445s][info ][gc,heap     ] GC(137) Archive regions: 0->0
[2025-04-02T22:02:20.212-0400][19596.445s][info ][gc,heap     ] GC(137) Humongous regions: 2->2
[2025-04-02T22:02:20.212-0400][19596.445s][info ][gc,metaspace] GC(137) Metaspace: 192179K(193728K)->192179K(193728K) NonClass: 169148K(169920K)->169148K(169920K) Class: 23031K(23808K)->23031K(23808K)
[2025-04-02T22:02:20.212-0400][19596.445s][info ][gc          ] GC(137) Pause Young (Normal) (G1 Evacuation Pause) 456M->188M(512M) 3.472ms
[2025-04-02T22:02:20.212-0400][19596.445s][info ][gc,cpu      ] GC(137) User=0.00s Sys=0.00s Real=0.00s
[2025-04-02T22:02:20.212-0400][19596.445s][info ][safepoint   ] Safepoint "G1CollectForAllocation", Time since last: 6726932300 ns, Reaching safepoint: 73000 ns, Cleanup: 4100 ns, At safepoint: 3558000 ns, Total: 3635100 ns
[2025-04-02T22:03:42.724-0400][19678.956s][debug][safepoint   ] Safepoint synchronization initiated using striped semaphore wait barrier. (247 threads)
[2025-04-02T22:03:42.724-0400][19678.956s][info ][safepoint   ] Safepoint "Cleanup", Time since last: 82511675600 ns, Reaching safepoint: 80000 ns, Cleanup: 11800 ns, At safepoint: 7600 ns, Total: 99400 ns
[2025-04-02T22:05:01.859-0400][19758.091s][debug][safepoint   ] Safepoint synchronization initiated using striped semaphore wait barrier. (247 threads)
[2025-04-02T22:05:01.859-0400][19758.091s][info ][safepoint   ] Safepoint "Cleanup", Time since last: 79134596400 ns, Reaching safepoint: 52900 ns, Cleanup: 11400 ns, At safepoint: 1500 ns, Total: 65800 ns
[2025-04-02T22:05:32.058-0400][19788.290s][debug][safepoint   ] Safepoint synchronization initiated using striped semaphore wait barrier. (247 threads)
[2025-04-02T22:05:32.058-0400][19788.290s][info ][gc,start    ] GC(138) Pause Young (Normal) (G1 Evacuation Pause)
[2025-04-02T22:05:32.058-0400][19788.290s][info ][gc,task     ] GC(138) Using 23 workers of 23 for evacuation
[2025-04-02T22:05:32.060-0400][19788.293s][info ][gc,phases   ] GC(138)   Pre Evacuate Collection Set: 0.3ms
[2025-04-02T22:05:32.060-0400][19788.293s][info ][gc,phases   ] GC(138)   Merge Heap Roots: 0.1ms
[2025-04-02T22:05:32.060-0400][19788.293s][info ][gc,phases   ] GC(138)   Evacuate Collection Set: 1.1ms
[2025-04-02T22:05:32.060-0400][19788.293s][info ][gc,phases   ] GC(138)   Post Evacuate Collection Set: 1.0ms
[2025-04-02T22:05:32.060-0400][19788.293s][info ][gc,phases   ] GC(138)   Other: 0.1ms
[2025-04-02T22:05:32.060-0400][19788.293s][info ][gc,heap     ] GC(138) Eden regions: 267->0(267)
[2025-04-02T22:05:32.060-0400][19788.293s][info ][gc,heap     ] GC(138) Survivor regions: 2->2(34)
[2025-04-02T22:05:32.061-0400][19788.293s][info ][gc,heap     ] GC(138) Old regions: 186->186
[2025-04-02T22:05:32.061-0400][19788.293s][info ][gc,heap     ] GC(138) Archive regions: 0->0
[2025-04-02T22:05:32.061-0400][19788.293s][info ][gc,heap     ] GC(138) Humongous regions: 2->2
[2025-04-02T22:05:32.061-0400][19788.293s][info ][gc,metaspace] GC(138) Metaspace: 192202K(193792K)->192202K(193792K) NonClass: 169171K(169984K)->169171K(169984K) Class: 23031K(23808K)->23031K(23808K)
[2025-04-02T22:05:32.061-0400][19788.293s][info ][gc          ] GC(138) Pause Young (Normal) (G1 Evacuation Pause) 455M->188M(512M) 2.752ms
[2025-04-02T22:05:32.061-0400][19788.293s][info ][gc,cpu      ] GC(138) User=0.00s Sys=0.00s Real=0.00s
[2025-04-02T22:05:32.061-0400][19788.293s][info ][safepoint   ] Safepoint "G1CollectForAllocation", Time since last: 30199161400 ns, Reaching safepoint: 78300 ns, Cleanup: 3800 ns, At safepoint: 2874900 ns, Total: 2957000 ns
[2025-04-02T22:06:15.084-0400][19831.316s][debug][safepoint   ] Safepoint synchronization initiated using striped semaphore wait barrier. (246 threads)
[2025-04-02T22:06:15.084-0400][19831.316s][info ][safepoint   ] Safepoint "Cleanup", Time since last: 43023169600 ns, Reaching safepoint: 59400 ns, Cleanup: 8100 ns, At safepoint: 2000 ns, Total: 69500 ns
[2025-04-02T22:07:13.110-0400][19889.342s][debug][safepoint   ] Safepoint synchronization initiated using striped semaphore wait barrier. (246 threads)
[2025-04-02T22:07:13.110-0400][19889.343s][info ][safepoint   ] Safepoint "Cleanup", Time since last: 58025961700 ns, Reaching safepoint: 96900 ns, Cleanup: 7000 ns, At safepoint: 1600 ns, Total: 105500 ns
[2025-04-02T22:08:04.136-0400][19940.368s][debug][safepoint   ] Safepoint synchronization initiated using striped semaphore wait barrier. (248 threads)
[2025-04-02T22:08:04.136-0400][19940.368s][info ][safepoint   ] Safepoint "Cleanup", Time since last: 51025679400 ns, Reaching safepoint: 63800 ns, Cleanup: 13300 ns, At safepoint: 1800 ns, Total: 78900 ns
[2025-04-02T22:08:15.140-0400][19951.372s][debug][safepoint   ] Safepoint synchronization initiated using striped semaphore wait barrier. (248 threads)
[2025-04-02T22:08:15.140-0400][19951.372s][info ][safepoint   ] Safepoint "Cleanup", Time since last: 11003791900 ns, Reaching safepoint: 51200 ns, Cleanup: 11300 ns, At safepoint: 1600 ns, Total: 64100 ns
[2025-04-02T22:08:18.141-0400][19954.373s][debug][safepoint   ] Safepoint synchronization initiated using striped semaphore wait barrier. (247 threads)
[2025-04-02T22:08:18.141-0400][19954.373s][info ][safepoint   ] Safepoint "Cleanup", Time since last: 3000682800 ns, Reaching safepoint: 55100 ns, Cleanup: 9900 ns, At safepoint: 1900 ns, Total: 66900 ns
[2025-04-02T22:08:22.143-0400][19958.375s][debug][safepoint   ] Safepoint synchronization initiated using striped semaphore wait barrier. (248 threads)
[2025-04-02T22:08:22.143-0400][19958.375s][info ][safepoint   ] Safepoint "Cleanup", Time since last: 4001946500 ns, Reaching safepoint: 55900 ns, Cleanup: 9800 ns, At safepoint: 1900 ns, Total: 67600 ns
[2025-04-02T22:08:56.716-0400][19992.948s][debug][safepoint   ] Safepoint synchronization initiated using striped semaphore wait barrier. (247 threads)
[2025-04-02T22:08:56.716-0400][19992.948s][info ][gc,start    ] GC(139) Pause Young (Normal) (G1 Evacuation Pause)
[2025-04-02T22:08:56.716-0400][19992.948s][info ][gc,task     ] GC(139) Using 23 workers of 23 for evacuation
[2025-04-02T22:08:56.718-0400][19992.950s][info ][gc,phases   ] GC(139)   Pre Evacuate Collection Set: 0.2ms
[2025-04-02T22:08:56.718-0400][19992.950s][info ][gc,phases   ] GC(139)   Merge Heap Roots: 0.1ms
[2025-04-02T22:08:56.718-0400][19992.950s][info ][gc,phases   ] GC(139)   Evacuate Collection Set: 1.3ms
[2025-04-02T22:08:56.718-0400][19992.950s][info ][gc,phases   ] GC(139)   Post Evacuate Collection Set: 0.9ms
[2025-04-02T22:08:56.718-0400][19992.950s][info ][gc,phases   ] GC(139)   Other: 0.1ms
[2025-04-02T22:08:56.718-0400][19992.950s][info ][gc,heap     ] GC(139) Eden regions: 267->0(267)
[2025-04-02T22:08:56.718-0400][19992.950s][info ][gc,heap     ] GC(139) Survivor regions: 2->2(34)
[2025-04-02T22:08:56.718-0400][19992.950s][info ][gc,heap     ] GC(139) Old regions: 186->186
[2025-04-02T22:08:56.718-0400][19992.950s][info ][gc,heap     ] GC(139) Archive regions: 0->0
[2025-04-02T22:08:56.718-0400][19992.950s][info ][gc,heap     ] GC(139) Humongous regions: 2->2
[2025-04-02T22:08:56.718-0400][19992.950s][info ][gc,metaspace] GC(139) Metaspace: 192284K(193920K)->192284K(193920K) NonClass: 169252K(170112K)->169252K(170112K) Class: 23032K(23808K)->23032K(23808K)
[2025-04-02T22:08:56.718-0400][19992.950s][info ][gc          ] GC(139) Pause Young (Normal) (G1 Evacuation Pause) 455M->188M(512M) 2.749ms
[2025-04-02T22:08:56.718-0400][19992.951s][info ][gc,cpu      ] GC(139) User=0.00s Sys=0.00s Real=0.00s
[2025-04-02T22:08:56.718-0400][19992.951s][info ][safepoint   ] Safepoint "G1CollectForAllocation", Time since last: 34572725400 ns, Reaching safepoint: 68600 ns, Cleanup: 3800 ns, At safepoint: 2827600 ns, Total: 2900000 ns
[2025-04-02T22:09:11.727-0400][20007.959s][debug][safepoint   ] Safepoint synchronization initiated using striped semaphore wait barrier. (248 threads)
[2025-04-02T22:09:11.727-0400][20007.959s][info ][safepoint   ] Safepoint "Cleanup", Time since last: 15008268900 ns, Reaching safepoint: 53400 ns, Cleanup: 26200 ns, At safepoint: 1500 ns, Total: 81100 ns
[2025-04-02T22:09:12.728-0400][20008.960s][debug][safepoint   ] Safepoint synchronization initiated using striped semaphore wait barrier. (250 threads)
[2025-04-02T22:09:12.728-0400][20008.960s][info ][safepoint   ] Safepoint "Cleanup", Time since last: 1000688500 ns, Reaching safepoint: 111200 ns, Cleanup: 29500 ns, At safepoint: 2600 ns, Total: 143300 ns
[2025-04-02T22:09:28.443-0400][20024.676s][debug][safepoint   ] Safepoint synchronization initiated using striped semaphore wait barrier. (248 threads)
[2025-04-02T22:09:28.443-0400][20024.676s][info ][safepoint   ] Safepoint "Cleanup", Time since last: 15716001200 ns, Reaching safepoint: 55100 ns, Cleanup: 14200 ns, At safepoint: 2200 ns, Total: 71500 ns
[2025-04-02T22:09:33.445-0400][20029.677s][debug][safepoint   ] Safepoint synchronization initiated using striped semaphore wait barrier. (248 threads)
[2025-04-02T22:09:33.445-0400][20029.677s][info ][safepoint   ] Safepoint "Cleanup", Time since last: 5001382100 ns, Reaching safepoint: 51900 ns, Cleanup: 7500 ns, At safepoint: 1600 ns, Total: 61000 ns
[2025-04-02T22:09:37.447-0400][20033.679s][debug][safepoint   ] Safepoint synchronization initiated using striped semaphore wait barrier. (248 threads)
[2025-04-02T22:09:37.447-0400][20033.679s][info ][safepoint   ] Safepoint "Cleanup", Time since last: 4001531700 ns, Reaching safepoint: 67700 ns, Cleanup: 20500 ns, At safepoint: 5800 ns, Total: 94000 ns
[2025-04-02T22:09:37.542-0400][20033.774s][debug][safepoint   ] Safepoint synchronization initiated using striped semaphore wait barrier. (267 threads)
[2025-04-02T22:09:37.542-0400][20033.774s][info ][gc,start    ] GC(140) Pause Young (Normal) (G1 Evacuation Pause)
[2025-04-02T22:09:37.542-0400][20033.774s][info ][gc,task     ] GC(140) Using 23 workers of 23 for evacuation
[2025-04-02T22:09:37.545-0400][20033.778s][info ][gc,phases   ] GC(140)   Pre Evacuate Collection Set: 0.5ms
[2025-04-02T22:09:37.545-0400][20033.778s][info ][gc,phases   ] GC(140)   Merge Heap Roots: 0.3ms
[2025-04-02T22:09:37.545-0400][20033.778s][info ][gc,phases   ] GC(140)   Evacuate Collection Set: 1.3ms
[2025-04-02T22:09:37.545-0400][20033.778s][info ][gc,phases   ] GC(140)   Post Evacuate Collection Set: 1.4ms
[2025-04-02T22:09:37.545-0400][20033.778s][info ][gc,phases   ] GC(140)   Other: 0.1ms
[2025-04-02T22:09:37.545-0400][20033.778s][info ][gc,heap     ] GC(140) Eden regions: 267->0(267)
[2025-04-02T22:09:37.546-0400][20033.778s][info ][gc,heap     ] GC(140) Survivor regions: 2->2(34)
[2025-04-02T22:09:37.546-0400][20033.778s][info ][gc,heap     ] GC(140) Old regions: 186->186
[2025-04-02T22:09:37.546-0400][20033.778s][info ][gc,heap     ] GC(140) Archive regions: 0->0
[2025-04-02T22:09:37.546-0400][20033.778s][info ][gc,heap     ] GC(140) Humongous regions: 17->2
[2025-04-02T22:09:37.546-0400][20033.778s][info ][gc,metaspace] GC(140) Metaspace: 192454K(194048K)->192454K(194048K) NonClass: 169420K(170240K)->169420K(170240K) Class: 23034K(23808K)->23034K(23808K)
[2025-04-02T22:09:37.546-0400][20033.778s][info ][gc          ] GC(140) Pause Young (Normal) (G1 Evacuation Pause) 470M->188M(512M) 3.803ms
[2025-04-02T22:09:37.546-0400][20033.778s][info ][gc,cpu      ] GC(140) User=0.00s Sys=0.00s Real=0.00s
[2025-04-02T22:09:37.546-0400][20033.778s][info ][safepoint   ] Safepoint "G1CollectForAllocation", Time since last: 95489100 ns, Reaching safepoint: 69600 ns, Cleanup: 7300 ns, At safepoint: 3942900 ns, Total: 4019800 ns
[2025-04-02T22:09:39.547-0400][20035.779s][debug][safepoint   ] Safepoint synchronization initiated using striped semaphore wait barrier. (269 threads)
[2025-04-02T22:09:39.547-0400][20035.779s][info ][safepoint   ] Safepoint "Cleanup", Time since last: 2000750400 ns, Reaching safepoint: 42400 ns, Cleanup: 41300 ns, At safepoint: 2600 ns, Total: 86300 ns
[2025-04-02T22:09:45.550-0400][20041.782s][debug][safepoint   ] Safepoint synchronization initiated using striped semaphore wait barrier. (268 threads)
[2025-04-02T22:09:45.550-0400][20041.783s][info ][safepoint   ] Safepoint "Cleanup", Time since last: 6003289800 ns, Reaching safepoint: 57200 ns, Cleanup: 14900 ns, At safepoint: 1700 ns, Total: 73800 ns
[2025-04-02T22:09:47.551-0400][20043.783s][debug][safepoint   ] Safepoint synchronization initiated using striped semaphore wait barrier. (268 threads)
[2025-04-02T22:09:47.551-0400][20043.783s][info ][safepoint   ] Safepoint "Cleanup", Time since last: 2000456900 ns, Reaching safepoint: 64000 ns, Cleanup: 15400 ns, At safepoint: 1900 ns, Total: 81300 ns
[2025-04-02T22:09:48.551-0400][20044.783s][debug][safepoint   ] Safepoint synchronization initiated using striped semaphore wait barrier. (275 threads)
[2025-04-02T22:09:48.551-0400][20044.783s][info ][safepoint   ] Safepoint "Cleanup", Time since last: 1000186500 ns, Reaching safepoint: 110200 ns, Cleanup: 7800 ns, At safepoint: 1700 ns, Total: 119700 ns
[2025-04-02T22:09:49.552-0400][20045.784s][debug][safepoint   ] Safepoint synchronization initiated using striped semaphore wait barrier. (271 threads)
[2025-04-02T22:09:49.552-0400][20045.784s][info ][safepoint   ] Safepoint "Cleanup", Time since last: 1000603200 ns, Reaching safepoint: 69300 ns, Cleanup: 10800 ns, At safepoint: 3500 ns, Total: 83600 ns
[2025-04-02T22:09:50.553-0400][20046.785s][debug][safepoint   ] Safepoint synchronization initiated using striped semaphore wait barrier. (268 threads)
[2025-04-02T22:09:50.553-0400][20046.785s][info ][safepoint   ] Safepoint "Cleanup", Time since last: 1000846700 ns, Reaching safepoint: 35600 ns, Cleanup: 37900 ns, At safepoint: 3900 ns, Total: 77400 ns
[2025-04-02T22:09:58.556-0400][20054.788s][debug][safepoint   ] Safepoint synchronization initiated using striped semaphore wait barrier. (267 threads)
[2025-04-02T22:09:58.556-0400][20054.788s][info ][safepoint   ] Safepoint "Cleanup", Time since last: 8003314100 ns, Reaching safepoint: 71300 ns, Cleanup: 49100 ns, At safepoint: 6900 ns, Total: 127300 ns
[2025-04-02T22:09:59.556-0400][20055.788s][debug][safepoint   ] Safepoint synchronization initiated using striped semaphore wait barrier. (267 threads)
[2025-04-02T22:09:59.556-0400][20055.789s][info ][safepoint   ] Safepoint "Cleanup", Time since last: 1000030900 ns, Reaching safepoint: 52700 ns, Cleanup: 7500 ns, At safepoint: 1800 ns, Total: 62000 ns
[2025-04-02T22:10:00.557-0400][20056.789s][debug][safepoint   ] Safepoint synchronization initiated using striped semaphore wait barrier. (269 threads)
[2025-04-02T22:10:00.557-0400][20056.789s][info ][safepoint   ] Safepoint "Cleanup", Time since last: 1000171700 ns, Reaching safepoint: 76700 ns, Cleanup: 14000 ns, At safepoint: 2100 ns, Total: 92800 ns
[2025-04-02T22:10:02.557-0400][20058.789s][debug][safepoint   ] Safepoint synchronization initiated using striped semaphore wait barrier. (267 threads)
[2025-04-02T22:10:02.557-0400][20058.789s][info ][safepoint   ] Safepoint "Cleanup", Time since last: 2000018200 ns, Reaching safepoint: 42200 ns, Cleanup: 13800 ns, At safepoint: 1400 ns, Total: 57400 ns
[2025-04-02T22:10:04.559-0400][20060.791s][debug][safepoint   ] Safepoint synchronization initiated using striped semaphore wait barrier. (267 threads)
[2025-04-02T22:10:04.559-0400][20060.791s][info ][safepoint   ] Safepoint "Cleanup", Time since last: 2001933300 ns, Reaching safepoint: 139900 ns, Cleanup: 9600 ns, At safepoint: 1300 ns, Total: 150800 ns
[2025-04-02T22:10:33.569-0400][20089.801s][debug][safepoint   ] Safepoint synchronization initiated using striped semaphore wait barrier. (267 threads)
[2025-04-02T22:10:33.569-0400][20089.801s][info ][safepoint   ] Safepoint "Cleanup", Time since last: 29009901300 ns, Reaching safepoint: 50000 ns, Cleanup: 6500 ns, At safepoint: 1600 ns, Total: 58100 ns
[2025-04-02T22:10:45.576-0400][20101.808s][debug][safepoint   ] Safepoint synchronization initiated using striped semaphore wait barrier. (265 threads)
[2025-04-02T22:10:45.576-0400][20101.808s][info ][safepoint   ] Safepoint "Cleanup", Time since last: 12007315000 ns, Reaching safepoint: 52700 ns, Cleanup: 7200 ns, At safepoint: 1200 ns, Total: 61100 ns
[2025-04-02T22:12:16.297-0400][20192.529s][debug][safepoint   ] Safepoint synchronization initiated using striped semaphore wait barrier. (259 threads)
[2025-04-02T22:12:16.297-0400][20192.530s][info ][gc,start    ] GC(141) Pause Young (Normal) (G1 Evacuation Pause)
[2025-04-02T22:12:16.297-0400][20192.530s][info ][gc,task     ] GC(141) Using 23 workers of 23 for evacuation
[2025-04-02T22:12:16.303-0400][20192.536s][info ][gc,phases   ] GC(141)   Pre Evacuate Collection Set: 0.1ms
[2025-04-02T22:12:16.303-0400][20192.536s][info ][gc,phases   ] GC(141)   Merge Heap Roots: 0.1ms
[2025-04-02T22:12:16.303-0400][20192.536s][info ][gc,phases   ] GC(141)   Evacuate Collection Set: 4.8ms
[2025-04-02T22:12:16.303-0400][20192.536s][info ][gc,phases   ] GC(141)   Post Evacuate Collection Set: 1.4ms
[2025-04-02T22:12:16.303-0400][20192.536s][info ][gc,phases   ] GC(141)   Other: 0.1ms
[2025-04-02T22:12:16.303-0400][20192.536s][info ][gc,heap     ] GC(141) Eden regions: 267->0(263)
[2025-04-02T22:12:16.303-0400][20192.536s][info ][gc,heap     ] GC(141) Survivor regions: 2->4(34)
[2025-04-02T22:12:16.303-0400][20192.536s][info ][gc,heap     ] GC(141) Old regions: 186->186
[2025-04-02T22:12:16.303-0400][20192.536s][info ][gc,heap     ] GC(141) Archive regions: 0->0
[2025-04-02T22:12:16.303-0400][20192.536s][info ][gc,heap     ] GC(141) Humongous regions: 2->2
[2025-04-02T22:12:16.303-0400][20192.536s][info ][gc,metaspace] GC(141) Metaspace: 192574K(194176K)->192574K(194176K) NonClass: 169533K(170368K)->169533K(170368K) Class: 23040K(23808K)->23040K(23808K)
[2025-04-02T22:12:16.303-0400][20192.536s][info ][gc          ] GC(141) Pause Young (Normal) (G1 Evacuation Pause) 455M->190M(512M) 6.691ms
[2025-04-02T22:12:16.303-0400][20192.536s][info ][gc,cpu      ] GC(141) User=0.03s Sys=0.00s Real=0.01s
[2025-04-02T22:12:16.303-0400][20192.536s][info ][safepoint   ] Safepoint "G1CollectForAllocation", Time since last: 90721172500 ns, Reaching safepoint: 70900 ns, Cleanup: 2600 ns, At safepoint: 6797000 ns, Total: 6870500 ns
[2025-04-02T22:15:57.040-0400][20413.272s][debug][safepoint   ] Safepoint synchronization initiated using striped semaphore wait barrier. (250 threads)
[2025-04-02T22:15:57.040-0400][20413.272s][info ][gc,start    ] GC(142) Pause Young (Normal) (G1 Evacuation Pause)
[2025-04-02T22:15:57.040-0400][20413.272s][info ][gc,task     ] GC(142) Using 23 workers of 23 for evacuation
[2025-04-02T22:15:57.044-0400][20413.277s][info ][gc,phases   ] GC(142)   Pre Evacuate Collection Set: 0.2ms
[2025-04-02T22:15:57.044-0400][20413.277s][info ][gc,phases   ] GC(142)   Merge Heap Roots: 0.2ms
[2025-04-02T22:15:57.044-0400][20413.277s][info ][gc,phases   ] GC(142)   Evacuate Collection Set: 3.0ms
[2025-04-02T22:15:57.044-0400][20413.277s][info ][gc,phases   ] GC(142)   Post Evacuate Collection Set: 1.1ms
[2025-04-02T22:15:57.044-0400][20413.277s][info ][gc,phases   ] GC(142)   Other: 0.1ms
[2025-04-02T22:15:57.044-0400][20413.277s][info ][gc,heap     ] GC(142) Eden regions: 263->0(264)
[2025-04-02T22:15:57.044-0400][20413.277s][info ][gc,heap     ] GC(142) Survivor regions: 4->4(34)
[2025-04-02T22:15:57.044-0400][20413.277s][info ][gc,heap     ] GC(142) Old regions: 186->186
[2025-04-02T22:15:57.044-0400][20413.277s][info ][gc,heap     ] GC(142) Archive regions: 0->0
[2025-04-02T22:15:57.044-0400][20413.277s][info ][gc,heap     ] GC(142) Humongous regions: 2->2
[2025-04-02T22:15:57.045-0400][20413.277s][info ][gc,metaspace] GC(142) Metaspace: 192574K(194176K)->192574K(194176K) NonClass: 169533K(170368K)->169533K(170368K) Class: 23040K(23808K)->23040K(23808K)
[2025-04-02T22:15:57.045-0400][20413.277s][info ][gc          ] GC(142) Pause Young (Normal) (G1 Evacuation Pause) 453M->190M(512M) 4.705ms
[2025-04-02T22:15:57.045-0400][20413.277s][info ][gc,cpu      ] GC(142) User=0.00s Sys=0.00s Real=0.01s
[2025-04-02T22:15:57.045-0400][20413.277s][info ][safepoint   ] Safepoint "G1CollectForAllocation", Time since last: 220735733800 ns, Reaching safepoint: 66300 ns, Cleanup: 3500 ns, At safepoint: 4795800 ns, Total: 4865600 ns
[2025-04-02T22:19:39.729-0400][20635.962s][debug][safepoint   ] Safepoint synchronization initiated using striped semaphore wait barrier. (247 threads)
[2025-04-02T22:19:39.729-0400][20635.962s][info ][gc,start    ] GC(143) Pause Young (Normal) (G1 Evacuation Pause)
[2025-04-02T22:19:39.729-0400][20635.962s][info ][gc,task     ] GC(143) Using 23 workers of 23 for evacuation
[2025-04-02T22:19:39.733-0400][20635.966s][info ][gc,phases   ] GC(143)   Pre Evacuate Collection Set: 0.4ms
[2025-04-02T22:19:39.733-0400][20635.966s][info ][gc,phases   ] GC(143)   Merge Heap Roots: 0.2ms
[2025-04-02T22:19:39.733-0400][20635.966s][info ][gc,phases   ] GC(143)   Evacuate Collection Set: 2.0ms
[2025-04-02T22:19:39.733-0400][20635.966s][info ][gc,phases   ] GC(143)   Post Evacuate Collection Set: 1.2ms
[2025-04-02T22:19:39.733-0400][20635.966s][info ][gc,phases   ] GC(143)   Other: 0.1ms
[2025-04-02T22:19:39.733-0400][20635.966s][info ][gc,heap     ] GC(143) Eden regions: 264->0(264)
[2025-04-02T22:19:39.733-0400][20635.966s][info ][gc,heap     ] GC(143) Survivor regions: 4->4(34)
[2025-04-02T22:19:39.733-0400][20635.966s][info ][gc,heap     ] GC(143) Old regions: 186->186
[2025-04-02T22:19:39.733-0400][20635.966s][info ][gc,heap     ] GC(143) Archive regions: 0->0
[2025-04-02T22:19:39.733-0400][20635.966s][info ][gc,heap     ] GC(143) Humongous regions: 2->2
[2025-04-02T22:19:39.733-0400][20635.966s][info ][gc,metaspace] GC(143) Metaspace: 192574K(194176K)->192574K(194176K) NonClass: 169533K(170368K)->169533K(170368K) Class: 23040K(23808K)->23040K(23808K)
[2025-04-02T22:19:39.733-0400][20635.966s][info ][gc          ] GC(143) Pause Young (Normal) (G1 Evacuation Pause) 454M->190M(512M) 4.024ms
[2025-04-02T22:19:39.733-0400][20635.966s][info ][gc,cpu      ] GC(143) User=0.00s Sys=0.00s Real=0.00s
[2025-04-02T22:19:39.733-0400][20635.966s][info ][safepoint   ] Safepoint "G1CollectForAllocation", Time since last: 222684617300 ns, Reaching safepoint: 131000 ns, Cleanup: 3600 ns, At safepoint: 4131500 ns, Total: 4266100 ns
[2025-04-02T22:20:13.750-0400][20669.982s][debug][safepoint   ] Safepoint synchronization initiated using striped semaphore wait barrier. (246 threads)
[2025-04-02T22:20:13.750-0400][20669.982s][info ][safepoint   ] Safepoint "Cleanup", Time since last: 34016086300 ns, Reaching safepoint: 49400 ns, Cleanup: 6200 ns, At safepoint: 1400 ns, Total: 57000 ns
[2025-04-02T22:20:27.159-0400][20683.391s][debug][safepoint   ] Safepoint synchronization initiated using striped semaphore wait barrier. (246 threads)
[2025-04-02T22:20:27.159-0400][20683.391s][info ][safepoint   ] Safepoint "Cleanup", Time since last: 13409207900 ns, Reaching safepoint: 47900 ns, Cleanup: 34300 ns, At safepoint: 2000 ns, Total: 84200 ns
[2025-04-02T22:23:15.243-0400][20851.475s][debug][safepoint   ] Safepoint synchronization initiated using striped semaphore wait barrier. (243 threads)
[2025-04-02T22:23:15.243-0400][20851.475s][info ][safepoint   ] Safepoint "Cleanup", Time since last: 168083293400 ns, Reaching safepoint: 112900 ns, Cleanup: 8300 ns, At safepoint: 1200 ns, Total: 122400 ns
[2025-04-02T22:23:20.659-0400][20856.891s][debug][safepoint   ] Safepoint synchronization initiated using striped semaphore wait barrier. (243 threads)
[2025-04-02T22:23:20.659-0400][20856.891s][info ][gc,start    ] GC(144) Pause Young (Normal) (G1 Evacuation Pause)
[2025-04-02T22:23:20.659-0400][20856.891s][info ][gc,task     ] GC(144) Using 23 workers of 23 for evacuation
[2025-04-02T22:23:20.664-0400][20856.897s][info ][gc,phases   ] GC(144)   Pre Evacuate Collection Set: 0.1ms
[2025-04-02T22:23:20.664-0400][20856.897s][info ][gc,phases   ] GC(144)   Merge Heap Roots: 0.1ms
[2025-04-02T22:23:20.664-0400][20856.897s][info ][gc,phases   ] GC(144)   Evacuate Collection Set: 3.9ms
[2025-04-02T22:23:20.664-0400][20856.897s][info ][gc,phases   ] GC(144)   Post Evacuate Collection Set: 1.5ms
[2025-04-02T22:23:20.664-0400][20856.897s][info ][gc,phases   ] GC(144)   Other: 0.1ms
[2025-04-02T22:23:20.664-0400][20856.897s][info ][gc,heap     ] GC(144) Eden regions: 264->0(264)
[2025-04-02T22:23:20.664-0400][20856.897s][info ][gc,heap     ] GC(144) Survivor regions: 4->4(34)
[2025-04-02T22:23:20.664-0400][20856.897s][info ][gc,heap     ] GC(144) Old regions: 186->186
[2025-04-02T22:23:20.664-0400][20856.897s][info ][gc,heap     ] GC(144) Archive regions: 0->0
[2025-04-02T22:23:20.664-0400][20856.897s][info ][gc,heap     ] GC(144) Humongous regions: 2->2
[2025-04-02T22:23:20.664-0400][20856.897s][info ][gc,metaspace] GC(144) Metaspace: 192574K(194176K)->192574K(194176K) NonClass: 169533K(170368K)->169533K(170368K) Class: 23040K(23808K)->23040K(23808K)
[2025-04-02T22:23:20.664-0400][20856.897s][info ][gc          ] GC(144) Pause Young (Normal) (G1 Evacuation Pause) 454M->190M(512M) 5.713ms
[2025-04-02T22:23:20.664-0400][20856.897s][info ][gc,cpu      ] GC(144) User=0.00s Sys=0.00s Real=0.01s
[2025-04-02T22:23:20.664-0400][20856.897s][info ][safepoint   ] Safepoint "G1CollectForAllocation", Time since last: 5416516700 ns, Reaching safepoint: 51400 ns, Cleanup: 2300 ns, At safepoint: 5780700 ns, Total: 5834400 ns
[2025-04-02T22:24:04.687-0400][20900.919s][debug][safepoint   ] Safepoint synchronization initiated using striped semaphore wait barrier. (242 threads)
[2025-04-02T22:24:04.687-0400][20900.919s][info ][safepoint   ] Safepoint "Cleanup", Time since last: 44022163300 ns, Reaching safepoint: 87500 ns, Cleanup: 7300 ns, At safepoint: 1300 ns, Total: 96100 ns
[2025-04-02T22:25:13.722-0400][20969.954s][debug][safepoint   ] Safepoint synchronization initiated using striped semaphore wait barrier. (241 threads)
[2025-04-02T22:25:13.722-0400][20969.954s][info ][safepoint   ] Safepoint "Cleanup", Time since last: 69034687300 ns, Reaching safepoint: 80100 ns, Cleanup: 8700 ns, At safepoint: 1700 ns, Total: 90500 ns
[2025-04-02T22:27:02.326-0400][21078.559s][debug][safepoint   ] Safepoint synchronization initiated using striped semaphore wait barrier. (240 threads)
[2025-04-02T22:27:02.326-0400][21078.559s][info ][gc,start    ] GC(145) Pause Young (Normal) (G1 Evacuation Pause)
[2025-04-02T22:27:02.326-0400][21078.559s][info ][gc,task     ] GC(145) Using 23 workers of 23 for evacuation
[2025-04-02T22:27:02.330-0400][21078.563s][info ][gc,phases   ] GC(145)   Pre Evacuate Collection Set: 0.2ms
[2025-04-02T22:27:02.330-0400][21078.563s][info ][gc,phases   ] GC(145)   Merge Heap Roots: 0.2ms
[2025-04-02T22:27:02.331-0400][21078.563s][info ][gc,phases   ] GC(145)   Evacuate Collection Set: 2.8ms
[2025-04-02T22:27:02.331-0400][21078.563s][info ][gc,phases   ] GC(145)   Post Evacuate Collection Set: 1.2ms
[2025-04-02T22:27:02.331-0400][21078.563s][info ][gc,phases   ] GC(145)   Other: 0.1ms
[2025-04-02T22:27:02.331-0400][21078.563s][info ][gc,heap     ] GC(145) Eden regions: 264->0(264)
[2025-04-02T22:27:02.331-0400][21078.563s][info ][gc,heap     ] GC(145) Survivor regions: 4->4(34)
[2025-04-02T22:27:02.331-0400][21078.563s][info ][gc,heap     ] GC(145) Old regions: 186->186
[2025-04-02T22:27:02.331-0400][21078.563s][info ][gc,heap     ] GC(145) Archive regions: 0->0
[2025-04-02T22:27:02.331-0400][21078.563s][info ][gc,heap     ] GC(145) Humongous regions: 2->2
[2025-04-02T22:27:02.331-0400][21078.563s][info ][gc,metaspace] GC(145) Metaspace: 192574K(194176K)->192574K(194176K) NonClass: 169533K(170368K)->169533K(170368K) Class: 23040K(23808K)->23040K(23808K)
[2025-04-02T22:27:02.331-0400][21078.563s][info ][gc          ] GC(145) Pause Young (Normal) (G1 Evacuation Pause) 454M->190M(512M) 4.434ms
[2025-04-02T22:27:02.331-0400][21078.563s][info ][gc,cpu      ] GC(145) User=0.03s Sys=0.00s Real=0.01s
[2025-04-02T22:27:02.331-0400][21078.563s][info ][safepoint   ] Safepoint "G1CollectForAllocation", Time since last: 108604532900 ns, Reaching safepoint: 51200 ns, Cleanup: 2900 ns, At safepoint: 4500600 ns, Total: 4554700 ns
[2025-04-02T22:29:48.420-0400][21244.652s][debug][safepoint   ] Safepoint synchronization initiated using striped semaphore wait barrier. (242 threads)
[2025-04-02T22:29:48.420-0400][21244.652s][info ][safepoint   ] Safepoint "Cleanup", Time since last: 166088461000 ns, Reaching safepoint: 158800 ns, Cleanup: 4600 ns, At safepoint: 1100 ns, Total: 164500 ns
[2025-04-02T22:30:02.425-0400][21258.657s][debug][safepoint   ] Safepoint synchronization initiated using striped semaphore wait barrier. (242 threads)
[2025-04-02T22:30:02.425-0400][21258.657s][info ][safepoint   ] Safepoint "Cleanup", Time since last: 14004895300 ns, Reaching safepoint: 59200 ns, Cleanup: 12900 ns, At safepoint: 1800 ns, Total: 73900 ns
[2025-04-02T22:30:42.784-0400][21299.016s][debug][safepoint   ] Safepoint synchronization initiated using striped semaphore wait barrier. (240 threads)
[2025-04-02T22:30:42.784-0400][21299.016s][info ][gc,start    ] GC(146) Pause Young (Normal) (G1 Evacuation Pause)
[2025-04-02T22:30:42.784-0400][21299.016s][info ][gc,task     ] GC(146) Using 23 workers of 23 for evacuation
[2025-04-02T22:30:42.788-0400][21299.021s][info ][gc,phases   ] GC(146)   Pre Evacuate Collection Set: 0.1ms
[2025-04-02T22:30:42.788-0400][21299.021s][info ][gc,phases   ] GC(146)   Merge Heap Roots: 0.1ms
[2025-04-02T22:30:42.788-0400][21299.021s][info ][gc,phases   ] GC(146)   Evacuate Collection Set: 2.9ms
[2025-04-02T22:30:42.788-0400][21299.021s][info ][gc,phases   ] GC(146)   Post Evacuate Collection Set: 1.3ms
[2025-04-02T22:30:42.788-0400][21299.021s][info ][gc,phases   ] GC(146)   Other: 0.1ms
[2025-04-02T22:30:42.788-0400][21299.021s][info ][gc,heap     ] GC(146) Eden regions: 264->0(266)
[2025-04-02T22:30:42.788-0400][21299.021s][info ][gc,heap     ] GC(146) Survivor regions: 4->3(34)
[2025-04-02T22:30:42.788-0400][21299.021s][info ][gc,heap     ] GC(146) Old regions: 186->186
[2025-04-02T22:30:42.788-0400][21299.021s][info ][gc,heap     ] GC(146) Archive regions: 0->0
[2025-04-02T22:30:42.788-0400][21299.021s][info ][gc,heap     ] GC(146) Humongous regions: 2->2
[2025-04-02T22:30:42.788-0400][21299.021s][info ][gc,metaspace] GC(146) Metaspace: 192665K(194240K)->192665K(194240K) NonClass: 169617K(170432K)->169617K(170432K) Class: 23047K(23808K)->23047K(23808K)
[2025-04-02T22:30:42.788-0400][21299.021s][info ][gc          ] GC(146) Pause Young (Normal) (G1 Evacuation Pause) 454M->190M(512M) 4.612ms
[2025-04-02T22:30:42.788-0400][21299.021s][info ][gc,cpu      ] GC(146) User=0.00s Sys=0.00s Real=0.00s
[2025-04-02T22:30:42.788-0400][21299.021s][info ][safepoint   ] Safepoint "G1CollectForAllocation", Time since last: 40359432500 ns, Reaching safepoint: 89400 ns, Cleanup: 3700 ns, At safepoint: 4696200 ns, Total: 4789300 ns
[2025-04-02T22:32:04.971-0400][21381.204s][debug][safepoint   ] Safepoint synchronization initiated using striped semaphore wait barrier. (240 threads)
[2025-04-02T22:32:04.971-0400][21381.204s][info ][safepoint   ] Safepoint "Cleanup", Time since last: 82183030100 ns, Reaching safepoint: 43300 ns, Cleanup: 5300 ns, At safepoint: 4600 ns, Total: 53200 ns
[2025-04-02T22:32:05.844-0400][21382.077s][debug][safepoint   ] Safepoint synchronization initiated using striped semaphore wait barrier. (244 threads)
[2025-04-02T22:32:05.844-0400][21382.077s][info ][gc,start    ] GC(147) Pause Young (Normal) (G1 Evacuation Pause)
[2025-04-02T22:32:05.844-0400][21382.077s][info ][gc,task     ] GC(147) Using 23 workers of 23 for evacuation
[2025-04-02T22:32:05.846-0400][21382.079s][info ][gc,phases   ] GC(147)   Pre Evacuate Collection Set: 0.1ms
[2025-04-02T22:32:05.846-0400][21382.079s][info ][gc,phases   ] GC(147)   Merge Heap Roots: 0.1ms
[2025-04-02T22:32:05.846-0400][21382.079s][info ][gc,phases   ] GC(147)   Evacuate Collection Set: 1.1ms
[2025-04-02T22:32:05.846-0400][21382.079s][info ][gc,phases   ] GC(147)   Post Evacuate Collection Set: 1.2ms
[2025-04-02T22:32:05.846-0400][21382.079s][info ][gc,phases   ] GC(147)   Other: 0.1ms
[2025-04-02T22:32:05.846-0400][21382.079s][info ][gc,heap     ] GC(147) Eden regions: 266->0(264)
[2025-04-02T22:32:05.846-0400][21382.079s][info ][gc,heap     ] GC(147) Survivor regions: 3->4(34)
[2025-04-02T22:32:05.846-0400][21382.079s][info ][gc,heap     ] GC(147) Old regions: 186->186
[2025-04-02T22:32:05.846-0400][21382.079s][info ][gc,heap     ] GC(147) Archive regions: 0->0
[2025-04-02T22:32:05.846-0400][21382.079s][info ][gc,heap     ] GC(147) Humongous regions: 17->2
[2025-04-02T22:32:05.846-0400][21382.079s][info ][gc,metaspace] GC(147) Metaspace: 192752K(194304K)->192752K(194304K) NonClass: 169702K(170496K)->169702K(170496K) Class: 23049K(23808K)->23049K(23808K)
[2025-04-02T22:32:05.847-0400][21382.079s][info ][gc          ] GC(147) Pause Young (Normal) (G1 Evacuation Pause) 471M->190M(512M) 2.667ms
[2025-04-02T22:32:05.847-0400][21382.079s][info ][gc,cpu      ] GC(147) User=0.17s Sys=0.02s Real=0.00s
[2025-04-02T22:32:05.847-0400][21382.079s][info ][safepoint   ] Safepoint "G1CollectForAllocation", Time since last: 872488300 ns, Reaching safepoint: 68400 ns, Cleanup: 48900 ns, At safepoint: 2758900 ns, Total: 2876200 ns
[2025-04-02T22:32:06.848-0400][21383.080s][debug][safepoint   ] Safepoint synchronization initiated using striped semaphore wait barrier. (269 threads)
[2025-04-02T22:32:06.848-0400][21383.080s][info ][safepoint   ] Safepoint "Cleanup", Time since last: 1000557600 ns, Reaching safepoint: 58800 ns, Cleanup: 10600 ns, At safepoint: 2200 ns, Total: 71600 ns
[2025-04-02T22:32:07.849-0400][21384.081s][debug][safepoint   ] Safepoint synchronization initiated using striped semaphore wait barrier. (272 threads)
[2025-04-02T22:32:07.849-0400][21384.081s][info ][safepoint   ] Safepoint "Cleanup", Time since last: 1001074600 ns, Reaching safepoint: 98100 ns, Cleanup: 12000 ns, At safepoint: 2200 ns, Total: 112300 ns
[2025-04-02T22:32:10.851-0400][21387.083s][debug][safepoint   ] Safepoint synchronization initiated using striped semaphore wait barrier. (266 threads)
[2025-04-02T22:32:10.851-0400][21387.083s][info ][safepoint   ] Safepoint "Cleanup", Time since last: 3001427100 ns, Reaching safepoint: 83000 ns, Cleanup: 10800 ns, At safepoint: 5700 ns, Total: 99500 ns
[2025-04-02T22:32:11.851-0400][21388.083s][debug][safepoint   ] Safepoint synchronization initiated using striped semaphore wait barrier. (274 threads)
[2025-04-02T22:32:11.854-0400][21388.086s][info ][safepoint   ] Safepoint "Cleanup", Time since last: 1000526000 ns, Reaching safepoint: 3012500 ns, Cleanup: 33500 ns, At safepoint: 16300 ns, Total: 3062300 ns
[2025-04-02T22:32:15.856-0400][21392.088s][debug][safepoint   ] Safepoint synchronization initiated using striped semaphore wait barrier. (269 threads)
[2025-04-02T22:32:15.856-0400][21392.088s][info ][safepoint   ] Safepoint "Cleanup", Time since last: 4001257600 ns, Reaching safepoint: 56500 ns, Cleanup: 21100 ns, At safepoint: 6000 ns, Total: 83600 ns
[2025-04-02T22:32:38.221-0400][21414.453s][debug][safepoint   ] Safepoint synchronization initiated using striped semaphore wait barrier. (266 threads)
[2025-04-02T22:32:38.221-0400][21414.453s][info ][safepoint   ] Safepoint "Cleanup", Time since last: 22365536000 ns, Reaching safepoint: 51400 ns, Cleanup: 7100 ns, At safepoint: 1400 ns, Total: 59900 ns
[2025-04-02T22:32:49.225-0400][21425.457s][debug][safepoint   ] Safepoint synchronization initiated using striped semaphore wait barrier. (266 threads)
[2025-04-02T22:32:49.225-0400][21425.458s][info ][safepoint   ] Safepoint "Cleanup", Time since last: 11004168900 ns, Reaching safepoint: 46600 ns, Cleanup: 9000 ns, At safepoint: 1700 ns, Total: 57300 ns
[2025-04-02T22:33:08.235-0400][21444.468s][debug][safepoint   ] Safepoint synchronization initiated using striped semaphore wait barrier. (263 threads)
[2025-04-02T22:33:08.235-0400][21444.468s][info ][safepoint   ] Safepoint "Cleanup", Time since last: 19010001200 ns, Reaching safepoint: 81900 ns, Cleanup: 8100 ns, At safepoint: 1400 ns, Total: 91400 ns
[2025-04-02T22:34:56.811-0400][21553.043s][debug][safepoint   ] Safepoint synchronization initiated using striped semaphore wait barrier. (256 threads)
[2025-04-02T22:34:56.811-0400][21553.043s][info ][gc,start    ] GC(148) Pause Young (Normal) (G1 Evacuation Pause)
[2025-04-02T22:34:56.811-0400][21553.043s][info ][gc,task     ] GC(148) Using 23 workers of 23 for evacuation
[2025-04-02T22:34:56.817-0400][21553.049s][info ][gc,phases   ] GC(148)   Pre Evacuate Collection Set: 0.2ms
[2025-04-02T22:34:56.817-0400][21553.049s][info ][gc,phases   ] GC(148)   Merge Heap Roots: 0.1ms
[2025-04-02T22:34:56.817-0400][21553.049s][info ][gc,phases   ] GC(148)   Evacuate Collection Set: 4.1ms
[2025-04-02T22:34:56.817-0400][21553.049s][info ][gc,phases   ] GC(148)   Post Evacuate Collection Set: 1.3ms
[2025-04-02T22:34:56.817-0400][21553.049s][info ][gc,phases   ] GC(148)   Other: 0.1ms
[2025-04-02T22:34:56.817-0400][21553.049s][info ][gc,heap     ] GC(148) Eden regions: 264->0(264)
[2025-04-02T22:34:56.817-0400][21553.049s][info ][gc,heap     ] GC(148) Survivor regions: 4->4(34)
[2025-04-02T22:34:56.817-0400][21553.049s][info ][gc,heap     ] GC(148) Old regions: 186->186
[2025-04-02T22:34:56.817-0400][21553.049s][info ][gc,heap     ] GC(148) Archive regions: 0->0
[2025-04-02T22:34:56.817-0400][21553.049s][info ][gc,heap     ] GC(148) Humongous regions: 2->2
[2025-04-02T22:34:56.817-0400][21553.049s][info ][gc,metaspace] GC(148) Metaspace: 192798K(194432K)->192798K(194432K) NonClass: 169746K(170560K)->169746K(170560K) Class: 23052K(23872K)->23052K(23872K)
[2025-04-02T22:34:56.817-0400][21553.049s][info ][gc          ] GC(148) Pause Young (Normal) (G1 Evacuation Pause) 454M->190M(512M) 6.083ms
[2025-04-02T22:34:56.817-0400][21553.049s][info ][gc,cpu      ] GC(148) User=0.05s Sys=0.00s Real=0.01s
[2025-04-02T22:34:56.817-0400][21553.049s][info ][safepoint   ] Safepoint "G1CollectForAllocation", Time since last: 108575134500 ns, Reaching safepoint: 82100 ns, Cleanup: 3300 ns, At safepoint: 6196200 ns, Total: 6281600 ns
[2025-04-02T22:35:10.823-0400][21567.055s][debug][safepoint   ] Safepoint synchronization initiated using striped semaphore wait barrier. (255 threads)
[2025-04-02T22:35:10.823-0400][21567.055s][info ][safepoint   ] Safepoint "Cleanup", Time since last: 14006399800 ns, Reaching safepoint: 52200 ns, Cleanup: 7400 ns, At safepoint: 1800 ns, Total: 61400 ns
[2025-04-02T22:35:37.836-0400][21594.068s][debug][safepoint   ] Safepoint synchronization initiated using striped semaphore wait barrier. (257 threads)
[2025-04-02T22:35:37.836-0400][21594.068s][info ][safepoint   ] Safepoint "Cleanup", Time since last: 27012076900 ns, Reaching safepoint: 78000 ns, Cleanup: 16700 ns, At safepoint: 1500 ns, Total: 96200 ns
[2025-04-02T22:35:39.147-0400][21595.379s][debug][safepoint   ] Safepoint synchronization initiated using striped semaphore wait barrier. (270 threads)
[2025-04-02T22:35:39.147-0400][21595.379s][info ][safepoint   ] Safepoint "Cleanup", Time since last: 1311436200 ns, Reaching safepoint: 144000 ns, Cleanup: 31800 ns, At safepoint: 1800 ns, Total: 177600 ns
[2025-04-02T22:36:02.158-0400][21618.390s][debug][safepoint   ] Safepoint synchronization initiated using striped semaphore wait barrier. (260 threads)
[2025-04-02T22:36:02.158-0400][21618.390s][info ][safepoint   ] Safepoint "Cleanup", Time since last: 23010977600 ns, Reaching safepoint: 126800 ns, Cleanup: 26300 ns, At safepoint: 2000 ns, Total: 155100 ns
[2025-04-02T22:36:12.162-0400][21628.394s][debug][safepoint   ] Safepoint synchronization initiated using striped semaphore wait barrier. (260 threads)
[2025-04-02T22:36:12.162-0400][21628.394s][info ][safepoint   ] Safepoint "Cleanup", Time since last: 10003673400 ns, Reaching safepoint: 72700 ns, Cleanup: 9100 ns, At safepoint: 1900 ns, Total: 83700 ns
[2025-04-02T22:36:13.163-0400][21629.395s][debug][safepoint   ] Safepoint synchronization initiated using striped semaphore wait barrier. (261 threads)
[2025-04-02T22:36:13.163-0400][21629.395s][info ][safepoint   ] Safepoint "Cleanup", Time since last: 1000413000 ns, Reaching safepoint: 82000 ns, Cleanup: 9700 ns, At safepoint: 1600 ns, Total: 93300 ns
[2025-04-02T22:36:20.167-0400][21636.399s][debug][safepoint   ] Safepoint synchronization initiated using striped semaphore wait barrier. (261 threads)
[2025-04-02T22:36:20.167-0400][21636.399s][info ][safepoint   ] Safepoint "Cleanup", Time since last: 7003979300 ns, Reaching safepoint: 50800 ns, Cleanup: 16200 ns, At safepoint: 1700 ns, Total: 68700 ns
[2025-04-02T22:36:25.169-0400][21641.401s][debug][safepoint   ] Safepoint synchronization initiated using striped semaphore wait barrier. (260 threads)
[2025-04-02T22:36:25.169-0400][21641.401s][info ][safepoint   ] Safepoint "Cleanup", Time since last: 5002157700 ns, Reaching safepoint: 140200 ns, Cleanup: 8000 ns, At safepoint: 1200 ns, Total: 149400 ns
[2025-04-02T22:36:37.703-0400][21653.935s][debug][safepoint   ] Safepoint synchronization initiated using striped semaphore wait barrier. (259 threads)
[2025-04-02T22:36:37.703-0400][21653.935s][info ][safepoint   ] Safepoint "Cleanup", Time since last: 12533980700 ns, Reaching safepoint: 87200 ns, Cleanup: 13100 ns, At safepoint: 2100 ns, Total: 102400 ns
[2025-04-02T22:36:43.706-0400][21659.938s][debug][safepoint   ] Safepoint synchronization initiated using striped semaphore wait barrier. (263 threads)
[2025-04-02T22:36:43.706-0400][21659.939s][info ][safepoint   ] Safepoint "Cleanup", Time since last: 6003274500 ns, Reaching safepoint: 63200 ns, Cleanup: 35500 ns, At safepoint: 10000 ns, Total: 108700 ns
[2025-04-02T22:36:43.751-0400][21659.984s][debug][safepoint   ] Safepoint synchronization initiated using striped semaphore wait barrier. (264 threads)
[2025-04-02T22:36:43.752-0400][21659.985s][info ][gc,start    ] GC(149) Pause Young (Normal) (G1 Evacuation Pause)
[2025-04-02T22:36:43.752-0400][21659.985s][info ][gc,task     ] GC(149) Using 23 workers of 23 for evacuation
[2025-04-02T22:36:43.756-0400][21659.989s][info ][gc,phases   ] GC(149)   Pre Evacuate Collection Set: 0.2ms
[2025-04-02T22:36:43.756-0400][21659.989s][info ][gc,phases   ] GC(149)   Merge Heap Roots: 0.1ms
[2025-04-02T22:36:43.756-0400][21659.989s][info ][gc,phases   ] GC(149)   Evacuate Collection Set: 2.3ms
[2025-04-02T22:36:43.756-0400][21659.989s][info ][gc,phases   ] GC(149)   Post Evacuate Collection Set: 1.2ms
[2025-04-02T22:36:43.756-0400][21659.989s][info ][gc,phases   ] GC(149)   Other: 0.1ms
[2025-04-02T22:36:43.756-0400][21659.989s][info ][gc,heap     ] GC(149) Eden regions: 264->0(258)
[2025-04-02T22:36:43.756-0400][21659.989s][info ][gc,heap     ] GC(149) Survivor regions: 4->7(34)
[2025-04-02T22:36:43.756-0400][21659.989s][info ][gc,heap     ] GC(149) Old regions: 186->186
[2025-04-02T22:36:43.756-0400][21659.989s][info ][gc,heap     ] GC(149) Archive regions: 0->0
[2025-04-02T22:36:43.756-0400][21659.989s][info ][gc,heap     ] GC(149) Humongous regions: 2->2
[2025-04-02T22:36:43.756-0400][21659.989s][info ][gc,metaspace] GC(149) Metaspace: 193262K(194880K)->193262K(194880K) NonClass: 170156K(170944K)->170156K(170944K) Class: 23106K(23936K)->23106K(23936K)
[2025-04-02T22:36:43.756-0400][21659.989s][info ][gc          ] GC(149) Pause Young (Normal) (G1 Evacuation Pause) 454M->193M(512M) 4.060ms
[2025-04-02T22:36:43.756-0400][21659.989s][info ][gc,cpu      ] GC(149) User=0.00s Sys=0.00s Real=0.00s
[2025-04-02T22:36:43.756-0400][21659.989s][info ][safepoint   ] Safepoint "G1CollectForAllocation", Time since last: 45763400 ns, Reaching safepoint: 376300 ns, Cleanup: 11700 ns, At safepoint: 4164300 ns, Total: 4552300 ns
[2025-04-02T22:36:45.757-0400][21661.989s][debug][safepoint   ] Safepoint synchronization initiated using striped semaphore wait barrier. (264 threads)
[2025-04-02T22:36:45.757-0400][21661.990s][info ][safepoint   ] Safepoint "Cleanup", Time since last: 2000672900 ns, Reaching safepoint: 86900 ns, Cleanup: 49700 ns, At safepoint: 2400 ns, Total: 139000 ns
[2025-04-02T22:37:15.779-0400][21692.012s][debug][safepoint   ] Safepoint synchronization initiated using striped semaphore wait barrier. (260 threads)
[2025-04-02T22:37:15.779-0400][21692.012s][info ][safepoint   ] Safepoint "Cleanup", Time since last: 30021979300 ns, Reaching safepoint: 83600 ns, Cleanup: 10200 ns, At safepoint: 1800 ns, Total: 95600 ns
[2025-04-02T22:37:17.780-0400][21694.012s][debug][safepoint   ] Safepoint synchronization initiated using striped semaphore wait barrier. (260 threads)
[2025-04-02T22:37:17.780-0400][21694.013s][info ][safepoint   ] Safepoint "Cleanup", Time since last: 2000748700 ns, Reaching safepoint: 100900 ns, Cleanup: 18500 ns, At safepoint: 6500 ns, Total: 125900 ns
[2025-04-02T22:40:02.726-0400][21858.959s][debug][safepoint   ] Safepoint synchronization initiated using striped semaphore wait barrier. (255 threads)
[2025-04-02T22:40:02.726-0400][21858.959s][info ][gc,start    ] GC(150) Pause Young (Normal) (G1 Evacuation Pause)
[2025-04-02T22:40:02.726-0400][21858.959s][info ][gc,task     ] GC(150) Using 23 workers of 23 for evacuation
[2025-04-02T22:40:02.731-0400][21858.964s][info ][gc,phases   ] GC(150)   Pre Evacuate Collection Set: 0.3ms
[2025-04-02T22:40:02.731-0400][21858.964s][info ][gc,phases   ] GC(150)   Merge Heap Roots: 0.1ms
[2025-04-02T22:40:02.731-0400][21858.964s][info ][gc,phases   ] GC(150)   Evacuate Collection Set: 3.9ms
[2025-04-02T22:40:02.731-0400][21858.964s][info ][gc,phases   ] GC(150)   Post Evacuate Collection Set: 0.9ms
[2025-04-02T22:40:02.731-0400][21858.964s][info ][gc,phases   ] GC(150)   Other: 0.1ms
[2025-04-02T22:40:02.731-0400][21858.964s][info ][gc,heap     ] GC(150) Eden regions: 258->0(258)
[2025-04-02T22:40:02.731-0400][21858.964s][info ][gc,heap     ] GC(150) Survivor regions: 7->7(34)
[2025-04-02T22:40:02.731-0400][21858.964s][info ][gc,heap     ] GC(150) Old regions: 186->186
[2025-04-02T22:40:02.731-0400][21858.964s][info ][gc,heap     ] GC(150) Archive regions: 0->0
[2025-04-02T22:40:02.731-0400][21858.964s][info ][gc,heap     ] GC(150) Humongous regions: 2->2
[2025-04-02T22:40:02.731-0400][21858.964s][info ][gc,metaspace] GC(150) Metaspace: 193393K(195008K)->193393K(195008K) NonClass: 170277K(171072K)->170277K(171072K) Class: 23115K(23936K)->23115K(23936K)
[2025-04-02T22:40:02.731-0400][21858.964s][info ][gc          ] GC(150) Pause Young (Normal) (G1 Evacuation Pause) 451M->193M(512M) 5.477ms
[2025-04-02T22:40:02.732-0400][21858.964s][info ][gc,cpu      ] GC(150) User=0.00s Sys=0.00s Real=0.01s
[2025-04-02T22:40:02.732-0400][21858.964s][info ][safepoint   ] Safepoint "G1CollectForAllocation", Time since last: 164946082800 ns, Reaching safepoint: 70400 ns, Cleanup: 10000 ns, At safepoint: 5571500 ns, Total: 5651900 ns
[2025-04-02T22:43:37.145-0400][22073.377s][debug][safepoint   ] Safepoint synchronization initiated using striped semaphore wait barrier. (252 threads)
[2025-04-02T22:43:37.145-0400][22073.377s][info ][gc,start    ] GC(151) Pause Young (Normal) (G1 Evacuation Pause)
[2025-04-02T22:43:37.145-0400][22073.377s][info ][gc,task     ] GC(151) Using 23 workers of 23 for evacuation
[2025-04-02T22:43:37.157-0400][22073.389s][info ][gc,phases   ] GC(151)   Pre Evacuate Collection Set: 0.1ms
[2025-04-02T22:43:37.157-0400][22073.389s][info ][gc,phases   ] GC(151)   Merge Heap Roots: 0.1ms
[2025-04-02T22:43:37.157-0400][22073.389s][info ][gc,phases   ] GC(151)   Evacuate Collection Set: 10.6ms
[2025-04-02T22:43:37.157-0400][22073.389s][info ][gc,phases   ] GC(151)   Post Evacuate Collection Set: 1.2ms
[2025-04-02T22:43:37.157-0400][22073.389s][info ][gc,phases   ] GC(151)   Other: 0.1ms
[2025-04-02T22:43:37.157-0400][22073.389s][info ][gc,heap     ] GC(151) Eden regions: 258->0(261)
[2025-04-02T22:43:37.157-0400][22073.389s][info ][gc,heap     ] GC(151) Survivor regions: 7->5(34)
[2025-04-02T22:43:37.157-0400][22073.389s][info ][gc,heap     ] GC(151) Old regions: 186->187
[2025-04-02T22:43:37.157-0400][22073.389s][info ][gc,heap     ] GC(151) Archive regions: 0->0
[2025-04-02T22:43:37.157-0400][22073.389s][info ][gc,heap     ] GC(151) Humongous regions: 2->2
[2025-04-02T22:43:37.157-0400][22073.389s][info ][gc,metaspace] GC(151) Metaspace: 193393K(195008K)->193393K(195008K) NonClass: 170277K(171072K)->170277K(171072K) Class: 23115K(23936K)->23115K(23936K)
[2025-04-02T22:43:37.157-0400][22073.389s][info ][gc          ] GC(151) Pause Young (Normal) (G1 Evacuation Pause) 451M->193M(512M) 12.278ms
[2025-04-02T22:43:37.157-0400][22073.389s][info ][gc,cpu      ] GC(151) User=0.00s Sys=0.00s Real=0.01s
[2025-04-02T22:43:37.157-0400][22073.389s][info ][safepoint   ] Safepoint "G1CollectForAllocation", Time since last: 214412555100 ns, Reaching safepoint: 64500 ns, Cleanup: 3400 ns, At safepoint: 12391500 ns, Total: 12459400 ns
[2025-04-02T22:45:51.825-0400][22208.057s][debug][safepoint   ] Safepoint synchronization initiated using striped semaphore wait barrier. (249 threads)
[2025-04-02T22:45:51.825-0400][22208.057s][info ][safepoint   ] Safepoint "Cleanup", Time since last: 134667992400 ns, Reaching safepoint: 97000 ns, Cleanup: 17600 ns, At safepoint: 1700 ns, Total: 116300 ns
[2025-04-02T22:47:15.813-0400][22292.045s][debug][safepoint   ] Safepoint synchronization initiated using striped semaphore wait barrier. (248 threads)
[2025-04-02T22:47:15.813-0400][22292.045s][info ][gc,start    ] GC(152) Pause Young (Normal) (G1 Evacuation Pause)
[2025-04-02T22:47:15.813-0400][22292.045s][info ][gc,task     ] GC(152) Using 23 workers of 23 for evacuation
[2025-04-02T22:47:15.822-0400][22292.054s][info ][gc,phases   ] GC(152)   Pre Evacuate Collection Set: 0.2ms
[2025-04-02T22:47:15.822-0400][22292.054s][info ][gc,phases   ] GC(152)   Merge Heap Roots: 0.1ms
[2025-04-02T22:47:15.822-0400][22292.054s][info ][gc,phases   ] GC(152)   Evacuate Collection Set: 7.3ms
[2025-04-02T22:47:15.822-0400][22292.054s][info ][gc,phases   ] GC(152)   Post Evacuate Collection Set: 1.3ms
[2025-04-02T22:47:15.822-0400][22292.054s][info ][gc,phases   ] GC(152)   Other: 0.1ms
[2025-04-02T22:47:15.822-0400][22292.054s][info ][gc,heap     ] GC(152) Eden regions: 261->0(261)
[2025-04-02T22:47:15.822-0400][22292.054s][info ][gc,heap     ] GC(152) Survivor regions: 5->5(34)
[2025-04-02T22:47:15.822-0400][22292.054s][info ][gc,heap     ] GC(152) Old regions: 187->187
[2025-04-02T22:47:15.822-0400][22292.054s][info ][gc,heap     ] GC(152) Archive regions: 0->0
[2025-04-02T22:47:15.822-0400][22292.054s][info ][gc,heap     ] GC(152) Humongous regions: 2->2
[2025-04-02T22:47:15.822-0400][22292.054s][info ][gc,metaspace] GC(152) Metaspace: 193393K(195008K)->193393K(195008K) NonClass: 170277K(171072K)->170277K(171072K) Class: 23115K(23936K)->23115K(23936K)
[2025-04-02T22:47:15.822-0400][22292.054s][info ][gc          ] GC(152) Pause Young (Normal) (G1 Evacuation Pause) 454M->193M(512M) 9.026ms
[2025-04-02T22:47:15.822-0400][22292.054s][info ][gc,cpu      ] GC(152) User=0.02s Sys=0.00s Real=0.01s
[2025-04-02T22:47:15.822-0400][22292.054s][info ][safepoint   ] Safepoint "G1CollectForAllocation", Time since last: 83987530700 ns, Reaching safepoint: 63600 ns, Cleanup: 3100 ns, At safepoint: 9109900 ns, Total: 9176600 ns
[2025-04-02T22:50:53.159-0400][22509.392s][debug][safepoint   ] Safepoint synchronization initiated using striped semaphore wait barrier. (244 threads)
[2025-04-02T22:50:53.159-0400][22509.392s][info ][gc,start    ] GC(153) Pause Young (Normal) (G1 Evacuation Pause)
[2025-04-02T22:50:53.159-0400][22509.392s][info ][gc,task     ] GC(153) Using 23 workers of 23 for evacuation
[2025-04-02T22:50:53.167-0400][22509.399s][info ][gc,phases   ] GC(153)   Pre Evacuate Collection Set: 0.1ms
[2025-04-02T22:50:53.167-0400][22509.399s][info ][gc,phases   ] GC(153)   Merge Heap Roots: 0.1ms
[2025-04-02T22:50:53.167-0400][22509.399s][info ][gc,phases   ] GC(153)   Evacuate Collection Set: 6.3ms
[2025-04-02T22:50:53.167-0400][22509.399s][info ][gc,phases   ] GC(153)   Post Evacuate Collection Set: 1.1ms
[2025-04-02T22:50:53.167-0400][22509.399s][info ][gc,phases   ] GC(153)   Other: 0.1ms
[2025-04-02T22:50:53.167-0400][22509.399s][info ][gc,heap     ] GC(153) Eden regions: 261->0(261)
[2025-04-02T22:50:53.167-0400][22509.399s][info ][gc,heap     ] GC(153) Survivor regions: 5->5(34)
[2025-04-02T22:50:53.167-0400][22509.399s][info ][gc,heap     ] GC(153) Old regions: 187->187
[2025-04-02T22:50:53.167-0400][22509.399s][info ][gc,heap     ] GC(153) Archive regions: 0->0
[2025-04-02T22:50:53.167-0400][22509.399s][info ][gc,heap     ] GC(153) Humongous regions: 2->2
[2025-04-02T22:50:53.167-0400][22509.399s][info ][gc,metaspace] GC(153) Metaspace: 193393K(195008K)->193393K(195008K) NonClass: 170277K(171072K)->170277K(171072K) Class: 23115K(23936K)->23115K(23936K)
[2025-04-02T22:50:53.167-0400][22509.399s][info ][gc          ] GC(153) Pause Young (Normal) (G1 Evacuation Pause) 454M->193M(512M) 7.784ms
[2025-04-02T22:50:53.167-0400][22509.399s][info ][gc,cpu      ] GC(153) User=0.00s Sys=0.00s Real=0.01s
[2025-04-02T22:50:53.167-0400][22509.399s][info ][safepoint   ] Safepoint "G1CollectForAllocation", Time since last: 217337360500 ns, Reaching safepoint: 40300 ns, Cleanup: 2000 ns, At safepoint: 7855800 ns, Total: 7898100 ns
[2025-04-02T22:50:54.168-0400][22510.400s][debug][safepoint   ] Safepoint synchronization initiated using striped semaphore wait barrier. (244 threads)
[2025-04-02T22:50:54.168-0400][22510.400s][info ][safepoint   ] Safepoint "Cleanup", Time since last: 1000704500 ns, Reaching safepoint: 107400 ns, Cleanup: 6200 ns, At safepoint: 11500 ns, Total: 125100 ns
[2025-04-02T22:54:14.911-0400][22711.143s][debug][safepoint   ] Safepoint synchronization initiated using striped semaphore wait barrier. (242 threads)
[2025-04-02T22:54:14.911-0400][22711.143s][info ][safepoint   ] Safepoint "Cleanup", Time since last: 200742736500 ns, Reaching safepoint: 108500 ns, Cleanup: 7500 ns, At safepoint: 2000 ns, Total: 118000 ns
[2025-04-02T22:54:29.916-0400][22726.148s][debug][safepoint   ] Safepoint synchronization initiated using striped semaphore wait barrier. (242 threads)
[2025-04-02T22:54:29.916-0400][22726.148s][info ][safepoint   ] Safepoint "Cleanup", Time since last: 15004655400 ns, Reaching safepoint: 66800 ns, Cleanup: 10500 ns, At safepoint: 1900 ns, Total: 79200 ns
[2025-04-02T22:54:30.601-0400][22726.833s][debug][safepoint   ] Safepoint synchronization initiated using striped semaphore wait barrier. (242 threads)
[2025-04-02T22:54:30.601-0400][22726.833s][info ][gc,start    ] GC(154) Pause Young (Normal) (G1 Evacuation Pause)
[2025-04-02T22:54:30.601-0400][22726.833s][info ][gc,task     ] GC(154) Using 23 workers of 23 for evacuation
[2025-04-02T22:54:30.610-0400][22726.842s][info ][gc,phases   ] GC(154)   Pre Evacuate Collection Set: 0.1ms
[2025-04-02T22:54:30.610-0400][22726.842s][info ][gc,phases   ] GC(154)   Merge Heap Roots: 0.1ms
[2025-04-02T22:54:30.610-0400][22726.842s][info ][gc,phases   ] GC(154)   Evacuate Collection Set: 7.1ms
[2025-04-02T22:54:30.610-0400][22726.843s][info ][gc,phases   ] GC(154)   Post Evacuate Collection Set: 1.7ms
[2025-04-02T22:54:30.610-0400][22726.843s][info ][gc,phases   ] GC(154)   Other: 0.1ms
[2025-04-02T22:54:30.610-0400][22726.843s][info ][gc,heap     ] GC(154) Eden regions: 261->0(261)
[2025-04-02T22:54:30.610-0400][22726.843s][info ][gc,heap     ] GC(154) Survivor regions: 5->5(34)
[2025-04-02T22:54:30.610-0400][22726.843s][info ][gc,heap     ] GC(154) Old regions: 187->187
[2025-04-02T22:54:30.610-0400][22726.843s][info ][gc,heap     ] GC(154) Archive regions: 0->0
[2025-04-02T22:54:30.610-0400][22726.843s][info ][gc,heap     ] GC(154) Humongous regions: 2->2
[2025-04-02T22:54:30.610-0400][22726.843s][info ][gc,metaspace] GC(154) Metaspace: 193393K(195008K)->193393K(195008K) NonClass: 170277K(171072K)->170277K(171072K) Class: 23115K(23936K)->23115K(23936K)
[2025-04-02T22:54:30.610-0400][22726.843s][info ][gc          ] GC(154) Pause Young (Normal) (G1 Evacuation Pause) 454M->193M(512M) 9.199ms
[2025-04-02T22:54:30.610-0400][22726.843s][info ][gc,cpu      ] GC(154) User=0.00s Sys=0.00s Real=0.01s
[2025-04-02T22:54:30.610-0400][22726.843s][info ][safepoint   ] Safepoint "G1CollectForAllocation", Time since last: 685458300 ns, Reaching safepoint: 45900 ns, Cleanup: 2200 ns, At safepoint: 9277700 ns, Total: 9325800 ns
[2025-04-02T22:58:10.392-0400][22946.624s][debug][safepoint   ] Safepoint synchronization initiated using striped semaphore wait barrier. (242 threads)
[2025-04-02T22:58:10.392-0400][22946.624s][info ][gc,start    ] GC(155) Pause Young (Normal) (G1 Evacuation Pause)
[2025-04-02T22:58:10.392-0400][22946.624s][info ][gc,task     ] GC(155) Using 23 workers of 23 for evacuation
[2025-04-02T22:58:10.400-0400][22946.633s][info ][gc,phases   ] GC(155)   Pre Evacuate Collection Set: 0.1ms
[2025-04-02T22:58:10.400-0400][22946.633s][info ][gc,phases   ] GC(155)   Merge Heap Roots: 0.1ms
[2025-04-02T22:58:10.401-0400][22946.633s][info ][gc,phases   ] GC(155)   Evacuate Collection Set: 7.1ms
[2025-04-02T22:58:10.401-0400][22946.633s][info ][gc,phases   ] GC(155)   Post Evacuate Collection Set: 1.1ms
[2025-04-02T22:58:10.401-0400][22946.633s][info ][gc,phases   ] GC(155)   Other: 0.1ms
[2025-04-02T22:58:10.401-0400][22946.633s][info ][gc,heap     ] GC(155) Eden regions: 261->0(261)
[2025-04-02T22:58:10.401-0400][22946.633s][info ][gc,heap     ] GC(155) Survivor regions: 5->5(34)
[2025-04-02T22:58:10.401-0400][22946.633s][info ][gc,heap     ] GC(155) Old regions: 187->187
[2025-04-02T22:58:10.401-0400][22946.633s][info ][gc,heap     ] GC(155) Archive regions: 0->0
[2025-04-02T22:58:10.401-0400][22946.633s][info ][gc,heap     ] GC(155) Humongous regions: 2->2
[2025-04-02T22:58:10.401-0400][22946.633s][info ][gc,metaspace] GC(155) Metaspace: 193393K(195008K)->193393K(195008K) NonClass: 170277K(171072K)->170277K(171072K) Class: 23115K(23936K)->23115K(23936K)
[2025-04-02T22:58:10.401-0400][22946.633s][info ][gc          ] GC(155) Pause Young (Normal) (G1 Evacuation Pause) 454M->193M(512M) 8.661ms
[2025-04-02T22:58:10.401-0400][22946.633s][info ][gc,cpu      ] GC(155) User=0.02s Sys=0.00s Real=0.01s
[2025-04-02T22:58:10.401-0400][22946.633s][info ][safepoint   ] Safepoint "G1CollectForAllocation", Time since last: 219781444200 ns, Reaching safepoint: 66800 ns, Cleanup: 6000 ns, At safepoint: 8759000 ns, Total: 8831800 ns
[2025-04-02T22:59:15.591-0400][23011.823s][debug][safepoint   ] Safepoint synchronization initiated using striped semaphore wait barrier. (242 threads)
[2025-04-02T22:59:15.591-0400][23011.823s][info ][safepoint   ] Safepoint "Cleanup", Time since last: 65189880500 ns, Reaching safepoint: 61100 ns, Cleanup: 11900 ns, At safepoint: 2100 ns, Total: 75100 ns
[2025-04-02T23:01:36.952-0400][23153.184s][debug][safepoint   ] Safepoint synchronization initiated using striped semaphore wait barrier. (242 threads)
[2025-04-02T23:01:36.952-0400][23153.184s][info ][safepoint   ] Safepoint "Cleanup", Time since last: 141361178500 ns, Reaching safepoint: 132500 ns, Cleanup: 6900 ns, At safepoint: 1500 ns, Total: 140900 ns
[2025-04-02T23:01:44.831-0400][23161.063s][debug][safepoint   ] Safepoint synchronization initiated using striped semaphore wait barrier. (242 threads)
[2025-04-02T23:01:44.831-0400][23161.063s][info ][gc,start    ] GC(156) Pause Young (Normal) (G1 Evacuation Pause)
[2025-04-02T23:01:44.831-0400][23161.063s][info ][gc,task     ] GC(156) Using 23 workers of 23 for evacuation
[2025-04-02T23:01:44.838-0400][23161.071s][info ][gc,phases   ] GC(156)   Pre Evacuate Collection Set: 0.1ms
[2025-04-02T23:01:44.838-0400][23161.071s][info ][gc,phases   ] GC(156)   Merge Heap Roots: 0.1ms
[2025-04-02T23:01:44.838-0400][23161.071s][info ][gc,phases   ] GC(156)   Evacuate Collection Set: 6.3ms
[2025-04-02T23:01:44.838-0400][23161.071s][info ][gc,phases   ] GC(156)   Post Evacuate Collection Set: 1.3ms
[2025-04-02T23:01:44.838-0400][23161.071s][info ][gc,phases   ] GC(156)   Other: 0.1ms
[2025-04-02T23:01:44.838-0400][23161.071s][info ][gc,heap     ] GC(156) Eden regions: 261->0(261)
[2025-04-02T23:01:44.838-0400][23161.071s][info ][gc,heap     ] GC(156) Survivor regions: 5->5(34)
[2025-04-02T23:01:44.838-0400][23161.071s][info ][gc,heap     ] GC(156) Old regions: 187->187
[2025-04-02T23:01:44.838-0400][23161.071s][info ][gc,heap     ] GC(156) Archive regions: 0->0
[2025-04-02T23:01:44.838-0400][23161.071s][info ][gc,heap     ] GC(156) Humongous regions: 2->2
[2025-04-02T23:01:44.838-0400][23161.071s][info ][gc,metaspace] GC(156) Metaspace: 193415K(195072K)->193415K(195072K) NonClass: 170299K(171136K)->170299K(171136K) Class: 23116K(23936K)->23116K(23936K)
[2025-04-02T23:01:44.838-0400][23161.071s][info ][gc          ] GC(156) Pause Young (Normal) (G1 Evacuation Pause) 454M->193M(512M) 7.997ms
[2025-04-02T23:01:44.838-0400][23161.071s][info ][gc,cpu      ] GC(156) User=0.00s Sys=0.00s Real=0.01s
[2025-04-02T23:01:44.838-0400][23161.071s][info ][safepoint   ] Safepoint "G1CollectForAllocation", Time since last: 7878581800 ns, Reaching safepoint: 44800 ns, Cleanup: 2000 ns, At safepoint: 8069100 ns, Total: 8115900 ns
[2025-04-02T23:05:23.621-0400][23379.854s][debug][safepoint   ] Safepoint synchronization initiated using striped semaphore wait barrier. (241 threads)
[2025-04-02T23:05:23.621-0400][23379.854s][info ][gc,start    ] GC(157) Pause Young (Normal) (G1 Evacuation Pause)
[2025-04-02T23:05:23.621-0400][23379.854s][info ][gc,task     ] GC(157) Using 23 workers of 23 for evacuation
[2025-04-02T23:05:23.629-0400][23379.862s][info ][gc,phases   ] GC(157)   Pre Evacuate Collection Set: 0.1ms
[2025-04-02T23:05:23.629-0400][23379.862s][info ][gc,phases   ] GC(157)   Merge Heap Roots: 0.1ms
[2025-04-02T23:05:23.629-0400][23379.862s][info ][gc,phases   ] GC(157)   Evacuate Collection Set: 6.9ms
[2025-04-02T23:05:23.629-0400][23379.862s][info ][gc,phases   ] GC(157)   Post Evacuate Collection Set: 1.1ms
[2025-04-02T23:05:23.629-0400][23379.862s][info ][gc,phases   ] GC(157)   Other: 0.1ms
[2025-04-02T23:05:23.629-0400][23379.862s][info ][gc,heap     ] GC(157) Eden regions: 261->0(261)
[2025-04-02T23:05:23.629-0400][23379.862s][info ][gc,heap     ] GC(157) Survivor regions: 5->5(34)
[2025-04-02T23:05:23.629-0400][23379.862s][info ][gc,heap     ] GC(157) Old regions: 187->187
[2025-04-02T23:05:23.629-0400][23379.862s][info ][gc,heap     ] GC(157) Archive regions: 0->0
[2025-04-02T23:05:23.629-0400][23379.862s][info ][gc,heap     ] GC(157) Humongous regions: 2->2
[2025-04-02T23:05:23.629-0400][23379.862s][info ][gc,metaspace] GC(157) Metaspace: 193417K(195072K)->193417K(195072K) NonClass: 170300K(171136K)->170300K(171136K) Class: 23116K(23936K)->23116K(23936K)
[2025-04-02T23:05:23.629-0400][23379.862s][info ][gc          ] GC(157) Pause Young (Normal) (G1 Evacuation Pause) 454M->193M(512M) 8.453ms
[2025-04-02T23:05:23.629-0400][23379.862s][info ][gc,cpu      ] GC(157) User=0.02s Sys=0.00s Real=0.01s
[2025-04-02T23:05:23.629-0400][23379.862s][info ][safepoint   ] Safepoint "G1CollectForAllocation", Time since last: 218782680900 ns, Reaching safepoint: 42800 ns, Cleanup: 2700 ns, At safepoint: 8552500 ns, Total: 8598000 ns
[2025-04-02T23:09:01.665-0400][23597.897s][debug][safepoint   ] Safepoint synchronization initiated using striped semaphore wait barrier. (241 threads)
[2025-04-02T23:09:01.665-0400][23597.897s][info ][gc,start    ] GC(158) Pause Young (Normal) (G1 Evacuation Pause)
[2025-04-02T23:09:01.665-0400][23597.897s][info ][gc,task     ] GC(158) Using 23 workers of 23 for evacuation
[2025-04-02T23:09:01.673-0400][23597.905s][info ][gc,phases   ] GC(158)   Pre Evacuate Collection Set: 0.1ms
[2025-04-02T23:09:01.673-0400][23597.905s][info ][gc,phases   ] GC(158)   Merge Heap Roots: 0.1ms
[2025-04-02T23:09:01.673-0400][23597.905s][info ][gc,phases   ] GC(158)   Evacuate Collection Set: 6.3ms
[2025-04-02T23:09:01.673-0400][23597.905s][info ][gc,phases   ] GC(158)   Post Evacuate Collection Set: 1.1ms
[2025-04-02T23:09:01.673-0400][23597.905s][info ][gc,phases   ] GC(158)   Other: 0.1ms
[2025-04-02T23:09:01.673-0400][23597.905s][info ][gc,heap     ] GC(158) Eden regions: 261->0(261)
[2025-04-02T23:09:01.673-0400][23597.905s][info ][gc,heap     ] GC(158) Survivor regions: 5->5(34)
[2025-04-02T23:09:01.673-0400][23597.905s][info ][gc,heap     ] GC(158) Old regions: 187->187
[2025-04-02T23:09:01.673-0400][23597.905s][info ][gc,heap     ] GC(158) Archive regions: 0->0
[2025-04-02T23:09:01.673-0400][23597.905s][info ][gc,heap     ] GC(158) Humongous regions: 2->2
[2025-04-02T23:09:01.673-0400][23597.905s][info ][gc,metaspace] GC(158) Metaspace: 193417K(195072K)->193417K(195072K) NonClass: 170300K(171136K)->170300K(171136K) Class: 23116K(23936K)->23116K(23936K)
[2025-04-02T23:09:01.673-0400][23597.905s][info ][gc          ] GC(158) Pause Young (Normal) (G1 Evacuation Pause) 454M->193M(512M) 7.821ms
[2025-04-02T23:09:01.673-0400][23597.905s][info ][gc,cpu      ] GC(158) User=0.00s Sys=0.00s Real=0.01s
[2025-04-02T23:09:01.673-0400][23597.905s][info ][safepoint   ] Safepoint "G1CollectForAllocation", Time since last: 218034683600 ns, Reaching safepoint: 52100 ns, Cleanup: 3800 ns, At safepoint: 7895100 ns, Total: 7951000 ns
[2025-04-02T23:12:41.670-0400][23817.903s][debug][safepoint   ] Safepoint synchronization initiated using striped semaphore wait barrier. (241 threads)
[2025-04-02T23:12:41.670-0400][23817.903s][info ][gc,start    ] GC(159) Pause Young (Normal) (G1 Evacuation Pause)
[2025-04-02T23:12:41.670-0400][23817.903s][info ][gc,task     ] GC(159) Using 23 workers of 23 for evacuation
[2025-04-02T23:12:41.673-0400][23817.906s][info ][gc,phases   ] GC(159)   Pre Evacuate Collection Set: 0.2ms
[2025-04-02T23:12:41.673-0400][23817.906s][info ][gc,phases   ] GC(159)   Merge Heap Roots: 0.1ms
[2025-04-02T23:12:41.673-0400][23817.906s][info ][gc,phases   ] GC(159)   Evacuate Collection Set: 2.3ms
[2025-04-02T23:12:41.673-0400][23817.906s][info ][gc,phases   ] GC(159)   Post Evacuate Collection Set: 0.9ms
[2025-04-02T23:12:41.673-0400][23817.906s][info ][gc,phases   ] GC(159)   Other: 0.2ms
[2025-04-02T23:12:41.673-0400][23817.906s][info ][gc,heap     ] GC(159) Eden regions: 261->0(263)
[2025-04-02T23:12:41.673-0400][23817.906s][info ][gc,heap     ] GC(159) Survivor regions: 5->2(34)
[2025-04-02T23:12:41.673-0400][23817.906s][info ][gc,heap     ] GC(159) Old regions: 187->190
[2025-04-02T23:12:41.673-0400][23817.906s][info ][gc,heap     ] GC(159) Archive regions: 0->0
[2025-04-02T23:12:41.673-0400][23817.906s][info ][gc,heap     ] GC(159) Humongous regions: 2->2
[2025-04-02T23:12:41.673-0400][23817.906s][info ][gc,metaspace] GC(159) Metaspace: 193417K(195072K)->193417K(195072K) NonClass: 170300K(171136K)->170300K(171136K) Class: 23116K(23936K)->23116K(23936K)
[2025-04-02T23:12:41.673-0400][23817.906s][info ][gc          ] GC(159) Pause Young (Normal) (G1 Evacuation Pause) 454M->193M(512M) 3.748ms
[2025-04-02T23:12:41.674-0400][23817.906s][info ][gc,cpu      ] GC(159) User=0.06s Sys=0.00s Real=0.00s
[2025-04-02T23:12:41.674-0400][23817.906s][info ][safepoint   ] Safepoint "G1CollectForAllocation", Time since last: 219997747000 ns, Reaching safepoint: 72200 ns, Cleanup: 4500 ns, At safepoint: 3860700 ns, Total: 3937400 ns
[2025-04-02T23:13:15.694-0400][23851.926s][debug][safepoint   ] Safepoint synchronization initiated using striped semaphore wait barrier. (241 threads)
[2025-04-02T23:13:15.694-0400][23851.926s][info ][safepoint   ] Safepoint "Cleanup", Time since last: 34019233300 ns, Reaching safepoint: 92800 ns, Cleanup: 8400 ns, At safepoint: 1900 ns, Total: 103100 ns
[2025-04-02T23:14:15.437-0400][23911.669s][debug][safepoint   ] Safepoint synchronization initiated using striped semaphore wait barrier. (241 threads)
[2025-04-02T23:14:15.437-0400][23911.669s][info ][safepoint   ] Safepoint "Cleanup", Time since last: 59743239900 ns, Reaching safepoint: 45400 ns, Cleanup: 7000 ns, At safepoint: 1300 ns, Total: 53700 ns
[2025-04-02T23:16:21.608-0400][24037.841s][debug][safepoint   ] Safepoint synchronization initiated using striped semaphore wait barrier. (241 threads)
[2025-04-02T23:16:21.608-0400][24037.841s][info ][gc,start    ] GC(160) Pause Young (Normal) (G1 Evacuation Pause)
[2025-04-02T23:16:21.608-0400][24037.841s][info ][gc,task     ] GC(160) Using 23 workers of 23 for evacuation
[2025-04-02T23:16:21.614-0400][24037.847s][info ][gc,phases   ] GC(160)   Pre Evacuate Collection Set: 0.2ms
[2025-04-02T23:16:21.614-0400][24037.847s][info ][gc,phases   ] GC(160)   Merge Heap Roots: 0.1ms
[2025-04-02T23:16:21.614-0400][24037.847s][info ][gc,phases   ] GC(160)   Evacuate Collection Set: 4.6ms
[2025-04-02T23:16:21.614-0400][24037.847s][info ][gc,phases   ] GC(160)   Post Evacuate Collection Set: 1.2ms
[2025-04-02T23:16:21.614-0400][24037.847s][info ][gc,phases   ] GC(160)   Other: 0.1ms
[2025-04-02T23:16:21.614-0400][24037.847s][info ][gc,heap     ] GC(160) Eden regions: 263->0(263)
[2025-04-02T23:16:21.614-0400][24037.847s][info ][gc,heap     ] GC(160) Survivor regions: 2->2(34)
[2025-04-02T23:16:21.614-0400][24037.847s][info ][gc,heap     ] GC(160) Old regions: 190->190
[2025-04-02T23:16:21.614-0400][24037.847s][info ][gc,heap     ] GC(160) Archive regions: 0->0
[2025-04-02T23:16:21.614-0400][24037.847s][info ][gc,heap     ] GC(160) Humongous regions: 2->2
[2025-04-02T23:16:21.614-0400][24037.847s][info ][gc,metaspace] GC(160) Metaspace: 193417K(195072K)->193417K(195072K) NonClass: 170300K(171136K)->170300K(171136K) Class: 23116K(23936K)->23116K(23936K)
[2025-04-02T23:16:21.614-0400][24037.847s][info ][gc          ] GC(160) Pause Young (Normal) (G1 Evacuation Pause) 456M->193M(512M) 6.327ms
[2025-04-02T23:16:21.614-0400][24037.847s][info ][gc,cpu      ] GC(160) User=0.02s Sys=0.00s Real=0.01s
[2025-04-02T23:16:21.614-0400][24037.847s][info ][safepoint   ] Safepoint "G1CollectForAllocation", Time since last: 126171580000 ns, Reaching safepoint: 66900 ns, Cleanup: 3400 ns, At safepoint: 6441600 ns, Total: 6511900 ns
[2025-04-02T23:20:01.403-0400][24257.636s][debug][safepoint   ] Safepoint synchronization initiated using striped semaphore wait barrier. (241 threads)
[2025-04-02T23:20:01.403-0400][24257.636s][info ][gc,start    ] GC(161) Pause Young (Normal) (G1 Evacuation Pause)
[2025-04-02T23:20:01.403-0400][24257.636s][info ][gc,task     ] GC(161) Using 23 workers of 23 for evacuation
[2025-04-02T23:20:01.406-0400][24257.639s][info ][gc,phases   ] GC(161)   Pre Evacuate Collection Set: 0.1ms
[2025-04-02T23:20:01.406-0400][24257.639s][info ][gc,phases   ] GC(161)   Merge Heap Roots: 0.1ms
[2025-04-02T23:20:01.406-0400][24257.639s][info ][gc,phases   ] GC(161)   Evacuate Collection Set: 2.3ms
[2025-04-02T23:20:01.406-0400][24257.639s][info ][gc,phases   ] GC(161)   Post Evacuate Collection Set: 1.1ms
[2025-04-02T23:20:01.406-0400][24257.639s][info ][gc,phases   ] GC(161)   Other: 0.1ms
[2025-04-02T23:20:01.406-0400][24257.639s][info ][gc,heap     ] GC(161) Eden regions: 263->0(263)
[2025-04-02T23:20:01.406-0400][24257.639s][info ][gc,heap     ] GC(161) Survivor regions: 2->2(34)
[2025-04-02T23:20:01.406-0400][24257.639s][info ][gc,heap     ] GC(161) Old regions: 190->190
[2025-04-02T23:20:01.406-0400][24257.639s][info ][gc,heap     ] GC(161) Archive regions: 0->0
[2025-04-02T23:20:01.406-0400][24257.639s][info ][gc,heap     ] GC(161) Humongous regions: 2->2
[2025-04-02T23:20:01.406-0400][24257.639s][info ][gc,metaspace] GC(161) Metaspace: 193417K(195072K)->193417K(195072K) NonClass: 170300K(171136K)->170300K(171136K) Class: 23116K(23936K)->23116K(23936K)
[2025-04-02T23:20:01.406-0400][24257.639s][info ][gc          ] GC(161) Pause Young (Normal) (G1 Evacuation Pause) 456M->193M(512M) 3.687ms
[2025-04-02T23:20:01.406-0400][24257.639s][info ][gc,cpu      ] GC(161) User=0.00s Sys=0.00s Real=0.00s
[2025-04-02T23:20:01.406-0400][24257.639s][info ][safepoint   ] Safepoint "G1CollectForAllocation", Time since last: 219788454700 ns, Reaching safepoint: 42700 ns, Cleanup: 2000 ns, At safepoint: 3758700 ns, Total: 3803400 ns
[2025-04-02T23:23:43.387-0400][24479.619s][debug][safepoint   ] Safepoint synchronization initiated using striped semaphore wait barrier. (241 threads)
[2025-04-02T23:23:43.387-0400][24479.619s][info ][gc,start    ] GC(162) Pause Young (Normal) (G1 Evacuation Pause)
[2025-04-02T23:23:43.387-0400][24479.619s][info ][gc,task     ] GC(162) Using 23 workers of 23 for evacuation
[2025-04-02T23:23:43.390-0400][24479.623s][info ][gc,phases   ] GC(162)   Pre Evacuate Collection Set: 0.1ms
[2025-04-02T23:23:43.390-0400][24479.623s][info ][gc,phases   ] GC(162)   Merge Heap Roots: 0.1ms
[2025-04-02T23:23:43.390-0400][24479.623s][info ][gc,phases   ] GC(162)   Evacuate Collection Set: 2.3ms
[2025-04-02T23:23:43.390-0400][24479.623s][info ][gc,phases   ] GC(162)   Post Evacuate Collection Set: 1.0ms
[2025-04-02T23:23:43.391-0400][24479.623s][info ][gc,phases   ] GC(162)   Other: 0.1ms
[2025-04-02T23:23:43.391-0400][24479.623s][info ][gc,heap     ] GC(162) Eden regions: 263->0(263)
[2025-04-02T23:23:43.391-0400][24479.623s][info ][gc,heap     ] GC(162) Survivor regions: 2->2(34)
[2025-04-02T23:23:43.391-0400][24479.623s][info ][gc,heap     ] GC(162) Old regions: 190->190
[2025-04-02T23:23:43.391-0400][24479.623s][info ][gc,heap     ] GC(162) Archive regions: 0->0
[2025-04-02T23:23:43.391-0400][24479.623s][info ][gc,heap     ] GC(162) Humongous regions: 2->2
[2025-04-02T23:23:43.391-0400][24479.623s][info ][gc,metaspace] GC(162) Metaspace: 193418K(195072K)->193418K(195072K) NonClass: 170301K(171136K)->170301K(171136K) Class: 23116K(23936K)->23116K(23936K)
[2025-04-02T23:23:43.391-0400][24479.623s][info ][gc          ] GC(162) Pause Young (Normal) (G1 Evacuation Pause) 456M->193M(512M) 3.770ms
[2025-04-02T23:23:43.391-0400][24479.623s][info ][gc,cpu      ] GC(162) User=0.00s Sys=0.00s Real=0.00s
[2025-04-02T23:23:43.391-0400][24479.623s][info ][safepoint   ] Safepoint "G1CollectForAllocation", Time since last: 221979918200 ns, Reaching safepoint: 74800 ns, Cleanup: 3200 ns, At safepoint: 3841600 ns, Total: 3919600 ns
[2025-04-02T23:27:23.537-0400][24699.770s][debug][safepoint   ] Safepoint synchronization initiated using striped semaphore wait barrier. (242 threads)
[2025-04-02T23:27:23.537-0400][24699.770s][info ][gc,start    ] GC(163) Pause Young (Normal) (G1 Evacuation Pause)
[2025-04-02T23:27:23.537-0400][24699.770s][info ][gc,task     ] GC(163) Using 23 workers of 23 for evacuation
[2025-04-02T23:27:23.541-0400][24699.774s][info ][gc,phases   ] GC(163)   Pre Evacuate Collection Set: 0.1ms
[2025-04-02T23:27:23.541-0400][24699.774s][info ][gc,phases   ] GC(163)   Merge Heap Roots: 0.1ms
[2025-04-02T23:27:23.541-0400][24699.774s][info ][gc,phases   ] GC(163)   Evacuate Collection Set: 2.7ms
[2025-04-02T23:27:23.541-0400][24699.774s][info ][gc,phases   ] GC(163)   Post Evacuate Collection Set: 1.1ms
[2025-04-02T23:27:23.541-0400][24699.774s][info ][gc,phases   ] GC(163)   Other: 0.1ms
[2025-04-02T23:27:23.541-0400][24699.774s][info ][gc,heap     ] GC(163) Eden regions: 263->0(263)
[2025-04-02T23:27:23.541-0400][24699.774s][info ][gc,heap     ] GC(163) Survivor regions: 2->2(34)
[2025-04-02T23:27:23.541-0400][24699.774s][info ][gc,heap     ] GC(163) Old regions: 190->190
[2025-04-02T23:27:23.541-0400][24699.774s][info ][gc,heap     ] GC(163) Archive regions: 0->0
[2025-04-02T23:27:23.541-0400][24699.774s][info ][gc,heap     ] GC(163) Humongous regions: 2->2
[2025-04-02T23:27:23.541-0400][24699.774s][info ][gc,metaspace] GC(163) Metaspace: 193418K(195072K)->193418K(195072K) NonClass: 170301K(171136K)->170301K(171136K) Class: 23116K(23936K)->23116K(23936K)
[2025-04-02T23:27:23.541-0400][24699.774s][info ][gc          ] GC(163) Pause Young (Normal) (G1 Evacuation Pause) 456M->193M(512M) 4.223ms
[2025-04-02T23:27:23.541-0400][24699.774s][info ][gc,cpu      ] GC(163) User=0.00s Sys=0.00s Real=0.00s
[2025-04-02T23:27:23.541-0400][24699.774s][info ][safepoint   ] Safepoint "G1CollectForAllocation", Time since last: 220146330400 ns, Reaching safepoint: 71000 ns, Cleanup: 6000 ns, At safepoint: 4300500 ns, Total: 4377500 ns
[2025-04-02T23:30:36.703-0400][24892.935s][debug][safepoint   ] Safepoint synchronization initiated using striped semaphore wait barrier. (243 threads)
[2025-04-02T23:30:36.703-0400][24892.935s][info ][safepoint   ] Safepoint "Cleanup", Time since last: 193160894000 ns, Reaching safepoint: 42600 ns, Cleanup: 7100 ns, At safepoint: 1300 ns, Total: 51000 ns
[2025-04-02T23:30:39.704-0400][24895.936s][debug][safepoint   ] Safepoint synchronization initiated using striped semaphore wait barrier. (243 threads)
[2025-04-02T23:30:39.704-0400][24895.936s][info ][safepoint   ] Safepoint "Cleanup", Time since last: 3001042800 ns, Reaching safepoint: 149600 ns, Cleanup: 6400 ns, At safepoint: 1300 ns, Total: 157300 ns
[2025-04-02T23:31:01.842-0400][24918.074s][debug][safepoint   ] Safepoint synchronization initiated using striped semaphore wait barrier. (241 threads)
[2025-04-02T23:31:01.842-0400][24918.074s][info ][gc,start    ] GC(164) Pause Young (Normal) (G1 Evacuation Pause)
[2025-04-02T23:31:01.842-0400][24918.074s][info ][gc,task     ] GC(164) Using 23 workers of 23 for evacuation
[2025-04-02T23:31:01.844-0400][24918.076s][info ][gc,phases   ] GC(164)   Pre Evacuate Collection Set: 0.1ms
[2025-04-02T23:31:01.844-0400][24918.076s][info ][gc,phases   ] GC(164)   Merge Heap Roots: 0.1ms
[2025-04-02T23:31:01.844-0400][24918.076s][info ][gc,phases   ] GC(164)   Evacuate Collection Set: 1.1ms
[2025-04-02T23:31:01.844-0400][24918.076s][info ][gc,phases   ] GC(164)   Post Evacuate Collection Set: 0.9ms
[2025-04-02T23:31:01.844-0400][24918.076s][info ][gc,phases   ] GC(164)   Other: 0.1ms
[2025-04-02T23:31:01.844-0400][24918.076s][info ][gc,heap     ] GC(164) Eden regions: 263->0(263)
[2025-04-02T23:31:01.844-0400][24918.076s][info ][gc,heap     ] GC(164) Survivor regions: 2->2(34)
[2025-04-02T23:31:01.844-0400][24918.076s][info ][gc,heap     ] GC(164) Old regions: 190->190
[2025-04-02T23:31:01.844-0400][24918.076s][info ][gc,heap     ] GC(164) Archive regions: 0->0
[2025-04-02T23:31:01.844-0400][24918.076s][info ][gc,heap     ] GC(164) Humongous regions: 2->2
[2025-04-02T23:31:01.844-0400][24918.076s][info ][gc,metaspace] GC(164) Metaspace: 193497K(195136K)->193497K(195136K) NonClass: 170381K(171200K)->170381K(171200K) Class: 23116K(23936K)->23116K(23936K)
[2025-04-02T23:31:01.844-0400][24918.076s][info ][gc          ] GC(164) Pause Young (Normal) (G1 Evacuation Pause) 456M->193M(512M) 2.391ms
[2025-04-02T23:31:01.844-0400][24918.077s][info ][gc,cpu      ] GC(164) User=0.00s Sys=0.00s Real=0.00s
[2025-04-02T23:31:01.844-0400][24918.077s][info ][safepoint   ] Safepoint "G1CollectForAllocation", Time since last: 22137907500 ns, Reaching safepoint: 40200 ns, Cleanup: 2100 ns, At safepoint: 2450800 ns, Total: 2493100 ns
[2025-04-02T23:31:36.849-0400][24953.081s][debug][safepoint   ] Safepoint synchronization initiated using striped semaphore wait barrier. (243 threads)
[2025-04-02T23:31:36.849-0400][24953.081s][info ][safepoint   ] Safepoint "Cleanup", Time since last: 35004295600 ns, Reaching safepoint: 35500 ns, Cleanup: 6400 ns, At safepoint: 1300 ns, Total: 43200 ns
[2025-04-02T23:32:08.862-0400][24985.094s][debug][safepoint   ] Safepoint synchronization initiated using striped semaphore wait barrier. (243 threads)
[2025-04-02T23:32:08.862-0400][24985.095s][info ][safepoint   ] Safepoint "Cleanup", Time since last: 32013487200 ns, Reaching safepoint: 151400 ns, Cleanup: 5200 ns, At safepoint: 1400 ns, Total: 158000 ns
[2025-04-02T23:33:02.006-0400][25038.238s][debug][safepoint   ] Safepoint synchronization initiated using striped semaphore wait barrier. (241 threads)
[2025-04-02T23:33:02.006-0400][25038.238s][info ][safepoint   ] Safepoint "Cleanup", Time since last: 53143358600 ns, Reaching safepoint: 111400 ns, Cleanup: 8600 ns, At safepoint: 1900 ns, Total: 121900 ns
[2025-04-02T23:34:40.710-0400][25136.942s][debug][safepoint   ] Safepoint synchronization initiated using striped semaphore wait barrier. (241 threads)
[2025-04-02T23:34:40.710-0400][25136.942s][info ][gc,start    ] GC(165) Pause Young (Normal) (G1 Evacuation Pause)
[2025-04-02T23:34:40.710-0400][25136.942s][info ][gc,task     ] GC(165) Using 23 workers of 23 for evacuation
[2025-04-02T23:34:40.713-0400][25136.946s][info ][gc,phases   ] GC(165)   Pre Evacuate Collection Set: 0.1ms
[2025-04-02T23:34:40.713-0400][25136.946s][info ][gc,phases   ] GC(165)   Merge Heap Roots: 0.1ms
[2025-04-02T23:34:40.713-0400][25136.946s][info ][gc,phases   ] GC(165)   Evacuate Collection Set: 2.3ms
[2025-04-02T23:34:40.713-0400][25136.946s][info ][gc,phases   ] GC(165)   Post Evacuate Collection Set: 1.0ms
[2025-04-02T23:34:40.713-0400][25136.946s][info ][gc,phases   ] GC(165)   Other: 0.1ms
[2025-04-02T23:34:40.713-0400][25136.946s][info ][gc,heap     ] GC(165) Eden regions: 263->0(263)
[2025-04-02T23:34:40.713-0400][25136.946s][info ][gc,heap     ] GC(165) Survivor regions: 2->2(34)
[2025-04-02T23:34:40.713-0400][25136.946s][info ][gc,heap     ] GC(165) Old regions: 190->190
[2025-04-02T23:34:40.713-0400][25136.946s][info ][gc,heap     ] GC(165) Archive regions: 0->0
[2025-04-02T23:34:40.713-0400][25136.946s][info ][gc,heap     ] GC(165) Humongous regions: 2->2
[2025-04-02T23:34:40.713-0400][25136.946s][info ][gc,metaspace] GC(165) Metaspace: 193506K(195136K)->193506K(195136K) NonClass: 170389K(171200K)->170389K(171200K) Class: 23116K(23936K)->23116K(23936K)
[2025-04-02T23:34:40.713-0400][25136.946s][info ][gc          ] GC(165) Pause Young (Normal) (G1 Evacuation Pause) 456M->193M(512M) 3.647ms
[2025-04-02T23:34:40.713-0400][25136.946s][info ][gc,cpu      ] GC(165) User=0.00s Sys=0.00s Real=0.00s
[2025-04-02T23:34:40.713-0400][25136.946s][info ][safepoint   ] Safepoint "G1CollectForAllocation", Time since last: 98703886800 ns, Reaching safepoint: 51200 ns, Cleanup: 2000 ns, At safepoint: 3702400 ns, Total: 3755600 ns
[2025-04-02T23:34:42.714-0400][25138.947s][debug][safepoint   ] Safepoint synchronization initiated using striped semaphore wait barrier. (241 threads)
[2025-04-02T23:34:42.714-0400][25138.947s][info ][safepoint   ] Safepoint "Cleanup", Time since last: 2000874000 ns, Reaching safepoint: 73100 ns, Cleanup: 14100 ns, At safepoint: 1700 ns, Total: 88900 ns
[2025-04-02T23:35:05.724-0400][25161.956s][debug][safepoint   ] Safepoint synchronization initiated using striped semaphore wait barrier. (241 threads)
[2025-04-02T23:35:05.724-0400][25161.956s][info ][safepoint   ] Safepoint "Cleanup", Time since last: 23009511000 ns, Reaching safepoint: 63100 ns, Cleanup: 20500 ns, At safepoint: 1900 ns, Total: 85500 ns
[2025-04-02T23:36:12.360-0400][25228.592s][debug][safepoint   ] Safepoint synchronization initiated using striped semaphore wait barrier. (242 threads)
[2025-04-02T23:36:12.360-0400][25228.592s][info ][safepoint   ] Safepoint "Cleanup", Time since last: 66635983500 ns, Reaching safepoint: 46800 ns, Cleanup: 8100 ns, At safepoint: 1600 ns, Total: 56500 ns
[2025-04-02T23:36:13.361-0400][25229.593s][debug][safepoint   ] Safepoint synchronization initiated using striped semaphore wait barrier. (242 threads)
[2025-04-02T23:36:13.361-0400][25229.593s][info ][safepoint   ] Safepoint "Cleanup", Time since last: 1000777200 ns, Reaching safepoint: 104100 ns, Cleanup: 8100 ns, At safepoint: 1900 ns, Total: 114100 ns
[2025-04-02T23:36:32.368-0400][25248.600s][debug][safepoint   ] Safepoint synchronization initiated using striped semaphore wait barrier. (241 threads)
[2025-04-02T23:36:32.368-0400][25248.600s][info ][safepoint   ] Safepoint "Cleanup", Time since last: 19007011900 ns, Reaching safepoint: 106200 ns, Cleanup: 9400 ns, At safepoint: 1600 ns, Total: 117200 ns
[2025-04-02T23:38:19.490-0400][25355.722s][debug][safepoint   ] Safepoint synchronization initiated using striped semaphore wait barrier. (241 threads)
[2025-04-02T23:38:19.490-0400][25355.722s][info ][gc,start    ] GC(166) Pause Young (Normal) (G1 Evacuation Pause)
[2025-04-02T23:38:19.490-0400][25355.722s][info ][gc,task     ] GC(166) Using 23 workers of 23 for evacuation
[2025-04-02T23:38:19.495-0400][25355.727s][info ][gc,phases   ] GC(166)   Pre Evacuate Collection Set: 0.1ms
[2025-04-02T23:38:19.495-0400][25355.727s][info ][gc,phases   ] GC(166)   Merge Heap Roots: 0.1ms
[2025-04-02T23:38:19.495-0400][25355.727s][info ][gc,phases   ] GC(166)   Evacuate Collection Set: 2.5ms
[2025-04-02T23:38:19.495-0400][25355.727s][info ][gc,phases   ] GC(166)   Post Evacuate Collection Set: 2.0ms
[2025-04-02T23:38:19.495-0400][25355.727s][info ][gc,phases   ] GC(166)   Other: 0.1ms
[2025-04-02T23:38:19.495-0400][25355.727s][info ][gc,heap     ] GC(166) Eden regions: 263->0(263)
[2025-04-02T23:38:19.495-0400][25355.727s][info ][gc,heap     ] GC(166) Survivor regions: 2->2(34)
[2025-04-02T23:38:19.495-0400][25355.727s][info ][gc,heap     ] GC(166) Old regions: 190->190
[2025-04-02T23:38:19.495-0400][25355.727s][info ][gc,heap     ] GC(166) Archive regions: 0->0
[2025-04-02T23:38:19.495-0400][25355.727s][info ][gc,heap     ] GC(166) Humongous regions: 2->2
[2025-04-02T23:38:19.495-0400][25355.727s][info ][gc,metaspace] GC(166) Metaspace: 193514K(195200K)->193514K(195200K) NonClass: 170397K(171264K)->170397K(171264K) Class: 23116K(23936K)->23116K(23936K)
[2025-04-02T23:38:19.495-0400][25355.727s][info ][gc          ] GC(166) Pause Young (Normal) (G1 Evacuation Pause) 456M->193M(512M) 4.782ms
[2025-04-02T23:38:19.495-0400][25355.727s][info ][gc,cpu      ] GC(166) User=0.00s Sys=0.00s Real=0.00s
[2025-04-02T23:38:19.495-0400][25355.727s][info ][safepoint   ] Safepoint "G1CollectForAllocation", Time since last: 107121623200 ns, Reaching safepoint: 45300 ns, Cleanup: 2000 ns, At safepoint: 4849200 ns, Total: 4896500 ns
[2025-04-02T23:42:01.437-0400][25577.669s][debug][safepoint   ] Safepoint synchronization initiated using striped semaphore wait barrier. (241 threads)
[2025-04-02T23:42:01.437-0400][25577.670s][info ][gc,start    ] GC(167) Pause Young (Normal) (G1 Evacuation Pause)
[2025-04-02T23:42:01.437-0400][25577.670s][info ][gc,task     ] GC(167) Using 23 workers of 23 for evacuation
[2025-04-02T23:42:01.440-0400][25577.673s][info ][gc,phases   ] GC(167)   Pre Evacuate Collection Set: 0.1ms
[2025-04-02T23:42:01.440-0400][25577.673s][info ][gc,phases   ] GC(167)   Merge Heap Roots: 0.1ms
[2025-04-02T23:42:01.440-0400][25577.673s][info ][gc,phases   ] GC(167)   Evacuate Collection Set: 1.9ms
[2025-04-02T23:42:01.440-0400][25577.673s][info ][gc,phases   ] GC(167)   Post Evacuate Collection Set: 1.1ms
[2025-04-02T23:42:01.440-0400][25577.673s][info ][gc,phases   ] GC(167)   Other: 0.1ms
[2025-04-02T23:42:01.440-0400][25577.673s][info ][gc,heap     ] GC(167) Eden regions: 263->0(263)
[2025-04-02T23:42:01.440-0400][25577.673s][info ][gc,heap     ] GC(167) Survivor regions: 2->2(34)
[2025-04-02T23:42:01.440-0400][25577.673s][info ][gc,heap     ] GC(167) Old regions: 190->190
[2025-04-02T23:42:01.440-0400][25577.673s][info ][gc,heap     ] GC(167) Archive regions: 0->0
[2025-04-02T23:42:01.440-0400][25577.673s][info ][gc,heap     ] GC(167) Humongous regions: 2->2
[2025-04-02T23:42:01.440-0400][25577.673s][info ][gc,metaspace] GC(167) Metaspace: 193514K(195200K)->193514K(195200K) NonClass: 170397K(171264K)->170397K(171264K) Class: 23116K(23936K)->23116K(23936K)
[2025-04-02T23:42:01.440-0400][25577.673s][info ][gc          ] GC(167) Pause Young (Normal) (G1 Evacuation Pause) 456M->193M(512M) 3.305ms
[2025-04-02T23:42:01.440-0400][25577.673s][info ][gc,cpu      ] GC(167) User=0.02s Sys=0.00s Real=0.00s
[2025-04-02T23:42:01.440-0400][25577.673s][info ][safepoint   ] Safepoint "G1CollectForAllocation", Time since last: 221942718800 ns, Reaching safepoint: 52400 ns, Cleanup: 2300 ns, At safepoint: 3386700 ns, Total: 3441400 ns
[2025-04-02T23:45:41.478-0400][25797.710s][debug][safepoint   ] Safepoint synchronization initiated using striped semaphore wait barrier. (241 threads)
[2025-04-02T23:45:41.478-0400][25797.710s][info ][gc,start    ] GC(168) Pause Young (Normal) (G1 Evacuation Pause)
[2025-04-02T23:45:41.478-0400][25797.710s][info ][gc,task     ] GC(168) Using 23 workers of 23 for evacuation
[2025-04-02T23:45:41.480-0400][25797.712s][info ][gc,phases   ] GC(168)   Pre Evacuate Collection Set: 0.1ms
[2025-04-02T23:45:41.480-0400][25797.712s][info ][gc,phases   ] GC(168)   Merge Heap Roots: 0.2ms
[2025-04-02T23:45:41.480-0400][25797.712s][info ][gc,phases   ] GC(168)   Evacuate Collection Set: 1.1ms
[2025-04-02T23:45:41.480-0400][25797.712s][info ][gc,phases   ] GC(168)   Post Evacuate Collection Set: 1.0ms
[2025-04-02T23:45:41.480-0400][25797.712s][info ][gc,phases   ] GC(168)   Other: 0.1ms
[2025-04-02T23:45:41.480-0400][25797.712s][info ][gc,heap     ] GC(168) Eden regions: 263->0(263)
[2025-04-02T23:45:41.480-0400][25797.712s][info ][gc,heap     ] GC(168) Survivor regions: 2->2(34)
[2025-04-02T23:45:41.480-0400][25797.712s][info ][gc,heap     ] GC(168) Old regions: 190->190
[2025-04-02T23:45:41.480-0400][25797.712s][info ][gc,heap     ] GC(168) Archive regions: 0->0
[2025-04-02T23:45:41.480-0400][25797.712s][info ][gc,heap     ] GC(168) Humongous regions: 2->2
[2025-04-02T23:45:41.480-0400][25797.712s][info ][gc,metaspace] GC(168) Metaspace: 193514K(195200K)->193514K(195200K) NonClass: 170397K(171264K)->170397K(171264K) Class: 23116K(23936K)->23116K(23936K)
[2025-04-02T23:45:41.480-0400][25797.712s][info ][gc          ] GC(168) Pause Young (Normal) (G1 Evacuation Pause) 456M->193M(512M) 2.568ms
[2025-04-02T23:45:41.480-0400][25797.712s][info ][gc,cpu      ] GC(168) User=0.00s Sys=0.00s Real=0.00s
[2025-04-02T23:45:41.480-0400][25797.712s][info ][safepoint   ] Safepoint "G1CollectForAllocation", Time since last: 220036746000 ns, Reaching safepoint: 64900 ns, Cleanup: 12100 ns, At safepoint: 2630400 ns, Total: 2707400 ns
[2025-04-02T23:49:22.878-0400][26019.111s][debug][safepoint   ] Safepoint synchronization initiated using striped semaphore wait barrier. (241 threads)
[2025-04-02T23:49:22.878-0400][26019.111s][info ][gc,start    ] GC(169) Pause Young (Normal) (G1 Evacuation Pause)
[2025-04-02T23:49:22.878-0400][26019.111s][info ][gc,task     ] GC(169) Using 23 workers of 23 for evacuation
[2025-04-02T23:49:22.882-0400][26019.114s][info ][gc,phases   ] GC(169)   Pre Evacuate Collection Set: 0.1ms
[2025-04-02T23:49:22.882-0400][26019.114s][info ][gc,phases   ] GC(169)   Merge Heap Roots: 0.1ms
[2025-04-02T23:49:22.882-0400][26019.114s][info ][gc,phases   ] GC(169)   Evacuate Collection Set: 2.1ms
[2025-04-02T23:49:22.882-0400][26019.114s][info ][gc,phases   ] GC(169)   Post Evacuate Collection Set: 1.2ms
[2025-04-02T23:49:22.882-0400][26019.114s][info ][gc,phases   ] GC(169)   Other: 0.1ms
[2025-04-02T23:49:22.882-0400][26019.114s][info ][gc,heap     ] GC(169) Eden regions: 263->0(263)
[2025-04-02T23:49:22.882-0400][26019.114s][info ][gc,heap     ] GC(169) Survivor regions: 2->2(34)
[2025-04-02T23:49:22.882-0400][26019.114s][info ][gc,heap     ] GC(169) Old regions: 190->190
[2025-04-02T23:49:22.882-0400][26019.114s][info ][gc,heap     ] GC(169) Archive regions: 0->0
[2025-04-02T23:49:22.882-0400][26019.114s][info ][gc,heap     ] GC(169) Humongous regions: 2->2
[2025-04-02T23:49:22.882-0400][26019.114s][info ][gc,metaspace] GC(169) Metaspace: 193514K(195200K)->193514K(195200K) NonClass: 170397K(171264K)->170397K(171264K) Class: 23116K(23936K)->23116K(23936K)
[2025-04-02T23:49:22.882-0400][26019.114s][info ][gc          ] GC(169) Pause Young (Normal) (G1 Evacuation Pause) 456M->193M(512M) 3.558ms
[2025-04-02T23:49:22.882-0400][26019.114s][info ][gc,cpu      ] GC(169) User=0.00s Sys=0.00s Real=0.00s
[2025-04-02T23:49:22.882-0400][26019.114s][info ][safepoint   ] Safepoint "G1CollectForAllocation", Time since last: 221398446300 ns, Reaching safepoint: 46100 ns, Cleanup: 2300 ns, At safepoint: 3620400 ns, Total: 3668800 ns
[2025-04-02T23:53:03.254-0400][26239.486s][debug][safepoint   ] Safepoint synchronization initiated using striped semaphore wait barrier. (241 threads)
[2025-04-02T23:53:03.254-0400][26239.486s][info ][gc,start    ] GC(170) Pause Young (Normal) (G1 Evacuation Pause)
[2025-04-02T23:53:03.254-0400][26239.486s][info ][gc,task     ] GC(170) Using 23 workers of 23 for evacuation
[2025-04-02T23:53:03.257-0400][26239.490s][info ][gc,phases   ] GC(170)   Pre Evacuate Collection Set: 0.1ms
[2025-04-02T23:53:03.257-0400][26239.490s][info ][gc,phases   ] GC(170)   Merge Heap Roots: 0.1ms
[2025-04-02T23:53:03.257-0400][26239.490s][info ][gc,phases   ] GC(170)   Evacuate Collection Set: 2.0ms
[2025-04-02T23:53:03.257-0400][26239.490s][info ][gc,phases   ] GC(170)   Post Evacuate Collection Set: 1.0ms
[2025-04-02T23:53:03.257-0400][26239.490s][info ][gc,phases   ] GC(170)   Other: 0.1ms
[2025-04-02T23:53:03.257-0400][26239.490s][info ][gc,heap     ] GC(170) Eden regions: 263->0(263)
[2025-04-02T23:53:03.257-0400][26239.490s][info ][gc,heap     ] GC(170) Survivor regions: 2->2(34)
[2025-04-02T23:53:03.257-0400][26239.490s][info ][gc,heap     ] GC(170) Old regions: 190->190
[2025-04-02T23:53:03.257-0400][26239.490s][info ][gc,heap     ] GC(170) Archive regions: 0->0
[2025-04-02T23:53:03.257-0400][26239.490s][info ][gc,heap     ] GC(170) Humongous regions: 2->2
[2025-04-02T23:53:03.257-0400][26239.490s][info ][gc,metaspace] GC(170) Metaspace: 193514K(195200K)->193514K(195200K) NonClass: 170397K(171264K)->170397K(171264K) Class: 23116K(23936K)->23116K(23936K)
[2025-04-02T23:53:03.257-0400][26239.490s][info ][gc          ] GC(170) Pause Young (Normal) (G1 Evacuation Pause) 456M->193M(512M) 3.342ms
[2025-04-02T23:53:03.257-0400][26239.490s][info ][gc,cpu      ] GC(170) User=0.00s Sys=0.00s Real=0.00s
[2025-04-02T23:53:03.257-0400][26239.490s][info ][safepoint   ] Safepoint "G1CollectForAllocation", Time since last: 220371727200 ns, Reaching safepoint: 46900 ns, Cleanup: 5100 ns, At safepoint: 3402100 ns, Total: 3454100 ns
[2025-04-02T23:56:43.193-0400][26459.426s][debug][safepoint   ] Safepoint synchronization initiated using striped semaphore wait barrier. (241 threads)
[2025-04-02T23:56:43.193-0400][26459.426s][info ][gc,start    ] GC(171) Pause Young (Normal) (G1 Evacuation Pause)
[2025-04-02T23:56:43.193-0400][26459.426s][info ][gc,task     ] GC(171) Using 23 workers of 23 for evacuation
[2025-04-02T23:56:43.197-0400][26459.430s][info ][gc,phases   ] GC(171)   Pre Evacuate Collection Set: 0.1ms
[2025-04-02T23:56:43.197-0400][26459.430s][info ][gc,phases   ] GC(171)   Merge Heap Roots: 0.1ms
[2025-04-02T23:56:43.197-0400][26459.430s][info ][gc,phases   ] GC(171)   Evacuate Collection Set: 2.6ms
[2025-04-02T23:56:43.197-0400][26459.430s][info ][gc,phases   ] GC(171)   Post Evacuate Collection Set: 1.1ms
[2025-04-02T23:56:43.197-0400][26459.430s][info ][gc,phases   ] GC(171)   Other: 0.1ms
[2025-04-02T23:56:43.197-0400][26459.430s][info ][gc,heap     ] GC(171) Eden regions: 263->0(263)
[2025-04-02T23:56:43.197-0400][26459.430s][info ][gc,heap     ] GC(171) Survivor regions: 2->2(34)
[2025-04-02T23:56:43.197-0400][26459.430s][info ][gc,heap     ] GC(171) Old regions: 190->190
[2025-04-02T23:56:43.197-0400][26459.430s][info ][gc,heap     ] GC(171) Archive regions: 0->0
[2025-04-02T23:56:43.197-0400][26459.430s][info ][gc,heap     ] GC(171) Humongous regions: 2->2
[2025-04-02T23:56:43.197-0400][26459.430s][info ][gc,metaspace] GC(171) Metaspace: 193514K(195200K)->193514K(195200K) NonClass: 170397K(171264K)->170397K(171264K) Class: 23116K(23936K)->23116K(23936K)
[2025-04-02T23:56:43.197-0400][26459.430s][info ][gc          ] GC(171) Pause Young (Normal) (G1 Evacuation Pause) 456M->193M(512M) 4.119ms
[2025-04-02T23:56:43.197-0400][26459.430s][info ][gc,cpu      ] GC(171) User=0.00s Sys=0.00s Real=0.00s
[2025-04-02T23:56:43.197-0400][26459.430s][info ][safepoint   ] Safepoint "G1CollectForAllocation", Time since last: 219935833000 ns, Reaching safepoint: 58900 ns, Cleanup: 3100 ns, At safepoint: 4206800 ns, Total: 4268800 ns
[2025-04-03T00:00:09.363-0400][26665.595s][debug][safepoint   ] Safepoint synchronization initiated using striped semaphore wait barrier. (243 threads)
[2025-04-03T00:00:09.363-0400][26665.595s][info ][safepoint   ] Safepoint "Cleanup", Time since last: 206165045200 ns, Reaching safepoint: 109500 ns, Cleanup: 7200 ns, At safepoint: 1700 ns, Total: 118400 ns
[2025-04-03T00:00:11.363-0400][26667.595s][debug][safepoint   ] Safepoint synchronization initiated using striped semaphore wait barrier. (243 threads)
[2025-04-03T00:00:11.363-0400][26667.595s][info ][safepoint   ] Safepoint "Cleanup", Time since last: 2000390000 ns, Reaching safepoint: 89900 ns, Cleanup: 8800 ns, At safepoint: 1600 ns, Total: 100300 ns
[2025-04-03T00:00:15.365-0400][26671.598s][debug][safepoint   ] Safepoint synchronization initiated using striped semaphore wait barrier. (243 threads)
[2025-04-03T00:00:15.365-0400][26671.598s][info ][safepoint   ] Safepoint "Cleanup", Time since last: 4002303400 ns, Reaching safepoint: 67400 ns, Cleanup: 9200 ns, At safepoint: 1400 ns, Total: 78000 ns
[2025-04-03T00:00:20.808-0400][26677.040s][debug][safepoint   ] Safepoint synchronization initiated using striped semaphore wait barrier. (241 threads)
[2025-04-03T00:00:20.808-0400][26677.040s][info ][gc,start    ] GC(172) Pause Young (Normal) (G1 Evacuation Pause)
[2025-04-03T00:00:20.808-0400][26677.040s][info ][gc,task     ] GC(172) Using 23 workers of 23 for evacuation
[2025-04-03T00:00:20.811-0400][26677.044s][info ][gc,phases   ] GC(172)   Pre Evacuate Collection Set: 0.2ms
[2025-04-03T00:00:20.811-0400][26677.044s][info ][gc,phases   ] GC(172)   Merge Heap Roots: 0.1ms
[2025-04-03T00:00:20.811-0400][26677.044s][info ][gc,phases   ] GC(172)   Evacuate Collection Set: 2.5ms
[2025-04-03T00:00:20.811-0400][26677.044s][info ][gc,phases   ] GC(172)   Post Evacuate Collection Set: 1.1ms
[2025-04-03T00:00:20.811-0400][26677.044s][info ][gc,phases   ] GC(172)   Other: 0.1ms
[2025-04-03T00:00:20.811-0400][26677.044s][info ][gc,heap     ] GC(172) Eden regions: 263->0(263)
[2025-04-03T00:00:20.811-0400][26677.044s][info ][gc,heap     ] GC(172) Survivor regions: 2->2(34)
[2025-04-03T00:00:20.811-0400][26677.044s][info ][gc,heap     ] GC(172) Old regions: 190->190
[2025-04-03T00:00:20.811-0400][26677.044s][info ][gc,heap     ] GC(172) Archive regions: 0->0
[2025-04-03T00:00:20.811-0400][26677.044s][info ][gc,heap     ] GC(172) Humongous regions: 2->2
[2025-04-03T00:00:20.811-0400][26677.044s][info ][gc,metaspace] GC(172) Metaspace: 193536K(195200K)->193536K(195200K) NonClass: 170417K(171264K)->170417K(171264K) Class: 23118K(23936K)->23118K(23936K)
[2025-04-03T00:00:20.811-0400][26677.044s][info ][gc          ] GC(172) Pause Young (Normal) (G1 Evacuation Pause) 456M->193M(512M) 4.002ms
[2025-04-03T00:00:20.811-0400][26677.044s][info ][gc,cpu      ] GC(172) User=0.00s Sys=0.00s Real=0.00s
[2025-04-03T00:00:20.811-0400][26677.044s][info ][safepoint   ] Safepoint "G1CollectForAllocation", Time since last: 5441954300 ns, Reaching safepoint: 76600 ns, Cleanup: 3900 ns, At safepoint: 4084100 ns, Total: 4164600 ns
[2025-04-03T00:03:59.567-0400][26895.799s][debug][safepoint   ] Safepoint synchronization initiated using striped semaphore wait barrier. (241 threads)
[2025-04-03T00:03:59.567-0400][26895.799s][info ][gc,start    ] GC(173) Pause Young (Normal) (G1 Evacuation Pause)
[2025-04-03T00:03:59.567-0400][26895.799s][info ][gc,task     ] GC(173) Using 23 workers of 23 for evacuation
[2025-04-03T00:03:59.571-0400][26895.803s][info ][gc,phases   ] GC(173)   Pre Evacuate Collection Set: 0.1ms
[2025-04-03T00:03:59.571-0400][26895.803s][info ][gc,phases   ] GC(173)   Merge Heap Roots: 0.1ms
[2025-04-03T00:03:59.571-0400][26895.803s][info ][gc,phases   ] GC(173)   Evacuate Collection Set: 2.4ms
[2025-04-03T00:03:59.571-0400][26895.803s][info ][gc,phases   ] GC(173)   Post Evacuate Collection Set: 1.0ms
[2025-04-03T00:03:59.571-0400][26895.803s][info ][gc,phases   ] GC(173)   Other: 0.1ms
[2025-04-03T00:03:59.571-0400][26895.803s][info ][gc,heap     ] GC(173) Eden regions: 263->0(263)
[2025-04-03T00:03:59.571-0400][26895.803s][info ][gc,heap     ] GC(173) Survivor regions: 2->2(34)
[2025-04-03T00:03:59.571-0400][26895.803s][info ][gc,heap     ] GC(173) Old regions: 190->190
[2025-04-03T00:03:59.571-0400][26895.803s][info ][gc,heap     ] GC(173) Archive regions: 0->0
[2025-04-03T00:03:59.571-0400][26895.803s][info ][gc,heap     ] GC(173) Humongous regions: 2->2
[2025-04-03T00:03:59.571-0400][26895.803s][info ][gc,metaspace] GC(173) Metaspace: 193626K(195264K)->193626K(195264K) NonClass: 170508K(171328K)->170508K(171328K) Class: 23118K(23936K)->23118K(23936K)
[2025-04-03T00:03:59.571-0400][26895.803s][info ][gc          ] GC(173) Pause Young (Normal) (G1 Evacuation Pause) 456M->193M(512M) 3.779ms
[2025-04-03T00:03:59.571-0400][26895.803s][info ][gc,cpu      ] GC(173) User=0.00s Sys=0.00s Real=0.00s
[2025-04-03T00:03:59.571-0400][26895.803s][info ][safepoint   ] Safepoint "G1CollectForAllocation", Time since last: 218755426700 ns, Reaching safepoint: 52300 ns, Cleanup: 3100 ns, At safepoint: 3854000 ns, Total: 3909400 ns
[2025-04-03T00:04:15.579-0400][26911.811s][debug][safepoint   ] Safepoint synchronization initiated using striped semaphore wait barrier. (241 threads)
[2025-04-03T00:04:15.579-0400][26911.811s][info ][safepoint   ] Safepoint "Cleanup", Time since last: 16007554700 ns, Reaching safepoint: 51100 ns, Cleanup: 12200 ns, At safepoint: 1800 ns, Total: 65100 ns
[2025-04-03T00:07:15.265-0400][27091.497s][debug][safepoint   ] Safepoint synchronization initiated using striped semaphore wait barrier. (241 threads)
[2025-04-03T00:07:15.265-0400][27091.497s][info ][safepoint   ] Safepoint "Cleanup", Time since last: 179685911900 ns, Reaching safepoint: 54000 ns, Cleanup: 7200 ns, At safepoint: 1600 ns, Total: 62800 ns
[2025-04-03T00:07:41.073-0400][27117.305s][debug][safepoint   ] Safepoint synchronization initiated using striped semaphore wait barrier. (241 threads)
[2025-04-03T00:07:41.073-0400][27117.306s][info ][gc,start    ] GC(174) Pause Young (Normal) (G1 Evacuation Pause)
[2025-04-03T00:07:41.074-0400][27117.306s][info ][gc,task     ] GC(174) Using 23 workers of 23 for evacuation
[2025-04-03T00:07:41.077-0400][27117.309s][info ][gc,phases   ] GC(174)   Pre Evacuate Collection Set: 0.2ms
[2025-04-03T00:07:41.077-0400][27117.309s][info ][gc,phases   ] GC(174)   Merge Heap Roots: 0.1ms
[2025-04-03T00:07:41.077-0400][27117.309s][info ][gc,phases   ] GC(174)   Evacuate Collection Set: 2.5ms
[2025-04-03T00:07:41.077-0400][27117.309s][info ][gc,phases   ] GC(174)   Post Evacuate Collection Set: 1.0ms
[2025-04-03T00:07:41.077-0400][27117.309s][info ][gc,phases   ] GC(174)   Other: 0.1ms
[2025-04-03T00:07:41.077-0400][27117.309s][info ][gc,heap     ] GC(174) Eden regions: 263->0(263)
[2025-04-03T00:07:41.077-0400][27117.309s][info ][gc,heap     ] GC(174) Survivor regions: 2->2(34)
[2025-04-03T00:07:41.077-0400][27117.309s][info ][gc,heap     ] GC(174) Old regions: 190->190
[2025-04-03T00:07:41.077-0400][27117.309s][info ][gc,heap     ] GC(174) Archive regions: 0->0
[2025-04-03T00:07:41.077-0400][27117.309s][info ][gc,heap     ] GC(174) Humongous regions: 2->2
[2025-04-03T00:07:41.077-0400][27117.309s][info ][gc,metaspace] GC(174) Metaspace: 193627K(195264K)->193627K(195264K) NonClass: 170508K(171328K)->170508K(171328K) Class: 23118K(23936K)->23118K(23936K)
[2025-04-03T00:07:41.077-0400][27117.310s][info ][gc          ] GC(174) Pause Young (Normal) (G1 Evacuation Pause) 456M->193M(512M) 3.956ms
[2025-04-03T00:07:41.077-0400][27117.310s][info ][gc,cpu      ] GC(174) User=0.00s Sys=0.00s Real=0.00s
[2025-04-03T00:07:41.077-0400][27117.310s][info ][safepoint   ] Safepoint "G1CollectForAllocation", Time since last: 25808592900 ns, Reaching safepoint: 56100 ns, Cleanup: 3300 ns, At safepoint: 4025500 ns, Total: 4084900 ns
[2025-04-03T00:10:15.669-0400][27271.902s][debug][safepoint   ] Safepoint synchronization initiated using striped semaphore wait barrier. (241 threads)
[2025-04-03T00:10:15.669-0400][27271.902s][info ][safepoint   ] Safepoint "Cleanup", Time since last: 154592020800 ns, Reaching safepoint: 53700 ns, Cleanup: 8500 ns, At safepoint: 1800 ns, Total: 64000 ns
[2025-04-03T00:11:20.962-0400][27337.194s][debug][safepoint   ] Safepoint synchronization initiated using striped semaphore wait barrier. (241 threads)
[2025-04-03T00:11:20.962-0400][27337.194s][info ][gc,start    ] GC(175) Pause Young (Normal) (G1 Evacuation Pause)
[2025-04-03T00:11:20.962-0400][27337.194s][info ][gc,task     ] GC(175) Using 23 workers of 23 for evacuation
[2025-04-03T00:11:20.965-0400][27337.197s][info ][gc,phases   ] GC(175)   Pre Evacuate Collection Set: 0.1ms
[2025-04-03T00:11:20.965-0400][27337.197s][info ][gc,phases   ] GC(175)   Merge Heap Roots: 0.1ms
[2025-04-03T00:11:20.965-0400][27337.197s][info ][gc,phases   ] GC(175)   Evacuate Collection Set: 1.4ms
[2025-04-03T00:11:20.965-0400][27337.197s][info ][gc,phases   ] GC(175)   Post Evacuate Collection Set: 1.1ms
[2025-04-03T00:11:20.965-0400][27337.197s][info ][gc,phases   ] GC(175)   Other: 0.1ms
[2025-04-03T00:11:20.965-0400][27337.197s][info ][gc,heap     ] GC(175) Eden regions: 263->0(263)
[2025-04-03T00:11:20.965-0400][27337.197s][info ][gc,heap     ] GC(175) Survivor regions: 2->2(34)
[2025-04-03T00:11:20.965-0400][27337.197s][info ][gc,heap     ] GC(175) Old regions: 190->190
[2025-04-03T00:11:20.965-0400][27337.197s][info ][gc,heap     ] GC(175) Archive regions: 0->0
[2025-04-03T00:11:20.965-0400][27337.197s][info ][gc,heap     ] GC(175) Humongous regions: 2->2
[2025-04-03T00:11:20.965-0400][27337.197s][info ][gc,metaspace] GC(175) Metaspace: 193627K(195328K)->193627K(195328K) NonClass: 170509K(171392K)->170509K(171392K) Class: 23118K(23936K)->23118K(23936K)
[2025-04-03T00:11:20.965-0400][27337.197s][info ][gc          ] GC(175) Pause Young (Normal) (G1 Evacuation Pause) 456M->193M(512M) 2.871ms
[2025-04-03T00:11:20.965-0400][27337.197s][info ][gc,cpu      ] GC(175) User=0.00s Sys=0.00s Real=0.00s
[2025-04-03T00:11:20.965-0400][27337.197s][info ][safepoint   ] Safepoint "G1CollectForAllocation", Time since last: 65292558400 ns, Reaching safepoint: 42200 ns, Cleanup: 2600 ns, At safepoint: 2939400 ns, Total: 2984200 ns
[2025-04-03T00:15:01.395-0400][27557.628s][debug][safepoint   ] Safepoint synchronization initiated using striped semaphore wait barrier. (241 threads)
[2025-04-03T00:15:01.395-0400][27557.628s][info ][gc,start    ] GC(176) Pause Young (Normal) (G1 Evacuation Pause)
[2025-04-03T00:15:01.395-0400][27557.628s][info ][gc,task     ] GC(176) Using 23 workers of 23 for evacuation
[2025-04-03T00:15:01.398-0400][27557.631s][info ][gc,phases   ] GC(176)   Pre Evacuate Collection Set: 0.1ms
[2025-04-03T00:15:01.399-0400][27557.631s][info ][gc,phases   ] GC(176)   Merge Heap Roots: 0.1ms
[2025-04-03T00:15:01.399-0400][27557.631s][info ][gc,phases   ] GC(176)   Evacuate Collection Set: 2.2ms
[2025-04-03T00:15:01.399-0400][27557.631s][info ][gc,phases   ] GC(176)   Post Evacuate Collection Set: 1.1ms
[2025-04-03T00:15:01.399-0400][27557.631s][info ][gc,phases   ] GC(176)   Other: 0.1ms
[2025-04-03T00:15:01.399-0400][27557.631s][info ][gc,heap     ] GC(176) Eden regions: 263->0(263)
[2025-04-03T00:15:01.399-0400][27557.631s][info ][gc,heap     ] GC(176) Survivor regions: 2->2(34)
[2025-04-03T00:15:01.399-0400][27557.631s][info ][gc,heap     ] GC(176) Old regions: 190->190
[2025-04-03T00:15:01.399-0400][27557.631s][info ][gc,heap     ] GC(176) Archive regions: 0->0
[2025-04-03T00:15:01.399-0400][27557.631s][info ][gc,heap     ] GC(176) Humongous regions: 2->2
[2025-04-03T00:15:01.399-0400][27557.631s][info ][gc,metaspace] GC(176) Metaspace: 193627K(195328K)->193627K(195328K) NonClass: 170509K(171392K)->170509K(171392K) Class: 23118K(23936K)->23118K(23936K)
[2025-04-03T00:15:01.399-0400][27557.631s][info ][gc          ] GC(176) Pause Young (Normal) (G1 Evacuation Pause) 456M->193M(512M) 3.645ms
[2025-04-03T00:15:01.399-0400][27557.631s][info ][gc,cpu      ] GC(176) User=0.00s Sys=0.00s Real=0.00s
[2025-04-03T00:15:01.399-0400][27557.631s][info ][safepoint   ] Safepoint "G1CollectForAllocation", Time since last: 220430514000 ns, Reaching safepoint: 49400 ns, Cleanup: 3900 ns, At safepoint: 3724400 ns, Total: 3777700 ns
[2025-04-03T00:17:52.720-0400][27728.952s][debug][safepoint   ] Safepoint synchronization initiated using striped semaphore wait barrier. (241 threads)
[2025-04-03T00:17:52.720-0400][27728.952s][info ][safepoint   ] Safepoint "Cleanup", Time since last: 171320250600 ns, Reaching safepoint: 144900 ns, Cleanup: 9700 ns, At safepoint: 1600 ns, Total: 156200 ns
[2025-04-03T00:18:15.730-0400][27751.962s][debug][safepoint   ] Safepoint synchronization initiated using striped semaphore wait barrier. (241 threads)
[2025-04-03T00:18:15.730-0400][27751.963s][info ][safepoint   ] Safepoint "Cleanup", Time since last: 23010507500 ns, Reaching safepoint: 146400 ns, Cleanup: 8900 ns, At safepoint: 2200 ns, Total: 157500 ns
[2025-04-03T00:18:43.071-0400][27779.303s][debug][safepoint   ] Safepoint synchronization initiated using striped semaphore wait barrier. (241 threads)
[2025-04-03T00:18:43.071-0400][27779.303s][info ][gc,start    ] GC(177) Pause Young (Normal) (G1 Evacuation Pause)
[2025-04-03T00:18:43.071-0400][27779.303s][info ][gc,task     ] GC(177) Using 23 workers of 23 for evacuation
[2025-04-03T00:18:43.074-0400][27779.307s][info ][gc,phases   ] GC(177)   Pre Evacuate Collection Set: 0.1ms
[2025-04-03T00:18:43.074-0400][27779.307s][info ][gc,phases   ] GC(177)   Merge Heap Roots: 0.1ms
[2025-04-03T00:18:43.074-0400][27779.307s][info ][gc,phases   ] GC(177)   Evacuate Collection Set: 2.6ms
[2025-04-03T00:18:43.074-0400][27779.307s][info ][gc,phases   ] GC(177)   Post Evacuate Collection Set: 1.0ms
[2025-04-03T00:18:43.074-0400][27779.307s][info ][gc,phases   ] GC(177)   Other: 0.1ms
[2025-04-03T00:18:43.074-0400][27779.307s][info ][gc,heap     ] GC(177) Eden regions: 263->0(263)
[2025-04-03T00:18:43.074-0400][27779.307s][info ][gc,heap     ] GC(177) Survivor regions: 2->2(34)
[2025-04-03T00:18:43.074-0400][27779.307s][info ][gc,heap     ] GC(177) Old regions: 190->190
[2025-04-03T00:18:43.074-0400][27779.307s][info ][gc,heap     ] GC(177) Archive regions: 0->0
[2025-04-03T00:18:43.074-0400][27779.307s][info ][gc,heap     ] GC(177) Humongous regions: 2->2
[2025-04-03T00:18:43.074-0400][27779.307s][info ][gc,metaspace] GC(177) Metaspace: 193628K(195328K)->193628K(195328K) NonClass: 170509K(171392K)->170509K(171392K) Class: 23118K(23936K)->23118K(23936K)
[2025-04-03T00:18:43.074-0400][27779.307s][info ][gc          ] GC(177) Pause Young (Normal) (G1 Evacuation Pause) 456M->193M(512M) 3.933ms
[2025-04-03T00:18:43.074-0400][27779.307s][info ][gc,cpu      ] GC(177) User=0.00s Sys=0.00s Real=0.00s
[2025-04-03T00:18:43.074-0400][27779.307s][info ][safepoint   ] Safepoint "G1CollectForAllocation", Time since last: 27340059000 ns, Reaching safepoint: 66400 ns, Cleanup: 2700 ns, At safepoint: 4035800 ns, Total: 4104900 ns
[2025-04-03T00:19:13.086-0400][27809.319s][debug][safepoint   ] Safepoint synchronization initiated using striped semaphore wait barrier. (241 threads)
[2025-04-03T00:19:13.086-0400][27809.319s][info ][safepoint   ] Safepoint "Cleanup", Time since last: 30011868800 ns, Reaching safepoint: 106500 ns, Cleanup: 11000 ns, At safepoint: 1900 ns, Total: 119400 ns
[2025-04-03T00:20:15.980-0400][27872.212s][debug][safepoint   ] Safepoint synchronization initiated using striped semaphore wait barrier. (241 threads)
[2025-04-03T00:20:15.980-0400][27872.213s][info ][safepoint   ] Safepoint "Cleanup", Time since last: 62893747800 ns, Reaching safepoint: 103400 ns, Cleanup: 7500 ns, At safepoint: 1700 ns, Total: 112600 ns
[2025-04-03T00:22:22.592-0400][27998.824s][debug][safepoint   ] Safepoint synchronization initiated using striped semaphore wait barrier. (242 threads)
[2025-04-03T00:22:22.592-0400][27998.824s][info ][gc,start    ] GC(178) Pause Young (Normal) (G1 Evacuation Pause)
[2025-04-03T00:22:22.592-0400][27998.824s][info ][gc,task     ] GC(178) Using 23 workers of 23 for evacuation
[2025-04-03T00:22:22.596-0400][27998.828s][info ][gc,phases   ] GC(178)   Pre Evacuate Collection Set: 0.1ms
[2025-04-03T00:22:22.596-0400][27998.828s][info ][gc,phases   ] GC(178)   Merge Heap Roots: 0.1ms
[2025-04-03T00:22:22.596-0400][27998.828s][info ][gc,phases   ] GC(178)   Evacuate Collection Set: 2.6ms
[2025-04-03T00:22:22.596-0400][27998.828s][info ][gc,phases   ] GC(178)   Post Evacuate Collection Set: 1.0ms
[2025-04-03T00:22:22.596-0400][27998.828s][info ][gc,phases   ] GC(178)   Other: 0.1ms
[2025-04-03T00:22:22.596-0400][27998.828s][info ][gc,heap     ] GC(178) Eden regions: 263->0(263)
[2025-04-03T00:22:22.596-0400][27998.828s][info ][gc,heap     ] GC(178) Survivor regions: 2->2(34)
[2025-04-03T00:22:22.596-0400][27998.828s][info ][gc,heap     ] GC(178) Old regions: 190->190
[2025-04-03T00:22:22.596-0400][27998.828s][info ][gc,heap     ] GC(178) Archive regions: 0->0
[2025-04-03T00:22:22.596-0400][27998.828s][info ][gc,heap     ] GC(178) Humongous regions: 2->2
[2025-04-03T00:22:22.596-0400][27998.828s][info ][gc,metaspace] GC(178) Metaspace: 193628K(195328K)->193628K(195328K) NonClass: 170509K(171392K)->170509K(171392K) Class: 23118K(23936K)->23118K(23936K)
[2025-04-03T00:22:22.596-0400][27998.828s][info ][gc          ] GC(178) Pause Young (Normal) (G1 Evacuation Pause) 456M->193M(512M) 4.023ms
[2025-04-03T00:22:22.596-0400][27998.828s][info ][gc,cpu      ] GC(178) User=0.03s Sys=0.00s Real=0.00s
[2025-04-03T00:22:22.596-0400][27998.828s][info ][safepoint   ] Safepoint "G1CollectForAllocation", Time since last: 126611307900 ns, Reaching safepoint: 87500 ns, Cleanup: 3100 ns, At safepoint: 4091200 ns, Total: 4181800 ns
[2025-04-03T00:26:02.350-0400][28218.583s][debug][safepoint   ] Safepoint synchronization initiated using striped semaphore wait barrier. (242 threads)
[2025-04-03T00:26:02.350-0400][28218.583s][info ][gc,start    ] GC(179) Pause Young (Normal) (G1 Evacuation Pause)
[2025-04-03T00:26:02.350-0400][28218.583s][info ][gc,task     ] GC(179) Using 23 workers of 23 for evacuation
[2025-04-03T00:26:02.353-0400][28218.586s][info ][gc,phases   ] GC(179)   Pre Evacuate Collection Set: 0.2ms
[2025-04-03T00:26:02.353-0400][28218.586s][info ][gc,phases   ] GC(179)   Merge Heap Roots: 0.1ms
[2025-04-03T00:26:02.353-0400][28218.586s][info ][gc,phases   ] GC(179)   Evacuate Collection Set: 1.8ms
[2025-04-03T00:26:02.353-0400][28218.586s][info ][gc,phases   ] GC(179)   Post Evacuate Collection Set: 1.0ms
[2025-04-03T00:26:02.353-0400][28218.586s][info ][gc,phases   ] GC(179)   Other: 0.1ms
[2025-04-03T00:26:02.353-0400][28218.586s][info ][gc,heap     ] GC(179) Eden regions: 263->0(263)
[2025-04-03T00:26:02.353-0400][28218.586s][info ][gc,heap     ] GC(179) Survivor regions: 2->2(34)
[2025-04-03T00:26:02.353-0400][28218.586s][info ][gc,heap     ] GC(179) Old regions: 190->190
[2025-04-03T00:26:02.353-0400][28218.586s][info ][gc,heap     ] GC(179) Archive regions: 0->0
[2025-04-03T00:26:02.353-0400][28218.586s][info ][gc,heap     ] GC(179) Humongous regions: 2->2
[2025-04-03T00:26:02.353-0400][28218.586s][info ][gc,metaspace] GC(179) Metaspace: 193628K(195328K)->193628K(195328K) NonClass: 170509K(171392K)->170509K(171392K) Class: 23118K(23936K)->23118K(23936K)
[2025-04-03T00:26:02.354-0400][28218.586s][info ][gc          ] GC(179) Pause Young (Normal) (G1 Evacuation Pause) 456M->193M(512M) 3.229ms
[2025-04-03T00:26:02.354-0400][28218.586s][info ][gc,cpu      ] GC(179) User=0.00s Sys=0.00s Real=0.00s
[2025-04-03T00:26:02.354-0400][28218.586s][info ][safepoint   ] Safepoint "G1CollectForAllocation", Time since last: 219754578700 ns, Reaching safepoint: 59900 ns, Cleanup: 3300 ns, At safepoint: 3329400 ns, Total: 3392600 ns
[2025-04-03T00:29:39.100-0400][28435.332s][debug][safepoint   ] Safepoint synchronization initiated using striped semaphore wait barrier. (243 threads)
[2025-04-03T00:29:39.100-0400][28435.332s][info ][safepoint   ] Safepoint "Cleanup", Time since last: 216746301300 ns, Reaching safepoint: 40200 ns, Cleanup: 7500 ns, At safepoint: 1600 ns, Total: 49300 ns
[2025-04-03T00:29:41.928-0400][28438.160s][debug][safepoint   ] Safepoint synchronization initiated using striped semaphore wait barrier. (243 threads)
[2025-04-03T00:29:41.928-0400][28438.160s][info ][gc,start    ] GC(180) Pause Young (Normal) (G1 Evacuation Pause)
[2025-04-03T00:29:41.928-0400][28438.160s][info ][gc,task     ] GC(180) Using 23 workers of 23 for evacuation
[2025-04-03T00:29:41.931-0400][28438.164s][info ][gc,phases   ] GC(180)   Pre Evacuate Collection Set: 0.1ms
[2025-04-03T00:29:41.931-0400][28438.164s][info ][gc,phases   ] GC(180)   Merge Heap Roots: 0.1ms
[2025-04-03T00:29:41.931-0400][28438.164s][info ][gc,phases   ] GC(180)   Evacuate Collection Set: 2.1ms
[2025-04-03T00:29:41.931-0400][28438.164s][info ][gc,phases   ] GC(180)   Post Evacuate Collection Set: 1.0ms
[2025-04-03T00:29:41.931-0400][28438.164s][info ][gc,phases   ] GC(180)   Other: 0.1ms
[2025-04-03T00:29:41.931-0400][28438.164s][info ][gc,heap     ] GC(180) Eden regions: 263->0(263)
[2025-04-03T00:29:41.931-0400][28438.164s][info ][gc,heap     ] GC(180) Survivor regions: 2->2(34)
[2025-04-03T00:29:41.931-0400][28438.164s][info ][gc,heap     ] GC(180) Old regions: 190->190
[2025-04-03T00:29:41.931-0400][28438.164s][info ][gc,heap     ] GC(180) Archive regions: 0->0
[2025-04-03T00:29:41.931-0400][28438.164s][info ][gc,heap     ] GC(180) Humongous regions: 2->2
[2025-04-03T00:29:41.931-0400][28438.164s][info ][gc,metaspace] GC(180) Metaspace: 193631K(195328K)->193631K(195328K) NonClass: 170512K(171392K)->170512K(171392K) Class: 23118K(23936K)->23118K(23936K)
[2025-04-03T00:29:41.931-0400][28438.164s][info ][gc          ] GC(180) Pause Young (Normal) (G1 Evacuation Pause) 456M->193M(512M) 3.410ms
[2025-04-03T00:29:41.931-0400][28438.164s][info ][gc,cpu      ] GC(180) User=0.00s Sys=0.00s Real=0.00s
[2025-04-03T00:29:41.931-0400][28438.164s][info ][safepoint   ] Safepoint "G1CollectForAllocation", Time since last: 2827991500 ns, Reaching safepoint: 37200 ns, Cleanup: 2000 ns, At safepoint: 3466900 ns, Total: 3506100 ns
[2025-04-03T00:29:45.193-0400][28441.425s][debug][safepoint   ] Safepoint synchronization initiated using striped semaphore wait barrier. (243 threads)
[2025-04-03T00:29:45.193-0400][28441.425s][info ][safepoint   ] Safepoint "Cleanup", Time since last: 3261023000 ns, Reaching safepoint: 56500 ns, Cleanup: 8500 ns, At safepoint: 1600 ns, Total: 66600 ns
[2025-04-03T00:33:18.701-0400][28654.934s][debug][safepoint   ] Safepoint synchronization initiated using striped semaphore wait barrier. (241 threads)
[2025-04-03T00:33:18.701-0400][28654.934s][info ][gc,start    ] GC(181) Pause Young (Normal) (G1 Evacuation Pause)
[2025-04-03T00:33:18.701-0400][28654.934s][info ][gc,task     ] GC(181) Using 23 workers of 23 for evacuation
[2025-04-03T00:33:18.705-0400][28654.937s][info ][gc,phases   ] GC(181)   Pre Evacuate Collection Set: 0.1ms
[2025-04-03T00:33:18.705-0400][28654.937s][info ][gc,phases   ] GC(181)   Merge Heap Roots: 0.1ms
[2025-04-03T00:33:18.705-0400][28654.937s][info ][gc,phases   ] GC(181)   Evacuate Collection Set: 2.6ms
[2025-04-03T00:33:18.705-0400][28654.937s][info ][gc,phases   ] GC(181)   Post Evacuate Collection Set: 0.9ms
[2025-04-03T00:33:18.705-0400][28654.937s][info ][gc,phases   ] GC(181)   Other: 0.1ms
[2025-04-03T00:33:18.705-0400][28654.937s][info ][gc,heap     ] GC(181) Eden regions: 263->0(263)
[2025-04-03T00:33:18.705-0400][28654.937s][info ][gc,heap     ] GC(181) Survivor regions: 2->2(34)
[2025-04-03T00:33:18.705-0400][28654.937s][info ][gc,heap     ] GC(181) Old regions: 190->190
[2025-04-03T00:33:18.705-0400][28654.937s][info ][gc,heap     ] GC(181) Archive regions: 0->0
[2025-04-03T00:33:18.705-0400][28654.937s][info ][gc,heap     ] GC(181) Humongous regions: 2->2
[2025-04-03T00:33:18.705-0400][28654.937s][info ][gc,metaspace] GC(181) Metaspace: 193639K(195328K)->193639K(195328K) NonClass: 170520K(171392K)->170520K(171392K) Class: 23118K(23936K)->23118K(23936K)
[2025-04-03T00:33:18.705-0400][28654.938s][info ][gc          ] GC(181) Pause Young (Normal) (G1 Evacuation Pause) 456M->193M(512M) 3.808ms
[2025-04-03T00:33:18.705-0400][28654.938s][info ][gc,cpu      ] GC(181) User=0.03s Sys=0.00s Real=0.00s
[2025-04-03T00:33:18.705-0400][28654.938s][info ][safepoint   ] Safepoint "G1CollectForAllocation", Time since last: 213508668000 ns, Reaching safepoint: 50400 ns, Cleanup: 2300 ns, At safepoint: 3869700 ns, Total: 3922400 ns
[2025-04-03T00:36:12.988-0400][28829.220s][debug][safepoint   ] Safepoint synchronization initiated using striped semaphore wait barrier. (242 threads)
[2025-04-03T00:36:12.988-0400][28829.220s][info ][safepoint   ] Safepoint "Cleanup", Time since last: 174282589400 ns, Reaching safepoint: 108300 ns, Cleanup: 17300 ns, At safepoint: 1699 ns, Total: 127299 ns
[2025-04-03T00:36:59.450-0400][28875.682s][debug][safepoint   ] Safepoint synchronization initiated using striped semaphore wait barrier. (241 threads)
[2025-04-03T00:36:59.450-0400][28875.682s][info ][gc,start    ] GC(182) Pause Young (Normal) (G1 Evacuation Pause)
[2025-04-03T00:36:59.450-0400][28875.682s][info ][gc,task     ] GC(182) Using 23 workers of 23 for evacuation
[2025-04-03T00:36:59.453-0400][28875.686s][info ][gc,phases   ] GC(182)   Pre Evacuate Collection Set: 0.1ms
[2025-04-03T00:36:59.453-0400][28875.686s][info ][gc,phases   ] GC(182)   Merge Heap Roots: 0.1ms
[2025-04-03T00:36:59.453-0400][28875.686s][info ][gc,phases   ] GC(182)   Evacuate Collection Set: 2.1ms
[2025-04-03T00:36:59.453-0400][28875.686s][info ][gc,phases   ] GC(182)   Post Evacuate Collection Set: 1.1ms
[2025-04-03T00:36:59.453-0400][28875.686s][info ][gc,phases   ] GC(182)   Other: 0.1ms
[2025-04-03T00:36:59.453-0400][28875.686s][info ][gc,heap     ] GC(182) Eden regions: 263->0(263)
[2025-04-03T00:36:59.453-0400][28875.686s][info ][gc,heap     ] GC(182) Survivor regions: 2->2(34)
[2025-04-03T00:36:59.453-0400][28875.686s][info ][gc,heap     ] GC(182) Old regions: 190->190
[2025-04-03T00:36:59.453-0400][28875.686s][info ][gc,heap     ] GC(182) Archive regions: 0->0
[2025-04-03T00:36:59.453-0400][28875.686s][info ][gc,heap     ] GC(182) Humongous regions: 2->2
[2025-04-03T00:36:59.453-0400][28875.686s][info ][gc,metaspace] GC(182) Metaspace: 193653K(195328K)->193653K(195328K) NonClass: 170534K(171392K)->170534K(171392K) Class: 23118K(23936K)->23118K(23936K)
[2025-04-03T00:36:59.453-0400][28875.686s][info ][gc          ] GC(182) Pause Young (Normal) (G1 Evacuation Pause) 456M->193M(512M) 3.582ms
[2025-04-03T00:36:59.453-0400][28875.686s][info ][gc,cpu      ] GC(182) User=0.00s Sys=0.00s Real=0.00s
[2025-04-03T00:36:59.453-0400][28875.686s][info ][safepoint   ] Safepoint "G1CollectForAllocation", Time since last: 46461996501 ns, Reaching safepoint: 50900 ns, Cleanup: 2800 ns, At safepoint: 3641800 ns, Total: 3695500 ns
[2025-04-03T00:37:26.467-0400][28902.699s][debug][safepoint   ] Safepoint synchronization initiated using striped semaphore wait barrier. (241 threads)
[2025-04-03T00:37:26.467-0400][28902.699s][info ][safepoint   ] Safepoint "Cleanup", Time since last: 27013073300 ns, Reaching safepoint: 84799 ns, Cleanup: 7401 ns, At safepoint: 1600 ns, Total: 93800 ns
[2025-04-03T00:40:15.464-0400][29071.696s][debug][safepoint   ] Safepoint synchronization initiated using striped semaphore wait barrier. (241 threads)
[2025-04-03T00:40:15.464-0400][29071.696s][info ][safepoint   ] Safepoint "Cleanup", Time since last: 168996849400 ns, Reaching safepoint: 85000 ns, Cleanup: 8700 ns, At safepoint: 1800 ns, Total: 95500 ns
[2025-04-03T00:40:39.297-0400][29095.529s][debug][safepoint   ] Safepoint synchronization initiated using striped semaphore wait barrier. (241 threads)
[2025-04-03T00:40:39.297-0400][29095.529s][info ][gc,start    ] GC(183) Pause Young (Normal) (G1 Evacuation Pause)
[2025-04-03T00:40:39.297-0400][29095.529s][info ][gc,task     ] GC(183) Using 23 workers of 23 for evacuation
[2025-04-03T00:40:39.312-0400][29095.544s][info ][gc,phases   ] GC(183)   Pre Evacuate Collection Set: 0.1ms
[2025-04-03T00:40:39.312-0400][29095.544s][info ][gc,phases   ] GC(183)   Merge Heap Roots: 0.1ms
[2025-04-03T00:40:39.312-0400][29095.544s][info ][gc,phases   ] GC(183)   Evacuate Collection Set: 13.9ms
[2025-04-03T00:40:39.312-0400][29095.544s][info ][gc,phases   ] GC(183)   Post Evacuate Collection Set: 0.9ms
[2025-04-03T00:40:39.312-0400][29095.544s][info ][gc,phases   ] GC(183)   Other: 0.1ms
[2025-04-03T00:40:39.312-0400][29095.544s][info ][gc,heap     ] GC(183) Eden regions: 263->0(263)
[2025-04-03T00:40:39.312-0400][29095.544s][info ][gc,heap     ] GC(183) Survivor regions: 2->2(34)
[2025-04-03T00:40:39.312-0400][29095.544s][info ][gc,heap     ] GC(183) Old regions: 190->190
[2025-04-03T00:40:39.312-0400][29095.544s][info ][gc,heap     ] GC(183) Archive regions: 0->0
[2025-04-03T00:40:39.312-0400][29095.544s][info ][gc,heap     ] GC(183) Humongous regions: 2->2
[2025-04-03T00:40:39.312-0400][29095.544s][info ][gc,metaspace] GC(183) Metaspace: 193653K(195328K)->193653K(195328K) NonClass: 170534K(171392K)->170534K(171392K) Class: 23118K(23936K)->23118K(23936K)
[2025-04-03T00:40:39.312-0400][29095.544s][info ][gc          ] GC(183) Pause Young (Normal) (G1 Evacuation Pause) 456M->193M(512M) 15.102ms
[2025-04-03T00:40:39.312-0400][29095.544s][info ][gc,cpu      ] GC(183) User=0.00s Sys=0.00s Real=0.02s
[2025-04-03T00:40:39.312-0400][29095.544s][info ][safepoint   ] Safepoint "G1CollectForAllocation", Time since last: 23833120200 ns, Reaching safepoint: 45800 ns, Cleanup: 2300 ns, At safepoint: 15188000 ns, Total: 15236100 ns
[2025-04-03T00:44:19.229-0400][29315.461s][debug][safepoint   ] Safepoint synchronization initiated using striped semaphore wait barrier. (241 threads)
[2025-04-03T00:44:19.229-0400][29315.461s][info ][gc,start    ] GC(184) Pause Young (Normal) (G1 Evacuation Pause)
[2025-04-03T00:44:19.229-0400][29315.461s][info ][gc,task     ] GC(184) Using 23 workers of 23 for evacuation
[2025-04-03T00:44:19.233-0400][29315.465s][info ][gc,phases   ] GC(184)   Pre Evacuate Collection Set: 0.2ms
[2025-04-03T00:44:19.233-0400][29315.466s][info ][gc,phases   ] GC(184)   Merge Heap Roots: 0.1ms
[2025-04-03T00:44:19.233-0400][29315.466s][info ][gc,phases   ] GC(184)   Evacuate Collection Set: 3.0ms
[2025-04-03T00:44:19.233-0400][29315.466s][info ][gc,phases   ] GC(184)   Post Evacuate Collection Set: 1.1ms
[2025-04-03T00:44:19.233-0400][29315.466s][info ][gc,phases   ] GC(184)   Other: 0.1ms
[2025-04-03T00:44:19.233-0400][29315.466s][info ][gc,heap     ] GC(184) Eden regions: 263->0(263)
[2025-04-03T00:44:19.233-0400][29315.466s][info ][gc,heap     ] GC(184) Survivor regions: 2->2(34)
[2025-04-03T00:44:19.233-0400][29315.466s][info ][gc,heap     ] GC(184) Old regions: 190->190
[2025-04-03T00:44:19.233-0400][29315.466s][info ][gc,heap     ] GC(184) Archive regions: 0->0
[2025-04-03T00:44:19.233-0400][29315.466s][info ][gc,heap     ] GC(184) Humongous regions: 2->2
[2025-04-03T00:44:19.233-0400][29315.466s][info ][gc,metaspace] GC(184) Metaspace: 193653K(195328K)->193653K(195328K) NonClass: 170534K(171392K)->170534K(171392K) Class: 23118K(23936K)->23118K(23936K)
[2025-04-03T00:44:19.233-0400][29315.466s][info ][gc          ] GC(184) Pause Young (Normal) (G1 Evacuation Pause) 456M->193M(512M) 4.463ms
[2025-04-03T00:44:19.233-0400][29315.466s][info ][gc,cpu      ] GC(184) User=0.00s Sys=0.00s Real=0.00s
[2025-04-03T00:44:19.233-0400][29315.466s][info ][safepoint   ] Safepoint "G1CollectForAllocation", Time since last: 219916557499 ns, Reaching safepoint: 73101 ns, Cleanup: 17300 ns, At safepoint: 4557200 ns, Total: 4647601 ns
[2025-04-03T00:46:21.283-0400][29437.515s][debug][safepoint   ] Safepoint synchronization initiated using striped semaphore wait barrier. (241 threads)
[2025-04-03T00:46:21.283-0400][29437.515s][info ][safepoint   ] Safepoint "Cleanup", Time since last: 122049068800 ns, Reaching safepoint: 139500 ns, Cleanup: 11100 ns, At safepoint: 1900 ns, Total: 152500 ns
[2025-04-03T00:48:01.090-0400][29537.322s][debug][safepoint   ] Safepoint synchronization initiated using striped semaphore wait barrier. (241 threads)
[2025-04-03T00:48:01.090-0400][29537.323s][info ][gc,start    ] GC(185) Pause Young (Normal) (G1 Evacuation Pause)
[2025-04-03T00:48:01.090-0400][29537.323s][info ][gc,task     ] GC(185) Using 23 workers of 23 for evacuation
[2025-04-03T00:48:01.093-0400][29537.326s][info ][gc,phases   ] GC(185)   Pre Evacuate Collection Set: 0.1ms
[2025-04-03T00:48:01.093-0400][29537.326s][info ][gc,phases   ] GC(185)   Merge Heap Roots: 0.1ms
[2025-04-03T00:48:01.093-0400][29537.326s][info ][gc,phases   ] GC(185)   Evacuate Collection Set: 2.1ms
[2025-04-03T00:48:01.093-0400][29537.326s][info ][gc,phases   ] GC(185)   Post Evacuate Collection Set: 0.9ms
[2025-04-03T00:48:01.093-0400][29537.326s][info ][gc,phases   ] GC(185)   Other: 0.1ms
[2025-04-03T00:48:01.093-0400][29537.326s][info ][gc,heap     ] GC(185) Eden regions: 263->0(263)
[2025-04-03T00:48:01.093-0400][29537.326s][info ][gc,heap     ] GC(185) Survivor regions: 2->2(34)
[2025-04-03T00:48:01.093-0400][29537.326s][info ][gc,heap     ] GC(185) Old regions: 190->190
[2025-04-03T00:48:01.093-0400][29537.326s][info ][gc,heap     ] GC(185) Archive regions: 0->0
[2025-04-03T00:48:01.093-0400][29537.326s][info ][gc,heap     ] GC(185) Humongous regions: 2->2
[2025-04-03T00:48:01.093-0400][29537.326s][info ][gc,metaspace] GC(185) Metaspace: 193653K(195328K)->193653K(195328K) NonClass: 170534K(171392K)->170534K(171392K) Class: 23118K(23936K)->23118K(23936K)
[2025-04-03T00:48:01.093-0400][29537.326s][info ][gc          ] GC(185) Pause Young (Normal) (G1 Evacuation Pause) 456M->193M(512M) 3.366ms
[2025-04-03T00:48:01.093-0400][29537.326s][info ][gc,cpu      ] GC(185) User=0.00s Sys=0.00s Real=0.00s
[2025-04-03T00:48:01.093-0400][29537.326s][info ][safepoint   ] Safepoint "G1CollectForAllocation", Time since last: 99807598100 ns, Reaching safepoint: 54400 ns, Cleanup: 2200 ns, At safepoint: 3443299 ns, Total: 3499899 ns
[2025-04-03T00:51:25.942-0400][29742.174s][debug][safepoint   ] Safepoint synchronization initiated using striped semaphore wait barrier. (241 threads)
[2025-04-03T00:51:25.942-0400][29742.174s][info ][safepoint   ] Safepoint "Cleanup", Time since last: 204847928901 ns, Reaching safepoint: 49399 ns, Cleanup: 27301 ns, At safepoint: 2100 ns, Total: 78800 ns
[2025-04-03T00:51:40.720-0400][29756.952s][debug][safepoint   ] Safepoint synchronization initiated using striped semaphore wait barrier. (241 threads)
[2025-04-03T00:51:40.720-0400][29756.952s][info ][gc,start    ] GC(186) Pause Young (Normal) (G1 Evacuation Pause)
[2025-04-03T00:51:40.720-0400][29756.952s][info ][gc,task     ] GC(186) Using 23 workers of 23 for evacuation
[2025-04-03T00:51:40.722-0400][29756.955s][info ][gc,phases   ] GC(186)   Pre Evacuate Collection Set: 0.1ms
[2025-04-03T00:51:40.722-0400][29756.955s][info ][gc,phases   ] GC(186)   Merge Heap Roots: 0.1ms
[2025-04-03T00:51:40.722-0400][29756.955s][info ][gc,phases   ] GC(186)   Evacuate Collection Set: 1.2ms
[2025-04-03T00:51:40.722-0400][29756.955s][info ][gc,phases   ] GC(186)   Post Evacuate Collection Set: 1.0ms
[2025-04-03T00:51:40.722-0400][29756.955s][info ][gc,phases   ] GC(186)   Other: 0.1ms
[2025-04-03T00:51:40.722-0400][29756.955s][info ][gc,heap     ] GC(186) Eden regions: 263->0(263)
[2025-04-03T00:51:40.722-0400][29756.955s][info ][gc,heap     ] GC(186) Survivor regions: 2->2(34)
[2025-04-03T00:51:40.722-0400][29756.955s][info ][gc,heap     ] GC(186) Old regions: 190->190
[2025-04-03T00:51:40.722-0400][29756.955s][info ][gc,heap     ] GC(186) Archive regions: 0->0
[2025-04-03T00:51:40.722-0400][29756.955s][info ][gc,heap     ] GC(186) Humongous regions: 2->2
[2025-04-03T00:51:40.722-0400][29756.955s][info ][gc,metaspace] GC(186) Metaspace: 193653K(195328K)->193653K(195328K) NonClass: 170534K(171392K)->170534K(171392K) Class: 23118K(23936K)->23118K(23936K)
[2025-04-03T00:51:40.722-0400][29756.955s][info ][gc          ] GC(186) Pause Young (Normal) (G1 Evacuation Pause) 456M->193M(512M) 2.572ms
[2025-04-03T00:51:40.722-0400][29756.955s][info ][gc,cpu      ] GC(186) User=0.03s Sys=0.00s Real=0.00s
[2025-04-03T00:51:40.722-0400][29756.955s][info ][safepoint   ] Safepoint "G1CollectForAllocation", Time since last: 14778353999 ns, Reaching safepoint: 120200 ns, Cleanup: 2201 ns, At safepoint: 2627900 ns, Total: 2750301 ns
[2025-04-03T00:52:26.070-0400][29802.302s][debug][safepoint   ] Safepoint synchronization initiated using striped semaphore wait barrier. (241 threads)
[2025-04-03T00:52:26.070-0400][29802.302s][info ][safepoint   ] Safepoint "Cleanup", Time since last: 45346645999 ns, Reaching safepoint: 95101 ns, Cleanup: 9300 ns, At safepoint: 1800 ns, Total: 106201 ns
[2025-04-03T00:55:22.373-0400][29978.605s][debug][safepoint   ] Safepoint synchronization initiated using striped semaphore wait barrier. (241 threads)
[2025-04-03T00:55:22.373-0400][29978.606s][info ][gc,start    ] GC(187) Pause Young (Normal) (G1 Evacuation Pause)
[2025-04-03T00:55:22.373-0400][29978.606s][info ][gc,task     ] GC(187) Using 23 workers of 23 for evacuation
[2025-04-03T00:55:22.376-0400][29978.609s][info ][gc,phases   ] GC(187)   Pre Evacuate Collection Set: 0.1ms
[2025-04-03T00:55:22.376-0400][29978.609s][info ][gc,phases   ] GC(187)   Merge Heap Roots: 0.1ms
[2025-04-03T00:55:22.376-0400][29978.609s][info ][gc,phases   ] GC(187)   Evacuate Collection Set: 2.2ms
[2025-04-03T00:55:22.376-0400][29978.609s][info ][gc,phases   ] GC(187)   Post Evacuate Collection Set: 1.0ms
[2025-04-03T00:55:22.376-0400][29978.609s][info ][gc,phases   ] GC(187)   Other: 0.1ms
[2025-04-03T00:55:22.376-0400][29978.609s][info ][gc,heap     ] GC(187) Eden regions: 263->0(263)
[2025-04-03T00:55:22.376-0400][29978.609s][info ][gc,heap     ] GC(187) Survivor regions: 2->2(34)
[2025-04-03T00:55:22.376-0400][29978.609s][info ][gc,heap     ] GC(187) Old regions: 190->190
[2025-04-03T00:55:22.376-0400][29978.609s][info ][gc,heap     ] GC(187) Archive regions: 0->0
[2025-04-03T00:55:22.376-0400][29978.609s][info ][gc,heap     ] GC(187) Humongous regions: 2->2
[2025-04-03T00:55:22.376-0400][29978.609s][info ][gc,metaspace] GC(187) Metaspace: 193653K(195328K)->193653K(195328K) NonClass: 170534K(171392K)->170534K(171392K) Class: 23118K(23936K)->23118K(23936K)
[2025-04-03T00:55:22.376-0400][29978.609s][info ][gc          ] GC(187) Pause Young (Normal) (G1 Evacuation Pause) 456M->193M(512M) 3.445ms
[2025-04-03T00:55:22.376-0400][29978.609s][info ][gc,cpu      ] GC(187) User=0.03s Sys=0.00s Real=0.00s
[2025-04-03T00:55:22.376-0400][29978.609s][info ][safepoint   ] Safepoint "G1CollectForAllocation", Time since last: 176303627100 ns, Reaching safepoint: 47700 ns, Cleanup: 2200 ns, At safepoint: 3503400 ns, Total: 3553300 ns
[2025-04-03T00:57:31.666-0400][30107.898s][debug][safepoint   ] Safepoint synchronization initiated using striped semaphore wait barrier. (241 threads)
[2025-04-03T00:57:31.666-0400][30107.898s][info ][safepoint   ] Safepoint "Cleanup", Time since last: 129288681800 ns, Reaching safepoint: 151600 ns, Cleanup: 3100 ns, At safepoint: 900 ns, Total: 155600 ns
[2025-04-03T00:58:15.819-0400][30152.051s][debug][safepoint   ] Safepoint synchronization initiated using striped semaphore wait barrier. (241 threads)
[2025-04-03T00:58:15.819-0400][30152.052s][info ][safepoint   ] Safepoint "Cleanup", Time since last: 44153671700 ns, Reaching safepoint: 58300 ns, Cleanup: 7500 ns, At safepoint: 1500 ns, Total: 67300 ns
[2025-04-03T00:58:31.826-0400][30168.058s][debug][safepoint   ] Safepoint synchronization initiated using striped semaphore wait barrier. (243 threads)
[2025-04-03T00:58:31.826-0400][30168.058s][info ][safepoint   ] Safepoint "Cleanup", Time since last: 16006002300 ns, Reaching safepoint: 63900 ns, Cleanup: 5599 ns, At safepoint: 1401 ns, Total: 70900 ns
[2025-04-03T00:59:01.021-0400][30197.254s][debug][safepoint   ] Safepoint synchronization initiated using striped semaphore wait barrier. (243 threads)
[2025-04-03T00:59:01.021-0400][30197.254s][info ][gc,start    ] GC(188) Pause Young (Normal) (G1 Evacuation Pause)
[2025-04-03T00:59:01.021-0400][30197.254s][info ][gc,task     ] GC(188) Using 23 workers of 23 for evacuation
[2025-04-03T00:59:01.033-0400][30197.265s][info ][gc,phases   ] GC(188)   Pre Evacuate Collection Set: 0.2ms
[2025-04-03T00:59:01.033-0400][30197.265s][info ][gc,phases   ] GC(188)   Merge Heap Roots: 0.1ms
[2025-04-03T00:59:01.033-0400][30197.265s][info ][gc,phases   ] GC(188)   Evacuate Collection Set: 9.9ms
[2025-04-03T00:59:01.033-0400][30197.265s][info ][gc,phases   ] GC(188)   Post Evacuate Collection Set: 1.5ms
[2025-04-03T00:59:01.033-0400][30197.265s][info ][gc,phases   ] GC(188)   Other: 0.1ms
[2025-04-03T00:59:01.033-0400][30197.265s][info ][gc,heap     ] GC(188) Eden regions: 263->0(263)
[2025-04-03T00:59:01.033-0400][30197.265s][info ][gc,heap     ] GC(188) Survivor regions: 2->2(34)
[2025-04-03T00:59:01.033-0400][30197.265s][info ][gc,heap     ] GC(188) Old regions: 190->190
[2025-04-03T00:59:01.033-0400][30197.265s][info ][gc,heap     ] GC(188) Archive regions: 0->0
[2025-04-03T00:59:01.033-0400][30197.265s][info ][gc,heap     ] GC(188) Humongous regions: 2->2
[2025-04-03T00:59:01.033-0400][30197.265s][info ][gc,metaspace] GC(188) Metaspace: 193655K(195328K)->193655K(195328K) NonClass: 170536K(171392K)->170536K(171392K) Class: 23118K(23936K)->23118K(23936K)
[2025-04-03T00:59:01.033-0400][30197.265s][info ][gc          ] GC(188) Pause Young (Normal) (G1 Evacuation Pause) 456M->193M(512M) 11.784ms
[2025-04-03T00:59:01.033-0400][30197.265s][info ][gc,cpu      ] GC(188) User=0.02s Sys=0.00s Real=0.01s
[2025-04-03T00:59:01.033-0400][30197.265s][info ][safepoint   ] Safepoint "G1CollectForAllocation", Time since last: 29195875100 ns, Reaching safepoint: 53600 ns, Cleanup: 2800 ns, At safepoint: 11875400 ns, Total: 11931800 ns
[2025-04-03T01:02:37.601-0400][30413.833s][debug][safepoint   ] Safepoint synchronization initiated using striped semaphore wait barrier. (241 threads)
[2025-04-03T01:02:37.601-0400][30413.833s][info ][gc,start    ] GC(189) Pause Young (Normal) (G1 Evacuation Pause)
[2025-04-03T01:02:37.601-0400][30413.833s][info ][gc,task     ] GC(189) Using 23 workers of 23 for evacuation
[2025-04-03T01:02:37.605-0400][30413.837s][info ][gc,phases   ] GC(189)   Pre Evacuate Collection Set: 0.2ms
[2025-04-03T01:02:37.605-0400][30413.837s][info ][gc,phases   ] GC(189)   Merge Heap Roots: 0.1ms
[2025-04-03T01:02:37.605-0400][30413.837s][info ][gc,phases   ] GC(189)   Evacuate Collection Set: 2.8ms
[2025-04-03T01:02:37.605-0400][30413.837s][info ][gc,phases   ] GC(189)   Post Evacuate Collection Set: 1.3ms
[2025-04-03T01:02:37.605-0400][30413.837s][info ][gc,phases   ] GC(189)   Other: 0.1ms
[2025-04-03T01:02:37.605-0400][30413.837s][info ][gc,heap     ] GC(189) Eden regions: 263->0(263)
[2025-04-03T01:02:37.605-0400][30413.837s][info ][gc,heap     ] GC(189) Survivor regions: 2->2(34)
[2025-04-03T01:02:37.605-0400][30413.837s][info ][gc,heap     ] GC(189) Old regions: 190->190
[2025-04-03T01:02:37.605-0400][30413.837s][info ][gc,heap     ] GC(189) Archive regions: 0->0
[2025-04-03T01:02:37.605-0400][30413.837s][info ][gc,heap     ] GC(189) Humongous regions: 2->2
[2025-04-03T01:02:37.605-0400][30413.837s][info ][gc,metaspace] GC(189) Metaspace: 193657K(195328K)->193657K(195328K) NonClass: 170539K(171392K)->170539K(171392K) Class: 23118K(23936K)->23118K(23936K)
[2025-04-03T01:02:37.605-0400][30413.837s][info ][gc          ] GC(189) Pause Young (Normal) (G1 Evacuation Pause) 456M->193M(512M) 4.451ms
[2025-04-03T01:02:37.605-0400][30413.837s][info ][gc,cpu      ] GC(189) User=0.00s Sys=0.00s Real=0.00s
[2025-04-03T01:02:37.605-0400][30413.837s][info ][safepoint   ] Safepoint "G1CollectForAllocation", Time since last: 216567232400 ns, Reaching safepoint: 63500 ns, Cleanup: 3499 ns, At safepoint: 4550001 ns, Total: 4617000 ns
[2025-04-03T01:06:19.104-0400][30635.336s][debug][safepoint   ] Safepoint synchronization initiated using striped semaphore wait barrier. (241 threads)
[2025-04-03T01:06:19.104-0400][30635.336s][info ][gc,start    ] GC(190) Pause Young (Normal) (G1 Evacuation Pause)
[2025-04-03T01:06:19.104-0400][30635.336s][info ][gc,task     ] GC(190) Using 23 workers of 23 for evacuation
[2025-04-03T01:06:19.108-0400][30635.340s][info ][gc,phases   ] GC(190)   Pre Evacuate Collection Set: 0.1ms
[2025-04-03T01:06:19.108-0400][30635.340s][info ][gc,phases   ] GC(190)   Merge Heap Roots: 0.1ms
[2025-04-03T01:06:19.108-0400][30635.340s][info ][gc,phases   ] GC(190)   Evacuate Collection Set: 2.4ms
[2025-04-03T01:06:19.108-0400][30635.340s][info ][gc,phases   ] GC(190)   Post Evacuate Collection Set: 1.1ms
[2025-04-03T01:06:19.108-0400][30635.340s][info ][gc,phases   ] GC(190)   Other: 0.1ms
[2025-04-03T01:06:19.108-0400][30635.340s][info ][gc,heap     ] GC(190) Eden regions: 263->0(263)
[2025-04-03T01:06:19.108-0400][30635.340s][info ][gc,heap     ] GC(190) Survivor regions: 2->2(34)
[2025-04-03T01:06:19.108-0400][30635.340s][info ][gc,heap     ] GC(190) Old regions: 190->190
[2025-04-03T01:06:19.108-0400][30635.340s][info ][gc,heap     ] GC(190) Archive regions: 0->0
[2025-04-03T01:06:19.108-0400][30635.340s][info ][gc,heap     ] GC(190) Humongous regions: 2->2
[2025-04-03T01:06:19.108-0400][30635.340s][info ][gc,metaspace] GC(190) Metaspace: 193658K(195328K)->193658K(195328K) NonClass: 170540K(171392K)->170540K(171392K) Class: 23118K(23936K)->23118K(23936K)
[2025-04-03T01:06:19.108-0400][30635.340s][info ][gc          ] GC(190) Pause Young (Normal) (G1 Evacuation Pause) 456M->193M(512M) 3.845ms
[2025-04-03T01:06:19.108-0400][30635.340s][info ][gc,cpu      ] GC(190) User=0.00s Sys=0.00s Real=0.00s
[2025-04-03T01:06:19.108-0400][30635.340s][info ][safepoint   ] Safepoint "G1CollectForAllocation", Time since last: 221498500300 ns, Reaching safepoint: 62500 ns, Cleanup: 5099 ns, At safepoint: 3905101 ns, Total: 3972700 ns
[2025-04-03T01:09:59.020-0400][30855.253s][debug][safepoint   ] Safepoint synchronization initiated using striped semaphore wait barrier. (241 threads)
[2025-04-03T01:09:59.020-0400][30855.253s][info ][gc,start    ] GC(191) Pause Young (Normal) (G1 Evacuation Pause)
[2025-04-03T01:09:59.020-0400][30855.253s][info ][gc,task     ] GC(191) Using 23 workers of 23 for evacuation
[2025-04-03T01:09:59.023-0400][30855.256s][info ][gc,phases   ] GC(191)   Pre Evacuate Collection Set: 0.4ms
[2025-04-03T01:09:59.023-0400][30855.256s][info ][gc,phases   ] GC(191)   Merge Heap Roots: 0.1ms
[2025-04-03T01:09:59.023-0400][30855.256s][info ][gc,phases   ] GC(191)   Evacuate Collection Set: 1.6ms
[2025-04-03T01:09:59.023-0400][30855.256s][info ][gc,phases   ] GC(191)   Post Evacuate Collection Set: 1.0ms
[2025-04-03T01:09:59.023-0400][30855.256s][info ][gc,phases   ] GC(191)   Other: 0.1ms
[2025-04-03T01:09:59.023-0400][30855.256s][info ][gc,heap     ] GC(191) Eden regions: 263->0(263)
[2025-04-03T01:09:59.023-0400][30855.256s][info ][gc,heap     ] GC(191) Survivor regions: 2->2(34)
[2025-04-03T01:09:59.023-0400][30855.256s][info ][gc,heap     ] GC(191) Old regions: 190->190
[2025-04-03T01:09:59.023-0400][30855.256s][info ][gc,heap     ] GC(191) Archive regions: 0->0
[2025-04-03T01:09:59.023-0400][30855.256s][info ][gc,heap     ] GC(191) Humongous regions: 2->2
[2025-04-03T01:09:59.023-0400][30855.256s][info ][gc,metaspace] GC(191) Metaspace: 193658K(195328K)->193658K(195328K) NonClass: 170540K(171392K)->170540K(171392K) Class: 23118K(23936K)->23118K(23936K)
[2025-04-03T01:09:59.023-0400][30855.256s][info ][gc          ] GC(191) Pause Young (Normal) (G1 Evacuation Pause) 456M->193M(512M) 3.308ms
[2025-04-03T01:09:59.023-0400][30855.256s][info ][gc,cpu      ] GC(191) User=0.00s Sys=0.00s Real=0.00s
[2025-04-03T01:09:59.023-0400][30855.256s][info ][safepoint   ] Safepoint "G1CollectForAllocation", Time since last: 219912748700 ns, Reaching safepoint: 88700 ns, Cleanup: 4099 ns, At safepoint: 3410601 ns, Total: 3503400 ns
[2025-04-03T01:13:40.725-0400][31076.957s][debug][safepoint   ] Safepoint synchronization initiated using striped semaphore wait barrier. (241 threads)
[2025-04-03T01:13:40.725-0400][31076.958s][info ][gc,start    ] GC(192) Pause Young (Normal) (G1 Evacuation Pause)
[2025-04-03T01:13:40.725-0400][31076.958s][info ][gc,task     ] GC(192) Using 23 workers of 23 for evacuation
[2025-04-03T01:13:40.728-0400][31076.960s][info ][gc,phases   ] GC(192)   Pre Evacuate Collection Set: 0.3ms
[2025-04-03T01:13:40.728-0400][31076.960s][info ][gc,phases   ] GC(192)   Merge Heap Roots: 0.1ms
[2025-04-03T01:13:40.728-0400][31076.960s][info ][gc,phases   ] GC(192)   Evacuate Collection Set: 1.4ms
[2025-04-03T01:13:40.728-0400][31076.960s][info ][gc,phases   ] GC(192)   Post Evacuate Collection Set: 1.0ms
[2025-04-03T01:13:40.728-0400][31076.960s][info ][gc,phases   ] GC(192)   Other: 0.2ms
[2025-04-03T01:13:40.728-0400][31076.960s][info ][gc,heap     ] GC(192) Eden regions: 263->0(263)
[2025-04-03T01:13:40.728-0400][31076.960s][info ][gc,heap     ] GC(192) Survivor regions: 2->2(34)
[2025-04-03T01:13:40.728-0400][31076.960s][info ][gc,heap     ] GC(192) Old regions: 190->190
[2025-04-03T01:13:40.728-0400][31076.960s][info ][gc,heap     ] GC(192) Archive regions: 0->0
[2025-04-03T01:13:40.728-0400][31076.960s][info ][gc,heap     ] GC(192) Humongous regions: 2->2
[2025-04-03T01:13:40.728-0400][31076.960s][info ][gc,metaspace] GC(192) Metaspace: 193658K(195328K)->193658K(195328K) NonClass: 170540K(171392K)->170540K(171392K) Class: 23118K(23936K)->23118K(23936K)
[2025-04-03T01:13:40.728-0400][31076.961s][info ][gc          ] GC(192) Pause Young (Normal) (G1 Evacuation Pause) 456M->193M(512M) 3.002ms
[2025-04-03T01:13:40.728-0400][31076.961s][info ][gc,cpu      ] GC(192) User=0.00s Sys=0.00s Real=0.00s
[2025-04-03T01:13:40.728-0400][31076.961s][info ][safepoint   ] Safepoint "G1CollectForAllocation", Time since last: 221701280900 ns, Reaching safepoint: 62100 ns, Cleanup: 7900 ns, At safepoint: 3261699 ns, Total: 3331699 ns
[2025-04-03T01:17:20.413-0400][31296.645s][debug][safepoint   ] Safepoint synchronization initiated using striped semaphore wait barrier. (241 threads)
[2025-04-03T01:17:20.413-0400][31296.645s][info ][gc,start    ] GC(193) Pause Young (Normal) (G1 Evacuation Pause)
[2025-04-03T01:17:20.413-0400][31296.645s][info ][gc,task     ] GC(193) Using 23 workers of 23 for evacuation
[2025-04-03T01:17:20.416-0400][31296.648s][info ][gc,phases   ] GC(193)   Pre Evacuate Collection Set: 0.1ms
[2025-04-03T01:17:20.416-0400][31296.648s][info ][gc,phases   ] GC(193)   Merge Heap Roots: 0.1ms
[2025-04-03T01:17:20.416-0400][31296.648s][info ][gc,phases   ] GC(193)   Evacuate Collection Set: 2.2ms
[2025-04-03T01:17:20.416-0400][31296.649s][info ][gc,phases   ] GC(193)   Post Evacuate Collection Set: 1.1ms
[2025-04-03T01:17:20.416-0400][31296.649s][info ][gc,phases   ] GC(193)   Other: 0.1ms
[2025-04-03T01:17:20.416-0400][31296.649s][info ][gc,heap     ] GC(193) Eden regions: 263->0(263)
[2025-04-03T01:17:20.416-0400][31296.649s][info ][gc,heap     ] GC(193) Survivor regions: 2->2(34)
[2025-04-03T01:17:20.416-0400][31296.649s][info ][gc,heap     ] GC(193) Old regions: 190->190
[2025-04-03T01:17:20.416-0400][31296.649s][info ][gc,heap     ] GC(193) Archive regions: 0->0
[2025-04-03T01:17:20.416-0400][31296.649s][info ][gc,heap     ] GC(193) Humongous regions: 2->2
[2025-04-03T01:17:20.416-0400][31296.649s][info ][gc,metaspace] GC(193) Metaspace: 193658K(195328K)->193658K(195328K) NonClass: 170540K(171392K)->170540K(171392K) Class: 23118K(23936K)->23118K(23936K)
[2025-04-03T01:17:20.416-0400][31296.649s][info ][gc          ] GC(193) Pause Young (Normal) (G1 Evacuation Pause) 456M->193M(512M) 3.648ms
[2025-04-03T01:17:20.416-0400][31296.649s][info ][gc,cpu      ] GC(193) User=0.00s Sys=0.00s Real=0.00s
[2025-04-03T01:17:20.416-0400][31296.649s][info ][safepoint   ] Safepoint "G1CollectForAllocation", Time since last: 219684165401 ns, Reaching safepoint: 93900 ns, Cleanup: 2100 ns, At safepoint: 3708200 ns, Total: 3804200 ns
[2025-04-03T01:21:00.538-0400][31516.771s][debug][safepoint   ] Safepoint synchronization initiated using striped semaphore wait barrier. (241 threads)
[2025-04-03T01:21:00.538-0400][31516.771s][info ][gc,start    ] GC(194) Pause Young (Normal) (G1 Evacuation Pause)
[2025-04-03T01:21:00.538-0400][31516.771s][info ][gc,task     ] GC(194) Using 23 workers of 23 for evacuation
[2025-04-03T01:21:00.540-0400][31516.773s][info ][gc,phases   ] GC(194)   Pre Evacuate Collection Set: 0.1ms
[2025-04-03T01:21:00.540-0400][31516.773s][info ][gc,phases   ] GC(194)   Merge Heap Roots: 0.1ms
[2025-04-03T01:21:00.541-0400][31516.773s][info ][gc,phases   ] GC(194)   Evacuate Collection Set: 1.3ms
[2025-04-03T01:21:00.541-0400][31516.773s][info ][gc,phases   ] GC(194)   Post Evacuate Collection Set: 0.9ms
[2025-04-03T01:21:00.541-0400][31516.773s][info ][gc,phases   ] GC(194)   Other: 0.2ms
[2025-04-03T01:21:00.541-0400][31516.773s][info ][gc,heap     ] GC(194) Eden regions: 263->0(263)
[2025-04-03T01:21:00.541-0400][31516.773s][info ][gc,heap     ] GC(194) Survivor regions: 2->2(34)
[2025-04-03T01:21:00.541-0400][31516.773s][info ][gc,heap     ] GC(194) Old regions: 190->190
[2025-04-03T01:21:00.541-0400][31516.773s][info ][gc,heap     ] GC(194) Archive regions: 0->0
[2025-04-03T01:21:00.541-0400][31516.774s][info ][gc,heap     ] GC(194) Humongous regions: 2->2
[2025-04-03T01:21:00.541-0400][31516.774s][info ][gc,metaspace] GC(194) Metaspace: 193658K(195328K)->193658K(195328K) NonClass: 170540K(171392K)->170540K(171392K) Class: 23118K(23936K)->23118K(23936K)
[2025-04-03T01:21:00.541-0400][31516.774s][info ][gc          ] GC(194) Pause Young (Normal) (G1 Evacuation Pause) 456M->193M(512M) 2.652ms
[2025-04-03T01:21:00.541-0400][31516.774s][info ][gc,cpu      ] GC(194) User=0.00s Sys=0.00s Real=0.00s
[2025-04-03T01:21:00.541-0400][31516.774s][info ][safepoint   ] Safepoint "G1CollectForAllocation", Time since last: 220122131400 ns, Reaching safepoint: 74600 ns, Cleanup: 8700 ns, At safepoint: 2738800 ns, Total: 2822100 ns
[2025-04-03T01:23:15.960-0400][31652.192s][debug][safepoint   ] Safepoint synchronization initiated using striped semaphore wait barrier. (241 threads)
[2025-04-03T01:23:15.960-0400][31652.192s][info ][safepoint   ] Safepoint "Cleanup", Time since last: 135418138900 ns, Reaching safepoint: 56300 ns, Cleanup: 7600 ns, At safepoint: 1800 ns, Total: 65700 ns
[2025-04-03T01:24:41.794-0400][31738.026s][debug][safepoint   ] Safepoint synchronization initiated using striped semaphore wait barrier. (241 threads)
[2025-04-03T01:24:41.794-0400][31738.026s][info ][gc,start    ] GC(195) Pause Young (Normal) (G1 Evacuation Pause)
[2025-04-03T01:24:41.794-0400][31738.026s][info ][gc,task     ] GC(195) Using 23 workers of 23 for evacuation
[2025-04-03T01:24:41.796-0400][31738.029s][info ][gc,phases   ] GC(195)   Pre Evacuate Collection Set: 0.1ms
[2025-04-03T01:24:41.796-0400][31738.029s][info ][gc,phases   ] GC(195)   Merge Heap Roots: 0.1ms
[2025-04-03T01:24:41.796-0400][31738.029s][info ][gc,phases   ] GC(195)   Evacuate Collection Set: 2.1ms
[2025-04-03T01:24:41.796-0400][31738.029s][info ][gc,phases   ] GC(195)   Post Evacuate Collection Set: 0.9ms
[2025-04-03T01:24:41.796-0400][31738.029s][info ][gc,phases   ] GC(195)   Other: 0.1ms
[2025-04-03T01:24:41.796-0400][31738.029s][info ][gc,heap     ] GC(195) Eden regions: 263->0(263)
[2025-04-03T01:24:41.796-0400][31738.029s][info ][gc,heap     ] GC(195) Survivor regions: 2->2(34)
[2025-04-03T01:24:41.796-0400][31738.029s][info ][gc,heap     ] GC(195) Old regions: 190->190
[2025-04-03T01:24:41.796-0400][31738.029s][info ][gc,heap     ] GC(195) Archive regions: 0->0
[2025-04-03T01:24:41.796-0400][31738.029s][info ][gc,heap     ] GC(195) Humongous regions: 2->2
[2025-04-03T01:24:41.796-0400][31738.029s][info ][gc,metaspace] GC(195) Metaspace: 193659K(195328K)->193659K(195328K) NonClass: 170540K(171392K)->170540K(171392K) Class: 23118K(23936K)->23118K(23936K)
[2025-04-03T01:24:41.796-0400][31738.029s][info ][gc          ] GC(195) Pause Young (Normal) (G1 Evacuation Pause) 456M->193M(512M) 3.396ms
[2025-04-03T01:24:41.796-0400][31738.029s][info ][gc,cpu      ] GC(195) User=0.00s Sys=0.00s Real=0.00s
[2025-04-03T01:24:41.796-0400][31738.029s][info ][safepoint   ] Safepoint "G1CollectForAllocation", Time since last: 85833996100 ns, Reaching safepoint: 54300 ns, Cleanup: 3300 ns, At safepoint: 3468300 ns, Total: 3525900 ns
[2025-04-03T01:28:20.588-0400][31956.820s][debug][safepoint   ] Safepoint synchronization initiated using striped semaphore wait barrier. (240 threads)
[2025-04-03T01:28:20.588-0400][31956.820s][info ][safepoint   ] Safepoint "Cleanup", Time since last: 218790595800 ns, Reaching safepoint: 114400 ns, Cleanup: 11800 ns, At safepoint: 1900 ns, Total: 128100 ns
[2025-04-03T01:28:21.376-0400][31957.608s][debug][safepoint   ] Safepoint synchronization initiated using striped semaphore wait barrier. (240 threads)
[2025-04-03T01:28:21.376-0400][31957.608s][info ][gc,start    ] GC(196) Pause Young (Normal) (G1 Evacuation Pause)
[2025-04-03T01:28:21.376-0400][31957.608s][info ][gc,task     ] GC(196) Using 23 workers of 23 for evacuation
[2025-04-03T01:28:21.380-0400][31957.612s][info ][gc,phases   ] GC(196)   Pre Evacuate Collection Set: 0.2ms
[2025-04-03T01:28:21.380-0400][31957.612s][info ][gc,phases   ] GC(196)   Merge Heap Roots: 0.1ms
[2025-04-03T01:28:21.380-0400][31957.612s][info ][gc,phases   ] GC(196)   Evacuate Collection Set: 2.7ms
[2025-04-03T01:28:21.380-0400][31957.612s][info ][gc,phases   ] GC(196)   Post Evacuate Collection Set: 1.0ms
[2025-04-03T01:28:21.380-0400][31957.612s][info ][gc,phases   ] GC(196)   Other: 0.1ms
[2025-04-03T01:28:21.380-0400][31957.612s][info ][gc,heap     ] GC(196) Eden regions: 263->0(263)
[2025-04-03T01:28:21.380-0400][31957.612s][info ][gc,heap     ] GC(196) Survivor regions: 2->2(34)
[2025-04-03T01:28:21.380-0400][31957.612s][info ][gc,heap     ] GC(196) Old regions: 190->190
[2025-04-03T01:28:21.380-0400][31957.612s][info ][gc,heap     ] GC(196) Archive regions: 0->0
[2025-04-03T01:28:21.380-0400][31957.612s][info ][gc,heap     ] GC(196) Humongous regions: 2->2
[2025-04-03T01:28:21.380-0400][31957.612s][info ][gc,metaspace] GC(196) Metaspace: 193659K(195328K)->193659K(195328K) NonClass: 170541K(171392K)->170541K(171392K) Class: 23118K(23936K)->23118K(23936K)
[2025-04-03T01:28:21.380-0400][31957.612s][info ][gc          ] GC(196) Pause Young (Normal) (G1 Evacuation Pause) 456M->193M(512M) 4.186ms
[2025-04-03T01:28:21.380-0400][31957.612s][info ][gc,cpu      ] GC(196) User=0.02s Sys=0.00s Real=0.00s
[2025-04-03T01:28:21.380-0400][31957.612s][info ][safepoint   ] Safepoint "G1CollectForAllocation", Time since last: 787883100 ns, Reaching safepoint: 71300 ns, Cleanup: 3100 ns, At safepoint: 4265400 ns, Total: 4339800 ns
[2025-04-03T01:28:35.387-0400][31971.619s][debug][safepoint   ] Safepoint synchronization initiated using striped semaphore wait barrier. (240 threads)
[2025-04-03T01:28:35.387-0400][31971.619s][info ][safepoint   ] Safepoint "Cleanup", Time since last: 14006688900 ns, Reaching safepoint: 37100 ns, Cleanup: 4700 ns, At safepoint: 1200 ns, Total: 43000 ns
[2025-04-03T01:29:28.699-0400][32024.932s][debug][safepoint   ] Safepoint synchronization initiated using striped semaphore wait barrier. (240 threads)
[2025-04-03T01:29:28.699-0400][32024.932s][info ][safepoint   ] Safepoint "Cleanup", Time since last: 53312745100 ns, Reaching safepoint: 36300 ns, Cleanup: 7200 ns, At safepoint: 1700 ns, Total: 45200 ns
[2025-04-03T01:30:48.864-0400][32105.096s][debug][safepoint   ] Safepoint synchronization initiated using striped semaphore wait barrier. (239 threads)
[2025-04-03T01:30:48.864-0400][32105.096s][info ][safepoint   ] Safepoint "Cleanup", Time since last: 80164639300 ns, Reaching safepoint: 52300 ns, Cleanup: 9300 ns, At safepoint: 1800 ns, Total: 63400 ns
[2025-04-03T01:31:59.399-0400][32175.631s][debug][safepoint   ] Safepoint synchronization initiated using striped semaphore wait barrier. (238 threads)
[2025-04-03T01:31:59.399-0400][32175.631s][info ][gc,start    ] GC(197) Pause Young (Normal) (G1 Evacuation Pause)
[2025-04-03T01:31:59.399-0400][32175.631s][info ][gc,task     ] GC(197) Using 23 workers of 23 for evacuation
[2025-04-03T01:31:59.401-0400][32175.634s][info ][gc,phases   ] GC(197)   Pre Evacuate Collection Set: 0.2ms
[2025-04-03T01:31:59.401-0400][32175.634s][info ][gc,phases   ] GC(197)   Merge Heap Roots: 0.1ms
[2025-04-03T01:31:59.401-0400][32175.634s][info ][gc,phases   ] GC(197)   Evacuate Collection Set: 1.2ms
[2025-04-03T01:31:59.401-0400][32175.634s][info ][gc,phases   ] GC(197)   Post Evacuate Collection Set: 1.1ms
[2025-04-03T01:31:59.401-0400][32175.634s][info ][gc,phases   ] GC(197)   Other: 0.1ms
[2025-04-03T01:31:59.402-0400][32175.634s][info ][gc,heap     ] GC(197) Eden regions: 263->0(263)
[2025-04-03T01:31:59.402-0400][32175.634s][info ][gc,heap     ] GC(197) Survivor regions: 2->2(34)
[2025-04-03T01:31:59.402-0400][32175.634s][info ][gc,heap     ] GC(197) Old regions: 190->190
[2025-04-03T01:31:59.402-0400][32175.634s][info ][gc,heap     ] GC(197) Archive regions: 0->0
[2025-04-03T01:31:59.402-0400][32175.634s][info ][gc,heap     ] GC(197) Humongous regions: 2->2
[2025-04-03T01:31:59.402-0400][32175.634s][info ][gc,metaspace] GC(197) Metaspace: 193661K(195328K)->193661K(195328K) NonClass: 170542K(171392K)->170542K(171392K) Class: 23118K(23936K)->23118K(23936K)
[2025-04-03T01:31:59.402-0400][32175.634s][info ][gc          ] GC(197) Pause Young (Normal) (G1 Evacuation Pause) 456M->193M(512M) 2.833ms
[2025-04-03T01:31:59.402-0400][32175.634s][info ][gc,cpu      ] GC(197) User=0.00s Sys=0.00s Real=0.00s
[2025-04-03T01:31:59.402-0400][32175.634s][info ][safepoint   ] Safepoint "G1CollectForAllocation", Time since last: 70534719000 ns, Reaching safepoint: 102100 ns, Cleanup: 4900 ns, At safepoint: 2905100 ns, Total: 3012100 ns
[2025-04-03T01:35:39.279-0400][32395.512s][debug][safepoint   ] Safepoint synchronization initiated using striped semaphore wait barrier. (235 threads)
[2025-04-03T01:35:39.279-0400][32395.512s][info ][gc,start    ] GC(198) Pause Young (Normal) (G1 Evacuation Pause)
[2025-04-03T01:35:39.279-0400][32395.512s][info ][gc,task     ] GC(198) Using 23 workers of 23 for evacuation
[2025-04-03T01:35:39.282-0400][32395.515s][info ][gc,phases   ] GC(198)   Pre Evacuate Collection Set: 0.1ms
[2025-04-03T01:35:39.282-0400][32395.515s][info ][gc,phases   ] GC(198)   Merge Heap Roots: 0.1ms
[2025-04-03T01:35:39.282-0400][32395.515s][info ][gc,phases   ] GC(198)   Evacuate Collection Set: 2.1ms
[2025-04-03T01:35:39.282-0400][32395.515s][info ][gc,phases   ] GC(198)   Post Evacuate Collection Set: 1.0ms
[2025-04-03T01:35:39.282-0400][32395.515s][info ][gc,phases   ] GC(198)   Other: 0.1ms
[2025-04-03T01:35:39.282-0400][32395.515s][info ][gc,heap     ] GC(198) Eden regions: 263->0(263)
[2025-04-03T01:35:39.282-0400][32395.515s][info ][gc,heap     ] GC(198) Survivor regions: 2->2(34)
[2025-04-03T01:35:39.282-0400][32395.515s][info ][gc,heap     ] GC(198) Old regions: 190->190
[2025-04-03T01:35:39.282-0400][32395.515s][info ][gc,heap     ] GC(198) Archive regions: 0->0
[2025-04-03T01:35:39.282-0400][32395.515s][info ][gc,heap     ] GC(198) Humongous regions: 2->2
[2025-04-03T01:35:39.282-0400][32395.515s][info ][gc,metaspace] GC(198) Metaspace: 193661K(195328K)->193661K(195328K) NonClass: 170542K(171392K)->170542K(171392K) Class: 23118K(23936K)->23118K(23936K)
[2025-04-03T01:35:39.282-0400][32395.515s][info ][gc          ] GC(198) Pause Young (Normal) (G1 Evacuation Pause) 456M->193M(512M) 3.505ms
[2025-04-03T01:35:39.282-0400][32395.515s][info ][gc,cpu      ] GC(198) User=0.02s Sys=0.00s Real=0.00s
[2025-04-03T01:35:39.282-0400][32395.515s][info ][safepoint   ] Safepoint "G1CollectForAllocation", Time since last: 219877470900 ns, Reaching safepoint: 59300 ns, Cleanup: 3200 ns, At safepoint: 3577600 ns, Total: 3640100 ns
[2025-04-03T01:36:12.744-0400][32428.976s][debug][safepoint   ] Safepoint synchronization initiated using striped semaphore wait barrier. (236 threads)
[2025-04-03T01:36:12.744-0400][32428.976s][info ][safepoint   ] Safepoint "Cleanup", Time since last: 33460981300 ns, Reaching safepoint: 44000 ns, Cleanup: 7900 ns, At safepoint: 1500 ns, Total: 53400 ns
[2025-04-03T01:39:13.093-0400][32609.325s][debug][safepoint   ] Safepoint synchronization initiated using striped semaphore wait barrier. (236 threads)
[2025-04-03T01:39:13.093-0400][32609.325s][info ][safepoint   ] Safepoint "Cleanup", Time since last: 180348786600 ns, Reaching safepoint: 49800 ns, Cleanup: 6900 ns, At safepoint: 1700 ns, Total: 58400 ns
[2025-04-03T01:39:18.242-0400][32614.474s][debug][safepoint   ] Safepoint synchronization initiated using striped semaphore wait barrier. (235 threads)
[2025-04-03T01:39:18.242-0400][32614.474s][info ][gc,start    ] GC(199) Pause Young (Normal) (G1 Evacuation Pause)
[2025-04-03T01:39:18.242-0400][32614.474s][info ][gc,task     ] GC(199) Using 23 workers of 23 for evacuation
[2025-04-03T01:39:18.246-0400][32614.478s][info ][gc,phases   ] GC(199)   Pre Evacuate Collection Set: 0.4ms
[2025-04-03T01:39:18.246-0400][32614.478s][info ][gc,phases   ] GC(199)   Merge Heap Roots: 0.2ms
[2025-04-03T01:39:18.246-0400][32614.478s][info ][gc,phases   ] GC(199)   Evacuate Collection Set: 1.6ms
[2025-04-03T01:39:18.246-0400][32614.478s][info ][gc,phases   ] GC(199)   Post Evacuate Collection Set: 1.5ms
[2025-04-03T01:39:18.246-0400][32614.478s][info ][gc,phases   ] GC(199)   Other: 0.1ms
[2025-04-03T01:39:18.246-0400][32614.478s][info ][gc,heap     ] GC(199) Eden regions: 263->0(263)
[2025-04-03T01:39:18.246-0400][32614.478s][info ][gc,heap     ] GC(199) Survivor regions: 2->2(34)
[2025-04-03T01:39:18.246-0400][32614.478s][info ][gc,heap     ] GC(199) Old regions: 190->190
[2025-04-03T01:39:18.246-0400][32614.478s][info ][gc,heap     ] GC(199) Archive regions: 0->0
[2025-04-03T01:39:18.246-0400][32614.478s][info ][gc,heap     ] GC(199) Humongous regions: 2->2
[2025-04-03T01:39:18.246-0400][32614.478s][info ][gc,metaspace] GC(199) Metaspace: 193674K(195328K)->193674K(195328K) NonClass: 170555K(171392K)->170555K(171392K) Class: 23118K(23936K)->23118K(23936K)
[2025-04-03T01:39:18.246-0400][32614.478s][info ][gc          ] GC(199) Pause Young (Normal) (G1 Evacuation Pause) 456M->193M(512M) 3.866ms
[2025-04-03T01:39:18.246-0400][32614.478s][info ][gc,cpu      ] GC(199) User=0.00s Sys=0.00s Real=0.00s
[2025-04-03T01:39:18.246-0400][32614.478s][info ][safepoint   ] Safepoint "G1CollectForAllocation", Time since last: 5148969200 ns, Reaching safepoint: 106800 ns, Cleanup: 5200 ns, At safepoint: 3969500 ns, Total: 4081500 ns
[2025-04-03T01:43:00.001-0400][32836.233s][debug][safepoint   ] Safepoint synchronization initiated using striped semaphore wait barrier. (235 threads)
[2025-04-03T01:43:00.001-0400][32836.233s][info ][gc,start    ] GC(200) Pause Young (Normal) (G1 Evacuation Pause)
[2025-04-03T01:43:00.001-0400][32836.233s][info ][gc,task     ] GC(200) Using 23 workers of 23 for evacuation
[2025-04-03T01:43:00.004-0400][32836.237s][info ][gc,phases   ] GC(200)   Pre Evacuate Collection Set: 0.2ms
[2025-04-03T01:43:00.004-0400][32836.237s][info ][gc,phases   ] GC(200)   Merge Heap Roots: 0.1ms
[2025-04-03T01:43:00.004-0400][32836.237s][info ][gc,phases   ] GC(200)   Evacuate Collection Set: 2.3ms
[2025-04-03T01:43:00.004-0400][32836.237s][info ][gc,phases   ] GC(200)   Post Evacuate Collection Set: 0.9ms
[2025-04-03T01:43:00.004-0400][32836.237s][info ][gc,phases   ] GC(200)   Other: 0.1ms
[2025-04-03T01:43:00.005-0400][32836.237s][info ][gc,heap     ] GC(200) Eden regions: 263->0(263)
[2025-04-03T01:43:00.005-0400][32836.237s][info ][gc,heap     ] GC(200) Survivor regions: 2->2(34)
[2025-04-03T01:43:00.005-0400][32836.237s][info ][gc,heap     ] GC(200) Old regions: 190->190
[2025-04-03T01:43:00.005-0400][32836.237s][info ][gc,heap     ] GC(200) Archive regions: 0->0
[2025-04-03T01:43:00.005-0400][32836.237s][info ][gc,heap     ] GC(200) Humongous regions: 2->2
[2025-04-03T01:43:00.005-0400][32836.237s][info ][gc,metaspace] GC(200) Metaspace: 193674K(195328K)->193674K(195328K) NonClass: 170555K(171392K)->170555K(171392K) Class: 23118K(23936K)->23118K(23936K)
[2025-04-03T01:43:00.005-0400][32836.237s][info ][gc          ] GC(200) Pause Young (Normal) (G1 Evacuation Pause) 456M->193M(512M) 3.595ms
[2025-04-03T01:43:00.005-0400][32836.237s][info ][gc,cpu      ] GC(200) User=0.02s Sys=0.00s Real=0.00s
[2025-04-03T01:43:00.005-0400][32836.237s][info ][safepoint   ] Safepoint "G1CollectForAllocation", Time since last: 221754921000 ns, Reaching safepoint: 70300 ns, Cleanup: 2900 ns, At safepoint: 3669300 ns, Total: 3742500 ns
[2025-04-03T01:46:39.723-0400][33055.956s][debug][safepoint   ] Safepoint synchronization initiated using striped semaphore wait barrier. (238 threads)
[2025-04-03T01:46:39.723-0400][33055.956s][info ][gc,start    ] GC(201) Pause Young (Normal) (G1 Evacuation Pause)
[2025-04-03T01:46:39.723-0400][33055.956s][info ][gc,task     ] GC(201) Using 23 workers of 23 for evacuation
[2025-04-03T01:46:39.727-0400][33055.959s][info ][gc,phases   ] GC(201)   Pre Evacuate Collection Set: 0.1ms
[2025-04-03T01:46:39.727-0400][33055.959s][info ][gc,phases   ] GC(201)   Merge Heap Roots: 0.1ms
[2025-04-03T01:46:39.727-0400][33055.959s][info ][gc,phases   ] GC(201)   Evacuate Collection Set: 2.0ms
[2025-04-03T01:46:39.727-0400][33055.959s][info ][gc,phases   ] GC(201)   Post Evacuate Collection Set: 1.0ms
[2025-04-03T01:46:39.727-0400][33055.959s][info ][gc,phases   ] GC(201)   Other: 0.1ms
[2025-04-03T01:46:39.727-0400][33055.959s][info ][gc,heap     ] GC(201) Eden regions: 263->0(263)
[2025-04-03T01:46:39.727-0400][33055.959s][info ][gc,heap     ] GC(201) Survivor regions: 2->2(34)
[2025-04-03T01:46:39.727-0400][33055.959s][info ][gc,heap     ] GC(201) Old regions: 190->190
[2025-04-03T01:46:39.727-0400][33055.959s][info ][gc,heap     ] GC(201) Archive regions: 0->0
[2025-04-03T01:46:39.727-0400][33055.959s][info ][gc,heap     ] GC(201) Humongous regions: 2->2
[2025-04-03T01:46:39.727-0400][33055.959s][info ][gc,metaspace] GC(201) Metaspace: 193674K(195328K)->193674K(195328K) NonClass: 170555K(171392K)->170555K(171392K) Class: 23118K(23936K)->23118K(23936K)
[2025-04-03T01:46:39.727-0400][33055.959s][info ][gc          ] GC(201) Pause Young (Normal) (G1 Evacuation Pause) 456M->193M(512M) 3.337ms
[2025-04-03T01:46:39.727-0400][33055.959s][info ][gc,cpu      ] GC(201) User=0.00s Sys=0.00s Real=0.00s
[2025-04-03T01:46:39.727-0400][33055.959s][info ][safepoint   ] Safepoint "G1CollectForAllocation", Time since last: 219718634100 ns, Reaching safepoint: 87100 ns, Cleanup: 2600 ns, At safepoint: 3395900 ns, Total: 3485600 ns
[2025-04-03T01:50:21.438-0400][33277.670s][debug][safepoint   ] Safepoint synchronization initiated using striped semaphore wait barrier. (238 threads)
[2025-04-03T01:50:21.438-0400][33277.670s][info ][gc,start    ] GC(202) Pause Young (Normal) (G1 Evacuation Pause)
[2025-04-03T01:50:21.438-0400][33277.670s][info ][gc,task     ] GC(202) Using 23 workers of 23 for evacuation
[2025-04-03T01:50:21.441-0400][33277.674s][info ][gc,phases   ] GC(202)   Pre Evacuate Collection Set: 0.2ms
[2025-04-03T01:50:21.441-0400][33277.674s][info ][gc,phases   ] GC(202)   Merge Heap Roots: 0.1ms
[2025-04-03T01:50:21.441-0400][33277.674s][info ][gc,phases   ] GC(202)   Evacuate Collection Set: 2.3ms
[2025-04-03T01:50:21.441-0400][33277.674s][info ][gc,phases   ] GC(202)   Post Evacuate Collection Set: 1.1ms
[2025-04-03T01:50:21.441-0400][33277.674s][info ][gc,phases   ] GC(202)   Other: 0.1ms
[2025-04-03T01:50:21.441-0400][33277.674s][info ][gc,heap     ] GC(202) Eden regions: 263->0(263)
[2025-04-03T01:50:21.442-0400][33277.674s][info ][gc,heap     ] GC(202) Survivor regions: 2->2(34)
[2025-04-03T01:50:21.442-0400][33277.674s][info ][gc,heap     ] GC(202) Old regions: 190->190
[2025-04-03T01:50:21.442-0400][33277.674s][info ][gc,heap     ] GC(202) Archive regions: 0->0
[2025-04-03T01:50:21.442-0400][33277.674s][info ][gc,heap     ] GC(202) Humongous regions: 2->2
[2025-04-03T01:50:21.442-0400][33277.674s][info ][gc,metaspace] GC(202) Metaspace: 193674K(195328K)->193674K(195328K) NonClass: 170555K(171392K)->170555K(171392K) Class: 23118K(23936K)->23118K(23936K)
[2025-04-03T01:50:21.442-0400][33277.674s][info ][gc          ] GC(202) Pause Young (Normal) (G1 Evacuation Pause) 456M->193M(512M) 3.735ms
[2025-04-03T01:50:21.442-0400][33277.674s][info ][gc,cpu      ] GC(202) User=0.02s Sys=0.00s Real=0.00s
[2025-04-03T01:50:21.442-0400][33277.674s][info ][safepoint   ] Safepoint "G1CollectForAllocation", Time since last: 221710993400 ns, Reaching safepoint: 74600 ns, Cleanup: 2600 ns, At safepoint: 3814600 ns, Total: 3891800 ns
[2025-04-03T01:54:01.592-0400][33497.824s][debug][safepoint   ] Safepoint synchronization initiated using striped semaphore wait barrier. (238 threads)
[2025-04-03T01:54:01.592-0400][33497.824s][info ][gc,start    ] GC(203) Pause Young (Normal) (G1 Evacuation Pause)
[2025-04-03T01:54:01.592-0400][33497.824s][info ][gc,task     ] GC(203) Using 23 workers of 23 for evacuation
[2025-04-03T01:54:01.595-0400][33497.827s][info ][gc,phases   ] GC(203)   Pre Evacuate Collection Set: 0.1ms
[2025-04-03T01:54:01.595-0400][33497.827s][info ][gc,phases   ] GC(203)   Merge Heap Roots: 0.2ms
[2025-04-03T01:54:01.595-0400][33497.827s][info ][gc,phases   ] GC(203)   Evacuate Collection Set: 1.2ms
[2025-04-03T01:54:01.595-0400][33497.827s][info ][gc,phases   ] GC(203)   Post Evacuate Collection Set: 1.2ms
[2025-04-03T01:54:01.595-0400][33497.827s][info ][gc,phases   ] GC(203)   Other: 0.1ms
[2025-04-03T01:54:01.595-0400][33497.827s][info ][gc,heap     ] GC(203) Eden regions: 263->0(263)
[2025-04-03T01:54:01.595-0400][33497.827s][info ][gc,heap     ] GC(203) Survivor regions: 2->2(34)
[2025-04-03T01:54:01.595-0400][33497.827s][info ][gc,heap     ] GC(203) Old regions: 190->190
[2025-04-03T01:54:01.595-0400][33497.827s][info ][gc,heap     ] GC(203) Archive regions: 0->0
[2025-04-03T01:54:01.595-0400][33497.827s][info ][gc,heap     ] GC(203) Humongous regions: 2->2
[2025-04-03T01:54:01.595-0400][33497.827s][info ][gc,metaspace] GC(203) Metaspace: 193674K(195328K)->193674K(195328K) NonClass: 170555K(171392K)->170555K(171392K) Class: 23118K(23936K)->23118K(23936K)
[2025-04-03T01:54:01.595-0400][33497.827s][info ][gc          ] GC(203) Pause Young (Normal) (G1 Evacuation Pause) 456M->193M(512M) 2.908ms
[2025-04-03T01:54:01.595-0400][33497.827s][info ][gc,cpu      ] GC(203) User=0.00s Sys=0.00s Real=0.00s
[2025-04-03T01:54:01.595-0400][33497.827s][info ][safepoint   ] Safepoint "G1CollectForAllocation", Time since last: 220150043300 ns, Reaching safepoint: 48800 ns, Cleanup: 2600 ns, At safepoint: 2998200 ns, Total: 3049600 ns
[2025-04-03T01:57:16.551-0400][33692.783s][debug][safepoint   ] Safepoint synchronization initiated using striped semaphore wait barrier. (236 threads)
[2025-04-03T01:57:16.551-0400][33692.783s][info ][safepoint   ] Safepoint "Cleanup", Time since last: 194956047900 ns, Reaching safepoint: 116100 ns, Cleanup: 8100 ns, At safepoint: 1500 ns, Total: 125700 ns
[2025-04-03T01:57:41.336-0400][33717.568s][debug][safepoint   ] Safepoint synchronization initiated using striped semaphore wait barrier. (236 threads)
[2025-04-03T01:57:41.336-0400][33717.568s][info ][gc,start    ] GC(204) Pause Young (Normal) (G1 Evacuation Pause)
[2025-04-03T01:57:41.336-0400][33717.568s][info ][gc,task     ] GC(204) Using 23 workers of 23 for evacuation
[2025-04-03T01:57:41.339-0400][33717.571s][info ][gc,phases   ] GC(204)   Pre Evacuate Collection Set: 0.2ms
[2025-04-03T01:57:41.339-0400][33717.571s][info ][gc,phases   ] GC(204)   Merge Heap Roots: 0.1ms
[2025-04-03T01:57:41.339-0400][33717.571s][info ][gc,phases   ] GC(204)   Evacuate Collection Set: 1.9ms
[2025-04-03T01:57:41.339-0400][33717.571s][info ][gc,phases   ] GC(204)   Post Evacuate Collection Set: 1.0ms
[2025-04-03T01:57:41.339-0400][33717.571s][info ][gc,phases   ] GC(204)   Other: 0.1ms
[2025-04-03T01:57:41.339-0400][33717.571s][info ][gc,heap     ] GC(204) Eden regions: 263->0(263)
[2025-04-03T01:57:41.339-0400][33717.571s][info ][gc,heap     ] GC(204) Survivor regions: 2->2(34)
[2025-04-03T01:57:41.339-0400][33717.571s][info ][gc,heap     ] GC(204) Old regions: 190->190
[2025-04-03T01:57:41.339-0400][33717.571s][info ][gc,heap     ] GC(204) Archive regions: 0->0
[2025-04-03T01:57:41.339-0400][33717.571s][info ][gc,heap     ] GC(204) Humongous regions: 2->2
[2025-04-03T01:57:41.339-0400][33717.571s][info ][gc,metaspace] GC(204) Metaspace: 193674K(195328K)->193674K(195328K) NonClass: 170555K(171392K)->170555K(171392K) Class: 23118K(23936K)->23118K(23936K)
[2025-04-03T01:57:41.339-0400][33717.571s][info ][gc          ] GC(204) Pause Young (Normal) (G1 Evacuation Pause) 456M->193M(512M) 3.272ms
[2025-04-03T01:57:41.339-0400][33717.571s][info ][gc,cpu      ] GC(204) User=0.00s Sys=0.00s Real=0.00s
[2025-04-03T01:57:41.339-0400][33717.571s][info ][safepoint   ] Safepoint "G1CollectForAllocation", Time since last: 24784670100 ns, Reaching safepoint: 54100 ns, Cleanup: 2500 ns, At safepoint: 3343900 ns, Total: 3400500 ns
[2025-04-03T01:57:42.339-0400][33718.572s][debug][safepoint   ] Safepoint synchronization initiated using striped semaphore wait barrier. (236 threads)
[2025-04-03T01:57:42.339-0400][33718.572s][info ][safepoint   ] Safepoint "Cleanup", Time since last: 1000386000 ns, Reaching safepoint: 41200 ns, Cleanup: 6700 ns, At safepoint: 1500 ns, Total: 49400 ns
[2025-04-03T02:00:34.937-0400][33891.170s][debug][safepoint   ] Safepoint synchronization initiated using striped semaphore wait barrier. (238 threads)
[2025-04-03T02:00:34.937-0400][33891.170s][info ][safepoint   ] Safepoint "Cleanup", Time since last: 172597877300 ns, Reaching safepoint: 104600 ns, Cleanup: 6000 ns, At safepoint: 1500 ns, Total: 112100 ns
[2025-04-03T02:01:16.067-0400][33932.299s][debug][safepoint   ] Safepoint synchronization initiated using striped semaphore wait barrier. (235 threads)
[2025-04-03T02:01:16.067-0400][33932.299s][info ][safepoint   ] Safepoint "Cleanup", Time since last: 41129251100 ns, Reaching safepoint: 113600 ns, Cleanup: 14700 ns, At safepoint: 2400 ns, Total: 130700 ns
[2025-04-03T02:01:18.380-0400][33934.612s][debug][safepoint   ] Safepoint synchronization initiated using striped semaphore wait barrier. (235 threads)
[2025-04-03T02:01:18.380-0400][33934.612s][info ][gc,start    ] GC(205) Pause Young (Normal) (G1 Evacuation Pause)
[2025-04-03T02:01:18.380-0400][33934.612s][info ][gc,task     ] GC(205) Using 23 workers of 23 for evacuation
[2025-04-03T02:01:18.383-0400][33934.616s][info ][gc,phases   ] GC(205)   Pre Evacuate Collection Set: 0.1ms
[2025-04-03T02:01:18.383-0400][33934.616s][info ][gc,phases   ] GC(205)   Merge Heap Roots: 0.1ms
[2025-04-03T02:01:18.383-0400][33934.616s][info ][gc,phases   ] GC(205)   Evacuate Collection Set: 2.2ms
[2025-04-03T02:01:18.383-0400][33934.616s][info ][gc,phases   ] GC(205)   Post Evacuate Collection Set: 1.1ms
[2025-04-03T02:01:18.383-0400][33934.616s][info ][gc,phases   ] GC(205)   Other: 0.1ms
[2025-04-03T02:01:18.383-0400][33934.616s][info ][gc,heap     ] GC(205) Eden regions: 263->0(263)
[2025-04-03T02:01:18.383-0400][33934.616s][info ][gc,heap     ] GC(205) Survivor regions: 2->2(34)
[2025-04-03T02:01:18.383-0400][33934.616s][info ][gc,heap     ] GC(205) Old regions: 190->190
[2025-04-03T02:01:18.383-0400][33934.616s][info ][gc,heap     ] GC(205) Archive regions: 0->0
[2025-04-03T02:01:18.383-0400][33934.616s][info ][gc,heap     ] GC(205) Humongous regions: 2->2
[2025-04-03T02:01:18.383-0400][33934.616s][info ][gc,metaspace] GC(205) Metaspace: 193675K(195328K)->193675K(195328K) NonClass: 170556K(171392K)->170556K(171392K) Class: 23118K(23936K)->23118K(23936K)
[2025-04-03T02:01:18.383-0400][33934.616s][info ][gc          ] GC(205) Pause Young (Normal) (G1 Evacuation Pause) 456M->193M(512M) 3.644ms
[2025-04-03T02:01:18.383-0400][33934.616s][info ][gc,cpu      ] GC(205) User=0.00s Sys=0.00s Real=0.00s
[2025-04-03T02:01:18.383-0400][33934.616s][info ][safepoint   ] Safepoint "G1CollectForAllocation", Time since last: 2312975800 ns, Reaching safepoint: 55800 ns, Cleanup: 3700 ns, At safepoint: 3726000 ns, Total: 3785500 ns
[2025-04-03T02:01:20.384-0400][33936.616s][debug][safepoint   ] Safepoint synchronization initiated using striped semaphore wait barrier. (235 threads)
[2025-04-03T02:01:20.384-0400][33936.616s][info ][safepoint   ] Safepoint "Cleanup", Time since last: 1999898000 ns, Reaching safepoint: 116200 ns, Cleanup: 12000 ns, At safepoint: 2200 ns, Total: 130400 ns
[2025-04-03T02:03:06.296-0400][34042.528s][debug][safepoint   ] Safepoint synchronization initiated using striped semaphore wait barrier. (237 threads)
[2025-04-03T02:03:06.296-0400][34042.528s][info ][safepoint   ] Safepoint "Cleanup", Time since last: 105912149300 ns, Reaching safepoint: 65100 ns, Cleanup: 8100 ns, At safepoint: 1500 ns, Total: 74700 ns
[2025-04-03T02:04:58.162-0400][34154.395s][debug][safepoint   ] Safepoint synchronization initiated using striped semaphore wait barrier. (237 threads)
[2025-04-03T02:04:58.162-0400][34154.395s][info ][gc,start    ] GC(206) Pause Young (Normal) (G1 Evacuation Pause)
[2025-04-03T02:04:58.162-0400][34154.395s][info ][gc,task     ] GC(206) Using 23 workers of 23 for evacuation
[2025-04-03T02:04:58.165-0400][34154.397s][info ][gc,phases   ] GC(206)   Pre Evacuate Collection Set: 0.1ms
[2025-04-03T02:04:58.165-0400][34154.397s][info ][gc,phases   ] GC(206)   Merge Heap Roots: 0.1ms
[2025-04-03T02:04:58.165-0400][34154.397s][info ][gc,phases   ] GC(206)   Evacuate Collection Set: 1.4ms
[2025-04-03T02:04:58.165-0400][34154.397s][info ][gc,phases   ] GC(206)   Post Evacuate Collection Set: 0.9ms
[2025-04-03T02:04:58.165-0400][34154.397s][info ][gc,phases   ] GC(206)   Other: 0.1ms
[2025-04-03T02:04:58.165-0400][34154.397s][info ][gc,heap     ] GC(206) Eden regions: 263->0(263)
[2025-04-03T02:04:58.165-0400][34154.397s][info ][gc,heap     ] GC(206) Survivor regions: 2->2(34)
[2025-04-03T02:04:58.165-0400][34154.397s][info ][gc,heap     ] GC(206) Old regions: 190->190
[2025-04-03T02:04:58.165-0400][34154.397s][info ][gc,heap     ] GC(206) Archive regions: 0->0
[2025-04-03T02:04:58.165-0400][34154.397s][info ][gc,heap     ] GC(206) Humongous regions: 2->2
[2025-04-03T02:04:58.165-0400][34154.397s][info ][gc,metaspace] GC(206) Metaspace: 193675K(195328K)->193675K(195328K) NonClass: 170556K(171392K)->170556K(171392K) Class: 23118K(23936K)->23118K(23936K)
[2025-04-03T02:04:58.165-0400][34154.397s][info ][gc          ] GC(206) Pause Young (Normal) (G1 Evacuation Pause) 456M->193M(512M) 2.784ms
[2025-04-03T02:04:58.165-0400][34154.397s][info ][gc,cpu      ] GC(206) User=0.00s Sys=0.00s Real=0.00s
[2025-04-03T02:04:58.165-0400][34154.398s][info ][safepoint   ] Safepoint "G1CollectForAllocation", Time since last: 111866547000 ns, Reaching safepoint: 53200 ns, Cleanup: 3000 ns, At safepoint: 2861000 ns, Total: 2917200 ns
[2025-04-03T02:08:39.967-0400][34376.199s][debug][safepoint   ] Safepoint synchronization initiated using striped semaphore wait barrier. (238 threads)
[2025-04-03T02:08:39.967-0400][34376.199s][info ][gc,start    ] GC(207) Pause Young (Normal) (G1 Evacuation Pause)
[2025-04-03T02:08:39.967-0400][34376.199s][info ][gc,task     ] GC(207) Using 23 workers of 23 for evacuation
[2025-04-03T02:08:39.970-0400][34376.203s][info ][gc,phases   ] GC(207)   Pre Evacuate Collection Set: 0.1ms
[2025-04-03T02:08:39.970-0400][34376.203s][info ][gc,phases   ] GC(207)   Merge Heap Roots: 0.1ms
[2025-04-03T02:08:39.970-0400][34376.203s][info ][gc,phases   ] GC(207)   Evacuate Collection Set: 2.4ms
[2025-04-03T02:08:39.971-0400][34376.203s][info ][gc,phases   ] GC(207)   Post Evacuate Collection Set: 1.0ms
[2025-04-03T02:08:39.971-0400][34376.203s][info ][gc,phases   ] GC(207)   Other: 0.1ms
[2025-04-03T02:08:39.971-0400][34376.203s][info ][gc,heap     ] GC(207) Eden regions: 263->0(263)
[2025-04-03T02:08:39.971-0400][34376.203s][info ][gc,heap     ] GC(207) Survivor regions: 2->2(34)
[2025-04-03T02:08:39.971-0400][34376.203s][info ][gc,heap     ] GC(207) Old regions: 190->190
[2025-04-03T02:08:39.971-0400][34376.203s][info ][gc,heap     ] GC(207) Archive regions: 0->0
[2025-04-03T02:08:39.971-0400][34376.203s][info ][gc,heap     ] GC(207) Humongous regions: 2->2
[2025-04-03T02:08:39.971-0400][34376.203s][info ][gc,metaspace] GC(207) Metaspace: 193675K(195328K)->193675K(195328K) NonClass: 170557K(171392K)->170557K(171392K) Class: 23118K(23936K)->23118K(23936K)
[2025-04-03T02:08:39.971-0400][34376.203s][info ][gc          ] GC(207) Pause Young (Normal) (G1 Evacuation Pause) 456M->193M(512M) 3.741ms
[2025-04-03T02:08:39.971-0400][34376.203s][info ][gc,cpu      ] GC(207) User=0.00s Sys=0.00s Real=0.00s
[2025-04-03T02:08:39.971-0400][34376.203s][info ][safepoint   ] Safepoint "G1CollectForAllocation", Time since last: 221801478300 ns, Reaching safepoint: 53300 ns, Cleanup: 2700 ns, At safepoint: 3819000 ns, Total: 3875000 ns
[2025-04-03T02:12:19.986-0400][34596.218s][debug][safepoint   ] Safepoint synchronization initiated using striped semaphore wait barrier. (238 threads)
[2025-04-03T02:12:19.986-0400][34596.218s][info ][gc,start    ] GC(208) Pause Young (Normal) (G1 Evacuation Pause)
[2025-04-03T02:12:19.986-0400][34596.218s][info ][gc,task     ] GC(208) Using 23 workers of 23 for evacuation
[2025-04-03T02:12:19.990-0400][34596.223s][info ][gc,phases   ] GC(208)   Pre Evacuate Collection Set: 0.2ms
[2025-04-03T02:12:19.990-0400][34596.223s][info ][gc,phases   ] GC(208)   Merge Heap Roots: 0.1ms
[2025-04-03T02:12:19.990-0400][34596.223s][info ][gc,phases   ] GC(208)   Evacuate Collection Set: 2.9ms
[2025-04-03T02:12:19.990-0400][34596.223s][info ][gc,phases   ] GC(208)   Post Evacuate Collection Set: 1.1ms
[2025-04-03T02:12:19.990-0400][34596.223s][info ][gc,phases   ] GC(208)   Other: 0.1ms
[2025-04-03T02:12:19.990-0400][34596.223s][info ][gc,heap     ] GC(208) Eden regions: 263->0(263)
[2025-04-03T02:12:19.990-0400][34596.223s][info ][gc,heap     ] GC(208) Survivor regions: 2->2(34)
[2025-04-03T02:12:19.990-0400][34596.223s][info ][gc,heap     ] GC(208) Old regions: 190->190
[2025-04-03T02:12:19.990-0400][34596.223s][info ][gc,heap     ] GC(208) Archive regions: 0->0
[2025-04-03T02:12:19.990-0400][34596.223s][info ][gc,heap     ] GC(208) Humongous regions: 2->2
[2025-04-03T02:12:19.990-0400][34596.223s][info ][gc,metaspace] GC(208) Metaspace: 193681K(195328K)->193681K(195328K) NonClass: 170562K(171392K)->170562K(171392K) Class: 23118K(23936K)->23118K(23936K)
[2025-04-03T02:12:19.990-0400][34596.223s][info ][gc          ] GC(208) Pause Young (Normal) (G1 Evacuation Pause) 456M->193M(512M) 4.398ms
[2025-04-03T02:12:19.990-0400][34596.223s][info ][gc,cpu      ] GC(208) User=0.00s Sys=0.00s Real=0.00s
[2025-04-03T02:12:19.990-0400][34596.223s][info ][safepoint   ] Safepoint "G1CollectForAllocation", Time since last: 220015307500 ns, Reaching safepoint: 55700 ns, Cleanup: 2100 ns, At safepoint: 4493600 ns, Total: 4551400 ns
[2025-04-03T02:15:59.705-0400][34815.937s][debug][safepoint   ] Safepoint synchronization initiated using striped semaphore wait barrier. (237 threads)
[2025-04-03T02:15:59.705-0400][34815.938s][info ][gc,start    ] GC(209) Pause Young (Normal) (G1 Evacuation Pause)
[2025-04-03T02:15:59.705-0400][34815.938s][info ][gc,task     ] GC(209) Using 23 workers of 23 for evacuation
[2025-04-03T02:15:59.709-0400][34815.941s][info ][gc,phases   ] GC(209)   Pre Evacuate Collection Set: 0.1ms
[2025-04-03T02:15:59.709-0400][34815.941s][info ][gc,phases   ] GC(209)   Merge Heap Roots: 0.1ms
[2025-04-03T02:15:59.709-0400][34815.941s][info ][gc,phases   ] GC(209)   Evacuate Collection Set: 2.3ms
[2025-04-03T02:15:59.709-0400][34815.941s][info ][gc,phases   ] GC(209)   Post Evacuate Collection Set: 1.1ms
[2025-04-03T02:15:59.709-0400][34815.941s][info ][gc,phases   ] GC(209)   Other: 0.1ms
[2025-04-03T02:15:59.709-0400][34815.941s][info ][gc,heap     ] GC(209) Eden regions: 263->0(263)
[2025-04-03T02:15:59.709-0400][34815.941s][info ][gc,heap     ] GC(209) Survivor regions: 2->2(34)
[2025-04-03T02:15:59.709-0400][34815.941s][info ][gc,heap     ] GC(209) Old regions: 190->190
[2025-04-03T02:15:59.709-0400][34815.941s][info ][gc,heap     ] GC(209) Archive regions: 0->0
[2025-04-03T02:15:59.709-0400][34815.941s][info ][gc,heap     ] GC(209) Humongous regions: 2->2
[2025-04-03T02:15:59.709-0400][34815.941s][info ][gc,metaspace] GC(209) Metaspace: 193681K(195328K)->193681K(195328K) NonClass: 170562K(171392K)->170562K(171392K) Class: 23118K(23936K)->23118K(23936K)
[2025-04-03T02:15:59.709-0400][34815.941s][info ][gc          ] GC(209) Pause Young (Normal) (G1 Evacuation Pause) 456M->193M(512M) 3.819ms
[2025-04-03T02:15:59.709-0400][34815.941s][info ][gc,cpu      ] GC(209) User=0.00s Sys=0.00s Real=0.00s
[2025-04-03T02:15:59.709-0400][34815.941s][info ][safepoint   ] Safepoint "G1CollectForAllocation", Time since last: 219714726700 ns, Reaching safepoint: 114000 ns, Cleanup: 3300 ns, At safepoint: 3903700 ns, Total: 4021000 ns
[2025-04-03T02:16:01.710-0400][34817.942s][debug][safepoint   ] Safepoint synchronization initiated using striped semaphore wait barrier. (237 threads)
[2025-04-03T02:16:01.710-0400][34817.942s][info ][safepoint   ] Safepoint "Cleanup", Time since last: 2000184200 ns, Reaching safepoint: 112900 ns, Cleanup: 5400 ns, At safepoint: 1400 ns, Total: 119700 ns
[2025-04-03T02:18:16.208-0400][34952.440s][debug][safepoint   ] Safepoint synchronization initiated using striped semaphore wait barrier. (236 threads)
[2025-04-03T02:18:16.208-0400][34952.441s][info ][safepoint   ] Safepoint "Cleanup", Time since last: 134498625900 ns, Reaching safepoint: 120600 ns, Cleanup: 8400 ns, At safepoint: 1900 ns, Total: 130900 ns
[2025-04-03T02:19:41.097-0400][35037.329s][debug][safepoint   ] Safepoint synchronization initiated using striped semaphore wait barrier. (236 threads)
[2025-04-03T02:19:41.097-0400][35037.329s][info ][gc,start    ] GC(210) Pause Young (Normal) (G1 Evacuation Pause)
[2025-04-03T02:19:41.097-0400][35037.329s][info ][gc,task     ] GC(210) Using 23 workers of 23 for evacuation
[2025-04-03T02:19:41.100-0400][35037.333s][info ][gc,phases   ] GC(210)   Pre Evacuate Collection Set: 0.2ms
[2025-04-03T02:19:41.101-0400][35037.333s][info ][gc,phases   ] GC(210)   Merge Heap Roots: 0.1ms
[2025-04-03T02:19:41.101-0400][35037.333s][info ][gc,phases   ] GC(210)   Evacuate Collection Set: 2.3ms
[2025-04-03T02:19:41.101-0400][35037.333s][info ][gc,phases   ] GC(210)   Post Evacuate Collection Set: 1.0ms
[2025-04-03T02:19:41.101-0400][35037.333s][info ][gc,phases   ] GC(210)   Other: 0.1ms
[2025-04-03T02:19:41.101-0400][35037.333s][info ][gc,heap     ] GC(210) Eden regions: 263->0(263)
[2025-04-03T02:19:41.101-0400][35037.333s][info ][gc,heap     ] GC(210) Survivor regions: 2->2(34)
[2025-04-03T02:19:41.101-0400][35037.333s][info ][gc,heap     ] GC(210) Old regions: 190->190
[2025-04-03T02:19:41.101-0400][35037.333s][info ][gc,heap     ] GC(210) Archive regions: 0->0
[2025-04-03T02:19:41.101-0400][35037.333s][info ][gc,heap     ] GC(210) Humongous regions: 2->2
[2025-04-03T02:19:41.101-0400][35037.333s][info ][gc,metaspace] GC(210) Metaspace: 193682K(195328K)->193682K(195328K) NonClass: 170563K(171392K)->170563K(171392K) Class: 23118K(23936K)->23118K(23936K)
[2025-04-03T02:19:41.101-0400][35037.333s][info ][gc          ] GC(210) Pause Young (Normal) (G1 Evacuation Pause) 456M->193M(512M) 3.802ms
[2025-04-03T02:19:41.101-0400][35037.333s][info ][gc,cpu      ] GC(210) User=0.00s Sys=0.00s Real=0.00s
[2025-04-03T02:19:41.101-0400][35037.333s][info ][safepoint   ] Safepoint "G1CollectForAllocation", Time since last: 84888283800 ns, Reaching safepoint: 61400 ns, Cleanup: 3300 ns, At safepoint: 3870600 ns, Total: 3935300 ns
[2025-04-03T02:23:20.676-0400][35256.909s][debug][safepoint   ] Safepoint synchronization initiated using striped semaphore wait barrier. (238 threads)
[2025-04-03T02:23:20.676-0400][35256.909s][info ][gc,start    ] GC(211) Pause Young (Normal) (G1 Evacuation Pause)
[2025-04-03T02:23:20.676-0400][35256.909s][info ][gc,task     ] GC(211) Using 23 workers of 23 for evacuation
[2025-04-03T02:23:20.680-0400][35256.913s][info ][gc,phases   ] GC(211)   Pre Evacuate Collection Set: 0.2ms
[2025-04-03T02:23:20.680-0400][35256.913s][info ][gc,phases   ] GC(211)   Merge Heap Roots: 0.1ms
[2025-04-03T02:23:20.680-0400][35256.913s][info ][gc,phases   ] GC(211)   Evacuate Collection Set: 2.6ms
[2025-04-03T02:23:20.680-0400][35256.913s][info ][gc,phases   ] GC(211)   Post Evacuate Collection Set: 1.1ms
[2025-04-03T02:23:20.680-0400][35256.913s][info ][gc,phases   ] GC(211)   Other: 0.1ms
[2025-04-03T02:23:20.680-0400][35256.913s][info ][gc,heap     ] GC(211) Eden regions: 263->0(263)
[2025-04-03T02:23:20.680-0400][35256.913s][info ][gc,heap     ] GC(211) Survivor regions: 2->2(34)
[2025-04-03T02:23:20.680-0400][35256.913s][info ][gc,heap     ] GC(211) Old regions: 190->190
[2025-04-03T02:23:20.680-0400][35256.913s][info ][gc,heap     ] GC(211) Archive regions: 0->0
[2025-04-03T02:23:20.680-0400][35256.913s][info ][gc,heap     ] GC(211) Humongous regions: 2->2
[2025-04-03T02:23:20.680-0400][35256.913s][info ][gc,metaspace] GC(211) Metaspace: 193682K(195328K)->193682K(195328K) NonClass: 170563K(171392K)->170563K(171392K) Class: 23118K(23936K)->23118K(23936K)
[2025-04-03T02:23:20.680-0400][35256.913s][info ][gc          ] GC(211) Pause Young (Normal) (G1 Evacuation Pause) 456M->193M(512M) 4.086ms
[2025-04-03T02:23:20.680-0400][35256.913s][info ][gc,cpu      ] GC(211) User=0.00s Sys=0.00s Real=0.00s
[2025-04-03T02:23:20.680-0400][35256.913s][info ][safepoint   ] Safepoint "G1CollectForAllocation", Time since last: 219575780300 ns, Reaching safepoint: 54000 ns, Cleanup: 2800 ns, At safepoint: 4169500 ns, Total: 4226300 ns
[2025-04-03T02:27:00.592-0400][35476.825s][debug][safepoint   ] Safepoint synchronization initiated using striped semaphore wait barrier. (238 threads)
[2025-04-03T02:27:00.592-0400][35476.825s][info ][gc,start    ] GC(212) Pause Young (Normal) (G1 Evacuation Pause)
[2025-04-03T02:27:00.592-0400][35476.825s][info ][gc,task     ] GC(212) Using 23 workers of 23 for evacuation
[2025-04-03T02:27:00.595-0400][35476.827s][info ][gc,phases   ] GC(212)   Pre Evacuate Collection Set: 0.2ms
[2025-04-03T02:27:00.595-0400][35476.828s][info ][gc,phases   ] GC(212)   Merge Heap Roots: 0.1ms
[2025-04-03T02:27:00.595-0400][35476.828s][info ][gc,phases   ] GC(212)   Evacuate Collection Set: 1.0ms
[2025-04-03T02:27:00.595-0400][35476.828s][info ][gc,phases   ] GC(212)   Post Evacuate Collection Set: 1.2ms
[2025-04-03T02:27:00.595-0400][35476.828s][info ][gc,phases   ] GC(212)   Other: 0.1ms
[2025-04-03T02:27:00.595-0400][35476.828s][info ][gc,heap     ] GC(212) Eden regions: 263->0(263)
[2025-04-03T02:27:00.595-0400][35476.828s][info ][gc,heap     ] GC(212) Survivor regions: 2->2(34)
[2025-04-03T02:27:00.595-0400][35476.828s][info ][gc,heap     ] GC(212) Old regions: 190->190
[2025-04-03T02:27:00.595-0400][35476.828s][info ][gc,heap     ] GC(212) Archive regions: 0->0
[2025-04-03T02:27:00.595-0400][35476.828s][info ][gc,heap     ] GC(212) Humongous regions: 2->2
[2025-04-03T02:27:00.595-0400][35476.828s][info ][gc,metaspace] GC(212) Metaspace: 193682K(195328K)->193682K(195328K) NonClass: 170563K(171392K)->170563K(171392K) Class: 23118K(23936K)->23118K(23936K)
[2025-04-03T02:27:00.595-0400][35476.828s][info ][gc          ] GC(212) Pause Young (Normal) (G1 Evacuation Pause) 456M->193M(512M) 2.698ms
[2025-04-03T02:27:00.595-0400][35476.828s][info ][gc,cpu      ] GC(212) User=0.00s Sys=0.00s Real=0.00s
[2025-04-03T02:27:00.595-0400][35476.828s][info ][safepoint   ] Safepoint "G1CollectForAllocation", Time since last: 219912037700 ns, Reaching safepoint: 51700 ns, Cleanup: 3300 ns, At safepoint: 2760900 ns, Total: 2815900 ns
[2025-04-03T02:28:04.525-0400][35540.757s][debug][safepoint   ] Safepoint synchronization initiated using striped semaphore wait barrier. (238 threads)
[2025-04-03T02:28:04.525-0400][35540.758s][info ][safepoint   ] Safepoint "Cleanup", Time since last: 63929773300 ns, Reaching safepoint: 139200 ns, Cleanup: 5700 ns, At safepoint: 1600 ns, Total: 146500 ns
[2025-04-03T02:28:05.526-0400][35541.758s][debug][safepoint   ] Safepoint synchronization initiated using striped semaphore wait barrier. (238 threads)
[2025-04-03T02:28:05.526-0400][35541.758s][info ][safepoint   ] Safepoint "Cleanup", Time since last: 1000153200 ns, Reaching safepoint: 49200 ns, Cleanup: 7800 ns, At safepoint: 1300 ns, Total: 58300 ns
[2025-04-03T02:30:37.239-0400][35693.471s][debug][safepoint   ] Safepoint synchronization initiated using striped semaphore wait barrier. (236 threads)
[2025-04-03T02:30:37.239-0400][35693.471s][info ][gc,start    ] GC(213) Pause Young (Normal) (G1 Evacuation Pause)
[2025-04-03T02:30:37.239-0400][35693.471s][info ][gc,task     ] GC(213) Using 23 workers of 23 for evacuation
[2025-04-03T02:30:37.241-0400][35693.474s][info ][gc,phases   ] GC(213)   Pre Evacuate Collection Set: 0.1ms
[2025-04-03T02:30:37.241-0400][35693.474s][info ][gc,phases   ] GC(213)   Merge Heap Roots: 0.1ms
[2025-04-03T02:30:37.241-0400][35693.474s][info ][gc,phases   ] GC(213)   Evacuate Collection Set: 2.0ms
[2025-04-03T02:30:37.241-0400][35693.474s][info ][gc,phases   ] GC(213)   Post Evacuate Collection Set: 0.9ms
[2025-04-03T02:30:37.241-0400][35693.474s][info ][gc,phases   ] GC(213)   Other: 0.1ms
[2025-04-03T02:30:37.241-0400][35693.474s][info ][gc,heap     ] GC(213) Eden regions: 263->0(263)
[2025-04-03T02:30:37.241-0400][35693.474s][info ][gc,heap     ] GC(213) Survivor regions: 2->2(34)
[2025-04-03T02:30:37.241-0400][35693.474s][info ][gc,heap     ] GC(213) Old regions: 190->190
[2025-04-03T02:30:37.241-0400][35693.474s][info ][gc,heap     ] GC(213) Archive regions: 0->0
[2025-04-03T02:30:37.241-0400][35693.474s][info ][gc,heap     ] GC(213) Humongous regions: 2->2
[2025-04-03T02:30:37.241-0400][35693.474s][info ][gc,metaspace] GC(213) Metaspace: 193687K(195328K)->193687K(195328K) NonClass: 170568K(171392K)->170568K(171392K) Class: 23118K(23936K)->23118K(23936K)
[2025-04-03T02:30:37.241-0400][35693.474s][info ][gc          ] GC(213) Pause Young (Normal) (G1 Evacuation Pause) 456M->193M(512M) 3.236ms
[2025-04-03T02:30:37.241-0400][35693.474s][info ][gc,cpu      ] GC(213) User=0.00s Sys=0.00s Real=0.00s
[2025-04-03T02:30:37.242-0400][35693.474s][info ][safepoint   ] Safepoint "G1CollectForAllocation", Time since last: 151713331300 ns, Reaching safepoint: 48200 ns, Cleanup: 2900 ns, At safepoint: 3305200 ns, Total: 3356300 ns
[2025-04-03T02:31:05.646-0400][35721.878s][debug][safepoint   ] Safepoint synchronization initiated using striped semaphore wait barrier. (236 threads)
[2025-04-03T02:31:05.646-0400][35721.878s][info ][safepoint   ] Safepoint "Cleanup", Time since last: 28403328200 ns, Reaching safepoint: 144300 ns, Cleanup: 31700 ns, At safepoint: 1300 ns, Total: 177300 ns
[2025-04-03T02:34:17.237-0400][35913.469s][debug][safepoint   ] Safepoint synchronization initiated using striped semaphore wait barrier. (236 threads)
[2025-04-03T02:34:17.237-0400][35913.469s][info ][gc,start    ] GC(214) Pause Young (Normal) (G1 Evacuation Pause)
[2025-04-03T02:34:17.237-0400][35913.469s][info ][gc,task     ] GC(214) Using 23 workers of 23 for evacuation
[2025-04-03T02:34:17.240-0400][35913.472s][info ][gc,phases   ] GC(214)   Pre Evacuate Collection Set: 0.1ms
[2025-04-03T02:34:17.240-0400][35913.472s][info ][gc,phases   ] GC(214)   Merge Heap Roots: 0.1ms
[2025-04-03T02:34:17.240-0400][35913.472s][info ][gc,phases   ] GC(214)   Evacuate Collection Set: 1.5ms
[2025-04-03T02:34:17.240-0400][35913.472s][info ][gc,phases   ] GC(214)   Post Evacuate Collection Set: 1.0ms
[2025-04-03T02:34:17.240-0400][35913.472s][info ][gc,phases   ] GC(214)   Other: 0.1ms
[2025-04-03T02:34:17.240-0400][35913.472s][info ][gc,heap     ] GC(214) Eden regions: 263->0(263)
[2025-04-03T02:34:17.240-0400][35913.472s][info ][gc,heap     ] GC(214) Survivor regions: 2->2(34)
[2025-04-03T02:34:17.240-0400][35913.472s][info ][gc,heap     ] GC(214) Old regions: 190->190
[2025-04-03T02:34:17.240-0400][35913.472s][info ][gc,heap     ] GC(214) Archive regions: 0->0
[2025-04-03T02:34:17.240-0400][35913.472s][info ][gc,heap     ] GC(214) Humongous regions: 2->2
[2025-04-03T02:34:17.240-0400][35913.472s][info ][gc,metaspace] GC(214) Metaspace: 193687K(195328K)->193687K(195328K) NonClass: 170568K(171392K)->170568K(171392K) Class: 23118K(23936K)->23118K(23936K)
[2025-04-03T02:34:17.240-0400][35913.472s][info ][gc          ] GC(214) Pause Young (Normal) (G1 Evacuation Pause) 456M->193M(512M) 2.842ms
[2025-04-03T02:34:17.240-0400][35913.472s][info ][gc,cpu      ] GC(214) User=0.00s Sys=0.00s Real=0.00s
[2025-04-03T02:34:17.240-0400][35913.472s][info ][safepoint   ] Safepoint "G1CollectForAllocation", Time since last: 191591015900 ns, Reaching safepoint: 67500 ns, Cleanup: 3400 ns, At safepoint: 2927900 ns, Total: 2998800 ns
[2025-04-03T02:36:12.571-0400][36028.803s][debug][safepoint   ] Safepoint synchronization initiated using striped semaphore wait barrier. (236 threads)
[2025-04-03T02:36:12.571-0400][36028.803s][info ][safepoint   ] Safepoint "Cleanup", Time since last: 115331088200 ns, Reaching safepoint: 94100 ns, Cleanup: 11300 ns, At safepoint: 1800 ns, Total: 107200 ns
[2025-04-03T02:36:14.572-0400][36030.804s][debug][safepoint   ] Safepoint synchronization initiated using striped semaphore wait barrier. (238 threads)
[2025-04-03T02:36:14.572-0400][36030.804s][info ][safepoint   ] Safepoint "Cleanup", Time since last: 2000658100 ns, Reaching safepoint: 98400 ns, Cleanup: 8200 ns, At safepoint: 1500 ns, Total: 108100 ns
[2025-04-03T02:37:58.021-0400][36134.253s][debug][safepoint   ] Safepoint synchronization initiated using striped semaphore wait barrier. (237 threads)
[2025-04-03T02:37:58.021-0400][36134.253s][info ][gc,start    ] GC(215) Pause Young (Normal) (G1 Evacuation Pause)
[2025-04-03T02:37:58.021-0400][36134.253s][info ][gc,task     ] GC(215) Using 23 workers of 23 for evacuation
[2025-04-03T02:37:58.024-0400][36134.256s][info ][gc,phases   ] GC(215)   Pre Evacuate Collection Set: 0.1ms
[2025-04-03T02:37:58.024-0400][36134.256s][info ][gc,phases   ] GC(215)   Merge Heap Roots: 0.1ms
[2025-04-03T02:37:58.024-0400][36134.256s][info ][gc,phases   ] GC(215)   Evacuate Collection Set: 1.3ms
[2025-04-03T02:37:58.024-0400][36134.256s][info ][gc,phases   ] GC(215)   Post Evacuate Collection Set: 1.0ms
[2025-04-03T02:37:58.024-0400][36134.256s][info ][gc,phases   ] GC(215)   Other: 0.1ms
[2025-04-03T02:37:58.024-0400][36134.256s][info ][gc,heap     ] GC(215) Eden regions: 263->0(263)
[2025-04-03T02:37:58.024-0400][36134.256s][info ][gc,heap     ] GC(215) Survivor regions: 2->2(34)
[2025-04-03T02:37:58.024-0400][36134.256s][info ][gc,heap     ] GC(215) Old regions: 190->190
[2025-04-03T02:37:58.024-0400][36134.256s][info ][gc,heap     ] GC(215) Archive regions: 0->0
[2025-04-03T02:37:58.024-0400][36134.256s][info ][gc,heap     ] GC(215) Humongous regions: 2->2
[2025-04-03T02:37:58.024-0400][36134.256s][info ][gc,metaspace] GC(215) Metaspace: 193691K(195328K)->193691K(195328K) NonClass: 170572K(171392K)->170572K(171392K) Class: 23118K(23936K)->23118K(23936K)
[2025-04-03T02:37:58.024-0400][36134.256s][info ][gc          ] GC(215) Pause Young (Normal) (G1 Evacuation Pause) 456M->193M(512M) 2.672ms
[2025-04-03T02:37:58.024-0400][36134.256s][info ][gc,cpu      ] GC(215) User=0.00s Sys=0.00s Real=0.00s
[2025-04-03T02:37:58.024-0400][36134.256s][info ][safepoint   ] Safepoint "G1CollectForAllocation", Time since last: 103449264800 ns, Reaching safepoint: 43800 ns, Cleanup: 2800 ns, At safepoint: 2731500 ns, Total: 2778100 ns
[2025-04-03T02:41:38.277-0400][36354.509s][debug][safepoint   ] Safepoint synchronization initiated using striped semaphore wait barrier. (235 threads)
[2025-04-03T02:41:38.277-0400][36354.509s][info ][gc,start    ] GC(216) Pause Young (Normal) (G1 Evacuation Pause)
[2025-04-03T02:41:38.277-0400][36354.509s][info ][gc,task     ] GC(216) Using 23 workers of 23 for evacuation
[2025-04-03T02:41:38.279-0400][36354.512s][info ][gc,phases   ] GC(216)   Pre Evacuate Collection Set: 0.1ms
[2025-04-03T02:41:38.280-0400][36354.512s][info ][gc,phases   ] GC(216)   Merge Heap Roots: 0.1ms
[2025-04-03T02:41:38.280-0400][36354.512s][info ][gc,phases   ] GC(216)   Evacuate Collection Set: 1.2ms
[2025-04-03T02:41:38.280-0400][36354.512s][info ][gc,phases   ] GC(216)   Post Evacuate Collection Set: 1.0ms
[2025-04-03T02:41:38.280-0400][36354.512s][info ][gc,phases   ] GC(216)   Other: 0.1ms
[2025-04-03T02:41:38.280-0400][36354.512s][info ][gc,heap     ] GC(216) Eden regions: 263->0(263)
[2025-04-03T02:41:38.280-0400][36354.512s][info ][gc,heap     ] GC(216) Survivor regions: 2->2(34)
[2025-04-03T02:41:38.280-0400][36354.512s][info ][gc,heap     ] GC(216) Old regions: 190->190
[2025-04-03T02:41:38.280-0400][36354.512s][info ][gc,heap     ] GC(216) Archive regions: 0->0
[2025-04-03T02:41:38.280-0400][36354.512s][info ][gc,heap     ] GC(216) Humongous regions: 2->2
[2025-04-03T02:41:38.280-0400][36354.512s][info ][gc,metaspace] GC(216) Metaspace: 193691K(195328K)->193691K(195328K) NonClass: 170572K(171392K)->170572K(171392K) Class: 23118K(23936K)->23118K(23936K)
[2025-04-03T02:41:38.280-0400][36354.512s][info ][gc          ] GC(216) Pause Young (Normal) (G1 Evacuation Pause) 456M->193M(512M) 2.596ms
[2025-04-03T02:41:38.280-0400][36354.512s][info ][gc,cpu      ] GC(216) User=0.00s Sys=0.00s Real=0.00s
[2025-04-03T02:41:38.280-0400][36354.512s][info ][safepoint   ] Safepoint "G1CollectForAllocation", Time since last: 220253293400 ns, Reaching safepoint: 48900 ns, Cleanup: 3300 ns, At safepoint: 2661000 ns, Total: 2713200 ns
[2025-04-03T02:45:18.781-0400][36575.014s][debug][safepoint   ] Safepoint synchronization initiated using striped semaphore wait barrier. (238 threads)
[2025-04-03T02:45:18.781-0400][36575.014s][info ][gc,start    ] GC(217) Pause Young (Normal) (G1 Evacuation Pause)
[2025-04-03T02:45:18.781-0400][36575.014s][info ][gc,task     ] GC(217) Using 23 workers of 23 for evacuation
[2025-04-03T02:45:18.784-0400][36575.017s][info ][gc,phases   ] GC(217)   Pre Evacuate Collection Set: 0.2ms
[2025-04-03T02:45:18.784-0400][36575.017s][info ][gc,phases   ] GC(217)   Merge Heap Roots: 0.1ms
[2025-04-03T02:45:18.784-0400][36575.017s][info ][gc,phases   ] GC(217)   Evacuate Collection Set: 1.1ms
[2025-04-03T02:45:18.784-0400][36575.017s][info ][gc,phases   ] GC(217)   Post Evacuate Collection Set: 1.3ms
[2025-04-03T02:45:18.784-0400][36575.017s][info ][gc,phases   ] GC(217)   Other: 0.1ms
[2025-04-03T02:45:18.784-0400][36575.017s][info ][gc,heap     ] GC(217) Eden regions: 263->0(263)
[2025-04-03T02:45:18.784-0400][36575.017s][info ][gc,heap     ] GC(217) Survivor regions: 2->2(34)
[2025-04-03T02:45:18.784-0400][36575.017s][info ][gc,heap     ] GC(217) Old regions: 190->190
[2025-04-03T02:45:18.784-0400][36575.017s][info ][gc,heap     ] GC(217) Archive regions: 0->0
[2025-04-03T02:45:18.784-0400][36575.017s][info ][gc,heap     ] GC(217) Humongous regions: 2->2
[2025-04-03T02:45:18.784-0400][36575.017s][info ][gc,metaspace] GC(217) Metaspace: 193691K(195328K)->193691K(195328K) NonClass: 170572K(171392K)->170572K(171392K) Class: 23118K(23936K)->23118K(23936K)
[2025-04-03T02:45:18.784-0400][36575.017s][info ][gc          ] GC(217) Pause Young (Normal) (G1 Evacuation Pause) 456M->193M(512M) 2.850ms
[2025-04-03T02:45:18.784-0400][36575.017s][info ][gc,cpu      ] GC(217) User=0.03s Sys=0.02s Real=0.00s
[2025-04-03T02:45:18.784-0400][36575.017s][info ][safepoint   ] Safepoint "G1CollectForAllocation", Time since last: 220501805200 ns, Reaching safepoint: 92800 ns, Cleanup: 3700 ns, At safepoint: 2926200 ns, Total: 3022700 ns
[2025-04-03T02:48:59.607-0400][36795.839s][debug][safepoint   ] Safepoint synchronization initiated using striped semaphore wait barrier. (236 threads)
[2025-04-03T02:48:59.607-0400][36795.839s][info ][gc,start    ] GC(218) Pause Young (Normal) (G1 Evacuation Pause)
[2025-04-03T02:48:59.607-0400][36795.839s][info ][gc,task     ] GC(218) Using 23 workers of 23 for evacuation
[2025-04-03T02:48:59.609-0400][36795.842s][info ][gc,phases   ] GC(218)   Pre Evacuate Collection Set: 0.1ms
[2025-04-03T02:48:59.609-0400][36795.842s][info ][gc,phases   ] GC(218)   Merge Heap Roots: 0.1ms
[2025-04-03T02:48:59.609-0400][36795.842s][info ][gc,phases   ] GC(218)   Evacuate Collection Set: 2.2ms
[2025-04-03T02:48:59.609-0400][36795.842s][info ][gc,phases   ] GC(218)   Post Evacuate Collection Set: 0.9ms
[2025-04-03T02:48:59.609-0400][36795.842s][info ][gc,phases   ] GC(218)   Other: 0.1ms
[2025-04-03T02:48:59.609-0400][36795.842s][info ][gc,heap     ] GC(218) Eden regions: 263->0(263)
[2025-04-03T02:48:59.609-0400][36795.842s][info ][gc,heap     ] GC(218) Survivor regions: 2->2(34)
[2025-04-03T02:48:59.609-0400][36795.842s][info ][gc,heap     ] GC(218) Old regions: 190->190
[2025-04-03T02:48:59.609-0400][36795.842s][info ][gc,heap     ] GC(218) Archive regions: 0->0
[2025-04-03T02:48:59.609-0400][36795.842s][info ][gc,heap     ] GC(218) Humongous regions: 2->2
[2025-04-03T02:48:59.609-0400][36795.842s][info ][gc,metaspace] GC(218) Metaspace: 193691K(195328K)->193691K(195328K) NonClass: 170572K(171392K)->170572K(171392K) Class: 23118K(23936K)->23118K(23936K)
[2025-04-03T02:48:59.609-0400][36795.842s][info ][gc          ] GC(218) Pause Young (Normal) (G1 Evacuation Pause) 456M->193M(512M) 3.491ms
[2025-04-03T02:48:59.609-0400][36795.842s][info ][gc,cpu      ] GC(218) User=0.00s Sys=0.00s Real=0.00s
[2025-04-03T02:48:59.610-0400][36795.842s][info ][safepoint   ] Safepoint "G1CollectForAllocation", Time since last: 220821933000 ns, Reaching safepoint: 74000 ns, Cleanup: 3500 ns, At safepoint: 3588500 ns, Total: 3666000 ns
[2025-04-03T02:52:39.432-0400][37015.664s][debug][safepoint   ] Safepoint synchronization initiated using striped semaphore wait barrier. (238 threads)
[2025-04-03T02:52:39.432-0400][37015.665s][info ][gc,start    ] GC(219) Pause Young (Normal) (G1 Evacuation Pause)
[2025-04-03T02:52:39.432-0400][37015.665s][info ][gc,task     ] GC(219) Using 23 workers of 23 for evacuation
[2025-04-03T02:52:39.436-0400][37015.668s][info ][gc,phases   ] GC(219)   Pre Evacuate Collection Set: 0.2ms
[2025-04-03T02:52:39.436-0400][37015.668s][info ][gc,phases   ] GC(219)   Merge Heap Roots: 0.1ms
[2025-04-03T02:52:39.436-0400][37015.668s][info ][gc,phases   ] GC(219)   Evacuate Collection Set: 2.3ms
[2025-04-03T02:52:39.436-0400][37015.668s][info ][gc,phases   ] GC(219)   Post Evacuate Collection Set: 1.0ms
[2025-04-03T02:52:39.436-0400][37015.668s][info ][gc,phases   ] GC(219)   Other: 0.1ms
[2025-04-03T02:52:39.436-0400][37015.668s][info ][gc,heap     ] GC(219) Eden regions: 263->0(263)
[2025-04-03T02:52:39.436-0400][37015.668s][info ][gc,heap     ] GC(219) Survivor regions: 2->2(34)
[2025-04-03T02:52:39.436-0400][37015.668s][info ][gc,heap     ] GC(219) Old regions: 190->190
[2025-04-03T02:52:39.436-0400][37015.668s][info ][gc,heap     ] GC(219) Archive regions: 0->0
[2025-04-03T02:52:39.436-0400][37015.668s][info ][gc,heap     ] GC(219) Humongous regions: 2->2
[2025-04-03T02:52:39.436-0400][37015.668s][info ][gc,metaspace] GC(219) Metaspace: 193691K(195328K)->193691K(195328K) NonClass: 170572K(171392K)->170572K(171392K) Class: 23118K(23936K)->23118K(23936K)
[2025-04-03T02:52:39.436-0400][37015.668s][info ][gc          ] GC(219) Pause Young (Normal) (G1 Evacuation Pause) 456M->193M(512M) 3.691ms
[2025-04-03T02:52:39.436-0400][37015.668s][info ][gc,cpu      ] GC(219) User=0.00s Sys=0.00s Real=0.00s
[2025-04-03T02:52:39.436-0400][37015.668s][info ][safepoint   ] Safepoint "G1CollectForAllocation", Time since last: 219822029500 ns, Reaching safepoint: 59000 ns, Cleanup: 3400 ns, At safepoint: 3778100 ns, Total: 3840500 ns
[2025-04-03T02:56:20.938-0400][37237.170s][debug][safepoint   ] Safepoint synchronization initiated using striped semaphore wait barrier. (235 threads)
[2025-04-03T02:56:20.938-0400][37237.170s][info ][gc,start    ] GC(220) Pause Young (Normal) (G1 Evacuation Pause)
[2025-04-03T02:56:20.938-0400][37237.170s][info ][gc,task     ] GC(220) Using 23 workers of 23 for evacuation
[2025-04-03T02:56:20.941-0400][37237.173s][info ][gc,phases   ] GC(220)   Pre Evacuate Collection Set: 0.1ms
[2025-04-03T02:56:20.941-0400][37237.173s][info ][gc,phases   ] GC(220)   Merge Heap Roots: 0.1ms
[2025-04-03T02:56:20.941-0400][37237.173s][info ][gc,phases   ] GC(220)   Evacuate Collection Set: 1.3ms
[2025-04-03T02:56:20.941-0400][37237.173s][info ][gc,phases   ] GC(220)   Post Evacuate Collection Set: 1.2ms
[2025-04-03T02:56:20.941-0400][37237.173s][info ][gc,phases   ] GC(220)   Other: 0.1ms
[2025-04-03T02:56:20.941-0400][37237.173s][info ][gc,heap     ] GC(220) Eden regions: 263->0(263)
[2025-04-03T02:56:20.941-0400][37237.173s][info ][gc,heap     ] GC(220) Survivor regions: 2->2(34)
[2025-04-03T02:56:20.941-0400][37237.173s][info ][gc,heap     ] GC(220) Old regions: 190->190
[2025-04-03T02:56:20.941-0400][37237.173s][info ][gc,heap     ] GC(220) Archive regions: 0->0
[2025-04-03T02:56:20.941-0400][37237.173s][info ][gc,heap     ] GC(220) Humongous regions: 2->2
[2025-04-03T02:56:20.941-0400][37237.173s][info ][gc,metaspace] GC(220) Metaspace: 193691K(195328K)->193691K(195328K) NonClass: 170572K(171392K)->170572K(171392K) Class: 23118K(23936K)->23118K(23936K)
[2025-04-03T02:56:20.941-0400][37237.173s][info ][gc          ] GC(220) Pause Young (Normal) (G1 Evacuation Pause) 456M->193M(512M) 2.850ms
[2025-04-03T02:56:20.941-0400][37237.173s][info ][gc,cpu      ] GC(220) User=0.03s Sys=0.00s Real=0.00s
[2025-04-03T02:56:20.941-0400][37237.173s][info ][safepoint   ] Safepoint "G1CollectForAllocation", Time since last: 221501760000 ns, Reaching safepoint: 57000 ns, Cleanup: 3100 ns, At safepoint: 2920400 ns, Total: 2980500 ns
[2025-04-03T02:59:56.427-0400][37452.660s][debug][safepoint   ] Safepoint synchronization initiated using striped semaphore wait barrier. (235 threads)
[2025-04-03T02:59:56.427-0400][37452.660s][info ][gc,start    ] GC(221) Pause Young (Normal) (G1 Evacuation Pause)
[2025-04-03T02:59:56.427-0400][37452.660s][info ][gc,task     ] GC(221) Using 23 workers of 23 for evacuation
[2025-04-03T02:59:56.431-0400][37452.663s][info ][gc,phases   ] GC(221)   Pre Evacuate Collection Set: 0.1ms
[2025-04-03T02:59:56.431-0400][37452.663s][info ][gc,phases   ] GC(221)   Merge Heap Roots: 0.1ms
[2025-04-03T02:59:56.431-0400][37452.663s][info ][gc,phases   ] GC(221)   Evacuate Collection Set: 2.2ms
[2025-04-03T02:59:56.431-0400][37452.663s][info ][gc,phases   ] GC(221)   Post Evacuate Collection Set: 0.9ms
[2025-04-03T02:59:56.431-0400][37452.663s][info ][gc,phases   ] GC(221)   Other: 0.1ms
[2025-04-03T02:59:56.431-0400][37452.663s][info ][gc,heap     ] GC(221) Eden regions: 263->0(262)
[2025-04-03T02:59:56.431-0400][37452.663s][info ][gc,heap     ] GC(221) Survivor regions: 2->2(34)
[2025-04-03T02:59:56.431-0400][37452.663s][info ][gc,heap     ] GC(221) Old regions: 190->190
[2025-04-03T02:59:56.431-0400][37452.663s][info ][gc,heap     ] GC(221) Archive regions: 0->0
[2025-04-03T02:59:56.431-0400][37452.663s][info ][gc,heap     ] GC(221) Humongous regions: 2->2
[2025-04-03T02:59:56.431-0400][37452.663s][info ][gc,metaspace] GC(221) Metaspace: 193692K(195328K)->193692K(195328K) NonClass: 170573K(171392K)->170573K(171392K) Class: 23118K(23936K)->23118K(23936K)
[2025-04-03T02:59:56.431-0400][37452.663s][info ][gc          ] GC(221) Pause Young (Normal) (G1 Evacuation Pause) 456M->193M(512M) 3.398ms
[2025-04-03T02:59:56.431-0400][37452.663s][info ][gc,cpu      ] GC(221) User=0.00s Sys=0.00s Real=0.00s
[2025-04-03T02:59:56.431-0400][37452.663s][info ][safepoint   ] Safepoint "G1CollectForAllocation", Time since last: 215486762800 ns, Reaching safepoint: 43500 ns, Cleanup: 2100 ns, At safepoint: 3482300 ns, Total: 3527900 ns
[2025-04-03T03:03:35.984-0400][37672.217s][debug][safepoint   ] Safepoint synchronization initiated using striped semaphore wait barrier. (236 threads)
[2025-04-03T03:03:35.984-0400][37672.217s][info ][gc,start    ] GC(222) Pause Young (Normal) (G1 Evacuation Pause)
[2025-04-03T03:03:35.984-0400][37672.217s][info ][gc,task     ] GC(222) Using 23 workers of 23 for evacuation
[2025-04-03T03:03:35.987-0400][37672.220s][info ][gc,phases   ] GC(222)   Pre Evacuate Collection Set: 0.1ms
[2025-04-03T03:03:35.987-0400][37672.220s][info ][gc,phases   ] GC(222)   Merge Heap Roots: 0.1ms
[2025-04-03T03:03:35.987-0400][37672.220s][info ][gc,phases   ] GC(222)   Evacuate Collection Set: 1.3ms
[2025-04-03T03:03:35.987-0400][37672.220s][info ][gc,phases   ] GC(222)   Post Evacuate Collection Set: 1.2ms
[2025-04-03T03:03:35.987-0400][37672.220s][info ][gc,phases   ] GC(222)   Other: 0.1ms
[2025-04-03T03:03:35.987-0400][37672.220s][info ][gc,heap     ] GC(222) Eden regions: 262->0(263)
[2025-04-03T03:03:35.987-0400][37672.220s][info ][gc,heap     ] GC(222) Survivor regions: 2->2(33)
[2025-04-03T03:03:35.987-0400][37672.220s][info ][gc,heap     ] GC(222) Old regions: 190->190
[2025-04-03T03:03:35.987-0400][37672.220s][info ][gc,heap     ] GC(222) Archive regions: 0->0
[2025-04-03T03:03:35.987-0400][37672.220s][info ][gc,heap     ] GC(222) Humongous regions: 2->2
[2025-04-03T03:03:35.987-0400][37672.220s][info ][gc,metaspace] GC(222) Metaspace: 193692K(195328K)->193692K(195328K) NonClass: 170573K(171392K)->170573K(171392K) Class: 23118K(23936K)->23118K(23936K)
[2025-04-03T03:03:35.987-0400][37672.220s][info ][gc          ] GC(222) Pause Young (Normal) (G1 Evacuation Pause) 455M->193M(512M) 2.770ms
[2025-04-03T03:03:35.987-0400][37672.220s][info ][gc,cpu      ] GC(222) User=0.03s Sys=0.00s Real=0.00s
[2025-04-03T03:03:35.987-0400][37672.220s][info ][safepoint   ] Safepoint "G1CollectForAllocation", Time since last: 219553879400 ns, Reaching safepoint: 41300 ns, Cleanup: 2800 ns, At safepoint: 2839900 ns, Total: 2884000 ns
[2025-04-03T03:07:16.767-0400][37892.999s][debug][safepoint   ] Safepoint synchronization initiated using striped semaphore wait barrier. (235 threads)
[2025-04-03T03:07:16.767-0400][37892.999s][info ][gc,start    ] GC(223) Pause Young (Normal) (G1 Evacuation Pause)
[2025-04-03T03:07:16.767-0400][37892.999s][info ][gc,task     ] GC(223) Using 23 workers of 23 for evacuation
[2025-04-03T03:07:16.771-0400][37893.003s][info ][gc,phases   ] GC(223)   Pre Evacuate Collection Set: 0.2ms
[2025-04-03T03:07:16.771-0400][37893.003s][info ][gc,phases   ] GC(223)   Merge Heap Roots: 0.1ms
[2025-04-03T03:07:16.771-0400][37893.003s][info ][gc,phases   ] GC(223)   Evacuate Collection Set: 2.4ms
[2025-04-03T03:07:16.771-0400][37893.003s][info ][gc,phases   ] GC(223)   Post Evacuate Collection Set: 1.0ms
[2025-04-03T03:07:16.771-0400][37893.003s][info ][gc,phases   ] GC(223)   Other: 0.1ms
[2025-04-03T03:07:16.771-0400][37893.003s][info ][gc,heap     ] GC(223) Eden regions: 263->0(263)
[2025-04-03T03:07:16.771-0400][37893.003s][info ][gc,heap     ] GC(223) Survivor regions: 2->2(34)
[2025-04-03T03:07:16.771-0400][37893.003s][info ][gc,heap     ] GC(223) Old regions: 190->190
[2025-04-03T03:07:16.771-0400][37893.003s][info ][gc,heap     ] GC(223) Archive regions: 0->0
[2025-04-03T03:07:16.771-0400][37893.003s][info ][gc,heap     ] GC(223) Humongous regions: 2->2
[2025-04-03T03:07:16.771-0400][37893.003s][info ][gc,metaspace] GC(223) Metaspace: 193692K(195328K)->193692K(195328K) NonClass: 170573K(171392K)->170573K(171392K) Class: 23118K(23936K)->23118K(23936K)
[2025-04-03T03:07:16.771-0400][37893.003s][info ][gc          ] GC(223) Pause Young (Normal) (G1 Evacuation Pause) 456M->193M(512M) 3.831ms
[2025-04-03T03:07:16.771-0400][37893.003s][info ][gc,cpu      ] GC(223) User=0.02s Sys=0.00s Real=0.00s
[2025-04-03T03:07:16.771-0400][37893.003s][info ][safepoint   ] Safepoint "G1CollectForAllocation", Time since last: 220778835300 ns, Reaching safepoint: 66300 ns, Cleanup: 3200 ns, At safepoint: 3918700 ns, Total: 3988200 ns
[2025-04-03T03:10:56.610-0400][38112.842s][debug][safepoint   ] Safepoint synchronization initiated using striped semaphore wait barrier. (237 threads)
[2025-04-03T03:10:56.610-0400][38112.842s][info ][gc,start    ] GC(224) Pause Young (Normal) (G1 Evacuation Pause)
[2025-04-03T03:10:56.610-0400][38112.842s][info ][gc,task     ] GC(224) Using 23 workers of 23 for evacuation
[2025-04-03T03:10:56.613-0400][38112.846s][info ][gc,phases   ] GC(224)   Pre Evacuate Collection Set: 0.1ms
[2025-04-03T03:10:56.613-0400][38112.846s][info ][gc,phases   ] GC(224)   Merge Heap Roots: 0.1ms
[2025-04-03T03:10:56.613-0400][38112.846s][info ][gc,phases   ] GC(224)   Evacuate Collection Set: 2.3ms
[2025-04-03T03:10:56.613-0400][38112.846s][info ][gc,phases   ] GC(224)   Post Evacuate Collection Set: 1.0ms
[2025-04-03T03:10:56.614-0400][38112.846s][info ][gc,phases   ] GC(224)   Other: 0.1ms
[2025-04-03T03:10:56.614-0400][38112.846s][info ][gc,heap     ] GC(224) Eden regions: 263->0(263)
[2025-04-03T03:10:56.614-0400][38112.846s][info ][gc,heap     ] GC(224) Survivor regions: 2->2(34)
[2025-04-03T03:10:56.614-0400][38112.846s][info ][gc,heap     ] GC(224) Old regions: 190->190
[2025-04-03T03:10:56.614-0400][38112.846s][info ][gc,heap     ] GC(224) Archive regions: 0->0
[2025-04-03T03:10:56.614-0400][38112.846s][info ][gc,heap     ] GC(224) Humongous regions: 2->2
[2025-04-03T03:10:56.614-0400][38112.846s][info ][gc,metaspace] GC(224) Metaspace: 193692K(195328K)->193692K(195328K) NonClass: 170574K(171392K)->170574K(171392K) Class: 23118K(23936K)->23118K(23936K)
[2025-04-03T03:10:56.614-0400][38112.846s][info ][gc          ] GC(224) Pause Young (Normal) (G1 Evacuation Pause) 456M->193M(512M) 3.654ms
[2025-04-03T03:10:56.614-0400][38112.846s][info ][gc,cpu      ] GC(224) User=0.02s Sys=0.00s Real=0.00s
[2025-04-03T03:10:56.614-0400][38112.846s][info ][safepoint   ] Safepoint "G1CollectForAllocation", Time since last: 219838956700 ns, Reaching safepoint: 58900 ns, Cleanup: 3900 ns, At safepoint: 3724000 ns, Total: 3786800 ns
[2025-04-03T03:14:37.993-0400][38334.225s][debug][safepoint   ] Safepoint synchronization initiated using striped semaphore wait barrier. (236 threads)
[2025-04-03T03:14:37.993-0400][38334.225s][info ][gc,start    ] GC(225) Pause Young (Normal) (G1 Evacuation Pause)
[2025-04-03T03:14:37.993-0400][38334.225s][info ][gc,task     ] GC(225) Using 23 workers of 23 for evacuation
[2025-04-03T03:14:37.995-0400][38334.228s][info ][gc,phases   ] GC(225)   Pre Evacuate Collection Set: 0.1ms
[2025-04-03T03:14:37.995-0400][38334.228s][info ][gc,phases   ] GC(225)   Merge Heap Roots: 0.1ms
[2025-04-03T03:14:37.995-0400][38334.228s][info ][gc,phases   ] GC(225)   Evacuate Collection Set: 1.9ms
[2025-04-03T03:14:37.995-0400][38334.228s][info ][gc,phases   ] GC(225)   Post Evacuate Collection Set: 1.1ms
[2025-04-03T03:14:37.995-0400][38334.228s][info ][gc,phases   ] GC(225)   Other: 0.1ms
[2025-04-03T03:14:37.995-0400][38334.228s][info ][gc,heap     ] GC(225) Eden regions: 263->0(263)
[2025-04-03T03:14:37.995-0400][38334.228s][info ][gc,heap     ] GC(225) Survivor regions: 2->2(34)
[2025-04-03T03:14:37.995-0400][38334.228s][info ][gc,heap     ] GC(225) Old regions: 190->190
[2025-04-03T03:14:37.995-0400][38334.228s][info ][gc,heap     ] GC(225) Archive regions: 0->0
[2025-04-03T03:14:37.995-0400][38334.228s][info ][gc,heap     ] GC(225) Humongous regions: 2->2
[2025-04-03T03:14:37.995-0400][38334.228s][info ][gc,metaspace] GC(225) Metaspace: 193692K(195328K)->193692K(195328K) NonClass: 170574K(171392K)->170574K(171392K) Class: 23118K(23936K)->23118K(23936K)
[2025-04-03T03:14:37.996-0400][38334.228s][info ][gc          ] GC(225) Pause Young (Normal) (G1 Evacuation Pause) 456M->193M(512M) 3.266ms
[2025-04-03T03:14:37.996-0400][38334.228s][info ][gc,cpu      ] GC(225) User=0.00s Sys=0.00s Real=0.00s
[2025-04-03T03:14:37.996-0400][38334.228s][info ][safepoint   ] Safepoint "G1CollectForAllocation", Time since last: 221379491100 ns, Reaching safepoint: 43600 ns, Cleanup: 1800 ns, At safepoint: 3322700 ns, Total: 3368100 ns
[2025-04-03T03:18:17.467-0400][38553.699s][debug][safepoint   ] Safepoint synchronization initiated using striped semaphore wait barrier. (237 threads)
[2025-04-03T03:18:17.467-0400][38553.699s][info ][gc,start    ] GC(226) Pause Young (Normal) (G1 Evacuation Pause)
[2025-04-03T03:18:17.467-0400][38553.699s][info ][gc,task     ] GC(226) Using 23 workers of 23 for evacuation
[2025-04-03T03:18:17.469-0400][38553.702s][info ][gc,phases   ] GC(226)   Pre Evacuate Collection Set: 0.1ms
[2025-04-03T03:18:17.469-0400][38553.702s][info ][gc,phases   ] GC(226)   Merge Heap Roots: 0.1ms
[2025-04-03T03:18:17.469-0400][38553.702s][info ][gc,phases   ] GC(226)   Evacuate Collection Set: 2.0ms
[2025-04-03T03:18:17.469-0400][38553.702s][info ][gc,phases   ] GC(226)   Post Evacuate Collection Set: 1.1ms
[2025-04-03T03:18:17.469-0400][38553.702s][info ][gc,phases   ] GC(226)   Other: 0.1ms
[2025-04-03T03:18:17.469-0400][38553.702s][info ][gc,heap     ] GC(226) Eden regions: 263->0(263)
[2025-04-03T03:18:17.469-0400][38553.702s][info ][gc,heap     ] GC(226) Survivor regions: 2->2(34)
[2025-04-03T03:18:17.469-0400][38553.702s][info ][gc,heap     ] GC(226) Old regions: 190->190
[2025-04-03T03:18:17.469-0400][38553.702s][info ][gc,heap     ] GC(226) Archive regions: 0->0
[2025-04-03T03:18:17.469-0400][38553.702s][info ][gc,heap     ] GC(226) Humongous regions: 2->2
[2025-04-03T03:18:17.469-0400][38553.702s][info ][gc,metaspace] GC(226) Metaspace: 193692K(195328K)->193692K(195328K) NonClass: 170574K(171392K)->170574K(171392K) Class: 23118K(23936K)->23118K(23936K)
[2025-04-03T03:18:17.469-0400][38553.702s][info ][gc          ] GC(226) Pause Young (Normal) (G1 Evacuation Pause) 456M->193M(512M) 3.439ms
[2025-04-03T03:18:17.469-0400][38553.702s][info ][gc,cpu      ] GC(226) User=0.00s Sys=0.00s Real=0.00s
[2025-04-03T03:18:17.469-0400][38553.702s][info ][safepoint   ] Safepoint "G1CollectForAllocation", Time since last: 219470241200 ns, Reaching safepoint: 72900 ns, Cleanup: 2000 ns, At safepoint: 3503100 ns, Total: 3578000 ns
[2025-04-03T03:21:57.298-0400][38773.530s][debug][safepoint   ] Safepoint synchronization initiated using striped semaphore wait barrier. (237 threads)
[2025-04-03T03:21:57.298-0400][38773.530s][info ][gc,start    ] GC(227) Pause Young (Normal) (G1 Evacuation Pause)
[2025-04-03T03:21:57.298-0400][38773.530s][info ][gc,task     ] GC(227) Using 23 workers of 23 for evacuation
[2025-04-03T03:21:57.300-0400][38773.533s][info ][gc,phases   ] GC(227)   Pre Evacuate Collection Set: 0.1ms
[2025-04-03T03:21:57.300-0400][38773.533s][info ][gc,phases   ] GC(227)   Merge Heap Roots: 0.1ms
[2025-04-03T03:21:57.300-0400][38773.533s][info ][gc,phases   ] GC(227)   Evacuate Collection Set: 2.0ms
[2025-04-03T03:21:57.300-0400][38773.533s][info ][gc,phases   ] GC(227)   Post Evacuate Collection Set: 1.3ms
[2025-04-03T03:21:57.300-0400][38773.533s][info ][gc,phases   ] GC(227)   Other: 0.1ms
[2025-04-03T03:21:57.300-0400][38773.533s][info ][gc,heap     ] GC(227) Eden regions: 263->0(263)
[2025-04-03T03:21:57.300-0400][38773.533s][info ][gc,heap     ] GC(227) Survivor regions: 2->2(34)
[2025-04-03T03:21:57.300-0400][38773.533s][info ][gc,heap     ] GC(227) Old regions: 190->190
[2025-04-03T03:21:57.300-0400][38773.533s][info ][gc,heap     ] GC(227) Archive regions: 0->0
[2025-04-03T03:21:57.300-0400][38773.533s][info ][gc,heap     ] GC(227) Humongous regions: 2->2
[2025-04-03T03:21:57.300-0400][38773.533s][info ][gc,metaspace] GC(227) Metaspace: 193692K(195328K)->193692K(195328K) NonClass: 170574K(171392K)->170574K(171392K) Class: 23118K(23936K)->23118K(23936K)
[2025-04-03T03:21:57.300-0400][38773.533s][info ][gc          ] GC(227) Pause Young (Normal) (G1 Evacuation Pause) 456M->193M(512M) 3.576ms
[2025-04-03T03:21:57.300-0400][38773.533s][info ][gc,cpu      ] GC(227) User=0.02s Sys=0.00s Real=0.00s
[2025-04-03T03:21:57.300-0400][38773.533s][info ][safepoint   ] Safepoint "G1CollectForAllocation", Time since last: 219827379100 ns, Reaching safepoint: 42600 ns, Cleanup: 2000 ns, At safepoint: 3642600 ns, Total: 3687200 ns
[2025-04-03T03:25:38.863-0400][38995.095s][debug][safepoint   ] Safepoint synchronization initiated using striped semaphore wait barrier. (238 threads)
[2025-04-03T03:25:38.863-0400][38995.095s][info ][gc,start    ] GC(228) Pause Young (Normal) (G1 Evacuation Pause)
[2025-04-03T03:25:38.863-0400][38995.095s][info ][gc,task     ] GC(228) Using 23 workers of 23 for evacuation
[2025-04-03T03:25:38.865-0400][38995.097s][info ][gc,phases   ] GC(228)   Pre Evacuate Collection Set: 0.1ms
[2025-04-03T03:25:38.865-0400][38995.097s][info ][gc,phases   ] GC(228)   Merge Heap Roots: 0.1ms
[2025-04-03T03:25:38.865-0400][38995.097s][info ][gc,phases   ] GC(228)   Evacuate Collection Set: 1.1ms
[2025-04-03T03:25:38.865-0400][38995.097s][info ][gc,phases   ] GC(228)   Post Evacuate Collection Set: 0.9ms
[2025-04-03T03:25:38.865-0400][38995.097s][info ][gc,phases   ] GC(228)   Other: 0.1ms
[2025-04-03T03:25:38.865-0400][38995.097s][info ][gc,heap     ] GC(228) Eden regions: 263->0(263)
[2025-04-03T03:25:38.865-0400][38995.097s][info ][gc,heap     ] GC(228) Survivor regions: 2->2(34)
[2025-04-03T03:25:38.865-0400][38995.097s][info ][gc,heap     ] GC(228) Old regions: 190->190
[2025-04-03T03:25:38.865-0400][38995.097s][info ][gc,heap     ] GC(228) Archive regions: 0->0
[2025-04-03T03:25:38.865-0400][38995.097s][info ][gc,heap     ] GC(228) Humongous regions: 2->2
[2025-04-03T03:25:38.865-0400][38995.097s][info ][gc,metaspace] GC(228) Metaspace: 193692K(195328K)->193692K(195328K) NonClass: 170574K(171392K)->170574K(171392K) Class: 23118K(23936K)->23118K(23936K)
[2025-04-03T03:25:38.865-0400][38995.097s][info ][gc          ] GC(228) Pause Young (Normal) (G1 Evacuation Pause) 456M->193M(512M) 2.347ms
[2025-04-03T03:25:38.865-0400][38995.097s][info ][gc,cpu      ] GC(228) User=0.00s Sys=0.00s Real=0.00s
[2025-04-03T03:25:38.865-0400][38995.097s][info ][safepoint   ] Safepoint "G1CollectForAllocation", Time since last: 221561490700 ns, Reaching safepoint: 45200 ns, Cleanup: 2100 ns, At safepoint: 2406000 ns, Total: 2453300 ns
[2025-04-03T03:27:21.194-0400][39097.426s][debug][safepoint   ] Safepoint synchronization initiated using striped semaphore wait barrier. (240 threads)
[2025-04-03T03:27:21.194-0400][39097.426s][info ][safepoint   ] Safepoint "Cleanup", Time since last: 102328417200 ns, Reaching safepoint: 137300 ns, Cleanup: 7400 ns, At safepoint: 1300 ns, Total: 146000 ns
[2025-04-03T03:27:30.210-0400][39106.442s][debug][safepoint   ] Safepoint synchronization initiated using striped semaphore wait barrier. (240 threads)
[2025-04-03T03:27:30.210-0400][39106.442s][info ][safepoint   ] Safepoint "Cleanup", Time since last: 9015719000 ns, Reaching safepoint: 39700 ns, Cleanup: 5800 ns, At safepoint: 1500 ns, Total: 47000 ns
[2025-04-03T03:29:14.799-0400][39211.031s][debug][safepoint   ] Safepoint synchronization initiated using striped semaphore wait barrier. (237 threads)
[2025-04-03T03:29:14.799-0400][39211.032s][info ][gc,start    ] GC(229) Pause Young (Normal) (G1 Evacuation Pause)
[2025-04-03T03:29:14.799-0400][39211.032s][info ][gc,task     ] GC(229) Using 23 workers of 23 for evacuation
[2025-04-03T03:29:14.802-0400][39211.034s][info ][gc,phases   ] GC(229)   Pre Evacuate Collection Set: 0.1ms
[2025-04-03T03:29:14.802-0400][39211.034s][info ][gc,phases   ] GC(229)   Merge Heap Roots: 0.1ms
[2025-04-03T03:29:14.802-0400][39211.034s][info ][gc,phases   ] GC(229)   Evacuate Collection Set: 1.3ms
[2025-04-03T03:29:14.802-0400][39211.034s][info ][gc,phases   ] GC(229)   Post Evacuate Collection Set: 1.2ms
[2025-04-03T03:29:14.802-0400][39211.034s][info ][gc,phases   ] GC(229)   Other: 0.1ms
[2025-04-03T03:29:14.802-0400][39211.034s][info ][gc,heap     ] GC(229) Eden regions: 263->0(263)
[2025-04-03T03:29:14.802-0400][39211.034s][info ][gc,heap     ] GC(229) Survivor regions: 2->2(34)
[2025-04-03T03:29:14.802-0400][39211.034s][info ][gc,heap     ] GC(229) Old regions: 190->190
[2025-04-03T03:29:14.802-0400][39211.034s][info ][gc,heap     ] GC(229) Archive regions: 0->0
[2025-04-03T03:29:14.802-0400][39211.034s][info ][gc,heap     ] GC(229) Humongous regions: 2->2
[2025-04-03T03:29:14.802-0400][39211.034s][info ][gc,metaspace] GC(229) Metaspace: 193698K(195328K)->193698K(195328K) NonClass: 170579K(171392K)->170579K(171392K) Class: 23118K(23936K)->23118K(23936K)
[2025-04-03T03:29:14.802-0400][39211.034s][info ][gc          ] GC(229) Pause Young (Normal) (G1 Evacuation Pause) 456M->193M(512M) 2.780ms
[2025-04-03T03:29:14.802-0400][39211.034s][info ][gc,cpu      ] GC(229) User=0.00s Sys=0.00s Real=0.00s
[2025-04-03T03:29:14.802-0400][39211.034s][info ][safepoint   ] Safepoint "G1CollectForAllocation", Time since last: 104589837500 ns, Reaching safepoint: 63500 ns, Cleanup: 2700 ns, At safepoint: 2845100 ns, Total: 2911300 ns
[2025-04-03T03:32:55.834-0400][39432.066s][debug][safepoint   ] Safepoint synchronization initiated using striped semaphore wait barrier. (237 threads)
[2025-04-03T03:32:55.834-0400][39432.066s][info ][gc,start    ] GC(230) Pause Young (Normal) (G1 Evacuation Pause)
[2025-04-03T03:32:55.834-0400][39432.066s][info ][gc,task     ] GC(230) Using 23 workers of 23 for evacuation
[2025-04-03T03:32:55.837-0400][39432.069s][info ][gc,phases   ] GC(230)   Pre Evacuate Collection Set: 0.1ms
[2025-04-03T03:32:55.837-0400][39432.069s][info ][gc,phases   ] GC(230)   Merge Heap Roots: 0.1ms
[2025-04-03T03:32:55.837-0400][39432.069s][info ][gc,phases   ] GC(230)   Evacuate Collection Set: 1.9ms
[2025-04-03T03:32:55.837-0400][39432.069s][info ][gc,phases   ] GC(230)   Post Evacuate Collection Set: 1.0ms
[2025-04-03T03:32:55.837-0400][39432.069s][info ][gc,phases   ] GC(230)   Other: 0.1ms
[2025-04-03T03:32:55.837-0400][39432.069s][info ][gc,heap     ] GC(230) Eden regions: 263->0(263)
[2025-04-03T03:32:55.837-0400][39432.069s][info ][gc,heap     ] GC(230) Survivor regions: 2->2(34)
[2025-04-03T03:32:55.837-0400][39432.069s][info ][gc,heap     ] GC(230) Old regions: 190->190
[2025-04-03T03:32:55.837-0400][39432.069s][info ][gc,heap     ] GC(230) Archive regions: 0->0
[2025-04-03T03:32:55.837-0400][39432.069s][info ][gc,heap     ] GC(230) Humongous regions: 2->2
[2025-04-03T03:32:55.837-0400][39432.069s][info ][gc,metaspace] GC(230) Metaspace: 193698K(195328K)->193698K(195328K) NonClass: 170579K(171392K)->170579K(171392K) Class: 23118K(23936K)->23118K(23936K)
[2025-04-03T03:32:55.837-0400][39432.069s][info ][gc          ] GC(230) Pause Young (Normal) (G1 Evacuation Pause) 456M->193M(512M) 3.194ms
[2025-04-03T03:32:55.837-0400][39432.069s][info ][gc,cpu      ] GC(230) User=0.00s Sys=0.00s Real=0.00s
[2025-04-03T03:32:55.837-0400][39432.069s][info ][safepoint   ] Safepoint "G1CollectForAllocation", Time since last: 221031689100 ns, Reaching safepoint: 48800 ns, Cleanup: 2200 ns, At safepoint: 3256200 ns, Total: 3307200 ns
[2025-04-03T03:36:35.204-0400][39651.436s][debug][safepoint   ] Safepoint synchronization initiated using striped semaphore wait barrier. (237 threads)
[2025-04-03T03:36:35.204-0400][39651.436s][info ][gc,start    ] GC(231) Pause Young (Normal) (G1 Evacuation Pause)
[2025-04-03T03:36:35.204-0400][39651.436s][info ][gc,task     ] GC(231) Using 23 workers of 23 for evacuation
[2025-04-03T03:36:35.208-0400][39651.440s][info ][gc,phases   ] GC(231)   Pre Evacuate Collection Set: 0.1ms
[2025-04-03T03:36:35.208-0400][39651.440s][info ][gc,phases   ] GC(231)   Merge Heap Roots: 0.1ms
[2025-04-03T03:36:35.208-0400][39651.440s][info ][gc,phases   ] GC(231)   Evacuate Collection Set: 2.6ms
[2025-04-03T03:36:35.208-0400][39651.440s][info ][gc,phases   ] GC(231)   Post Evacuate Collection Set: 1.3ms
[2025-04-03T03:36:35.208-0400][39651.440s][info ][gc,phases   ] GC(231)   Other: 0.1ms
[2025-04-03T03:36:35.208-0400][39651.440s][info ][gc,heap     ] GC(231) Eden regions: 263->0(263)
[2025-04-03T03:36:35.208-0400][39651.440s][info ][gc,heap     ] GC(231) Survivor regions: 2->2(34)
[2025-04-03T03:36:35.208-0400][39651.440s][info ][gc,heap     ] GC(231) Old regions: 190->190
[2025-04-03T03:36:35.208-0400][39651.440s][info ][gc,heap     ] GC(231) Archive regions: 0->0
[2025-04-03T03:36:35.208-0400][39651.440s][info ][gc,heap     ] GC(231) Humongous regions: 2->2
[2025-04-03T03:36:35.208-0400][39651.440s][info ][gc,metaspace] GC(231) Metaspace: 193702K(195328K)->193702K(195328K) NonClass: 170584K(171392K)->170584K(171392K) Class: 23118K(23936K)->23118K(23936K)
[2025-04-03T03:36:35.208-0400][39651.440s][info ][gc          ] GC(231) Pause Young (Normal) (G1 Evacuation Pause) 456M->193M(512M) 4.313ms
[2025-04-03T03:36:35.208-0400][39651.440s][info ][gc,cpu      ] GC(231) User=0.02s Sys=0.00s Real=0.00s
[2025-04-03T03:36:35.208-0400][39651.440s][info ][safepoint   ] Safepoint "G1CollectForAllocation", Time since last: 219366458500 ns, Reaching safepoint: 52500 ns, Cleanup: 3400 ns, At safepoint: 4395400 ns, Total: 4451300 ns
[2025-04-03T03:40:14.971-0400][39871.203s][debug][safepoint   ] Safepoint synchronization initiated using striped semaphore wait barrier. (238 threads)
[2025-04-03T03:40:14.971-0400][39871.203s][info ][gc,start    ] GC(232) Pause Young (Normal) (G1 Evacuation Pause)
[2025-04-03T03:40:14.971-0400][39871.203s][info ][gc,task     ] GC(232) Using 23 workers of 23 for evacuation
[2025-04-03T03:40:14.973-0400][39871.205s][info ][gc,phases   ] GC(232)   Pre Evacuate Collection Set: 0.1ms
[2025-04-03T03:40:14.973-0400][39871.205s][info ][gc,phases   ] GC(232)   Merge Heap Roots: 0.1ms
[2025-04-03T03:40:14.973-0400][39871.205s][info ][gc,phases   ] GC(232)   Evacuate Collection Set: 1.2ms
[2025-04-03T03:40:14.973-0400][39871.205s][info ][gc,phases   ] GC(232)   Post Evacuate Collection Set: 0.8ms
[2025-04-03T03:40:14.973-0400][39871.205s][info ][gc,phases   ] GC(232)   Other: 0.1ms
[2025-04-03T03:40:14.973-0400][39871.205s][info ][gc,heap     ] GC(232) Eden regions: 263->0(263)
[2025-04-03T03:40:14.973-0400][39871.205s][info ][gc,heap     ] GC(232) Survivor regions: 2->2(34)
[2025-04-03T03:40:14.973-0400][39871.205s][info ][gc,heap     ] GC(232) Old regions: 190->190
[2025-04-03T03:40:14.973-0400][39871.205s][info ][gc,heap     ] GC(232) Archive regions: 0->0
[2025-04-03T03:40:14.973-0400][39871.205s][info ][gc,heap     ] GC(232) Humongous regions: 2->2
[2025-04-03T03:40:14.973-0400][39871.205s][info ][gc,metaspace] GC(232) Metaspace: 193702K(195328K)->193702K(195328K) NonClass: 170584K(171392K)->170584K(171392K) Class: 23118K(23936K)->23118K(23936K)
[2025-04-03T03:40:14.973-0400][39871.205s][info ][gc          ] GC(232) Pause Young (Normal) (G1 Evacuation Pause) 456M->193M(512M) 2.287ms
[2025-04-03T03:40:14.973-0400][39871.205s][info ][gc,cpu      ] GC(232) User=0.00s Sys=0.00s Real=0.00s
[2025-04-03T03:40:14.973-0400][39871.205s][info ][safepoint   ] Safepoint "G1CollectForAllocation", Time since last: 219762635300 ns, Reaching safepoint: 41800 ns, Cleanup: 1900 ns, At safepoint: 2350000 ns, Total: 2393700 ns
[2025-04-03T03:43:56.110-0400][40092.342s][debug][safepoint   ] Safepoint synchronization initiated using striped semaphore wait barrier. (238 threads)
[2025-04-03T03:43:56.110-0400][40092.342s][info ][gc,start    ] GC(233) Pause Young (Normal) (G1 Evacuation Pause)
[2025-04-03T03:43:56.110-0400][40092.342s][info ][gc,task     ] GC(233) Using 23 workers of 23 for evacuation
[2025-04-03T03:43:56.113-0400][40092.345s][info ][gc,phases   ] GC(233)   Pre Evacuate Collection Set: 0.1ms
[2025-04-03T03:43:56.113-0400][40092.345s][info ][gc,phases   ] GC(233)   Merge Heap Roots: 0.1ms
[2025-04-03T03:43:56.113-0400][40092.345s][info ][gc,phases   ] GC(233)   Evacuate Collection Set: 1.9ms
[2025-04-03T03:43:56.113-0400][40092.345s][info ][gc,phases   ] GC(233)   Post Evacuate Collection Set: 1.2ms
[2025-04-03T03:43:56.113-0400][40092.345s][info ][gc,phases   ] GC(233)   Other: 0.1ms
[2025-04-03T03:43:56.113-0400][40092.345s][info ][gc,heap     ] GC(233) Eden regions: 263->0(263)
[2025-04-03T03:43:56.113-0400][40092.345s][info ][gc,heap     ] GC(233) Survivor regions: 2->2(34)
[2025-04-03T03:43:56.113-0400][40092.345s][info ][gc,heap     ] GC(233) Old regions: 190->190
[2025-04-03T03:43:56.113-0400][40092.345s][info ][gc,heap     ] GC(233) Archive regions: 0->0
[2025-04-03T03:43:56.113-0400][40092.345s][info ][gc,heap     ] GC(233) Humongous regions: 2->2
[2025-04-03T03:43:56.113-0400][40092.345s][info ][gc,metaspace] GC(233) Metaspace: 193702K(195328K)->193702K(195328K) NonClass: 170584K(171392K)->170584K(171392K) Class: 23118K(23936K)->23118K(23936K)
[2025-04-03T03:43:56.113-0400][40092.345s][info ][gc          ] GC(233) Pause Young (Normal) (G1 Evacuation Pause) 456M->193M(512M) 3.429ms
[2025-04-03T03:43:56.113-0400][40092.345s][info ][gc,cpu      ] GC(233) User=0.02s Sys=0.00s Real=0.00s
[2025-04-03T03:43:56.113-0400][40092.345s][info ][safepoint   ] Safepoint "G1CollectForAllocation", Time since last: 221136484100 ns, Reaching safepoint: 51400 ns, Cleanup: 2500 ns, At safepoint: 3485600 ns, Total: 3539500 ns
[2025-04-03T03:45:16.505-0400][40172.737s][debug][safepoint   ] Safepoint synchronization initiated using striped semaphore wait barrier. (236 threads)
[2025-04-03T03:45:16.505-0400][40172.737s][info ][safepoint   ] Safepoint "Cleanup", Time since last: 80391616300 ns, Reaching safepoint: 176600 ns, Cleanup: 6500 ns, At safepoint: 1500 ns, Total: 184600 ns
[2025-04-03T03:47:35.523-0400][40311.755s][debug][safepoint   ] Safepoint synchronization initiated using striped semaphore wait barrier. (237 threads)
[2025-04-03T03:47:35.523-0400][40311.755s][info ][gc,start    ] GC(234) Pause Young (Normal) (G1 Evacuation Pause)
[2025-04-03T03:47:35.523-0400][40311.755s][info ][gc,task     ] GC(234) Using 23 workers of 23 for evacuation
[2025-04-03T03:47:35.526-0400][40311.758s][info ][gc,phases   ] GC(234)   Pre Evacuate Collection Set: 0.1ms
[2025-04-03T03:47:35.526-0400][40311.758s][info ][gc,phases   ] GC(234)   Merge Heap Roots: 0.2ms
[2025-04-03T03:47:35.526-0400][40311.758s][info ][gc,phases   ] GC(234)   Evacuate Collection Set: 1.2ms
[2025-04-03T03:47:35.526-0400][40311.758s][info ][gc,phases   ] GC(234)   Post Evacuate Collection Set: 1.2ms
[2025-04-03T03:47:35.526-0400][40311.758s][info ][gc,phases   ] GC(234)   Other: 0.1ms
[2025-04-03T03:47:35.526-0400][40311.758s][info ][gc,heap     ] GC(234) Eden regions: 263->0(263)
[2025-04-03T03:47:35.526-0400][40311.758s][info ][gc,heap     ] GC(234) Survivor regions: 2->2(34)
[2025-04-03T03:47:35.526-0400][40311.758s][info ][gc,heap     ] GC(234) Old regions: 190->190
[2025-04-03T03:47:35.526-0400][40311.758s][info ][gc,heap     ] GC(234) Archive regions: 0->0
[2025-04-03T03:47:35.526-0400][40311.758s][info ][gc,heap     ] GC(234) Humongous regions: 2->2
[2025-04-03T03:47:35.526-0400][40311.758s][info ][gc,metaspace] GC(234) Metaspace: 193702K(195328K)->193702K(195328K) NonClass: 170584K(171392K)->170584K(171392K) Class: 23118K(23936K)->23118K(23936K)
[2025-04-03T03:47:35.526-0400][40311.758s][info ][gc          ] GC(234) Pause Young (Normal) (G1 Evacuation Pause) 456M->193M(512M) 2.905ms
[2025-04-03T03:47:35.526-0400][40311.758s][info ][gc,cpu      ] GC(234) User=0.00s Sys=0.00s Real=0.00s
[2025-04-03T03:47:35.526-0400][40311.758s][info ][safepoint   ] Safepoint "G1CollectForAllocation", Time since last: 139017792300 ns, Reaching safepoint: 65900 ns, Cleanup: 3500 ns, At safepoint: 2982100 ns, Total: 3051500 ns
[2025-04-03T03:51:16.696-0400][40532.928s][debug][safepoint   ] Safepoint synchronization initiated using striped semaphore wait barrier. (238 threads)
[2025-04-03T03:51:16.696-0400][40532.928s][info ][gc,start    ] GC(235) Pause Young (Normal) (G1 Evacuation Pause)
[2025-04-03T03:51:16.696-0400][40532.928s][info ][gc,task     ] GC(235) Using 23 workers of 23 for evacuation
[2025-04-03T03:51:16.699-0400][40532.932s][info ][gc,phases   ] GC(235)   Pre Evacuate Collection Set: 0.1ms
[2025-04-03T03:51:16.699-0400][40532.932s][info ][gc,phases   ] GC(235)   Merge Heap Roots: 0.1ms
[2025-04-03T03:51:16.699-0400][40532.932s][info ][gc,phases   ] GC(235)   Evacuate Collection Set: 2.0ms
[2025-04-03T03:51:16.699-0400][40532.932s][info ][gc,phases   ] GC(235)   Post Evacuate Collection Set: 1.1ms
[2025-04-03T03:51:16.699-0400][40532.932s][info ][gc,phases   ] GC(235)   Other: 0.1ms
[2025-04-03T03:51:16.699-0400][40532.932s][info ][gc,heap     ] GC(235) Eden regions: 263->0(263)
[2025-04-03T03:51:16.699-0400][40532.932s][info ][gc,heap     ] GC(235) Survivor regions: 2->2(34)
[2025-04-03T03:51:16.699-0400][40532.932s][info ][gc,heap     ] GC(235) Old regions: 190->190
[2025-04-03T03:51:16.699-0400][40532.932s][info ][gc,heap     ] GC(235) Archive regions: 0->0
[2025-04-03T03:51:16.699-0400][40532.932s][info ][gc,heap     ] GC(235) Humongous regions: 2->2
[2025-04-03T03:51:16.699-0400][40532.932s][info ][gc,metaspace] GC(235) Metaspace: 193702K(195328K)->193702K(195328K) NonClass: 170584K(171392K)->170584K(171392K) Class: 23118K(23936K)->23118K(23936K)
[2025-04-03T03:51:16.699-0400][40532.932s][info ][gc          ] GC(235) Pause Young (Normal) (G1 Evacuation Pause) 456M->193M(512M) 3.514ms
[2025-04-03T03:51:16.699-0400][40532.932s][info ][gc,cpu      ] GC(235) User=0.00s Sys=0.00s Real=0.00s
[2025-04-03T03:51:16.699-0400][40532.932s][info ][safepoint   ] Safepoint "G1CollectForAllocation", Time since last: 221170179100 ns, Reaching safepoint: 48600 ns, Cleanup: 2600 ns, At safepoint: 3573000 ns, Total: 3624200 ns
[2025-04-03T03:53:31.547-0400][40667.780s][debug][safepoint   ] Safepoint synchronization initiated using striped semaphore wait barrier. (238 threads)
[2025-04-03T03:53:31.547-0400][40667.780s][info ][safepoint   ] Safepoint "Cleanup", Time since last: 134847709800 ns, Reaching safepoint: 110700 ns, Cleanup: 9900 ns, At safepoint: 1800 ns, Total: 122400 ns
[2025-04-03T03:54:56.412-0400][40752.645s][debug][safepoint   ] Safepoint synchronization initiated using striped semaphore wait barrier. (237 threads)
[2025-04-03T03:54:56.412-0400][40752.645s][info ][gc,start    ] GC(236) Pause Young (Normal) (G1 Evacuation Pause)
[2025-04-03T03:54:56.412-0400][40752.645s][info ][gc,task     ] GC(236) Using 23 workers of 23 for evacuation
[2025-04-03T03:54:56.414-0400][40752.647s][info ][gc,phases   ] GC(236)   Pre Evacuate Collection Set: 0.1ms
[2025-04-03T03:54:56.414-0400][40752.647s][info ][gc,phases   ] GC(236)   Merge Heap Roots: 0.1ms
[2025-04-03T03:54:56.414-0400][40752.647s][info ][gc,phases   ] GC(236)   Evacuate Collection Set: 1.2ms
[2025-04-03T03:54:56.414-0400][40752.647s][info ][gc,phases   ] GC(236)   Post Evacuate Collection Set: 1.0ms
[2025-04-03T03:54:56.414-0400][40752.647s][info ][gc,phases   ] GC(236)   Other: 0.1ms
[2025-04-03T03:54:56.414-0400][40752.647s][info ][gc,heap     ] GC(236) Eden regions: 263->0(263)
[2025-04-03T03:54:56.414-0400][40752.647s][info ][gc,heap     ] GC(236) Survivor regions: 2->2(34)
[2025-04-03T03:54:56.414-0400][40752.647s][info ][gc,heap     ] GC(236) Old regions: 190->190
[2025-04-03T03:54:56.414-0400][40752.647s][info ][gc,heap     ] GC(236) Archive regions: 0->0
[2025-04-03T03:54:56.414-0400][40752.647s][info ][gc,heap     ] GC(236) Humongous regions: 2->2
[2025-04-03T03:54:56.414-0400][40752.647s][info ][gc,metaspace] GC(236) Metaspace: 193702K(195328K)->193702K(195328K) NonClass: 170584K(171392K)->170584K(171392K) Class: 23118K(23936K)->23118K(23936K)
[2025-04-03T03:54:56.414-0400][40752.647s][info ][gc          ] GC(236) Pause Young (Normal) (G1 Evacuation Pause) 456M->193M(512M) 2.488ms
[2025-04-03T03:54:56.414-0400][40752.647s][info ][gc,cpu      ] GC(236) User=0.00s Sys=0.00s Real=0.00s
[2025-04-03T03:54:56.414-0400][40752.647s][info ][safepoint   ] Safepoint "G1CollectForAllocation", Time since last: 84864996000 ns, Reaching safepoint: 80800 ns, Cleanup: 2200 ns, At safepoint: 2558400 ns, Total: 2641400 ns
[2025-04-03T03:57:29.055-0400][40905.288s][debug][safepoint   ] Safepoint synchronization initiated using striped semaphore wait barrier. (237 threads)
[2025-04-03T03:57:29.055-0400][40905.288s][info ][safepoint   ] Safepoint "Cleanup", Time since last: 152640247700 ns, Reaching safepoint: 94600 ns, Cleanup: 7100 ns, At safepoint: 1700 ns, Total: 103400 ns
[2025-04-03T03:58:32.447-0400][40968.679s][debug][safepoint   ] Safepoint synchronization initiated using striped semaphore wait barrier. (236 threads)
[2025-04-03T03:58:32.447-0400][40968.680s][info ][gc,start    ] GC(237) Pause Young (Normal) (G1 Evacuation Pause)
[2025-04-03T03:58:32.447-0400][40968.680s][info ][gc,task     ] GC(237) Using 23 workers of 23 for evacuation
[2025-04-03T03:58:32.451-0400][40968.683s][info ][gc,phases   ] GC(237)   Pre Evacuate Collection Set: 0.1ms
[2025-04-03T03:58:32.451-0400][40968.683s][info ][gc,phases   ] GC(237)   Merge Heap Roots: 0.1ms
[2025-04-03T03:58:32.451-0400][40968.684s][info ][gc,phases   ] GC(237)   Evacuate Collection Set: 2.6ms
[2025-04-03T03:58:32.451-0400][40968.684s][info ][gc,phases   ] GC(237)   Post Evacuate Collection Set: 1.1ms
[2025-04-03T03:58:32.451-0400][40968.684s][info ][gc,phases   ] GC(237)   Other: 0.1ms
[2025-04-03T03:58:32.451-0400][40968.684s][info ][gc,heap     ] GC(237) Eden regions: 263->0(263)
[2025-04-03T03:58:32.451-0400][40968.684s][info ][gc,heap     ] GC(237) Survivor regions: 2->2(34)
[2025-04-03T03:58:32.451-0400][40968.684s][info ][gc,heap     ] GC(237) Old regions: 190->190
[2025-04-03T03:58:32.451-0400][40968.684s][info ][gc,heap     ] GC(237) Archive regions: 0->0
[2025-04-03T03:58:32.451-0400][40968.684s][info ][gc,heap     ] GC(237) Humongous regions: 2->2
[2025-04-03T03:58:32.451-0400][40968.684s][info ][gc,metaspace] GC(237) Metaspace: 193703K(195328K)->193703K(195328K) NonClass: 170584K(171392K)->170584K(171392K) Class: 23118K(23936K)->23118K(23936K)
[2025-04-03T03:58:32.451-0400][40968.684s][info ][gc          ] GC(237) Pause Young (Normal) (G1 Evacuation Pause) 456M->193M(512M) 4.057ms
[2025-04-03T03:58:32.451-0400][40968.684s][info ][gc,cpu      ] GC(237) User=0.00s Sys=0.00s Real=0.00s
[2025-04-03T03:58:32.451-0400][40968.684s][info ][safepoint   ] Safepoint "G1CollectForAllocation", Time since last: 63391786200 ns, Reaching safepoint: 59700 ns, Cleanup: 2900 ns, At safepoint: 4141900 ns, Total: 4204500 ns
[2025-04-03T03:59:17.288-0400][41013.520s][debug][safepoint   ] Safepoint synchronization initiated using striped semaphore wait barrier. (241 threads)
[2025-04-03T03:59:17.288-0400][41013.520s][info ][safepoint   ] Safepoint "Cleanup", Time since last: 44836462900 ns, Reaching safepoint: 38400 ns, Cleanup: 8100 ns, At safepoint: 1400 ns, Total: 47900 ns
[2025-04-03T04:02:13.272-0400][41189.504s][debug][safepoint   ] Safepoint synchronization initiated using striped semaphore wait barrier. (238 threads)
[2025-04-03T04:02:13.272-0400][41189.505s][info ][gc,start    ] GC(238) Pause Young (Normal) (G1 Evacuation Pause)
[2025-04-03T04:02:13.272-0400][41189.505s][info ][gc,task     ] GC(238) Using 23 workers of 23 for evacuation
[2025-04-03T04:02:13.275-0400][41189.508s][info ][gc,phases   ] GC(238)   Pre Evacuate Collection Set: 0.1ms
[2025-04-03T04:02:13.275-0400][41189.508s][info ][gc,phases   ] GC(238)   Merge Heap Roots: 0.1ms
[2025-04-03T04:02:13.275-0400][41189.508s][info ][gc,phases   ] GC(238)   Evacuate Collection Set: 2.1ms
[2025-04-03T04:02:13.275-0400][41189.508s][info ][gc,phases   ] GC(238)   Post Evacuate Collection Set: 1.0ms
[2025-04-03T04:02:13.275-0400][41189.508s][info ][gc,phases   ] GC(238)   Other: 0.1ms
[2025-04-03T04:02:13.275-0400][41189.508s][info ][gc,heap     ] GC(238) Eden regions: 263->0(262)
[2025-04-03T04:02:13.275-0400][41189.508s][info ][gc,heap     ] GC(238) Survivor regions: 2->2(34)
[2025-04-03T04:02:13.275-0400][41189.508s][info ][gc,heap     ] GC(238) Old regions: 190->191
[2025-04-03T04:02:13.275-0400][41189.508s][info ][gc,heap     ] GC(238) Archive regions: 0->0
[2025-04-03T04:02:13.275-0400][41189.508s][info ][gc,heap     ] GC(238) Humongous regions: 2->2
[2025-04-03T04:02:13.275-0400][41189.508s][info ][gc,metaspace] GC(238) Metaspace: 193777K(195456K)->193777K(195456K) NonClass: 170658K(171520K)->170658K(171520K) Class: 23118K(23936K)->23118K(23936K)
[2025-04-03T04:02:13.275-0400][41189.508s][info ][gc          ] GC(238) Pause Young (Normal) (G1 Evacuation Pause) 456M->193M(512M) 3.407ms
[2025-04-03T04:02:13.275-0400][41189.508s][info ][gc,cpu      ] GC(238) User=0.00s Sys=0.00s Real=0.00s
[2025-04-03T04:02:13.275-0400][41189.508s][info ][safepoint   ] Safepoint "G1CollectForAllocation", Time since last: 175984375600 ns, Reaching safepoint: 45700 ns, Cleanup: 1900 ns, At safepoint: 3474100 ns, Total: 3521700 ns
[2025-04-03T04:03:43.825-0400][41280.057s][debug][safepoint   ] Safepoint synchronization initiated using striped semaphore wait barrier. (238 threads)
[2025-04-03T04:03:43.825-0400][41280.057s][info ][safepoint   ] Safepoint "Cleanup", Time since last: 90548701800 ns, Reaching safepoint: 113300 ns, Cleanup: 8900 ns, At safepoint: 1600 ns, Total: 123800 ns
[2025-04-03T04:05:52.163-0400][41408.395s][debug][safepoint   ] Safepoint synchronization initiated using striped semaphore wait barrier. (237 threads)
[2025-04-03T04:05:52.163-0400][41408.395s][info ][gc,start    ] GC(239) Pause Young (Normal) (G1 Evacuation Pause)
[2025-04-03T04:05:52.163-0400][41408.395s][info ][gc,task     ] GC(239) Using 23 workers of 23 for evacuation
[2025-04-03T04:05:52.167-0400][41408.400s][info ][gc,phases   ] GC(239)   Pre Evacuate Collection Set: 0.2ms
[2025-04-03T04:05:52.167-0400][41408.400s][info ][gc,phases   ] GC(239)   Merge Heap Roots: 0.1ms
[2025-04-03T04:05:52.167-0400][41408.400s][info ][gc,phases   ] GC(239)   Evacuate Collection Set: 3.1ms
[2025-04-03T04:05:52.167-0400][41408.400s][info ][gc,phases   ] GC(239)   Post Evacuate Collection Set: 1.1ms
[2025-04-03T04:05:52.167-0400][41408.400s][info ][gc,phases   ] GC(239)   Other: 0.1ms
[2025-04-03T04:05:52.167-0400][41408.400s][info ][gc,heap     ] GC(239) Eden regions: 262->0(262)
[2025-04-03T04:05:52.167-0400][41408.400s][info ][gc,heap     ] GC(239) Survivor regions: 2->2(33)
[2025-04-03T04:05:52.167-0400][41408.400s][info ][gc,heap     ] GC(239) Old regions: 191->191
[2025-04-03T04:05:52.167-0400][41408.400s][info ][gc,heap     ] GC(239) Archive regions: 0->0
[2025-04-03T04:05:52.167-0400][41408.400s][info ][gc,heap     ] GC(239) Humongous regions: 2->2
[2025-04-03T04:05:52.167-0400][41408.400s][info ][gc,metaspace] GC(239) Metaspace: 193777K(195456K)->193777K(195456K) NonClass: 170658K(171520K)->170658K(171520K) Class: 23118K(23936K)->23118K(23936K)
[2025-04-03T04:05:52.168-0400][41408.400s][info ][gc          ] GC(239) Pause Young (Normal) (G1 Evacuation Pause) 455M->193M(512M) 4.568ms
[2025-04-03T04:05:52.168-0400][41408.400s][info ][gc,cpu      ] GC(239) User=0.00s Sys=0.00s Real=0.00s
[2025-04-03T04:05:52.168-0400][41408.400s][info ][safepoint   ] Safepoint "G1CollectForAllocation", Time since last: 128338362100 ns, Reaching safepoint: 61600 ns, Cleanup: 2700 ns, At safepoint: 4645600 ns, Total: 4709900 ns
[2025-04-03T04:08:34.409-0400][41570.642s][debug][safepoint   ] Safepoint synchronization initiated using striped semaphore wait barrier. (236 threads)
[2025-04-03T04:08:34.409-0400][41570.642s][info ][safepoint   ] Safepoint "Cleanup", Time since last: 162241720200 ns, Reaching safepoint: 73700 ns, Cleanup: 8100 ns, At safepoint: 1400 ns, Total: 83200 ns
[2025-04-03T04:09:32.889-0400][41629.121s][debug][safepoint   ] Safepoint synchronization initiated using striped semaphore wait barrier. (235 threads)
[2025-04-03T04:09:32.889-0400][41629.121s][info ][gc,start    ] GC(240) Pause Young (Normal) (G1 Evacuation Pause)
[2025-04-03T04:09:32.889-0400][41629.121s][info ][gc,task     ] GC(240) Using 23 workers of 23 for evacuation
[2025-04-03T04:09:32.893-0400][41629.125s][info ][gc,phases   ] GC(240)   Pre Evacuate Collection Set: 0.4ms
[2025-04-03T04:09:32.893-0400][41629.125s][info ][gc,phases   ] GC(240)   Merge Heap Roots: 0.1ms
[2025-04-03T04:09:32.893-0400][41629.125s][info ][gc,phases   ] GC(240)   Evacuate Collection Set: 2.2ms
[2025-04-03T04:09:32.893-0400][41629.125s][info ][gc,phases   ] GC(240)   Post Evacuate Collection Set: 1.1ms
[2025-04-03T04:09:32.893-0400][41629.125s][info ][gc,phases   ] GC(240)   Other: 0.1ms
[2025-04-03T04:09:32.893-0400][41629.125s][info ][gc,heap     ] GC(240) Eden regions: 262->0(262)
[2025-04-03T04:09:32.893-0400][41629.125s][info ][gc,heap     ] GC(240) Survivor regions: 2->2(33)
[2025-04-03T04:09:32.893-0400][41629.125s][info ][gc,heap     ] GC(240) Old regions: 191->191
[2025-04-03T04:09:32.893-0400][41629.125s][info ][gc,heap     ] GC(240) Archive regions: 0->0
[2025-04-03T04:09:32.893-0400][41629.125s][info ][gc,heap     ] GC(240) Humongous regions: 2->2
[2025-04-03T04:09:32.893-0400][41629.125s][info ][gc,metaspace] GC(240) Metaspace: 193777K(195456K)->193777K(195456K) NonClass: 170659K(171520K)->170659K(171520K) Class: 23118K(23936K)->23118K(23936K)
[2025-04-03T04:09:32.893-0400][41629.125s][info ][gc          ] GC(240) Pause Young (Normal) (G1 Evacuation Pause) 455M->193M(512M) 3.945ms
[2025-04-03T04:09:32.893-0400][41629.125s][info ][gc,cpu      ] GC(240) User=0.02s Sys=0.00s Real=0.00s
[2025-04-03T04:09:32.893-0400][41629.125s][info ][safepoint   ] Safepoint "G1CollectForAllocation", Time since last: 58479589900 ns, Reaching safepoint: 99500 ns, Cleanup: 4800 ns, At safepoint: 4039900 ns, Total: 4144200 ns
[2025-04-03T04:13:11.700-0400][41847.932s][debug][safepoint   ] Safepoint synchronization initiated using striped semaphore wait barrier. (236 threads)
[2025-04-03T04:13:11.700-0400][41847.932s][info ][gc,start    ] GC(241) Pause Young (Normal) (G1 Evacuation Pause)
[2025-04-03T04:13:11.700-0400][41847.932s][info ][gc,task     ] GC(241) Using 23 workers of 23 for evacuation
[2025-04-03T04:13:11.703-0400][41847.935s][info ][gc,phases   ] GC(241)   Pre Evacuate Collection Set: 0.1ms
[2025-04-03T04:13:11.703-0400][41847.935s][info ][gc,phases   ] GC(241)   Merge Heap Roots: 0.1ms
[2025-04-03T04:13:11.703-0400][41847.935s][info ][gc,phases   ] GC(241)   Evacuate Collection Set: 2.2ms
[2025-04-03T04:13:11.703-0400][41847.935s][info ][gc,phases   ] GC(241)   Post Evacuate Collection Set: 1.1ms
[2025-04-03T04:13:11.703-0400][41847.935s][info ][gc,phases   ] GC(241)   Other: 0.1ms
[2025-04-03T04:13:11.703-0400][41847.935s][info ][gc,heap     ] GC(241) Eden regions: 262->0(262)
[2025-04-03T04:13:11.703-0400][41847.935s][info ][gc,heap     ] GC(241) Survivor regions: 2->2(33)
[2025-04-03T04:13:11.703-0400][41847.935s][info ][gc,heap     ] GC(241) Old regions: 191->191
[2025-04-03T04:13:11.703-0400][41847.935s][info ][gc,heap     ] GC(241) Archive regions: 0->0
[2025-04-03T04:13:11.703-0400][41847.935s][info ][gc,heap     ] GC(241) Humongous regions: 2->2
[2025-04-03T04:13:11.703-0400][41847.935s][info ][gc,metaspace] GC(241) Metaspace: 193779K(195456K)->193779K(195456K) NonClass: 170660K(171520K)->170660K(171520K) Class: 23118K(23936K)->23118K(23936K)
[2025-04-03T04:13:11.703-0400][41847.935s][info ][gc          ] GC(241) Pause Young (Normal) (G1 Evacuation Pause) 455M->193M(512M) 3.675ms
[2025-04-03T04:13:11.703-0400][41847.935s][info ][gc,cpu      ] GC(241) User=0.00s Sys=0.00s Real=0.00s
[2025-04-03T04:13:11.703-0400][41847.936s][info ][safepoint   ] Safepoint "G1CollectForAllocation", Time since last: 218806265300 ns, Reaching safepoint: 40400 ns, Cleanup: 3400 ns, At safepoint: 3747900 ns, Total: 3791700 ns
[2025-04-03T04:16:06.320-0400][42022.552s][debug][safepoint   ] Safepoint synchronization initiated using striped semaphore wait barrier. (237 threads)
[2025-04-03T04:16:06.320-0400][42022.552s][info ][safepoint   ] Safepoint "Cleanup", Time since last: 174616288300 ns, Reaching safepoint: 113800 ns, Cleanup: 6200 ns, At safepoint: 1900 ns, Total: 121900 ns
[2025-04-03T04:16:16.412-0400][42032.644s][debug][safepoint   ] Safepoint synchronization initiated using striped semaphore wait barrier. (236 threads)
[2025-04-03T04:16:16.412-0400][42032.644s][info ][safepoint   ] Safepoint "Cleanup", Time since last: 10091716200 ns, Reaching safepoint: 73100 ns, Cleanup: 11600 ns, At safepoint: 2000 ns, Total: 86700 ns
[2025-04-03T04:16:50.869-0400][42067.101s][debug][safepoint   ] Safepoint synchronization initiated using striped semaphore wait barrier. (236 threads)
[2025-04-03T04:16:50.869-0400][42067.101s][info ][gc,start    ] GC(242) Pause Young (Normal) (G1 Evacuation Pause)
[2025-04-03T04:16:50.869-0400][42067.101s][info ][gc,task     ] GC(242) Using 23 workers of 23 for evacuation
[2025-04-03T04:16:50.873-0400][42067.105s][info ][gc,phases   ] GC(242)   Pre Evacuate Collection Set: 0.1ms
[2025-04-03T04:16:50.873-0400][42067.105s][info ][gc,phases   ] GC(242)   Merge Heap Roots: 0.2ms
[2025-04-03T04:16:50.873-0400][42067.105s][info ][gc,phases   ] GC(242)   Evacuate Collection Set: 2.1ms
[2025-04-03T04:16:50.873-0400][42067.105s][info ][gc,phases   ] GC(242)   Post Evacuate Collection Set: 1.1ms
[2025-04-03T04:16:50.873-0400][42067.105s][info ][gc,phases   ] GC(242)   Other: 0.1ms
[2025-04-03T04:16:50.873-0400][42067.105s][info ][gc,heap     ] GC(242) Eden regions: 262->0(262)
[2025-04-03T04:16:50.873-0400][42067.105s][info ][gc,heap     ] GC(242) Survivor regions: 2->2(33)
[2025-04-03T04:16:50.873-0400][42067.105s][info ][gc,heap     ] GC(242) Old regions: 191->191
[2025-04-03T04:16:50.873-0400][42067.105s][info ][gc,heap     ] GC(242) Archive regions: 0->0
[2025-04-03T04:16:50.873-0400][42067.105s][info ][gc,heap     ] GC(242) Humongous regions: 2->2
[2025-04-03T04:16:50.873-0400][42067.105s][info ][gc,metaspace] GC(242) Metaspace: 193779K(195456K)->193779K(195456K) NonClass: 170660K(171520K)->170660K(171520K) Class: 23118K(23936K)->23118K(23936K)
[2025-04-03T04:16:50.873-0400][42067.105s][info ][gc          ] GC(242) Pause Young (Normal) (G1 Evacuation Pause) 455M->193M(512M) 3.724ms
[2025-04-03T04:16:50.873-0400][42067.105s][info ][gc,cpu      ] GC(242) User=0.00s Sys=0.00s Real=0.00s
[2025-04-03T04:16:50.873-0400][42067.105s][info ][safepoint   ] Safepoint "G1CollectForAllocation", Time since last: 34457142600 ns, Reaching safepoint: 40400 ns, Cleanup: 2200 ns, At safepoint: 3783700 ns, Total: 3826300 ns
[2025-04-03T04:20:31.336-0400][42287.568s][debug][safepoint   ] Safepoint synchronization initiated using striped semaphore wait barrier. (237 threads)
[2025-04-03T04:20:31.336-0400][42287.568s][info ][gc,start    ] GC(243) Pause Young (Normal) (G1 Evacuation Pause)
[2025-04-03T04:20:31.336-0400][42287.568s][info ][gc,task     ] GC(243) Using 23 workers of 23 for evacuation
[2025-04-03T04:20:31.338-0400][42287.571s][info ][gc,phases   ] GC(243)   Pre Evacuate Collection Set: 0.1ms
[2025-04-03T04:20:31.338-0400][42287.571s][info ][gc,phases   ] GC(243)   Merge Heap Roots: 0.1ms
[2025-04-03T04:20:31.338-0400][42287.571s][info ][gc,phases   ] GC(243)   Evacuate Collection Set: 1.9ms
[2025-04-03T04:20:31.338-0400][42287.571s][info ][gc,phases   ] GC(243)   Post Evacuate Collection Set: 1.1ms
[2025-04-03T04:20:31.338-0400][42287.571s][info ][gc,phases   ] GC(243)   Other: 0.1ms
[2025-04-03T04:20:31.338-0400][42287.571s][info ][gc,heap     ] GC(243) Eden regions: 262->0(262)
[2025-04-03T04:20:31.338-0400][42287.571s][info ][gc,heap     ] GC(243) Survivor regions: 2->2(33)
[2025-04-03T04:20:31.338-0400][42287.571s][info ][gc,heap     ] GC(243) Old regions: 191->191
[2025-04-03T04:20:31.338-0400][42287.571s][info ][gc,heap     ] GC(243) Archive regions: 0->0
[2025-04-03T04:20:31.338-0400][42287.571s][info ][gc,heap     ] GC(243) Humongous regions: 2->2
[2025-04-03T04:20:31.338-0400][42287.571s][info ][gc,metaspace] GC(243) Metaspace: 193779K(195456K)->193779K(195456K) NonClass: 170660K(171520K)->170660K(171520K) Class: 23118K(23936K)->23118K(23936K)
[2025-04-03T04:20:31.338-0400][42287.571s][info ][gc          ] GC(243) Pause Young (Normal) (G1 Evacuation Pause) 455M->193M(512M) 3.351ms
[2025-04-03T04:20:31.338-0400][42287.571s][info ][gc,cpu      ] GC(243) User=0.00s Sys=0.00s Real=0.00s
[2025-04-03T04:20:31.338-0400][42287.571s][info ][safepoint   ] Safepoint "G1CollectForAllocation", Time since last: 220463079100 ns, Reaching safepoint: 56800 ns, Cleanup: 2700 ns, At safepoint: 3418200 ns, Total: 3477700 ns
[2025-04-03T04:24:10.655-0400][42506.887s][debug][safepoint   ] Safepoint synchronization initiated using striped semaphore wait barrier. (238 threads)
[2025-04-03T04:24:10.655-0400][42506.887s][info ][gc,start    ] GC(244) Pause Young (Normal) (G1 Evacuation Pause)
[2025-04-03T04:24:10.655-0400][42506.887s][info ][gc,task     ] GC(244) Using 23 workers of 23 for evacuation
[2025-04-03T04:24:10.658-0400][42506.891s][info ][gc,phases   ] GC(244)   Pre Evacuate Collection Set: 0.1ms
[2025-04-03T04:24:10.658-0400][42506.891s][info ][gc,phases   ] GC(244)   Merge Heap Roots: 0.1ms
[2025-04-03T04:24:10.658-0400][42506.891s][info ][gc,phases   ] GC(244)   Evacuate Collection Set: 2.2ms
[2025-04-03T04:24:10.658-0400][42506.891s][info ][gc,phases   ] GC(244)   Post Evacuate Collection Set: 1.1ms
[2025-04-03T04:24:10.658-0400][42506.891s][info ][gc,phases   ] GC(244)   Other: 0.1ms
[2025-04-03T04:24:10.658-0400][42506.891s][info ][gc,heap     ] GC(244) Eden regions: 262->0(263)
[2025-04-03T04:24:10.658-0400][42506.891s][info ][gc,heap     ] GC(244) Survivor regions: 2->2(33)
[2025-04-03T04:24:10.658-0400][42506.891s][info ][gc,heap     ] GC(244) Old regions: 191->191
[2025-04-03T04:24:10.658-0400][42506.891s][info ][gc,heap     ] GC(244) Archive regions: 0->0
[2025-04-03T04:24:10.658-0400][42506.891s][info ][gc,heap     ] GC(244) Humongous regions: 2->2
[2025-04-03T04:24:10.658-0400][42506.891s][info ][gc,metaspace] GC(244) Metaspace: 193779K(195456K)->193779K(195456K) NonClass: 170660K(171520K)->170660K(171520K) Class: 23118K(23936K)->23118K(23936K)
[2025-04-03T04:24:10.658-0400][42506.891s][info ][gc          ] GC(244) Pause Young (Normal) (G1 Evacuation Pause) 455M->193M(512M) 3.592ms
[2025-04-03T04:24:10.659-0400][42506.891s][info ][gc,cpu      ] GC(244) User=0.03s Sys=0.00s Real=0.00s
[2025-04-03T04:24:10.659-0400][42506.891s][info ][safepoint   ] Safepoint "G1CollectForAllocation", Time since last: 219315887100 ns, Reaching safepoint: 52800 ns, Cleanup: 1900 ns, At safepoint: 3685600 ns, Total: 3740300 ns
[2025-04-03T04:25:37.600-0400][42593.832s][debug][safepoint   ] Safepoint synchronization initiated using striped semaphore wait barrier. (239 threads)
[2025-04-03T04:25:37.600-0400][42593.832s][info ][safepoint   ] Safepoint "Cleanup", Time since last: 86941275800 ns, Reaching safepoint: 101400 ns, Cleanup: 7000 ns, At safepoint: 1600 ns, Total: 110000 ns
[2025-04-03T04:27:48.921-0400][42725.154s][debug][safepoint   ] Safepoint synchronization initiated using striped semaphore wait barrier. (238 threads)
[2025-04-03T04:27:48.921-0400][42725.154s][info ][gc,start    ] GC(245) Pause Young (Normal) (G1 Evacuation Pause)
[2025-04-03T04:27:48.921-0400][42725.154s][info ][gc,task     ] GC(245) Using 23 workers of 23 for evacuation
[2025-04-03T04:27:48.925-0400][42725.157s][info ][gc,phases   ] GC(245)   Pre Evacuate Collection Set: 0.1ms
[2025-04-03T04:27:48.925-0400][42725.158s][info ][gc,phases   ] GC(245)   Merge Heap Roots: 0.1ms
[2025-04-03T04:27:48.925-0400][42725.158s][info ][gc,phases   ] GC(245)   Evacuate Collection Set: 2.5ms
[2025-04-03T04:27:48.925-0400][42725.158s][info ][gc,phases   ] GC(245)   Post Evacuate Collection Set: 1.0ms
[2025-04-03T04:27:48.925-0400][42725.158s][info ][gc,phases   ] GC(245)   Other: 0.1ms
[2025-04-03T04:27:48.925-0400][42725.158s][info ][gc,heap     ] GC(245) Eden regions: 263->0(262)
[2025-04-03T04:27:48.925-0400][42725.158s][info ][gc,heap     ] GC(245) Survivor regions: 2->2(34)
[2025-04-03T04:27:48.925-0400][42725.158s][info ][gc,heap     ] GC(245) Old regions: 191->191
[2025-04-03T04:27:48.925-0400][42725.158s][info ][gc,heap     ] GC(245) Archive regions: 0->0
[2025-04-03T04:27:48.925-0400][42725.158s][info ][gc,heap     ] GC(245) Humongous regions: 2->2
[2025-04-03T04:27:48.925-0400][42725.158s][info ][gc,metaspace] GC(245) Metaspace: 193779K(195456K)->193779K(195456K) NonClass: 170660K(171520K)->170660K(171520K) Class: 23118K(23936K)->23118K(23936K)
[2025-04-03T04:27:48.925-0400][42725.158s][info ][gc          ] GC(245) Pause Young (Normal) (G1 Evacuation Pause) 456M->193M(512M) 3.945ms
[2025-04-03T04:27:48.925-0400][42725.158s][info ][gc,cpu      ] GC(245) User=0.02s Sys=0.00s Real=0.00s
[2025-04-03T04:27:48.925-0400][42725.158s][info ][safepoint   ] Safepoint "G1CollectForAllocation", Time since last: 131321287800 ns, Reaching safepoint: 59400 ns, Cleanup: 2400 ns, At safepoint: 4019600 ns, Total: 4081400 ns
[2025-04-03T04:31:27.047-0400][42943.279s][debug][safepoint   ] Safepoint synchronization initiated using striped semaphore wait barrier. (235 threads)
[2025-04-03T04:31:27.047-0400][42943.279s][info ][gc,start    ] GC(246) Pause Young (Normal) (G1 Evacuation Pause)
[2025-04-03T04:31:27.047-0400][42943.279s][info ][gc,task     ] GC(246) Using 23 workers of 23 for evacuation
[2025-04-03T04:31:27.050-0400][42943.283s][info ][gc,phases   ] GC(246)   Pre Evacuate Collection Set: 0.1ms
[2025-04-03T04:31:27.050-0400][42943.283s][info ][gc,phases   ] GC(246)   Merge Heap Roots: 0.1ms
[2025-04-03T04:31:27.050-0400][42943.283s][info ][gc,phases   ] GC(246)   Evacuate Collection Set: 2.3ms
[2025-04-03T04:31:27.050-0400][42943.283s][info ][gc,phases   ] GC(246)   Post Evacuate Collection Set: 1.1ms
[2025-04-03T04:31:27.050-0400][42943.283s][info ][gc,phases   ] GC(246)   Other: 0.1ms
[2025-04-03T04:31:27.050-0400][42943.283s][info ][gc,heap     ] GC(246) Eden regions: 262->0(262)
[2025-04-03T04:31:27.050-0400][42943.283s][info ][gc,heap     ] GC(246) Survivor regions: 2->2(33)
[2025-04-03T04:31:27.050-0400][42943.283s][info ][gc,heap     ] GC(246) Old regions: 191->191
[2025-04-03T04:31:27.050-0400][42943.283s][info ][gc,heap     ] GC(246) Archive regions: 0->0
[2025-04-03T04:31:27.050-0400][42943.283s][info ][gc,heap     ] GC(246) Humongous regions: 2->2
[2025-04-03T04:31:27.051-0400][42943.283s][info ][gc,metaspace] GC(246) Metaspace: 193783K(195456K)->193783K(195456K) NonClass: 170665K(171520K)->170665K(171520K) Class: 23118K(23936K)->23118K(23936K)
[2025-04-03T04:31:27.051-0400][42943.283s][info ][gc          ] GC(246) Pause Young (Normal) (G1 Evacuation Pause) 455M->193M(512M) 3.750ms
[2025-04-03T04:31:27.051-0400][42943.283s][info ][gc,cpu      ] GC(246) User=0.02s Sys=0.00s Real=0.00s
[2025-04-03T04:31:27.051-0400][42943.283s][info ][safepoint   ] Safepoint "G1CollectForAllocation", Time since last: 218121637200 ns, Reaching safepoint: 37200 ns, Cleanup: 2100 ns, At safepoint: 3817100 ns, Total: 3856400 ns
[2025-04-03T04:35:07.144-0400][43163.377s][debug][safepoint   ] Safepoint synchronization initiated using striped semaphore wait barrier. (238 threads)
[2025-04-03T04:35:07.144-0400][43163.377s][info ][gc,start    ] GC(247) Pause Young (Normal) (G1 Evacuation Pause)
[2025-04-03T04:35:07.144-0400][43163.377s][info ][gc,task     ] GC(247) Using 23 workers of 23 for evacuation
[2025-04-03T04:35:07.147-0400][43163.379s][info ][gc,phases   ] GC(247)   Pre Evacuate Collection Set: 0.2ms
[2025-04-03T04:35:07.147-0400][43163.379s][info ][gc,phases   ] GC(247)   Merge Heap Roots: 0.1ms
[2025-04-03T04:35:07.147-0400][43163.379s][info ][gc,phases   ] GC(247)   Evacuate Collection Set: 1.2ms
[2025-04-03T04:35:07.147-0400][43163.379s][info ][gc,phases   ] GC(247)   Post Evacuate Collection Set: 0.9ms
[2025-04-03T04:35:07.147-0400][43163.379s][info ][gc,phases   ] GC(247)   Other: 0.1ms
[2025-04-03T04:35:07.147-0400][43163.379s][info ][gc,heap     ] GC(247) Eden regions: 262->0(262)
[2025-04-03T04:35:07.147-0400][43163.379s][info ][gc,heap     ] GC(247) Survivor regions: 2->2(33)
[2025-04-03T04:35:07.147-0400][43163.379s][info ][gc,heap     ] GC(247) Old regions: 191->191
[2025-04-03T04:35:07.147-0400][43163.379s][info ][gc,heap     ] GC(247) Archive regions: 0->0
[2025-04-03T04:35:07.147-0400][43163.379s][info ][gc,heap     ] GC(247) Humongous regions: 2->2
[2025-04-03T04:35:07.147-0400][43163.379s][info ][gc,metaspace] GC(247) Metaspace: 193783K(195456K)->193783K(195456K) NonClass: 170665K(171520K)->170665K(171520K) Class: 23118K(23936K)->23118K(23936K)
[2025-04-03T04:35:07.147-0400][43163.379s][info ][gc          ] GC(247) Pause Young (Normal) (G1 Evacuation Pause) 455M->193M(512M) 2.505ms
[2025-04-03T04:35:07.147-0400][43163.379s][info ][gc,cpu      ] GC(247) User=0.00s Sys=0.00s Real=0.00s
[2025-04-03T04:35:07.147-0400][43163.379s][info ][safepoint   ] Safepoint "G1CollectForAllocation", Time since last: 220093694700 ns, Reaching safepoint: 45200 ns, Cleanup: 3100 ns, At safepoint: 2580400 ns, Total: 2628700 ns
[2025-04-03T04:36:12.923-0400][43229.155s][debug][safepoint   ] Safepoint synchronization initiated using striped semaphore wait barrier. (243 threads)
[2025-04-03T04:36:12.923-0400][43229.155s][info ][safepoint   ] Safepoint "Cleanup", Time since last: 65775158600 ns, Reaching safepoint: 95800 ns, Cleanup: 6000 ns, At safepoint: 1600 ns, Total: 103400 ns
[2025-04-03T04:38:46.483-0400][43382.715s][debug][safepoint   ] Safepoint synchronization initiated using striped semaphore wait barrier. (241 threads)
[2025-04-03T04:38:46.483-0400][43382.715s][info ][gc,start    ] GC(248) Pause Young (Normal) (G1 Evacuation Pause)
[2025-04-03T04:38:46.483-0400][43382.715s][info ][gc,task     ] GC(248) Using 23 workers of 23 for evacuation
[2025-04-03T04:38:46.486-0400][43382.719s][info ][gc,phases   ] GC(248)   Pre Evacuate Collection Set: 0.1ms
[2025-04-03T04:38:46.486-0400][43382.719s][info ][gc,phases   ] GC(248)   Merge Heap Roots: 0.1ms
[2025-04-03T04:38:46.486-0400][43382.719s][info ][gc,phases   ] GC(248)   Evacuate Collection Set: 2.2ms
[2025-04-03T04:38:46.486-0400][43382.719s][info ][gc,phases   ] GC(248)   Post Evacuate Collection Set: 1.1ms
[2025-04-03T04:38:46.486-0400][43382.719s][info ][gc,phases   ] GC(248)   Other: 0.1ms
[2025-04-03T04:38:46.486-0400][43382.719s][info ][gc,heap     ] GC(248) Eden regions: 262->0(262)
[2025-04-03T04:38:46.486-0400][43382.719s][info ][gc,heap     ] GC(248) Survivor regions: 2->2(33)
[2025-04-03T04:38:46.486-0400][43382.719s][info ][gc,heap     ] GC(248) Old regions: 191->191
[2025-04-03T04:38:46.486-0400][43382.719s][info ][gc,heap     ] GC(248) Archive regions: 0->0
[2025-04-03T04:38:46.486-0400][43382.719s][info ][gc,heap     ] GC(248) Humongous regions: 2->2
[2025-04-03T04:38:46.486-0400][43382.719s][info ][gc,metaspace] GC(248) Metaspace: 193790K(195520K)->193790K(195520K) NonClass: 170671K(171584K)->170671K(171584K) Class: 23119K(23936K)->23119K(23936K)
[2025-04-03T04:38:46.486-0400][43382.719s][info ][gc          ] GC(248) Pause Young (Normal) (G1 Evacuation Pause) 455M->193M(512M) 3.545ms
[2025-04-03T04:38:46.486-0400][43382.719s][info ][gc,cpu      ] GC(248) User=0.05s Sys=0.00s Real=0.00s
[2025-04-03T04:38:46.486-0400][43382.719s][info ][safepoint   ] Safepoint "G1CollectForAllocation", Time since last: 153560440100 ns, Reaching safepoint: 43900 ns, Cleanup: 2000 ns, At safepoint: 3612600 ns, Total: 3658500 ns
[2025-04-03T04:39:17.424-0400][43413.656s][debug][safepoint   ] Safepoint synchronization initiated using striped semaphore wait barrier. (240 threads)
[2025-04-03T04:39:17.424-0400][43413.656s][info ][safepoint   ] Safepoint "Cleanup", Time since last: 30937312400 ns, Reaching safepoint: 44700 ns, Cleanup: 6900 ns, At safepoint: 1500 ns, Total: 53100 ns
[2025-04-03T04:41:06.566-0400][43522.798s][debug][safepoint   ] Safepoint synchronization initiated using striped semaphore wait barrier. (239 threads)
[2025-04-03T04:41:06.566-0400][43522.799s][info ][safepoint   ] Safepoint "Cleanup", Time since last: 109142275500 ns, Reaching safepoint: 102700 ns, Cleanup: 6700 ns, At safepoint: 1700 ns, Total: 111100 ns
[2025-04-03T04:42:25.661-0400][43601.894s][debug][safepoint   ] Safepoint synchronization initiated using striped semaphore wait barrier. (238 threads)
[2025-04-03T04:42:25.661-0400][43601.894s][info ][gc,start    ] GC(249) Pause Young (Normal) (G1 Evacuation Pause)
[2025-04-03T04:42:25.661-0400][43601.894s][info ][gc,task     ] GC(249) Using 23 workers of 23 for evacuation
[2025-04-03T04:42:25.665-0400][43601.897s][info ][gc,phases   ] GC(249)   Pre Evacuate Collection Set: 0.2ms
[2025-04-03T04:42:25.665-0400][43601.898s][info ][gc,phases   ] GC(249)   Merge Heap Roots: 0.1ms
[2025-04-03T04:42:25.665-0400][43601.898s][info ][gc,phases   ] GC(249)   Evacuate Collection Set: 2.4ms
[2025-04-03T04:42:25.665-0400][43601.898s][info ][gc,phases   ] GC(249)   Post Evacuate Collection Set: 1.0ms
[2025-04-03T04:42:25.665-0400][43601.898s][info ][gc,phases   ] GC(249)   Other: 0.1ms
[2025-04-03T04:42:25.665-0400][43601.898s][info ][gc,heap     ] GC(249) Eden regions: 262->0(262)
[2025-04-03T04:42:25.665-0400][43601.898s][info ][gc,heap     ] GC(249) Survivor regions: 2->2(33)
[2025-04-03T04:42:25.665-0400][43601.898s][info ][gc,heap     ] GC(249) Old regions: 191->191
[2025-04-03T04:42:25.665-0400][43601.898s][info ][gc,heap     ] GC(249) Archive regions: 0->0
[2025-04-03T04:42:25.665-0400][43601.898s][info ][gc,heap     ] GC(249) Humongous regions: 2->2
[2025-04-03T04:42:25.665-0400][43601.898s][info ][gc,metaspace] GC(249) Metaspace: 193790K(195520K)->193790K(195520K) NonClass: 170671K(171584K)->170671K(171584K) Class: 23119K(23936K)->23119K(23936K)
[2025-04-03T04:42:25.665-0400][43601.898s][info ][gc          ] GC(249) Pause Young (Normal) (G1 Evacuation Pause) 455M->193M(512M) 3.825ms
[2025-04-03T04:42:25.665-0400][43601.898s][info ][gc,cpu      ] GC(249) User=0.00s Sys=0.00s Real=0.00s
[2025-04-03T04:42:25.665-0400][43601.898s][info ][safepoint   ] Safepoint "G1CollectForAllocation", Time since last: 79095075700 ns, Reaching safepoint: 68800 ns, Cleanup: 3300 ns, At safepoint: 3902000 ns, Total: 3974100 ns
[2025-04-03T04:44:16.048-0400][43712.280s][debug][safepoint   ] Safepoint synchronization initiated using striped semaphore wait barrier. (239 threads)
[2025-04-03T04:44:16.048-0400][43712.280s][info ][safepoint   ] Safepoint "Cleanup", Time since last: 110382178800 ns, Reaching safepoint: 110400 ns, Cleanup: 7200 ns, At safepoint: 1800 ns, Total: 119400 ns
[2025-04-03T04:46:06.733-0400][43822.966s][debug][safepoint   ] Safepoint synchronization initiated using striped semaphore wait barrier. (238 threads)
[2025-04-03T04:46:06.733-0400][43822.966s][info ][gc,start    ] GC(250) Pause Young (Normal) (G1 Evacuation Pause)
[2025-04-03T04:46:06.733-0400][43822.966s][info ][gc,task     ] GC(250) Using 23 workers of 23 for evacuation
[2025-04-03T04:46:06.737-0400][43822.970s][info ][gc,phases   ] GC(250)   Pre Evacuate Collection Set: 0.2ms
[2025-04-03T04:46:06.737-0400][43822.970s][info ][gc,phases   ] GC(250)   Merge Heap Roots: 0.1ms
[2025-04-03T04:46:06.737-0400][43822.970s][info ][gc,phases   ] GC(250)   Evacuate Collection Set: 2.4ms
[2025-04-03T04:46:06.737-0400][43822.970s][info ][gc,phases   ] GC(250)   Post Evacuate Collection Set: 1.0ms
[2025-04-03T04:46:06.737-0400][43822.970s][info ][gc,phases   ] GC(250)   Other: 0.1ms
[2025-04-03T04:46:06.737-0400][43822.970s][info ][gc,heap     ] GC(250) Eden regions: 262->0(262)
[2025-04-03T04:46:06.737-0400][43822.970s][info ][gc,heap     ] GC(250) Survivor regions: 2->2(33)
[2025-04-03T04:46:06.737-0400][43822.970s][info ][gc,heap     ] GC(250) Old regions: 191->191
[2025-04-03T04:46:06.737-0400][43822.970s][info ][gc,heap     ] GC(250) Archive regions: 0->0
[2025-04-03T04:46:06.737-0400][43822.970s][info ][gc,heap     ] GC(250) Humongous regions: 2->2
[2025-04-03T04:46:06.737-0400][43822.970s][info ][gc,metaspace] GC(250) Metaspace: 193790K(195520K)->193790K(195520K) NonClass: 170671K(171584K)->170671K(171584K) Class: 23119K(23936K)->23119K(23936K)
[2025-04-03T04:46:06.737-0400][43822.970s][info ][gc          ] GC(250) Pause Young (Normal) (G1 Evacuation Pause) 455M->193M(512M) 3.840ms
[2025-04-03T04:46:06.737-0400][43822.970s][info ][gc,cpu      ] GC(250) User=0.02s Sys=0.00s Real=0.00s
[2025-04-03T04:46:06.737-0400][43822.970s][info ][safepoint   ] Safepoint "G1CollectForAllocation", Time since last: 110685745000 ns, Reaching safepoint: 60300 ns, Cleanup: 2800 ns, At safepoint: 3927800 ns, Total: 3990900 ns
[2025-04-03T04:47:07.321-0400][43883.553s][debug][safepoint   ] Safepoint synchronization initiated using striped semaphore wait barrier. (237 threads)
[2025-04-03T04:47:07.321-0400][43883.553s][info ][safepoint   ] Safepoint "Cleanup", Time since last: 60583692900 ns, Reaching safepoint: 63000 ns, Cleanup: 7600 ns, At safepoint: 1500 ns, Total: 72100 ns
[2025-04-03T04:49:45.748-0400][44041.980s][debug][safepoint   ] Safepoint synchronization initiated using striped semaphore wait barrier. (239 threads)
[2025-04-03T04:49:45.748-0400][44041.980s][info ][gc,start    ] GC(251) Pause Young (Normal) (G1 Evacuation Pause)
[2025-04-03T04:49:45.748-0400][44041.980s][info ][gc,task     ] GC(251) Using 23 workers of 23 for evacuation
[2025-04-03T04:49:45.751-0400][44041.984s][info ][gc,phases   ] GC(251)   Pre Evacuate Collection Set: 0.1ms
[2025-04-03T04:49:45.751-0400][44041.984s][info ][gc,phases   ] GC(251)   Merge Heap Roots: 0.1ms
[2025-04-03T04:49:45.751-0400][44041.984s][info ][gc,phases   ] GC(251)   Evacuate Collection Set: 2.2ms
[2025-04-03T04:49:45.751-0400][44041.984s][info ][gc,phases   ] GC(251)   Post Evacuate Collection Set: 1.0ms
[2025-04-03T04:49:45.751-0400][44041.984s][info ][gc,phases   ] GC(251)   Other: 0.1ms
[2025-04-03T04:49:45.751-0400][44041.984s][info ][gc,heap     ] GC(251) Eden regions: 262->0(262)
[2025-04-03T04:49:45.751-0400][44041.984s][info ][gc,heap     ] GC(251) Survivor regions: 2->2(33)
[2025-04-03T04:49:45.751-0400][44041.984s][info ][gc,heap     ] GC(251) Old regions: 191->191
[2025-04-03T04:49:45.751-0400][44041.984s][info ][gc,heap     ] GC(251) Archive regions: 0->0
[2025-04-03T04:49:45.751-0400][44041.984s][info ][gc,heap     ] GC(251) Humongous regions: 2->2
[2025-04-03T04:49:45.751-0400][44041.984s][info ][gc,metaspace] GC(251) Metaspace: 193790K(195520K)->193790K(195520K) NonClass: 170671K(171584K)->170671K(171584K) Class: 23119K(23936K)->23119K(23936K)
[2025-04-03T04:49:45.751-0400][44041.984s][info ][gc          ] GC(251) Pause Young (Normal) (G1 Evacuation Pause) 455M->193M(512M) 3.516ms
[2025-04-03T04:49:45.751-0400][44041.984s][info ][gc,cpu      ] GC(251) User=0.02s Sys=0.00s Real=0.00s
[2025-04-03T04:49:45.751-0400][44041.984s][info ][safepoint   ] Safepoint "G1CollectForAllocation", Time since last: 158426921100 ns, Reaching safepoint: 45700 ns, Cleanup: 2300 ns, At safepoint: 3573700 ns, Total: 3621700 ns
[2025-04-03T04:52:26.036-0400][44202.268s][debug][safepoint   ] Safepoint synchronization initiated using striped semaphore wait barrier. (238 threads)
[2025-04-03T04:52:26.036-0400][44202.268s][info ][safepoint   ] Safepoint "Cleanup", Time since last: 160284214400 ns, Reaching safepoint: 119400 ns, Cleanup: 7000 ns, At safepoint: 2000 ns, Total: 128400 ns
[2025-04-03T04:53:25.549-0400][44261.782s][debug][safepoint   ] Safepoint synchronization initiated using striped semaphore wait barrier. (239 threads)
[2025-04-03T04:53:25.549-0400][44261.782s][info ][gc,start    ] GC(252) Pause Young (Normal) (G1 Evacuation Pause)
[2025-04-03T04:53:25.549-0400][44261.782s][info ][gc,task     ] GC(252) Using 23 workers of 23 for evacuation
[2025-04-03T04:53:25.552-0400][44261.785s][info ][gc,phases   ] GC(252)   Pre Evacuate Collection Set: 0.1ms
[2025-04-03T04:53:25.552-0400][44261.785s][info ][gc,phases   ] GC(252)   Merge Heap Roots: 0.1ms
[2025-04-03T04:53:25.552-0400][44261.785s][info ][gc,phases   ] GC(252)   Evacuate Collection Set: 2.2ms
[2025-04-03T04:53:25.552-0400][44261.785s][info ][gc,phases   ] GC(252)   Post Evacuate Collection Set: 1.0ms
[2025-04-03T04:53:25.552-0400][44261.785s][info ][gc,phases   ] GC(252)   Other: 0.1ms
[2025-04-03T04:53:25.552-0400][44261.785s][info ][gc,heap     ] GC(252) Eden regions: 262->0(262)
[2025-04-03T04:53:25.552-0400][44261.785s][info ][gc,heap     ] GC(252) Survivor regions: 2->2(33)
[2025-04-03T04:53:25.552-0400][44261.785s][info ][gc,heap     ] GC(252) Old regions: 191->191
[2025-04-03T04:53:25.552-0400][44261.785s][info ][gc,heap     ] GC(252) Archive regions: 0->0
[2025-04-03T04:53:25.552-0400][44261.785s][info ][gc,heap     ] GC(252) Humongous regions: 2->2
[2025-04-03T04:53:25.552-0400][44261.785s][info ][gc,metaspace] GC(252) Metaspace: 193790K(195520K)->193790K(195520K) NonClass: 170671K(171584K)->170671K(171584K) Class: 23119K(23936K)->23119K(23936K)
[2025-04-03T04:53:25.552-0400][44261.785s][info ][gc          ] GC(252) Pause Young (Normal) (G1 Evacuation Pause) 455M->193M(512M) 3.538ms
[2025-04-03T04:53:25.552-0400][44261.785s][info ][gc,cpu      ] GC(252) User=0.00s Sys=0.00s Real=0.00s
[2025-04-03T04:53:25.552-0400][44261.785s][info ][safepoint   ] Safepoint "G1CollectForAllocation", Time since last: 59513238900 ns, Reaching safepoint: 45200 ns, Cleanup: 2400 ns, At safepoint: 3601600 ns, Total: 3649200 ns
[2025-04-03T04:55:10.308-0400][44366.540s][debug][safepoint   ] Safepoint synchronization initiated using striped semaphore wait barrier. (240 threads)
[2025-04-03T04:55:10.308-0400][44366.540s][info ][safepoint   ] Safepoint "Cleanup", Time since last: 104754655000 ns, Reaching safepoint: 99700 ns, Cleanup: 7000 ns, At safepoint: 1400 ns, Total: 108100 ns
[2025-04-03T04:57:02.175-0400][44478.407s][debug][safepoint   ] Safepoint synchronization initiated using striped semaphore wait barrier. (236 threads)
[2025-04-03T04:57:02.175-0400][44478.407s][info ][gc,start    ] GC(253) Pause Young (Normal) (G1 Evacuation Pause)
[2025-04-03T04:57:02.175-0400][44478.407s][info ][gc,task     ] GC(253) Using 23 workers of 23 for evacuation
[2025-04-03T04:57:02.178-0400][44478.411s][info ][gc,phases   ] GC(253)   Pre Evacuate Collection Set: 0.1ms
[2025-04-03T04:57:02.178-0400][44478.411s][info ][gc,phases   ] GC(253)   Merge Heap Roots: 0.1ms
[2025-04-03T04:57:02.178-0400][44478.411s][info ][gc,phases   ] GC(253)   Evacuate Collection Set: 2.1ms
[2025-04-03T04:57:02.178-0400][44478.411s][info ][gc,phases   ] GC(253)   Post Evacuate Collection Set: 0.9ms
[2025-04-03T04:57:02.178-0400][44478.411s][info ][gc,phases   ] GC(253)   Other: 0.1ms
[2025-04-03T04:57:02.178-0400][44478.411s][info ][gc,heap     ] GC(253) Eden regions: 262->0(262)
[2025-04-03T04:57:02.178-0400][44478.411s][info ][gc,heap     ] GC(253) Survivor regions: 2->2(33)
[2025-04-03T04:57:02.178-0400][44478.411s][info ][gc,heap     ] GC(253) Old regions: 191->191
[2025-04-03T04:57:02.178-0400][44478.411s][info ][gc,heap     ] GC(253) Archive regions: 0->0
[2025-04-03T04:57:02.178-0400][44478.411s][info ][gc,heap     ] GC(253) Humongous regions: 2->2
[2025-04-03T04:57:02.178-0400][44478.411s][info ][gc,metaspace] GC(253) Metaspace: 193790K(195520K)->193790K(195520K) NonClass: 170671K(171584K)->170671K(171584K) Class: 23119K(23936K)->23119K(23936K)
[2025-04-03T04:57:02.178-0400][44478.411s][info ][gc          ] GC(253) Pause Young (Normal) (G1 Evacuation Pause) 455M->193M(512M) 3.358ms
[2025-04-03T04:57:02.178-0400][44478.411s][info ][gc,cpu      ] GC(253) User=0.00s Sys=0.00s Real=0.00s
[2025-04-03T04:57:02.178-0400][44478.411s][info ][safepoint   ] Safepoint "G1CollectForAllocation", Time since last: 111867466000 ns, Reaching safepoint: 47200 ns, Cleanup: 2200 ns, At safepoint: 3426500 ns, Total: 3475900 ns
[2025-04-03T05:00:39.965-0400][44696.198s][debug][safepoint   ] Safepoint synchronization initiated using striped semaphore wait barrier. (236 threads)
[2025-04-03T05:00:39.965-0400][44696.198s][info ][gc,start    ] GC(254) Pause Young (Normal) (G1 Evacuation Pause)
[2025-04-03T05:00:39.965-0400][44696.198s][info ][gc,task     ] GC(254) Using 23 workers of 23 for evacuation
[2025-04-03T05:00:39.968-0400][44696.201s][info ][gc,phases   ] GC(254)   Pre Evacuate Collection Set: 0.1ms
[2025-04-03T05:00:39.968-0400][44696.201s][info ][gc,phases   ] GC(254)   Merge Heap Roots: 0.1ms
[2025-04-03T05:00:39.968-0400][44696.201s][info ][gc,phases   ] GC(254)   Evacuate Collection Set: 2.0ms
[2025-04-03T05:00:39.968-0400][44696.201s][info ][gc,phases   ] GC(254)   Post Evacuate Collection Set: 1.0ms
[2025-04-03T05:00:39.968-0400][44696.201s][info ][gc,phases   ] GC(254)   Other: 0.1ms
[2025-04-03T05:00:39.968-0400][44696.201s][info ][gc,heap     ] GC(254) Eden regions: 262->0(262)
[2025-04-03T05:00:39.968-0400][44696.201s][info ][gc,heap     ] GC(254) Survivor regions: 2->2(33)
[2025-04-03T05:00:39.968-0400][44696.201s][info ][gc,heap     ] GC(254) Old regions: 191->191
[2025-04-03T05:00:39.968-0400][44696.201s][info ][gc,heap     ] GC(254) Archive regions: 0->0
[2025-04-03T05:00:39.968-0400][44696.201s][info ][gc,heap     ] GC(254) Humongous regions: 2->2
[2025-04-03T05:00:39.968-0400][44696.201s][info ][gc,metaspace] GC(254) Metaspace: 193790K(195520K)->193790K(195520K) NonClass: 170671K(171584K)->170671K(171584K) Class: 23119K(23936K)->23119K(23936K)
[2025-04-03T05:00:39.968-0400][44696.201s][info ][gc          ] GC(254) Pause Young (Normal) (G1 Evacuation Pause) 455M->193M(512M) 3.308ms
[2025-04-03T05:00:39.968-0400][44696.201s][info ][gc,cpu      ] GC(254) User=0.00s Sys=0.00s Real=0.00s
[2025-04-03T05:00:39.968-0400][44696.201s][info ][safepoint   ] Safepoint "G1CollectForAllocation", Time since last: 217786648200 ns, Reaching safepoint: 79600 ns, Cleanup: 2200 ns, At safepoint: 3366500 ns, Total: 3448300 ns
[2025-04-03T05:02:13.180-0400][44789.412s][debug][safepoint   ] Safepoint synchronization initiated using striped semaphore wait barrier. (238 threads)
[2025-04-03T05:02:13.180-0400][44789.412s][info ][safepoint   ] Safepoint "Cleanup", Time since last: 93210748000 ns, Reaching safepoint: 121400 ns, Cleanup: 9700 ns, At safepoint: 1800 ns, Total: 132900 ns
[2025-04-03T05:04:21.294-0400][44917.527s][debug][safepoint   ] Safepoint synchronization initiated using striped semaphore wait barrier. (236 threads)
[2025-04-03T05:04:21.294-0400][44917.527s][info ][gc,start    ] GC(255) Pause Young (Normal) (G1 Evacuation Pause)
[2025-04-03T05:04:21.294-0400][44917.527s][info ][gc,task     ] GC(255) Using 23 workers of 23 for evacuation
[2025-04-03T05:04:21.297-0400][44917.530s][info ][gc,phases   ] GC(255)   Pre Evacuate Collection Set: 0.1ms
[2025-04-03T05:04:21.297-0400][44917.530s][info ][gc,phases   ] GC(255)   Merge Heap Roots: 0.1ms
[2025-04-03T05:04:21.297-0400][44917.530s][info ][gc,phases   ] GC(255)   Evacuate Collection Set: 2.0ms
[2025-04-03T05:04:21.297-0400][44917.530s][info ][gc,phases   ] GC(255)   Post Evacuate Collection Set: 1.1ms
[2025-04-03T05:04:21.297-0400][44917.530s][info ][gc,phases   ] GC(255)   Other: 0.1ms
[2025-04-03T05:04:21.297-0400][44917.530s][info ][gc,heap     ] GC(255) Eden regions: 262->0(262)
[2025-04-03T05:04:21.297-0400][44917.530s][info ][gc,heap     ] GC(255) Survivor regions: 2->2(33)
[2025-04-03T05:04:21.297-0400][44917.530s][info ][gc,heap     ] GC(255) Old regions: 191->191
[2025-04-03T05:04:21.297-0400][44917.530s][info ][gc,heap     ] GC(255) Archive regions: 0->0
[2025-04-03T05:04:21.297-0400][44917.530s][info ][gc,heap     ] GC(255) Humongous regions: 2->2
[2025-04-03T05:04:21.297-0400][44917.530s][info ][gc,metaspace] GC(255) Metaspace: 193790K(195520K)->193790K(195520K) NonClass: 170671K(171584K)->170671K(171584K) Class: 23119K(23936K)->23119K(23936K)
[2025-04-03T05:04:21.297-0400][44917.530s][info ][gc          ] GC(255) Pause Young (Normal) (G1 Evacuation Pause) 455M->193M(512M) 3.449ms
[2025-04-03T05:04:21.297-0400][44917.530s][info ][gc,cpu      ] GC(255) User=0.00s Sys=0.00s Real=0.00s
[2025-04-03T05:04:21.297-0400][44917.530s][info ][safepoint   ] Safepoint "G1CollectForAllocation", Time since last: 128114760300 ns, Reaching safepoint: 50500 ns, Cleanup: 2500 ns, At safepoint: 3519400 ns, Total: 3572400 ns
[2025-04-03T05:08:00.399-0400][45136.631s][debug][safepoint   ] Safepoint synchronization initiated using striped semaphore wait barrier. (236 threads)
[2025-04-03T05:08:00.399-0400][45136.632s][info ][gc,start    ] GC(256) Pause Young (Normal) (G1 Evacuation Pause)
[2025-04-03T05:08:00.399-0400][45136.632s][info ][gc,task     ] GC(256) Using 23 workers of 23 for evacuation
[2025-04-03T05:08:00.403-0400][45136.635s][info ][gc,phases   ] GC(256)   Pre Evacuate Collection Set: 0.2ms
[2025-04-03T05:08:00.403-0400][45136.635s][info ][gc,phases   ] GC(256)   Merge Heap Roots: 0.1ms
[2025-04-03T05:08:00.403-0400][45136.635s][info ][gc,phases   ] GC(256)   Evacuate Collection Set: 2.4ms
[2025-04-03T05:08:00.403-0400][45136.635s][info ][gc,phases   ] GC(256)   Post Evacuate Collection Set: 1.1ms
[2025-04-03T05:08:00.403-0400][45136.635s][info ][gc,phases   ] GC(256)   Other: 0.1ms
[2025-04-03T05:08:00.403-0400][45136.635s][info ][gc,heap     ] GC(256) Eden regions: 262->0(262)
[2025-04-03T05:08:00.403-0400][45136.635s][info ][gc,heap     ] GC(256) Survivor regions: 2->2(33)
[2025-04-03T05:08:00.403-0400][45136.635s][info ][gc,heap     ] GC(256) Old regions: 191->191
[2025-04-03T05:08:00.403-0400][45136.635s][info ][gc,heap     ] GC(256) Archive regions: 0->0
[2025-04-03T05:08:00.403-0400][45136.635s][info ][gc,heap     ] GC(256) Humongous regions: 2->2
[2025-04-03T05:08:00.403-0400][45136.635s][info ][gc,metaspace] GC(256) Metaspace: 193790K(195520K)->193790K(195520K) NonClass: 170671K(171584K)->170671K(171584K) Class: 23119K(23936K)->23119K(23936K)
[2025-04-03T05:08:00.403-0400][45136.635s][info ][gc          ] GC(256) Pause Young (Normal) (G1 Evacuation Pause) 455M->193M(512M) 3.925ms
[2025-04-03T05:08:00.403-0400][45136.635s][info ][gc,cpu      ] GC(256) User=0.00s Sys=0.00s Real=0.00s
[2025-04-03T05:08:00.403-0400][45136.635s][info ][safepoint   ] Safepoint "G1CollectForAllocation", Time since last: 219101248400 ns, Reaching safepoint: 49200 ns, Cleanup: 1900 ns, At safepoint: 4001500 ns, Total: 4052600 ns
[2025-04-03T05:11:40.747-0400][45356.979s][debug][safepoint   ] Safepoint synchronization initiated using striped semaphore wait barrier. (235 threads)
[2025-04-03T05:11:40.747-0400][45356.979s][info ][gc,start    ] GC(257) Pause Young (Normal) (G1 Evacuation Pause)
[2025-04-03T05:11:40.747-0400][45356.979s][info ][gc,task     ] GC(257) Using 23 workers of 23 for evacuation
[2025-04-03T05:11:40.750-0400][45356.983s][info ][gc,phases   ] GC(257)   Pre Evacuate Collection Set: 0.1ms
[2025-04-03T05:11:40.750-0400][45356.983s][info ][gc,phases   ] GC(257)   Merge Heap Roots: 0.1ms
[2025-04-03T05:11:40.750-0400][45356.983s][info ][gc,phases   ] GC(257)   Evacuate Collection Set: 2.4ms
[2025-04-03T05:11:40.751-0400][45356.983s][info ][gc,phases   ] GC(257)   Post Evacuate Collection Set: 1.0ms
[2025-04-03T05:11:40.751-0400][45356.983s][info ][gc,phases   ] GC(257)   Other: 0.1ms
[2025-04-03T05:11:40.751-0400][45356.983s][info ][gc,heap     ] GC(257) Eden regions: 262->0(262)
[2025-04-03T05:11:40.751-0400][45356.983s][info ][gc,heap     ] GC(257) Survivor regions: 2->2(33)
[2025-04-03T05:11:40.751-0400][45356.983s][info ][gc,heap     ] GC(257) Old regions: 191->191
[2025-04-03T05:11:40.751-0400][45356.983s][info ][gc,heap     ] GC(257) Archive regions: 0->0
[2025-04-03T05:11:40.751-0400][45356.983s][info ][gc,heap     ] GC(257) Humongous regions: 2->2
[2025-04-03T05:11:40.751-0400][45356.983s][info ][gc,metaspace] GC(257) Metaspace: 193790K(195520K)->193790K(195520K) NonClass: 170671K(171584K)->170671K(171584K) Class: 23119K(23936K)->23119K(23936K)
[2025-04-03T05:11:40.751-0400][45356.983s][info ][gc          ] GC(257) Pause Young (Normal) (G1 Evacuation Pause) 455M->193M(512M) 3.690ms
[2025-04-03T05:11:40.751-0400][45356.983s][info ][gc,cpu      ] GC(257) User=0.00s Sys=0.00s Real=0.00s
[2025-04-03T05:11:40.751-0400][45356.983s][info ][safepoint   ] Safepoint "G1CollectForAllocation", Time since last: 220343697100 ns, Reaching safepoint: 44900 ns, Cleanup: 2000 ns, At safepoint: 3759500 ns, Total: 3806400 ns
[2025-04-03T05:15:20.155-0400][45576.387s][debug][safepoint   ] Safepoint synchronization initiated using striped semaphore wait barrier. (237 threads)
[2025-04-03T05:15:20.155-0400][45576.387s][info ][gc,start    ] GC(258) Pause Young (Normal) (G1 Evacuation Pause)
[2025-04-03T05:15:20.155-0400][45576.387s][info ][gc,task     ] GC(258) Using 23 workers of 23 for evacuation
[2025-04-03T05:15:20.158-0400][45576.391s][info ][gc,phases   ] GC(258)   Pre Evacuate Collection Set: 0.1ms
[2025-04-03T05:15:20.158-0400][45576.391s][info ][gc,phases   ] GC(258)   Merge Heap Roots: 0.1ms
[2025-04-03T05:15:20.158-0400][45576.391s][info ][gc,phases   ] GC(258)   Evacuate Collection Set: 2.3ms
[2025-04-03T05:15:20.158-0400][45576.391s][info ][gc,phases   ] GC(258)   Post Evacuate Collection Set: 1.1ms
[2025-04-03T05:15:20.158-0400][45576.391s][info ][gc,phases   ] GC(258)   Other: 0.1ms
[2025-04-03T05:15:20.158-0400][45576.391s][info ][gc,heap     ] GC(258) Eden regions: 262->0(262)
[2025-04-03T05:15:20.158-0400][45576.391s][info ][gc,heap     ] GC(258) Survivor regions: 2->2(33)
[2025-04-03T05:15:20.158-0400][45576.391s][info ][gc,heap     ] GC(258) Old regions: 191->191
[2025-04-03T05:15:20.158-0400][45576.391s][info ][gc,heap     ] GC(258) Archive regions: 0->0
[2025-04-03T05:15:20.158-0400][45576.391s][info ][gc,heap     ] GC(258) Humongous regions: 2->2
[2025-04-03T05:15:20.158-0400][45576.391s][info ][gc,metaspace] GC(258) Metaspace: 193790K(195520K)->193790K(195520K) NonClass: 170671K(171584K)->170671K(171584K) Class: 23119K(23936K)->23119K(23936K)
[2025-04-03T05:15:20.158-0400][45576.391s][info ][gc          ] GC(258) Pause Young (Normal) (G1 Evacuation Pause) 455M->193M(512M) 3.642ms
[2025-04-03T05:15:20.158-0400][45576.391s][info ][gc,cpu      ] GC(258) User=0.03s Sys=0.00s Real=0.00s
[2025-04-03T05:15:20.158-0400][45576.391s][info ][safepoint   ] Safepoint "G1CollectForAllocation", Time since last: 219404214200 ns, Reaching safepoint: 55200 ns, Cleanup: 4400 ns, At safepoint: 3710000 ns, Total: 3769600 ns
[2025-04-03T05:18:58.775-0400][45795.008s][debug][safepoint   ] Safepoint synchronization initiated using striped semaphore wait barrier. (238 threads)
[2025-04-03T05:18:58.775-0400][45795.008s][info ][gc,start    ] GC(259) Pause Young (Normal) (G1 Evacuation Pause)
[2025-04-03T05:18:58.775-0400][45795.008s][info ][gc,task     ] GC(259) Using 23 workers of 23 for evacuation
[2025-04-03T05:18:58.778-0400][45795.011s][info ][gc,phases   ] GC(259)   Pre Evacuate Collection Set: 0.3ms
[2025-04-03T05:18:58.778-0400][45795.011s][info ][gc,phases   ] GC(259)   Merge Heap Roots: 0.1ms
[2025-04-03T05:18:58.778-0400][45795.011s][info ][gc,phases   ] GC(259)   Evacuate Collection Set: 1.5ms
[2025-04-03T05:18:58.778-0400][45795.011s][info ][gc,phases   ] GC(259)   Post Evacuate Collection Set: 1.3ms
[2025-04-03T05:18:58.778-0400][45795.011s][info ][gc,phases   ] GC(259)   Other: 0.1ms
[2025-04-03T05:18:58.778-0400][45795.011s][info ][gc,heap     ] GC(259) Eden regions: 262->0(262)
[2025-04-03T05:18:58.778-0400][45795.011s][info ][gc,heap     ] GC(259) Survivor regions: 2->2(33)
[2025-04-03T05:18:58.778-0400][45795.011s][info ][gc,heap     ] GC(259) Old regions: 191->191
[2025-04-03T05:18:58.778-0400][45795.011s][info ][gc,heap     ] GC(259) Archive regions: 0->0
[2025-04-03T05:18:58.778-0400][45795.011s][info ][gc,heap     ] GC(259) Humongous regions: 2->2
[2025-04-03T05:18:58.778-0400][45795.011s][info ][gc,metaspace] GC(259) Metaspace: 193792K(195520K)->193792K(195520K) NonClass: 170672K(171584K)->170672K(171584K) Class: 23120K(23936K)->23120K(23936K)
[2025-04-03T05:18:58.778-0400][45795.011s][info ][gc          ] GC(259) Pause Young (Normal) (G1 Evacuation Pause) 455M->193M(512M) 3.312ms
[2025-04-03T05:18:58.778-0400][45795.011s][info ][gc,cpu      ] GC(259) User=0.00s Sys=0.00s Real=0.00s
[2025-04-03T05:18:58.778-0400][45795.011s][info ][safepoint   ] Safepoint "G1CollectForAllocation", Time since last: 218616622300 ns, Reaching safepoint: 56500 ns, Cleanup: 3400 ns, At safepoint: 3396900 ns, Total: 3456800 ns
[2025-04-03T05:22:39.574-0400][46015.806s][debug][safepoint   ] Safepoint synchronization initiated using striped semaphore wait barrier. (236 threads)
[2025-04-03T05:22:39.574-0400][46015.807s][info ][gc,start    ] GC(260) Pause Young (Normal) (G1 Evacuation Pause)
[2025-04-03T05:22:39.574-0400][46015.807s][info ][gc,task     ] GC(260) Using 23 workers of 23 for evacuation
[2025-04-03T05:22:39.578-0400][46015.810s][info ][gc,phases   ] GC(260)   Pre Evacuate Collection Set: 0.1ms
[2025-04-03T05:22:39.578-0400][46015.810s][info ][gc,phases   ] GC(260)   Merge Heap Roots: 0.1ms
[2025-04-03T05:22:39.578-0400][46015.810s][info ][gc,phases   ] GC(260)   Evacuate Collection Set: 2.4ms
[2025-04-03T05:22:39.578-0400][46015.810s][info ][gc,phases   ] GC(260)   Post Evacuate Collection Set: 0.9ms
[2025-04-03T05:22:39.578-0400][46015.810s][info ][gc,phases   ] GC(260)   Other: 0.1ms
[2025-04-03T05:22:39.578-0400][46015.810s][info ][gc,heap     ] GC(260) Eden regions: 262->0(262)
[2025-04-03T05:22:39.578-0400][46015.810s][info ][gc,heap     ] GC(260) Survivor regions: 2->2(33)
[2025-04-03T05:22:39.578-0400][46015.810s][info ][gc,heap     ] GC(260) Old regions: 191->191
[2025-04-03T05:22:39.578-0400][46015.810s][info ][gc,heap     ] GC(260) Archive regions: 0->0
[2025-04-03T05:22:39.578-0400][46015.810s][info ][gc,heap     ] GC(260) Humongous regions: 2->2
[2025-04-03T05:22:39.578-0400][46015.810s][info ][gc,metaspace] GC(260) Metaspace: 193792K(195520K)->193792K(195520K) NonClass: 170672K(171584K)->170672K(171584K) Class: 23120K(23936K)->23120K(23936K)
[2025-04-03T05:22:39.578-0400][46015.810s][info ][gc          ] GC(260) Pause Young (Normal) (G1 Evacuation Pause) 455M->193M(512M) 3.684ms
[2025-04-03T05:22:39.578-0400][46015.810s][info ][gc,cpu      ] GC(260) User=0.00s Sys=0.00s Real=0.00s
[2025-04-03T05:22:39.578-0400][46015.810s][info ][safepoint   ] Safepoint "G1CollectForAllocation", Time since last: 220795333700 ns, Reaching safepoint: 62500 ns, Cleanup: 3000 ns, At safepoint: 3761200 ns, Total: 3826700 ns
[2025-04-03T05:26:15.834-0400][46232.067s][debug][safepoint   ] Safepoint synchronization initiated using striped semaphore wait barrier. (237 threads)
[2025-04-03T05:26:15.834-0400][46232.067s][info ][gc,start    ] GC(261) Pause Young (Normal) (G1 Evacuation Pause)
[2025-04-03T05:26:15.834-0400][46232.067s][info ][gc,task     ] GC(261) Using 23 workers of 23 for evacuation
[2025-04-03T05:26:15.837-0400][46232.069s][info ][gc,phases   ] GC(261)   Pre Evacuate Collection Set: 0.2ms
[2025-04-03T05:26:15.837-0400][46232.069s][info ][gc,phases   ] GC(261)   Merge Heap Roots: 0.1ms
[2025-04-03T05:26:15.837-0400][46232.069s][info ][gc,phases   ] GC(261)   Evacuate Collection Set: 1.2ms
[2025-04-03T05:26:15.837-0400][46232.070s][info ][gc,phases   ] GC(261)   Post Evacuate Collection Set: 1.1ms
[2025-04-03T05:26:15.837-0400][46232.070s][info ][gc,phases   ] GC(261)   Other: 0.1ms
[2025-04-03T05:26:15.837-0400][46232.070s][info ][gc,heap     ] GC(261) Eden regions: 262->0(262)
[2025-04-03T05:26:15.837-0400][46232.070s][info ][gc,heap     ] GC(261) Survivor regions: 2->2(33)
[2025-04-03T05:26:15.837-0400][46232.070s][info ][gc,heap     ] GC(261) Old regions: 191->191
[2025-04-03T05:26:15.837-0400][46232.070s][info ][gc,heap     ] GC(261) Archive regions: 0->0
[2025-04-03T05:26:15.837-0400][46232.070s][info ][gc,heap     ] GC(261) Humongous regions: 2->2
[2025-04-03T05:26:15.837-0400][46232.070s][info ][gc,metaspace] GC(261) Metaspace: 193793K(195520K)->193793K(195520K) NonClass: 170673K(171584K)->170673K(171584K) Class: 23120K(23936K)->23120K(23936K)
[2025-04-03T05:26:15.837-0400][46232.070s][info ][gc          ] GC(261) Pause Young (Normal) (G1 Evacuation Pause) 455M->193M(512M) 2.789ms
[2025-04-03T05:26:15.837-0400][46232.070s][info ][gc,cpu      ] GC(261) User=0.00s Sys=0.00s Real=0.00s
[2025-04-03T05:26:15.837-0400][46232.070s][info ][safepoint   ] Safepoint "G1CollectForAllocation", Time since last: 216256434400 ns, Reaching safepoint: 58200 ns, Cleanup: 3800 ns, At safepoint: 2871500 ns, Total: 2933500 ns
[2025-04-03T05:29:54.535-0400][46450.767s][debug][safepoint   ] Safepoint synchronization initiated using striped semaphore wait barrier. (238 threads)
[2025-04-03T05:29:54.535-0400][46450.767s][info ][gc,start    ] GC(262) Pause Young (Normal) (G1 Evacuation Pause)
[2025-04-03T05:29:54.535-0400][46450.767s][info ][gc,task     ] GC(262) Using 23 workers of 23 for evacuation
[2025-04-03T05:29:54.537-0400][46450.770s][info ][gc,phases   ] GC(262)   Pre Evacuate Collection Set: 0.1ms
[2025-04-03T05:29:54.537-0400][46450.770s][info ][gc,phases   ] GC(262)   Merge Heap Roots: 0.1ms
[2025-04-03T05:29:54.537-0400][46450.770s][info ][gc,phases   ] GC(262)   Evacuate Collection Set: 2.1ms
[2025-04-03T05:29:54.537-0400][46450.770s][info ][gc,phases   ] GC(262)   Post Evacuate Collection Set: 0.9ms
[2025-04-03T05:29:54.537-0400][46450.770s][info ][gc,phases   ] GC(262)   Other: 0.1ms
[2025-04-03T05:29:54.537-0400][46450.770s][info ][gc,heap     ] GC(262) Eden regions: 262->0(262)
[2025-04-03T05:29:54.537-0400][46450.770s][info ][gc,heap     ] GC(262) Survivor regions: 2->2(33)
[2025-04-03T05:29:54.537-0400][46450.770s][info ][gc,heap     ] GC(262) Old regions: 191->191
[2025-04-03T05:29:54.537-0400][46450.770s][info ][gc,heap     ] GC(262) Archive regions: 0->0
[2025-04-03T05:29:54.537-0400][46450.770s][info ][gc,heap     ] GC(262) Humongous regions: 2->2
[2025-04-03T05:29:54.537-0400][46450.770s][info ][gc,metaspace] GC(262) Metaspace: 193793K(195520K)->193793K(195520K) NonClass: 170673K(171584K)->170673K(171584K) Class: 23120K(23936K)->23120K(23936K)
[2025-04-03T05:29:54.537-0400][46450.770s][info ][gc          ] GC(262) Pause Young (Normal) (G1 Evacuation Pause) 455M->193M(512M) 3.298ms
[2025-04-03T05:29:54.537-0400][46450.770s][info ][gc,cpu      ] GC(262) User=0.00s Sys=0.00s Real=0.00s
[2025-04-03T05:29:54.537-0400][46450.770s][info ][safepoint   ] Safepoint "G1CollectForAllocation", Time since last: 218697194200 ns, Reaching safepoint: 51500 ns, Cleanup: 2000 ns, At safepoint: 3368000 ns, Total: 3421500 ns
[2025-04-03T05:33:33.394-0400][46669.627s][debug][safepoint   ] Safepoint synchronization initiated using striped semaphore wait barrier. (236 threads)
[2025-04-03T05:33:33.394-0400][46669.627s][info ][gc,start    ] GC(263) Pause Young (Normal) (G1 Evacuation Pause)
[2025-04-03T05:33:33.394-0400][46669.627s][info ][gc,task     ] GC(263) Using 23 workers of 23 for evacuation
[2025-04-03T05:33:33.398-0400][46669.631s][info ][gc,phases   ] GC(263)   Pre Evacuate Collection Set: 0.1ms
[2025-04-03T05:33:33.398-0400][46669.631s][info ][gc,phases   ] GC(263)   Merge Heap Roots: 0.1ms
[2025-04-03T05:33:33.398-0400][46669.631s][info ][gc,phases   ] GC(263)   Evacuate Collection Set: 2.8ms
[2025-04-03T05:33:33.398-0400][46669.631s][info ][gc,phases   ] GC(263)   Post Evacuate Collection Set: 1.1ms
[2025-04-03T05:33:33.398-0400][46669.631s][info ][gc,phases   ] GC(263)   Other: 0.1ms
[2025-04-03T05:33:33.398-0400][46669.631s][info ][gc,heap     ] GC(263) Eden regions: 262->0(262)
[2025-04-03T05:33:33.398-0400][46669.631s][info ][gc,heap     ] GC(263) Survivor regions: 2->2(33)
[2025-04-03T05:33:33.398-0400][46669.631s][info ][gc,heap     ] GC(263) Old regions: 191->191
[2025-04-03T05:33:33.398-0400][46669.631s][info ][gc,heap     ] GC(263) Archive regions: 0->0
[2025-04-03T05:33:33.398-0400][46669.631s][info ][gc,heap     ] GC(263) Humongous regions: 2->2
[2025-04-03T05:33:33.398-0400][46669.631s][info ][gc,metaspace] GC(263) Metaspace: 193793K(195520K)->193793K(195520K) NonClass: 170673K(171584K)->170673K(171584K) Class: 23120K(23936K)->23120K(23936K)
[2025-04-03T05:33:33.398-0400][46669.631s][info ][gc          ] GC(263) Pause Young (Normal) (G1 Evacuation Pause) 455M->193M(512M) 4.242ms
[2025-04-03T05:33:33.398-0400][46669.631s][info ][gc,cpu      ] GC(263) User=0.00s Sys=0.00s Real=0.00s
[2025-04-03T05:33:33.398-0400][46669.631s][info ][safepoint   ] Safepoint "G1CollectForAllocation", Time since last: 218856368300 ns, Reaching safepoint: 78400 ns, Cleanup: 2200 ns, At safepoint: 4306000 ns, Total: 4386600 ns
[2025-04-03T05:36:12.612-0400][46828.844s][debug][safepoint   ] Safepoint synchronization initiated using striped semaphore wait barrier. (238 threads)
[2025-04-03T05:36:12.612-0400][46828.844s][info ][safepoint   ] Safepoint "Cleanup", Time since last: 159213134900 ns, Reaching safepoint: 97500 ns, Cleanup: 7600 ns, At safepoint: 1500 ns, Total: 106600 ns
[2025-04-03T05:37:11.520-0400][46887.752s][debug][safepoint   ] Safepoint synchronization initiated using striped semaphore wait barrier. (241 threads)
[2025-04-03T05:37:11.520-0400][46887.752s][info ][gc,start    ] GC(264) Pause Young (Normal) (G1 Evacuation Pause)
[2025-04-03T05:37:11.520-0400][46887.752s][info ][gc,task     ] GC(264) Using 23 workers of 23 for evacuation
[2025-04-03T05:37:11.523-0400][46887.756s][info ][gc,phases   ] GC(264)   Pre Evacuate Collection Set: 0.1ms
[2025-04-03T05:37:11.523-0400][46887.756s][info ][gc,phases   ] GC(264)   Merge Heap Roots: 0.1ms
[2025-04-03T05:37:11.523-0400][46887.756s][info ][gc,phases   ] GC(264)   Evacuate Collection Set: 2.5ms
[2025-04-03T05:37:11.523-0400][46887.756s][info ][gc,phases   ] GC(264)   Post Evacuate Collection Set: 1.4ms
[2025-04-03T05:37:11.523-0400][46887.756s][info ][gc,phases   ] GC(264)   Other: 0.1ms
[2025-04-03T05:37:11.523-0400][46887.756s][info ][gc,heap     ] GC(264) Eden regions: 262->0(262)
[2025-04-03T05:37:11.523-0400][46887.756s][info ][gc,heap     ] GC(264) Survivor regions: 2->2(33)
[2025-04-03T05:37:11.523-0400][46887.756s][info ][gc,heap     ] GC(264) Old regions: 191->191
[2025-04-03T05:37:11.523-0400][46887.756s][info ][gc,heap     ] GC(264) Archive regions: 0->0
[2025-04-03T05:37:11.523-0400][46887.756s][info ][gc,heap     ] GC(264) Humongous regions: 2->2
[2025-04-03T05:37:11.523-0400][46887.756s][info ][gc,metaspace] GC(264) Metaspace: 193799K(195520K)->193799K(195520K) NonClass: 170679K(171584K)->170679K(171584K) Class: 23120K(23936K)->23120K(23936K)
[2025-04-03T05:37:11.523-0400][46887.756s][info ][gc          ] GC(264) Pause Young (Normal) (G1 Evacuation Pause) 455M->193M(512M) 4.281ms
[2025-04-03T05:37:11.523-0400][46887.756s][info ][gc,cpu      ] GC(264) User=0.00s Sys=0.00s Real=0.00s
[2025-04-03T05:37:11.523-0400][46887.756s][info ][safepoint   ] Safepoint "G1CollectForAllocation", Time since last: 58907536400 ns, Reaching safepoint: 45500 ns, Cleanup: 2000 ns, At safepoint: 4352300 ns, Total: 4399800 ns
[2025-04-03T05:40:51.958-0400][47108.190s][debug][safepoint   ] Safepoint synchronization initiated using striped semaphore wait barrier. (238 threads)
[2025-04-03T05:40:51.958-0400][47108.190s][info ][gc,start    ] GC(265) Pause Young (Normal) (G1 Evacuation Pause)
[2025-04-03T05:40:51.958-0400][47108.190s][info ][gc,task     ] GC(265) Using 23 workers of 23 for evacuation
[2025-04-03T05:40:51.962-0400][47108.194s][info ][gc,phases   ] GC(265)   Pre Evacuate Collection Set: 0.1ms
[2025-04-03T05:40:51.962-0400][47108.194s][info ][gc,phases   ] GC(265)   Merge Heap Roots: 0.1ms
[2025-04-03T05:40:51.962-0400][47108.194s][info ][gc,phases   ] GC(265)   Evacuate Collection Set: 2.5ms
[2025-04-03T05:40:51.962-0400][47108.194s][info ][gc,phases   ] GC(265)   Post Evacuate Collection Set: 1.0ms
[2025-04-03T05:40:51.962-0400][47108.194s][info ][gc,phases   ] GC(265)   Other: 0.1ms
[2025-04-03T05:40:51.962-0400][47108.194s][info ][gc,heap     ] GC(265) Eden regions: 262->0(262)
[2025-04-03T05:40:51.962-0400][47108.194s][info ][gc,heap     ] GC(265) Survivor regions: 2->2(33)
[2025-04-03T05:40:51.962-0400][47108.194s][info ][gc,heap     ] GC(265) Old regions: 191->191
[2025-04-03T05:40:51.962-0400][47108.194s][info ][gc,heap     ] GC(265) Archive regions: 0->0
[2025-04-03T05:40:51.962-0400][47108.194s][info ][gc,heap     ] GC(265) Humongous regions: 2->2
[2025-04-03T05:40:51.962-0400][47108.194s][info ][gc,metaspace] GC(265) Metaspace: 193799K(195520K)->193799K(195520K) NonClass: 170679K(171584K)->170679K(171584K) Class: 23120K(23936K)->23120K(23936K)
[2025-04-03T05:40:51.962-0400][47108.194s][info ][gc          ] GC(265) Pause Young (Normal) (G1 Evacuation Pause) 455M->193M(512M) 3.845ms
[2025-04-03T05:40:51.962-0400][47108.194s][info ][gc,cpu      ] GC(265) User=0.00s Sys=0.00s Real=0.00s
[2025-04-03T05:40:51.962-0400][47108.194s][info ][safepoint   ] Safepoint "G1CollectForAllocation", Time since last: 220433812800 ns, Reaching safepoint: 50700 ns, Cleanup: 3300 ns, At safepoint: 3925400 ns, Total: 3979400 ns
[2025-04-03T05:44:31.408-0400][47327.641s][debug][safepoint   ] Safepoint synchronization initiated using striped semaphore wait barrier. (238 threads)
[2025-04-03T05:44:31.408-0400][47327.641s][info ][gc,start    ] GC(266) Pause Young (Normal) (G1 Evacuation Pause)
[2025-04-03T05:44:31.408-0400][47327.641s][info ][gc,task     ] GC(266) Using 23 workers of 23 for evacuation
[2025-04-03T05:44:31.411-0400][47327.644s][info ][gc,phases   ] GC(266)   Pre Evacuate Collection Set: 0.1ms
[2025-04-03T05:44:31.411-0400][47327.644s][info ][gc,phases   ] GC(266)   Merge Heap Roots: 0.1ms
[2025-04-03T05:44:31.411-0400][47327.644s][info ][gc,phases   ] GC(266)   Evacuate Collection Set: 2.4ms
[2025-04-03T05:44:31.411-0400][47327.644s][info ][gc,phases   ] GC(266)   Post Evacuate Collection Set: 1.1ms
[2025-04-03T05:44:31.411-0400][47327.644s][info ][gc,phases   ] GC(266)   Other: 0.1ms
[2025-04-03T05:44:31.411-0400][47327.644s][info ][gc,heap     ] GC(266) Eden regions: 262->0(262)
[2025-04-03T05:44:31.411-0400][47327.644s][info ][gc,heap     ] GC(266) Survivor regions: 2->2(33)
[2025-04-03T05:44:31.411-0400][47327.644s][info ][gc,heap     ] GC(266) Old regions: 191->191
[2025-04-03T05:44:31.411-0400][47327.644s][info ][gc,heap     ] GC(266) Archive regions: 0->0
[2025-04-03T05:44:31.411-0400][47327.644s][info ][gc,heap     ] GC(266) Humongous regions: 2->2
[2025-04-03T05:44:31.412-0400][47327.644s][info ][gc,metaspace] GC(266) Metaspace: 193799K(195520K)->193799K(195520K) NonClass: 170679K(171584K)->170679K(171584K) Class: 23120K(23936K)->23120K(23936K)
[2025-04-03T05:44:31.412-0400][47327.644s][info ][gc          ] GC(266) Pause Young (Normal) (G1 Evacuation Pause) 455M->193M(512M) 3.783ms
[2025-04-03T05:44:31.412-0400][47327.644s][info ][gc,cpu      ] GC(266) User=0.00s Sys=0.00s Real=0.00s
[2025-04-03T05:44:31.412-0400][47327.645s][info ][safepoint   ] Safepoint "G1CollectForAllocation", Time since last: 219446673000 ns, Reaching safepoint: 53900 ns, Cleanup: 2500 ns, At safepoint: 3861000 ns, Total: 3917400 ns
[2025-04-03T05:48:12.554-0400][47548.786s][debug][safepoint   ] Safepoint synchronization initiated using striped semaphore wait barrier. (238 threads)
[2025-04-03T05:48:12.554-0400][47548.787s][info ][gc,start    ] GC(267) Pause Young (Normal) (G1 Evacuation Pause)
[2025-04-03T05:48:12.554-0400][47548.787s][info ][gc,task     ] GC(267) Using 23 workers of 23 for evacuation
[2025-04-03T05:48:12.557-0400][47548.790s][info ][gc,phases   ] GC(267)   Pre Evacuate Collection Set: 0.1ms
[2025-04-03T05:48:12.557-0400][47548.790s][info ][gc,phases   ] GC(267)   Merge Heap Roots: 0.1ms
[2025-04-03T05:48:12.557-0400][47548.790s][info ][gc,phases   ] GC(267)   Evacuate Collection Set: 2.1ms
[2025-04-03T05:48:12.557-0400][47548.790s][info ][gc,phases   ] GC(267)   Post Evacuate Collection Set: 1.1ms
[2025-04-03T05:48:12.557-0400][47548.790s][info ][gc,phases   ] GC(267)   Other: 0.1ms
[2025-04-03T05:48:12.557-0400][47548.790s][info ][gc,heap     ] GC(267) Eden regions: 262->0(262)
[2025-04-03T05:48:12.557-0400][47548.790s][info ][gc,heap     ] GC(267) Survivor regions: 2->2(33)
[2025-04-03T05:48:12.557-0400][47548.790s][info ][gc,heap     ] GC(267) Old regions: 191->191
[2025-04-03T05:48:12.557-0400][47548.790s][info ][gc,heap     ] GC(267) Archive regions: 0->0
[2025-04-03T05:48:12.557-0400][47548.790s][info ][gc,heap     ] GC(267) Humongous regions: 2->2
[2025-04-03T05:48:12.557-0400][47548.790s][info ][gc,metaspace] GC(267) Metaspace: 193799K(195520K)->193799K(195520K) NonClass: 170679K(171584K)->170679K(171584K) Class: 23120K(23936K)->23120K(23936K)
[2025-04-03T05:48:12.557-0400][47548.790s][info ][gc          ] GC(267) Pause Young (Normal) (G1 Evacuation Pause) 455M->193M(512M) 3.502ms
[2025-04-03T05:48:12.557-0400][47548.790s][info ][gc,cpu      ] GC(267) User=0.00s Sys=0.00s Real=0.00s
[2025-04-03T05:48:12.557-0400][47548.790s][info ][safepoint   ] Safepoint "G1CollectForAllocation", Time since last: 221141953200 ns, Reaching safepoint: 42800 ns, Cleanup: 2000 ns, At safepoint: 3571800 ns, Total: 3616600 ns
[2025-04-03T05:51:52.062-0400][47768.294s][debug][safepoint   ] Safepoint synchronization initiated using striped semaphore wait barrier. (237 threads)
[2025-04-03T05:51:52.062-0400][47768.294s][info ][gc,start    ] GC(268) Pause Young (Normal) (G1 Evacuation Pause)
[2025-04-03T05:51:52.062-0400][47768.294s][info ][gc,task     ] GC(268) Using 23 workers of 23 for evacuation
[2025-04-03T05:51:52.065-0400][47768.298s][info ][gc,phases   ] GC(268)   Pre Evacuate Collection Set: 0.1ms
[2025-04-03T05:51:52.065-0400][47768.298s][info ][gc,phases   ] GC(268)   Merge Heap Roots: 0.1ms
[2025-04-03T05:51:52.065-0400][47768.298s][info ][gc,phases   ] GC(268)   Evacuate Collection Set: 2.2ms
[2025-04-03T05:51:52.065-0400][47768.298s][info ][gc,phases   ] GC(268)   Post Evacuate Collection Set: 1.0ms
[2025-04-03T05:51:52.065-0400][47768.298s][info ][gc,phases   ] GC(268)   Other: 0.1ms
[2025-04-03T05:51:52.065-0400][47768.298s][info ][gc,heap     ] GC(268) Eden regions: 262->0(262)
[2025-04-03T05:51:52.065-0400][47768.298s][info ][gc,heap     ] GC(268) Survivor regions: 2->2(33)
[2025-04-03T05:51:52.065-0400][47768.298s][info ][gc,heap     ] GC(268) Old regions: 191->191
[2025-04-03T05:51:52.065-0400][47768.298s][info ][gc,heap     ] GC(268) Archive regions: 0->0
[2025-04-03T05:51:52.065-0400][47768.298s][info ][gc,heap     ] GC(268) Humongous regions: 2->2
[2025-04-03T05:51:52.065-0400][47768.298s][info ][gc,metaspace] GC(268) Metaspace: 193799K(195520K)->193799K(195520K) NonClass: 170679K(171584K)->170679K(171584K) Class: 23120K(23936K)->23120K(23936K)
[2025-04-03T05:51:52.065-0400][47768.298s][info ][gc          ] GC(268) Pause Young (Normal) (G1 Evacuation Pause) 455M->193M(512M) 3.557ms
[2025-04-03T05:51:52.065-0400][47768.298s][info ][gc,cpu      ] GC(268) User=0.02s Sys=0.00s Real=0.00s
[2025-04-03T05:51:52.065-0400][47768.298s][info ][safepoint   ] Safepoint "G1CollectForAllocation", Time since last: 219504256400 ns, Reaching safepoint: 49700 ns, Cleanup: 2400 ns, At safepoint: 3617500 ns, Total: 3669600 ns
[2025-04-03T05:55:28.681-0400][47984.913s][debug][safepoint   ] Safepoint synchronization initiated using striped semaphore wait barrier. (240 threads)
[2025-04-03T05:55:28.681-0400][47984.913s][info ][gc,start    ] GC(269) Pause Young (Normal) (G1 Evacuation Pause)
[2025-04-03T05:55:28.681-0400][47984.913s][info ][gc,task     ] GC(269) Using 23 workers of 23 for evacuation
[2025-04-03T05:55:28.685-0400][47984.917s][info ][gc,phases   ] GC(269)   Pre Evacuate Collection Set: 0.1ms
[2025-04-03T05:55:28.685-0400][47984.917s][info ][gc,phases   ] GC(269)   Merge Heap Roots: 0.1ms
[2025-04-03T05:55:28.685-0400][47984.917s][info ][gc,phases   ] GC(269)   Evacuate Collection Set: 2.5ms
[2025-04-03T05:55:28.685-0400][47984.917s][info ][gc,phases   ] GC(269)   Post Evacuate Collection Set: 1.0ms
[2025-04-03T05:55:28.685-0400][47984.917s][info ][gc,phases   ] GC(269)   Other: 0.1ms
[2025-04-03T05:55:28.685-0400][47984.917s][info ][gc,heap     ] GC(269) Eden regions: 262->0(262)
[2025-04-03T05:55:28.685-0400][47984.917s][info ][gc,heap     ] GC(269) Survivor regions: 2->2(33)
[2025-04-03T05:55:28.685-0400][47984.917s][info ][gc,heap     ] GC(269) Old regions: 191->191
[2025-04-03T05:55:28.685-0400][47984.917s][info ][gc,heap     ] GC(269) Archive regions: 0->0
[2025-04-03T05:55:28.685-0400][47984.917s][info ][gc,heap     ] GC(269) Humongous regions: 2->2
[2025-04-03T05:55:28.685-0400][47984.917s][info ][gc,metaspace] GC(269) Metaspace: 193799K(195520K)->193799K(195520K) NonClass: 170679K(171584K)->170679K(171584K) Class: 23120K(23936K)->23120K(23936K)
[2025-04-03T05:55:28.685-0400][47984.917s][info ][gc          ] GC(269) Pause Young (Normal) (G1 Evacuation Pause) 455M->193M(512M) 3.806ms
[2025-04-03T05:55:28.685-0400][47984.917s][info ][gc,cpu      ] GC(269) User=0.00s Sys=0.00s Real=0.00s
[2025-04-03T05:55:28.685-0400][47984.917s][info ][safepoint   ] Safepoint "G1CollectForAllocation", Time since last: 216615189100 ns, Reaching safepoint: 45000 ns, Cleanup: 1900 ns, At safepoint: 3866400 ns, Total: 3913300 ns
[2025-04-03T05:57:35.414-0400][48111.646s][debug][safepoint   ] Safepoint synchronization initiated using striped semaphore wait barrier. (238 threads)
[2025-04-03T05:57:35.414-0400][48111.646s][info ][safepoint   ] Safepoint "Cleanup", Time since last: 126729121100 ns, Reaching safepoint: 45800 ns, Cleanup: 6300 ns, At safepoint: 1500 ns, Total: 53600 ns
[2025-04-03T05:59:06.830-0400][48203.062s][debug][safepoint   ] Safepoint synchronization initiated using striped semaphore wait barrier. (237 threads)
[2025-04-03T05:59:06.830-0400][48203.062s][info ][gc,start    ] GC(270) Pause Young (Normal) (G1 Evacuation Pause)
[2025-04-03T05:59:06.830-0400][48203.062s][info ][gc,task     ] GC(270) Using 23 workers of 23 for evacuation
[2025-04-03T05:59:06.832-0400][48203.065s][info ][gc,phases   ] GC(270)   Pre Evacuate Collection Set: 0.1ms
[2025-04-03T05:59:06.832-0400][48203.065s][info ][gc,phases   ] GC(270)   Merge Heap Roots: 0.1ms
[2025-04-03T05:59:06.832-0400][48203.065s][info ][gc,phases   ] GC(270)   Evacuate Collection Set: 1.2ms
[2025-04-03T05:59:06.832-0400][48203.065s][info ][gc,phases   ] GC(270)   Post Evacuate Collection Set: 1.1ms
[2025-04-03T05:59:06.832-0400][48203.065s][info ][gc,phases   ] GC(270)   Other: 0.1ms
[2025-04-03T05:59:06.832-0400][48203.065s][info ][gc,heap     ] GC(270) Eden regions: 262->0(262)
[2025-04-03T05:59:06.832-0400][48203.065s][info ][gc,heap     ] GC(270) Survivor regions: 2->2(33)
[2025-04-03T05:59:06.832-0400][48203.065s][info ][gc,heap     ] GC(270) Old regions: 191->191
[2025-04-03T05:59:06.832-0400][48203.065s][info ][gc,heap     ] GC(270) Archive regions: 0->0
[2025-04-03T05:59:06.832-0400][48203.065s][info ][gc,heap     ] GC(270) Humongous regions: 2->2
[2025-04-03T05:59:06.832-0400][48203.065s][info ][gc,metaspace] GC(270) Metaspace: 193802K(195520K)->193802K(195520K) NonClass: 170682K(171584K)->170682K(171584K) Class: 23120K(23936K)->23120K(23936K)
[2025-04-03T05:59:06.832-0400][48203.065s][info ][gc          ] GC(270) Pause Young (Normal) (G1 Evacuation Pause) 455M->193M(512M) 2.710ms
[2025-04-03T05:59:06.832-0400][48203.065s][info ][gc,cpu      ] GC(270) User=0.00s Sys=0.00s Real=0.00s
[2025-04-03T05:59:06.832-0400][48203.065s][info ][safepoint   ] Safepoint "G1CollectForAllocation", Time since last: 91415805000 ns, Reaching safepoint: 51900 ns, Cleanup: 3400 ns, At safepoint: 2767300 ns, Total: 2822600 ns
[2025-04-03T06:02:45.926-0400][48422.158s][debug][safepoint   ] Safepoint synchronization initiated using striped semaphore wait barrier. (237 threads)
[2025-04-03T06:02:45.926-0400][48422.158s][info ][gc,start    ] GC(271) Pause Young (Normal) (G1 Evacuation Pause)
[2025-04-03T06:02:45.926-0400][48422.158s][info ][gc,task     ] GC(271) Using 23 workers of 23 for evacuation
[2025-04-03T06:02:45.928-0400][48422.161s][info ][gc,phases   ] GC(271)   Pre Evacuate Collection Set: 0.1ms
[2025-04-03T06:02:45.928-0400][48422.161s][info ][gc,phases   ] GC(271)   Merge Heap Roots: 0.1ms
[2025-04-03T06:02:45.928-0400][48422.161s][info ][gc,phases   ] GC(271)   Evacuate Collection Set: 2.1ms
[2025-04-03T06:02:45.928-0400][48422.161s][info ][gc,phases   ] GC(271)   Post Evacuate Collection Set: 0.9ms
[2025-04-03T06:02:45.928-0400][48422.161s][info ][gc,phases   ] GC(271)   Other: 0.1ms
[2025-04-03T06:02:45.928-0400][48422.161s][info ][gc,heap     ] GC(271) Eden regions: 262->0(262)
[2025-04-03T06:02:45.928-0400][48422.161s][info ][gc,heap     ] GC(271) Survivor regions: 2->2(33)
[2025-04-03T06:02:45.928-0400][48422.161s][info ][gc,heap     ] GC(271) Old regions: 191->191
[2025-04-03T06:02:45.928-0400][48422.161s][info ][gc,heap     ] GC(271) Archive regions: 0->0
[2025-04-03T06:02:45.928-0400][48422.161s][info ][gc,heap     ] GC(271) Humongous regions: 2->2
[2025-04-03T06:02:45.928-0400][48422.161s][info ][gc,metaspace] GC(271) Metaspace: 193802K(195520K)->193802K(195520K) NonClass: 170682K(171584K)->170682K(171584K) Class: 23120K(23936K)->23120K(23936K)
[2025-04-03T06:02:45.928-0400][48422.161s][info ][gc          ] GC(271) Pause Young (Normal) (G1 Evacuation Pause) 455M->193M(512M) 3.435ms
[2025-04-03T06:02:45.928-0400][48422.161s][info ][gc,cpu      ] GC(271) User=0.00s Sys=0.00s Real=0.00s
[2025-04-03T06:02:45.928-0400][48422.161s][info ][safepoint   ] Safepoint "G1CollectForAllocation", Time since last: 219092780100 ns, Reaching safepoint: 122000 ns, Cleanup: 3400 ns, At safepoint: 3509000 ns, Total: 3634400 ns
[2025-04-03T06:02:46.929-0400][48423.162s][debug][safepoint   ] Safepoint synchronization initiated using striped semaphore wait barrier. (237 threads)
[2025-04-03T06:02:46.929-0400][48423.162s][info ][safepoint   ] Safepoint "Cleanup", Time since last: 1000204300 ns, Reaching safepoint: 71700 ns, Cleanup: 13700 ns, At safepoint: 1900 ns, Total: 87300 ns
[2025-04-03T06:06:26.679-0400][48642.912s][debug][safepoint   ] Safepoint synchronization initiated using striped semaphore wait barrier. (238 threads)
[2025-04-03T06:06:26.679-0400][48642.912s][info ][gc,start    ] GC(272) Pause Young (Normal) (G1 Evacuation Pause)
[2025-04-03T06:06:26.679-0400][48642.912s][info ][gc,task     ] GC(272) Using 23 workers of 23 for evacuation
[2025-04-03T06:06:26.682-0400][48642.915s][info ][gc,phases   ] GC(272)   Pre Evacuate Collection Set: 0.1ms
[2025-04-03T06:06:26.682-0400][48642.915s][info ][gc,phases   ] GC(272)   Merge Heap Roots: 0.1ms
[2025-04-03T06:06:26.682-0400][48642.915s][info ][gc,phases   ] GC(272)   Evacuate Collection Set: 2.1ms
[2025-04-03T06:06:26.682-0400][48642.915s][info ][gc,phases   ] GC(272)   Post Evacuate Collection Set: 1.1ms
[2025-04-03T06:06:26.682-0400][48642.915s][info ][gc,phases   ] GC(272)   Other: 0.1ms
[2025-04-03T06:06:26.682-0400][48642.915s][info ][gc,heap     ] GC(272) Eden regions: 262->0(262)
[2025-04-03T06:06:26.682-0400][48642.915s][info ][gc,heap     ] GC(272) Survivor regions: 2->2(33)
[2025-04-03T06:06:26.682-0400][48642.915s][info ][gc,heap     ] GC(272) Old regions: 191->191
[2025-04-03T06:06:26.682-0400][48642.915s][info ][gc,heap     ] GC(272) Archive regions: 0->0
[2025-04-03T06:06:26.682-0400][48642.915s][info ][gc,heap     ] GC(272) Humongous regions: 2->2
[2025-04-03T06:06:26.682-0400][48642.915s][info ][gc,metaspace] GC(272) Metaspace: 193802K(195520K)->193802K(195520K) NonClass: 170682K(171584K)->170682K(171584K) Class: 23120K(23936K)->23120K(23936K)
[2025-04-03T06:06:26.682-0400][48642.915s][info ][gc          ] GC(272) Pause Young (Normal) (G1 Evacuation Pause) 455M->193M(512M) 3.566ms
[2025-04-03T06:06:26.682-0400][48642.915s][info ][gc,cpu      ] GC(272) User=0.00s Sys=0.00s Real=0.00s
[2025-04-03T06:06:26.683-0400][48642.915s][info ][safepoint   ] Safepoint "G1CollectForAllocation", Time since last: 219750005900 ns, Reaching safepoint: 43800 ns, Cleanup: 1900 ns, At safepoint: 3648300 ns, Total: 3694000 ns
[2025-04-03T06:10:06.251-0400][48862.483s][debug][safepoint   ] Safepoint synchronization initiated using striped semaphore wait barrier. (237 threads)
[2025-04-03T06:10:06.251-0400][48862.483s][info ][gc,start    ] GC(273) Pause Young (Normal) (G1 Evacuation Pause)
[2025-04-03T06:10:06.251-0400][48862.483s][info ][gc,task     ] GC(273) Using 23 workers of 23 for evacuation
[2025-04-03T06:10:06.253-0400][48862.486s][info ][gc,phases   ] GC(273)   Pre Evacuate Collection Set: 0.1ms
[2025-04-03T06:10:06.253-0400][48862.486s][info ][gc,phases   ] GC(273)   Merge Heap Roots: 0.1ms
[2025-04-03T06:10:06.253-0400][48862.486s][info ][gc,phases   ] GC(273)   Evacuate Collection Set: 2.2ms
[2025-04-03T06:10:06.253-0400][48862.486s][info ][gc,phases   ] GC(273)   Post Evacuate Collection Set: 1.0ms
[2025-04-03T06:10:06.253-0400][48862.486s][info ][gc,phases   ] GC(273)   Other: 0.1ms
[2025-04-03T06:10:06.253-0400][48862.486s][info ][gc,heap     ] GC(273) Eden regions: 262->0(262)
[2025-04-03T06:10:06.253-0400][48862.486s][info ][gc,heap     ] GC(273) Survivor regions: 2->2(33)
[2025-04-03T06:10:06.253-0400][48862.486s][info ][gc,heap     ] GC(273) Old regions: 191->191
[2025-04-03T06:10:06.253-0400][48862.486s][info ][gc,heap     ] GC(273) Archive regions: 0->0
[2025-04-03T06:10:06.253-0400][48862.486s][info ][gc,heap     ] GC(273) Humongous regions: 2->2
[2025-04-03T06:10:06.253-0400][48862.486s][info ][gc,metaspace] GC(273) Metaspace: 193802K(195520K)->193802K(195520K) NonClass: 170682K(171584K)->170682K(171584K) Class: 23120K(23936K)->23120K(23936K)
[2025-04-03T06:10:06.253-0400][48862.486s][info ][gc          ] GC(273) Pause Young (Normal) (G1 Evacuation Pause) 455M->193M(512M) 3.537ms
[2025-04-03T06:10:06.253-0400][48862.486s][info ][gc,cpu      ] GC(273) User=0.02s Sys=0.00s Real=0.00s
[2025-04-03T06:10:06.254-0400][48862.487s][info ][safepoint   ] Safepoint "G1CollectForAllocation", Time since last: 219567511700 ns, Reaching safepoint: 45600 ns, Cleanup: 2000 ns, At safepoint: 3631800 ns, Total: 3679400 ns
[2025-04-03T06:10:07.255-0400][48863.487s][debug][safepoint   ] Safepoint synchronization initiated using striped semaphore wait barrier. (237 threads)
[2025-04-03T06:10:07.255-0400][48863.487s][info ][safepoint   ] Safepoint "Cleanup", Time since last: 1000833800 ns, Reaching safepoint: 106600 ns, Cleanup: 12500 ns, At safepoint: 2200 ns, Total: 121300 ns
[2025-04-03T06:13:45.783-0400][49082.015s][debug][safepoint   ] Safepoint synchronization initiated using striped semaphore wait barrier. (238 threads)
[2025-04-03T06:13:45.783-0400][49082.015s][info ][gc,start    ] GC(274) Pause Young (Normal) (G1 Evacuation Pause)
[2025-04-03T06:13:45.783-0400][49082.015s][info ][gc,task     ] GC(274) Using 23 workers of 23 for evacuation
[2025-04-03T06:13:45.786-0400][49082.019s][info ][gc,phases   ] GC(274)   Pre Evacuate Collection Set: 0.1ms
[2025-04-03T06:13:45.786-0400][49082.019s][info ][gc,phases   ] GC(274)   Merge Heap Roots: 0.1ms
[2025-04-03T06:13:45.786-0400][49082.019s][info ][gc,phases   ] GC(274)   Evacuate Collection Set: 2.0ms
[2025-04-03T06:13:45.786-0400][49082.019s][info ][gc,phases   ] GC(274)   Post Evacuate Collection Set: 0.9ms
[2025-04-03T06:13:45.786-0400][49082.019s][info ][gc,phases   ] GC(274)   Other: 0.1ms
[2025-04-03T06:13:45.786-0400][49082.019s][info ][gc,heap     ] GC(274) Eden regions: 262->0(262)
[2025-04-03T06:13:45.786-0400][49082.019s][info ][gc,heap     ] GC(274) Survivor regions: 2->2(33)
[2025-04-03T06:13:45.786-0400][49082.019s][info ][gc,heap     ] GC(274) Old regions: 191->191
[2025-04-03T06:13:45.786-0400][49082.019s][info ][gc,heap     ] GC(274) Archive regions: 0->0
[2025-04-03T06:13:45.786-0400][49082.019s][info ][gc,heap     ] GC(274) Humongous regions: 2->2
[2025-04-03T06:13:45.786-0400][49082.019s][info ][gc,metaspace] GC(274) Metaspace: 193802K(195520K)->193802K(195520K) NonClass: 170682K(171584K)->170682K(171584K) Class: 23120K(23936K)->23120K(23936K)
[2025-04-03T06:13:45.786-0400][49082.019s][info ][gc          ] GC(274) Pause Young (Normal) (G1 Evacuation Pause) 455M->193M(512M) 3.257ms
[2025-04-03T06:13:45.786-0400][49082.019s][info ][gc,cpu      ] GC(274) User=0.00s Sys=0.00s Real=0.00s
[2025-04-03T06:13:45.786-0400][49082.019s][info ][safepoint   ] Safepoint "G1CollectForAllocation", Time since last: 218527923700 ns, Reaching safepoint: 46200 ns, Cleanup: 2000 ns, At safepoint: 3325600 ns, Total: 3373800 ns
[2025-04-03T06:16:14.861-0400][49231.093s][debug][safepoint   ] Safepoint synchronization initiated using striped semaphore wait barrier. (237 threads)
[2025-04-03T06:16:14.861-0400][49231.093s][info ][safepoint   ] Safepoint "Cleanup", Time since last: 149074529400 ns, Reaching safepoint: 40500 ns, Cleanup: 5200 ns, At safepoint: 1400 ns, Total: 47100 ns
[2025-04-03T06:17:25.235-0400][49301.467s][debug][safepoint   ] Safepoint synchronization initiated using striped semaphore wait barrier. (237 threads)
[2025-04-03T06:17:25.235-0400][49301.467s][info ][gc,start    ] GC(275) Pause Young (Normal) (G1 Evacuation Pause)
[2025-04-03T06:17:25.235-0400][49301.467s][info ][gc,task     ] GC(275) Using 23 workers of 23 for evacuation
[2025-04-03T06:17:25.238-0400][49301.470s][info ][gc,phases   ] GC(275)   Pre Evacuate Collection Set: 0.1ms
[2025-04-03T06:17:25.238-0400][49301.470s][info ][gc,phases   ] GC(275)   Merge Heap Roots: 0.1ms
[2025-04-03T06:17:25.238-0400][49301.470s][info ][gc,phases   ] GC(275)   Evacuate Collection Set: 2.1ms
[2025-04-03T06:17:25.238-0400][49301.470s][info ][gc,phases   ] GC(275)   Post Evacuate Collection Set: 1.1ms
[2025-04-03T06:17:25.238-0400][49301.470s][info ][gc,phases   ] GC(275)   Other: 0.1ms
[2025-04-03T06:17:25.238-0400][49301.470s][info ][gc,heap     ] GC(275) Eden regions: 262->0(262)
[2025-04-03T06:17:25.238-0400][49301.470s][info ][gc,heap     ] GC(275) Survivor regions: 2->2(33)
[2025-04-03T06:17:25.238-0400][49301.470s][info ][gc,heap     ] GC(275) Old regions: 191->191
[2025-04-03T06:17:25.238-0400][49301.470s][info ][gc,heap     ] GC(275) Archive regions: 0->0
[2025-04-03T06:17:25.238-0400][49301.470s][info ][gc,heap     ] GC(275) Humongous regions: 2->2
[2025-04-03T06:17:25.238-0400][49301.470s][info ][gc,metaspace] GC(275) Metaspace: 193802K(195520K)->193802K(195520K) NonClass: 170682K(171584K)->170682K(171584K) Class: 23120K(23936K)->23120K(23936K)
[2025-04-03T06:17:25.238-0400][49301.470s][info ][gc          ] GC(275) Pause Young (Normal) (G1 Evacuation Pause) 455M->193M(512M) 3.492ms
[2025-04-03T06:17:25.238-0400][49301.470s][info ][gc,cpu      ] GC(275) User=0.00s Sys=0.00s Real=0.00s
[2025-04-03T06:17:25.238-0400][49301.470s][info ][safepoint   ] Safepoint "G1CollectForAllocation", Time since last: 70373323800 ns, Reaching safepoint: 50000 ns, Cleanup: 2400 ns, At safepoint: 3551700 ns, Total: 3604100 ns
[2025-04-03T06:21:04.232-0400][49520.464s][debug][safepoint   ] Safepoint synchronization initiated using striped semaphore wait barrier. (238 threads)
[2025-04-03T06:21:04.232-0400][49520.464s][info ][gc,start    ] GC(276) Pause Young (Normal) (G1 Evacuation Pause)
[2025-04-03T06:21:04.232-0400][49520.464s][info ][gc,task     ] GC(276) Using 23 workers of 23 for evacuation
[2025-04-03T06:21:04.235-0400][49520.468s][info ][gc,phases   ] GC(276)   Pre Evacuate Collection Set: 0.1ms
[2025-04-03T06:21:04.235-0400][49520.468s][info ][gc,phases   ] GC(276)   Merge Heap Roots: 0.1ms
[2025-04-03T06:21:04.235-0400][49520.468s][info ][gc,phases   ] GC(276)   Evacuate Collection Set: 2.2ms
[2025-04-03T06:21:04.235-0400][49520.468s][info ][gc,phases   ] GC(276)   Post Evacuate Collection Set: 1.1ms
[2025-04-03T06:21:04.235-0400][49520.468s][info ][gc,phases   ] GC(276)   Other: 0.1ms
[2025-04-03T06:21:04.235-0400][49520.468s][info ][gc,heap     ] GC(276) Eden regions: 262->0(262)
[2025-04-03T06:21:04.235-0400][49520.468s][info ][gc,heap     ] GC(276) Survivor regions: 2->2(33)
[2025-04-03T06:21:04.235-0400][49520.468s][info ][gc,heap     ] GC(276) Old regions: 191->191
[2025-04-03T06:21:04.235-0400][49520.468s][info ][gc,heap     ] GC(276) Archive regions: 0->0
[2025-04-03T06:21:04.235-0400][49520.468s][info ][gc,heap     ] GC(276) Humongous regions: 2->2
[2025-04-03T06:21:04.235-0400][49520.468s][info ][gc,metaspace] GC(276) Metaspace: 193802K(195520K)->193802K(195520K) NonClass: 170682K(171584K)->170682K(171584K) Class: 23120K(23936K)->23120K(23936K)
[2025-04-03T06:21:04.235-0400][49520.468s][info ][gc          ] GC(276) Pause Young (Normal) (G1 Evacuation Pause) 455M->193M(512M) 3.690ms
[2025-04-03T06:21:04.235-0400][49520.468s][info ][gc,cpu      ] GC(276) User=0.00s Sys=0.00s Real=0.00s
[2025-04-03T06:21:04.235-0400][49520.468s][info ][safepoint   ] Safepoint "G1CollectForAllocation", Time since last: 218993949000 ns, Reaching safepoint: 44100 ns, Cleanup: 3900 ns, At safepoint: 3772400 ns, Total: 3820400 ns
[2025-04-03T06:24:13.809-0400][49710.041s][debug][safepoint   ] Safepoint synchronization initiated using striped semaphore wait barrier. (238 threads)
[2025-04-03T06:24:13.809-0400][49710.041s][info ][safepoint   ] Safepoint "Cleanup", Time since last: 189572586900 ns, Reaching safepoint: 92700 ns, Cleanup: 7800 ns, At safepoint: 1700 ns, Total: 102200 ns
[2025-04-03T06:24:43.855-0400][49740.087s][debug][safepoint   ] Safepoint synchronization initiated using striped semaphore wait barrier. (236 threads)
[2025-04-03T06:24:43.855-0400][49740.087s][info ][gc,start    ] GC(277) Pause Young (Normal) (G1 Evacuation Pause)
[2025-04-03T06:24:43.855-0400][49740.087s][info ][gc,task     ] GC(277) Using 23 workers of 23 for evacuation
[2025-04-03T06:24:43.858-0400][49740.091s][info ][gc,phases   ] GC(277)   Pre Evacuate Collection Set: 0.2ms
[2025-04-03T06:24:43.858-0400][49740.091s][info ][gc,phases   ] GC(277)   Merge Heap Roots: 0.1ms
[2025-04-03T06:24:43.858-0400][49740.091s][info ][gc,phases   ] GC(277)   Evacuate Collection Set: 2.1ms
[2025-04-03T06:24:43.858-0400][49740.091s][info ][gc,phases   ] GC(277)   Post Evacuate Collection Set: 1.0ms
[2025-04-03T06:24:43.858-0400][49740.091s][info ][gc,phases   ] GC(277)   Other: 0.1ms
[2025-04-03T06:24:43.859-0400][49740.091s][info ][gc,heap     ] GC(277) Eden regions: 262->0(262)
[2025-04-03T06:24:43.859-0400][49740.091s][info ][gc,heap     ] GC(277) Survivor regions: 2->2(33)
[2025-04-03T06:24:43.859-0400][49740.091s][info ][gc,heap     ] GC(277) Old regions: 191->191
[2025-04-03T06:24:43.859-0400][49740.091s][info ][gc,heap     ] GC(277) Archive regions: 0->0
[2025-04-03T06:24:43.859-0400][49740.091s][info ][gc,heap     ] GC(277) Humongous regions: 2->2
[2025-04-03T06:24:43.859-0400][49740.091s][info ][gc,metaspace] GC(277) Metaspace: 193802K(195520K)->193802K(195520K) NonClass: 170682K(171584K)->170682K(171584K) Class: 23120K(23936K)->23120K(23936K)
[2025-04-03T06:24:43.859-0400][49740.091s][info ][gc          ] GC(277) Pause Young (Normal) (G1 Evacuation Pause) 455M->193M(512M) 3.556ms
[2025-04-03T06:24:43.859-0400][49740.091s][info ][gc,cpu      ] GC(277) User=0.00s Sys=0.00s Real=0.00s
[2025-04-03T06:24:43.859-0400][49740.091s][info ][safepoint   ] Safepoint "G1CollectForAllocation", Time since last: 30046246400 ns, Reaching safepoint: 60100 ns, Cleanup: 3100 ns, At safepoint: 3638100 ns, Total: 3701300 ns
[2025-04-03T06:27:55.296-0400][49931.528s][debug][safepoint   ] Safepoint synchronization initiated using striped semaphore wait barrier. (237 threads)
[2025-04-03T06:27:55.296-0400][49931.528s][info ][safepoint   ] Safepoint "Cleanup", Time since last: 191437515700 ns, Reaching safepoint: 116100 ns, Cleanup: 8500 ns, At safepoint: 1700 ns, Total: 126300 ns
[2025-04-03T06:28:19.489-0400][49955.721s][debug][safepoint   ] Safepoint synchronization initiated using striped semaphore wait barrier. (236 threads)
[2025-04-03T06:28:19.489-0400][49955.721s][info ][gc,start    ] GC(278) Pause Young (Normal) (G1 Evacuation Pause)
[2025-04-03T06:28:19.489-0400][49955.721s][info ][gc,task     ] GC(278) Using 23 workers of 23 for evacuation
[2025-04-03T06:28:19.492-0400][49955.725s][info ][gc,phases   ] GC(278)   Pre Evacuate Collection Set: 0.2ms
[2025-04-03T06:28:19.492-0400][49955.725s][info ][gc,phases   ] GC(278)   Merge Heap Roots: 0.1ms
[2025-04-03T06:28:19.492-0400][49955.725s][info ][gc,phases   ] GC(278)   Evacuate Collection Set: 2.4ms
[2025-04-03T06:28:19.492-0400][49955.725s][info ][gc,phases   ] GC(278)   Post Evacuate Collection Set: 1.0ms
[2025-04-03T06:28:19.493-0400][49955.725s][info ][gc,phases   ] GC(278)   Other: 0.1ms
[2025-04-03T06:28:19.493-0400][49955.725s][info ][gc,heap     ] GC(278) Eden regions: 262->0(262)
[2025-04-03T06:28:19.493-0400][49955.725s][info ][gc,heap     ] GC(278) Survivor regions: 2->2(33)
[2025-04-03T06:28:19.493-0400][49955.725s][info ][gc,heap     ] GC(278) Old regions: 191->191
[2025-04-03T06:28:19.493-0400][49955.725s][info ][gc,heap     ] GC(278) Archive regions: 0->0
[2025-04-03T06:28:19.493-0400][49955.725s][info ][gc,heap     ] GC(278) Humongous regions: 2->2
[2025-04-03T06:28:19.493-0400][49955.725s][info ][gc,metaspace] GC(278) Metaspace: 193802K(195520K)->193802K(195520K) NonClass: 170682K(171584K)->170682K(171584K) Class: 23120K(23936K)->23120K(23936K)
[2025-04-03T06:28:19.493-0400][49955.725s][info ][gc          ] GC(278) Pause Young (Normal) (G1 Evacuation Pause) 455M->193M(512M) 3.853ms
[2025-04-03T06:28:19.493-0400][49955.725s][info ][gc,cpu      ] GC(278) User=0.00s Sys=0.00s Real=0.00s
[2025-04-03T06:28:19.493-0400][49955.725s][info ][safepoint   ] Safepoint "G1CollectForAllocation", Time since last: 24192508100 ns, Reaching safepoint: 57200 ns, Cleanup: 2800 ns, At safepoint: 3929800 ns, Total: 3989800 ns
[2025-04-03T06:32:00.390-0400][50176.622s][debug][safepoint   ] Safepoint synchronization initiated using striped semaphore wait barrier. (237 threads)
[2025-04-03T06:32:00.390-0400][50176.622s][info ][gc,start    ] GC(279) Pause Young (Normal) (G1 Evacuation Pause)
[2025-04-03T06:32:00.390-0400][50176.622s][info ][gc,task     ] GC(279) Using 23 workers of 23 for evacuation
[2025-04-03T06:32:00.393-0400][50176.625s][info ][gc,phases   ] GC(279)   Pre Evacuate Collection Set: 0.2ms
[2025-04-03T06:32:00.393-0400][50176.625s][info ][gc,phases   ] GC(279)   Merge Heap Roots: 0.1ms
[2025-04-03T06:32:00.393-0400][50176.625s][info ][gc,phases   ] GC(279)   Evacuate Collection Set: 1.4ms
[2025-04-03T06:32:00.393-0400][50176.625s][info ][gc,phases   ] GC(279)   Post Evacuate Collection Set: 1.3ms
[2025-04-03T06:32:00.393-0400][50176.625s][info ][gc,phases   ] GC(279)   Other: 0.1ms
[2025-04-03T06:32:00.393-0400][50176.625s][info ][gc,heap     ] GC(279) Eden regions: 262->0(262)
[2025-04-03T06:32:00.393-0400][50176.625s][info ][gc,heap     ] GC(279) Survivor regions: 2->2(33)
[2025-04-03T06:32:00.393-0400][50176.625s][info ][gc,heap     ] GC(279) Old regions: 191->191
[2025-04-03T06:32:00.393-0400][50176.625s][info ][gc,heap     ] GC(279) Archive regions: 0->0
[2025-04-03T06:32:00.393-0400][50176.625s][info ][gc,heap     ] GC(279) Humongous regions: 2->2
[2025-04-03T06:32:00.393-0400][50176.625s][info ][gc,metaspace] GC(279) Metaspace: 193802K(195520K)->193802K(195520K) NonClass: 170682K(171584K)->170682K(171584K) Class: 23120K(23936K)->23120K(23936K)
[2025-04-03T06:32:00.393-0400][50176.625s][info ][gc          ] GC(279) Pause Young (Normal) (G1 Evacuation Pause) 455M->193M(512M) 3.129ms
[2025-04-03T06:32:00.393-0400][50176.625s][info ][gc,cpu      ] GC(279) User=0.05s Sys=0.00s Real=0.00s
[2025-04-03T06:32:00.393-0400][50176.625s][info ][safepoint   ] Safepoint "G1CollectForAllocation", Time since last: 220897004800 ns, Reaching safepoint: 64000 ns, Cleanup: 8200 ns, At safepoint: 3218700 ns, Total: 3290900 ns
[2025-04-03T06:35:39.267-0400][50395.499s][debug][safepoint   ] Safepoint synchronization initiated using striped semaphore wait barrier. (237 threads)
[2025-04-03T06:35:39.267-0400][50395.499s][info ][gc,start    ] GC(280) Pause Young (Normal) (G1 Evacuation Pause)
[2025-04-03T06:35:39.267-0400][50395.499s][info ][gc,task     ] GC(280) Using 23 workers of 23 for evacuation
[2025-04-03T06:35:39.269-0400][50395.502s][info ][gc,phases   ] GC(280)   Pre Evacuate Collection Set: 0.2ms
[2025-04-03T06:35:39.270-0400][50395.502s][info ][gc,phases   ] GC(280)   Merge Heap Roots: 0.1ms
[2025-04-03T06:35:39.270-0400][50395.502s][info ][gc,phases   ] GC(280)   Evacuate Collection Set: 2.3ms
[2025-04-03T06:35:39.270-0400][50395.502s][info ][gc,phases   ] GC(280)   Post Evacuate Collection Set: 1.0ms
[2025-04-03T06:35:39.270-0400][50395.502s][info ][gc,phases   ] GC(280)   Other: 0.1ms
[2025-04-03T06:35:39.270-0400][50395.502s][info ][gc,heap     ] GC(280) Eden regions: 262->0(262)
[2025-04-03T06:35:39.270-0400][50395.502s][info ][gc,heap     ] GC(280) Survivor regions: 2->2(33)
[2025-04-03T06:35:39.270-0400][50395.502s][info ][gc,heap     ] GC(280) Old regions: 191->191
[2025-04-03T06:35:39.270-0400][50395.502s][info ][gc,heap     ] GC(280) Archive regions: 0->0
[2025-04-03T06:35:39.270-0400][50395.502s][info ][gc,heap     ] GC(280) Humongous regions: 2->2
[2025-04-03T06:35:39.270-0400][50395.502s][info ][gc,metaspace] GC(280) Metaspace: 193802K(195520K)->193802K(195520K) NonClass: 170682K(171584K)->170682K(171584K) Class: 23120K(23936K)->23120K(23936K)
[2025-04-03T06:35:39.270-0400][50395.503s][info ][gc          ] GC(280) Pause Young (Normal) (G1 Evacuation Pause) 455M->193M(512M) 3.700ms
[2025-04-03T06:35:39.270-0400][50395.503s][info ][gc,cpu      ] GC(280) User=0.02s Sys=0.00s Real=0.00s
[2025-04-03T06:35:39.270-0400][50395.503s][info ][safepoint   ] Safepoint "G1CollectForAllocation", Time since last: 218873597400 ns, Reaching safepoint: 49300 ns, Cleanup: 2200 ns, At safepoint: 3788000 ns, Total: 3839500 ns
[2025-04-03T06:36:12.281-0400][50428.513s][debug][safepoint   ] Safepoint synchronization initiated using striped semaphore wait barrier. (238 threads)
[2025-04-03T06:36:12.281-0400][50428.514s][info ][safepoint   ] Safepoint "Cleanup", Time since last: 33010834500 ns, Reaching safepoint: 192500 ns, Cleanup: 6300 ns, At safepoint: 11400 ns, Total: 210200 ns
[2025-04-03T06:36:14.282-0400][50430.514s][debug][safepoint   ] Safepoint synchronization initiated using striped semaphore wait barrier. (239 threads)
[2025-04-03T06:36:14.282-0400][50430.514s][info ][safepoint   ] Safepoint "Cleanup", Time since last: 2000263500 ns, Reaching safepoint: 65900 ns, Cleanup: 9500 ns, At safepoint: 1500 ns, Total: 76900 ns
[2025-04-03T06:39:17.059-0400][50613.291s][debug][safepoint   ] Safepoint synchronization initiated using striped semaphore wait barrier. (235 threads)
[2025-04-03T06:39:17.059-0400][50613.291s][info ][gc,start    ] GC(281) Pause Young (Normal) (G1 Evacuation Pause)
[2025-04-03T06:39:17.059-0400][50613.291s][info ][gc,task     ] GC(281) Using 23 workers of 23 for evacuation
[2025-04-03T06:39:17.063-0400][50613.295s][info ][gc,phases   ] GC(281)   Pre Evacuate Collection Set: 0.1ms
[2025-04-03T06:39:17.063-0400][50613.295s][info ][gc,phases   ] GC(281)   Merge Heap Roots: 0.1ms
[2025-04-03T06:39:17.063-0400][50613.295s][info ][gc,phases   ] GC(281)   Evacuate Collection Set: 2.3ms
[2025-04-03T06:39:17.063-0400][50613.295s][info ][gc,phases   ] GC(281)   Post Evacuate Collection Set: 1.2ms
[2025-04-03T06:39:17.063-0400][50613.295s][info ][gc,phases   ] GC(281)   Other: 0.1ms
[2025-04-03T06:39:17.063-0400][50613.295s][info ][gc,heap     ] GC(281) Eden regions: 262->0(262)
[2025-04-03T06:39:17.063-0400][50613.295s][info ][gc,heap     ] GC(281) Survivor regions: 2->2(33)
[2025-04-03T06:39:17.063-0400][50613.295s][info ][gc,heap     ] GC(281) Old regions: 191->191
[2025-04-03T06:39:17.063-0400][50613.295s][info ][gc,heap     ] GC(281) Archive regions: 0->0
[2025-04-03T06:39:17.063-0400][50613.295s][info ][gc,heap     ] GC(281) Humongous regions: 2->2
[2025-04-03T06:39:17.063-0400][50613.295s][info ][gc,metaspace] GC(281) Metaspace: 193806K(195520K)->193806K(195520K) NonClass: 170686K(171584K)->170686K(171584K) Class: 23120K(23936K)->23120K(23936K)
[2025-04-03T06:39:17.063-0400][50613.295s][info ][gc          ] GC(281) Pause Young (Normal) (G1 Evacuation Pause) 455M->193M(512M) 3.763ms
[2025-04-03T06:39:17.063-0400][50613.295s][info ][gc,cpu      ] GC(281) User=0.00s Sys=0.00s Real=0.00s
[2025-04-03T06:39:17.063-0400][50613.295s][info ][safepoint   ] Safepoint "G1CollectForAllocation", Time since last: 182776949000 ns, Reaching safepoint: 37600 ns, Cleanup: 2400 ns, At safepoint: 3824700 ns, Total: 3864700 ns
[2025-04-03T06:42:57.965-0400][50834.197s][debug][safepoint   ] Safepoint synchronization initiated using striped semaphore wait barrier. (237 threads)
[2025-04-03T06:42:57.965-0400][50834.197s][info ][gc,start    ] GC(282) Pause Young (Normal) (G1 Evacuation Pause)
[2025-04-03T06:42:57.965-0400][50834.197s][info ][gc,task     ] GC(282) Using 23 workers of 23 for evacuation
[2025-04-03T06:42:57.967-0400][50834.200s][info ][gc,phases   ] GC(282)   Pre Evacuate Collection Set: 0.1ms
[2025-04-03T06:42:57.967-0400][50834.200s][info ][gc,phases   ] GC(282)   Merge Heap Roots: 0.1ms
[2025-04-03T06:42:57.967-0400][50834.200s][info ][gc,phases   ] GC(282)   Evacuate Collection Set: 2.1ms
[2025-04-03T06:42:57.967-0400][50834.200s][info ][gc,phases   ] GC(282)   Post Evacuate Collection Set: 0.9ms
[2025-04-03T06:42:57.967-0400][50834.200s][info ][gc,phases   ] GC(282)   Other: 0.1ms
[2025-04-03T06:42:57.967-0400][50834.200s][info ][gc,heap     ] GC(282) Eden regions: 262->0(262)
[2025-04-03T06:42:57.967-0400][50834.200s][info ][gc,heap     ] GC(282) Survivor regions: 2->2(33)
[2025-04-03T06:42:57.967-0400][50834.200s][info ][gc,heap     ] GC(282) Old regions: 191->191
[2025-04-03T06:42:57.967-0400][50834.200s][info ][gc,heap     ] GC(282) Archive regions: 0->0
[2025-04-03T06:42:57.967-0400][50834.200s][info ][gc,heap     ] GC(282) Humongous regions: 2->2
[2025-04-03T06:42:57.967-0400][50834.200s][info ][gc,metaspace] GC(282) Metaspace: 193806K(195520K)->193806K(195520K) NonClass: 170686K(171584K)->170686K(171584K) Class: 23120K(23936K)->23120K(23936K)
[2025-04-03T06:42:57.967-0400][50834.200s][info ][gc          ] GC(282) Pause Young (Normal) (G1 Evacuation Pause) 455M->193M(512M) 3.469ms
[2025-04-03T06:42:57.967-0400][50834.200s][info ][gc,cpu      ] GC(282) User=0.00s Sys=0.00s Real=0.00s
[2025-04-03T06:42:57.967-0400][50834.200s][info ][safepoint   ] Safepoint "G1CollectForAllocation", Time since last: 220902014800 ns, Reaching safepoint: 66500 ns, Cleanup: 3200 ns, At safepoint: 3554400 ns, Total: 3624100 ns
[2025-04-03T06:46:36.984-0400][51053.216s][debug][safepoint   ] Safepoint synchronization initiated using striped semaphore wait barrier. (235 threads)
[2025-04-03T06:46:36.984-0400][51053.216s][info ][gc,start    ] GC(283) Pause Young (Normal) (G1 Evacuation Pause)
[2025-04-03T06:46:36.984-0400][51053.216s][info ][gc,task     ] GC(283) Using 23 workers of 23 for evacuation
[2025-04-03T06:46:36.988-0400][51053.220s][info ][gc,phases   ] GC(283)   Pre Evacuate Collection Set: 0.1ms
[2025-04-03T06:46:36.988-0400][51053.220s][info ][gc,phases   ] GC(283)   Merge Heap Roots: 0.1ms
[2025-04-03T06:46:36.988-0400][51053.220s][info ][gc,phases   ] GC(283)   Evacuate Collection Set: 2.5ms
[2025-04-03T06:46:36.988-0400][51053.220s][info ][gc,phases   ] GC(283)   Post Evacuate Collection Set: 0.9ms
[2025-04-03T06:46:36.988-0400][51053.220s][info ][gc,phases   ] GC(283)   Other: 0.1ms
[2025-04-03T06:46:36.988-0400][51053.220s][info ][gc,heap     ] GC(283) Eden regions: 262->0(262)
[2025-04-03T06:46:36.988-0400][51053.220s][info ][gc,heap     ] GC(283) Survivor regions: 2->2(33)
[2025-04-03T06:46:36.988-0400][51053.220s][info ][gc,heap     ] GC(283) Old regions: 191->191
[2025-04-03T06:46:36.988-0400][51053.220s][info ][gc,heap     ] GC(283) Archive regions: 0->0
[2025-04-03T06:46:36.988-0400][51053.220s][info ][gc,heap     ] GC(283) Humongous regions: 2->2
[2025-04-03T06:46:36.988-0400][51053.220s][info ][gc,metaspace] GC(283) Metaspace: 193806K(195520K)->193806K(195520K) NonClass: 170686K(171584K)->170686K(171584K) Class: 23120K(23936K)->23120K(23936K)
[2025-04-03T06:46:36.988-0400][51053.220s][info ][gc          ] GC(283) Pause Young (Normal) (G1 Evacuation Pause) 455M->193M(512M) 3.791ms
[2025-04-03T06:46:36.988-0400][51053.220s][info ][gc,cpu      ] GC(283) User=0.02s Sys=0.00s Real=0.00s
[2025-04-03T06:46:36.988-0400][51053.220s][info ][safepoint   ] Safepoint "G1CollectForAllocation", Time since last: 219015885600 ns, Reaching safepoint: 60100 ns, Cleanup: 2600 ns, At safepoint: 3869400 ns, Total: 3932100 ns
[2025-04-03T06:50:17.190-0400][51273.422s][debug][safepoint   ] Safepoint synchronization initiated using striped semaphore wait barrier. (237 threads)
[2025-04-03T06:50:17.190-0400][51273.422s][info ][gc,start    ] GC(284) Pause Young (Normal) (G1 Evacuation Pause)
[2025-04-03T06:50:17.190-0400][51273.422s][info ][gc,task     ] GC(284) Using 23 workers of 23 for evacuation
[2025-04-03T06:50:17.192-0400][51273.424s][info ][gc,phases   ] GC(284)   Pre Evacuate Collection Set: 0.2ms
[2025-04-03T06:50:17.192-0400][51273.424s][info ][gc,phases   ] GC(284)   Merge Heap Roots: 0.1ms
[2025-04-03T06:50:17.192-0400][51273.424s][info ][gc,phases   ] GC(284)   Evacuate Collection Set: 1.2ms
[2025-04-03T06:50:17.192-0400][51273.424s][info ][gc,phases   ] GC(284)   Post Evacuate Collection Set: 0.8ms
[2025-04-03T06:50:17.192-0400][51273.424s][info ][gc,phases   ] GC(284)   Other: 0.1ms
[2025-04-03T06:50:17.192-0400][51273.424s][info ][gc,heap     ] GC(284) Eden regions: 262->0(262)
[2025-04-03T06:50:17.192-0400][51273.424s][info ][gc,heap     ] GC(284) Survivor regions: 2->2(33)
[2025-04-03T06:50:17.192-0400][51273.424s][info ][gc,heap     ] GC(284) Old regions: 191->191
[2025-04-03T06:50:17.192-0400][51273.424s][info ][gc,heap     ] GC(284) Archive regions: 0->0
[2025-04-03T06:50:17.192-0400][51273.424s][info ][gc,heap     ] GC(284) Humongous regions: 2->2
[2025-04-03T06:50:17.192-0400][51273.424s][info ][gc,metaspace] GC(284) Metaspace: 193807K(195520K)->193807K(195520K) NonClass: 170687K(171584K)->170687K(171584K) Class: 23120K(23936K)->23120K(23936K)
[2025-04-03T06:50:17.192-0400][51273.424s][info ][gc          ] GC(284) Pause Young (Normal) (G1 Evacuation Pause) 455M->193M(512M) 2.425ms
[2025-04-03T06:50:17.192-0400][51273.424s][info ][gc,cpu      ] GC(284) User=0.00s Sys=0.00s Real=0.00s
[2025-04-03T06:50:17.192-0400][51273.424s][info ][safepoint   ] Safepoint "G1CollectForAllocation", Time since last: 220201429300 ns, Reaching safepoint: 39100 ns, Cleanup: 2200 ns, At safepoint: 2493900 ns, Total: 2535200 ns
[2025-04-03T06:53:55.530-0400][51491.762s][debug][safepoint   ] Safepoint synchronization initiated using striped semaphore wait barrier. (239 threads)
[2025-04-03T06:53:55.530-0400][51491.762s][info ][gc,start    ] GC(285) Pause Young (Normal) (G1 Evacuation Pause)
[2025-04-03T06:53:55.530-0400][51491.762s][info ][gc,task     ] GC(285) Using 23 workers of 23 for evacuation
[2025-04-03T06:53:55.532-0400][51491.765s][info ][gc,phases   ] GC(285)   Pre Evacuate Collection Set: 0.1ms
[2025-04-03T06:53:55.532-0400][51491.765s][info ][gc,phases   ] GC(285)   Merge Heap Roots: 0.1ms
[2025-04-03T06:53:55.532-0400][51491.765s][info ][gc,phases   ] GC(285)   Evacuate Collection Set: 1.7ms
[2025-04-03T06:53:55.532-0400][51491.765s][info ][gc,phases   ] GC(285)   Post Evacuate Collection Set: 1.1ms
[2025-04-03T06:53:55.532-0400][51491.765s][info ][gc,phases   ] GC(285)   Other: 0.1ms
[2025-04-03T06:53:55.532-0400][51491.765s][info ][gc,heap     ] GC(285) Eden regions: 262->0(262)
[2025-04-03T06:53:55.532-0400][51491.765s][info ][gc,heap     ] GC(285) Survivor regions: 2->2(33)
[2025-04-03T06:53:55.532-0400][51491.765s][info ][gc,heap     ] GC(285) Old regions: 191->191
[2025-04-03T06:53:55.532-0400][51491.765s][info ][gc,heap     ] GC(285) Archive regions: 0->0
[2025-04-03T06:53:55.532-0400][51491.765s][info ][gc,heap     ] GC(285) Humongous regions: 2->2
[2025-04-03T06:53:55.532-0400][51491.765s][info ][gc,metaspace] GC(285) Metaspace: 193807K(195520K)->193807K(195520K) NonClass: 170687K(171584K)->170687K(171584K) Class: 23120K(23936K)->23120K(23936K)
[2025-04-03T06:53:55.532-0400][51491.765s][info ][gc          ] GC(285) Pause Young (Normal) (G1 Evacuation Pause) 455M->193M(512M) 3.171ms
[2025-04-03T06:53:55.532-0400][51491.765s][info ][gc,cpu      ] GC(285) User=0.00s Sys=0.00s Real=0.00s
[2025-04-03T06:53:55.532-0400][51491.765s][info ][safepoint   ] Safepoint "G1CollectForAllocation", Time since last: 218337619700 ns, Reaching safepoint: 45300 ns, Cleanup: 2000 ns, At safepoint: 3236600 ns, Total: 3283900 ns
[2025-04-03T06:57:30.815-0400][51707.047s][debug][safepoint   ] Safepoint synchronization initiated using striped semaphore wait barrier. (237 threads)
[2025-04-03T06:57:30.815-0400][51707.048s][info ][gc,start    ] GC(286) Pause Young (Normal) (G1 Evacuation Pause)
[2025-04-03T06:57:30.815-0400][51707.048s][info ][gc,task     ] GC(286) Using 23 workers of 23 for evacuation
[2025-04-03T06:57:30.818-0400][51707.051s][info ][gc,phases   ] GC(286)   Pre Evacuate Collection Set: 0.1ms
[2025-04-03T06:57:30.818-0400][51707.051s][info ][gc,phases   ] GC(286)   Merge Heap Roots: 0.1ms
[2025-04-03T06:57:30.818-0400][51707.051s][info ][gc,phases   ] GC(286)   Evacuate Collection Set: 2.2ms
[2025-04-03T06:57:30.818-0400][51707.051s][info ][gc,phases   ] GC(286)   Post Evacuate Collection Set: 1.1ms
[2025-04-03T06:57:30.818-0400][51707.051s][info ][gc,phases   ] GC(286)   Other: 0.1ms
[2025-04-03T06:57:30.818-0400][51707.051s][info ][gc,heap     ] GC(286) Eden regions: 262->0(261)
[2025-04-03T06:57:30.818-0400][51707.051s][info ][gc,heap     ] GC(286) Survivor regions: 2->2(33)
[2025-04-03T06:57:30.818-0400][51707.051s][info ][gc,heap     ] GC(286) Old regions: 191->191
[2025-04-03T06:57:30.818-0400][51707.051s][info ][gc,heap     ] GC(286) Archive regions: 0->0
[2025-04-03T06:57:30.818-0400][51707.051s][info ][gc,heap     ] GC(286) Humongous regions: 2->2
[2025-04-03T06:57:30.818-0400][51707.051s][info ][gc,metaspace] GC(286) Metaspace: 193807K(195520K)->193807K(195520K) NonClass: 170687K(171584K)->170687K(171584K) Class: 23120K(23936K)->23120K(23936K)
[2025-04-03T06:57:30.819-0400][51707.051s][info ][gc          ] GC(286) Pause Young (Normal) (G1 Evacuation Pause) 455M->193M(512M) 3.642ms
[2025-04-03T06:57:30.819-0400][51707.051s][info ][gc,cpu      ] GC(286) User=0.00s Sys=0.00s Real=0.00s
[2025-04-03T06:57:30.819-0400][51707.051s][info ][safepoint   ] Safepoint "G1CollectForAllocation", Time since last: 215282397900 ns, Reaching safepoint: 40800 ns, Cleanup: 2100 ns, At safepoint: 3751100 ns, Total: 3794000 ns
[2025-04-03T07:01:10.553-0400][51926.785s][debug][safepoint   ] Safepoint synchronization initiated using striped semaphore wait barrier. (237 threads)
[2025-04-03T07:01:10.553-0400][51926.785s][info ][gc,start    ] GC(287) Pause Young (Normal) (G1 Evacuation Pause)
[2025-04-03T07:01:10.553-0400][51926.785s][info ][gc,task     ] GC(287) Using 23 workers of 23 for evacuation
[2025-04-03T07:01:10.557-0400][51926.790s][info ][gc,phases   ] GC(287)   Pre Evacuate Collection Set: 0.1ms
[2025-04-03T07:01:10.557-0400][51926.790s][info ][gc,phases   ] GC(287)   Merge Heap Roots: 0.1ms
[2025-04-03T07:01:10.557-0400][51926.790s][info ][gc,phases   ] GC(287)   Evacuate Collection Set: 2.7ms
[2025-04-03T07:01:10.557-0400][51926.790s][info ][gc,phases   ] GC(287)   Post Evacuate Collection Set: 1.2ms
[2025-04-03T07:01:10.557-0400][51926.790s][info ][gc,phases   ] GC(287)   Other: 0.1ms
[2025-04-03T07:01:10.557-0400][51926.790s][info ][gc,heap     ] GC(287) Eden regions: 261->0(262)
[2025-04-03T07:01:10.557-0400][51926.790s][info ][gc,heap     ] GC(287) Survivor regions: 2->2(33)
[2025-04-03T07:01:10.557-0400][51926.790s][info ][gc,heap     ] GC(287) Old regions: 191->191
[2025-04-03T07:01:10.557-0400][51926.790s][info ][gc,heap     ] GC(287) Archive regions: 0->0
[2025-04-03T07:01:10.557-0400][51926.790s][info ][gc,heap     ] GC(287) Humongous regions: 2->2
[2025-04-03T07:01:10.557-0400][51926.790s][info ][gc,metaspace] GC(287) Metaspace: 193807K(195520K)->193807K(195520K) NonClass: 170687K(171584K)->170687K(171584K) Class: 23120K(23936K)->23120K(23936K)
[2025-04-03T07:01:10.557-0400][51926.790s][info ][gc          ] GC(287) Pause Young (Normal) (G1 Evacuation Pause) 454M->193M(512M) 4.301ms
[2025-04-03T07:01:10.557-0400][51926.790s][info ][gc,cpu      ] GC(287) User=0.00s Sys=0.00s Real=0.00s
[2025-04-03T07:01:10.557-0400][51926.790s][info ][safepoint   ] Safepoint "G1CollectForAllocation", Time since last: 219734012500 ns, Reaching safepoint: 109900 ns, Cleanup: 4000 ns, At safepoint: 4384000 ns, Total: 4497900 ns
[2025-04-03T07:04:49.640-0400][52145.873s][debug][safepoint   ] Safepoint synchronization initiated using striped semaphore wait barrier. (238 threads)
[2025-04-03T07:04:49.640-0400][52145.873s][info ][gc,start    ] GC(288) Pause Young (Normal) (G1 Evacuation Pause)
[2025-04-03T07:04:49.640-0400][52145.873s][info ][gc,task     ] GC(288) Using 23 workers of 23 for evacuation
[2025-04-03T07:04:49.643-0400][52145.876s][info ][gc,phases   ] GC(288)   Pre Evacuate Collection Set: 0.1ms
[2025-04-03T07:04:49.644-0400][52145.876s][info ][gc,phases   ] GC(288)   Merge Heap Roots: 0.1ms
[2025-04-03T07:04:49.644-0400][52145.876s][info ][gc,phases   ] GC(288)   Evacuate Collection Set: 2.1ms
[2025-04-03T07:04:49.644-0400][52145.876s][info ][gc,phases   ] GC(288)   Post Evacuate Collection Set: 1.2ms
[2025-04-03T07:04:49.644-0400][52145.876s][info ][gc,phases   ] GC(288)   Other: 0.1ms
[2025-04-03T07:04:49.644-0400][52145.876s][info ][gc,heap     ] GC(288) Eden regions: 262->0(262)
[2025-04-03T07:04:49.644-0400][52145.876s][info ][gc,heap     ] GC(288) Survivor regions: 2->2(33)
[2025-04-03T07:04:49.644-0400][52145.876s][info ][gc,heap     ] GC(288) Old regions: 191->191
[2025-04-03T07:04:49.644-0400][52145.876s][info ][gc,heap     ] GC(288) Archive regions: 0->0
[2025-04-03T07:04:49.644-0400][52145.876s][info ][gc,heap     ] GC(288) Humongous regions: 2->2
[2025-04-03T07:04:49.644-0400][52145.876s][info ][gc,metaspace] GC(288) Metaspace: 193807K(195520K)->193807K(195520K) NonClass: 170687K(171584K)->170687K(171584K) Class: 23120K(23936K)->23120K(23936K)
[2025-04-03T07:04:49.644-0400][52145.876s][info ][gc          ] GC(288) Pause Young (Normal) (G1 Evacuation Pause) 455M->193M(512M) 3.673ms
[2025-04-03T07:04:49.644-0400][52145.876s][info ][gc,cpu      ] GC(288) User=0.02s Sys=0.00s Real=0.00s
[2025-04-03T07:04:49.644-0400][52145.876s][info ][safepoint   ] Safepoint "G1CollectForAllocation", Time since last: 219082824900 ns, Reaching safepoint: 74600 ns, Cleanup: 3200 ns, At safepoint: 3761400 ns, Total: 3839200 ns
[2025-04-03T07:04:55.646-0400][52151.879s][debug][safepoint   ] Safepoint synchronization initiated using striped semaphore wait barrier. (238 threads)
[2025-04-03T07:04:55.646-0400][52151.879s][info ][safepoint   ] Safepoint "Cleanup", Time since last: 6002156200 ns, Reaching safepoint: 65600 ns, Cleanup: 9800 ns, At safepoint: 1600 ns, Total: 77000 ns
[2025-04-03T07:08:30.464-0400][52366.696s][debug][safepoint   ] Safepoint synchronization initiated using striped semaphore wait barrier. (236 threads)
[2025-04-03T07:08:30.464-0400][52366.696s][info ][gc,start    ] GC(289) Pause Young (Normal) (G1 Evacuation Pause)
[2025-04-03T07:08:30.464-0400][52366.696s][info ][gc,task     ] GC(289) Using 23 workers of 23 for evacuation
[2025-04-03T07:08:30.467-0400][52366.700s][info ][gc,phases   ] GC(289)   Pre Evacuate Collection Set: 0.1ms
[2025-04-03T07:08:30.467-0400][52366.700s][info ][gc,phases   ] GC(289)   Merge Heap Roots: 0.1ms
[2025-04-03T07:08:30.467-0400][52366.700s][info ][gc,phases   ] GC(289)   Evacuate Collection Set: 2.1ms
[2025-04-03T07:08:30.467-0400][52366.700s][info ][gc,phases   ] GC(289)   Post Evacuate Collection Set: 1.1ms
[2025-04-03T07:08:30.467-0400][52366.700s][info ][gc,phases   ] GC(289)   Other: 0.1ms
[2025-04-03T07:08:30.467-0400][52366.700s][info ][gc,heap     ] GC(289) Eden regions: 262->0(262)
[2025-04-03T07:08:30.467-0400][52366.700s][info ][gc,heap     ] GC(289) Survivor regions: 2->2(33)
[2025-04-03T07:08:30.467-0400][52366.700s][info ][gc,heap     ] GC(289) Old regions: 191->191
[2025-04-03T07:08:30.467-0400][52366.700s][info ][gc,heap     ] GC(289) Archive regions: 0->0
[2025-04-03T07:08:30.467-0400][52366.700s][info ][gc,heap     ] GC(289) Humongous regions: 2->2
[2025-04-03T07:08:30.467-0400][52366.700s][info ][gc,metaspace] GC(289) Metaspace: 193807K(195520K)->193807K(195520K) NonClass: 170687K(171584K)->170687K(171584K) Class: 23120K(23936K)->23120K(23936K)
[2025-04-03T07:08:30.467-0400][52366.700s][info ][gc          ] GC(289) Pause Young (Normal) (G1 Evacuation Pause) 455M->193M(512M) 3.516ms
[2025-04-03T07:08:30.467-0400][52366.700s][info ][gc,cpu      ] GC(289) User=0.00s Sys=0.00s Real=0.00s
[2025-04-03T07:08:30.467-0400][52366.700s][info ][safepoint   ] Safepoint "G1CollectForAllocation", Time since last: 214817430200 ns, Reaching safepoint: 48600 ns, Cleanup: 2100 ns, At safepoint: 3592100 ns, Total: 3642800 ns
[2025-04-03T07:12:09.610-0400][52585.842s][debug][safepoint   ] Safepoint synchronization initiated using striped semaphore wait barrier. (235 threads)
[2025-04-03T07:12:09.610-0400][52585.842s][info ][gc,start    ] GC(290) Pause Young (Normal) (G1 Evacuation Pause)
[2025-04-03T07:12:09.610-0400][52585.842s][info ][gc,task     ] GC(290) Using 23 workers of 23 for evacuation
[2025-04-03T07:12:09.614-0400][52585.846s][info ][gc,phases   ] GC(290)   Pre Evacuate Collection Set: 0.1ms
[2025-04-03T07:12:09.614-0400][52585.846s][info ][gc,phases   ] GC(290)   Merge Heap Roots: 0.1ms
[2025-04-03T07:12:09.614-0400][52585.846s][info ][gc,phases   ] GC(290)   Evacuate Collection Set: 1.6ms
[2025-04-03T07:12:09.614-0400][52585.846s][info ][gc,phases   ] GC(290)   Post Evacuate Collection Set: 1.2ms
[2025-04-03T07:12:09.614-0400][52585.846s][info ][gc,phases   ] GC(290)   Other: 0.1ms
[2025-04-03T07:12:09.614-0400][52585.846s][info ][gc,heap     ] GC(290) Eden regions: 262->0(262)
[2025-04-03T07:12:09.614-0400][52585.846s][info ][gc,heap     ] GC(290) Survivor regions: 2->2(33)
[2025-04-03T07:12:09.614-0400][52585.846s][info ][gc,heap     ] GC(290) Old regions: 191->191
[2025-04-03T07:12:09.614-0400][52585.846s][info ][gc,heap     ] GC(290) Archive regions: 0->0
[2025-04-03T07:12:09.614-0400][52585.846s][info ][gc,heap     ] GC(290) Humongous regions: 2->2
[2025-04-03T07:12:09.614-0400][52585.846s][info ][gc,metaspace] GC(290) Metaspace: 193807K(195520K)->193807K(195520K) NonClass: 170687K(171584K)->170687K(171584K) Class: 23120K(23936K)->23120K(23936K)
[2025-04-03T07:12:09.614-0400][52585.846s][info ][gc          ] GC(290) Pause Young (Normal) (G1 Evacuation Pause) 455M->193M(512M) 3.180ms
[2025-04-03T07:12:09.614-0400][52585.846s][info ][gc,cpu      ] GC(290) User=0.03s Sys=0.00s Real=0.00s
[2025-04-03T07:12:09.614-0400][52585.846s][info ][safepoint   ] Safepoint "G1CollectForAllocation", Time since last: 219142563600 ns, Reaching safepoint: 62200 ns, Cleanup: 3100 ns, At safepoint: 3258700 ns, Total: 3324000 ns
[2025-04-03T07:15:48.930-0400][52805.163s][debug][safepoint   ] Safepoint synchronization initiated using striped semaphore wait barrier. (237 threads)
[2025-04-03T07:15:48.930-0400][52805.163s][info ][gc,start    ] GC(291) Pause Young (Normal) (G1 Evacuation Pause)
[2025-04-03T07:15:48.930-0400][52805.163s][info ][gc,task     ] GC(291) Using 23 workers of 23 for evacuation
[2025-04-03T07:15:48.933-0400][52805.166s][info ][gc,phases   ] GC(291)   Pre Evacuate Collection Set: 0.1ms
[2025-04-03T07:15:48.933-0400][52805.166s][info ][gc,phases   ] GC(291)   Merge Heap Roots: 0.1ms
[2025-04-03T07:15:48.933-0400][52805.166s][info ][gc,phases   ] GC(291)   Evacuate Collection Set: 1.7ms
[2025-04-03T07:15:48.933-0400][52805.166s][info ][gc,phases   ] GC(291)   Post Evacuate Collection Set: 1.0ms
[2025-04-03T07:15:48.933-0400][52805.166s][info ][gc,phases   ] GC(291)   Other: 0.1ms
[2025-04-03T07:15:48.933-0400][52805.166s][info ][gc,heap     ] GC(291) Eden regions: 262->0(262)
[2025-04-03T07:15:48.933-0400][52805.166s][info ][gc,heap     ] GC(291) Survivor regions: 2->2(33)
[2025-04-03T07:15:48.933-0400][52805.166s][info ][gc,heap     ] GC(291) Old regions: 191->191
[2025-04-03T07:15:48.933-0400][52805.166s][info ][gc,heap     ] GC(291) Archive regions: 0->0
[2025-04-03T07:15:48.933-0400][52805.166s][info ][gc,heap     ] GC(291) Humongous regions: 2->2
[2025-04-03T07:15:48.933-0400][52805.166s][info ][gc,metaspace] GC(291) Metaspace: 193809K(195520K)->193809K(195520K) NonClass: 170689K(171584K)->170689K(171584K) Class: 23120K(23936K)->23120K(23936K)
[2025-04-03T07:15:48.933-0400][52805.166s][info ][gc          ] GC(291) Pause Young (Normal) (G1 Evacuation Pause) 455M->193M(512M) 3.031ms
[2025-04-03T07:15:48.933-0400][52805.166s][info ][gc,cpu      ] GC(291) User=0.00s Sys=0.00s Real=0.00s
[2025-04-03T07:15:48.933-0400][52805.166s][info ][safepoint   ] Safepoint "G1CollectForAllocation", Time since last: 219316879700 ns, Reaching safepoint: 56100 ns, Cleanup: 3200 ns, At safepoint: 3105100 ns, Total: 3164400 ns
[2025-04-03T07:19:29.504-0400][53025.737s][debug][safepoint   ] Safepoint synchronization initiated using striped semaphore wait barrier. (235 threads)
[2025-04-03T07:19:29.504-0400][53025.737s][info ][gc,start    ] GC(292) Pause Young (Normal) (G1 Evacuation Pause)
[2025-04-03T07:19:29.504-0400][53025.737s][info ][gc,task     ] GC(292) Using 23 workers of 23 for evacuation
[2025-04-03T07:19:29.507-0400][53025.740s][info ][gc,phases   ] GC(292)   Pre Evacuate Collection Set: 0.1ms
[2025-04-03T07:19:29.507-0400][53025.740s][info ][gc,phases   ] GC(292)   Merge Heap Roots: 0.1ms
[2025-04-03T07:19:29.507-0400][53025.740s][info ][gc,phases   ] GC(292)   Evacuate Collection Set: 2.2ms
[2025-04-03T07:19:29.507-0400][53025.740s][info ][gc,phases   ] GC(292)   Post Evacuate Collection Set: 1.1ms
[2025-04-03T07:19:29.507-0400][53025.740s][info ][gc,phases   ] GC(292)   Other: 0.1ms
[2025-04-03T07:19:29.507-0400][53025.740s][info ][gc,heap     ] GC(292) Eden regions: 262->0(262)
[2025-04-03T07:19:29.507-0400][53025.740s][info ][gc,heap     ] GC(292) Survivor regions: 2->2(33)
[2025-04-03T07:19:29.507-0400][53025.740s][info ][gc,heap     ] GC(292) Old regions: 191->191
[2025-04-03T07:19:29.507-0400][53025.740s][info ][gc,heap     ] GC(292) Archive regions: 0->0
[2025-04-03T07:19:29.507-0400][53025.740s][info ][gc,heap     ] GC(292) Humongous regions: 2->2
[2025-04-03T07:19:29.507-0400][53025.740s][info ][gc,metaspace] GC(292) Metaspace: 193818K(195520K)->193818K(195520K) NonClass: 170698K(171584K)->170698K(171584K) Class: 23120K(23936K)->23120K(23936K)
[2025-04-03T07:19:29.507-0400][53025.740s][info ][gc          ] GC(292) Pause Young (Normal) (G1 Evacuation Pause) 455M->193M(512M) 3.602ms
[2025-04-03T07:19:29.507-0400][53025.740s][info ][gc,cpu      ] GC(292) User=0.00s Sys=0.00s Real=0.00s
[2025-04-03T07:19:29.507-0400][53025.740s][info ][safepoint   ] Safepoint "G1CollectForAllocation", Time since last: 220570928500 ns, Reaching safepoint: 62600 ns, Cleanup: 2700 ns, At safepoint: 3664200 ns, Total: 3729500 ns
[2025-04-03T07:23:07.558-0400][53243.790s][debug][safepoint   ] Safepoint synchronization initiated using striped semaphore wait barrier. (239 threads)
[2025-04-03T07:23:07.558-0400][53243.790s][info ][safepoint   ] Safepoint "Cleanup", Time since last: 218049371700 ns, Reaching safepoint: 55400 ns, Cleanup: 7700 ns, At safepoint: 2000 ns, Total: 65100 ns
[2025-04-03T07:23:08.180-0400][53244.412s][debug][safepoint   ] Safepoint synchronization initiated using striped semaphore wait barrier. (239 threads)
[2025-04-03T07:23:08.180-0400][53244.413s][info ][gc,start    ] GC(293) Pause Young (Normal) (G1 Evacuation Pause)
[2025-04-03T07:23:08.180-0400][53244.413s][info ][gc,task     ] GC(293) Using 23 workers of 23 for evacuation
[2025-04-03T07:23:08.184-0400][53244.416s][info ][gc,phases   ] GC(293)   Pre Evacuate Collection Set: 0.1ms
[2025-04-03T07:23:08.184-0400][53244.416s][info ][gc,phases   ] GC(293)   Merge Heap Roots: 0.1ms
[2025-04-03T07:23:08.184-0400][53244.416s][info ][gc,phases   ] GC(293)   Evacuate Collection Set: 2.2ms
[2025-04-03T07:23:08.184-0400][53244.416s][info ][gc,phases   ] GC(293)   Post Evacuate Collection Set: 1.3ms
[2025-04-03T07:23:08.184-0400][53244.416s][info ][gc,phases   ] GC(293)   Other: 0.1ms
[2025-04-03T07:23:08.184-0400][53244.416s][info ][gc,heap     ] GC(293) Eden regions: 262->0(262)
[2025-04-03T07:23:08.184-0400][53244.416s][info ][gc,heap     ] GC(293) Survivor regions: 2->2(33)
[2025-04-03T07:23:08.184-0400][53244.416s][info ][gc,heap     ] GC(293) Old regions: 191->191
[2025-04-03T07:23:08.184-0400][53244.416s][info ][gc,heap     ] GC(293) Archive regions: 0->0
[2025-04-03T07:23:08.184-0400][53244.416s][info ][gc,heap     ] GC(293) Humongous regions: 2->2
[2025-04-03T07:23:08.184-0400][53244.416s][info ][gc,metaspace] GC(293) Metaspace: 193828K(195520K)->193828K(195520K) NonClass: 170708K(171584K)->170708K(171584K) Class: 23120K(23936K)->23120K(23936K)
[2025-04-03T07:23:08.184-0400][53244.416s][info ][gc          ] GC(293) Pause Young (Normal) (G1 Evacuation Pause) 455M->193M(512M) 3.810ms
[2025-04-03T07:23:08.184-0400][53244.416s][info ][gc,cpu      ] GC(293) User=0.00s Sys=0.00s Real=0.00s
[2025-04-03T07:23:08.184-0400][53244.416s][info ][safepoint   ] Safepoint "G1CollectForAllocation", Time since last: 622688500 ns, Reaching safepoint: 38900 ns, Cleanup: 1900 ns, At safepoint: 3885200 ns, Total: 3926000 ns
[2025-04-03T07:23:35.192-0400][53271.424s][debug][safepoint   ] Safepoint synchronization initiated using striped semaphore wait barrier. (239 threads)
[2025-04-03T07:23:35.192-0400][53271.424s][info ][safepoint   ] Safepoint "Cleanup", Time since last: 27007635500 ns, Reaching safepoint: 95400 ns, Cleanup: 4400 ns, At safepoint: 1600 ns, Total: 101400 ns
[2025-04-03T07:24:35.697-0400][53331.929s][debug][safepoint   ] Safepoint synchronization initiated using striped semaphore wait barrier. (238 threads)
[2025-04-03T07:24:35.697-0400][53331.929s][info ][safepoint   ] Safepoint "Cleanup", Time since last: 60504869200 ns, Reaching safepoint: 101800 ns, Cleanup: 6900 ns, At safepoint: 1400 ns, Total: 110100 ns
[2025-04-03T07:26:44.567-0400][53460.799s][debug][safepoint   ] Safepoint synchronization initiated using striped semaphore wait barrier. (236 threads)
[2025-04-03T07:26:44.567-0400][53460.799s][info ][gc,start    ] GC(294) Pause Young (Normal) (G1 Evacuation Pause)
[2025-04-03T07:26:44.567-0400][53460.799s][info ][gc,task     ] GC(294) Using 23 workers of 23 for evacuation
[2025-04-03T07:26:44.570-0400][53460.802s][info ][gc,phases   ] GC(294)   Pre Evacuate Collection Set: 0.1ms
[2025-04-03T07:26:44.570-0400][53460.802s][info ][gc,phases   ] GC(294)   Merge Heap Roots: 0.1ms
[2025-04-03T07:26:44.570-0400][53460.802s][info ][gc,phases   ] GC(294)   Evacuate Collection Set: 2.0ms
[2025-04-03T07:26:44.570-0400][53460.802s][info ][gc,phases   ] GC(294)   Post Evacuate Collection Set: 0.9ms
[2025-04-03T07:26:44.570-0400][53460.802s][info ][gc,phases   ] GC(294)   Other: 0.1ms
[2025-04-03T07:26:44.570-0400][53460.802s][info ][gc,heap     ] GC(294) Eden regions: 262->0(262)
[2025-04-03T07:26:44.570-0400][53460.802s][info ][gc,heap     ] GC(294) Survivor regions: 2->2(33)
[2025-04-03T07:26:44.570-0400][53460.802s][info ][gc,heap     ] GC(294) Old regions: 191->191
[2025-04-03T07:26:44.570-0400][53460.802s][info ][gc,heap     ] GC(294) Archive regions: 0->0
[2025-04-03T07:26:44.570-0400][53460.802s][info ][gc,heap     ] GC(294) Humongous regions: 2->2
[2025-04-03T07:26:44.570-0400][53460.802s][info ][gc,metaspace] GC(294) Metaspace: 193828K(195520K)->193828K(195520K) NonClass: 170708K(171584K)->170708K(171584K) Class: 23120K(23936K)->23120K(23936K)
[2025-04-03T07:26:44.570-0400][53460.802s][info ][gc          ] GC(294) Pause Young (Normal) (G1 Evacuation Pause) 455M->193M(512M) 3.311ms
[2025-04-03T07:26:44.570-0400][53460.802s][info ][gc,cpu      ] GC(294) User=0.00s Sys=0.00s Real=0.00s
[2025-04-03T07:26:44.570-0400][53460.802s][info ][safepoint   ] Safepoint "G1CollectForAllocation", Time since last: 128869677300 ns, Reaching safepoint: 43300 ns, Cleanup: 2600 ns, At safepoint: 3370200 ns, Total: 3416100 ns
[2025-04-03T07:30:23.304-0400][53679.536s][debug][safepoint   ] Safepoint synchronization initiated using striped semaphore wait barrier. (236 threads)
[2025-04-03T07:30:23.304-0400][53679.536s][info ][gc,start    ] GC(295) Pause Young (Normal) (G1 Evacuation Pause)
[2025-04-03T07:30:23.304-0400][53679.536s][info ][gc,task     ] GC(295) Using 23 workers of 23 for evacuation
[2025-04-03T07:30:23.308-0400][53679.540s][info ][gc,phases   ] GC(295)   Pre Evacuate Collection Set: 0.1ms
[2025-04-03T07:30:23.308-0400][53679.540s][info ][gc,phases   ] GC(295)   Merge Heap Roots: 0.1ms
[2025-04-03T07:30:23.308-0400][53679.540s][info ][gc,phases   ] GC(295)   Evacuate Collection Set: 2.1ms
[2025-04-03T07:30:23.308-0400][53679.540s][info ][gc,phases   ] GC(295)   Post Evacuate Collection Set: 1.1ms
[2025-04-03T07:30:23.308-0400][53679.540s][info ][gc,phases   ] GC(295)   Other: 0.1ms
[2025-04-03T07:30:23.308-0400][53679.540s][info ][gc,heap     ] GC(295) Eden regions: 262->0(262)
[2025-04-03T07:30:23.308-0400][53679.540s][info ][gc,heap     ] GC(295) Survivor regions: 2->2(33)
[2025-04-03T07:30:23.308-0400][53679.540s][info ][gc,heap     ] GC(295) Old regions: 191->191
[2025-04-03T07:30:23.308-0400][53679.540s][info ][gc,heap     ] GC(295) Archive regions: 0->0
[2025-04-03T07:30:23.308-0400][53679.540s][info ][gc,heap     ] GC(295) Humongous regions: 2->2
[2025-04-03T07:30:23.308-0400][53679.540s][info ][gc,metaspace] GC(295) Metaspace: 193828K(195520K)->193828K(195520K) NonClass: 170708K(171584K)->170708K(171584K) Class: 23120K(23936K)->23120K(23936K)
[2025-04-03T07:30:23.308-0400][53679.540s][info ][gc          ] GC(295) Pause Young (Normal) (G1 Evacuation Pause) 455M->193M(512M) 3.621ms
[2025-04-03T07:30:23.308-0400][53679.540s][info ][gc,cpu      ] GC(295) User=0.00s Sys=0.00s Real=0.00s
[2025-04-03T07:30:23.308-0400][53679.540s][info ][safepoint   ] Safepoint "G1CollectForAllocation", Time since last: 218733731900 ns, Reaching safepoint: 94200 ns, Cleanup: 1900 ns, At safepoint: 3689900 ns, Total: 3786000 ns
[2025-04-03T07:32:08.122-0400][53784.354s][debug][safepoint   ] Safepoint synchronization initiated using striped semaphore wait barrier. (238 threads)
[2025-04-03T07:32:08.122-0400][53784.354s][info ][safepoint   ] Safepoint "Cleanup", Time since last: 104814348200 ns, Reaching safepoint: 111600 ns, Cleanup: 34500 ns, At safepoint: 1800 ns, Total: 147900 ns
[2025-04-03T07:34:04.423-0400][53900.655s][debug][safepoint   ] Safepoint synchronization initiated using striped semaphore wait barrier. (239 threads)
[2025-04-03T07:34:04.423-0400][53900.655s][info ][gc,start    ] GC(296) Pause Young (Normal) (G1 Evacuation Pause)
[2025-04-03T07:34:04.423-0400][53900.655s][info ][gc,task     ] GC(296) Using 23 workers of 23 for evacuation
[2025-04-03T07:34:04.426-0400][53900.659s][info ][gc,phases   ] GC(296)   Pre Evacuate Collection Set: 0.1ms
[2025-04-03T07:34:04.426-0400][53900.659s][info ][gc,phases   ] GC(296)   Merge Heap Roots: 0.1ms
[2025-04-03T07:34:04.426-0400][53900.659s][info ][gc,phases   ] GC(296)   Evacuate Collection Set: 2.1ms
[2025-04-03T07:34:04.426-0400][53900.659s][info ][gc,phases   ] GC(296)   Post Evacuate Collection Set: 1.1ms
[2025-04-03T07:34:04.426-0400][53900.659s][info ][gc,phases   ] GC(296)   Other: 0.1ms
[2025-04-03T07:34:04.426-0400][53900.659s][info ][gc,heap     ] GC(296) Eden regions: 262->0(262)
[2025-04-03T07:34:04.426-0400][53900.659s][info ][gc,heap     ] GC(296) Survivor regions: 2->2(33)
[2025-04-03T07:34:04.426-0400][53900.659s][info ][gc,heap     ] GC(296) Old regions: 191->191
[2025-04-03T07:34:04.426-0400][53900.659s][info ][gc,heap     ] GC(296) Archive regions: 0->0
[2025-04-03T07:34:04.426-0400][53900.659s][info ][gc,heap     ] GC(296) Humongous regions: 2->2
[2025-04-03T07:34:04.426-0400][53900.659s][info ][gc,metaspace] GC(296) Metaspace: 193828K(195520K)->193828K(195520K) NonClass: 170708K(171584K)->170708K(171584K) Class: 23120K(23936K)->23120K(23936K)
[2025-04-03T07:34:04.426-0400][53900.659s][info ][gc          ] GC(296) Pause Young (Normal) (G1 Evacuation Pause) 455M->193M(512M) 3.532ms
[2025-04-03T07:34:04.426-0400][53900.659s][info ][gc,cpu      ] GC(296) User=0.02s Sys=0.00s Real=0.00s
[2025-04-03T07:34:04.426-0400][53900.659s][info ][safepoint   ] Safepoint "G1CollectForAllocation", Time since last: 116301055600 ns, Reaching safepoint: 43000 ns, Cleanup: 2100 ns, At safepoint: 3598700 ns, Total: 3643800 ns
[2025-04-03T07:37:42.683-0400][54118.915s][debug][safepoint   ] Safepoint synchronization initiated using striped semaphore wait barrier. (239 threads)
[2025-04-03T07:37:42.683-0400][54118.915s][info ][gc,start    ] GC(297) Pause Young (Normal) (G1 Evacuation Pause)
[2025-04-03T07:37:42.683-0400][54118.915s][info ][gc,task     ] GC(297) Using 23 workers of 23 for evacuation
[2025-04-03T07:37:42.687-0400][54118.919s][info ][gc,phases   ] GC(297)   Pre Evacuate Collection Set: 0.2ms
[2025-04-03T07:37:42.687-0400][54118.919s][info ][gc,phases   ] GC(297)   Merge Heap Roots: 0.1ms
[2025-04-03T07:37:42.687-0400][54118.919s][info ][gc,phases   ] GC(297)   Evacuate Collection Set: 2.3ms
[2025-04-03T07:37:42.687-0400][54118.919s][info ][gc,phases   ] GC(297)   Post Evacuate Collection Set: 1.2ms
[2025-04-03T07:37:42.687-0400][54118.919s][info ][gc,phases   ] GC(297)   Other: 0.1ms
[2025-04-03T07:37:42.687-0400][54118.919s][info ][gc,heap     ] GC(297) Eden regions: 262->0(262)
[2025-04-03T07:37:42.687-0400][54118.919s][info ][gc,heap     ] GC(297) Survivor regions: 2->2(33)
[2025-04-03T07:37:42.687-0400][54118.919s][info ][gc,heap     ] GC(297) Old regions: 191->191
[2025-04-03T07:37:42.687-0400][54118.919s][info ][gc,heap     ] GC(297) Archive regions: 0->0
[2025-04-03T07:37:42.687-0400][54118.919s][info ][gc,heap     ] GC(297) Humongous regions: 2->2
[2025-04-03T07:37:42.687-0400][54118.919s][info ][gc,metaspace] GC(297) Metaspace: 193847K(195520K)->193847K(195520K) NonClass: 170725K(171584K)->170725K(171584K) Class: 23122K(23936K)->23122K(23936K)
[2025-04-03T07:37:42.687-0400][54118.919s][info ][gc          ] GC(297) Pause Young (Normal) (G1 Evacuation Pause) 455M->193M(512M) 3.989ms
[2025-04-03T07:37:42.687-0400][54118.919s][info ][gc,cpu      ] GC(297) User=0.00s Sys=0.00s Real=0.00s
[2025-04-03T07:37:42.687-0400][54118.919s][info ][safepoint   ] Safepoint "G1CollectForAllocation", Time since last: 218255935400 ns, Reaching safepoint: 67500 ns, Cleanup: 3100 ns, At safepoint: 4077000 ns, Total: 4147600 ns
[2025-04-03T07:41:21.998-0400][54338.230s][debug][safepoint   ] Safepoint synchronization initiated using striped semaphore wait barrier. (237 threads)
[2025-04-03T07:41:21.998-0400][54338.230s][info ][gc,start    ] GC(298) Pause Young (Normal) (G1 Evacuation Pause)
[2025-04-03T07:41:21.998-0400][54338.230s][info ][gc,task     ] GC(298) Using 23 workers of 23 for evacuation
[2025-04-03T07:41:22.002-0400][54338.234s][info ][gc,phases   ] GC(298)   Pre Evacuate Collection Set: 0.1ms
[2025-04-03T07:41:22.002-0400][54338.234s][info ][gc,phases   ] GC(298)   Merge Heap Roots: 0.1ms
[2025-04-03T07:41:22.002-0400][54338.234s][info ][gc,phases   ] GC(298)   Evacuate Collection Set: 2.7ms
[2025-04-03T07:41:22.002-0400][54338.234s][info ][gc,phases   ] GC(298)   Post Evacuate Collection Set: 1.0ms
[2025-04-03T07:41:22.002-0400][54338.234s][info ][gc,phases   ] GC(298)   Other: 0.1ms
[2025-04-03T07:41:22.002-0400][54338.234s][info ][gc,heap     ] GC(298) Eden regions: 262->0(262)
[2025-04-03T07:41:22.002-0400][54338.234s][info ][gc,heap     ] GC(298) Survivor regions: 2->2(33)
[2025-04-03T07:41:22.002-0400][54338.234s][info ][gc,heap     ] GC(298) Old regions: 191->191
[2025-04-03T07:41:22.002-0400][54338.234s][info ][gc,heap     ] GC(298) Archive regions: 0->0
[2025-04-03T07:41:22.002-0400][54338.234s][info ][gc,heap     ] GC(298) Humongous regions: 2->2
[2025-04-03T07:41:22.002-0400][54338.234s][info ][gc,metaspace] GC(298) Metaspace: 193847K(195520K)->193847K(195520K) NonClass: 170725K(171584K)->170725K(171584K) Class: 23122K(23936K)->23122K(23936K)
[2025-04-03T07:41:22.002-0400][54338.234s][info ][gc          ] GC(298) Pause Young (Normal) (G1 Evacuation Pause) 455M->193M(512M) 4.088ms
[2025-04-03T07:41:22.002-0400][54338.234s][info ][gc,cpu      ] GC(298) User=0.03s Sys=0.00s Real=0.00s
[2025-04-03T07:41:22.002-0400][54338.234s][info ][safepoint   ] Safepoint "G1CollectForAllocation", Time since last: 219311086400 ns, Reaching safepoint: 68100 ns, Cleanup: 2700 ns, At safepoint: 4166700 ns, Total: 4237500 ns
[2025-04-03T07:45:02.592-0400][54558.824s][debug][safepoint   ] Safepoint synchronization initiated using striped semaphore wait barrier. (237 threads)
[2025-04-03T07:45:02.592-0400][54558.824s][info ][gc,start    ] GC(299) Pause Young (Normal) (G1 Evacuation Pause)
[2025-04-03T07:45:02.592-0400][54558.824s][info ][gc,task     ] GC(299) Using 23 workers of 23 for evacuation
[2025-04-03T07:45:02.596-0400][54558.828s][info ][gc,phases   ] GC(299)   Pre Evacuate Collection Set: 0.1ms
[2025-04-03T07:45:02.596-0400][54558.828s][info ][gc,phases   ] GC(299)   Merge Heap Roots: 0.1ms
[2025-04-03T07:45:02.596-0400][54558.828s][info ][gc,phases   ] GC(299)   Evacuate Collection Set: 2.1ms
[2025-04-03T07:45:02.596-0400][54558.828s][info ][gc,phases   ] GC(299)   Post Evacuate Collection Set: 1.1ms
[2025-04-03T07:45:02.596-0400][54558.828s][info ][gc,phases   ] GC(299)   Other: 0.1ms
[2025-04-03T07:45:02.596-0400][54558.828s][info ][gc,heap     ] GC(299) Eden regions: 262->0(262)
[2025-04-03T07:45:02.596-0400][54558.828s][info ][gc,heap     ] GC(299) Survivor regions: 2->2(33)
[2025-04-03T07:45:02.596-0400][54558.828s][info ][gc,heap     ] GC(299) Old regions: 191->191
[2025-04-03T07:45:02.596-0400][54558.828s][info ][gc,heap     ] GC(299) Archive regions: 0->0
[2025-04-03T07:45:02.596-0400][54558.828s][info ][gc,heap     ] GC(299) Humongous regions: 2->2
[2025-04-03T07:45:02.596-0400][54558.828s][info ][gc,metaspace] GC(299) Metaspace: 193847K(195520K)->193847K(195520K) NonClass: 170725K(171584K)->170725K(171584K) Class: 23122K(23936K)->23122K(23936K)
[2025-04-03T07:45:02.596-0400][54558.828s][info ][gc          ] GC(299) Pause Young (Normal) (G1 Evacuation Pause) 455M->193M(512M) 3.560ms
[2025-04-03T07:45:02.596-0400][54558.828s][info ][gc,cpu      ] GC(299) User=0.03s Sys=0.00s Real=0.00s
[2025-04-03T07:45:02.596-0400][54558.828s][info ][safepoint   ] Safepoint "G1CollectForAllocation", Time since last: 220589965200 ns, Reaching safepoint: 82400 ns, Cleanup: 3300 ns, At safepoint: 3640700 ns, Total: 3726400 ns
[2025-04-03T07:48:41.301-0400][54777.533s][debug][safepoint   ] Safepoint synchronization initiated using striped semaphore wait barrier. (237 threads)
[2025-04-03T07:48:41.301-0400][54777.533s][info ][gc,start    ] GC(300) Pause Young (Normal) (G1 Evacuation Pause)
[2025-04-03T07:48:41.301-0400][54777.534s][info ][gc,task     ] GC(300) Using 23 workers of 23 for evacuation
[2025-04-03T07:48:41.304-0400][54777.537s][info ][gc,phases   ] GC(300)   Pre Evacuate Collection Set: 0.1ms
[2025-04-03T07:48:41.304-0400][54777.537s][info ][gc,phases   ] GC(300)   Merge Heap Roots: 0.1ms
[2025-04-03T07:48:41.304-0400][54777.537s][info ][gc,phases   ] GC(300)   Evacuate Collection Set: 2.2ms
[2025-04-03T07:48:41.304-0400][54777.537s][info ][gc,phases   ] GC(300)   Post Evacuate Collection Set: 1.0ms
[2025-04-03T07:48:41.304-0400][54777.537s][info ][gc,phases   ] GC(300)   Other: 0.1ms
[2025-04-03T07:48:41.304-0400][54777.537s][info ][gc,heap     ] GC(300) Eden regions: 262->0(262)
[2025-04-03T07:48:41.304-0400][54777.537s][info ][gc,heap     ] GC(300) Survivor regions: 2->2(33)
[2025-04-03T07:48:41.304-0400][54777.537s][info ][gc,heap     ] GC(300) Old regions: 191->191
[2025-04-03T07:48:41.304-0400][54777.537s][info ][gc,heap     ] GC(300) Archive regions: 0->0
[2025-04-03T07:48:41.304-0400][54777.537s][info ][gc,heap     ] GC(300) Humongous regions: 2->2
[2025-04-03T07:48:41.304-0400][54777.537s][info ][gc,metaspace] GC(300) Metaspace: 193847K(195520K)->193847K(195520K) NonClass: 170725K(171584K)->170725K(171584K) Class: 23122K(23936K)->23122K(23936K)
[2025-04-03T07:48:41.304-0400][54777.537s][info ][gc          ] GC(300) Pause Young (Normal) (G1 Evacuation Pause) 455M->193M(512M) 3.556ms
[2025-04-03T07:48:41.304-0400][54777.537s][info ][gc,cpu      ] GC(300) User=0.00s Sys=0.00s Real=0.00s
[2025-04-03T07:48:41.304-0400][54777.537s][info ][safepoint   ] Safepoint "G1CollectForAllocation", Time since last: 218705407300 ns, Reaching safepoint: 46400 ns, Cleanup: 2000 ns, At safepoint: 3621800 ns, Total: 3670200 ns
[2025-04-03T07:52:21.990-0400][54998.222s][debug][safepoint   ] Safepoint synchronization initiated using striped semaphore wait barrier. (237 threads)
[2025-04-03T07:52:21.990-0400][54998.223s][info ][gc,start    ] GC(301) Pause Young (Normal) (G1 Evacuation Pause)
[2025-04-03T07:52:21.990-0400][54998.223s][info ][gc,task     ] GC(301) Using 23 workers of 23 for evacuation
[2025-04-03T07:52:21.994-0400][54998.226s][info ][gc,phases   ] GC(301)   Pre Evacuate Collection Set: 0.1ms
[2025-04-03T07:52:21.994-0400][54998.226s][info ][gc,phases   ] GC(301)   Merge Heap Roots: 0.1ms
[2025-04-03T07:52:21.994-0400][54998.226s][info ][gc,phases   ] GC(301)   Evacuate Collection Set: 2.4ms
[2025-04-03T07:52:21.994-0400][54998.226s][info ][gc,phases   ] GC(301)   Post Evacuate Collection Set: 1.1ms
[2025-04-03T07:52:21.994-0400][54998.226s][info ][gc,phases   ] GC(301)   Other: 0.1ms
[2025-04-03T07:52:21.994-0400][54998.226s][info ][gc,heap     ] GC(301) Eden regions: 262->0(262)
[2025-04-03T07:52:21.994-0400][54998.226s][info ][gc,heap     ] GC(301) Survivor regions: 2->2(33)
[2025-04-03T07:52:21.994-0400][54998.226s][info ][gc,heap     ] GC(301) Old regions: 191->191
[2025-04-03T07:52:21.994-0400][54998.226s][info ][gc,heap     ] GC(301) Archive regions: 0->0
[2025-04-03T07:52:21.994-0400][54998.226s][info ][gc,heap     ] GC(301) Humongous regions: 2->2
[2025-04-03T07:52:21.994-0400][54998.226s][info ][gc,metaspace] GC(301) Metaspace: 193847K(195520K)->193847K(195520K) NonClass: 170725K(171584K)->170725K(171584K) Class: 23122K(23936K)->23122K(23936K)
[2025-04-03T07:52:21.994-0400][54998.226s][info ][gc          ] GC(301) Pause Young (Normal) (G1 Evacuation Pause) 455M->193M(512M) 3.857ms
[2025-04-03T07:52:21.994-0400][54998.226s][info ][gc,cpu      ] GC(301) User=0.00s Sys=0.00s Real=0.00s
[2025-04-03T07:52:21.994-0400][54998.226s][info ][safepoint   ] Safepoint "G1CollectForAllocation", Time since last: 220685399600 ns, Reaching safepoint: 53000 ns, Cleanup: 3000 ns, At safepoint: 3934700 ns, Total: 3990700 ns
[2025-04-03T07:55:56.451-0400][55212.683s][debug][safepoint   ] Safepoint synchronization initiated using striped semaphore wait barrier. (241 threads)
[2025-04-03T07:55:56.451-0400][55212.683s][info ][gc,start    ] GC(302) Pause Young (Normal) (G1 Evacuation Pause)
[2025-04-03T07:55:56.451-0400][55212.683s][info ][gc,task     ] GC(302) Using 23 workers of 23 for evacuation
[2025-04-03T07:55:56.455-0400][55212.687s][info ][gc,phases   ] GC(302)   Pre Evacuate Collection Set: 0.1ms
[2025-04-03T07:55:56.455-0400][55212.687s][info ][gc,phases   ] GC(302)   Merge Heap Roots: 0.1ms
[2025-04-03T07:55:56.455-0400][55212.687s][info ][gc,phases   ] GC(302)   Evacuate Collection Set: 2.6ms
[2025-04-03T07:55:56.455-0400][55212.687s][info ][gc,phases   ] GC(302)   Post Evacuate Collection Set: 1.0ms
[2025-04-03T07:55:56.455-0400][55212.687s][info ][gc,phases   ] GC(302)   Other: 0.1ms
[2025-04-03T07:55:56.455-0400][55212.687s][info ][gc,heap     ] GC(302) Eden regions: 262->0(261)
[2025-04-03T07:55:56.455-0400][55212.687s][info ][gc,heap     ] GC(302) Survivor regions: 2->2(33)
[2025-04-03T07:55:56.455-0400][55212.687s][info ][gc,heap     ] GC(302) Old regions: 191->191
[2025-04-03T07:55:56.455-0400][55212.687s][info ][gc,heap     ] GC(302) Archive regions: 0->0
[2025-04-03T07:55:56.455-0400][55212.687s][info ][gc,heap     ] GC(302) Humongous regions: 2->2
[2025-04-03T07:55:56.455-0400][55212.687s][info ][gc,metaspace] GC(302) Metaspace: 193854K(195520K)->193854K(195520K) NonClass: 170732K(171584K)->170732K(171584K) Class: 23122K(23936K)->23122K(23936K)
[2025-04-03T07:55:56.455-0400][55212.687s][info ][gc          ] GC(302) Pause Young (Normal) (G1 Evacuation Pause) 455M->193M(512M) 4.016ms
[2025-04-03T07:55:56.455-0400][55212.687s][info ][gc,cpu      ] GC(302) User=0.03s Sys=0.00s Real=0.00s
[2025-04-03T07:55:56.455-0400][55212.687s][info ][safepoint   ] Safepoint "G1CollectForAllocation", Time since last: 214456496000 ns, Reaching safepoint: 69000 ns, Cleanup: 3200 ns, At safepoint: 4130000 ns, Total: 4202200 ns
[2025-04-03T07:59:34.576-0400][55430.808s][debug][safepoint   ] Safepoint synchronization initiated using striped semaphore wait barrier. (235 threads)
[2025-04-03T07:59:34.576-0400][55430.808s][info ][gc,start    ] GC(303) Pause Young (Normal) (G1 Evacuation Pause)
[2025-04-03T07:59:34.576-0400][55430.808s][info ][gc,task     ] GC(303) Using 23 workers of 23 for evacuation
[2025-04-03T07:59:34.579-0400][55430.812s][info ][gc,phases   ] GC(303)   Pre Evacuate Collection Set: 0.1ms
[2025-04-03T07:59:34.579-0400][55430.812s][info ][gc,phases   ] GC(303)   Merge Heap Roots: 0.1ms
[2025-04-03T07:59:34.579-0400][55430.812s][info ][gc,phases   ] GC(303)   Evacuate Collection Set: 2.4ms
[2025-04-03T07:59:34.579-0400][55430.812s][info ][gc,phases   ] GC(303)   Post Evacuate Collection Set: 1.3ms
[2025-04-03T07:59:34.579-0400][55430.812s][info ][gc,phases   ] GC(303)   Other: 0.1ms
[2025-04-03T07:59:34.579-0400][55430.812s][info ][gc,heap     ] GC(303) Eden regions: 261->0(262)
[2025-04-03T07:59:34.579-0400][55430.812s][info ][gc,heap     ] GC(303) Survivor regions: 2->2(33)
[2025-04-03T07:59:34.579-0400][55430.812s][info ][gc,heap     ] GC(303) Old regions: 191->191
[2025-04-03T07:59:34.579-0400][55430.812s][info ][gc,heap     ] GC(303) Archive regions: 0->0
[2025-04-03T07:59:34.579-0400][55430.812s][info ][gc,heap     ] GC(303) Humongous regions: 2->2
[2025-04-03T07:59:34.579-0400][55430.812s][info ][gc,metaspace] GC(303) Metaspace: 193854K(195520K)->193854K(195520K) NonClass: 170732K(171584K)->170732K(171584K) Class: 23122K(23936K)->23122K(23936K)
[2025-04-03T07:59:34.579-0400][55430.812s][info ][gc          ] GC(303) Pause Young (Normal) (G1 Evacuation Pause) 454M->193M(512M) 4.060ms
[2025-04-03T07:59:34.579-0400][55430.812s][info ][gc,cpu      ] GC(303) User=0.00s Sys=0.00s Real=0.00s
[2025-04-03T07:59:34.579-0400][55430.812s][info ][safepoint   ] Safepoint "G1CollectForAllocation", Time since last: 218120630400 ns, Reaching safepoint: 80300 ns, Cleanup: 3600 ns, At safepoint: 4150800 ns, Total: 4234700 ns
[2025-04-03T08:03:15.250-0400][55651.482s][debug][safepoint   ] Safepoint synchronization initiated using striped semaphore wait barrier. (237 threads)
[2025-04-03T08:03:15.250-0400][55651.482s][info ][gc,start    ] GC(304) Pause Young (Normal) (G1 Evacuation Pause)
[2025-04-03T08:03:15.250-0400][55651.482s][info ][gc,task     ] GC(304) Using 23 workers of 23 for evacuation
[2025-04-03T08:03:15.254-0400][55651.486s][info ][gc,phases   ] GC(304)   Pre Evacuate Collection Set: 0.1ms
[2025-04-03T08:03:15.254-0400][55651.486s][info ][gc,phases   ] GC(304)   Merge Heap Roots: 0.1ms
[2025-04-03T08:03:15.254-0400][55651.486s][info ][gc,phases   ] GC(304)   Evacuate Collection Set: 2.4ms
[2025-04-03T08:03:15.254-0400][55651.486s][info ][gc,phases   ] GC(304)   Post Evacuate Collection Set: 1.0ms
[2025-04-03T08:03:15.254-0400][55651.486s][info ][gc,phases   ] GC(304)   Other: 0.1ms
[2025-04-03T08:03:15.254-0400][55651.486s][info ][gc,heap     ] GC(304) Eden regions: 262->0(262)
[2025-04-03T08:03:15.254-0400][55651.486s][info ][gc,heap     ] GC(304) Survivor regions: 2->2(33)
[2025-04-03T08:03:15.254-0400][55651.486s][info ][gc,heap     ] GC(304) Old regions: 191->191
[2025-04-03T08:03:15.254-0400][55651.486s][info ][gc,heap     ] GC(304) Archive regions: 0->0
[2025-04-03T08:03:15.254-0400][55651.486s][info ][gc,heap     ] GC(304) Humongous regions: 2->2
[2025-04-03T08:03:15.254-0400][55651.486s][info ][gc,metaspace] GC(304) Metaspace: 193854K(195520K)->193854K(195520K) NonClass: 170732K(171584K)->170732K(171584K) Class: 23122K(23936K)->23122K(23936K)
[2025-04-03T08:03:15.254-0400][55651.486s][info ][gc          ] GC(304) Pause Young (Normal) (G1 Evacuation Pause) 455M->193M(512M) 3.821ms
[2025-04-03T08:03:15.254-0400][55651.486s][info ][gc,cpu      ] GC(304) User=0.02s Sys=0.00s Real=0.00s
[2025-04-03T08:03:15.254-0400][55651.486s][info ][safepoint   ] Safepoint "G1CollectForAllocation", Time since last: 220669966600 ns, Reaching safepoint: 85400 ns, Cleanup: 3500 ns, At safepoint: 3908100 ns, Total: 3997000 ns
[2025-04-03T08:06:53.997-0400][55870.229s][debug][safepoint   ] Safepoint synchronization initiated using striped semaphore wait barrier. (237 threads)
[2025-04-03T08:06:53.997-0400][55870.229s][info ][gc,start    ] GC(305) Pause Young (Normal) (G1 Evacuation Pause)
[2025-04-03T08:06:53.997-0400][55870.229s][info ][gc,task     ] GC(305) Using 23 workers of 23 for evacuation
[2025-04-03T08:06:54.000-0400][55870.232s][info ][gc,phases   ] GC(305)   Pre Evacuate Collection Set: 0.1ms
[2025-04-03T08:06:54.000-0400][55870.232s][info ][gc,phases   ] GC(305)   Merge Heap Roots: 0.1ms
[2025-04-03T08:06:54.000-0400][55870.232s][info ][gc,phases   ] GC(305)   Evacuate Collection Set: 2.1ms
[2025-04-03T08:06:54.000-0400][55870.232s][info ][gc,phases   ] GC(305)   Post Evacuate Collection Set: 1.0ms
[2025-04-03T08:06:54.000-0400][55870.232s][info ][gc,phases   ] GC(305)   Other: 0.1ms
[2025-04-03T08:06:54.000-0400][55870.232s][info ][gc,heap     ] GC(305) Eden regions: 262->0(262)
[2025-04-03T08:06:54.000-0400][55870.232s][info ][gc,heap     ] GC(305) Survivor regions: 2->2(33)
[2025-04-03T08:06:54.000-0400][55870.232s][info ][gc,heap     ] GC(305) Old regions: 191->191
[2025-04-03T08:06:54.000-0400][55870.232s][info ][gc,heap     ] GC(305) Archive regions: 0->0
[2025-04-03T08:06:54.000-0400][55870.232s][info ][gc,heap     ] GC(305) Humongous regions: 2->2
[2025-04-03T08:06:54.000-0400][55870.232s][info ][gc,metaspace] GC(305) Metaspace: 193854K(195520K)->193854K(195520K) NonClass: 170732K(171584K)->170732K(171584K) Class: 23122K(23936K)->23122K(23936K)
[2025-04-03T08:06:54.000-0400][55870.232s][info ][gc          ] GC(305) Pause Young (Normal) (G1 Evacuation Pause) 455M->193M(512M) 3.452ms
[2025-04-03T08:06:54.000-0400][55870.232s][info ][gc,cpu      ] GC(305) User=0.00s Sys=0.00s Real=0.00s
[2025-04-03T08:06:54.000-0400][55870.232s][info ][safepoint   ] Safepoint "G1CollectForAllocation", Time since last: 218742877100 ns, Reaching safepoint: 50800 ns, Cleanup: 2100 ns, At safepoint: 3514400 ns, Total: 3567300 ns
[2025-04-03T08:10:34.712-0400][56090.945s][debug][safepoint   ] Safepoint synchronization initiated using striped semaphore wait barrier. (236 threads)
[2025-04-03T08:10:34.712-0400][56090.945s][info ][gc,start    ] GC(306) Pause Young (Normal) (G1 Evacuation Pause)
[2025-04-03T08:10:34.712-0400][56090.945s][info ][gc,task     ] GC(306) Using 23 workers of 23 for evacuation
[2025-04-03T08:10:34.714-0400][56090.947s][info ][gc,phases   ] GC(306)   Pre Evacuate Collection Set: 0.3ms
[2025-04-03T08:10:34.714-0400][56090.947s][info ][gc,phases   ] GC(306)   Merge Heap Roots: 0.1ms
[2025-04-03T08:10:34.714-0400][56090.947s][info ][gc,phases   ] GC(306)   Evacuate Collection Set: 0.8ms
[2025-04-03T08:10:34.714-0400][56090.947s][info ][gc,phases   ] GC(306)   Post Evacuate Collection Set: 1.0ms
[2025-04-03T08:10:34.714-0400][56090.947s][info ][gc,phases   ] GC(306)   Other: 0.1ms
[2025-04-03T08:10:34.714-0400][56090.947s][info ][gc,heap     ] GC(306) Eden regions: 262->0(262)
[2025-04-03T08:10:34.714-0400][56090.947s][info ][gc,heap     ] GC(306) Survivor regions: 2->2(33)
[2025-04-03T08:10:34.714-0400][56090.947s][info ][gc,heap     ] GC(306) Old regions: 191->191
[2025-04-03T08:10:34.714-0400][56090.947s][info ][gc,heap     ] GC(306) Archive regions: 0->0
[2025-04-03T08:10:34.714-0400][56090.947s][info ][gc,heap     ] GC(306) Humongous regions: 2->2
[2025-04-03T08:10:34.714-0400][56090.947s][info ][gc,metaspace] GC(306) Metaspace: 193854K(195520K)->193854K(195520K) NonClass: 170732K(171584K)->170732K(171584K) Class: 23122K(23936K)->23122K(23936K)
[2025-04-03T08:10:34.714-0400][56090.947s][info ][gc          ] GC(306) Pause Young (Normal) (G1 Evacuation Pause) 455M->193M(512M) 2.329ms
[2025-04-03T08:10:34.714-0400][56090.947s][info ][gc,cpu      ] GC(306) User=0.00s Sys=0.00s Real=0.00s
[2025-04-03T08:10:34.714-0400][56090.947s][info ][safepoint   ] Safepoint "G1CollectForAllocation", Time since last: 220712108300 ns, Reaching safepoint: 56400 ns, Cleanup: 2600 ns, At safepoint: 2394700 ns, Total: 2453700 ns
[2025-04-03T08:14:13.711-0400][56309.943s][debug][safepoint   ] Safepoint synchronization initiated using striped semaphore wait barrier. (235 threads)
[2025-04-03T08:14:13.711-0400][56309.943s][info ][gc,start    ] GC(307) Pause Young (Normal) (G1 Evacuation Pause)
[2025-04-03T08:14:13.711-0400][56309.943s][info ][gc,task     ] GC(307) Using 23 workers of 23 for evacuation
[2025-04-03T08:14:13.713-0400][56309.945s][info ][gc,phases   ] GC(307)   Pre Evacuate Collection Set: 0.2ms
[2025-04-03T08:14:13.713-0400][56309.945s][info ][gc,phases   ] GC(307)   Merge Heap Roots: 0.1ms
[2025-04-03T08:14:13.713-0400][56309.945s][info ][gc,phases   ] GC(307)   Evacuate Collection Set: 1.0ms
[2025-04-03T08:14:13.713-0400][56309.945s][info ][gc,phases   ] GC(307)   Post Evacuate Collection Set: 1.1ms
[2025-04-03T08:14:13.713-0400][56309.945s][info ][gc,phases   ] GC(307)   Other: 0.1ms
[2025-04-03T08:14:13.713-0400][56309.945s][info ][gc,heap     ] GC(307) Eden regions: 262->0(262)
[2025-04-03T08:14:13.713-0400][56309.945s][info ][gc,heap     ] GC(307) Survivor regions: 2->2(33)
[2025-04-03T08:14:13.713-0400][56309.946s][info ][gc,heap     ] GC(307) Old regions: 191->191
[2025-04-03T08:14:13.713-0400][56309.946s][info ][gc,heap     ] GC(307) Archive regions: 0->0
[2025-04-03T08:14:13.713-0400][56309.946s][info ][gc,heap     ] GC(307) Humongous regions: 2->2
[2025-04-03T08:14:13.713-0400][56309.946s][info ][gc,metaspace] GC(307) Metaspace: 193854K(195520K)->193854K(195520K) NonClass: 170732K(171584K)->170732K(171584K) Class: 23122K(23936K)->23122K(23936K)
[2025-04-03T08:14:13.713-0400][56309.946s][info ][gc          ] GC(307) Pause Young (Normal) (G1 Evacuation Pause) 455M->193M(512M) 2.492ms
[2025-04-03T08:14:13.713-0400][56309.946s][info ][gc,cpu      ] GC(307) User=0.00s Sys=0.00s Real=0.00s
[2025-04-03T08:14:13.713-0400][56309.946s][info ][safepoint   ] Safepoint "G1CollectForAllocation", Time since last: 218995958700 ns, Reaching safepoint: 39500 ns, Cleanup: 2400 ns, At safepoint: 2557800 ns, Total: 2599700 ns
[2025-04-03T08:17:52.546-0400][56528.778s][debug][safepoint   ] Safepoint synchronization initiated using striped semaphore wait barrier. (237 threads)
[2025-04-03T08:17:52.546-0400][56528.778s][info ][gc,start    ] GC(308) Pause Young (Normal) (G1 Evacuation Pause)
[2025-04-03T08:17:52.546-0400][56528.778s][info ][gc,task     ] GC(308) Using 23 workers of 23 for evacuation
[2025-04-03T08:17:52.548-0400][56528.780s][info ][gc,phases   ] GC(308)   Pre Evacuate Collection Set: 0.1ms
[2025-04-03T08:17:52.548-0400][56528.780s][info ][gc,phases   ] GC(308)   Merge Heap Roots: 0.1ms
[2025-04-03T08:17:52.548-0400][56528.780s][info ][gc,phases   ] GC(308)   Evacuate Collection Set: 1.2ms
[2025-04-03T08:17:52.548-0400][56528.780s][info ][gc,phases   ] GC(308)   Post Evacuate Collection Set: 0.9ms
[2025-04-03T08:17:52.548-0400][56528.780s][info ][gc,phases   ] GC(308)   Other: 0.1ms
[2025-04-03T08:17:52.548-0400][56528.780s][info ][gc,heap     ] GC(308) Eden regions: 262->0(262)
[2025-04-03T08:17:52.548-0400][56528.780s][info ][gc,heap     ] GC(308) Survivor regions: 2->2(33)
[2025-04-03T08:17:52.548-0400][56528.780s][info ][gc,heap     ] GC(308) Old regions: 191->191
[2025-04-03T08:17:52.548-0400][56528.780s][info ][gc,heap     ] GC(308) Archive regions: 0->0
[2025-04-03T08:17:52.548-0400][56528.780s][info ][gc,heap     ] GC(308) Humongous regions: 2->2
[2025-04-03T08:17:52.548-0400][56528.780s][info ][gc,metaspace] GC(308) Metaspace: 193854K(195520K)->193854K(195520K) NonClass: 170732K(171584K)->170732K(171584K) Class: 23122K(23936K)->23122K(23936K)
[2025-04-03T08:17:52.548-0400][56528.781s][info ][gc          ] GC(308) Pause Young (Normal) (G1 Evacuation Pause) 455M->193M(512M) 2.467ms
[2025-04-03T08:17:52.548-0400][56528.781s][info ][gc,cpu      ] GC(308) User=0.00s Sys=0.00s Real=0.00s
[2025-04-03T08:17:52.548-0400][56528.781s][info ][safepoint   ] Safepoint "G1CollectForAllocation", Time since last: 218832386100 ns, Reaching safepoint: 53600 ns, Cleanup: 3100 ns, At safepoint: 2532800 ns, Total: 2589500 ns
[2025-04-03T08:20:29.936-0400][56686.168s][debug][safepoint   ] Safepoint synchronization initiated using striped semaphore wait barrier. (237 threads)
[2025-04-03T08:20:29.936-0400][56686.168s][info ][safepoint   ] Safepoint "Cleanup", Time since last: 157387818900 ns, Reaching safepoint: 90500 ns, Cleanup: 7500 ns, At safepoint: 1600 ns, Total: 99600 ns
[2025-04-03T08:21:33.179-0400][56749.411s][debug][safepoint   ] Safepoint synchronization initiated using striped semaphore wait barrier. (236 threads)
[2025-04-03T08:21:33.179-0400][56749.412s][info ][gc,start    ] GC(309) Pause Young (Normal) (G1 Evacuation Pause)
[2025-04-03T08:21:33.179-0400][56749.412s][info ][gc,task     ] GC(309) Using 23 workers of 23 for evacuation
[2025-04-03T08:21:33.182-0400][56749.415s][info ][gc,phases   ] GC(309)   Pre Evacuate Collection Set: 0.1ms
[2025-04-03T08:21:33.182-0400][56749.415s][info ][gc,phases   ] GC(309)   Merge Heap Roots: 0.1ms
[2025-04-03T08:21:33.182-0400][56749.415s][info ][gc,phases   ] GC(309)   Evacuate Collection Set: 2.1ms
[2025-04-03T08:21:33.182-0400][56749.415s][info ][gc,phases   ] GC(309)   Post Evacuate Collection Set: 1.0ms
[2025-04-03T08:21:33.182-0400][56749.415s][info ][gc,phases   ] GC(309)   Other: 0.1ms
[2025-04-03T08:21:33.182-0400][56749.415s][info ][gc,heap     ] GC(309) Eden regions: 262->0(262)
[2025-04-03T08:21:33.182-0400][56749.415s][info ][gc,heap     ] GC(309) Survivor regions: 2->2(33)
[2025-04-03T08:21:33.182-0400][56749.415s][info ][gc,heap     ] GC(309) Old regions: 191->191
[2025-04-03T08:21:33.182-0400][56749.415s][info ][gc,heap     ] GC(309) Archive regions: 0->0
[2025-04-03T08:21:33.182-0400][56749.415s][info ][gc,heap     ] GC(309) Humongous regions: 2->2
[2025-04-03T08:21:33.182-0400][56749.415s][info ][gc,metaspace] GC(309) Metaspace: 193854K(195520K)->193854K(195520K) NonClass: 170732K(171584K)->170732K(171584K) Class: 23122K(23936K)->23122K(23936K)
[2025-04-03T08:21:33.182-0400][56749.415s][info ][gc          ] GC(309) Pause Young (Normal) (G1 Evacuation Pause) 455M->193M(512M) 3.392ms
[2025-04-03T08:21:33.182-0400][56749.415s][info ][gc,cpu      ] GC(309) User=0.00s Sys=0.00s Real=0.00s
[2025-04-03T08:21:33.182-0400][56749.415s][info ][safepoint   ] Safepoint "G1CollectForAllocation", Time since last: 63242953800 ns, Reaching safepoint: 54100 ns, Cleanup: 1900 ns, At safepoint: 3457600 ns, Total: 3513600 ns
[2025-04-03T08:21:51.170-0400][56767.402s][debug][safepoint   ] Safepoint synchronization initiated using striped semaphore wait barrier. (237 threads)
[2025-04-03T08:21:51.170-0400][56767.402s][info ][safepoint   ] Safepoint "Cleanup", Time since last: 17987196900 ns, Reaching safepoint: 95100 ns, Cleanup: 4700 ns, At safepoint: 1600 ns, Total: 101400 ns
[2025-04-03T08:25:08.504-0400][56964.736s][debug][safepoint   ] Safepoint synchronization initiated using striped semaphore wait barrier. (237 threads)
[2025-04-03T08:25:08.504-0400][56964.736s][info ][gc,start    ] GC(310) Pause Young (Normal) (G1 Evacuation Pause)
[2025-04-03T08:25:08.504-0400][56964.736s][info ][gc,task     ] GC(310) Using 23 workers of 23 for evacuation
[2025-04-03T08:25:08.508-0400][56964.740s][info ][gc,phases   ] GC(310)   Pre Evacuate Collection Set: 0.2ms
[2025-04-03T08:25:08.508-0400][56964.740s][info ][gc,phases   ] GC(310)   Merge Heap Roots: 0.1ms
[2025-04-03T08:25:08.508-0400][56964.740s][info ][gc,phases   ] GC(310)   Evacuate Collection Set: 2.3ms
[2025-04-03T08:25:08.508-0400][56964.740s][info ][gc,phases   ] GC(310)   Post Evacuate Collection Set: 1.0ms
[2025-04-03T08:25:08.508-0400][56964.740s][info ][gc,phases   ] GC(310)   Other: 0.1ms
[2025-04-03T08:25:08.508-0400][56964.740s][info ][gc,heap     ] GC(310) Eden regions: 262->0(262)
[2025-04-03T08:25:08.508-0400][56964.740s][info ][gc,heap     ] GC(310) Survivor regions: 2->2(33)
[2025-04-03T08:25:08.508-0400][56964.740s][info ][gc,heap     ] GC(310) Old regions: 191->191
[2025-04-03T08:25:08.508-0400][56964.740s][info ][gc,heap     ] GC(310) Archive regions: 0->0
[2025-04-03T08:25:08.508-0400][56964.740s][info ][gc,heap     ] GC(310) Humongous regions: 2->2
[2025-04-03T08:25:08.508-0400][56964.740s][info ][gc,metaspace] GC(310) Metaspace: 193854K(195520K)->193854K(195520K) NonClass: 170732K(171584K)->170732K(171584K) Class: 23122K(23936K)->23122K(23936K)
[2025-04-03T08:25:08.508-0400][56964.740s][info ][gc          ] GC(310) Pause Young (Normal) (G1 Evacuation Pause) 455M->193M(512M) 3.677ms
[2025-04-03T08:25:08.508-0400][56964.740s][info ][gc,cpu      ] GC(310) User=0.00s Sys=0.00s Real=0.00s
[2025-04-03T08:25:08.508-0400][56964.740s][info ][safepoint   ] Safepoint "G1CollectForAllocation", Time since last: 197333727200 ns, Reaching safepoint: 67800 ns, Cleanup: 2800 ns, At safepoint: 3763000 ns, Total: 3833600 ns
[2025-04-03T08:28:48.551-0400][57184.783s][debug][safepoint   ] Safepoint synchronization initiated using striped semaphore wait barrier. (238 threads)
[2025-04-03T08:28:48.551-0400][57184.783s][info ][gc,start    ] GC(311) Pause Young (Normal) (G1 Evacuation Pause)
[2025-04-03T08:28:48.551-0400][57184.783s][info ][gc,task     ] GC(311) Using 23 workers of 23 for evacuation
[2025-04-03T08:28:48.554-0400][57184.786s][info ][gc,phases   ] GC(311)   Pre Evacuate Collection Set: 0.1ms
[2025-04-03T08:28:48.554-0400][57184.786s][info ][gc,phases   ] GC(311)   Merge Heap Roots: 0.1ms
[2025-04-03T08:28:48.554-0400][57184.786s][info ][gc,phases   ] GC(311)   Evacuate Collection Set: 2.4ms
[2025-04-03T08:28:48.554-0400][57184.786s][info ][gc,phases   ] GC(311)   Post Evacuate Collection Set: 0.9ms
[2025-04-03T08:28:48.554-0400][57184.786s][info ][gc,phases   ] GC(311)   Other: 0.1ms
[2025-04-03T08:28:48.554-0400][57184.786s][info ][gc,heap     ] GC(311) Eden regions: 262->0(262)
[2025-04-03T08:28:48.554-0400][57184.786s][info ][gc,heap     ] GC(311) Survivor regions: 2->2(33)
[2025-04-03T08:28:48.554-0400][57184.786s][info ][gc,heap     ] GC(311) Old regions: 191->191
[2025-04-03T08:28:48.554-0400][57184.786s][info ][gc,heap     ] GC(311) Archive regions: 0->0
[2025-04-03T08:28:48.554-0400][57184.786s][info ][gc,heap     ] GC(311) Humongous regions: 2->2
[2025-04-03T08:28:48.554-0400][57184.786s][info ][gc,metaspace] GC(311) Metaspace: 193855K(195520K)->193855K(195520K) NonClass: 170733K(171584K)->170733K(171584K) Class: 23122K(23936K)->23122K(23936K)
[2025-04-03T08:28:48.554-0400][57184.786s][info ][gc          ] GC(311) Pause Young (Normal) (G1 Evacuation Pause) 455M->193M(512M) 3.712ms
[2025-04-03T08:28:48.554-0400][57184.786s][info ][gc,cpu      ] GC(311) User=0.00s Sys=0.00s Real=0.00s
[2025-04-03T08:28:48.555-0400][57184.787s][info ][safepoint   ] Safepoint "G1CollectForAllocation", Time since last: 220042845000 ns, Reaching safepoint: 72000 ns, Cleanup: 4300 ns, At safepoint: 3788800 ns, Total: 3865100 ns
[2025-04-03T08:32:27.878-0400][57404.110s][debug][safepoint   ] Safepoint synchronization initiated using striped semaphore wait barrier. (238 threads)
[2025-04-03T08:32:27.878-0400][57404.110s][info ][gc,start    ] GC(312) Pause Young (Normal) (G1 Evacuation Pause)
[2025-04-03T08:32:27.878-0400][57404.110s][info ][gc,task     ] GC(312) Using 23 workers of 23 for evacuation
[2025-04-03T08:32:27.881-0400][57404.114s][info ][gc,phases   ] GC(312)   Pre Evacuate Collection Set: 0.1ms
[2025-04-03T08:32:27.881-0400][57404.114s][info ][gc,phases   ] GC(312)   Merge Heap Roots: 0.1ms
[2025-04-03T08:32:27.881-0400][57404.114s][info ][gc,phases   ] GC(312)   Evacuate Collection Set: 2.3ms
[2025-04-03T08:32:27.881-0400][57404.114s][info ][gc,phases   ] GC(312)   Post Evacuate Collection Set: 1.0ms
[2025-04-03T08:32:27.881-0400][57404.114s][info ][gc,phases   ] GC(312)   Other: 0.1ms
[2025-04-03T08:32:27.882-0400][57404.114s][info ][gc,heap     ] GC(312) Eden regions: 262->0(262)
[2025-04-03T08:32:27.882-0400][57404.114s][info ][gc,heap     ] GC(312) Survivor regions: 2->2(33)
[2025-04-03T08:32:27.882-0400][57404.114s][info ][gc,heap     ] GC(312) Old regions: 191->191
[2025-04-03T08:32:27.882-0400][57404.114s][info ][gc,heap     ] GC(312) Archive regions: 0->0
[2025-04-03T08:32:27.882-0400][57404.114s][info ][gc,heap     ] GC(312) Humongous regions: 2->2
[2025-04-03T08:32:27.882-0400][57404.114s][info ][gc,metaspace] GC(312) Metaspace: 193855K(195520K)->193855K(195520K) NonClass: 170733K(171584K)->170733K(171584K) Class: 23122K(23936K)->23122K(23936K)
[2025-04-03T08:32:27.882-0400][57404.114s][info ][gc          ] GC(312) Pause Young (Normal) (G1 Evacuation Pause) 455M->193M(512M) 3.657ms
[2025-04-03T08:32:27.882-0400][57404.114s][info ][gc,cpu      ] GC(312) User=0.00s Sys=0.00s Real=0.00s
[2025-04-03T08:32:27.882-0400][57404.114s][info ][safepoint   ] Safepoint "G1CollectForAllocation", Time since last: 219323853100 ns, Reaching safepoint: 75900 ns, Cleanup: 1900 ns, At safepoint: 3722100 ns, Total: 3799900 ns
[2025-04-03T08:35:10.795-0400][57567.027s][debug][safepoint   ] Safepoint synchronization initiated using striped semaphore wait barrier. (237 threads)
[2025-04-03T08:35:10.795-0400][57567.028s][info ][safepoint   ] Safepoint "Cleanup", Time since last: 162913334000 ns, Reaching safepoint: 97400 ns, Cleanup: 6200 ns, At safepoint: 1500 ns, Total: 105100 ns
[2025-04-03T08:36:07.630-0400][57623.863s][debug][safepoint   ] Safepoint synchronization initiated using striped semaphore wait barrier. (237 threads)
[2025-04-03T08:36:07.630-0400][57623.863s][info ][gc,start    ] GC(313) Pause Young (Normal) (G1 Evacuation Pause)
[2025-04-03T08:36:07.630-0400][57623.863s][info ][gc,task     ] GC(313) Using 23 workers of 23 for evacuation
[2025-04-03T08:36:07.634-0400][57623.867s][info ][gc,phases   ] GC(313)   Pre Evacuate Collection Set: 0.2ms
[2025-04-03T08:36:07.634-0400][57623.867s][info ][gc,phases   ] GC(313)   Merge Heap Roots: 0.1ms
[2025-04-03T08:36:07.634-0400][57623.867s][info ][gc,phases   ] GC(313)   Evacuate Collection Set: 2.2ms
[2025-04-03T08:36:07.634-0400][57623.867s][info ][gc,phases   ] GC(313)   Post Evacuate Collection Set: 1.1ms
[2025-04-03T08:36:07.634-0400][57623.867s][info ][gc,phases   ] GC(313)   Other: 0.1ms
[2025-04-03T08:36:07.634-0400][57623.867s][info ][gc,heap     ] GC(313) Eden regions: 262->0(262)
[2025-04-03T08:36:07.634-0400][57623.867s][info ][gc,heap     ] GC(313) Survivor regions: 2->2(33)
[2025-04-03T08:36:07.634-0400][57623.867s][info ][gc,heap     ] GC(313) Old regions: 191->191
[2025-04-03T08:36:07.634-0400][57623.867s][info ][gc,heap     ] GC(313) Archive regions: 0->0
[2025-04-03T08:36:07.634-0400][57623.867s][info ][gc,heap     ] GC(313) Humongous regions: 2->2
[2025-04-03T08:36:07.634-0400][57623.867s][info ][gc,metaspace] GC(313) Metaspace: 193855K(195520K)->193855K(195520K) NonClass: 170733K(171584K)->170733K(171584K) Class: 23122K(23936K)->23122K(23936K)
[2025-04-03T08:36:07.634-0400][57623.867s][info ][gc          ] GC(313) Pause Young (Normal) (G1 Evacuation Pause) 455M->193M(512M) 3.703ms
[2025-04-03T08:36:07.634-0400][57623.867s][info ][gc,cpu      ] GC(313) User=0.00s Sys=0.00s Real=0.00s
[2025-04-03T08:36:07.634-0400][57623.867s][info ][safepoint   ] Safepoint "G1CollectForAllocation", Time since last: 56835277700 ns, Reaching safepoint: 43200 ns, Cleanup: 2200 ns, At safepoint: 3766500 ns, Total: 3811900 ns
[2025-04-03T08:39:47.281-0400][57843.513s][debug][safepoint   ] Safepoint synchronization initiated using striped semaphore wait barrier. (237 threads)
[2025-04-03T08:39:47.281-0400][57843.513s][info ][gc,start    ] GC(314) Pause Young (Normal) (G1 Evacuation Pause)
[2025-04-03T08:39:47.281-0400][57843.514s][info ][gc,task     ] GC(314) Using 23 workers of 23 for evacuation
[2025-04-03T08:39:47.285-0400][57843.517s][info ][gc,phases   ] GC(314)   Pre Evacuate Collection Set: 0.1ms
[2025-04-03T08:39:47.285-0400][57843.517s][info ][gc,phases   ] GC(314)   Merge Heap Roots: 0.1ms
[2025-04-03T08:39:47.285-0400][57843.517s][info ][gc,phases   ] GC(314)   Evacuate Collection Set: 2.6ms
[2025-04-03T08:39:47.285-0400][57843.518s][info ][gc,phases   ] GC(314)   Post Evacuate Collection Set: 1.1ms
[2025-04-03T08:39:47.285-0400][57843.518s][info ][gc,phases   ] GC(314)   Other: 0.1ms
[2025-04-03T08:39:47.285-0400][57843.518s][info ][gc,heap     ] GC(314) Eden regions: 262->0(262)
[2025-04-03T08:39:47.285-0400][57843.518s][info ][gc,heap     ] GC(314) Survivor regions: 2->2(33)
[2025-04-03T08:39:47.285-0400][57843.518s][info ][gc,heap     ] GC(314) Old regions: 191->191
[2025-04-03T08:39:47.285-0400][57843.518s][info ][gc,heap     ] GC(314) Archive regions: 0->0
[2025-04-03T08:39:47.285-0400][57843.518s][info ][gc,heap     ] GC(314) Humongous regions: 2->2
[2025-04-03T08:39:47.285-0400][57843.518s][info ][gc,metaspace] GC(314) Metaspace: 193869K(195520K)->193869K(195520K) NonClass: 170746K(171584K)->170746K(171584K) Class: 23123K(23936K)->23123K(23936K)
[2025-04-03T08:39:47.285-0400][57843.518s][info ][gc          ] GC(314) Pause Young (Normal) (G1 Evacuation Pause) 455M->193M(512M) 4.061ms
[2025-04-03T08:39:47.285-0400][57843.518s][info ][gc,cpu      ] GC(314) User=0.02s Sys=0.00s Real=0.00s
[2025-04-03T08:39:47.285-0400][57843.518s][info ][safepoint   ] Safepoint "G1CollectForAllocation", Time since last: 219646698000 ns, Reaching safepoint: 65900 ns, Cleanup: 3200 ns, At safepoint: 4140300 ns, Total: 4209400 ns
[2025-04-03T08:43:26.560-0400][58062.792s][debug][safepoint   ] Safepoint synchronization initiated using striped semaphore wait barrier. (237 threads)
[2025-04-03T08:43:26.560-0400][58062.792s][info ][gc,start    ] GC(315) Pause Young (Normal) (G1 Evacuation Pause)
[2025-04-03T08:43:26.560-0400][58062.792s][info ][gc,task     ] GC(315) Using 23 workers of 23 for evacuation
[2025-04-03T08:43:26.563-0400][58062.796s][info ][gc,phases   ] GC(315)   Pre Evacuate Collection Set: 0.1ms
[2025-04-03T08:43:26.563-0400][58062.796s][info ][gc,phases   ] GC(315)   Merge Heap Roots: 0.1ms
[2025-04-03T08:43:26.563-0400][58062.796s][info ][gc,phases   ] GC(315)   Evacuate Collection Set: 2.1ms
[2025-04-03T08:43:26.563-0400][58062.796s][info ][gc,phases   ] GC(315)   Post Evacuate Collection Set: 1.0ms
[2025-04-03T08:43:26.563-0400][58062.796s][info ][gc,phases   ] GC(315)   Other: 0.1ms
[2025-04-03T08:43:26.563-0400][58062.796s][info ][gc,heap     ] GC(315) Eden regions: 262->0(262)
[2025-04-03T08:43:26.563-0400][58062.796s][info ][gc,heap     ] GC(315) Survivor regions: 2->2(33)
[2025-04-03T08:43:26.563-0400][58062.796s][info ][gc,heap     ] GC(315) Old regions: 191->191
[2025-04-03T08:43:26.563-0400][58062.796s][info ][gc,heap     ] GC(315) Archive regions: 0->0
[2025-04-03T08:43:26.563-0400][58062.796s][info ][gc,heap     ] GC(315) Humongous regions: 2->2
[2025-04-03T08:43:26.563-0400][58062.796s][info ][gc,metaspace] GC(315) Metaspace: 193869K(195520K)->193869K(195520K) NonClass: 170746K(171584K)->170746K(171584K) Class: 23123K(23936K)->23123K(23936K)
[2025-04-03T08:43:26.563-0400][58062.796s][info ][gc          ] GC(315) Pause Young (Normal) (G1 Evacuation Pause) 455M->193M(512M) 3.449ms
[2025-04-03T08:43:26.563-0400][58062.796s][info ][gc,cpu      ] GC(315) User=0.00s Sys=0.00s Real=0.00s
[2025-04-03T08:43:26.563-0400][58062.796s][info ][safepoint   ] Safepoint "G1CollectForAllocation", Time since last: 219274793000 ns, Reaching safepoint: 46500 ns, Cleanup: 2100 ns, At safepoint: 3504000 ns, Total: 3552600 ns
[2025-04-03T08:47:07.123-0400][58283.355s][debug][safepoint   ] Safepoint synchronization initiated using striped semaphore wait barrier. (237 threads)
[2025-04-03T08:47:07.123-0400][58283.355s][info ][gc,start    ] GC(316) Pause Young (Normal) (G1 Evacuation Pause)
[2025-04-03T08:47:07.123-0400][58283.355s][info ][gc,task     ] GC(316) Using 23 workers of 23 for evacuation
[2025-04-03T08:47:07.126-0400][58283.359s][info ][gc,phases   ] GC(316)   Pre Evacuate Collection Set: 0.1ms
[2025-04-03T08:47:07.126-0400][58283.359s][info ][gc,phases   ] GC(316)   Merge Heap Roots: 0.1ms
[2025-04-03T08:47:07.126-0400][58283.359s][info ][gc,phases   ] GC(316)   Evacuate Collection Set: 2.1ms
[2025-04-03T08:47:07.126-0400][58283.359s][info ][gc,phases   ] GC(316)   Post Evacuate Collection Set: 1.0ms
[2025-04-03T08:47:07.126-0400][58283.359s][info ][gc,phases   ] GC(316)   Other: 0.1ms
[2025-04-03T08:47:07.126-0400][58283.359s][info ][gc,heap     ] GC(316) Eden regions: 262->0(262)
[2025-04-03T08:47:07.126-0400][58283.359s][info ][gc,heap     ] GC(316) Survivor regions: 2->2(33)
[2025-04-03T08:47:07.126-0400][58283.359s][info ][gc,heap     ] GC(316) Old regions: 191->191
[2025-04-03T08:47:07.126-0400][58283.359s][info ][gc,heap     ] GC(316) Archive regions: 0->0
[2025-04-03T08:47:07.126-0400][58283.359s][info ][gc,heap     ] GC(316) Humongous regions: 2->2
[2025-04-03T08:47:07.126-0400][58283.359s][info ][gc,metaspace] GC(316) Metaspace: 193869K(195520K)->193869K(195520K) NonClass: 170746K(171584K)->170746K(171584K) Class: 23123K(23936K)->23123K(23936K)
[2025-04-03T08:47:07.126-0400][58283.359s][info ][gc          ] GC(316) Pause Young (Normal) (G1 Evacuation Pause) 455M->193M(512M) 3.476ms
[2025-04-03T08:47:07.126-0400][58283.359s][info ][gc,cpu      ] GC(316) User=0.00s Sys=0.00s Real=0.00s
[2025-04-03T08:47:07.126-0400][58283.359s][info ][safepoint   ] Safepoint "G1CollectForAllocation", Time since last: 220559256200 ns, Reaching safepoint: 52200 ns, Cleanup: 4300 ns, At safepoint: 3534300 ns, Total: 3590800 ns
[2025-04-03T08:50:46.701-0400][58502.934s][debug][safepoint   ] Safepoint synchronization initiated using striped semaphore wait barrier. (237 threads)
[2025-04-03T08:50:46.701-0400][58502.934s][info ][gc,start    ] GC(317) Pause Young (Normal) (G1 Evacuation Pause)
[2025-04-03T08:50:46.701-0400][58502.934s][info ][gc,task     ] GC(317) Using 23 workers of 23 for evacuation
[2025-04-03T08:50:46.703-0400][58502.936s][info ][gc,phases   ] GC(317)   Pre Evacuate Collection Set: 0.1ms
[2025-04-03T08:50:46.703-0400][58502.936s][info ][gc,phases   ] GC(317)   Merge Heap Roots: 0.1ms
[2025-04-03T08:50:46.703-0400][58502.936s][info ][gc,phases   ] GC(317)   Evacuate Collection Set: 1.1ms
[2025-04-03T08:50:46.703-0400][58502.936s][info ][gc,phases   ] GC(317)   Post Evacuate Collection Set: 0.7ms
[2025-04-03T08:50:46.703-0400][58502.936s][info ][gc,phases   ] GC(317)   Other: 0.1ms
[2025-04-03T08:50:46.703-0400][58502.936s][info ][gc,heap     ] GC(317) Eden regions: 262->0(262)
[2025-04-03T08:50:46.703-0400][58502.936s][info ][gc,heap     ] GC(317) Survivor regions: 2->2(33)
[2025-04-03T08:50:46.703-0400][58502.936s][info ][gc,heap     ] GC(317) Old regions: 191->191
[2025-04-03T08:50:46.703-0400][58502.936s][info ][gc,heap     ] GC(317) Archive regions: 0->0
[2025-04-03T08:50:46.703-0400][58502.936s][info ][gc,heap     ] GC(317) Humongous regions: 2->2
[2025-04-03T08:50:46.703-0400][58502.936s][info ][gc,metaspace] GC(317) Metaspace: 193869K(195520K)->193869K(195520K) NonClass: 170746K(171584K)->170746K(171584K) Class: 23123K(23936K)->23123K(23936K)
[2025-04-03T08:50:46.703-0400][58502.936s][info ][gc          ] GC(317) Pause Young (Normal) (G1 Evacuation Pause) 455M->193M(512M) 2.087ms
[2025-04-03T08:50:46.703-0400][58502.936s][info ][gc,cpu      ] GC(317) User=0.00s Sys=0.00s Real=0.00s
[2025-04-03T08:50:46.703-0400][58502.936s][info ][safepoint   ] Safepoint "G1CollectForAllocation", Time since last: 219574717300 ns, Reaching safepoint: 51200 ns, Cleanup: 2700 ns, At safepoint: 2156000 ns, Total: 2209900 ns
[2025-04-03T08:54:24.763-0400][58720.995s][debug][safepoint   ] Safepoint synchronization initiated using striped semaphore wait barrier. (237 threads)
[2025-04-03T08:54:24.763-0400][58720.995s][info ][gc,start    ] GC(318) Pause Young (Normal) (G1 Evacuation Pause)
[2025-04-03T08:54:24.763-0400][58720.995s][info ][gc,task     ] GC(318) Using 23 workers of 23 for evacuation
[2025-04-03T08:54:24.768-0400][58721.000s][info ][gc,phases   ] GC(318)   Pre Evacuate Collection Set: 0.1ms
[2025-04-03T08:54:24.768-0400][58721.000s][info ][gc,phases   ] GC(318)   Merge Heap Roots: 0.1ms
[2025-04-03T08:54:24.768-0400][58721.000s][info ][gc,phases   ] GC(318)   Evacuate Collection Set: 2.6ms
[2025-04-03T08:54:24.768-0400][58721.000s][info ][gc,phases   ] GC(318)   Post Evacuate Collection Set: 1.3ms
[2025-04-03T08:54:24.768-0400][58721.000s][info ][gc,phases   ] GC(318)   Other: 0.5ms
[2025-04-03T08:54:24.768-0400][58721.000s][info ][gc,heap     ] GC(318) Eden regions: 262->0(262)
[2025-04-03T08:54:24.768-0400][58721.000s][info ][gc,heap     ] GC(318) Survivor regions: 2->2(33)
[2025-04-03T08:54:24.768-0400][58721.000s][info ][gc,heap     ] GC(318) Old regions: 191->191
[2025-04-03T08:54:24.768-0400][58721.000s][info ][gc,heap     ] GC(318) Archive regions: 0->0
[2025-04-03T08:54:24.768-0400][58721.000s][info ][gc,heap     ] GC(318) Humongous regions: 2->2
[2025-04-03T08:54:24.768-0400][58721.000s][info ][gc,metaspace] GC(318) Metaspace: 193869K(195520K)->193869K(195520K) NonClass: 170746K(171584K)->170746K(171584K) Class: 23123K(23936K)->23123K(23936K)
[2025-04-03T08:54:24.768-0400][58721.000s][info ][gc          ] GC(318) Pause Young (Normal) (G1 Evacuation Pause) 455M->193M(512M) 4.666ms
[2025-04-03T08:54:24.768-0400][58721.000s][info ][gc,cpu      ] GC(318) User=0.03s Sys=0.00s Real=0.00s
[2025-04-03T08:54:24.768-0400][58721.000s][info ][safepoint   ] Safepoint "G1CollectForAllocation", Time since last: 218059557700 ns, Reaching safepoint: 81700 ns, Cleanup: 4000 ns, At safepoint: 4773800 ns, Total: 4859500 ns
[2025-04-03T08:58:03.641-0400][58939.874s][debug][safepoint   ] Safepoint synchronization initiated using striped semaphore wait barrier. (237 threads)
[2025-04-03T08:58:03.641-0400][58939.874s][info ][gc,start    ] GC(319) Pause Young (Normal) (G1 Evacuation Pause)
[2025-04-03T08:58:03.641-0400][58939.874s][info ][gc,task     ] GC(319) Using 23 workers of 23 for evacuation
[2025-04-03T08:58:03.644-0400][58939.877s][info ][gc,phases   ] GC(319)   Pre Evacuate Collection Set: 0.2ms
[2025-04-03T08:58:03.644-0400][58939.877s][info ][gc,phases   ] GC(319)   Merge Heap Roots: 0.2ms
[2025-04-03T08:58:03.644-0400][58939.877s][info ][gc,phases   ] GC(319)   Evacuate Collection Set: 1.4ms
[2025-04-03T08:58:03.644-0400][58939.877s][info ][gc,phases   ] GC(319)   Post Evacuate Collection Set: 1.3ms
[2025-04-03T08:58:03.644-0400][58939.877s][info ][gc,phases   ] GC(319)   Other: 0.1ms
[2025-04-03T08:58:03.644-0400][58939.877s][info ][gc,heap     ] GC(319) Eden regions: 262->0(262)
[2025-04-03T08:58:03.644-0400][58939.877s][info ][gc,heap     ] GC(319) Survivor regions: 2->2(33)
[2025-04-03T08:58:03.644-0400][58939.877s][info ][gc,heap     ] GC(319) Old regions: 191->191
[2025-04-03T08:58:03.644-0400][58939.877s][info ][gc,heap     ] GC(319) Archive regions: 0->0
[2025-04-03T08:58:03.644-0400][58939.877s][info ][gc,heap     ] GC(319) Humongous regions: 2->2
[2025-04-03T08:58:03.644-0400][58939.877s][info ][gc,metaspace] GC(319) Metaspace: 193869K(195520K)->193869K(195520K) NonClass: 170746K(171584K)->170746K(171584K) Class: 23123K(23936K)->23123K(23936K)
[2025-04-03T08:58:03.644-0400][58939.877s][info ][gc          ] GC(319) Pause Young (Normal) (G1 Evacuation Pause) 455M->193M(512M) 3.307ms
[2025-04-03T08:58:03.644-0400][58939.877s][info ][gc,cpu      ] GC(319) User=0.03s Sys=0.00s Real=0.00s
[2025-04-03T08:58:03.644-0400][58939.877s][info ][safepoint   ] Safepoint "G1CollectForAllocation", Time since last: 218873369100 ns, Reaching safepoint: 62900 ns, Cleanup: 3100 ns, At safepoint: 3380500 ns, Total: 3446500 ns
[2025-04-03T09:01:43.464-0400][59159.696s][debug][safepoint   ] Safepoint synchronization initiated using striped semaphore wait barrier. (237 threads)
[2025-04-03T09:01:43.464-0400][59159.696s][info ][gc,start    ] GC(320) Pause Young (Normal) (G1 Evacuation Pause)
[2025-04-03T09:01:43.464-0400][59159.696s][info ][gc,task     ] GC(320) Using 23 workers of 23 for evacuation
[2025-04-03T09:01:43.467-0400][59159.699s][info ][gc,phases   ] GC(320)   Pre Evacuate Collection Set: 0.1ms
[2025-04-03T09:01:43.467-0400][59159.699s][info ][gc,phases   ] GC(320)   Merge Heap Roots: 0.1ms
[2025-04-03T09:01:43.467-0400][59159.699s][info ][gc,phases   ] GC(320)   Evacuate Collection Set: 1.2ms
[2025-04-03T09:01:43.467-0400][59159.699s][info ][gc,phases   ] GC(320)   Post Evacuate Collection Set: 1.3ms
[2025-04-03T09:01:43.467-0400][59159.699s][info ][gc,phases   ] GC(320)   Other: 0.1ms
[2025-04-03T09:01:43.467-0400][59159.699s][info ][gc,heap     ] GC(320) Eden regions: 262->0(262)
[2025-04-03T09:01:43.467-0400][59159.699s][info ][gc,heap     ] GC(320) Survivor regions: 2->2(33)
[2025-04-03T09:01:43.467-0400][59159.699s][info ][gc,heap     ] GC(320) Old regions: 191->191
[2025-04-03T09:01:43.467-0400][59159.699s][info ][gc,heap     ] GC(320) Archive regions: 0->0
[2025-04-03T09:01:43.467-0400][59159.699s][info ][gc,heap     ] GC(320) Humongous regions: 2->2
[2025-04-03T09:01:43.467-0400][59159.699s][info ][gc,metaspace] GC(320) Metaspace: 193869K(195520K)->193869K(195520K) NonClass: 170746K(171584K)->170746K(171584K) Class: 23123K(23936K)->23123K(23936K)
[2025-04-03T09:01:43.467-0400][59159.699s][info ][gc          ] GC(320) Pause Young (Normal) (G1 Evacuation Pause) 455M->193M(512M) 2.928ms
[2025-04-03T09:01:43.467-0400][59159.699s][info ][gc,cpu      ] GC(320) User=0.00s Sys=0.00s Real=0.00s
[2025-04-03T09:01:43.467-0400][59159.699s][info ][safepoint   ] Safepoint "G1CollectForAllocation", Time since last: 219818924900 ns, Reaching safepoint: 121600 ns, Cleanup: 3100 ns, At safepoint: 3002200 ns, Total: 3126900 ns
[2025-04-03T09:05:24.763-0400][59380.995s][debug][safepoint   ] Safepoint synchronization initiated using striped semaphore wait barrier. (237 threads)
[2025-04-03T09:05:24.763-0400][59380.995s][info ][gc,start    ] GC(321) Pause Young (Normal) (G1 Evacuation Pause)
[2025-04-03T09:05:24.763-0400][59380.995s][info ][gc,task     ] GC(321) Using 23 workers of 23 for evacuation
[2025-04-03T09:05:24.767-0400][59380.999s][info ][gc,phases   ] GC(321)   Pre Evacuate Collection Set: 0.1ms
[2025-04-03T09:05:24.767-0400][59380.999s][info ][gc,phases   ] GC(321)   Merge Heap Roots: 0.1ms
[2025-04-03T09:05:24.767-0400][59380.999s][info ][gc,phases   ] GC(321)   Evacuate Collection Set: 2.2ms
[2025-04-03T09:05:24.767-0400][59380.999s][info ][gc,phases   ] GC(321)   Post Evacuate Collection Set: 1.2ms
[2025-04-03T09:05:24.767-0400][59380.999s][info ][gc,phases   ] GC(321)   Other: 0.1ms
[2025-04-03T09:05:24.767-0400][59380.999s][info ][gc,heap     ] GC(321) Eden regions: 262->0(262)
[2025-04-03T09:05:24.767-0400][59380.999s][info ][gc,heap     ] GC(321) Survivor regions: 2->2(33)
[2025-04-03T09:05:24.767-0400][59380.999s][info ][gc,heap     ] GC(321) Old regions: 191->191
[2025-04-03T09:05:24.767-0400][59380.999s][info ][gc,heap     ] GC(321) Archive regions: 0->0
[2025-04-03T09:05:24.767-0400][59380.999s][info ][gc,heap     ] GC(321) Humongous regions: 2->2
[2025-04-03T09:05:24.767-0400][59380.999s][info ][gc,metaspace] GC(321) Metaspace: 193869K(195520K)->193869K(195520K) NonClass: 170746K(171584K)->170746K(171584K) Class: 23123K(23936K)->23123K(23936K)
[2025-04-03T09:05:24.767-0400][59380.999s][info ][gc          ] GC(321) Pause Young (Normal) (G1 Evacuation Pause) 455M->193M(512M) 3.737ms
[2025-04-03T09:05:24.767-0400][59380.999s][info ][gc,cpu      ] GC(321) User=0.00s Sys=0.00s Real=0.00s
[2025-04-03T09:05:24.767-0400][59380.999s][info ][safepoint   ] Safepoint "G1CollectForAllocation", Time since last: 221295882300 ns, Reaching safepoint: 56800 ns, Cleanup: 3300 ns, At safepoint: 3811300 ns, Total: 3871400 ns
[2025-04-03T09:09:04.961-0400][59601.193s][debug][safepoint   ] Safepoint synchronization initiated using striped semaphore wait barrier. (237 threads)
[2025-04-03T09:09:04.961-0400][59601.193s][info ][gc,start    ] GC(322) Pause Young (Normal) (G1 Evacuation Pause)
[2025-04-03T09:09:04.961-0400][59601.193s][info ][gc,task     ] GC(322) Using 23 workers of 23 for evacuation
[2025-04-03T09:09:04.963-0400][59601.196s][info ][gc,phases   ] GC(322)   Pre Evacuate Collection Set: 0.1ms
[2025-04-03T09:09:04.963-0400][59601.196s][info ][gc,phases   ] GC(322)   Merge Heap Roots: 0.2ms
[2025-04-03T09:09:04.963-0400][59601.196s][info ][gc,phases   ] GC(322)   Evacuate Collection Set: 1.0ms
[2025-04-03T09:09:04.963-0400][59601.196s][info ][gc,phases   ] GC(322)   Post Evacuate Collection Set: 1.1ms
[2025-04-03T09:09:04.963-0400][59601.196s][info ][gc,phases   ] GC(322)   Other: 0.1ms
[2025-04-03T09:09:04.963-0400][59601.196s][info ][gc,heap     ] GC(322) Eden regions: 262->0(262)
[2025-04-03T09:09:04.963-0400][59601.196s][info ][gc,heap     ] GC(322) Survivor regions: 2->2(33)
[2025-04-03T09:09:04.963-0400][59601.196s][info ][gc,heap     ] GC(322) Old regions: 191->191
[2025-04-03T09:09:04.963-0400][59601.196s][info ][gc,heap     ] GC(322) Archive regions: 0->0
[2025-04-03T09:09:04.963-0400][59601.196s][info ][gc,heap     ] GC(322) Humongous regions: 2->2
[2025-04-03T09:09:04.963-0400][59601.196s][info ][gc,metaspace] GC(322) Metaspace: 193869K(195520K)->193869K(195520K) NonClass: 170746K(171584K)->170746K(171584K) Class: 23123K(23936K)->23123K(23936K)
[2025-04-03T09:09:04.963-0400][59601.196s][info ][gc          ] GC(322) Pause Young (Normal) (G1 Evacuation Pause) 455M->193M(512M) 2.673ms
[2025-04-03T09:09:04.963-0400][59601.196s][info ][gc,cpu      ] GC(322) User=0.00s Sys=0.00s Real=0.00s
[2025-04-03T09:09:04.963-0400][59601.196s][info ][safepoint   ] Safepoint "G1CollectForAllocation", Time since last: 220194069800 ns, Reaching safepoint: 69700 ns, Cleanup: 9300 ns, At safepoint: 2740500 ns, Total: 2819500 ns
[2025-04-03T09:12:45.150-0400][59821.382s][debug][safepoint   ] Safepoint synchronization initiated using striped semaphore wait barrier. (237 threads)
[2025-04-03T09:12:45.150-0400][59821.382s][info ][gc,start    ] GC(323) Pause Young (Normal) (G1 Evacuation Pause)
[2025-04-03T09:12:45.150-0400][59821.382s][info ][gc,task     ] GC(323) Using 23 workers of 23 for evacuation
[2025-04-03T09:12:45.152-0400][59821.385s][info ][gc,phases   ] GC(323)   Pre Evacuate Collection Set: 0.2ms
[2025-04-03T09:12:45.152-0400][59821.385s][info ][gc,phases   ] GC(323)   Merge Heap Roots: 0.3ms
[2025-04-03T09:12:45.152-0400][59821.385s][info ][gc,phases   ] GC(323)   Evacuate Collection Set: 1.3ms
[2025-04-03T09:12:45.152-0400][59821.385s][info ][gc,phases   ] GC(323)   Post Evacuate Collection Set: 0.9ms
[2025-04-03T09:12:45.152-0400][59821.385s][info ][gc,phases   ] GC(323)   Other: 0.1ms
[2025-04-03T09:12:45.152-0400][59821.385s][info ][gc,heap     ] GC(323) Eden regions: 262->0(262)
[2025-04-03T09:12:45.152-0400][59821.385s][info ][gc,heap     ] GC(323) Survivor regions: 2->2(33)
[2025-04-03T09:12:45.152-0400][59821.385s][info ][gc,heap     ] GC(323) Old regions: 191->191
[2025-04-03T09:12:45.152-0400][59821.385s][info ][gc,heap     ] GC(323) Archive regions: 0->0
[2025-04-03T09:12:45.152-0400][59821.385s][info ][gc,heap     ] GC(323) Humongous regions: 2->2
[2025-04-03T09:12:45.152-0400][59821.385s][info ][gc,metaspace] GC(323) Metaspace: 193869K(195520K)->193869K(195520K) NonClass: 170746K(171584K)->170746K(171584K) Class: 23123K(23936K)->23123K(23936K)
[2025-04-03T09:12:45.152-0400][59821.385s][info ][gc          ] GC(323) Pause Young (Normal) (G1 Evacuation Pause) 455M->193M(512M) 2.815ms
[2025-04-03T09:12:45.153-0400][59821.385s][info ][gc,cpu      ] GC(323) User=0.00s Sys=0.00s Real=0.00s
[2025-04-03T09:12:45.153-0400][59821.385s][info ][safepoint   ] Safepoint "G1CollectForAllocation", Time since last: 220186304700 ns, Reaching safepoint: 50400 ns, Cleanup: 3600 ns, At safepoint: 2892900 ns, Total: 2946900 ns
[2025-04-03T09:16:26.862-0400][60043.094s][debug][safepoint   ] Safepoint synchronization initiated using striped semaphore wait barrier. (237 threads)
[2025-04-03T09:16:26.862-0400][60043.094s][info ][gc,start    ] GC(324) Pause Young (Normal) (G1 Evacuation Pause)
[2025-04-03T09:16:26.862-0400][60043.094s][info ][gc,task     ] GC(324) Using 23 workers of 23 for evacuation
[2025-04-03T09:16:26.866-0400][60043.098s][info ][gc,phases   ] GC(324)   Pre Evacuate Collection Set: 0.1ms
[2025-04-03T09:16:26.866-0400][60043.098s][info ][gc,phases   ] GC(324)   Merge Heap Roots: 0.1ms
[2025-04-03T09:16:26.866-0400][60043.098s][info ][gc,phases   ] GC(324)   Evacuate Collection Set: 2.4ms
[2025-04-03T09:16:26.866-0400][60043.098s][info ][gc,phases   ] GC(324)   Post Evacuate Collection Set: 1.3ms
[2025-04-03T09:16:26.866-0400][60043.098s][info ][gc,phases   ] GC(324)   Other: 0.1ms
[2025-04-03T09:16:26.866-0400][60043.098s][info ][gc,heap     ] GC(324) Eden regions: 262->0(262)
[2025-04-03T09:16:26.866-0400][60043.098s][info ][gc,heap     ] GC(324) Survivor regions: 2->2(33)
[2025-04-03T09:16:26.866-0400][60043.098s][info ][gc,heap     ] GC(324) Old regions: 191->191
[2025-04-03T09:16:26.866-0400][60043.098s][info ][gc,heap     ] GC(324) Archive regions: 0->0
[2025-04-03T09:16:26.866-0400][60043.098s][info ][gc,heap     ] GC(324) Humongous regions: 2->2
[2025-04-03T09:16:26.866-0400][60043.098s][info ][gc,metaspace] GC(324) Metaspace: 193869K(195520K)->193869K(195520K) NonClass: 170746K(171584K)->170746K(171584K) Class: 23123K(23936K)->23123K(23936K)
[2025-04-03T09:16:26.866-0400][60043.098s][info ][gc          ] GC(324) Pause Young (Normal) (G1 Evacuation Pause) 455M->193M(512M) 4.089ms
[2025-04-03T09:16:26.866-0400][60043.098s][info ][gc,cpu      ] GC(324) User=0.00s Sys=0.00s Real=0.00s
[2025-04-03T09:16:26.866-0400][60043.098s][info ][safepoint   ] Safepoint "G1CollectForAllocation", Time since last: 221709322600 ns, Reaching safepoint: 72800 ns, Cleanup: 4800 ns, At safepoint: 4174700 ns, Total: 4252300 ns
[2025-04-03T09:20:06.758-0400][60262.990s][debug][safepoint   ] Safepoint synchronization initiated using striped semaphore wait barrier. (237 threads)
[2025-04-03T09:20:06.758-0400][60262.990s][info ][gc,start    ] GC(325) Pause Young (Normal) (G1 Evacuation Pause)
[2025-04-03T09:20:06.758-0400][60262.990s][info ][gc,task     ] GC(325) Using 23 workers of 23 for evacuation
[2025-04-03T09:20:06.762-0400][60262.994s][info ][gc,phases   ] GC(325)   Pre Evacuate Collection Set: 0.1ms
[2025-04-03T09:20:06.762-0400][60262.995s][info ][gc,phases   ] GC(325)   Merge Heap Roots: 0.1ms
[2025-04-03T09:20:06.762-0400][60262.995s][info ][gc,phases   ] GC(325)   Evacuate Collection Set: 2.7ms
[2025-04-03T09:20:06.762-0400][60262.995s][info ][gc,phases   ] GC(325)   Post Evacuate Collection Set: 1.2ms
[2025-04-03T09:20:06.762-0400][60262.995s][info ][gc,phases   ] GC(325)   Other: 0.1ms
[2025-04-03T09:20:06.762-0400][60262.995s][info ][gc,heap     ] GC(325) Eden regions: 262->0(262)
[2025-04-03T09:20:06.762-0400][60262.995s][info ][gc,heap     ] GC(325) Survivor regions: 2->2(33)
[2025-04-03T09:20:06.762-0400][60262.995s][info ][gc,heap     ] GC(325) Old regions: 191->191
[2025-04-03T09:20:06.762-0400][60262.995s][info ][gc,heap     ] GC(325) Archive regions: 0->0
[2025-04-03T09:20:06.762-0400][60262.995s][info ][gc,heap     ] GC(325) Humongous regions: 2->2
[2025-04-03T09:20:06.762-0400][60262.995s][info ][gc,metaspace] GC(325) Metaspace: 193869K(195520K)->193869K(195520K) NonClass: 170746K(171584K)->170746K(171584K) Class: 23123K(23936K)->23123K(23936K)
[2025-04-03T09:20:06.762-0400][60262.995s][info ][gc          ] GC(325) Pause Young (Normal) (G1 Evacuation Pause) 455M->193M(512M) 4.221ms
[2025-04-03T09:20:06.762-0400][60262.995s][info ][gc,cpu      ] GC(325) User=0.00s Sys=0.00s Real=0.00s
[2025-04-03T09:20:06.762-0400][60262.995s][info ][safepoint   ] Safepoint "G1CollectForAllocation", Time since last: 219891824900 ns, Reaching safepoint: 45100 ns, Cleanup: 2100 ns, At safepoint: 4285700 ns, Total: 4332900 ns
[2025-04-03T09:22:21.021-0400][60397.253s][debug][safepoint   ] Safepoint synchronization initiated using striped semaphore wait barrier. (237 threads)
[2025-04-03T09:22:21.021-0400][60397.253s][info ][safepoint   ] Safepoint "Cleanup", Time since last: 134258147100 ns, Reaching safepoint: 158400 ns, Cleanup: 8100 ns, At safepoint: 1300 ns, Total: 167800 ns
[2025-04-03T09:23:45.063-0400][60481.295s][debug][safepoint   ] Safepoint synchronization initiated using striped semaphore wait barrier. (237 threads)
[2025-04-03T09:23:45.063-0400][60481.295s][info ][gc,start    ] GC(326) Pause Young (Normal) (G1 Evacuation Pause)
[2025-04-03T09:23:45.063-0400][60481.295s][info ][gc,task     ] GC(326) Using 23 workers of 23 for evacuation
[2025-04-03T09:23:45.065-0400][60481.298s][info ][gc,phases   ] GC(326)   Pre Evacuate Collection Set: 0.1ms
[2025-04-03T09:23:45.065-0400][60481.298s][info ][gc,phases   ] GC(326)   Merge Heap Roots: 0.2ms
[2025-04-03T09:23:45.065-0400][60481.298s][info ][gc,phases   ] GC(326)   Evacuate Collection Set: 1.5ms
[2025-04-03T09:23:45.065-0400][60481.298s][info ][gc,phases   ] GC(326)   Post Evacuate Collection Set: 1.2ms
[2025-04-03T09:23:45.065-0400][60481.298s][info ][gc,phases   ] GC(326)   Other: 0.1ms
[2025-04-03T09:23:45.065-0400][60481.298s][info ][gc,heap     ] GC(326) Eden regions: 262->0(262)
[2025-04-03T09:23:45.065-0400][60481.298s][info ][gc,heap     ] GC(326) Survivor regions: 2->2(33)
[2025-04-03T09:23:45.065-0400][60481.298s][info ][gc,heap     ] GC(326) Old regions: 191->191
[2025-04-03T09:23:45.065-0400][60481.298s][info ][gc,heap     ] GC(326) Archive regions: 0->0
[2025-04-03T09:23:45.065-0400][60481.298s][info ][gc,heap     ] GC(326) Humongous regions: 2->2
[2025-04-03T09:23:45.065-0400][60481.298s][info ][gc,metaspace] GC(326) Metaspace: 193869K(195520K)->193869K(195520K) NonClass: 170746K(171584K)->170746K(171584K) Class: 23123K(23936K)->23123K(23936K)
[2025-04-03T09:23:45.065-0400][60481.298s][info ][gc          ] GC(326) Pause Young (Normal) (G1 Evacuation Pause) 455M->193M(512M) 3.163ms
[2025-04-03T09:23:45.065-0400][60481.298s][info ][gc,cpu      ] GC(326) User=0.03s Sys=0.00s Real=0.00s
[2025-04-03T09:23:45.065-0400][60481.298s][info ][safepoint   ] Safepoint "G1CollectForAllocation", Time since last: 84041843900 ns, Reaching safepoint: 47000 ns, Cleanup: 3100 ns, At safepoint: 3234000 ns, Total: 3284100 ns
[2025-04-03T09:27:23.580-0400][60699.812s][debug][safepoint   ] Safepoint synchronization initiated using striped semaphore wait barrier. (238 threads)
[2025-04-03T09:27:23.580-0400][60699.812s][info ][gc,start    ] GC(327) Pause Young (Normal) (G1 Evacuation Pause)
[2025-04-03T09:27:23.580-0400][60699.812s][info ][gc,task     ] GC(327) Using 23 workers of 23 for evacuation
[2025-04-03T09:27:23.584-0400][60699.816s][info ][gc,phases   ] GC(327)   Pre Evacuate Collection Set: 0.2ms
[2025-04-03T09:27:23.584-0400][60699.816s][info ][gc,phases   ] GC(327)   Merge Heap Roots: 0.1ms
[2025-04-03T09:27:23.584-0400][60699.816s][info ][gc,phases   ] GC(327)   Evacuate Collection Set: 2.3ms
[2025-04-03T09:27:23.584-0400][60699.816s][info ][gc,phases   ] GC(327)   Post Evacuate Collection Set: 1.3ms
[2025-04-03T09:27:23.584-0400][60699.816s][info ][gc,phases   ] GC(327)   Other: 0.1ms
[2025-04-03T09:27:23.584-0400][60699.816s][info ][gc,heap     ] GC(327) Eden regions: 262->0(262)
[2025-04-03T09:27:23.584-0400][60699.816s][info ][gc,heap     ] GC(327) Survivor regions: 2->2(33)
[2025-04-03T09:27:23.584-0400][60699.816s][info ][gc,heap     ] GC(327) Old regions: 191->191
[2025-04-03T09:27:23.584-0400][60699.816s][info ][gc,heap     ] GC(327) Archive regions: 0->0
[2025-04-03T09:27:23.584-0400][60699.816s][info ][gc,heap     ] GC(327) Humongous regions: 2->2
[2025-04-03T09:27:23.584-0400][60699.816s][info ][gc,metaspace] GC(327) Metaspace: 193869K(195520K)->193869K(195520K) NonClass: 170746K(171584K)->170746K(171584K) Class: 23123K(23936K)->23123K(23936K)
[2025-04-03T09:27:23.584-0400][60699.816s][info ][gc          ] GC(327) Pause Young (Normal) (G1 Evacuation Pause) 455M->193M(512M) 4.064ms
[2025-04-03T09:27:23.584-0400][60699.816s][info ][gc,cpu      ] GC(327) User=0.00s Sys=0.00s Real=0.00s
[2025-04-03T09:27:23.584-0400][60699.816s][info ][safepoint   ] Safepoint "G1CollectForAllocation", Time since last: 218513885400 ns, Reaching safepoint: 56900 ns, Cleanup: 4200 ns, At safepoint: 4136900 ns, Total: 4198000 ns
[2025-04-03T09:31:03.401-0400][60919.633s][debug][safepoint   ] Safepoint synchronization initiated using striped semaphore wait barrier. (238 threads)
[2025-04-03T09:31:03.401-0400][60919.633s][info ][gc,start    ] GC(328) Pause Young (Normal) (G1 Evacuation Pause)
[2025-04-03T09:31:03.401-0400][60919.633s][info ][gc,task     ] GC(328) Using 23 workers of 23 for evacuation
[2025-04-03T09:31:03.405-0400][60919.637s][info ][gc,phases   ] GC(328)   Pre Evacuate Collection Set: 0.1ms
[2025-04-03T09:31:03.405-0400][60919.637s][info ][gc,phases   ] GC(328)   Merge Heap Roots: 0.1ms
[2025-04-03T09:31:03.405-0400][60919.637s][info ][gc,phases   ] GC(328)   Evacuate Collection Set: 2.4ms
[2025-04-03T09:31:03.405-0400][60919.637s][info ][gc,phases   ] GC(328)   Post Evacuate Collection Set: 1.2ms
[2025-04-03T09:31:03.405-0400][60919.637s][info ][gc,phases   ] GC(328)   Other: 0.2ms
[2025-04-03T09:31:03.405-0400][60919.637s][info ][gc,heap     ] GC(328) Eden regions: 262->0(262)
[2025-04-03T09:31:03.405-0400][60919.638s][info ][gc,heap     ] GC(328) Survivor regions: 2->2(33)
[2025-04-03T09:31:03.405-0400][60919.638s][info ][gc,heap     ] GC(328) Old regions: 191->191
[2025-04-03T09:31:03.405-0400][60919.638s][info ][gc,heap     ] GC(328) Archive regions: 0->0
[2025-04-03T09:31:03.405-0400][60919.638s][info ][gc,heap     ] GC(328) Humongous regions: 2->2
[2025-04-03T09:31:03.405-0400][60919.638s][info ][gc,metaspace] GC(328) Metaspace: 193869K(195520K)->193869K(195520K) NonClass: 170746K(171584K)->170746K(171584K) Class: 23123K(23936K)->23123K(23936K)
[2025-04-03T09:31:03.405-0400][60919.638s][info ][gc          ] GC(328) Pause Young (Normal) (G1 Evacuation Pause) 455M->193M(512M) 4.090ms
[2025-04-03T09:31:03.405-0400][60919.638s][info ][gc,cpu      ] GC(328) User=0.00s Sys=0.00s Real=0.00s
[2025-04-03T09:31:03.405-0400][60919.638s][info ][safepoint   ] Safepoint "G1CollectForAllocation", Time since last: 219817184000 ns, Reaching safepoint: 90900 ns, Cleanup: 3300 ns, At safepoint: 4167800 ns, Total: 4262000 ns
[2025-04-03T09:34:45.110-0400][61141.343s][debug][safepoint   ] Safepoint synchronization initiated using striped semaphore wait barrier. (238 threads)
[2025-04-03T09:34:45.110-0400][61141.343s][info ][gc,start    ] GC(329) Pause Young (Normal) (G1 Evacuation Pause)
[2025-04-03T09:34:45.110-0400][61141.343s][info ][gc,task     ] GC(329) Using 23 workers of 23 for evacuation
[2025-04-03T09:34:45.114-0400][61141.346s][info ][gc,phases   ] GC(329)   Pre Evacuate Collection Set: 0.1ms
[2025-04-03T09:34:45.114-0400][61141.346s][info ][gc,phases   ] GC(329)   Merge Heap Roots: 0.1ms
[2025-04-03T09:34:45.114-0400][61141.346s][info ][gc,phases   ] GC(329)   Evacuate Collection Set: 2.4ms
[2025-04-03T09:34:45.114-0400][61141.346s][info ][gc,phases   ] GC(329)   Post Evacuate Collection Set: 1.0ms
[2025-04-03T09:34:45.114-0400][61141.346s][info ][gc,phases   ] GC(329)   Other: 0.1ms
[2025-04-03T09:34:45.114-0400][61141.346s][info ][gc,heap     ] GC(329) Eden regions: 262->0(262)
[2025-04-03T09:34:45.114-0400][61141.346s][info ][gc,heap     ] GC(329) Survivor regions: 2->2(33)
[2025-04-03T09:34:45.114-0400][61141.346s][info ][gc,heap     ] GC(329) Old regions: 191->191
[2025-04-03T09:34:45.114-0400][61141.346s][info ][gc,heap     ] GC(329) Archive regions: 0->0
[2025-04-03T09:34:45.114-0400][61141.346s][info ][gc,heap     ] GC(329) Humongous regions: 2->2
[2025-04-03T09:34:45.114-0400][61141.346s][info ][gc,metaspace] GC(329) Metaspace: 193869K(195520K)->193869K(195520K) NonClass: 170746K(171584K)->170746K(171584K) Class: 23123K(23936K)->23123K(23936K)
[2025-04-03T09:34:45.114-0400][61141.346s][info ][gc          ] GC(329) Pause Young (Normal) (G1 Evacuation Pause) 455M->193M(512M) 3.713ms
[2025-04-03T09:34:45.114-0400][61141.346s][info ][gc,cpu      ] GC(329) User=0.02s Sys=0.00s Real=0.00s
[2025-04-03T09:34:45.114-0400][61141.346s][info ][safepoint   ] Safepoint "G1CollectForAllocation", Time since last: 221705020400 ns, Reaching safepoint: 54500 ns, Cleanup: 2300 ns, At safepoint: 3787200 ns, Total: 3844000 ns
[2025-04-03T09:35:18.909-0400][61175.141s][debug][safepoint   ] Safepoint synchronization initiated using striped semaphore wait barrier. (238 threads)
[2025-04-03T09:35:18.909-0400][61175.142s][info ][safepoint   ] Safepoint "Cleanup", Time since last: 33794994900 ns, Reaching safepoint: 58400 ns, Cleanup: 27400 ns, At safepoint: 1900 ns, Total: 87700 ns
[2025-04-03T09:36:12.897-0400][61229.129s][debug][safepoint   ] Safepoint synchronization initiated using striped semaphore wait barrier. (239 threads)
[2025-04-03T09:36:12.897-0400][61229.129s][info ][safepoint   ] Safepoint "Cleanup", Time since last: 53987419200 ns, Reaching safepoint: 110200 ns, Cleanup: 10300 ns, At safepoint: 1900 ns, Total: 122400 ns
[2025-04-03T09:38:23.266-0400][61359.498s][debug][safepoint   ] Safepoint synchronization initiated using striped semaphore wait barrier. (238 threads)
[2025-04-03T09:38:23.266-0400][61359.498s][info ][gc,start    ] GC(330) Pause Young (Normal) (G1 Evacuation Pause)
[2025-04-03T09:38:23.266-0400][61359.498s][info ][gc,task     ] GC(330) Using 23 workers of 23 for evacuation
[2025-04-03T09:38:23.271-0400][61359.504s][info ][gc,phases   ] GC(330)   Pre Evacuate Collection Set: 0.1ms
[2025-04-03T09:38:23.271-0400][61359.504s][info ][gc,phases   ] GC(330)   Merge Heap Roots: 0.1ms
[2025-04-03T09:38:23.271-0400][61359.504s][info ][gc,phases   ] GC(330)   Evacuate Collection Set: 3.0ms
[2025-04-03T09:38:23.271-0400][61359.504s][info ][gc,phases   ] GC(330)   Post Evacuate Collection Set: 2.1ms
[2025-04-03T09:38:23.271-0400][61359.504s][info ][gc,phases   ] GC(330)   Other: 0.1ms
[2025-04-03T09:38:23.271-0400][61359.504s][info ][gc,heap     ] GC(330) Eden regions: 262->0(262)
[2025-04-03T09:38:23.271-0400][61359.504s][info ][gc,heap     ] GC(330) Survivor regions: 2->2(33)
[2025-04-03T09:38:23.271-0400][61359.504s][info ][gc,heap     ] GC(330) Old regions: 191->191
[2025-04-03T09:38:23.271-0400][61359.504s][info ][gc,heap     ] GC(330) Archive regions: 0->0
[2025-04-03T09:38:23.271-0400][61359.504s][info ][gc,heap     ] GC(330) Humongous regions: 2->2
[2025-04-03T09:38:23.271-0400][61359.504s][info ][gc,metaspace] GC(330) Metaspace: 193874K(195520K)->193874K(195520K) NonClass: 170750K(171584K)->170750K(171584K) Class: 23123K(23936K)->23123K(23936K)
[2025-04-03T09:38:23.271-0400][61359.504s][info ][gc          ] GC(330) Pause Young (Normal) (G1 Evacuation Pause) 455M->193M(512M) 5.409ms
[2025-04-03T09:38:23.271-0400][61359.504s][info ][gc,cpu      ] GC(330) User=0.02s Sys=0.00s Real=0.00s
[2025-04-03T09:38:23.271-0400][61359.504s][info ][safepoint   ] Safepoint "G1CollectForAllocation", Time since last: 130369179300 ns, Reaching safepoint: 53700 ns, Cleanup: 3000 ns, At safepoint: 5472100 ns, Total: 5528800 ns
[2025-04-03T09:42:04.700-0400][61580.932s][debug][safepoint   ] Safepoint synchronization initiated using striped semaphore wait barrier. (238 threads)
[2025-04-03T09:42:04.700-0400][61580.932s][info ][gc,start    ] GC(331) Pause Young (Normal) (G1 Evacuation Pause)
[2025-04-03T09:42:04.700-0400][61580.932s][info ][gc,task     ] GC(331) Using 23 workers of 23 for evacuation
[2025-04-03T09:42:04.702-0400][61580.935s][info ][gc,phases   ] GC(331)   Pre Evacuate Collection Set: 0.1ms
[2025-04-03T09:42:04.702-0400][61580.935s][info ][gc,phases   ] GC(331)   Merge Heap Roots: 0.1ms
[2025-04-03T09:42:04.702-0400][61580.935s][info ][gc,phases   ] GC(331)   Evacuate Collection Set: 1.3ms
[2025-04-03T09:42:04.702-0400][61580.935s][info ][gc,phases   ] GC(331)   Post Evacuate Collection Set: 1.0ms
[2025-04-03T09:42:04.702-0400][61580.935s][info ][gc,phases   ] GC(331)   Other: 0.1ms
[2025-04-03T09:42:04.702-0400][61580.935s][info ][gc,heap     ] GC(331) Eden regions: 262->0(262)
[2025-04-03T09:42:04.702-0400][61580.935s][info ][gc,heap     ] GC(331) Survivor regions: 2->2(33)
[2025-04-03T09:42:04.702-0400][61580.935s][info ][gc,heap     ] GC(331) Old regions: 191->191
[2025-04-03T09:42:04.702-0400][61580.935s][info ][gc,heap     ] GC(331) Archive regions: 0->0
[2025-04-03T09:42:04.702-0400][61580.935s][info ][gc,heap     ] GC(331) Humongous regions: 2->2
[2025-04-03T09:42:04.702-0400][61580.935s][info ][gc,metaspace] GC(331) Metaspace: 193874K(195520K)->193874K(195520K) NonClass: 170750K(171584K)->170750K(171584K) Class: 23123K(23936K)->23123K(23936K)
[2025-04-03T09:42:04.703-0400][61580.935s][info ][gc          ] GC(331) Pause Young (Normal) (G1 Evacuation Pause) 455M->193M(512M) 2.724ms
[2025-04-03T09:42:04.703-0400][61580.935s][info ][gc,cpu      ] GC(331) User=0.00s Sys=0.00s Real=0.00s
[2025-04-03T09:42:04.703-0400][61580.935s][info ][safepoint   ] Safepoint "G1CollectForAllocation", Time since last: 221428580800 ns, Reaching safepoint: 45400 ns, Cleanup: 3700 ns, At safepoint: 2798500 ns, Total: 2847600 ns
[2025-04-03T09:44:15.998-0400][61712.230s][debug][safepoint   ] Safepoint synchronization initiated using striped semaphore wait barrier. (238 threads)
[2025-04-03T09:44:15.998-0400][61712.230s][info ][safepoint   ] Safepoint "Cleanup", Time since last: 131294553899 ns, Reaching safepoint: 55601 ns, Cleanup: 8200 ns, At safepoint: 1700 ns, Total: 65501 ns
[2025-04-03T09:45:44.655-0400][61800.887s][debug][safepoint   ] Safepoint synchronization initiated using striped semaphore wait barrier. (238 threads)
[2025-04-03T09:45:44.655-0400][61800.887s][info ][gc,start    ] GC(332) Pause Young (Normal) (G1 Evacuation Pause)
[2025-04-03T09:45:44.655-0400][61800.887s][info ][gc,task     ] GC(332) Using 23 workers of 23 for evacuation
[2025-04-03T09:45:44.656-0400][61800.889s][info ][gc,phases   ] GC(332)   Pre Evacuate Collection Set: 0.1ms
[2025-04-03T09:45:44.656-0400][61800.889s][info ][gc,phases   ] GC(332)   Merge Heap Roots: 0.1ms
[2025-04-03T09:45:44.656-0400][61800.889s][info ][gc,phases   ] GC(332)   Evacuate Collection Set: 1.3ms
[2025-04-03T09:45:44.656-0400][61800.889s][info ][gc,phases   ] GC(332)   Post Evacuate Collection Set: 0.7ms
[2025-04-03T09:45:44.656-0400][61800.889s][info ][gc,phases   ] GC(332)   Other: 0.1ms
[2025-04-03T09:45:44.656-0400][61800.889s][info ][gc,heap     ] GC(332) Eden regions: 262->0(262)
[2025-04-03T09:45:44.656-0400][61800.889s][info ][gc,heap     ] GC(332) Survivor regions: 2->2(33)
[2025-04-03T09:45:44.656-0400][61800.889s][info ][gc,heap     ] GC(332) Old regions: 191->191
[2025-04-03T09:45:44.656-0400][61800.889s][info ][gc,heap     ] GC(332) Archive regions: 0->0
[2025-04-03T09:45:44.656-0400][61800.889s][info ][gc,heap     ] GC(332) Humongous regions: 2->2
[2025-04-03T09:45:44.656-0400][61800.889s][info ][gc,metaspace] GC(332) Metaspace: 193874K(195520K)->193874K(195520K) NonClass: 170750K(171584K)->170750K(171584K) Class: 23123K(23936K)->23123K(23936K)
[2025-04-03T09:45:44.656-0400][61800.889s][info ][gc          ] GC(332) Pause Young (Normal) (G1 Evacuation Pause) 455M->193M(512M) 2.405ms
[2025-04-03T09:45:44.656-0400][61800.889s][info ][gc,cpu      ] GC(332) User=0.00s Sys=0.00s Real=0.00s
[2025-04-03T09:45:44.656-0400][61800.889s][info ][safepoint   ] Safepoint "G1CollectForAllocation", Time since last: 88656730699 ns, Reaching safepoint: 64701 ns, Cleanup: 3100 ns, At safepoint: 2454400 ns, Total: 2522201 ns
[2025-04-03T09:49:24.265-0400][62020.498s][debug][safepoint   ] Safepoint synchronization initiated using striped semaphore wait barrier. (238 threads)
[2025-04-03T09:49:24.265-0400][62020.498s][info ][gc,start    ] GC(333) Pause Young (Normal) (G1 Evacuation Pause)
[2025-04-03T09:49:24.265-0400][62020.498s][info ][gc,task     ] GC(333) Using 23 workers of 23 for evacuation
[2025-04-03T09:49:24.269-0400][62020.502s][info ][gc,phases   ] GC(333)   Pre Evacuate Collection Set: 0.2ms
[2025-04-03T09:49:24.269-0400][62020.502s][info ][gc,phases   ] GC(333)   Merge Heap Roots: 0.1ms
[2025-04-03T09:49:24.269-0400][62020.502s][info ][gc,phases   ] GC(333)   Evacuate Collection Set: 2.8ms
[2025-04-03T09:49:24.269-0400][62020.502s][info ][gc,phases   ] GC(333)   Post Evacuate Collection Set: 1.3ms
[2025-04-03T09:49:24.269-0400][62020.502s][info ][gc,phases   ] GC(333)   Other: 0.1ms
[2025-04-03T09:49:24.269-0400][62020.502s][info ][gc,heap     ] GC(333) Eden regions: 262->0(262)
[2025-04-03T09:49:24.269-0400][62020.502s][info ][gc,heap     ] GC(333) Survivor regions: 2->2(33)
[2025-04-03T09:49:24.269-0400][62020.502s][info ][gc,heap     ] GC(333) Old regions: 191->191
[2025-04-03T09:49:24.269-0400][62020.502s][info ][gc,heap     ] GC(333) Archive regions: 0->0
[2025-04-03T09:49:24.269-0400][62020.502s][info ][gc,heap     ] GC(333) Humongous regions: 2->2
[2025-04-03T09:49:24.269-0400][62020.502s][info ][gc,metaspace] GC(333) Metaspace: 193874K(195520K)->193874K(195520K) NonClass: 170750K(171584K)->170750K(171584K) Class: 23123K(23936K)->23123K(23936K)
[2025-04-03T09:49:24.269-0400][62020.502s][info ][gc          ] GC(333) Pause Young (Normal) (G1 Evacuation Pause) 455M->193M(512M) 4.594ms
[2025-04-03T09:49:24.269-0400][62020.502s][info ][gc,cpu      ] GC(333) User=0.02s Sys=0.00s Real=0.00s
[2025-04-03T09:49:24.269-0400][62020.502s][info ][safepoint   ] Safepoint "G1CollectForAllocation", Time since last: 219608565600 ns, Reaching safepoint: 64699 ns, Cleanup: 3601 ns, At safepoint: 4673700 ns, Total: 4742000 ns
[2025-04-03T09:53:02.817-0400][62239.049s][debug][safepoint   ] Safepoint synchronization initiated using striped semaphore wait barrier. (239 threads)
[2025-04-03T09:53:02.817-0400][62239.050s][info ][gc,start    ] GC(334) Pause Young (Normal) (G1 Evacuation Pause)
[2025-04-03T09:53:02.817-0400][62239.050s][info ][gc,task     ] GC(334) Using 23 workers of 23 for evacuation
[2025-04-03T09:53:02.819-0400][62239.052s][info ][gc,phases   ] GC(334)   Pre Evacuate Collection Set: 0.2ms
[2025-04-03T09:53:02.819-0400][62239.052s][info ][gc,phases   ] GC(334)   Merge Heap Roots: 0.2ms
[2025-04-03T09:53:02.819-0400][62239.052s][info ][gc,phases   ] GC(334)   Evacuate Collection Set: 1.0ms
[2025-04-03T09:53:02.819-0400][62239.052s][info ][gc,phases   ] GC(334)   Post Evacuate Collection Set: 1.2ms
[2025-04-03T09:53:02.819-0400][62239.052s][info ][gc,phases   ] GC(334)   Other: 0.1ms
[2025-04-03T09:53:02.819-0400][62239.052s][info ][gc,heap     ] GC(334) Eden regions: 262->0(262)
[2025-04-03T09:53:02.819-0400][62239.052s][info ][gc,heap     ] GC(334) Survivor regions: 2->2(33)
[2025-04-03T09:53:02.819-0400][62239.052s][info ][gc,heap     ] GC(334) Old regions: 191->191
[2025-04-03T09:53:02.819-0400][62239.052s][info ][gc,heap     ] GC(334) Archive regions: 0->0
[2025-04-03T09:53:02.819-0400][62239.052s][info ][gc,heap     ] GC(334) Humongous regions: 2->2
[2025-04-03T09:53:02.819-0400][62239.052s][info ][gc,metaspace] GC(334) Metaspace: 193874K(195520K)->193874K(195520K) NonClass: 170750K(171584K)->170750K(171584K) Class: 23123K(23936K)->23123K(23936K)
[2025-04-03T09:53:02.819-0400][62239.052s][info ][gc          ] GC(334) Pause Young (Normal) (G1 Evacuation Pause) 455M->193M(512M) 2.722ms
[2025-04-03T09:53:02.819-0400][62239.052s][info ][gc,cpu      ] GC(334) User=0.00s Sys=0.00s Real=0.00s
[2025-04-03T09:53:02.819-0400][62239.052s][info ][safepoint   ] Safepoint "G1CollectForAllocation", Time since last: 218547039200 ns, Reaching safepoint: 66199 ns, Cleanup: 3301 ns, At safepoint: 2795700 ns, Total: 2865200 ns
[2025-04-03T09:56:40.931-0400][62457.163s][debug][safepoint   ] Safepoint synchronization initiated using striped semaphore wait barrier. (237 threads)
[2025-04-03T09:56:40.931-0400][62457.164s][info ][gc,start    ] GC(335) Pause Young (Normal) (G1 Evacuation Pause)
[2025-04-03T09:56:40.931-0400][62457.164s][info ][gc,task     ] GC(335) Using 23 workers of 23 for evacuation
[2025-04-03T09:56:40.934-0400][62457.167s][info ][gc,phases   ] GC(335)   Pre Evacuate Collection Set: 0.1ms
[2025-04-03T09:56:40.934-0400][62457.167s][info ][gc,phases   ] GC(335)   Merge Heap Roots: 0.1ms
[2025-04-03T09:56:40.934-0400][62457.167s][info ][gc,phases   ] GC(335)   Evacuate Collection Set: 1.3ms
[2025-04-03T09:56:40.934-0400][62457.167s][info ][gc,phases   ] GC(335)   Post Evacuate Collection Set: 1.3ms
[2025-04-03T09:56:40.934-0400][62457.167s][info ][gc,phases   ] GC(335)   Other: 0.1ms
[2025-04-03T09:56:40.934-0400][62457.167s][info ][gc,heap     ] GC(335) Eden regions: 262->0(262)
[2025-04-03T09:56:40.934-0400][62457.167s][info ][gc,heap     ] GC(335) Survivor regions: 2->2(33)
[2025-04-03T09:56:40.934-0400][62457.167s][info ][gc,heap     ] GC(335) Old regions: 191->191
[2025-04-03T09:56:40.934-0400][62457.167s][info ][gc,heap     ] GC(335) Archive regions: 0->0
[2025-04-03T09:56:40.934-0400][62457.167s][info ][gc,heap     ] GC(335) Humongous regions: 2->2
[2025-04-03T09:56:40.934-0400][62457.167s][info ][gc,metaspace] GC(335) Metaspace: 193874K(195520K)->193874K(195520K) NonClass: 170750K(171584K)->170750K(171584K) Class: 23123K(23936K)->23123K(23936K)
[2025-04-03T09:56:40.934-0400][62457.167s][info ][gc          ] GC(335) Pause Young (Normal) (G1 Evacuation Pause) 455M->193M(512M) 3.132ms
[2025-04-03T09:56:40.934-0400][62457.167s][info ][gc,cpu      ] GC(335) User=0.00s Sys=0.00s Real=0.00s
[2025-04-03T09:56:40.934-0400][62457.167s][info ][safepoint   ] Safepoint "G1CollectForAllocation", Time since last: 218111146500 ns, Reaching safepoint: 71399 ns, Cleanup: 3900 ns, At safepoint: 3223101 ns, Total: 3298400 ns
[2025-04-03T10:00:23.028-0400][62679.260s][debug][safepoint   ] Safepoint synchronization initiated using striped semaphore wait barrier. (237 threads)
[2025-04-03T10:00:23.028-0400][62679.260s][info ][gc,start    ] GC(336) Pause Young (Normal) (G1 Evacuation Pause)
[2025-04-03T10:00:23.028-0400][62679.260s][info ][gc,task     ] GC(336) Using 23 workers of 23 for evacuation
[2025-04-03T10:00:23.031-0400][62679.263s][info ][gc,phases   ] GC(336)   Pre Evacuate Collection Set: 0.1ms
[2025-04-03T10:00:23.031-0400][62679.263s][info ][gc,phases   ] GC(336)   Merge Heap Roots: 0.1ms
[2025-04-03T10:00:23.031-0400][62679.263s][info ][gc,phases   ] GC(336)   Evacuate Collection Set: 1.4ms
[2025-04-03T10:00:23.031-0400][62679.263s][info ][gc,phases   ] GC(336)   Post Evacuate Collection Set: 1.2ms
[2025-04-03T10:00:23.031-0400][62679.263s][info ][gc,phases   ] GC(336)   Other: 0.1ms
[2025-04-03T10:00:23.031-0400][62679.263s][info ][gc,heap     ] GC(336) Eden regions: 262->0(262)
[2025-04-03T10:00:23.031-0400][62679.263s][info ][gc,heap     ] GC(336) Survivor regions: 2->2(33)
[2025-04-03T10:00:23.031-0400][62679.263s][info ][gc,heap     ] GC(336) Old regions: 191->191
[2025-04-03T10:00:23.031-0400][62679.263s][info ][gc,heap     ] GC(336) Archive regions: 0->0
[2025-04-03T10:00:23.031-0400][62679.263s][info ][gc,heap     ] GC(336) Humongous regions: 2->2
[2025-04-03T10:00:23.031-0400][62679.263s][info ][gc,metaspace] GC(336) Metaspace: 193874K(195520K)->193874K(195520K) NonClass: 170751K(171584K)->170751K(171584K) Class: 23123K(23936K)->23123K(23936K)
[2025-04-03T10:00:23.031-0400][62679.263s][info ][gc          ] GC(336) Pause Young (Normal) (G1 Evacuation Pause) 455M->193M(512M) 2.984ms
[2025-04-03T10:00:23.031-0400][62679.263s][info ][gc,cpu      ] GC(336) User=0.00s Sys=0.00s Real=0.00s
[2025-04-03T10:00:23.031-0400][62679.263s][info ][safepoint   ] Safepoint "G1CollectForAllocation", Time since last: 222093007499 ns, Reaching safepoint: 94601 ns, Cleanup: 3800 ns, At safepoint: 3048999 ns, Total: 3147400 ns
[2025-04-03T10:04:02.987-0400][62899.219s][debug][safepoint   ] Safepoint synchronization initiated using striped semaphore wait barrier. (237 threads)
[2025-04-03T10:04:02.987-0400][62899.219s][info ][gc,start    ] GC(337) Pause Young (Normal) (G1 Evacuation Pause)
[2025-04-03T10:04:02.987-0400][62899.219s][info ][gc,task     ] GC(337) Using 23 workers of 23 for evacuation
[2025-04-03T10:04:02.991-0400][62899.224s][info ][gc,phases   ] GC(337)   Pre Evacuate Collection Set: 0.1ms
[2025-04-03T10:04:02.991-0400][62899.224s][info ][gc,phases   ] GC(337)   Merge Heap Roots: 0.1ms
[2025-04-03T10:04:02.991-0400][62899.224s][info ][gc,phases   ] GC(337)   Evacuate Collection Set: 2.9ms
[2025-04-03T10:04:02.991-0400][62899.224s][info ][gc,phases   ] GC(337)   Post Evacuate Collection Set: 1.1ms
[2025-04-03T10:04:02.991-0400][62899.224s][info ][gc,phases   ] GC(337)   Other: 0.1ms
[2025-04-03T10:04:02.991-0400][62899.224s][info ][gc,heap     ] GC(337) Eden regions: 262->0(262)
[2025-04-03T10:04:02.991-0400][62899.224s][info ][gc,heap     ] GC(337) Survivor regions: 2->2(33)
[2025-04-03T10:04:02.991-0400][62899.224s][info ][gc,heap     ] GC(337) Old regions: 191->191
[2025-04-03T10:04:02.991-0400][62899.224s][info ][gc,heap     ] GC(337) Archive regions: 0->0
[2025-04-03T10:04:02.991-0400][62899.224s][info ][gc,heap     ] GC(337) Humongous regions: 2->2
[2025-04-03T10:04:02.991-0400][62899.224s][info ][gc,metaspace] GC(337) Metaspace: 193874K(195520K)->193874K(195520K) NonClass: 170751K(171584K)->170751K(171584K) Class: 23123K(23936K)->23123K(23936K)
[2025-04-03T10:04:02.991-0400][62899.224s][info ][gc          ] GC(337) Pause Young (Normal) (G1 Evacuation Pause) 455M->193M(512M) 4.431ms
[2025-04-03T10:04:02.991-0400][62899.224s][info ][gc,cpu      ] GC(337) User=0.00s Sys=0.00s Real=0.00s
[2025-04-03T10:04:02.991-0400][62899.224s][info ][safepoint   ] Safepoint "G1CollectForAllocation", Time since last: 219956199701 ns, Reaching safepoint: 47900 ns, Cleanup: 3800 ns, At safepoint: 4550699 ns, Total: 4602399 ns
[2025-04-03T10:07:42.893-0400][63119.125s][debug][safepoint   ] Safepoint synchronization initiated using striped semaphore wait barrier. (237 threads)
[2025-04-03T10:07:42.893-0400][63119.125s][info ][gc,start    ] GC(338) Pause Young (Normal) (G1 Evacuation Pause)
[2025-04-03T10:07:42.893-0400][63119.125s][info ][gc,task     ] GC(338) Using 23 workers of 23 for evacuation
[2025-04-03T10:07:42.895-0400][63119.128s][info ][gc,phases   ] GC(338)   Pre Evacuate Collection Set: 0.1ms
[2025-04-03T10:07:42.895-0400][63119.128s][info ][gc,phases   ] GC(338)   Merge Heap Roots: 0.1ms
[2025-04-03T10:07:42.895-0400][63119.128s][info ][gc,phases   ] GC(338)   Evacuate Collection Set: 1.2ms
[2025-04-03T10:07:42.895-0400][63119.128s][info ][gc,phases   ] GC(338)   Post Evacuate Collection Set: 1.1ms
[2025-04-03T10:07:42.895-0400][63119.128s][info ][gc,phases   ] GC(338)   Other: 0.1ms
[2025-04-03T10:07:42.896-0400][63119.128s][info ][gc,heap     ] GC(338) Eden regions: 262->0(262)
[2025-04-03T10:07:42.896-0400][63119.128s][info ][gc,heap     ] GC(338) Survivor regions: 2->2(33)
[2025-04-03T10:07:42.896-0400][63119.128s][info ][gc,heap     ] GC(338) Old regions: 191->191
[2025-04-03T10:07:42.896-0400][63119.128s][info ][gc,heap     ] GC(338) Archive regions: 0->0
[2025-04-03T10:07:42.896-0400][63119.128s][info ][gc,heap     ] GC(338) Humongous regions: 2->2
[2025-04-03T10:07:42.896-0400][63119.128s][info ][gc,metaspace] GC(338) Metaspace: 193874K(195520K)->193874K(195520K) NonClass: 170751K(171584K)->170751K(171584K) Class: 23123K(23936K)->23123K(23936K)
[2025-04-03T10:07:42.896-0400][63119.128s][info ][gc          ] GC(338) Pause Young (Normal) (G1 Evacuation Pause) 455M->193M(512M) 2.672ms
[2025-04-03T10:07:42.896-0400][63119.128s][info ][gc,cpu      ] GC(338) User=0.00s Sys=0.00s Real=0.00s
[2025-04-03T10:07:42.896-0400][63119.128s][info ][safepoint   ] Safepoint "G1CollectForAllocation", Time since last: 219901141301 ns, Reaching safepoint: 65800 ns, Cleanup: 4900 ns, At safepoint: 2744800 ns, Total: 2815500 ns
[2025-04-03T10:11:24.917-0400][63341.149s][debug][safepoint   ] Safepoint synchronization initiated using striped semaphore wait barrier. (237 threads)
[2025-04-03T10:11:24.917-0400][63341.149s][info ][gc,start    ] GC(339) Pause Young (Normal) (G1 Evacuation Pause)
[2025-04-03T10:11:24.917-0400][63341.149s][info ][gc,task     ] GC(339) Using 23 workers of 23 for evacuation
[2025-04-03T10:11:24.921-0400][63341.153s][info ][gc,phases   ] GC(339)   Pre Evacuate Collection Set: 0.2ms
[2025-04-03T10:11:24.921-0400][63341.153s][info ][gc,phases   ] GC(339)   Merge Heap Roots: 0.1ms
[2025-04-03T10:11:24.921-0400][63341.153s][info ][gc,phases   ] GC(339)   Evacuate Collection Set: 2.5ms
[2025-04-03T10:11:24.921-0400][63341.154s][info ][gc,phases   ] GC(339)   Post Evacuate Collection Set: 1.2ms
[2025-04-03T10:11:24.921-0400][63341.154s][info ][gc,phases   ] GC(339)   Other: 0.1ms
[2025-04-03T10:11:24.921-0400][63341.154s][info ][gc,heap     ] GC(339) Eden regions: 262->0(262)
[2025-04-03T10:11:24.921-0400][63341.154s][info ][gc,heap     ] GC(339) Survivor regions: 2->2(33)
[2025-04-03T10:11:24.921-0400][63341.154s][info ][gc,heap     ] GC(339) Old regions: 191->191
[2025-04-03T10:11:24.921-0400][63341.154s][info ][gc,heap     ] GC(339) Archive regions: 0->0
[2025-04-03T10:11:24.921-0400][63341.154s][info ][gc,heap     ] GC(339) Humongous regions: 2->2
[2025-04-03T10:11:24.921-0400][63341.154s][info ][gc,metaspace] GC(339) Metaspace: 193874K(195520K)->193874K(195520K) NonClass: 170751K(171584K)->170751K(171584K) Class: 23123K(23936K)->23123K(23936K)
[2025-04-03T10:11:24.921-0400][63341.154s][info ][gc          ] GC(339) Pause Young (Normal) (G1 Evacuation Pause) 455M->193M(512M) 4.182ms
[2025-04-03T10:11:24.921-0400][63341.154s][info ][gc,cpu      ] GC(339) User=0.00s Sys=0.00s Real=0.00s
[2025-04-03T10:11:24.921-0400][63341.154s][info ][safepoint   ] Safepoint "G1CollectForAllocation", Time since last: 222021614500 ns, Reaching safepoint: 62799 ns, Cleanup: 5001 ns, At safepoint: 4255500 ns, Total: 4323300 ns
[2025-04-03T10:15:04.496-0400][63560.728s][debug][safepoint   ] Safepoint synchronization initiated using striped semaphore wait barrier. (237 threads)
[2025-04-03T10:15:04.496-0400][63560.728s][info ][gc,start    ] GC(340) Pause Young (Normal) (G1 Evacuation Pause)
[2025-04-03T10:15:04.496-0400][63560.728s][info ][gc,task     ] GC(340) Using 23 workers of 23 for evacuation
[2025-04-03T10:15:04.500-0400][63560.733s][info ][gc,phases   ] GC(340)   Pre Evacuate Collection Set: 0.1ms
[2025-04-03T10:15:04.500-0400][63560.733s][info ][gc,phases   ] GC(340)   Merge Heap Roots: 0.1ms
[2025-04-03T10:15:04.500-0400][63560.733s][info ][gc,phases   ] GC(340)   Evacuate Collection Set: 2.6ms
[2025-04-03T10:15:04.500-0400][63560.733s][info ][gc,phases   ] GC(340)   Post Evacuate Collection Set: 1.3ms
[2025-04-03T10:15:04.500-0400][63560.733s][info ][gc,phases   ] GC(340)   Other: 0.1ms
[2025-04-03T10:15:04.500-0400][63560.733s][info ][gc,heap     ] GC(340) Eden regions: 262->0(262)
[2025-04-03T10:15:04.500-0400][63560.733s][info ][gc,heap     ] GC(340) Survivor regions: 2->2(33)
[2025-04-03T10:15:04.500-0400][63560.733s][info ][gc,heap     ] GC(340) Old regions: 191->191
[2025-04-03T10:15:04.500-0400][63560.733s][info ][gc,heap     ] GC(340) Archive regions: 0->0
[2025-04-03T10:15:04.500-0400][63560.733s][info ][gc,heap     ] GC(340) Humongous regions: 2->2
[2025-04-03T10:15:04.500-0400][63560.733s][info ][gc,metaspace] GC(340) Metaspace: 193874K(195520K)->193874K(195520K) NonClass: 170751K(171584K)->170751K(171584K) Class: 23123K(23936K)->23123K(23936K)
[2025-04-03T10:15:04.500-0400][63560.733s][info ][gc          ] GC(340) Pause Young (Normal) (G1 Evacuation Pause) 455M->193M(512M) 4.288ms
[2025-04-03T10:15:04.500-0400][63560.733s][info ][gc,cpu      ] GC(340) User=0.00s Sys=0.00s Real=0.00s
[2025-04-03T10:15:04.500-0400][63560.733s][info ][safepoint   ] Safepoint "G1CollectForAllocation", Time since last: 219574771500 ns, Reaching safepoint: 46499 ns, Cleanup: 2000 ns, At safepoint: 4353300 ns, Total: 4401799 ns
[2025-04-03T10:18:45.811-0400][63782.043s][debug][safepoint   ] Safepoint synchronization initiated using striped semaphore wait barrier. (237 threads)
[2025-04-03T10:18:45.811-0400][63782.043s][info ][gc,start    ] GC(341) Pause Young (Normal) (G1 Evacuation Pause)
[2025-04-03T10:18:45.811-0400][63782.043s][info ][gc,task     ] GC(341) Using 23 workers of 23 for evacuation
[2025-04-03T10:18:45.815-0400][63782.047s][info ][gc,phases   ] GC(341)   Pre Evacuate Collection Set: 0.1ms
[2025-04-03T10:18:45.815-0400][63782.047s][info ][gc,phases   ] GC(341)   Merge Heap Roots: 0.1ms
[2025-04-03T10:18:45.815-0400][63782.047s][info ][gc,phases   ] GC(341)   Evacuate Collection Set: 2.2ms
[2025-04-03T10:18:45.815-0400][63782.047s][info ][gc,phases   ] GC(341)   Post Evacuate Collection Set: 1.9ms
[2025-04-03T10:18:45.815-0400][63782.047s][info ][gc,phases   ] GC(341)   Other: 0.1ms
[2025-04-03T10:18:45.815-0400][63782.047s][info ][gc,heap     ] GC(341) Eden regions: 262->0(262)
[2025-04-03T10:18:45.815-0400][63782.047s][info ][gc,heap     ] GC(341) Survivor regions: 2->2(33)
[2025-04-03T10:18:45.815-0400][63782.047s][info ][gc,heap     ] GC(341) Old regions: 191->191
[2025-04-03T10:18:45.815-0400][63782.047s][info ][gc,heap     ] GC(341) Archive regions: 0->0
[2025-04-03T10:18:45.815-0400][63782.047s][info ][gc,heap     ] GC(341) Humongous regions: 2->2
[2025-04-03T10:18:45.815-0400][63782.047s][info ][gc,metaspace] GC(341) Metaspace: 193874K(195520K)->193874K(195520K) NonClass: 170751K(171584K)->170751K(171584K) Class: 23123K(23936K)->23123K(23936K)
[2025-04-03T10:18:45.815-0400][63782.047s][info ][gc          ] GC(341) Pause Young (Normal) (G1 Evacuation Pause) 455M->193M(512M) 4.442ms
[2025-04-03T10:18:45.815-0400][63782.047s][info ][gc,cpu      ] GC(341) User=0.02s Sys=0.00s Real=0.00s
[2025-04-03T10:18:45.815-0400][63782.047s][info ][safepoint   ] Safepoint "G1CollectForAllocation", Time since last: 221310044300 ns, Reaching safepoint: 56201 ns, Cleanup: 3800 ns, At safepoint: 4522500 ns, Total: 4582501 ns
[2025-04-03T10:22:23.308-0400][63999.541s][debug][safepoint   ] Safepoint synchronization initiated using striped semaphore wait barrier. (237 threads)
[2025-04-03T10:22:23.308-0400][63999.541s][info ][gc,start    ] GC(342) Pause Young (Normal) (G1 Evacuation Pause)
[2025-04-03T10:22:23.308-0400][63999.541s][info ][gc,task     ] GC(342) Using 23 workers of 23 for evacuation
[2025-04-03T10:22:23.313-0400][63999.546s][info ][gc,phases   ] GC(342)   Pre Evacuate Collection Set: 0.3ms
[2025-04-03T10:22:23.313-0400][63999.546s][info ][gc,phases   ] GC(342)   Merge Heap Roots: 0.1ms
[2025-04-03T10:22:23.313-0400][63999.546s][info ][gc,phases   ] GC(342)   Evacuate Collection Set: 3.1ms
[2025-04-03T10:22:23.313-0400][63999.546s][info ][gc,phases   ] GC(342)   Post Evacuate Collection Set: 1.3ms
[2025-04-03T10:22:23.313-0400][63999.546s][info ][gc,phases   ] GC(342)   Other: 0.1ms
[2025-04-03T10:22:23.313-0400][63999.546s][info ][gc,heap     ] GC(342) Eden regions: 262->0(262)
[2025-04-03T10:22:23.313-0400][63999.546s][info ][gc,heap     ] GC(342) Survivor regions: 2->2(33)
[2025-04-03T10:22:23.313-0400][63999.546s][info ][gc,heap     ] GC(342) Old regions: 191->191
[2025-04-03T10:22:23.313-0400][63999.546s][info ][gc,heap     ] GC(342) Archive regions: 0->0
[2025-04-03T10:22:23.313-0400][63999.546s][info ][gc,heap     ] GC(342) Humongous regions: 2->2
[2025-04-03T10:22:23.313-0400][63999.546s][info ][gc,metaspace] GC(342) Metaspace: 193874K(195520K)->193874K(195520K) NonClass: 170751K(171584K)->170751K(171584K) Class: 23123K(23936K)->23123K(23936K)
[2025-04-03T10:22:23.313-0400][63999.546s][info ][gc          ] GC(342) Pause Young (Normal) (G1 Evacuation Pause) 455M->193M(512M) 5.022ms
[2025-04-03T10:22:23.313-0400][63999.546s][info ][gc,cpu      ] GC(342) User=0.00s Sys=0.00s Real=0.00s
[2025-04-03T10:22:23.313-0400][63999.546s][info ][safepoint   ] Safepoint "G1CollectForAllocation", Time since last: 217493521799 ns, Reaching safepoint: 75001 ns, Cleanup: 4400 ns, At safepoint: 5123500 ns, Total: 5202901 ns
[2025-04-03T10:26:00.347-0400][64216.579s][debug][safepoint   ] Safepoint synchronization initiated using striped semaphore wait barrier. (237 threads)
[2025-04-03T10:26:00.347-0400][64216.579s][info ][gc,start    ] GC(343) Pause Young (Normal) (G1 Evacuation Pause)
[2025-04-03T10:26:00.347-0400][64216.579s][info ][gc,task     ] GC(343) Using 23 workers of 23 for evacuation
[2025-04-03T10:26:00.349-0400][64216.582s][info ][gc,phases   ] GC(343)   Pre Evacuate Collection Set: 0.1ms
[2025-04-03T10:26:00.349-0400][64216.582s][info ][gc,phases   ] GC(343)   Merge Heap Roots: 0.1ms
[2025-04-03T10:26:00.349-0400][64216.582s][info ][gc,phases   ] GC(343)   Evacuate Collection Set: 1.1ms
[2025-04-03T10:26:00.349-0400][64216.582s][info ][gc,phases   ] GC(343)   Post Evacuate Collection Set: 0.6ms
[2025-04-03T10:26:00.349-0400][64216.582s][info ][gc,phases   ] GC(343)   Other: 0.1ms
[2025-04-03T10:26:00.349-0400][64216.582s][info ][gc,heap     ] GC(343) Eden regions: 262->0(262)
[2025-04-03T10:26:00.349-0400][64216.582s][info ][gc,heap     ] GC(343) Survivor regions: 2->2(33)
[2025-04-03T10:26:00.349-0400][64216.582s][info ][gc,heap     ] GC(343) Old regions: 191->191
[2025-04-03T10:26:00.349-0400][64216.582s][info ][gc,heap     ] GC(343) Archive regions: 0->0
[2025-04-03T10:26:00.349-0400][64216.582s][info ][gc,heap     ] GC(343) Humongous regions: 2->2
[2025-04-03T10:26:00.349-0400][64216.582s][info ][gc,metaspace] GC(343) Metaspace: 193874K(195520K)->193874K(195520K) NonClass: 170751K(171584K)->170751K(171584K) Class: 23123K(23936K)->23123K(23936K)
[2025-04-03T10:26:00.349-0400][64216.582s][info ][gc          ] GC(343) Pause Young (Normal) (G1 Evacuation Pause) 455M->193M(512M) 2.185ms
[2025-04-03T10:26:00.349-0400][64216.582s][info ][gc,cpu      ] GC(343) User=0.00s Sys=0.00s Real=0.00s
[2025-04-03T10:26:00.349-0400][64216.582s][info ][safepoint   ] Safepoint "G1CollectForAllocation", Time since last: 217033203999 ns, Reaching safepoint: 50501 ns, Cleanup: 3500 ns, At safepoint: 2270300 ns, Total: 2324301 ns
[2025-04-03T10:29:41.795-0400][64438.028s][debug][safepoint   ] Safepoint synchronization initiated using striped semaphore wait barrier. (237 threads)
[2025-04-03T10:29:41.795-0400][64438.028s][info ][gc,start    ] GC(344) Pause Young (Normal) (G1 Evacuation Pause)
[2025-04-03T10:29:41.795-0400][64438.028s][info ][gc,task     ] GC(344) Using 23 workers of 23 for evacuation
[2025-04-03T10:29:41.799-0400][64438.032s][info ][gc,phases   ] GC(344)   Pre Evacuate Collection Set: 0.1ms
[2025-04-03T10:29:41.799-0400][64438.032s][info ][gc,phases   ] GC(344)   Merge Heap Roots: 0.1ms
[2025-04-03T10:29:41.799-0400][64438.032s][info ][gc,phases   ] GC(344)   Evacuate Collection Set: 2.3ms
[2025-04-03T10:29:41.799-0400][64438.032s][info ][gc,phases   ] GC(344)   Post Evacuate Collection Set: 1.4ms
[2025-04-03T10:29:41.799-0400][64438.032s][info ][gc,phases   ] GC(344)   Other: 0.1ms
[2025-04-03T10:29:41.799-0400][64438.032s][info ][gc,heap     ] GC(344) Eden regions: 262->0(262)
[2025-04-03T10:29:41.799-0400][64438.032s][info ][gc,heap     ] GC(344) Survivor regions: 2->2(33)
[2025-04-03T10:29:41.799-0400][64438.032s][info ][gc,heap     ] GC(344) Old regions: 191->191
[2025-04-03T10:29:41.799-0400][64438.032s][info ][gc,heap     ] GC(344) Archive regions: 0->0
[2025-04-03T10:29:41.799-0400][64438.032s][info ][gc,heap     ] GC(344) Humongous regions: 2->2
[2025-04-03T10:29:41.799-0400][64438.032s][info ][gc,metaspace] GC(344) Metaspace: 193874K(195520K)->193874K(195520K) NonClass: 170751K(171584K)->170751K(171584K) Class: 23123K(23936K)->23123K(23936K)
[2025-04-03T10:29:41.799-0400][64438.032s][info ][gc          ] GC(344) Pause Young (Normal) (G1 Evacuation Pause) 455M->193M(512M) 4.071ms
[2025-04-03T10:29:41.799-0400][64438.032s][info ][gc,cpu      ] GC(344) User=0.03s Sys=0.00s Real=0.00s
[2025-04-03T10:29:41.799-0400][64438.032s][info ][safepoint   ] Safepoint "G1CollectForAllocation", Time since last: 221446152799 ns, Reaching safepoint: 57001 ns, Cleanup: 3200 ns, At safepoint: 4130999 ns, Total: 4191200 ns
[2025-04-03T10:33:21.829-0400][64658.062s][debug][safepoint   ] Safepoint synchronization initiated using striped semaphore wait barrier. (237 threads)
[2025-04-03T10:33:21.829-0400][64658.062s][info ][gc,start    ] GC(345) Pause Young (Normal) (G1 Evacuation Pause)
[2025-04-03T10:33:21.829-0400][64658.062s][info ][gc,task     ] GC(345) Using 23 workers of 23 for evacuation
[2025-04-03T10:33:21.831-0400][64658.064s][info ][gc,phases   ] GC(345)   Pre Evacuate Collection Set: 0.1ms
[2025-04-03T10:33:21.831-0400][64658.064s][info ][gc,phases   ] GC(345)   Merge Heap Roots: 0.1ms
[2025-04-03T10:33:21.831-0400][64658.064s][info ][gc,phases   ] GC(345)   Evacuate Collection Set: 1.5ms
[2025-04-03T10:33:21.831-0400][64658.064s][info ][gc,phases   ] GC(345)   Post Evacuate Collection Set: 1.0ms
[2025-04-03T10:33:21.831-0400][64658.064s][info ][gc,phases   ] GC(345)   Other: 0.1ms
[2025-04-03T10:33:21.831-0400][64658.064s][info ][gc,heap     ] GC(345) Eden regions: 262->0(262)
[2025-04-03T10:33:21.831-0400][64658.064s][info ][gc,heap     ] GC(345) Survivor regions: 2->2(33)
[2025-04-03T10:33:21.831-0400][64658.064s][info ][gc,heap     ] GC(345) Old regions: 191->191
[2025-04-03T10:33:21.831-0400][64658.064s][info ][gc,heap     ] GC(345) Archive regions: 0->0
[2025-04-03T10:33:21.831-0400][64658.064s][info ][gc,heap     ] GC(345) Humongous regions: 2->2
[2025-04-03T10:33:21.831-0400][64658.064s][info ][gc,metaspace] GC(345) Metaspace: 193874K(195520K)->193874K(195520K) NonClass: 170751K(171584K)->170751K(171584K) Class: 23123K(23936K)->23123K(23936K)
[2025-04-03T10:33:21.832-0400][64658.064s][info ][gc          ] GC(345) Pause Young (Normal) (G1 Evacuation Pause) 455M->193M(512M) 2.825ms
[2025-04-03T10:33:21.832-0400][64658.064s][info ][gc,cpu      ] GC(345) User=0.03s Sys=0.00s Real=0.00s
[2025-04-03T10:33:21.832-0400][64658.065s][info ][safepoint   ] Safepoint "G1CollectForAllocation", Time since last: 220029517401 ns, Reaching safepoint: 82800 ns, Cleanup: 4099 ns, At safepoint: 2904001 ns, Total: 2990900 ns
[2025-04-03T10:36:12.842-0400][64829.074s][debug][safepoint   ] Safepoint synchronization initiated using striped semaphore wait barrier. (238 threads)
[2025-04-03T10:36:12.842-0400][64829.074s][info ][safepoint   ] Safepoint "Cleanup", Time since last: 171009065600 ns, Reaching safepoint: 49399 ns, Cleanup: 8101 ns, At safepoint: 1299 ns, Total: 58799 ns
[2025-04-03T10:37:02.620-0400][64878.852s][debug][safepoint   ] Safepoint synchronization initiated using striped semaphore wait barrier. (237 threads)
[2025-04-03T10:37:02.620-0400][64878.852s][info ][gc,start    ] GC(346) Pause Young (Normal) (G1 Evacuation Pause)
[2025-04-03T10:37:02.620-0400][64878.852s][info ][gc,task     ] GC(346) Using 23 workers of 23 for evacuation
[2025-04-03T10:37:02.622-0400][64878.854s][info ][gc,phases   ] GC(346)   Pre Evacuate Collection Set: 0.1ms
[2025-04-03T10:37:02.622-0400][64878.854s][info ][gc,phases   ] GC(346)   Merge Heap Roots: 0.1ms
[2025-04-03T10:37:02.622-0400][64878.854s][info ][gc,phases   ] GC(346)   Evacuate Collection Set: 1.3ms
[2025-04-03T10:37:02.622-0400][64878.854s][info ][gc,phases   ] GC(346)   Post Evacuate Collection Set: 0.9ms
[2025-04-03T10:37:02.622-0400][64878.854s][info ][gc,phases   ] GC(346)   Other: 0.1ms
[2025-04-03T10:37:02.622-0400][64878.854s][info ][gc,heap     ] GC(346) Eden regions: 262->0(262)
[2025-04-03T10:37:02.622-0400][64878.854s][info ][gc,heap     ] GC(346) Survivor regions: 2->2(33)
[2025-04-03T10:37:02.622-0400][64878.854s][info ][gc,heap     ] GC(346) Old regions: 191->191
[2025-04-03T10:37:02.622-0400][64878.854s][info ][gc,heap     ] GC(346) Archive regions: 0->0
[2025-04-03T10:37:02.622-0400][64878.854s][info ][gc,heap     ] GC(346) Humongous regions: 2->2
[2025-04-03T10:37:02.622-0400][64878.854s][info ][gc,metaspace] GC(346) Metaspace: 193884K(195520K)->193884K(195520K) NonClass: 170761K(171584K)->170761K(171584K) Class: 23123K(23936K)->23123K(23936K)
[2025-04-03T10:37:02.622-0400][64878.854s][info ][gc          ] GC(346) Pause Young (Normal) (G1 Evacuation Pause) 455M->193M(512M) 2.573ms
[2025-04-03T10:37:02.622-0400][64878.854s][info ][gc,cpu      ] GC(346) User=0.00s Sys=0.00s Real=0.00s
[2025-04-03T10:37:02.622-0400][64878.854s][info ][safepoint   ] Safepoint "G1CollectForAllocation", Time since last: 49778087001 ns, Reaching safepoint: 65199 ns, Cleanup: 3301 ns, At safepoint: 2643400 ns, Total: 2711900 ns
[2025-04-03T10:40:42.418-0400][65098.651s][debug][safepoint   ] Safepoint synchronization initiated using striped semaphore wait barrier. (237 threads)
[2025-04-03T10:40:42.418-0400][65098.651s][info ][gc,start    ] GC(347) Pause Young (Normal) (G1 Evacuation Pause)
[2025-04-03T10:40:42.418-0400][65098.651s][info ][gc,task     ] GC(347) Using 23 workers of 23 for evacuation
[2025-04-03T10:40:42.421-0400][65098.653s][info ][gc,phases   ] GC(347)   Pre Evacuate Collection Set: 0.1ms
[2025-04-03T10:40:42.421-0400][65098.653s][info ][gc,phases   ] GC(347)   Merge Heap Roots: 0.1ms
[2025-04-03T10:40:42.421-0400][65098.653s][info ][gc,phases   ] GC(347)   Evacuate Collection Set: 1.3ms
[2025-04-03T10:40:42.421-0400][65098.653s][info ][gc,phases   ] GC(347)   Post Evacuate Collection Set: 1.0ms
[2025-04-03T10:40:42.421-0400][65098.653s][info ][gc,phases   ] GC(347)   Other: 0.1ms
[2025-04-03T10:40:42.421-0400][65098.653s][info ][gc,heap     ] GC(347) Eden regions: 262->0(262)
[2025-04-03T10:40:42.421-0400][65098.653s][info ][gc,heap     ] GC(347) Survivor regions: 2->2(33)
[2025-04-03T10:40:42.421-0400][65098.653s][info ][gc,heap     ] GC(347) Old regions: 191->191
[2025-04-03T10:40:42.421-0400][65098.654s][info ][gc,heap     ] GC(347) Archive regions: 0->0
[2025-04-03T10:40:42.421-0400][65098.654s][info ][gc,heap     ] GC(347) Humongous regions: 2->2
[2025-04-03T10:40:42.421-0400][65098.654s][info ][gc,metaspace] GC(347) Metaspace: 193884K(195520K)->193884K(195520K) NonClass: 170761K(171584K)->170761K(171584K) Class: 23123K(23936K)->23123K(23936K)
[2025-04-03T10:40:42.421-0400][65098.654s][info ][gc          ] GC(347) Pause Young (Normal) (G1 Evacuation Pause) 455M->193M(512M) 2.732ms
[2025-04-03T10:40:42.421-0400][65098.654s][info ][gc,cpu      ] GC(347) User=0.00s Sys=0.00s Real=0.00s
[2025-04-03T10:40:42.421-0400][65098.654s][info ][safepoint   ] Safepoint "G1CollectForAllocation", Time since last: 219796243300 ns, Reaching safepoint: 84300 ns, Cleanup: 4500 ns, At safepoint: 2830699 ns, Total: 2919499 ns
[2025-04-03T10:44:22.751-0400][65318.983s][debug][safepoint   ] Safepoint synchronization initiated using striped semaphore wait barrier. (237 threads)
[2025-04-03T10:44:22.751-0400][65318.983s][info ][gc,start    ] GC(348) Pause Young (Normal) (G1 Evacuation Pause)
[2025-04-03T10:44:22.751-0400][65318.983s][info ][gc,task     ] GC(348) Using 23 workers of 23 for evacuation
[2025-04-03T10:44:22.754-0400][65318.986s][info ][gc,phases   ] GC(348)   Pre Evacuate Collection Set: 0.2ms
[2025-04-03T10:44:22.754-0400][65318.986s][info ][gc,phases   ] GC(348)   Merge Heap Roots: 0.1ms
[2025-04-03T10:44:22.754-0400][65318.986s][info ][gc,phases   ] GC(348)   Evacuate Collection Set: 1.5ms
[2025-04-03T10:44:22.754-0400][65318.986s][info ][gc,phases   ] GC(348)   Post Evacuate Collection Set: 1.2ms
[2025-04-03T10:44:22.754-0400][65318.986s][info ][gc,phases   ] GC(348)   Other: 0.1ms
[2025-04-03T10:44:22.754-0400][65318.986s][info ][gc,heap     ] GC(348) Eden regions: 262->0(262)
[2025-04-03T10:44:22.754-0400][65318.986s][info ][gc,heap     ] GC(348) Survivor regions: 2->2(33)
[2025-04-03T10:44:22.754-0400][65318.986s][info ][gc,heap     ] GC(348) Old regions: 191->191
[2025-04-03T10:44:22.754-0400][65318.986s][info ][gc,heap     ] GC(348) Archive regions: 0->0
[2025-04-03T10:44:22.754-0400][65318.986s][info ][gc,heap     ] GC(348) Humongous regions: 2->2
[2025-04-03T10:44:22.754-0400][65318.986s][info ][gc,metaspace] GC(348) Metaspace: 193884K(195520K)->193884K(195520K) NonClass: 170761K(171584K)->170761K(171584K) Class: 23123K(23936K)->23123K(23936K)
[2025-04-03T10:44:22.754-0400][65318.986s][info ][gc          ] GC(348) Pause Young (Normal) (G1 Evacuation Pause) 455M->193M(512M) 3.120ms
[2025-04-03T10:44:22.754-0400][65318.986s][info ][gc,cpu      ] GC(348) User=0.03s Sys=0.00s Real=0.00s
[2025-04-03T10:44:22.754-0400][65318.986s][info ][safepoint   ] Safepoint "G1CollectForAllocation", Time since last: 220329104301 ns, Reaching safepoint: 54000 ns, Cleanup: 7200 ns, At safepoint: 3192499 ns, Total: 3253699 ns
[2025-04-03T10:48:04.802-0400][65541.034s][debug][safepoint   ] Safepoint synchronization initiated using striped semaphore wait barrier. (237 threads)
[2025-04-03T10:48:04.802-0400][65541.034s][info ][gc,start    ] GC(349) Pause Young (Normal) (G1 Evacuation Pause)
[2025-04-03T10:48:04.802-0400][65541.034s][info ][gc,task     ] GC(349) Using 23 workers of 23 for evacuation
[2025-04-03T10:48:04.805-0400][65541.037s][info ][gc,phases   ] GC(349)   Pre Evacuate Collection Set: 0.1ms
[2025-04-03T10:48:04.805-0400][65541.037s][info ][gc,phases   ] GC(349)   Merge Heap Roots: 0.1ms
[2025-04-03T10:48:04.805-0400][65541.037s][info ][gc,phases   ] GC(349)   Evacuate Collection Set: 1.9ms
[2025-04-03T10:48:04.805-0400][65541.037s][info ][gc,phases   ] GC(349)   Post Evacuate Collection Set: 1.0ms
[2025-04-03T10:48:04.805-0400][65541.037s][info ][gc,phases   ] GC(349)   Other: 0.1ms
[2025-04-03T10:48:04.805-0400][65541.037s][info ][gc,heap     ] GC(349) Eden regions: 262->0(262)
[2025-04-03T10:48:04.805-0400][65541.037s][info ][gc,heap     ] GC(349) Survivor regions: 2->2(33)
[2025-04-03T10:48:04.805-0400][65541.037s][info ][gc,heap     ] GC(349) Old regions: 191->191
[2025-04-03T10:48:04.805-0400][65541.037s][info ][gc,heap     ] GC(349) Archive regions: 0->0
[2025-04-03T10:48:04.805-0400][65541.037s][info ][gc,heap     ] GC(349) Humongous regions: 2->2
[2025-04-03T10:48:04.805-0400][65541.037s][info ][gc,metaspace] GC(349) Metaspace: 193884K(195520K)->193884K(195520K) NonClass: 170761K(171584K)->170761K(171584K) Class: 23123K(23936K)->23123K(23936K)
[2025-04-03T10:48:04.805-0400][65541.037s][info ][gc          ] GC(349) Pause Young (Normal) (G1 Evacuation Pause) 455M->193M(512M) 3.255ms
[2025-04-03T10:48:04.805-0400][65541.037s][info ][gc,cpu      ] GC(349) User=0.00s Sys=0.00s Real=0.00s
[2025-04-03T10:48:04.805-0400][65541.037s][info ][safepoint   ] Safepoint "G1CollectForAllocation", Time since last: 222047878400 ns, Reaching safepoint: 59300 ns, Cleanup: 2401 ns, At safepoint: 3326599 ns, Total: 3388300 ns
[2025-04-03T10:51:12.792-0400][65729.024s][debug][safepoint   ] Safepoint synchronization initiated using striped semaphore wait barrier. (239 threads)
[2025-04-03T10:51:12.792-0400][65729.024s][info ][safepoint   ] Safepoint "Cleanup", Time since last: 187986399201 ns, Reaching safepoint: 75700 ns, Cleanup: 7000 ns, At safepoint: 1099 ns, Total: 83799 ns
[2025-04-03T10:51:42.398-0400][65758.630s][debug][safepoint   ] Safepoint synchronization initiated using striped semaphore wait barrier. (237 threads)
[2025-04-03T10:51:42.398-0400][65758.630s][info ][gc,start    ] GC(350) Pause Young (Normal) (G1 Evacuation Pause)
[2025-04-03T10:51:42.398-0400][65758.630s][info ][gc,task     ] GC(350) Using 23 workers of 23 for evacuation
[2025-04-03T10:51:42.401-0400][65758.633s][info ][gc,phases   ] GC(350)   Pre Evacuate Collection Set: 0.2ms
[2025-04-03T10:51:42.401-0400][65758.633s][info ][gc,phases   ] GC(350)   Merge Heap Roots: 0.1ms
[2025-04-03T10:51:42.401-0400][65758.633s][info ][gc,phases   ] GC(350)   Evacuate Collection Set: 1.7ms
[2025-04-03T10:51:42.401-0400][65758.633s][info ][gc,phases   ] GC(350)   Post Evacuate Collection Set: 1.2ms
[2025-04-03T10:51:42.401-0400][65758.633s][info ][gc,phases   ] GC(350)   Other: 0.1ms
[2025-04-03T10:51:42.401-0400][65758.633s][info ][gc,heap     ] GC(350) Eden regions: 262->0(262)
[2025-04-03T10:51:42.401-0400][65758.633s][info ][gc,heap     ] GC(350) Survivor regions: 2->2(33)
[2025-04-03T10:51:42.401-0400][65758.633s][info ][gc,heap     ] GC(350) Old regions: 191->191
[2025-04-03T10:51:42.401-0400][65758.633s][info ][gc,heap     ] GC(350) Archive regions: 0->0
[2025-04-03T10:51:42.401-0400][65758.633s][info ][gc,heap     ] GC(350) Humongous regions: 2->2
[2025-04-03T10:51:42.401-0400][65758.633s][info ][gc,metaspace] GC(350) Metaspace: 193884K(195520K)->193884K(195520K) NonClass: 170761K(171584K)->170761K(171584K) Class: 23123K(23936K)->23123K(23936K)
[2025-04-03T10:51:42.401-0400][65758.633s][info ][gc          ] GC(350) Pause Young (Normal) (G1 Evacuation Pause) 455M->193M(512M) 3.310ms
[2025-04-03T10:51:42.401-0400][65758.633s][info ][gc,cpu      ] GC(350) User=0.00s Sys=0.00s Real=0.00s
[2025-04-03T10:51:42.401-0400][65758.633s][info ][safepoint   ] Safepoint "G1CollectForAllocation", Time since last: 29606085601 ns, Reaching safepoint: 46299 ns, Cleanup: 2701 ns, At safepoint: 3367200 ns, Total: 3416200 ns
[2025-04-03T10:55:21.456-0400][65977.688s][debug][safepoint   ] Safepoint synchronization initiated using striped semaphore wait barrier. (237 threads)
[2025-04-03T10:55:21.456-0400][65977.688s][info ][gc,start    ] GC(351) Pause Young (Normal) (G1 Evacuation Pause)
[2025-04-03T10:55:21.456-0400][65977.688s][info ][gc,task     ] GC(351) Using 23 workers of 23 for evacuation
[2025-04-03T10:55:21.460-0400][65977.693s][info ][gc,phases   ] GC(351)   Pre Evacuate Collection Set: 0.1ms
[2025-04-03T10:55:21.460-0400][65977.693s][info ][gc,phases   ] GC(351)   Merge Heap Roots: 0.1ms
[2025-04-03T10:55:21.460-0400][65977.693s][info ][gc,phases   ] GC(351)   Evacuate Collection Set: 2.7ms
[2025-04-03T10:55:21.460-0400][65977.693s][info ][gc,phases   ] GC(351)   Post Evacuate Collection Set: 1.4ms
[2025-04-03T10:55:21.460-0400][65977.693s][info ][gc,phases   ] GC(351)   Other: 0.1ms
[2025-04-03T10:55:21.460-0400][65977.693s][info ][gc,heap     ] GC(351) Eden regions: 262->0(262)
[2025-04-03T10:55:21.460-0400][65977.693s][info ][gc,heap     ] GC(351) Survivor regions: 2->2(33)
[2025-04-03T10:55:21.460-0400][65977.693s][info ][gc,heap     ] GC(351) Old regions: 191->191
[2025-04-03T10:55:21.460-0400][65977.693s][info ][gc,heap     ] GC(351) Archive regions: 0->0
[2025-04-03T10:55:21.460-0400][65977.693s][info ][gc,heap     ] GC(351) Humongous regions: 2->2
[2025-04-03T10:55:21.460-0400][65977.693s][info ][gc,metaspace] GC(351) Metaspace: 193884K(195520K)->193884K(195520K) NonClass: 170761K(171584K)->170761K(171584K) Class: 23123K(23936K)->23123K(23936K)
[2025-04-03T10:55:21.460-0400][65977.693s][info ][gc          ] GC(351) Pause Young (Normal) (G1 Evacuation Pause) 455M->193M(512M) 4.541ms
[2025-04-03T10:55:21.460-0400][65977.693s][info ][gc,cpu      ] GC(351) User=0.00s Sys=0.00s Real=0.00s
[2025-04-03T10:55:21.460-0400][65977.693s][info ][safepoint   ] Safepoint "G1CollectForAllocation", Time since last: 219054938700 ns, Reaching safepoint: 47899 ns, Cleanup: 2200 ns, At safepoint: 4651801 ns, Total: 4701900 ns
[2025-04-03T10:59:01.876-0400][66198.108s][debug][safepoint   ] Safepoint synchronization initiated using striped semaphore wait barrier. (237 threads)
[2025-04-03T10:59:01.876-0400][66198.108s][info ][gc,start    ] GC(352) Pause Young (Normal) (G1 Evacuation Pause)
[2025-04-03T10:59:01.876-0400][66198.108s][info ][gc,task     ] GC(352) Using 23 workers of 23 for evacuation
[2025-04-03T10:59:01.879-0400][66198.111s][info ][gc,phases   ] GC(352)   Pre Evacuate Collection Set: 0.1ms
[2025-04-03T10:59:01.879-0400][66198.111s][info ][gc,phases   ] GC(352)   Merge Heap Roots: 0.1ms
[2025-04-03T10:59:01.879-0400][66198.111s][info ][gc,phases   ] GC(352)   Evacuate Collection Set: 1.5ms
[2025-04-03T10:59:01.879-0400][66198.111s][info ][gc,phases   ] GC(352)   Post Evacuate Collection Set: 1.0ms
[2025-04-03T10:59:01.879-0400][66198.111s][info ][gc,phases   ] GC(352)   Other: 0.1ms
[2025-04-03T10:59:01.879-0400][66198.111s][info ][gc,heap     ] GC(352) Eden regions: 262->0(262)
[2025-04-03T10:59:01.879-0400][66198.111s][info ][gc,heap     ] GC(352) Survivor regions: 2->2(33)
[2025-04-03T10:59:01.879-0400][66198.111s][info ][gc,heap     ] GC(352) Old regions: 191->191
[2025-04-03T10:59:01.879-0400][66198.111s][info ][gc,heap     ] GC(352) Archive regions: 0->0
[2025-04-03T10:59:01.879-0400][66198.111s][info ][gc,heap     ] GC(352) Humongous regions: 2->2
[2025-04-03T10:59:01.879-0400][66198.111s][info ][gc,metaspace] GC(352) Metaspace: 193884K(195520K)->193884K(195520K) NonClass: 170761K(171584K)->170761K(171584K) Class: 23123K(23936K)->23123K(23936K)
[2025-04-03T10:59:01.879-0400][66198.111s][info ][gc          ] GC(352) Pause Young (Normal) (G1 Evacuation Pause) 455M->193M(512M) 2.891ms
[2025-04-03T10:59:01.879-0400][66198.111s][info ][gc,cpu      ] GC(352) User=0.03s Sys=0.00s Real=0.00s
[2025-04-03T10:59:01.879-0400][66198.111s][info ][safepoint   ] Safepoint "G1CollectForAllocation", Time since last: 220414886300 ns, Reaching safepoint: 49700 ns, Cleanup: 3399 ns, At safepoint: 2958901 ns, Total: 3012000 ns
[2025-04-03T11:02:41.949-0400][66418.182s][debug][safepoint   ] Safepoint synchronization initiated using striped semaphore wait barrier. (237 threads)
[2025-04-03T11:02:41.949-0400][66418.182s][info ][gc,start    ] GC(353) Pause Young (Normal) (G1 Evacuation Pause)
[2025-04-03T11:02:41.949-0400][66418.182s][info ][gc,task     ] GC(353) Using 23 workers of 23 for evacuation
[2025-04-03T11:02:41.953-0400][66418.186s][info ][gc,phases   ] GC(353)   Pre Evacuate Collection Set: 0.2ms
[2025-04-03T11:02:41.953-0400][66418.186s][info ][gc,phases   ] GC(353)   Merge Heap Roots: 0.1ms
[2025-04-03T11:02:41.953-0400][66418.186s][info ][gc,phases   ] GC(353)   Evacuate Collection Set: 2.7ms
[2025-04-03T11:02:41.953-0400][66418.186s][info ][gc,phases   ] GC(353)   Post Evacuate Collection Set: 1.2ms
[2025-04-03T11:02:41.953-0400][66418.186s][info ][gc,phases   ] GC(353)   Other: 0.1ms
[2025-04-03T11:02:41.953-0400][66418.186s][info ][gc,heap     ] GC(353) Eden regions: 262->0(262)
[2025-04-03T11:02:41.953-0400][66418.186s][info ][gc,heap     ] GC(353) Survivor regions: 2->2(33)
[2025-04-03T11:02:41.953-0400][66418.186s][info ][gc,heap     ] GC(353) Old regions: 191->191
[2025-04-03T11:02:41.953-0400][66418.186s][info ][gc,heap     ] GC(353) Archive regions: 0->0
[2025-04-03T11:02:41.953-0400][66418.186s][info ][gc,heap     ] GC(353) Humongous regions: 2->2
[2025-04-03T11:02:41.953-0400][66418.186s][info ][gc,metaspace] GC(353) Metaspace: 193884K(195520K)->193884K(195520K) NonClass: 170761K(171584K)->170761K(171584K) Class: 23123K(23936K)->23123K(23936K)
[2025-04-03T11:02:41.953-0400][66418.186s][info ][gc          ] GC(353) Pause Young (Normal) (G1 Evacuation Pause) 455M->193M(512M) 4.363ms
[2025-04-03T11:02:41.953-0400][66418.186s][info ][gc,cpu      ] GC(353) User=0.00s Sys=0.00s Real=0.00s
[2025-04-03T11:02:41.953-0400][66418.186s][info ][safepoint   ] Safepoint "G1CollectForAllocation", Time since last: 220070880700 ns, Reaching safepoint: 85900 ns, Cleanup: 5300 ns, At safepoint: 4440100 ns, Total: 4531300 ns
[2025-04-03T11:06:23.679-0400][66639.911s][debug][safepoint   ] Safepoint synchronization initiated using striped semaphore wait barrier. (237 threads)
[2025-04-03T11:06:23.679-0400][66639.911s][info ][gc,start    ] GC(354) Pause Young (Normal) (G1 Evacuation Pause)
[2025-04-03T11:06:23.679-0400][66639.911s][info ][gc,task     ] GC(354) Using 23 workers of 23 for evacuation
[2025-04-03T11:06:23.683-0400][66639.915s][info ][gc,phases   ] GC(354)   Pre Evacuate Collection Set: 0.2ms
[2025-04-03T11:06:23.683-0400][66639.915s][info ][gc,phases   ] GC(354)   Merge Heap Roots: 0.1ms
[2025-04-03T11:06:23.683-0400][66639.915s][info ][gc,phases   ] GC(354)   Evacuate Collection Set: 2.4ms
[2025-04-03T11:06:23.683-0400][66639.915s][info ][gc,phases   ] GC(354)   Post Evacuate Collection Set: 1.3ms
[2025-04-03T11:06:23.683-0400][66639.916s][info ][gc,phases   ] GC(354)   Other: 0.1ms
[2025-04-03T11:06:23.683-0400][66639.916s][info ][gc,heap     ] GC(354) Eden regions: 262->0(262)
[2025-04-03T11:06:23.683-0400][66639.916s][info ][gc,heap     ] GC(354) Survivor regions: 2->2(33)
[2025-04-03T11:06:23.683-0400][66639.916s][info ][gc,heap     ] GC(354) Old regions: 191->191
[2025-04-03T11:06:23.683-0400][66639.916s][info ][gc,heap     ] GC(354) Archive regions: 0->0
[2025-04-03T11:06:23.683-0400][66639.916s][info ][gc,heap     ] GC(354) Humongous regions: 2->2
[2025-04-03T11:06:23.683-0400][66639.916s][info ][gc,metaspace] GC(354) Metaspace: 193884K(195520K)->193884K(195520K) NonClass: 170761K(171584K)->170761K(171584K) Class: 23123K(23936K)->23123K(23936K)
[2025-04-03T11:06:23.683-0400][66639.916s][info ][gc          ] GC(354) Pause Young (Normal) (G1 Evacuation Pause) 455M->193M(512M) 4.074ms
[2025-04-03T11:06:23.683-0400][66639.916s][info ][gc,cpu      ] GC(354) User=0.00s Sys=0.00s Real=0.00s
[2025-04-03T11:06:23.683-0400][66639.916s][info ][safepoint   ] Safepoint "G1CollectForAllocation", Time since last: 221725249400 ns, Reaching safepoint: 43400 ns, Cleanup: 2100 ns, At safepoint: 4149200 ns, Total: 4194700 ns
[2025-04-03T11:10:03.277-0400][66859.509s][debug][safepoint   ] Safepoint synchronization initiated using striped semaphore wait barrier. (237 threads)
[2025-04-03T11:10:03.277-0400][66859.509s][info ][gc,start    ] GC(355) Pause Young (Normal) (G1 Evacuation Pause)
[2025-04-03T11:10:03.277-0400][66859.509s][info ][gc,task     ] GC(355) Using 23 workers of 23 for evacuation
[2025-04-03T11:10:03.279-0400][66859.512s][info ][gc,phases   ] GC(355)   Pre Evacuate Collection Set: 0.2ms
[2025-04-03T11:10:03.279-0400][66859.512s][info ][gc,phases   ] GC(355)   Merge Heap Roots: 0.1ms
[2025-04-03T11:10:03.279-0400][66859.512s][info ][gc,phases   ] GC(355)   Evacuate Collection Set: 1.2ms
[2025-04-03T11:10:03.279-0400][66859.512s][info ][gc,phases   ] GC(355)   Post Evacuate Collection Set: 1.1ms
[2025-04-03T11:10:03.279-0400][66859.512s][info ][gc,phases   ] GC(355)   Other: 0.1ms
[2025-04-03T11:10:03.279-0400][66859.512s][info ][gc,heap     ] GC(355) Eden regions: 262->0(262)
[2025-04-03T11:10:03.279-0400][66859.512s][info ][gc,heap     ] GC(355) Survivor regions: 2->2(33)
[2025-04-03T11:10:03.279-0400][66859.512s][info ][gc,heap     ] GC(355) Old regions: 191->191
[2025-04-03T11:10:03.279-0400][66859.512s][info ][gc,heap     ] GC(355) Archive regions: 0->0
[2025-04-03T11:10:03.279-0400][66859.512s][info ][gc,heap     ] GC(355) Humongous regions: 2->2
[2025-04-03T11:10:03.279-0400][66859.512s][info ][gc,metaspace] GC(355) Metaspace: 193884K(195520K)->193884K(195520K) NonClass: 170761K(171584K)->170761K(171584K) Class: 23123K(23936K)->23123K(23936K)
[2025-04-03T11:10:03.279-0400][66859.512s][info ][gc          ] GC(355) Pause Young (Normal) (G1 Evacuation Pause) 455M->193M(512M) 2.758ms
[2025-04-03T11:10:03.279-0400][66859.512s][info ][gc,cpu      ] GC(355) User=0.00s Sys=0.00s Real=0.00s
[2025-04-03T11:10:03.279-0400][66859.512s][info ][safepoint   ] Safepoint "G1CollectForAllocation", Time since last: 219593382300 ns, Reaching safepoint: 72600 ns, Cleanup: 11400 ns, At safepoint: 2830500 ns, Total: 2914500 ns
[2025-04-03T11:13:44.064-0400][67080.297s][debug][safepoint   ] Safepoint synchronization initiated using striped semaphore wait barrier. (237 threads)
[2025-04-03T11:13:44.064-0400][67080.297s][info ][gc,start    ] GC(356) Pause Young (Normal) (G1 Evacuation Pause)
[2025-04-03T11:13:44.064-0400][67080.297s][info ][gc,task     ] GC(356) Using 23 workers of 23 for evacuation
[2025-04-03T11:13:44.067-0400][67080.300s][info ][gc,phases   ] GC(356)   Pre Evacuate Collection Set: 0.1ms
[2025-04-03T11:13:44.067-0400][67080.300s][info ][gc,phases   ] GC(356)   Merge Heap Roots: 0.1ms
[2025-04-03T11:13:44.067-0400][67080.300s][info ][gc,phases   ] GC(356)   Evacuate Collection Set: 1.8ms
[2025-04-03T11:13:44.067-0400][67080.300s][info ][gc,phases   ] GC(356)   Post Evacuate Collection Set: 1.0ms
[2025-04-03T11:13:44.067-0400][67080.300s][info ][gc,phases   ] GC(356)   Other: 0.1ms
[2025-04-03T11:13:44.067-0400][67080.300s][info ][gc,heap     ] GC(356) Eden regions: 262->0(262)
[2025-04-03T11:13:44.067-0400][67080.300s][info ][gc,heap     ] GC(356) Survivor regions: 2->2(33)
[2025-04-03T11:13:44.067-0400][67080.300s][info ][gc,heap     ] GC(356) Old regions: 191->191
[2025-04-03T11:13:44.067-0400][67080.300s][info ][gc,heap     ] GC(356) Archive regions: 0->0
[2025-04-03T11:13:44.067-0400][67080.300s][info ][gc,heap     ] GC(356) Humongous regions: 2->2
[2025-04-03T11:13:44.067-0400][67080.300s][info ][gc,metaspace] GC(356) Metaspace: 193884K(195520K)->193884K(195520K) NonClass: 170761K(171584K)->170761K(171584K) Class: 23123K(23936K)->23123K(23936K)
[2025-04-03T11:13:44.067-0400][67080.300s][info ][gc          ] GC(356) Pause Young (Normal) (G1 Evacuation Pause) 455M->193M(512M) 3.185ms
[2025-04-03T11:13:44.067-0400][67080.300s][info ][gc,cpu      ] GC(356) User=0.00s Sys=0.00s Real=0.00s
[2025-04-03T11:13:44.067-0400][67080.300s][info ][safepoint   ] Safepoint "G1CollectForAllocation", Time since last: 220784974700 ns, Reaching safepoint: 105300 ns, Cleanup: 3800 ns, At safepoint: 3267400 ns, Total: 3376500 ns
[2025-04-03T11:17:24.105-0400][67300.337s][debug][safepoint   ] Safepoint synchronization initiated using striped semaphore wait barrier. (237 threads)
[2025-04-03T11:17:24.105-0400][67300.337s][info ][gc,start    ] GC(357) Pause Young (Normal) (G1 Evacuation Pause)
[2025-04-03T11:17:24.105-0400][67300.337s][info ][gc,task     ] GC(357) Using 23 workers of 23 for evacuation
[2025-04-03T11:17:24.107-0400][67300.340s][info ][gc,phases   ] GC(357)   Pre Evacuate Collection Set: 0.1ms
[2025-04-03T11:17:24.107-0400][67300.340s][info ][gc,phases   ] GC(357)   Merge Heap Roots: 0.1ms
[2025-04-03T11:17:24.107-0400][67300.340s][info ][gc,phases   ] GC(357)   Evacuate Collection Set: 1.4ms
[2025-04-03T11:17:24.107-0400][67300.340s][info ][gc,phases   ] GC(357)   Post Evacuate Collection Set: 0.9ms
[2025-04-03T11:17:24.107-0400][67300.340s][info ][gc,phases   ] GC(357)   Other: 0.1ms
[2025-04-03T11:17:24.107-0400][67300.340s][info ][gc,heap     ] GC(357) Eden regions: 262->0(262)
[2025-04-03T11:17:24.107-0400][67300.340s][info ][gc,heap     ] GC(357) Survivor regions: 2->2(33)
[2025-04-03T11:17:24.107-0400][67300.340s][info ][gc,heap     ] GC(357) Old regions: 191->191
[2025-04-03T11:17:24.107-0400][67300.340s][info ][gc,heap     ] GC(357) Archive regions: 0->0
[2025-04-03T11:17:24.107-0400][67300.340s][info ][gc,heap     ] GC(357) Humongous regions: 2->2
[2025-04-03T11:17:24.107-0400][67300.340s][info ][gc,metaspace] GC(357) Metaspace: 193884K(195520K)->193884K(195520K) NonClass: 170761K(171584K)->170761K(171584K) Class: 23123K(23936K)->23123K(23936K)
[2025-04-03T11:17:24.107-0400][67300.340s][info ][gc          ] GC(357) Pause Young (Normal) (G1 Evacuation Pause) 455M->193M(512M) 2.665ms
[2025-04-03T11:17:24.107-0400][67300.340s][info ][gc,cpu      ] GC(357) User=0.00s Sys=0.00s Real=0.00s
[2025-04-03T11:17:24.107-0400][67300.340s][info ][safepoint   ] Safepoint "G1CollectForAllocation", Time since last: 220037137500 ns, Reaching safepoint: 56300 ns, Cleanup: 5500 ns, At safepoint: 2748500 ns, Total: 2810300 ns
[2025-04-03T11:21:01.443-0400][67517.675s][debug][safepoint   ] Safepoint synchronization initiated using striped semaphore wait barrier. (239 threads)
[2025-04-03T11:21:01.443-0400][67517.675s][info ][gc,start    ] GC(358) Pause Young (Normal) (G1 Evacuation Pause)
[2025-04-03T11:21:01.443-0400][67517.675s][info ][gc,task     ] GC(358) Using 23 workers of 23 for evacuation
[2025-04-03T11:21:01.446-0400][67517.679s][info ][gc,phases   ] GC(358)   Pre Evacuate Collection Set: 0.1ms
[2025-04-03T11:21:01.446-0400][67517.679s][info ][gc,phases   ] GC(358)   Merge Heap Roots: 0.1ms
[2025-04-03T11:21:01.446-0400][67517.679s][info ][gc,phases   ] GC(358)   Evacuate Collection Set: 2.3ms
[2025-04-03T11:21:01.446-0400][67517.679s][info ][gc,phases   ] GC(358)   Post Evacuate Collection Set: 0.9ms
[2025-04-03T11:21:01.446-0400][67517.679s][info ][gc,phases   ] GC(358)   Other: 0.1ms
[2025-04-03T11:21:01.446-0400][67517.679s][info ][gc,heap     ] GC(358) Eden regions: 262->0(262)
[2025-04-03T11:21:01.446-0400][67517.679s][info ][gc,heap     ] GC(358) Survivor regions: 2->2(33)
[2025-04-03T11:21:01.446-0400][67517.679s][info ][gc,heap     ] GC(358) Old regions: 191->191
[2025-04-03T11:21:01.446-0400][67517.679s][info ][gc,heap     ] GC(358) Archive regions: 0->0
[2025-04-03T11:21:01.446-0400][67517.679s][info ][gc,heap     ] GC(358) Humongous regions: 2->2
[2025-04-03T11:21:01.446-0400][67517.679s][info ][gc,metaspace] GC(358) Metaspace: 193884K(195520K)->193884K(195520K) NonClass: 170761K(171584K)->170761K(171584K) Class: 23123K(23936K)->23123K(23936K)
[2025-04-03T11:21:01.446-0400][67517.679s][info ][gc          ] GC(358) Pause Young (Normal) (G1 Evacuation Pause) 455M->193M(512M) 3.582ms
[2025-04-03T11:21:01.446-0400][67517.679s][info ][gc,cpu      ] GC(358) User=0.00s Sys=0.00s Real=0.00s
[2025-04-03T11:21:01.447-0400][67517.679s][info ][safepoint   ] Safepoint "G1CollectForAllocation", Time since last: 217334885200 ns, Reaching safepoint: 46800 ns, Cleanup: 3900 ns, At safepoint: 3655000 ns, Total: 3705700 ns
[2025-04-03T11:24:40.096-0400][67736.328s][debug][safepoint   ] Safepoint synchronization initiated using striped semaphore wait barrier. (237 threads)
[2025-04-03T11:24:40.096-0400][67736.328s][info ][gc,start    ] GC(359) Pause Young (Normal) (G1 Evacuation Pause)
[2025-04-03T11:24:40.096-0400][67736.328s][info ][gc,task     ] GC(359) Using 23 workers of 23 for evacuation
[2025-04-03T11:24:40.101-0400][67736.333s][info ][gc,phases   ] GC(359)   Pre Evacuate Collection Set: 0.1ms
[2025-04-03T11:24:40.101-0400][67736.333s][info ][gc,phases   ] GC(359)   Merge Heap Roots: 0.1ms
[2025-04-03T11:24:40.101-0400][67736.333s][info ][gc,phases   ] GC(359)   Evacuate Collection Set: 3.1ms
[2025-04-03T11:24:40.101-0400][67736.333s][info ][gc,phases   ] GC(359)   Post Evacuate Collection Set: 1.1ms
[2025-04-03T11:24:40.101-0400][67736.333s][info ][gc,phases   ] GC(359)   Other: 0.1ms
[2025-04-03T11:24:40.101-0400][67736.333s][info ][gc,heap     ] GC(359) Eden regions: 262->0(262)
[2025-04-03T11:24:40.101-0400][67736.333s][info ][gc,heap     ] GC(359) Survivor regions: 2->2(33)
[2025-04-03T11:24:40.101-0400][67736.333s][info ][gc,heap     ] GC(359) Old regions: 191->191
[2025-04-03T11:24:40.101-0400][67736.333s][info ][gc,heap     ] GC(359) Archive regions: 0->0
[2025-04-03T11:24:40.101-0400][67736.333s][info ][gc,heap     ] GC(359) Humongous regions: 2->2
[2025-04-03T11:24:40.101-0400][67736.333s][info ][gc,metaspace] GC(359) Metaspace: 193884K(195520K)->193884K(195520K) NonClass: 170761K(171584K)->170761K(171584K) Class: 23123K(23936K)->23123K(23936K)
[2025-04-03T11:24:40.101-0400][67736.333s][info ][gc          ] GC(359) Pause Young (Normal) (G1 Evacuation Pause) 455M->193M(512M) 4.638ms
[2025-04-03T11:24:40.101-0400][67736.333s][info ][gc,cpu      ] GC(359) User=0.00s Sys=0.00s Real=0.01s
[2025-04-03T11:24:40.101-0400][67736.333s][info ][safepoint   ] Safepoint "G1CollectForAllocation", Time since last: 218649465800 ns, Reaching safepoint: 49500 ns, Cleanup: 2400 ns, At safepoint: 4705700 ns, Total: 4757600 ns
[2025-04-03T11:28:19.200-0400][67955.432s][debug][safepoint   ] Safepoint synchronization initiated using striped semaphore wait barrier. (238 threads)
[2025-04-03T11:28:19.200-0400][67955.432s][info ][gc,start    ] GC(360) Pause Young (Normal) (G1 Evacuation Pause)
[2025-04-03T11:28:19.200-0400][67955.432s][info ][gc,task     ] GC(360) Using 23 workers of 23 for evacuation
[2025-04-03T11:28:19.204-0400][67955.436s][info ][gc,phases   ] GC(360)   Pre Evacuate Collection Set: 0.1ms
[2025-04-03T11:28:19.204-0400][67955.436s][info ][gc,phases   ] GC(360)   Merge Heap Roots: 0.1ms
[2025-04-03T11:28:19.204-0400][67955.436s][info ][gc,phases   ] GC(360)   Evacuate Collection Set: 2.4ms
[2025-04-03T11:28:19.204-0400][67955.436s][info ][gc,phases   ] GC(360)   Post Evacuate Collection Set: 1.0ms
[2025-04-03T11:28:19.204-0400][67955.436s][info ][gc,phases   ] GC(360)   Other: 0.1ms
[2025-04-03T11:28:19.204-0400][67955.436s][info ][gc,heap     ] GC(360) Eden regions: 262->0(262)
[2025-04-03T11:28:19.204-0400][67955.436s][info ][gc,heap     ] GC(360) Survivor regions: 2->2(33)
[2025-04-03T11:28:19.204-0400][67955.436s][info ][gc,heap     ] GC(360) Old regions: 191->191
[2025-04-03T11:28:19.204-0400][67955.436s][info ][gc,heap     ] GC(360) Archive regions: 0->0
[2025-04-03T11:28:19.204-0400][67955.436s][info ][gc,heap     ] GC(360) Humongous regions: 2->2
[2025-04-03T11:28:19.204-0400][67955.436s][info ][gc,metaspace] GC(360) Metaspace: 193884K(195520K)->193884K(195520K) NonClass: 170761K(171584K)->170761K(171584K) Class: 23123K(23936K)->23123K(23936K)
[2025-04-03T11:28:19.204-0400][67955.436s][info ][gc          ] GC(360) Pause Young (Normal) (G1 Evacuation Pause) 455M->193M(512M) 3.798ms
[2025-04-03T11:28:19.204-0400][67955.436s][info ][gc,cpu      ] GC(360) User=0.00s Sys=0.00s Real=0.00s
[2025-04-03T11:28:19.204-0400][67955.436s][info ][safepoint   ] Safepoint "G1CollectForAllocation", Time since last: 219099111500 ns, Reaching safepoint: 63900 ns, Cleanup: 2900 ns, At safepoint: 3874100 ns, Total: 3940900 ns
[2025-04-03T11:31:59.985-0400][68176.217s][debug][safepoint   ] Safepoint synchronization initiated using striped semaphore wait barrier. (238 threads)
[2025-04-03T11:31:59.985-0400][68176.217s][info ][gc,start    ] GC(361) Pause Young (Normal) (G1 Evacuation Pause)
[2025-04-03T11:31:59.985-0400][68176.217s][info ][gc,task     ] GC(361) Using 23 workers of 23 for evacuation
[2025-04-03T11:31:59.988-0400][68176.220s][info ][gc,phases   ] GC(361)   Pre Evacuate Collection Set: 0.1ms
[2025-04-03T11:31:59.988-0400][68176.220s][info ][gc,phases   ] GC(361)   Merge Heap Roots: 0.1ms
[2025-04-03T11:31:59.988-0400][68176.220s][info ][gc,phases   ] GC(361)   Evacuate Collection Set: 1.9ms
[2025-04-03T11:31:59.988-0400][68176.220s][info ][gc,phases   ] GC(361)   Post Evacuate Collection Set: 0.9ms
[2025-04-03T11:31:59.988-0400][68176.220s][info ][gc,phases   ] GC(361)   Other: 0.1ms
[2025-04-03T11:31:59.988-0400][68176.220s][info ][gc,heap     ] GC(361) Eden regions: 262->0(262)
[2025-04-03T11:31:59.988-0400][68176.220s][info ][gc,heap     ] GC(361) Survivor regions: 2->2(33)
[2025-04-03T11:31:59.988-0400][68176.220s][info ][gc,heap     ] GC(361) Old regions: 191->191
[2025-04-03T11:31:59.988-0400][68176.220s][info ][gc,heap     ] GC(361) Archive regions: 0->0
[2025-04-03T11:31:59.988-0400][68176.220s][info ][gc,heap     ] GC(361) Humongous regions: 2->2
[2025-04-03T11:31:59.988-0400][68176.220s][info ][gc,metaspace] GC(361) Metaspace: 193884K(195520K)->193884K(195520K) NonClass: 170761K(171584K)->170761K(171584K) Class: 23123K(23936K)->23123K(23936K)
[2025-04-03T11:31:59.988-0400][68176.220s][info ][gc          ] GC(361) Pause Young (Normal) (G1 Evacuation Pause) 455M->193M(512M) 3.137ms
[2025-04-03T11:31:59.988-0400][68176.220s][info ][gc,cpu      ] GC(361) User=0.02s Sys=0.00s Real=0.00s
[2025-04-03T11:31:59.988-0400][68176.220s][info ][safepoint   ] Safepoint "G1CollectForAllocation", Time since last: 220780836300 ns, Reaching safepoint: 89300 ns, Cleanup: 3500 ns, At safepoint: 3199100 ns, Total: 3291900 ns
[2025-04-03T11:35:38.881-0400][68395.114s][debug][safepoint   ] Safepoint synchronization initiated using striped semaphore wait barrier. (238 threads)
[2025-04-03T11:35:38.881-0400][68395.114s][info ][gc,start    ] GC(362) Pause Young (Normal) (G1 Evacuation Pause)
[2025-04-03T11:35:38.881-0400][68395.114s][info ][gc,task     ] GC(362) Using 23 workers of 23 for evacuation
[2025-04-03T11:35:38.884-0400][68395.117s][info ][gc,phases   ] GC(362)   Pre Evacuate Collection Set: 0.1ms
[2025-04-03T11:35:38.884-0400][68395.117s][info ][gc,phases   ] GC(362)   Merge Heap Roots: 0.1ms
[2025-04-03T11:35:38.884-0400][68395.117s][info ][gc,phases   ] GC(362)   Evacuate Collection Set: 2.1ms
[2025-04-03T11:35:38.884-0400][68395.117s][info ][gc,phases   ] GC(362)   Post Evacuate Collection Set: 0.9ms
[2025-04-03T11:35:38.884-0400][68395.117s][info ][gc,phases   ] GC(362)   Other: 0.1ms
[2025-04-03T11:35:38.884-0400][68395.117s][info ][gc,heap     ] GC(362) Eden regions: 262->0(262)
[2025-04-03T11:35:38.884-0400][68395.117s][info ][gc,heap     ] GC(362) Survivor regions: 2->2(33)
[2025-04-03T11:35:38.884-0400][68395.117s][info ][gc,heap     ] GC(362) Old regions: 191->191
[2025-04-03T11:35:38.884-0400][68395.117s][info ][gc,heap     ] GC(362) Archive regions: 0->0
[2025-04-03T11:35:38.884-0400][68395.117s][info ][gc,heap     ] GC(362) Humongous regions: 2->2
[2025-04-03T11:35:38.884-0400][68395.117s][info ][gc,metaspace] GC(362) Metaspace: 193884K(195520K)->193884K(195520K) NonClass: 170761K(171584K)->170761K(171584K) Class: 23123K(23936K)->23123K(23936K)
[2025-04-03T11:35:38.884-0400][68395.117s][info ][gc          ] GC(362) Pause Young (Normal) (G1 Evacuation Pause) 455M->193M(512M) 3.345ms
[2025-04-03T11:35:38.884-0400][68395.117s][info ][gc,cpu      ] GC(362) User=0.00s Sys=0.00s Real=0.00s
[2025-04-03T11:35:38.884-0400][68395.117s][info ][safepoint   ] Safepoint "G1CollectForAllocation", Time since last: 218893460800 ns, Reaching safepoint: 40600 ns, Cleanup: 4000 ns, At safepoint: 3405400 ns, Total: 3450000 ns
[2025-04-03T11:39:16.950-0400][68613.182s][debug][safepoint   ] Safepoint synchronization initiated using striped semaphore wait barrier. (238 threads)
[2025-04-03T11:39:16.950-0400][68613.182s][info ][gc,start    ] GC(363) Pause Young (Normal) (G1 Evacuation Pause)
[2025-04-03T11:39:16.950-0400][68613.182s][info ][gc,task     ] GC(363) Using 23 workers of 23 for evacuation
[2025-04-03T11:39:16.953-0400][68613.186s][info ][gc,phases   ] GC(363)   Pre Evacuate Collection Set: 0.1ms
[2025-04-03T11:39:16.953-0400][68613.186s][info ][gc,phases   ] GC(363)   Merge Heap Roots: 0.1ms
[2025-04-03T11:39:16.953-0400][68613.186s][info ][gc,phases   ] GC(363)   Evacuate Collection Set: 2.7ms
[2025-04-03T11:39:16.953-0400][68613.186s][info ][gc,phases   ] GC(363)   Post Evacuate Collection Set: 1.0ms
[2025-04-03T11:39:16.954-0400][68613.186s][info ][gc,phases   ] GC(363)   Other: 0.1ms
[2025-04-03T11:39:16.954-0400][68613.186s][info ][gc,heap     ] GC(363) Eden regions: 262->0(262)
[2025-04-03T11:39:16.954-0400][68613.186s][info ][gc,heap     ] GC(363) Survivor regions: 2->2(33)
[2025-04-03T11:39:16.954-0400][68613.186s][info ][gc,heap     ] GC(363) Old regions: 191->191
[2025-04-03T11:39:16.954-0400][68613.186s][info ][gc,heap     ] GC(363) Archive regions: 0->0
[2025-04-03T11:39:16.954-0400][68613.186s][info ][gc,heap     ] GC(363) Humongous regions: 2->2
[2025-04-03T11:39:16.954-0400][68613.186s][info ][gc,metaspace] GC(363) Metaspace: 193893K(195520K)->193893K(195520K) NonClass: 170770K(171584K)->170770K(171584K) Class: 23123K(23936K)->23123K(23936K)
[2025-04-03T11:39:16.954-0400][68613.186s][info ][gc          ] GC(363) Pause Young (Normal) (G1 Evacuation Pause) 455M->193M(512M) 4.144ms
[2025-04-03T11:39:16.954-0400][68613.186s][info ][gc,cpu      ] GC(363) User=0.00s Sys=0.00s Real=0.00s
[2025-04-03T11:39:16.954-0400][68613.186s][info ][safepoint   ] Safepoint "G1CollectForAllocation", Time since last: 218064848800 ns, Reaching safepoint: 75200 ns, Cleanup: 3500 ns, At safepoint: 4229900 ns, Total: 4308600 ns
[2025-04-03T11:42:58.242-0400][68834.474s][debug][safepoint   ] Safepoint synchronization initiated using striped semaphore wait barrier. (238 threads)
[2025-04-03T11:42:58.242-0400][68834.474s][info ][gc,start    ] GC(364) Pause Young (Normal) (G1 Evacuation Pause)
[2025-04-03T11:42:58.242-0400][68834.474s][info ][gc,task     ] GC(364) Using 23 workers of 23 for evacuation
[2025-04-03T11:42:58.244-0400][68834.477s][info ][gc,phases   ] GC(364)   Pre Evacuate Collection Set: 0.1ms
[2025-04-03T11:42:58.244-0400][68834.477s][info ][gc,phases   ] GC(364)   Merge Heap Roots: 0.1ms
[2025-04-03T11:42:58.244-0400][68834.477s][info ][gc,phases   ] GC(364)   Evacuate Collection Set: 1.2ms
[2025-04-03T11:42:58.244-0400][68834.477s][info ][gc,phases   ] GC(364)   Post Evacuate Collection Set: 1.0ms
[2025-04-03T11:42:58.244-0400][68834.477s][info ][gc,phases   ] GC(364)   Other: 0.1ms
[2025-04-03T11:42:58.244-0400][68834.477s][info ][gc,heap     ] GC(364) Eden regions: 262->0(262)
[2025-04-03T11:42:58.244-0400][68834.477s][info ][gc,heap     ] GC(364) Survivor regions: 2->2(33)
[2025-04-03T11:42:58.244-0400][68834.477s][info ][gc,heap     ] GC(364) Old regions: 191->191
[2025-04-03T11:42:58.244-0400][68834.477s][info ][gc,heap     ] GC(364) Archive regions: 0->0
[2025-04-03T11:42:58.244-0400][68834.477s][info ][gc,heap     ] GC(364) Humongous regions: 2->2
[2025-04-03T11:42:58.244-0400][68834.477s][info ][gc,metaspace] GC(364) Metaspace: 193893K(195520K)->193893K(195520K) NonClass: 170770K(171584K)->170770K(171584K) Class: 23123K(23936K)->23123K(23936K)
[2025-04-03T11:42:58.244-0400][68834.477s][info ][gc          ] GC(364) Pause Young (Normal) (G1 Evacuation Pause) 455M->193M(512M) 2.611ms
[2025-04-03T11:42:58.244-0400][68834.477s][info ][gc,cpu      ] GC(364) User=0.00s Sys=0.00s Real=0.00s
[2025-04-03T11:42:58.244-0400][68834.477s][info ][safepoint   ] Safepoint "G1CollectForAllocation", Time since last: 221288106400 ns, Reaching safepoint: 46800 ns, Cleanup: 3800 ns, At safepoint: 2678700 ns, Total: 2729300 ns
[2025-04-03T11:46:38.495-0400][69054.727s][debug][safepoint   ] Safepoint synchronization initiated using striped semaphore wait barrier. (238 threads)
[2025-04-03T11:46:38.495-0400][69054.727s][info ][gc,start    ] GC(365) Pause Young (Normal) (G1 Evacuation Pause)
[2025-04-03T11:46:38.495-0400][69054.727s][info ][gc,task     ] GC(365) Using 23 workers of 23 for evacuation
[2025-04-03T11:46:38.497-0400][69054.729s][info ][gc,phases   ] GC(365)   Pre Evacuate Collection Set: 0.1ms
[2025-04-03T11:46:38.497-0400][69054.729s][info ][gc,phases   ] GC(365)   Merge Heap Roots: 0.2ms
[2025-04-03T11:46:38.497-0400][69054.729s][info ][gc,phases   ] GC(365)   Evacuate Collection Set: 1.2ms
[2025-04-03T11:46:38.497-0400][69054.729s][info ][gc,phases   ] GC(365)   Post Evacuate Collection Set: 0.9ms
[2025-04-03T11:46:38.497-0400][69054.729s][info ][gc,phases   ] GC(365)   Other: 0.1ms
[2025-04-03T11:46:38.497-0400][69054.729s][info ][gc,heap     ] GC(365) Eden regions: 262->0(262)
[2025-04-03T11:46:38.497-0400][69054.729s][info ][gc,heap     ] GC(365) Survivor regions: 2->2(33)
[2025-04-03T11:46:38.497-0400][69054.729s][info ][gc,heap     ] GC(365) Old regions: 191->191
[2025-04-03T11:46:38.497-0400][69054.729s][info ][gc,heap     ] GC(365) Archive regions: 0->0
[2025-04-03T11:46:38.497-0400][69054.729s][info ][gc,heap     ] GC(365) Humongous regions: 2->2
[2025-04-03T11:46:38.497-0400][69054.729s][info ][gc,metaspace] GC(365) Metaspace: 193893K(195520K)->193893K(195520K) NonClass: 170770K(171584K)->170770K(171584K) Class: 23123K(23936K)->23123K(23936K)
[2025-04-03T11:46:38.497-0400][69054.729s][info ][gc          ] GC(365) Pause Young (Normal) (G1 Evacuation Pause) 455M->193M(512M) 2.587ms
[2025-04-03T11:46:38.497-0400][69054.729s][info ][gc,cpu      ] GC(365) User=0.00s Sys=0.00s Real=0.00s
[2025-04-03T11:46:38.497-0400][69054.729s][info ][safepoint   ] Safepoint "G1CollectForAllocation", Time since last: 220249545000 ns, Reaching safepoint: 36600 ns, Cleanup: 8800 ns, At safepoint: 2679100 ns, Total: 2724500 ns
[2025-04-03T11:50:17.909-0400][69274.141s][debug][safepoint   ] Safepoint synchronization initiated using striped semaphore wait barrier. (238 threads)
[2025-04-03T11:50:17.909-0400][69274.141s][info ][gc,start    ] GC(366) Pause Young (Normal) (G1 Evacuation Pause)
[2025-04-03T11:50:17.909-0400][69274.141s][info ][gc,task     ] GC(366) Using 23 workers of 23 for evacuation
[2025-04-03T11:50:17.912-0400][69274.144s][info ][gc,phases   ] GC(366)   Pre Evacuate Collection Set: 0.1ms
[2025-04-03T11:50:17.912-0400][69274.144s][info ][gc,phases   ] GC(366)   Merge Heap Roots: 0.1ms
[2025-04-03T11:50:17.912-0400][69274.144s][info ][gc,phases   ] GC(366)   Evacuate Collection Set: 1.5ms
[2025-04-03T11:50:17.912-0400][69274.144s][info ][gc,phases   ] GC(366)   Post Evacuate Collection Set: 1.1ms
[2025-04-03T11:50:17.912-0400][69274.144s][info ][gc,phases   ] GC(366)   Other: 0.1ms
[2025-04-03T11:50:17.912-0400][69274.144s][info ][gc,heap     ] GC(366) Eden regions: 262->0(262)
[2025-04-03T11:50:17.912-0400][69274.144s][info ][gc,heap     ] GC(366) Survivor regions: 2->2(33)
[2025-04-03T11:50:17.912-0400][69274.144s][info ][gc,heap     ] GC(366) Old regions: 191->191
[2025-04-03T11:50:17.912-0400][69274.144s][info ][gc,heap     ] GC(366) Archive regions: 0->0
[2025-04-03T11:50:17.912-0400][69274.144s][info ][gc,heap     ] GC(366) Humongous regions: 2->2
[2025-04-03T11:50:17.912-0400][69274.144s][info ][gc,metaspace] GC(366) Metaspace: 193893K(195520K)->193893K(195520K) NonClass: 170770K(171584K)->170770K(171584K) Class: 23123K(23936K)->23123K(23936K)
[2025-04-03T11:50:17.912-0400][69274.144s][info ][gc          ] GC(366) Pause Young (Normal) (G1 Evacuation Pause) 455M->193M(512M) 3.017ms
[2025-04-03T11:50:17.912-0400][69274.144s][info ][gc,cpu      ] GC(366) User=0.00s Sys=0.00s Real=0.00s
[2025-04-03T11:50:17.912-0400][69274.144s][info ][safepoint   ] Safepoint "G1CollectForAllocation", Time since last: 219411641500 ns, Reaching safepoint: 73200 ns, Cleanup: 3500 ns, At safepoint: 3088400 ns, Total: 3165100 ns
[2025-04-03T11:50:48.927-0400][69305.159s][debug][safepoint   ] Safepoint synchronization initiated using striped semaphore wait barrier. (238 threads)
[2025-04-03T11:50:48.927-0400][69305.159s][info ][safepoint   ] Safepoint "Cleanup", Time since last: 31014983900 ns, Reaching safepoint: 112000 ns, Cleanup: 8000 ns, At safepoint: 1600 ns, Total: 121600 ns
[2025-04-03T11:50:53.930-0400][69310.162s][debug][safepoint   ] Safepoint synchronization initiated using striped semaphore wait barrier. (236 threads)
[2025-04-03T11:50:53.930-0400][69310.162s][info ][safepoint   ] Safepoint "Cleanup", Time since last: 5002582300 ns, Reaching safepoint: 117800 ns, Cleanup: 10000 ns, At safepoint: 1900 ns, Total: 129700 ns
[2025-04-03T11:51:38.955-0400][69355.188s][debug][safepoint   ] Safepoint synchronization initiated using striped semaphore wait barrier. (235 threads)
[2025-04-03T11:51:38.955-0400][69355.188s][info ][safepoint   ] Safepoint "Cleanup", Time since last: 45025521700 ns, Reaching safepoint: 47200 ns, Cleanup: 7300 ns, At safepoint: 1500 ns, Total: 56000 ns
[2025-04-03T11:53:55.229-0400][69491.462s][debug][safepoint   ] Safepoint synchronization initiated using striped semaphore wait barrier. (238 threads)
[2025-04-03T11:53:55.229-0400][69491.462s][info ][gc,start    ] GC(367) Pause Young (Normal) (G1 Evacuation Pause)
[2025-04-03T11:53:55.229-0400][69491.462s][info ][gc,task     ] GC(367) Using 23 workers of 23 for evacuation
[2025-04-03T11:53:55.234-0400][69491.466s][info ][gc,phases   ] GC(367)   Pre Evacuate Collection Set: 0.1ms
[2025-04-03T11:53:55.234-0400][69491.467s][info ][gc,phases   ] GC(367)   Merge Heap Roots: 0.1ms
[2025-04-03T11:53:55.234-0400][69491.467s][info ][gc,phases   ] GC(367)   Evacuate Collection Set: 2.6ms
[2025-04-03T11:53:55.234-0400][69491.467s][info ][gc,phases   ] GC(367)   Post Evacuate Collection Set: 1.4ms
[2025-04-03T11:53:55.234-0400][69491.467s][info ][gc,phases   ] GC(367)   Other: 0.1ms
[2025-04-03T11:53:55.234-0400][69491.467s][info ][gc,heap     ] GC(367) Eden regions: 262->0(262)
[2025-04-03T11:53:55.234-0400][69491.467s][info ][gc,heap     ] GC(367) Survivor regions: 2->2(33)
[2025-04-03T11:53:55.234-0400][69491.467s][info ][gc,heap     ] GC(367) Old regions: 191->191
[2025-04-03T11:53:55.234-0400][69491.467s][info ][gc,heap     ] GC(367) Archive regions: 0->0
[2025-04-03T11:53:55.234-0400][69491.467s][info ][gc,heap     ] GC(367) Humongous regions: 2->2
[2025-04-03T11:53:55.234-0400][69491.467s][info ][gc,metaspace] GC(367) Metaspace: 193893K(195520K)->193893K(195520K) NonClass: 170770K(171584K)->170770K(171584K) Class: 23123K(23936K)->23123K(23936K)
[2025-04-03T11:53:55.234-0400][69491.467s][info ][gc          ] GC(367) Pause Young (Normal) (G1 Evacuation Pause) 455M->193M(512M) 4.320ms
[2025-04-03T11:53:55.234-0400][69491.467s][info ][gc,cpu      ] GC(367) User=0.00s Sys=0.00s Real=0.00s
[2025-04-03T11:53:55.234-0400][69491.467s][info ][safepoint   ] Safepoint "G1CollectForAllocation", Time since last: 136274624200 ns, Reaching safepoint: 53500 ns, Cleanup: 2300 ns, At safepoint: 4392500 ns, Total: 4448300 ns
[2025-04-03T11:55:48.979-0400][69605.211s][debug][safepoint   ] Safepoint synchronization initiated using striped semaphore wait barrier. (236 threads)
[2025-04-03T11:55:48.979-0400][69605.211s][info ][safepoint   ] Safepoint "Cleanup", Time since last: 113744664200 ns, Reaching safepoint: 94900 ns, Cleanup: 7300 ns, At safepoint: 1600 ns, Total: 103800 ns
[2025-04-03T11:57:34.787-0400][69711.019s][debug][safepoint   ] Safepoint synchronization initiated using striped semaphore wait barrier. (237 threads)
[2025-04-03T11:57:34.787-0400][69711.020s][info ][gc,start    ] GC(368) Pause Young (Normal) (G1 Evacuation Pause)
[2025-04-03T11:57:34.787-0400][69711.020s][info ][gc,task     ] GC(368) Using 23 workers of 23 for evacuation
[2025-04-03T11:57:34.790-0400][69711.023s][info ][gc,phases   ] GC(368)   Pre Evacuate Collection Set: 0.1ms
[2025-04-03T11:57:34.790-0400][69711.023s][info ][gc,phases   ] GC(368)   Merge Heap Roots: 0.1ms
[2025-04-03T11:57:34.790-0400][69711.023s][info ][gc,phases   ] GC(368)   Evacuate Collection Set: 2.1ms
[2025-04-03T11:57:34.790-0400][69711.023s][info ][gc,phases   ] GC(368)   Post Evacuate Collection Set: 0.9ms
[2025-04-03T11:57:34.790-0400][69711.023s][info ][gc,phases   ] GC(368)   Other: 0.1ms
[2025-04-03T11:57:34.790-0400][69711.023s][info ][gc,heap     ] GC(368) Eden regions: 262->0(262)
[2025-04-03T11:57:34.790-0400][69711.023s][info ][gc,heap     ] GC(368) Survivor regions: 2->2(33)
[2025-04-03T11:57:34.790-0400][69711.023s][info ][gc,heap     ] GC(368) Old regions: 191->191
[2025-04-03T11:57:34.790-0400][69711.023s][info ][gc,heap     ] GC(368) Archive regions: 0->0
[2025-04-03T11:57:34.790-0400][69711.023s][info ][gc,heap     ] GC(368) Humongous regions: 2->2
[2025-04-03T11:57:34.790-0400][69711.023s][info ][gc,metaspace] GC(368) Metaspace: 193893K(195520K)->193893K(195520K) NonClass: 170770K(171584K)->170770K(171584K) Class: 23123K(23936K)->23123K(23936K)
[2025-04-03T11:57:34.790-0400][69711.023s][info ][gc          ] GC(368) Pause Young (Normal) (G1 Evacuation Pause) 455M->193M(512M) 3.471ms
[2025-04-03T11:57:34.790-0400][69711.023s][info ][gc,cpu      ] GC(368) User=0.00s Sys=0.00s Real=0.00s
[2025-04-03T11:57:34.790-0400][69711.023s][info ][safepoint   ] Safepoint "G1CollectForAllocation", Time since last: 105808077300 ns, Reaching safepoint: 42500 ns, Cleanup: 2300 ns, At safepoint: 3535300 ns, Total: 3580100 ns
[2025-04-03T11:59:19.461-0400][69815.694s][debug][safepoint   ] Safepoint synchronization initiated using striped semaphore wait barrier. (235 threads)
[2025-04-03T11:59:19.461-0400][69815.694s][info ][safepoint   ] Safepoint "Cleanup", Time since last: 104670550800 ns, Reaching safepoint: 53400 ns, Cleanup: 7700 ns, At safepoint: 1400 ns, Total: 62500 ns
[2025-04-03T12:01:15.619-0400][69931.852s][debug][safepoint   ] Safepoint synchronization initiated using striped semaphore wait barrier. (235 threads)
[2025-04-03T12:01:15.619-0400][69931.852s][info ][gc,start    ] GC(369) Pause Young (Normal) (G1 Evacuation Pause)
[2025-04-03T12:01:15.619-0400][69931.852s][info ][gc,task     ] GC(369) Using 23 workers of 23 for evacuation
[2025-04-03T12:01:15.623-0400][69931.856s][info ][gc,phases   ] GC(369)   Pre Evacuate Collection Set: 0.1ms
[2025-04-03T12:01:15.623-0400][69931.856s][info ][gc,phases   ] GC(369)   Merge Heap Roots: 0.1ms
[2025-04-03T12:01:15.623-0400][69931.856s][info ][gc,phases   ] GC(369)   Evacuate Collection Set: 3.0ms
[2025-04-03T12:01:15.623-0400][69931.856s][info ][gc,phases   ] GC(369)   Post Evacuate Collection Set: 0.9ms
[2025-04-03T12:01:15.623-0400][69931.856s][info ][gc,phases   ] GC(369)   Other: 0.1ms
[2025-04-03T12:01:15.623-0400][69931.856s][info ][gc,heap     ] GC(369) Eden regions: 262->0(262)
[2025-04-03T12:01:15.623-0400][69931.856s][info ][gc,heap     ] GC(369) Survivor regions: 2->2(33)
[2025-04-03T12:01:15.623-0400][69931.856s][info ][gc,heap     ] GC(369) Old regions: 191->191
[2025-04-03T12:01:15.623-0400][69931.856s][info ][gc,heap     ] GC(369) Archive regions: 0->0
[2025-04-03T12:01:15.623-0400][69931.856s][info ][gc,heap     ] GC(369) Humongous regions: 2->2
[2025-04-03T12:01:15.623-0400][69931.856s][info ][gc,metaspace] GC(369) Metaspace: 193893K(195520K)->193893K(195520K) NonClass: 170770K(171584K)->170770K(171584K) Class: 23123K(23936K)->23123K(23936K)
[2025-04-03T12:01:15.623-0400][69931.856s][info ][gc          ] GC(369) Pause Young (Normal) (G1 Evacuation Pause) 455M->193M(512M) 4.274ms
[2025-04-03T12:01:15.623-0400][69931.856s][info ][gc,cpu      ] GC(369) User=0.00s Sys=0.00s Real=0.00s
[2025-04-03T12:01:15.623-0400][69931.856s][info ][safepoint   ] Safepoint "G1CollectForAllocation", Time since last: 116157827100 ns, Reaching safepoint: 44100 ns, Cleanup: 2700 ns, At safepoint: 4348600 ns, Total: 4395400 ns
[2025-04-03T12:04:54.593-0400][70150.825s][debug][safepoint   ] Safepoint synchronization initiated using striped semaphore wait barrier. (238 threads)
[2025-04-03T12:04:54.593-0400][70150.825s][info ][gc,start    ] GC(370) Pause Young (Normal) (G1 Evacuation Pause)
[2025-04-03T12:04:54.593-0400][70150.825s][info ][gc,task     ] GC(370) Using 23 workers of 23 for evacuation
[2025-04-03T12:04:54.596-0400][70150.829s][info ][gc,phases   ] GC(370)   Pre Evacuate Collection Set: 0.1ms
[2025-04-03T12:04:54.596-0400][70150.829s][info ][gc,phases   ] GC(370)   Merge Heap Roots: 0.1ms
[2025-04-03T12:04:54.596-0400][70150.829s][info ][gc,phases   ] GC(370)   Evacuate Collection Set: 1.9ms
[2025-04-03T12:04:54.596-0400][70150.829s][info ][gc,phases   ] GC(370)   Post Evacuate Collection Set: 1.0ms
[2025-04-03T12:04:54.596-0400][70150.829s][info ][gc,phases   ] GC(370)   Other: 0.1ms
[2025-04-03T12:04:54.596-0400][70150.829s][info ][gc,heap     ] GC(370) Eden regions: 262->0(262)
[2025-04-03T12:04:54.596-0400][70150.829s][info ][gc,heap     ] GC(370) Survivor regions: 2->2(33)
[2025-04-03T12:04:54.596-0400][70150.829s][info ][gc,heap     ] GC(370) Old regions: 191->191
[2025-04-03T12:04:54.596-0400][70150.829s][info ][gc,heap     ] GC(370) Archive regions: 0->0
[2025-04-03T12:04:54.596-0400][70150.829s][info ][gc,heap     ] GC(370) Humongous regions: 2->2
[2025-04-03T12:04:54.596-0400][70150.829s][info ][gc,metaspace] GC(370) Metaspace: 193893K(195520K)->193893K(195520K) NonClass: 170770K(171584K)->170770K(171584K) Class: 23123K(23936K)->23123K(23936K)
[2025-04-03T12:04:54.596-0400][70150.829s][info ][gc          ] GC(370) Pause Young (Normal) (G1 Evacuation Pause) 455M->193M(512M) 3.182ms
[2025-04-03T12:04:54.596-0400][70150.829s][info ][gc,cpu      ] GC(370) User=0.02s Sys=0.00s Real=0.00s
[2025-04-03T12:04:54.596-0400][70150.829s][info ][safepoint   ] Safepoint "G1CollectForAllocation", Time since last: 218969453200 ns, Reaching safepoint: 52600 ns, Cleanup: 2200 ns, At safepoint: 3245900 ns, Total: 3300700 ns
[2025-04-03T12:08:34.811-0400][70371.043s][debug][safepoint   ] Safepoint synchronization initiated using striped semaphore wait barrier. (237 threads)
[2025-04-03T12:08:34.811-0400][70371.043s][info ][gc,start    ] GC(371) Pause Young (Normal) (G1 Evacuation Pause)
[2025-04-03T12:08:34.811-0400][70371.043s][info ][gc,task     ] GC(371) Using 23 workers of 23 for evacuation
[2025-04-03T12:08:34.814-0400][70371.047s][info ][gc,phases   ] GC(371)   Pre Evacuate Collection Set: 0.1ms
[2025-04-03T12:08:34.814-0400][70371.047s][info ][gc,phases   ] GC(371)   Merge Heap Roots: 0.1ms
[2025-04-03T12:08:34.814-0400][70371.047s][info ][gc,phases   ] GC(371)   Evacuate Collection Set: 1.9ms
[2025-04-03T12:08:34.814-0400][70371.047s][info ][gc,phases   ] GC(371)   Post Evacuate Collection Set: 1.3ms
[2025-04-03T12:08:34.814-0400][70371.047s][info ][gc,phases   ] GC(371)   Other: 0.1ms
[2025-04-03T12:08:34.814-0400][70371.047s][info ][gc,heap     ] GC(371) Eden regions: 262->0(262)
[2025-04-03T12:08:34.814-0400][70371.047s][info ][gc,heap     ] GC(371) Survivor regions: 2->2(33)
[2025-04-03T12:08:34.814-0400][70371.047s][info ][gc,heap     ] GC(371) Old regions: 191->191
[2025-04-03T12:08:34.814-0400][70371.047s][info ][gc,heap     ] GC(371) Archive regions: 0->0
[2025-04-03T12:08:34.814-0400][70371.047s][info ][gc,heap     ] GC(371) Humongous regions: 2->2
[2025-04-03T12:08:34.814-0400][70371.047s][info ][gc,metaspace] GC(371) Metaspace: 193893K(195520K)->193893K(195520K) NonClass: 170770K(171584K)->170770K(171584K) Class: 23123K(23936K)->23123K(23936K)
[2025-04-03T12:08:34.814-0400][70371.047s][info ][gc          ] GC(371) Pause Young (Normal) (G1 Evacuation Pause) 455M->193M(512M) 3.428ms
[2025-04-03T12:08:34.814-0400][70371.047s][info ][gc,cpu      ] GC(371) User=0.02s Sys=0.00s Real=0.00s
[2025-04-03T12:08:34.814-0400][70371.047s][info ][safepoint   ] Safepoint "G1CollectForAllocation", Time since last: 220214746500 ns, Reaching safepoint: 42400 ns, Cleanup: 2000 ns, At safepoint: 3479800 ns, Total: 3524200 ns
[2025-04-03T12:12:13.448-0400][70589.680s][debug][safepoint   ] Safepoint synchronization initiated using striped semaphore wait barrier. (238 threads)
[2025-04-03T12:12:13.448-0400][70589.680s][info ][gc,start    ] GC(372) Pause Young (Normal) (G1 Evacuation Pause)
[2025-04-03T12:12:13.448-0400][70589.680s][info ][gc,task     ] GC(372) Using 23 workers of 23 for evacuation
[2025-04-03T12:12:13.450-0400][70589.682s][info ][gc,phases   ] GC(372)   Pre Evacuate Collection Set: 0.2ms
[2025-04-03T12:12:13.450-0400][70589.682s][info ][gc,phases   ] GC(372)   Merge Heap Roots: 0.1ms
[2025-04-03T12:12:13.450-0400][70589.682s][info ][gc,phases   ] GC(372)   Evacuate Collection Set: 1.1ms
[2025-04-03T12:12:13.450-0400][70589.682s][info ][gc,phases   ] GC(372)   Post Evacuate Collection Set: 0.8ms
[2025-04-03T12:12:13.450-0400][70589.682s][info ][gc,phases   ] GC(372)   Other: 0.1ms
[2025-04-03T12:12:13.450-0400][70589.682s][info ][gc,heap     ] GC(372) Eden regions: 262->0(262)
[2025-04-03T12:12:13.450-0400][70589.682s][info ][gc,heap     ] GC(372) Survivor regions: 2->2(33)
[2025-04-03T12:12:13.450-0400][70589.682s][info ][gc,heap     ] GC(372) Old regions: 191->191
[2025-04-03T12:12:13.450-0400][70589.682s][info ][gc,heap     ] GC(372) Archive regions: 0->0
[2025-04-03T12:12:13.450-0400][70589.682s][info ][gc,heap     ] GC(372) Humongous regions: 2->2
[2025-04-03T12:12:13.450-0400][70589.682s][info ][gc,metaspace] GC(372) Metaspace: 193893K(195520K)->193893K(195520K) NonClass: 170770K(171584K)->170770K(171584K) Class: 23123K(23936K)->23123K(23936K)
[2025-04-03T12:12:13.450-0400][70589.682s][info ][gc          ] GC(372) Pause Young (Normal) (G1 Evacuation Pause) 455M->193M(512M) 2.387ms
[2025-04-03T12:12:13.450-0400][70589.682s][info ][gc,cpu      ] GC(372) User=0.00s Sys=0.00s Real=0.00s
[2025-04-03T12:12:13.450-0400][70589.682s][info ][safepoint   ] Safepoint "G1CollectForAllocation", Time since last: 218632888600 ns, Reaching safepoint: 39300 ns, Cleanup: 2500 ns, At safepoint: 2466000 ns, Total: 2507800 ns
[2025-04-03T12:12:14.451-0400][70590.683s][debug][safepoint   ] Safepoint synchronization initiated using striped semaphore wait barrier. (237 threads)
[2025-04-03T12:12:14.451-0400][70590.683s][info ][safepoint   ] Safepoint "Cleanup", Time since last: 1000392400 ns, Reaching safepoint: 74100 ns, Cleanup: 9700 ns, At safepoint: 1900 ns, Total: 85700 ns
[2025-04-03T12:15:52.456-0400][70808.688s][debug][safepoint   ] Safepoint synchronization initiated using striped semaphore wait barrier. (237 threads)
[2025-04-03T12:15:52.456-0400][70808.688s][info ][gc,start    ] GC(373) Pause Young (Normal) (G1 Evacuation Pause)
[2025-04-03T12:15:52.456-0400][70808.688s][info ][gc,task     ] GC(373) Using 23 workers of 23 for evacuation
[2025-04-03T12:15:52.459-0400][70808.691s][info ][gc,phases   ] GC(373)   Pre Evacuate Collection Set: 0.1ms
[2025-04-03T12:15:52.459-0400][70808.691s][info ][gc,phases   ] GC(373)   Merge Heap Roots: 0.1ms
[2025-04-03T12:15:52.459-0400][70808.691s][info ][gc,phases   ] GC(373)   Evacuate Collection Set: 2.1ms
[2025-04-03T12:15:52.459-0400][70808.691s][info ][gc,phases   ] GC(373)   Post Evacuate Collection Set: 1.1ms
[2025-04-03T12:15:52.459-0400][70808.691s][info ][gc,phases   ] GC(373)   Other: 0.1ms
[2025-04-03T12:15:52.459-0400][70808.691s][info ][gc,heap     ] GC(373) Eden regions: 262->0(262)
[2025-04-03T12:15:52.459-0400][70808.691s][info ][gc,heap     ] GC(373) Survivor regions: 2->2(33)
[2025-04-03T12:15:52.459-0400][70808.691s][info ][gc,heap     ] GC(373) Old regions: 191->191
[2025-04-03T12:15:52.459-0400][70808.691s][info ][gc,heap     ] GC(373) Archive regions: 0->0
[2025-04-03T12:15:52.459-0400][70808.691s][info ][gc,heap     ] GC(373) Humongous regions: 2->2
[2025-04-03T12:15:52.459-0400][70808.691s][info ][gc,metaspace] GC(373) Metaspace: 193893K(195520K)->193893K(195520K) NonClass: 170770K(171584K)->170770K(171584K) Class: 23123K(23936K)->23123K(23936K)
[2025-04-03T12:15:52.459-0400][70808.691s][info ][gc          ] GC(373) Pause Young (Normal) (G1 Evacuation Pause) 455M->193M(512M) 3.478ms
[2025-04-03T12:15:52.459-0400][70808.691s][info ][gc,cpu      ] GC(373) User=0.00s Sys=0.00s Real=0.00s
[2025-04-03T12:15:52.459-0400][70808.691s][info ][safepoint   ] Safepoint "G1CollectForAllocation", Time since last: 218005064100 ns, Reaching safepoint: 75200 ns, Cleanup: 2500 ns, At safepoint: 3532700 ns, Total: 3610400 ns
[2025-04-03T12:19:32.132-0400][71028.364s][debug][safepoint   ] Safepoint synchronization initiated using striped semaphore wait barrier. (240 threads)
[2025-04-03T12:19:32.132-0400][71028.364s][info ][gc,start    ] GC(374) Pause Young (Normal) (G1 Evacuation Pause)
[2025-04-03T12:19:32.132-0400][71028.364s][info ][gc,task     ] GC(374) Using 23 workers of 23 for evacuation
[2025-04-03T12:19:32.134-0400][71028.367s][info ][gc,phases   ] GC(374)   Pre Evacuate Collection Set: 0.1ms
[2025-04-03T12:19:32.134-0400][71028.367s][info ][gc,phases   ] GC(374)   Merge Heap Roots: 0.1ms
[2025-04-03T12:19:32.134-0400][71028.367s][info ][gc,phases   ] GC(374)   Evacuate Collection Set: 1.2ms
[2025-04-03T12:19:32.134-0400][71028.367s][info ][gc,phases   ] GC(374)   Post Evacuate Collection Set: 0.9ms
[2025-04-03T12:19:32.134-0400][71028.367s][info ][gc,phases   ] GC(374)   Other: 0.1ms
[2025-04-03T12:19:32.134-0400][71028.367s][info ][gc,heap     ] GC(374) Eden regions: 262->0(262)
[2025-04-03T12:19:32.134-0400][71028.367s][info ][gc,heap     ] GC(374) Survivor regions: 2->2(33)
[2025-04-03T12:19:32.134-0400][71028.367s][info ][gc,heap     ] GC(374) Old regions: 191->191
[2025-04-03T12:19:32.134-0400][71028.367s][info ][gc,heap     ] GC(374) Archive regions: 0->0
[2025-04-03T12:19:32.134-0400][71028.367s][info ][gc,heap     ] GC(374) Humongous regions: 2->2
[2025-04-03T12:19:32.134-0400][71028.367s][info ][gc,metaspace] GC(374) Metaspace: 193893K(195520K)->193893K(195520K) NonClass: 170770K(171584K)->170770K(171584K) Class: 23123K(23936K)->23123K(23936K)
[2025-04-03T12:19:32.135-0400][71028.367s][info ][gc          ] GC(374) Pause Young (Normal) (G1 Evacuation Pause) 455M->193M(512M) 2.467ms
[2025-04-03T12:19:32.135-0400][71028.367s][info ][gc,cpu      ] GC(374) User=0.00s Sys=0.00s Real=0.00s
[2025-04-03T12:19:32.135-0400][71028.367s][info ][safepoint   ] Safepoint "G1CollectForAllocation", Time since last: 219672616300 ns, Reaching safepoint: 42700 ns, Cleanup: 2700 ns, At safepoint: 2528700 ns, Total: 2574100 ns
[2025-04-03T12:23:07.489-0400][71243.721s][debug][safepoint   ] Safepoint synchronization initiated using striped semaphore wait barrier. (237 threads)
[2025-04-03T12:23:07.489-0400][71243.721s][info ][gc,start    ] GC(375) Pause Young (Normal) (G1 Evacuation Pause)
[2025-04-03T12:23:07.489-0400][71243.721s][info ][gc,task     ] GC(375) Using 23 workers of 23 for evacuation
[2025-04-03T12:23:07.493-0400][71243.726s][info ][gc,phases   ] GC(375)   Pre Evacuate Collection Set: 0.1ms
[2025-04-03T12:23:07.493-0400][71243.726s][info ][gc,phases   ] GC(375)   Merge Heap Roots: 0.1ms
[2025-04-03T12:23:07.493-0400][71243.726s][info ][gc,phases   ] GC(375)   Evacuate Collection Set: 3.2ms
[2025-04-03T12:23:07.493-0400][71243.726s][info ][gc,phases   ] GC(375)   Post Evacuate Collection Set: 1.1ms
[2025-04-03T12:23:07.493-0400][71243.726s][info ][gc,phases   ] GC(375)   Other: 0.1ms
[2025-04-03T12:23:07.493-0400][71243.726s][info ][gc,heap     ] GC(375) Eden regions: 262->0(262)
[2025-04-03T12:23:07.494-0400][71243.726s][info ][gc,heap     ] GC(375) Survivor regions: 2->2(33)
[2025-04-03T12:23:07.494-0400][71243.726s][info ][gc,heap     ] GC(375) Old regions: 191->191
[2025-04-03T12:23:07.494-0400][71243.726s][info ][gc,heap     ] GC(375) Archive regions: 0->0
[2025-04-03T12:23:07.494-0400][71243.726s][info ][gc,heap     ] GC(375) Humongous regions: 2->2
[2025-04-03T12:23:07.494-0400][71243.726s][info ][gc,metaspace] GC(375) Metaspace: 193893K(195520K)->193893K(195520K) NonClass: 170770K(171584K)->170770K(171584K) Class: 23123K(23936K)->23123K(23936K)
[2025-04-03T12:23:07.494-0400][71243.726s][info ][gc          ] GC(375) Pause Young (Normal) (G1 Evacuation Pause) 455M->193M(512M) 4.687ms
[2025-04-03T12:23:07.494-0400][71243.726s][info ][gc,cpu      ] GC(375) User=0.00s Sys=0.00s Real=0.00s
[2025-04-03T12:23:07.494-0400][71243.726s][info ][safepoint   ] Safepoint "G1CollectForAllocation", Time since last: 215354363700 ns, Reaching safepoint: 51800 ns, Cleanup: 2000 ns, At safepoint: 4756500 ns, Total: 4810300 ns
[2025-04-03T12:23:19.366-0400][71255.599s][debug][safepoint   ] Safepoint synchronization initiated using striped semaphore wait barrier. (238 threads)
[2025-04-03T12:23:19.366-0400][71255.599s][info ][safepoint   ] Safepoint "Cleanup", Time since last: 11872832300 ns, Reaching safepoint: 46000 ns, Cleanup: 7200 ns, At safepoint: 1700 ns, Total: 54900 ns
[2025-04-03T12:26:48.437-0400][71464.669s][debug][safepoint   ] Safepoint synchronization initiated using striped semaphore wait barrier. (235 threads)
[2025-04-03T12:26:48.437-0400][71464.669s][info ][gc,start    ] GC(376) Pause Young (Normal) (G1 Evacuation Pause)
[2025-04-03T12:26:48.437-0400][71464.669s][info ][gc,task     ] GC(376) Using 23 workers of 23 for evacuation
[2025-04-03T12:26:48.439-0400][71464.672s][info ][gc,phases   ] GC(376)   Pre Evacuate Collection Set: 0.2ms
[2025-04-03T12:26:48.439-0400][71464.672s][info ][gc,phases   ] GC(376)   Merge Heap Roots: 0.1ms
[2025-04-03T12:26:48.439-0400][71464.672s][info ][gc,phases   ] GC(376)   Evacuate Collection Set: 1.3ms
[2025-04-03T12:26:48.439-0400][71464.672s][info ][gc,phases   ] GC(376)   Post Evacuate Collection Set: 0.7ms
[2025-04-03T12:26:48.439-0400][71464.672s][info ][gc,phases   ] GC(376)   Other: 0.1ms
[2025-04-03T12:26:48.439-0400][71464.672s][info ][gc,heap     ] GC(376) Eden regions: 262->0(262)
[2025-04-03T12:26:48.439-0400][71464.672s][info ][gc,heap     ] GC(376) Survivor regions: 2->2(33)
[2025-04-03T12:26:48.439-0400][71464.672s][info ][gc,heap     ] GC(376) Old regions: 191->191
[2025-04-03T12:26:48.439-0400][71464.672s][info ][gc,heap     ] GC(376) Archive regions: 0->0
[2025-04-03T12:26:48.439-0400][71464.672s][info ][gc,heap     ] GC(376) Humongous regions: 2->2
[2025-04-03T12:26:48.439-0400][71464.672s][info ][gc,metaspace] GC(376) Metaspace: 193893K(195520K)->193893K(195520K) NonClass: 170770K(171584K)->170770K(171584K) Class: 23123K(23936K)->23123K(23936K)
[2025-04-03T12:26:48.439-0400][71464.672s][info ][gc          ] GC(376) Pause Young (Normal) (G1 Evacuation Pause) 455M->193M(512M) 2.414ms
[2025-04-03T12:26:48.439-0400][71464.672s][info ][gc,cpu      ] GC(376) User=0.05s Sys=0.00s Real=0.00s
[2025-04-03T12:26:48.439-0400][71464.672s][info ][safepoint   ] Safepoint "G1CollectForAllocation", Time since last: 209070455900 ns, Reaching safepoint: 84400 ns, Cleanup: 4500 ns, At safepoint: 2508500 ns, Total: 2597400 ns
[2025-04-03T12:30:28.308-0400][71684.540s][debug][safepoint   ] Safepoint synchronization initiated using striped semaphore wait barrier. (235 threads)
[2025-04-03T12:30:28.308-0400][71684.540s][info ][gc,start    ] GC(377) Pause Young (Normal) (G1 Evacuation Pause)
[2025-04-03T12:30:28.308-0400][71684.540s][info ][gc,task     ] GC(377) Using 23 workers of 23 for evacuation
[2025-04-03T12:30:28.311-0400][71684.543s][info ][gc,phases   ] GC(377)   Pre Evacuate Collection Set: 0.1ms
[2025-04-03T12:30:28.311-0400][71684.543s][info ][gc,phases   ] GC(377)   Merge Heap Roots: 0.1ms
[2025-04-03T12:30:28.311-0400][71684.543s][info ][gc,phases   ] GC(377)   Evacuate Collection Set: 1.3ms
[2025-04-03T12:30:28.311-0400][71684.543s][info ][gc,phases   ] GC(377)   Post Evacuate Collection Set: 1.1ms
[2025-04-03T12:30:28.311-0400][71684.543s][info ][gc,phases   ] GC(377)   Other: 0.1ms
[2025-04-03T12:30:28.311-0400][71684.543s][info ][gc,heap     ] GC(377) Eden regions: 262->0(262)
[2025-04-03T12:30:28.311-0400][71684.543s][info ][gc,heap     ] GC(377) Survivor regions: 2->2(33)
[2025-04-03T12:30:28.311-0400][71684.543s][info ][gc,heap     ] GC(377) Old regions: 191->191
[2025-04-03T12:30:28.311-0400][71684.543s][info ][gc,heap     ] GC(377) Archive regions: 0->0
[2025-04-03T12:30:28.311-0400][71684.543s][info ][gc,heap     ] GC(377) Humongous regions: 2->2
[2025-04-03T12:30:28.311-0400][71684.543s][info ][gc,metaspace] GC(377) Metaspace: 193893K(195520K)->193893K(195520K) NonClass: 170770K(171584K)->170770K(171584K) Class: 23123K(23936K)->23123K(23936K)
[2025-04-03T12:30:28.311-0400][71684.543s][info ][gc          ] GC(377) Pause Young (Normal) (G1 Evacuation Pause) 455M->193M(512M) 2.765ms
[2025-04-03T12:30:28.311-0400][71684.543s][info ][gc,cpu      ] GC(377) User=0.00s Sys=0.00s Real=0.00s
[2025-04-03T12:30:28.311-0400][71684.543s][info ][safepoint   ] Safepoint "G1CollectForAllocation", Time since last: 219868169500 ns, Reaching safepoint: 57900 ns, Cleanup: 4800 ns, At safepoint: 2835700 ns, Total: 2898400 ns
[2025-04-03T12:34:08.155-0400][71904.388s][debug][safepoint   ] Safepoint synchronization initiated using striped semaphore wait barrier. (235 threads)
[2025-04-03T12:34:08.155-0400][71904.388s][info ][gc,start    ] GC(378) Pause Young (Normal) (G1 Evacuation Pause)
[2025-04-03T12:34:08.155-0400][71904.388s][info ][gc,task     ] GC(378) Using 23 workers of 23 for evacuation
[2025-04-03T12:34:08.159-0400][71904.391s][info ][gc,phases   ] GC(378)   Pre Evacuate Collection Set: 0.1ms
[2025-04-03T12:34:08.159-0400][71904.391s][info ][gc,phases   ] GC(378)   Merge Heap Roots: 0.1ms
[2025-04-03T12:34:08.159-0400][71904.391s][info ][gc,phases   ] GC(378)   Evacuate Collection Set: 1.8ms
[2025-04-03T12:34:08.159-0400][71904.391s][info ][gc,phases   ] GC(378)   Post Evacuate Collection Set: 1.5ms
[2025-04-03T12:34:08.159-0400][71904.391s][info ][gc,phases   ] GC(378)   Other: 0.1ms
[2025-04-03T12:34:08.159-0400][71904.391s][info ][gc,heap     ] GC(378) Eden regions: 262->0(262)
[2025-04-03T12:34:08.159-0400][71904.391s][info ][gc,heap     ] GC(378) Survivor regions: 2->2(33)
[2025-04-03T12:34:08.159-0400][71904.391s][info ][gc,heap     ] GC(378) Old regions: 191->191
[2025-04-03T12:34:08.159-0400][71904.392s][info ][gc,heap     ] GC(378) Archive regions: 0->0
[2025-04-03T12:34:08.159-0400][71904.392s][info ][gc,heap     ] GC(378) Humongous regions: 2->2
[2025-04-03T12:34:08.159-0400][71904.392s][info ][gc,metaspace] GC(378) Metaspace: 193893K(195520K)->193893K(195520K) NonClass: 170770K(171584K)->170770K(171584K) Class: 23123K(23936K)->23123K(23936K)
[2025-04-03T12:34:08.159-0400][71904.392s][info ][gc          ] GC(378) Pause Young (Normal) (G1 Evacuation Pause) 455M->193M(512M) 3.797ms
[2025-04-03T12:34:08.159-0400][71904.392s][info ][gc,cpu      ] GC(378) User=0.02s Sys=0.00s Real=0.00s
[2025-04-03T12:34:08.159-0400][71904.392s][info ][safepoint   ] Safepoint "G1CollectForAllocation", Time since last: 219844775900 ns, Reaching safepoint: 73200 ns, Cleanup: 8700 ns, At safepoint: 3896100 ns, Total: 3978000 ns
[2025-04-03T12:36:12.848-0400][72029.080s][debug][safepoint   ] Safepoint synchronization initiated using striped semaphore wait barrier. (242 threads)
[2025-04-03T12:36:12.848-0400][72029.080s][info ][safepoint   ] Safepoint "Cleanup", Time since last: 124688344200 ns, Reaching safepoint: 63900 ns, Cleanup: 9000 ns, At safepoint: 1700 ns, Total: 74600 ns
[2025-04-03T12:37:48.970-0400][72125.202s][debug][safepoint   ] Safepoint synchronization initiated using striped semaphore wait barrier. (241 threads)
[2025-04-03T12:37:48.970-0400][72125.203s][info ][gc,start    ] GC(379) Pause Young (Normal) (G1 Evacuation Pause)
[2025-04-03T12:37:48.970-0400][72125.203s][info ][gc,task     ] GC(379) Using 23 workers of 23 for evacuation
[2025-04-03T12:37:48.973-0400][72125.206s][info ][gc,phases   ] GC(379)   Pre Evacuate Collection Set: 0.1ms
[2025-04-03T12:37:48.973-0400][72125.206s][info ][gc,phases   ] GC(379)   Merge Heap Roots: 0.1ms
[2025-04-03T12:37:48.973-0400][72125.206s][info ][gc,phases   ] GC(379)   Evacuate Collection Set: 1.4ms
[2025-04-03T12:37:48.973-0400][72125.206s][info ][gc,phases   ] GC(379)   Post Evacuate Collection Set: 1.3ms
[2025-04-03T12:37:48.973-0400][72125.206s][info ][gc,phases   ] GC(379)   Other: 0.1ms
[2025-04-03T12:37:48.973-0400][72125.206s][info ][gc,heap     ] GC(379) Eden regions: 262->0(262)
[2025-04-03T12:37:48.973-0400][72125.206s][info ][gc,heap     ] GC(379) Survivor regions: 2->2(33)
[2025-04-03T12:37:48.973-0400][72125.206s][info ][gc,heap     ] GC(379) Old regions: 191->191
[2025-04-03T12:37:48.973-0400][72125.206s][info ][gc,heap     ] GC(379) Archive regions: 0->0
[2025-04-03T12:37:48.973-0400][72125.206s][info ][gc,heap     ] GC(379) Humongous regions: 2->2
[2025-04-03T12:37:48.973-0400][72125.206s][info ][gc,metaspace] GC(379) Metaspace: 193899K(195520K)->193899K(195520K) NonClass: 170776K(171584K)->170776K(171584K) Class: 23123K(23936K)->23123K(23936K)
[2025-04-03T12:37:48.973-0400][72125.206s][info ][gc          ] GC(379) Pause Young (Normal) (G1 Evacuation Pause) 455M->193M(512M) 3.118ms
[2025-04-03T12:37:48.973-0400][72125.206s][info ][gc,cpu      ] GC(379) User=0.00s Sys=0.02s Real=0.00s
[2025-04-03T12:37:48.973-0400][72125.206s][info ][safepoint   ] Safepoint "G1CollectForAllocation", Time since last: 96122420800 ns, Reaching safepoint: 61800 ns, Cleanup: 3400 ns, At safepoint: 3195800 ns, Total: 3261000 ns
[2025-04-03T12:41:28.833-0400][72345.066s][debug][safepoint   ] Safepoint synchronization initiated using striped semaphore wait barrier. (241 threads)
[2025-04-03T12:41:28.833-0400][72345.066s][info ][gc,start    ] GC(380) Pause Young (Normal) (G1 Evacuation Pause)
[2025-04-03T12:41:28.833-0400][72345.066s][info ][gc,task     ] GC(380) Using 23 workers of 23 for evacuation
[2025-04-03T12:41:28.836-0400][72345.069s][info ][gc,phases   ] GC(380)   Pre Evacuate Collection Set: 0.1ms
[2025-04-03T12:41:28.836-0400][72345.069s][info ][gc,phases   ] GC(380)   Merge Heap Roots: 0.1ms
[2025-04-03T12:41:28.836-0400][72345.069s][info ][gc,phases   ] GC(380)   Evacuate Collection Set: 1.8ms
[2025-04-03T12:41:28.836-0400][72345.069s][info ][gc,phases   ] GC(380)   Post Evacuate Collection Set: 1.0ms
[2025-04-03T12:41:28.836-0400][72345.069s][info ][gc,phases   ] GC(380)   Other: 0.1ms
[2025-04-03T12:41:28.836-0400][72345.069s][info ][gc,heap     ] GC(380) Eden regions: 262->0(262)
[2025-04-03T12:41:28.836-0400][72345.069s][info ][gc,heap     ] GC(380) Survivor regions: 2->2(33)
[2025-04-03T12:41:28.836-0400][72345.069s][info ][gc,heap     ] GC(380) Old regions: 191->191
[2025-04-03T12:41:28.836-0400][72345.069s][info ][gc,heap     ] GC(380) Archive regions: 0->0
[2025-04-03T12:41:28.836-0400][72345.069s][info ][gc,heap     ] GC(380) Humongous regions: 2->2
[2025-04-03T12:41:28.836-0400][72345.069s][info ][gc,metaspace] GC(380) Metaspace: 193899K(195520K)->193899K(195520K) NonClass: 170776K(171584K)->170776K(171584K) Class: 23123K(23936K)->23123K(23936K)
[2025-04-03T12:41:28.836-0400][72345.069s][info ][gc          ] GC(380) Pause Young (Normal) (G1 Evacuation Pause) 455M->193M(512M) 3.294ms
[2025-04-03T12:41:28.836-0400][72345.069s][info ][gc,cpu      ] GC(380) User=0.00s Sys=0.00s Real=0.00s
[2025-04-03T12:41:28.836-0400][72345.069s][info ][safepoint   ] Safepoint "G1CollectForAllocation", Time since last: 219860004300 ns, Reaching safepoint: 61100 ns, Cleanup: 9000 ns, At safepoint: 3363000 ns, Total: 3433100 ns
[2025-04-03T12:41:30.838-0400][72347.070s][debug][safepoint   ] Safepoint synchronization initiated using striped semaphore wait barrier. (241 threads)
[2025-04-03T12:41:30.838-0400][72347.070s][info ][safepoint   ] Safepoint "Cleanup", Time since last: 2000694600 ns, Reaching safepoint: 64600 ns, Cleanup: 7800 ns, At safepoint: 1700 ns, Total: 74100 ns
[2025-04-03T12:45:10.501-0400][72566.733s][debug][safepoint   ] Safepoint synchronization initiated using striped semaphore wait barrier. (241 threads)
[2025-04-03T12:45:10.501-0400][72566.734s][info ][gc,start    ] GC(381) Pause Young (Normal) (G1 Evacuation Pause)
[2025-04-03T12:45:10.501-0400][72566.734s][info ][gc,task     ] GC(381) Using 23 workers of 23 for evacuation
[2025-04-03T12:45:10.503-0400][72566.736s][info ][gc,phases   ] GC(381)   Pre Evacuate Collection Set: 0.2ms
[2025-04-03T12:45:10.503-0400][72566.736s][info ][gc,phases   ] GC(381)   Merge Heap Roots: 0.1ms
[2025-04-03T12:45:10.503-0400][72566.736s][info ][gc,phases   ] GC(381)   Evacuate Collection Set: 1.0ms
[2025-04-03T12:45:10.503-0400][72566.736s][info ][gc,phases   ] GC(381)   Post Evacuate Collection Set: 1.1ms
[2025-04-03T12:45:10.503-0400][72566.736s][info ][gc,phases   ] GC(381)   Other: 0.1ms
[2025-04-03T12:45:10.503-0400][72566.736s][info ][gc,heap     ] GC(381) Eden regions: 262->0(262)
[2025-04-03T12:45:10.503-0400][72566.736s][info ][gc,heap     ] GC(381) Survivor regions: 2->2(33)
[2025-04-03T12:45:10.503-0400][72566.736s][info ][gc,heap     ] GC(381) Old regions: 191->191
[2025-04-03T12:45:10.503-0400][72566.736s][info ][gc,heap     ] GC(381) Archive regions: 0->0
[2025-04-03T12:45:10.503-0400][72566.736s][info ][gc,heap     ] GC(381) Humongous regions: 2->2
[2025-04-03T12:45:10.503-0400][72566.736s][info ][gc,metaspace] GC(381) Metaspace: 193899K(195520K)->193899K(195520K) NonClass: 170776K(171584K)->170776K(171584K) Class: 23123K(23936K)->23123K(23936K)
[2025-04-03T12:45:10.503-0400][72566.736s][info ][gc          ] GC(381) Pause Young (Normal) (G1 Evacuation Pause) 455M->193M(512M) 2.632ms
[2025-04-03T12:45:10.504-0400][72566.736s][info ][gc,cpu      ] GC(381) User=0.03s Sys=0.00s Real=0.00s
[2025-04-03T12:45:10.504-0400][72566.736s][info ][safepoint   ] Safepoint "G1CollectForAllocation", Time since last: 219663494200 ns, Reaching safepoint: 93800 ns, Cleanup: 3500 ns, At safepoint: 2743300 ns, Total: 2840600 ns
[2025-04-03T12:48:50.783-0400][72787.015s][debug][safepoint   ] Safepoint synchronization initiated using striped semaphore wait barrier. (241 threads)
[2025-04-03T12:48:50.783-0400][72787.015s][info ][gc,start    ] GC(382) Pause Young (Normal) (G1 Evacuation Pause)
[2025-04-03T12:48:50.783-0400][72787.015s][info ][gc,task     ] GC(382) Using 23 workers of 23 for evacuation
[2025-04-03T12:48:50.785-0400][72787.017s][info ][gc,phases   ] GC(382)   Pre Evacuate Collection Set: 0.1ms
[2025-04-03T12:48:50.785-0400][72787.017s][info ][gc,phases   ] GC(382)   Merge Heap Roots: 0.1ms
[2025-04-03T12:48:50.785-0400][72787.017s][info ][gc,phases   ] GC(382)   Evacuate Collection Set: 1.2ms
[2025-04-03T12:48:50.785-0400][72787.017s][info ][gc,phases   ] GC(382)   Post Evacuate Collection Set: 0.8ms
[2025-04-03T12:48:50.785-0400][72787.017s][info ][gc,phases   ] GC(382)   Other: 0.1ms
[2025-04-03T12:48:50.785-0400][72787.017s][info ][gc,heap     ] GC(382) Eden regions: 262->0(262)
[2025-04-03T12:48:50.785-0400][72787.017s][info ][gc,heap     ] GC(382) Survivor regions: 2->2(33)
[2025-04-03T12:48:50.785-0400][72787.017s][info ][gc,heap     ] GC(382) Old regions: 191->191
[2025-04-03T12:48:50.785-0400][72787.017s][info ][gc,heap     ] GC(382) Archive regions: 0->0
[2025-04-03T12:48:50.785-0400][72787.018s][info ][gc,heap     ] GC(382) Humongous regions: 2->2
[2025-04-03T12:48:50.785-0400][72787.018s][info ][gc,metaspace] GC(382) Metaspace: 193899K(195520K)->193899K(195520K) NonClass: 170776K(171584K)->170776K(171584K) Class: 23123K(23936K)->23123K(23936K)
[2025-04-03T12:48:50.785-0400][72787.018s][info ][gc          ] GC(382) Pause Young (Normal) (G1 Evacuation Pause) 455M->193M(512M) 2.453ms
[2025-04-03T12:48:50.785-0400][72787.018s][info ][gc,cpu      ] GC(382) User=0.02s Sys=0.00s Real=0.00s
[2025-04-03T12:48:50.785-0400][72787.018s][info ][safepoint   ] Safepoint "G1CollectForAllocation", Time since last: 220278719700 ns, Reaching safepoint: 68300 ns, Cleanup: 5300 ns, At safepoint: 2540600 ns, Total: 2614200 ns
[2025-04-03T12:52:26.012-0400][73002.244s][debug][safepoint   ] Safepoint synchronization initiated using striped semaphore wait barrier. (241 threads)
[2025-04-03T12:52:26.012-0400][73002.245s][info ][gc,start    ] GC(383) Pause Young (Normal) (G1 Evacuation Pause)
[2025-04-03T12:52:26.012-0400][73002.245s][info ][gc,task     ] GC(383) Using 23 workers of 23 for evacuation
[2025-04-03T12:52:26.016-0400][73002.249s][info ][gc,phases   ] GC(383)   Pre Evacuate Collection Set: 0.2ms
[2025-04-03T12:52:26.016-0400][73002.249s][info ][gc,phases   ] GC(383)   Merge Heap Roots: 0.1ms
[2025-04-03T12:52:26.016-0400][73002.249s][info ][gc,phases   ] GC(383)   Evacuate Collection Set: 3.0ms
[2025-04-03T12:52:26.016-0400][73002.249s][info ][gc,phases   ] GC(383)   Post Evacuate Collection Set: 1.3ms
[2025-04-03T12:52:26.016-0400][73002.249s][info ][gc,phases   ] GC(383)   Other: 0.1ms
[2025-04-03T12:52:26.016-0400][73002.249s][info ][gc,heap     ] GC(383) Eden regions: 262->0(262)
[2025-04-03T12:52:26.016-0400][73002.249s][info ][gc,heap     ] GC(383) Survivor regions: 2->2(33)
[2025-04-03T12:52:26.016-0400][73002.249s][info ][gc,heap     ] GC(383) Old regions: 191->191
[2025-04-03T12:52:26.016-0400][73002.249s][info ][gc,heap     ] GC(383) Archive regions: 0->0
[2025-04-03T12:52:26.016-0400][73002.249s][info ][gc,heap     ] GC(383) Humongous regions: 2->2
[2025-04-03T12:52:26.016-0400][73002.249s][info ][gc,metaspace] GC(383) Metaspace: 193899K(195520K)->193899K(195520K) NonClass: 170776K(171584K)->170776K(171584K) Class: 23123K(23936K)->23123K(23936K)
[2025-04-03T12:52:26.016-0400][73002.249s][info ][gc          ] GC(383) Pause Young (Normal) (G1 Evacuation Pause) 455M->193M(512M) 4.729ms
[2025-04-03T12:52:26.016-0400][73002.249s][info ][gc,cpu      ] GC(383) User=0.00s Sys=0.00s Real=0.00s
[2025-04-03T12:52:26.016-0400][73002.249s][info ][safepoint   ] Safepoint "G1CollectForAllocation", Time since last: 215226896000 ns, Reaching safepoint: 60500 ns, Cleanup: 2800 ns, At safepoint: 4819600 ns, Total: 4882900 ns
[2025-04-03T12:56:06.913-0400][73223.145s][debug][safepoint   ] Safepoint synchronization initiated using striped semaphore wait barrier. (241 threads)
[2025-04-03T12:56:06.913-0400][73223.145s][info ][gc,start    ] GC(384) Pause Young (Normal) (G1 Evacuation Pause)
[2025-04-03T12:56:06.913-0400][73223.145s][info ][gc,task     ] GC(384) Using 23 workers of 23 for evacuation
[2025-04-03T12:56:06.917-0400][73223.149s][info ][gc,phases   ] GC(384)   Pre Evacuate Collection Set: 0.1ms
[2025-04-03T12:56:06.917-0400][73223.149s][info ][gc,phases   ] GC(384)   Merge Heap Roots: 0.1ms
[2025-04-03T12:56:06.917-0400][73223.149s][info ][gc,phases   ] GC(384)   Evacuate Collection Set: 2.3ms
[2025-04-03T12:56:06.917-0400][73223.149s][info ][gc,phases   ] GC(384)   Post Evacuate Collection Set: 1.2ms
[2025-04-03T12:56:06.917-0400][73223.149s][info ][gc,phases   ] GC(384)   Other: 0.1ms
[2025-04-03T12:56:06.917-0400][73223.149s][info ][gc,heap     ] GC(384) Eden regions: 262->0(262)
[2025-04-03T12:56:06.917-0400][73223.149s][info ][gc,heap     ] GC(384) Survivor regions: 2->2(33)
[2025-04-03T12:56:06.917-0400][73223.149s][info ][gc,heap     ] GC(384) Old regions: 191->191
[2025-04-03T12:56:06.917-0400][73223.149s][info ][gc,heap     ] GC(384) Archive regions: 0->0
[2025-04-03T12:56:06.917-0400][73223.149s][info ][gc,heap     ] GC(384) Humongous regions: 2->2
[2025-04-03T12:56:06.917-0400][73223.149s][info ][gc,metaspace] GC(384) Metaspace: 193899K(195520K)->193899K(195520K) NonClass: 170776K(171584K)->170776K(171584K) Class: 23123K(23936K)->23123K(23936K)
[2025-04-03T12:56:06.917-0400][73223.149s][info ][gc          ] GC(384) Pause Young (Normal) (G1 Evacuation Pause) 455M->193M(512M) 3.877ms
[2025-04-03T12:56:06.917-0400][73223.149s][info ][gc,cpu      ] GC(384) User=0.00s Sys=0.00s Real=0.00s
[2025-04-03T12:56:06.917-0400][73223.149s][info ][safepoint   ] Safepoint "G1CollectForAllocation", Time since last: 220895422200 ns, Reaching safepoint: 97600 ns, Cleanup: 2100 ns, At safepoint: 3947100 ns, Total: 4046800 ns
[2025-04-03T12:59:46.891-0400][73443.124s][debug][safepoint   ] Safepoint synchronization initiated using striped semaphore wait barrier. (241 threads)
[2025-04-03T12:59:46.891-0400][73443.124s][info ][gc,start    ] GC(385) Pause Young (Normal) (G1 Evacuation Pause)
[2025-04-03T12:59:46.891-0400][73443.124s][info ][gc,task     ] GC(385) Using 23 workers of 23 for evacuation
[2025-04-03T12:59:46.895-0400][73443.127s][info ][gc,phases   ] GC(385)   Pre Evacuate Collection Set: 0.1ms
[2025-04-03T12:59:46.895-0400][73443.127s][info ][gc,phases   ] GC(385)   Merge Heap Roots: 0.1ms
[2025-04-03T12:59:46.895-0400][73443.127s][info ][gc,phases   ] GC(385)   Evacuate Collection Set: 2.4ms
[2025-04-03T12:59:46.895-0400][73443.127s][info ][gc,phases   ] GC(385)   Post Evacuate Collection Set: 1.1ms
[2025-04-03T12:59:46.895-0400][73443.127s][info ][gc,phases   ] GC(385)   Other: 0.1ms
[2025-04-03T12:59:46.895-0400][73443.127s][info ][gc,heap     ] GC(385) Eden regions: 262->0(262)
[2025-04-03T12:59:46.895-0400][73443.127s][info ][gc,heap     ] GC(385) Survivor regions: 2->2(33)
[2025-04-03T12:59:46.895-0400][73443.127s][info ][gc,heap     ] GC(385) Old regions: 191->191
[2025-04-03T12:59:46.895-0400][73443.127s][info ][gc,heap     ] GC(385) Archive regions: 0->0
[2025-04-03T12:59:46.895-0400][73443.127s][info ][gc,heap     ] GC(385) Humongous regions: 2->2
[2025-04-03T12:59:46.895-0400][73443.127s][info ][gc,metaspace] GC(385) Metaspace: 193899K(195520K)->193899K(195520K) NonClass: 170776K(171584K)->170776K(171584K) Class: 23123K(23936K)->23123K(23936K)
[2025-04-03T12:59:46.895-0400][73443.128s][info ][gc          ] GC(385) Pause Young (Normal) (G1 Evacuation Pause) 455M->193M(512M) 3.851ms
[2025-04-03T12:59:46.895-0400][73443.128s][info ][gc,cpu      ] GC(385) User=0.02s Sys=0.00s Real=0.00s
[2025-04-03T12:59:46.895-0400][73443.128s][info ][safepoint   ] Safepoint "G1CollectForAllocation", Time since last: 219974725700 ns, Reaching safepoint: 60100 ns, Cleanup: 4200 ns, At safepoint: 3939200 ns, Total: 4003500 ns
[2025-04-03T13:03:28.065-0400][73664.297s][debug][safepoint   ] Safepoint synchronization initiated using striped semaphore wait barrier. (241 threads)
[2025-04-03T13:03:28.065-0400][73664.298s][info ][gc,start    ] GC(386) Pause Young (Normal) (G1 Evacuation Pause)
[2025-04-03T13:03:28.065-0400][73664.298s][info ][gc,task     ] GC(386) Using 23 workers of 23 for evacuation
[2025-04-03T13:03:28.069-0400][73664.302s][info ][gc,phases   ] GC(386)   Pre Evacuate Collection Set: 0.1ms
[2025-04-03T13:03:28.069-0400][73664.302s][info ][gc,phases   ] GC(386)   Merge Heap Roots: 0.1ms
[2025-04-03T13:03:28.069-0400][73664.302s][info ][gc,phases   ] GC(386)   Evacuate Collection Set: 2.9ms
[2025-04-03T13:03:28.069-0400][73664.302s][info ][gc,phases   ] GC(386)   Post Evacuate Collection Set: 1.2ms
[2025-04-03T13:03:28.069-0400][73664.302s][info ][gc,phases   ] GC(386)   Other: 0.1ms
[2025-04-03T13:03:28.069-0400][73664.302s][info ][gc,heap     ] GC(386) Eden regions: 262->0(262)
[2025-04-03T13:03:28.069-0400][73664.302s][info ][gc,heap     ] GC(386) Survivor regions: 2->2(33)
[2025-04-03T13:03:28.069-0400][73664.302s][info ][gc,heap     ] GC(386) Old regions: 191->191
[2025-04-03T13:03:28.069-0400][73664.302s][info ][gc,heap     ] GC(386) Archive regions: 0->0
[2025-04-03T13:03:28.069-0400][73664.302s][info ][gc,heap     ] GC(386) Humongous regions: 2->2
[2025-04-03T13:03:28.069-0400][73664.302s][info ][gc,metaspace] GC(386) Metaspace: 193899K(195520K)->193899K(195520K) NonClass: 170776K(171584K)->170776K(171584K) Class: 23123K(23936K)->23123K(23936K)
[2025-04-03T13:03:28.069-0400][73664.302s][info ][gc          ] GC(386) Pause Young (Normal) (G1 Evacuation Pause) 455M->193M(512M) 4.489ms
[2025-04-03T13:03:28.069-0400][73664.302s][info ][gc,cpu      ] GC(386) User=0.00s Sys=0.00s Real=0.00s
[2025-04-03T13:03:28.069-0400][73664.302s][info ][safepoint   ] Safepoint "G1CollectForAllocation", Time since last: 221169910100 ns, Reaching safepoint: 102300 ns, Cleanup: 5100 ns, At safepoint: 4552600 ns, Total: 4660000 ns
[2025-04-03T13:07:07.951-0400][73884.183s][debug][safepoint   ] Safepoint synchronization initiated using striped semaphore wait barrier. (241 threads)
[2025-04-03T13:07:07.951-0400][73884.183s][info ][gc,start    ] GC(387) Pause Young (Normal) (G1 Evacuation Pause)
[2025-04-03T13:07:07.951-0400][73884.183s][info ][gc,task     ] GC(387) Using 23 workers of 23 for evacuation
[2025-04-03T13:07:07.954-0400][73884.186s][info ][gc,phases   ] GC(387)   Pre Evacuate Collection Set: 0.1ms
[2025-04-03T13:07:07.954-0400][73884.186s][info ][gc,phases   ] GC(387)   Merge Heap Roots: 0.1ms
[2025-04-03T13:07:07.954-0400][73884.186s][info ][gc,phases   ] GC(387)   Evacuate Collection Set: 1.4ms
[2025-04-03T13:07:07.954-0400][73884.186s][info ][gc,phases   ] GC(387)   Post Evacuate Collection Set: 1.0ms
[2025-04-03T13:07:07.954-0400][73884.186s][info ][gc,phases   ] GC(387)   Other: 0.1ms
[2025-04-03T13:07:07.954-0400][73884.186s][info ][gc,heap     ] GC(387) Eden regions: 262->0(262)
[2025-04-03T13:07:07.954-0400][73884.186s][info ][gc,heap     ] GC(387) Survivor regions: 2->2(33)
[2025-04-03T13:07:07.954-0400][73884.186s][info ][gc,heap     ] GC(387) Old regions: 191->191
[2025-04-03T13:07:07.954-0400][73884.186s][info ][gc,heap     ] GC(387) Archive regions: 0->0
[2025-04-03T13:07:07.954-0400][73884.186s][info ][gc,heap     ] GC(387) Humongous regions: 2->2
[2025-04-03T13:07:07.954-0400][73884.186s][info ][gc,metaspace] GC(387) Metaspace: 193899K(195520K)->193899K(195520K) NonClass: 170776K(171584K)->170776K(171584K) Class: 23123K(23936K)->23123K(23936K)
[2025-04-03T13:07:07.954-0400][73884.186s][info ][gc          ] GC(387) Pause Young (Normal) (G1 Evacuation Pause) 455M->193M(512M) 2.788ms
[2025-04-03T13:07:07.954-0400][73884.186s][info ][gc,cpu      ] GC(387) User=0.00s Sys=0.00s Real=0.00s
[2025-04-03T13:07:07.954-0400][73884.186s][info ][safepoint   ] Safepoint "G1CollectForAllocation", Time since last: 219880886700 ns, Reaching safepoint: 78300 ns, Cleanup: 3100 ns, At safepoint: 2867500 ns, Total: 2948900 ns
[2025-04-03T13:10:47.128-0400][74103.361s][debug][safepoint   ] Safepoint synchronization initiated using striped semaphore wait barrier. (241 threads)
[2025-04-03T13:10:47.128-0400][74103.361s][info ][gc,start    ] GC(388) Pause Young (Normal) (G1 Evacuation Pause)
[2025-04-03T13:10:47.128-0400][74103.361s][info ][gc,task     ] GC(388) Using 23 workers of 23 for evacuation
[2025-04-03T13:10:47.131-0400][74103.364s][info ][gc,phases   ] GC(388)   Pre Evacuate Collection Set: 0.3ms
[2025-04-03T13:10:47.131-0400][74103.364s][info ][gc,phases   ] GC(388)   Merge Heap Roots: 0.2ms
[2025-04-03T13:10:47.131-0400][74103.364s][info ][gc,phases   ] GC(388)   Evacuate Collection Set: 1.4ms
[2025-04-03T13:10:47.131-0400][74103.364s][info ][gc,phases   ] GC(388)   Post Evacuate Collection Set: 1.4ms
[2025-04-03T13:10:47.131-0400][74103.364s][info ][gc,phases   ] GC(388)   Other: 0.2ms
[2025-04-03T13:10:47.131-0400][74103.364s][info ][gc,heap     ] GC(388) Eden regions: 262->0(262)
[2025-04-03T13:10:47.131-0400][74103.364s][info ][gc,heap     ] GC(388) Survivor regions: 2->2(33)
[2025-04-03T13:10:47.131-0400][74103.364s][info ][gc,heap     ] GC(388) Old regions: 191->191
[2025-04-03T13:10:47.131-0400][74103.364s][info ][gc,heap     ] GC(388) Archive regions: 0->0
[2025-04-03T13:10:47.131-0400][74103.364s][info ][gc,heap     ] GC(388) Humongous regions: 2->2
[2025-04-03T13:10:47.131-0400][74103.364s][info ][gc,metaspace] GC(388) Metaspace: 193899K(195520K)->193899K(195520K) NonClass: 170776K(171584K)->170776K(171584K) Class: 23123K(23936K)->23123K(23936K)
[2025-04-03T13:10:47.131-0400][74103.364s][info ][gc          ] GC(388) Pause Young (Normal) (G1 Evacuation Pause) 455M->193M(512M) 3.517ms
[2025-04-03T13:10:47.131-0400][74103.364s][info ][gc,cpu      ] GC(388) User=0.00s Sys=0.00s Real=0.00s
[2025-04-03T13:10:47.131-0400][74103.364s][info ][safepoint   ] Safepoint "G1CollectForAllocation", Time since last: 219174656600 ns, Reaching safepoint: 71100 ns, Cleanup: 13300 ns, At safepoint: 3609800 ns, Total: 3694200 ns
[2025-04-03T13:14:27.684-0400][74323.916s][debug][safepoint   ] Safepoint synchronization initiated using striped semaphore wait barrier. (241 threads)
[2025-04-03T13:14:27.684-0400][74323.917s][info ][gc,start    ] GC(389) Pause Young (Normal) (G1 Evacuation Pause)
[2025-04-03T13:14:27.684-0400][74323.917s][info ][gc,task     ] GC(389) Using 23 workers of 23 for evacuation
[2025-04-03T13:14:27.688-0400][74323.921s][info ][gc,phases   ] GC(389)   Pre Evacuate Collection Set: 0.2ms
[2025-04-03T13:14:27.688-0400][74323.921s][info ][gc,phases   ] GC(389)   Merge Heap Roots: 0.1ms
[2025-04-03T13:14:27.688-0400][74323.921s][info ][gc,phases   ] GC(389)   Evacuate Collection Set: 2.4ms
[2025-04-03T13:14:27.688-0400][74323.921s][info ][gc,phases   ] GC(389)   Post Evacuate Collection Set: 1.3ms
[2025-04-03T13:14:27.688-0400][74323.921s][info ][gc,phases   ] GC(389)   Other: 0.1ms
[2025-04-03T13:14:27.688-0400][74323.921s][info ][gc,heap     ] GC(389) Eden regions: 262->0(262)
[2025-04-03T13:14:27.688-0400][74323.921s][info ][gc,heap     ] GC(389) Survivor regions: 2->2(33)
[2025-04-03T13:14:27.688-0400][74323.921s][info ][gc,heap     ] GC(389) Old regions: 191->191
[2025-04-03T13:14:27.688-0400][74323.921s][info ][gc,heap     ] GC(389) Archive regions: 0->0
[2025-04-03T13:14:27.688-0400][74323.921s][info ][gc,heap     ] GC(389) Humongous regions: 2->2
[2025-04-03T13:14:27.688-0400][74323.921s][info ][gc,metaspace] GC(389) Metaspace: 193899K(195520K)->193899K(195520K) NonClass: 170776K(171584K)->170776K(171584K) Class: 23123K(23936K)->23123K(23936K)
[2025-04-03T13:14:27.688-0400][74323.921s][info ][gc          ] GC(389) Pause Young (Normal) (G1 Evacuation Pause) 455M->193M(512M) 4.131ms
[2025-04-03T13:14:27.688-0400][74323.921s][info ][gc,cpu      ] GC(389) User=0.00s Sys=0.00s Real=0.00s
[2025-04-03T13:14:27.688-0400][74323.921s][info ][safepoint   ] Safepoint "G1CollectForAllocation", Time since last: 220552120000 ns, Reaching safepoint: 57700 ns, Cleanup: 3800 ns, At safepoint: 4208300 ns, Total: 4269800 ns
[2025-04-03T13:18:06.622-0400][74542.854s][debug][safepoint   ] Safepoint synchronization initiated using striped semaphore wait barrier. (241 threads)
[2025-04-03T13:18:06.622-0400][74542.854s][info ][gc,start    ] GC(390) Pause Young (Normal) (G1 Evacuation Pause)
[2025-04-03T13:18:06.622-0400][74542.854s][info ][gc,task     ] GC(390) Using 23 workers of 23 for evacuation
[2025-04-03T13:18:06.626-0400][74542.858s][info ][gc,phases   ] GC(390)   Pre Evacuate Collection Set: 0.3ms
[2025-04-03T13:18:06.626-0400][74542.858s][info ][gc,phases   ] GC(390)   Merge Heap Roots: 0.1ms
[2025-04-03T13:18:06.626-0400][74542.858s][info ][gc,phases   ] GC(390)   Evacuate Collection Set: 2.0ms
[2025-04-03T13:18:06.626-0400][74542.858s][info ][gc,phases   ] GC(390)   Post Evacuate Collection Set: 1.3ms
[2025-04-03T13:18:06.626-0400][74542.858s][info ][gc,phases   ] GC(390)   Other: 0.1ms
[2025-04-03T13:18:06.626-0400][74542.858s][info ][gc,heap     ] GC(390) Eden regions: 262->0(262)
[2025-04-03T13:18:06.626-0400][74542.858s][info ][gc,heap     ] GC(390) Survivor regions: 2->2(33)
[2025-04-03T13:18:06.626-0400][74542.858s][info ][gc,heap     ] GC(390) Old regions: 191->191
[2025-04-03T13:18:06.626-0400][74542.858s][info ][gc,heap     ] GC(390) Archive regions: 0->0
[2025-04-03T13:18:06.626-0400][74542.858s][info ][gc,heap     ] GC(390) Humongous regions: 2->2
[2025-04-03T13:18:06.626-0400][74542.858s][info ][gc,metaspace] GC(390) Metaspace: 193899K(195520K)->193899K(195520K) NonClass: 170776K(171584K)->170776K(171584K) Class: 23123K(23936K)->23123K(23936K)
[2025-04-03T13:18:06.626-0400][74542.858s][info ][gc          ] GC(390) Pause Young (Normal) (G1 Evacuation Pause) 455M->193M(512M) 3.870ms
[2025-04-03T13:18:06.626-0400][74542.858s][info ][gc,cpu      ] GC(390) User=0.00s Sys=0.00s Real=0.00s
[2025-04-03T13:18:06.626-0400][74542.858s][info ][safepoint   ] Safepoint "G1CollectForAllocation", Time since last: 218933203400 ns, Reaching safepoint: 104400 ns, Cleanup: 3300 ns, At safepoint: 3959700 ns, Total: 4067400 ns
[2025-04-03T13:21:42.803-0400][74759.036s][debug][safepoint   ] Safepoint synchronization initiated using striped semaphore wait barrier. (241 threads)
[2025-04-03T13:21:42.803-0400][74759.036s][info ][gc,start    ] GC(391) Pause Young (Normal) (G1 Evacuation Pause)
[2025-04-03T13:21:42.803-0400][74759.036s][info ][gc,task     ] GC(391) Using 23 workers of 23 for evacuation
[2025-04-03T13:21:42.807-0400][74759.039s][info ][gc,phases   ] GC(391)   Pre Evacuate Collection Set: 0.2ms
[2025-04-03T13:21:42.807-0400][74759.040s][info ][gc,phases   ] GC(391)   Merge Heap Roots: 0.2ms
[2025-04-03T13:21:42.807-0400][74759.040s][info ][gc,phases   ] GC(391)   Evacuate Collection Set: 2.1ms
[2025-04-03T13:21:42.807-0400][74759.040s][info ][gc,phases   ] GC(391)   Post Evacuate Collection Set: 1.1ms
[2025-04-03T13:21:42.807-0400][74759.040s][info ][gc,phases   ] GC(391)   Other: 0.1ms
[2025-04-03T13:21:42.807-0400][74759.040s][info ][gc,heap     ] GC(391) Eden regions: 262->0(262)
[2025-04-03T13:21:42.807-0400][74759.040s][info ][gc,heap     ] GC(391) Survivor regions: 2->2(33)
[2025-04-03T13:21:42.807-0400][74759.040s][info ][gc,heap     ] GC(391) Old regions: 191->191
[2025-04-03T13:21:42.807-0400][74759.040s][info ][gc,heap     ] GC(391) Archive regions: 0->0
[2025-04-03T13:21:42.807-0400][74759.040s][info ][gc,heap     ] GC(391) Humongous regions: 2->2
[2025-04-03T13:21:42.807-0400][74759.040s][info ][gc,metaspace] GC(391) Metaspace: 193899K(195520K)->193899K(195520K) NonClass: 170776K(171584K)->170776K(171584K) Class: 23123K(23936K)->23123K(23936K)
[2025-04-03T13:21:42.807-0400][74759.040s][info ][gc          ] GC(391) Pause Young (Normal) (G1 Evacuation Pause) 455M->193M(512M) 3.740ms
[2025-04-03T13:21:42.807-0400][74759.040s][info ][gc,cpu      ] GC(391) User=0.00s Sys=0.00s Real=0.00s
[2025-04-03T13:21:42.807-0400][74759.040s][info ][safepoint   ] Safepoint "G1CollectForAllocation", Time since last: 216177751100 ns, Reaching safepoint: 75000 ns, Cleanup: 3400 ns, At safepoint: 3854800 ns, Total: 3933200 ns
[2025-04-03T13:25:20.867-0400][74977.099s][debug][safepoint   ] Safepoint synchronization initiated using striped semaphore wait barrier. (241 threads)
[2025-04-03T13:25:20.867-0400][74977.099s][info ][gc,start    ] GC(392) Pause Young (Normal) (G1 Evacuation Pause)
[2025-04-03T13:25:20.867-0400][74977.099s][info ][gc,task     ] GC(392) Using 23 workers of 23 for evacuation
[2025-04-03T13:25:20.870-0400][74977.103s][info ][gc,phases   ] GC(392)   Pre Evacuate Collection Set: 0.1ms
[2025-04-03T13:25:20.870-0400][74977.103s][info ][gc,phases   ] GC(392)   Merge Heap Roots: 0.1ms
[2025-04-03T13:25:20.870-0400][74977.103s][info ][gc,phases   ] GC(392)   Evacuate Collection Set: 2.3ms
[2025-04-03T13:25:20.870-0400][74977.103s][info ][gc,phases   ] GC(392)   Post Evacuate Collection Set: 1.0ms
[2025-04-03T13:25:20.870-0400][74977.103s][info ][gc,phases   ] GC(392)   Other: 0.1ms
[2025-04-03T13:25:20.871-0400][74977.103s][info ][gc,heap     ] GC(392) Eden regions: 262->0(262)
[2025-04-03T13:25:20.871-0400][74977.103s][info ][gc,heap     ] GC(392) Survivor regions: 2->2(33)
[2025-04-03T13:25:20.871-0400][74977.103s][info ][gc,heap     ] GC(392) Old regions: 191->191
[2025-04-03T13:25:20.871-0400][74977.103s][info ][gc,heap     ] GC(392) Archive regions: 0->0
[2025-04-03T13:25:20.871-0400][74977.103s][info ][gc,heap     ] GC(392) Humongous regions: 2->2
[2025-04-03T13:25:20.871-0400][74977.103s][info ][gc,metaspace] GC(392) Metaspace: 193899K(195520K)->193899K(195520K) NonClass: 170776K(171584K)->170776K(171584K) Class: 23123K(23936K)->23123K(23936K)
[2025-04-03T13:25:20.871-0400][74977.103s][info ][gc          ] GC(392) Pause Young (Normal) (G1 Evacuation Pause) 455M->193M(512M) 3.645ms
[2025-04-03T13:25:20.871-0400][74977.103s][info ][gc,cpu      ] GC(392) User=0.00s Sys=0.00s Real=0.00s
[2025-04-03T13:25:20.871-0400][74977.103s][info ][safepoint   ] Safepoint "G1CollectForAllocation", Time since last: 218059318800 ns, Reaching safepoint: 49000 ns, Cleanup: 2100 ns, At safepoint: 3707500 ns, Total: 3758600 ns
[2025-04-03T13:28:59.153-0400][75195.385s][debug][safepoint   ] Safepoint synchronization initiated using striped semaphore wait barrier. (242 threads)
[2025-04-03T13:28:59.153-0400][75195.385s][info ][gc,start    ] GC(393) Pause Young (Normal) (G1 Evacuation Pause)
[2025-04-03T13:28:59.153-0400][75195.385s][info ][gc,task     ] GC(393) Using 23 workers of 23 for evacuation
[2025-04-03T13:28:59.156-0400][75195.389s][info ][gc,phases   ] GC(393)   Pre Evacuate Collection Set: 0.1ms
[2025-04-03T13:28:59.156-0400][75195.389s][info ][gc,phases   ] GC(393)   Merge Heap Roots: 0.1ms
[2025-04-03T13:28:59.156-0400][75195.389s][info ][gc,phases   ] GC(393)   Evacuate Collection Set: 2.0ms
[2025-04-03T13:28:59.156-0400][75195.389s][info ][gc,phases   ] GC(393)   Post Evacuate Collection Set: 1.2ms
[2025-04-03T13:28:59.156-0400][75195.389s][info ][gc,phases   ] GC(393)   Other: 0.1ms
[2025-04-03T13:28:59.156-0400][75195.389s][info ][gc,heap     ] GC(393) Eden regions: 262->0(262)
[2025-04-03T13:28:59.156-0400][75195.389s][info ][gc,heap     ] GC(393) Survivor regions: 2->2(33)
[2025-04-03T13:28:59.156-0400][75195.389s][info ][gc,heap     ] GC(393) Old regions: 191->191
[2025-04-03T13:28:59.156-0400][75195.389s][info ][gc,heap     ] GC(393) Archive regions: 0->0
[2025-04-03T13:28:59.156-0400][75195.389s][info ][gc,heap     ] GC(393) Humongous regions: 2->2
[2025-04-03T13:28:59.156-0400][75195.389s][info ][gc,metaspace] GC(393) Metaspace: 193899K(195520K)->193899K(195520K) NonClass: 170776K(171584K)->170776K(171584K) Class: 23123K(23936K)->23123K(23936K)
[2025-04-03T13:28:59.156-0400][75195.389s][info ][gc          ] GC(393) Pause Young (Normal) (G1 Evacuation Pause) 455M->193M(512M) 3.518ms
[2025-04-03T13:28:59.156-0400][75195.389s][info ][gc,cpu      ] GC(393) User=0.00s Sys=0.00s Real=0.00s
[2025-04-03T13:28:59.156-0400][75195.389s][info ][safepoint   ] Safepoint "G1CollectForAllocation", Time since last: 218282655200 ns, Reaching safepoint: 41300 ns, Cleanup: 2400 ns, At safepoint: 3568300 ns, Total: 3612000 ns
[2025-04-03T13:32:39.467-0400][75415.699s][debug][safepoint   ] Safepoint synchronization initiated using striped semaphore wait barrier. (242 threads)
[2025-04-03T13:32:39.467-0400][75415.699s][info ][gc,start    ] GC(394) Pause Young (Normal) (G1 Evacuation Pause)
[2025-04-03T13:32:39.467-0400][75415.699s][info ][gc,task     ] GC(394) Using 23 workers of 23 for evacuation
[2025-04-03T13:32:39.470-0400][75415.702s][info ][gc,phases   ] GC(394)   Pre Evacuate Collection Set: 0.1ms
[2025-04-03T13:32:39.470-0400][75415.702s][info ][gc,phases   ] GC(394)   Merge Heap Roots: 0.1ms
[2025-04-03T13:32:39.470-0400][75415.702s][info ][gc,phases   ] GC(394)   Evacuate Collection Set: 2.0ms
[2025-04-03T13:32:39.470-0400][75415.702s][info ][gc,phases   ] GC(394)   Post Evacuate Collection Set: 1.0ms
[2025-04-03T13:32:39.470-0400][75415.702s][info ][gc,phases   ] GC(394)   Other: 0.1ms
[2025-04-03T13:32:39.470-0400][75415.702s][info ][gc,heap     ] GC(394) Eden regions: 262->0(262)
[2025-04-03T13:32:39.470-0400][75415.702s][info ][gc,heap     ] GC(394) Survivor regions: 2->2(33)
[2025-04-03T13:32:39.470-0400][75415.702s][info ][gc,heap     ] GC(394) Old regions: 191->191
[2025-04-03T13:32:39.470-0400][75415.702s][info ][gc,heap     ] GC(394) Archive regions: 0->0
[2025-04-03T13:32:39.470-0400][75415.702s][info ][gc,heap     ] GC(394) Humongous regions: 2->2
[2025-04-03T13:32:39.470-0400][75415.702s][info ][gc,metaspace] GC(394) Metaspace: 193899K(195520K)->193899K(195520K) NonClass: 170776K(171584K)->170776K(171584K) Class: 23123K(23936K)->23123K(23936K)
[2025-04-03T13:32:39.470-0400][75415.702s][info ][gc          ] GC(394) Pause Young (Normal) (G1 Evacuation Pause) 455M->193M(512M) 3.279ms
[2025-04-03T13:32:39.470-0400][75415.702s][info ][gc,cpu      ] GC(394) User=0.00s Sys=0.00s Real=0.00s
[2025-04-03T13:32:39.470-0400][75415.702s][info ][safepoint   ] Safepoint "G1CollectForAllocation", Time since last: 220309859500 ns, Reaching safepoint: 80700 ns, Cleanup: 17700 ns, At safepoint: 3335600 ns, Total: 3434000 ns
[2025-04-03T13:36:12.473-0400][75628.705s][debug][safepoint   ] Safepoint synchronization initiated using striped semaphore wait barrier. (243 threads)
[2025-04-03T13:36:12.473-0400][75628.705s][info ][safepoint   ] Safepoint "Cleanup", Time since last: 213003094600 ns, Reaching safepoint: 54400 ns, Cleanup: 9400 ns, At safepoint: 1700 ns, Total: 65500 ns
[2025-04-03T13:36:17.321-0400][75633.553s][debug][safepoint   ] Safepoint synchronization initiated using striped semaphore wait barrier. (243 threads)
[2025-04-03T13:36:17.321-0400][75633.554s][info ][gc,start    ] GC(395) Pause Young (Normal) (G1 Evacuation Pause)
[2025-04-03T13:36:17.321-0400][75633.554s][info ][gc,task     ] GC(395) Using 23 workers of 23 for evacuation
[2025-04-03T13:36:17.325-0400][75633.558s][info ][gc,phases   ] GC(395)   Pre Evacuate Collection Set: 0.1ms
[2025-04-03T13:36:17.325-0400][75633.558s][info ][gc,phases   ] GC(395)   Merge Heap Roots: 0.1ms
[2025-04-03T13:36:17.325-0400][75633.558s][info ][gc,phases   ] GC(395)   Evacuate Collection Set: 2.6ms
[2025-04-03T13:36:17.325-0400][75633.558s][info ][gc,phases   ] GC(395)   Post Evacuate Collection Set: 1.7ms
[2025-04-03T13:36:17.325-0400][75633.558s][info ][gc,phases   ] GC(395)   Other: 0.1ms
[2025-04-03T13:36:17.325-0400][75633.558s][info ][gc,heap     ] GC(395) Eden regions: 262->0(262)
[2025-04-03T13:36:17.325-0400][75633.558s][info ][gc,heap     ] GC(395) Survivor regions: 2->2(33)
[2025-04-03T13:36:17.325-0400][75633.558s][info ][gc,heap     ] GC(395) Old regions: 191->191
[2025-04-03T13:36:17.325-0400][75633.558s][info ][gc,heap     ] GC(395) Archive regions: 0->0
[2025-04-03T13:36:17.325-0400][75633.558s][info ][gc,heap     ] GC(395) Humongous regions: 2->2
[2025-04-03T13:36:17.325-0400][75633.558s][info ][gc,metaspace] GC(395) Metaspace: 193906K(195520K)->193906K(195520K) NonClass: 170782K(171584K)->170782K(171584K) Class: 23123K(23936K)->23123K(23936K)
[2025-04-03T13:36:17.325-0400][75633.558s][info ][gc          ] GC(395) Pause Young (Normal) (G1 Evacuation Pause) 455M->193M(512M) 4.690ms
[2025-04-03T13:36:17.325-0400][75633.558s][info ][gc,cpu      ] GC(395) User=0.00s Sys=0.00s Real=0.00s
[2025-04-03T13:36:17.325-0400][75633.558s][info ][safepoint   ] Safepoint "G1CollectForAllocation", Time since last: 4848026600 ns, Reaching safepoint: 63800 ns, Cleanup: 3500 ns, At safepoint: 4767800 ns, Total: 4835100 ns
[2025-04-03T13:38:09.694-0400][75745.926s][debug][safepoint   ] Safepoint synchronization initiated using striped semaphore wait barrier. (242 threads)
[2025-04-03T13:38:09.694-0400][75745.926s][info ][safepoint   ] Safepoint "Cleanup", Time since last: 112367307700 ns, Reaching safepoint: 140900 ns, Cleanup: 6700 ns, At safepoint: 1800 ns, Total: 149400 ns
[2025-04-03T13:39:57.659-0400][75853.891s][debug][safepoint   ] Safepoint synchronization initiated using striped semaphore wait barrier. (242 threads)
[2025-04-03T13:39:57.659-0400][75853.892s][info ][gc,start    ] GC(396) Pause Young (Normal) (G1 Evacuation Pause)
[2025-04-03T13:39:57.659-0400][75853.892s][info ][gc,task     ] GC(396) Using 23 workers of 23 for evacuation
[2025-04-03T13:39:57.661-0400][75853.894s][info ][gc,phases   ] GC(396)   Pre Evacuate Collection Set: 0.2ms
[2025-04-03T13:39:57.661-0400][75853.894s][info ][gc,phases   ] GC(396)   Merge Heap Roots: 0.1ms
[2025-04-03T13:39:57.661-0400][75853.894s][info ][gc,phases   ] GC(396)   Evacuate Collection Set: 0.9ms
[2025-04-03T13:39:57.661-0400][75853.894s][info ][gc,phases   ] GC(396)   Post Evacuate Collection Set: 1.1ms
[2025-04-03T13:39:57.661-0400][75853.894s][info ][gc,phases   ] GC(396)   Other: 0.1ms
[2025-04-03T13:39:57.661-0400][75853.894s][info ][gc,heap     ] GC(396) Eden regions: 262->0(262)
[2025-04-03T13:39:57.661-0400][75853.894s][info ][gc,heap     ] GC(396) Survivor regions: 2->2(33)
[2025-04-03T13:39:57.661-0400][75853.894s][info ][gc,heap     ] GC(396) Old regions: 191->191
[2025-04-03T13:39:57.661-0400][75853.894s][info ][gc,heap     ] GC(396) Archive regions: 0->0
[2025-04-03T13:39:57.661-0400][75853.894s][info ][gc,heap     ] GC(396) Humongous regions: 2->2
[2025-04-03T13:39:57.661-0400][75853.894s][info ][gc,metaspace] GC(396) Metaspace: 193906K(195520K)->193906K(195520K) NonClass: 170782K(171584K)->170782K(171584K) Class: 23123K(23936K)->23123K(23936K)
[2025-04-03T13:39:57.661-0400][75853.894s][info ][gc          ] GC(396) Pause Young (Normal) (G1 Evacuation Pause) 455M->193M(512M) 2.535ms
[2025-04-03T13:39:57.661-0400][75853.894s][info ][gc,cpu      ] GC(396) User=0.00s Sys=0.00s Real=0.00s
[2025-04-03T13:39:57.661-0400][75853.894s][info ][safepoint   ] Safepoint "G1CollectForAllocation", Time since last: 107965640000 ns, Reaching safepoint: 72900 ns, Cleanup: 3400 ns, At safepoint: 2618800 ns, Total: 2695100 ns
[2025-04-03T13:43:37.937-0400][76074.169s][debug][safepoint   ] Safepoint synchronization initiated using striped semaphore wait barrier. (242 threads)
[2025-04-03T13:43:37.937-0400][76074.169s][info ][gc,start    ] GC(397) Pause Young (Normal) (G1 Evacuation Pause)
[2025-04-03T13:43:37.937-0400][76074.169s][info ][gc,task     ] GC(397) Using 23 workers of 23 for evacuation
[2025-04-03T13:43:37.942-0400][76074.174s][info ][gc,phases   ] GC(397)   Pre Evacuate Collection Set: 0.2ms
[2025-04-03T13:43:37.942-0400][76074.174s][info ][gc,phases   ] GC(397)   Merge Heap Roots: 0.1ms
[2025-04-03T13:43:37.942-0400][76074.174s][info ][gc,phases   ] GC(397)   Evacuate Collection Set: 3.4ms
[2025-04-03T13:43:37.942-0400][76074.174s][info ][gc,phases   ] GC(397)   Post Evacuate Collection Set: 1.2ms
[2025-04-03T13:43:37.942-0400][76074.174s][info ][gc,phases   ] GC(397)   Other: 0.1ms
[2025-04-03T13:43:37.942-0400][76074.174s][info ][gc,heap     ] GC(397) Eden regions: 262->0(262)
[2025-04-03T13:43:37.942-0400][76074.174s][info ][gc,heap     ] GC(397) Survivor regions: 2->2(33)
[2025-04-03T13:43:37.942-0400][76074.174s][info ][gc,heap     ] GC(397) Old regions: 191->191
[2025-04-03T13:43:37.942-0400][76074.174s][info ][gc,heap     ] GC(397) Archive regions: 0->0
[2025-04-03T13:43:37.942-0400][76074.174s][info ][gc,heap     ] GC(397) Humongous regions: 2->2
[2025-04-03T13:43:37.942-0400][76074.174s][info ][gc,metaspace] GC(397) Metaspace: 193906K(195520K)->193906K(195520K) NonClass: 170782K(171584K)->170782K(171584K) Class: 23123K(23936K)->23123K(23936K)
[2025-04-03T13:43:37.942-0400][76074.174s][info ][gc          ] GC(397) Pause Young (Normal) (G1 Evacuation Pause) 455M->193M(512M) 5.019ms
[2025-04-03T13:43:37.942-0400][76074.174s][info ][gc,cpu      ] GC(397) User=0.02s Sys=0.00s Real=0.00s
[2025-04-03T13:43:37.942-0400][76074.174s][info ][safepoint   ] Safepoint "G1CollectForAllocation", Time since last: 220274935000 ns, Reaching safepoint: 52300 ns, Cleanup: 3800 ns, At safepoint: 5096500 ns, Total: 5152600 ns
[2025-04-03T13:47:17.369-0400][76293.601s][debug][safepoint   ] Safepoint synchronization initiated using striped semaphore wait barrier. (242 threads)
[2025-04-03T13:47:17.369-0400][76293.601s][info ][gc,start    ] GC(398) Pause Young (Normal) (G1 Evacuation Pause)
[2025-04-03T13:47:17.369-0400][76293.601s][info ][gc,task     ] GC(398) Using 23 workers of 23 for evacuation
[2025-04-03T13:47:17.371-0400][76293.603s][info ][gc,phases   ] GC(398)   Pre Evacuate Collection Set: 0.1ms
[2025-04-03T13:47:17.371-0400][76293.603s][info ][gc,phases   ] GC(398)   Merge Heap Roots: 0.1ms
[2025-04-03T13:47:17.371-0400][76293.603s][info ][gc,phases   ] GC(398)   Evacuate Collection Set: 1.3ms
[2025-04-03T13:47:17.371-0400][76293.603s][info ][gc,phases   ] GC(398)   Post Evacuate Collection Set: 0.6ms
[2025-04-03T13:47:17.371-0400][76293.603s][info ][gc,phases   ] GC(398)   Other: 0.1ms
[2025-04-03T13:47:17.371-0400][76293.603s][info ][gc,heap     ] GC(398) Eden regions: 262->0(262)
[2025-04-03T13:47:17.371-0400][76293.603s][info ][gc,heap     ] GC(398) Survivor regions: 2->2(33)
[2025-04-03T13:47:17.371-0400][76293.603s][info ][gc,heap     ] GC(398) Old regions: 191->191
[2025-04-03T13:47:17.371-0400][76293.603s][info ][gc,heap     ] GC(398) Archive regions: 0->0
[2025-04-03T13:47:17.371-0400][76293.603s][info ][gc,heap     ] GC(398) Humongous regions: 2->2
[2025-04-03T13:47:17.371-0400][76293.603s][info ][gc,metaspace] GC(398) Metaspace: 193906K(195520K)->193906K(195520K) NonClass: 170782K(171584K)->170782K(171584K) Class: 23123K(23936K)->23123K(23936K)
[2025-04-03T13:47:17.371-0400][76293.603s][info ][gc          ] GC(398) Pause Young (Normal) (G1 Evacuation Pause) 455M->193M(512M) 2.234ms
[2025-04-03T13:47:17.371-0400][76293.603s][info ][gc,cpu      ] GC(398) User=0.00s Sys=0.00s Real=0.00s
[2025-04-03T13:47:17.371-0400][76293.603s][info ][safepoint   ] Safepoint "G1CollectForAllocation", Time since last: 219426384400 ns, Reaching safepoint: 89800 ns, Cleanup: 5000 ns, At safepoint: 2306900 ns, Total: 2401700 ns
[2025-04-03T13:50:55.339-0400][76511.571s][debug][safepoint   ] Safepoint synchronization initiated using striped semaphore wait barrier. (243 threads)
[2025-04-03T13:50:55.339-0400][76511.571s][info ][safepoint   ] Safepoint "Cleanup", Time since last: 217968119800 ns, Reaching safepoint: 66200 ns, Cleanup: 7900 ns, At safepoint: 1600 ns, Total: 75700 ns
[2025-04-03T13:50:55.493-0400][76511.725s][debug][safepoint   ] Safepoint synchronization initiated using striped semaphore wait barrier. (243 threads)
[2025-04-03T13:50:55.493-0400][76511.725s][info ][gc,start    ] GC(399) Pause Young (Normal) (G1 Evacuation Pause)
[2025-04-03T13:50:55.493-0400][76511.725s][info ][gc,task     ] GC(399) Using 23 workers of 23 for evacuation
[2025-04-03T13:50:55.495-0400][76511.728s][info ][gc,phases   ] GC(399)   Pre Evacuate Collection Set: 0.3ms
[2025-04-03T13:50:55.495-0400][76511.728s][info ][gc,phases   ] GC(399)   Merge Heap Roots: 0.2ms
[2025-04-03T13:50:55.495-0400][76511.728s][info ][gc,phases   ] GC(399)   Evacuate Collection Set: 0.9ms
[2025-04-03T13:50:55.495-0400][76511.728s][info ][gc,phases   ] GC(399)   Post Evacuate Collection Set: 1.4ms
[2025-04-03T13:50:55.495-0400][76511.728s][info ][gc,phases   ] GC(399)   Other: 0.1ms
[2025-04-03T13:50:55.495-0400][76511.728s][info ][gc,heap     ] GC(399) Eden regions: 262->0(262)
[2025-04-03T13:50:55.495-0400][76511.728s][info ][gc,heap     ] GC(399) Survivor regions: 2->2(33)
[2025-04-03T13:50:55.495-0400][76511.728s][info ][gc,heap     ] GC(399) Old regions: 191->191
[2025-04-03T13:50:55.495-0400][76511.728s][info ][gc,heap     ] GC(399) Archive regions: 0->0
[2025-04-03T13:50:55.495-0400][76511.728s][info ][gc,heap     ] GC(399) Humongous regions: 2->2
[2025-04-03T13:50:55.495-0400][76511.728s][info ][gc,metaspace] GC(399) Metaspace: 193906K(195520K)->193906K(195520K) NonClass: 170782K(171584K)->170782K(171584K) Class: 23123K(23936K)->23123K(23936K)
[2025-04-03T13:50:55.495-0400][76511.728s][info ][gc          ] GC(399) Pause Young (Normal) (G1 Evacuation Pause) 455M->193M(512M) 3.181ms
[2025-04-03T13:50:55.495-0400][76511.728s][info ][gc,cpu      ] GC(399) User=0.00s Sys=0.00s Real=0.00s
[2025-04-03T13:50:55.495-0400][76511.728s][info ][safepoint   ] Safepoint "G1CollectForAllocation", Time since last: 153571800 ns, Reaching safepoint: 61600 ns, Cleanup: 3700 ns, At safepoint: 3275700 ns, Total: 3341000 ns
[2025-04-03T13:52:27.554-0400][76603.786s][debug][safepoint   ] Safepoint synchronization initiated using striped semaphore wait barrier. (243 threads)
[2025-04-03T13:52:27.554-0400][76603.786s][info ][safepoint   ] Safepoint "Cleanup", Time since last: 92057869900 ns, Reaching safepoint: 142100 ns, Cleanup: 13000 ns, At safepoint: 1500 ns, Total: 156600 ns
[2025-04-03T13:54:34.959-0400][76731.191s][debug][safepoint   ] Safepoint synchronization initiated using striped semaphore wait barrier. (241 threads)
[2025-04-03T13:54:34.959-0400][76731.191s][info ][gc,start    ] GC(400) Pause Young (Normal) (G1 Evacuation Pause)
[2025-04-03T13:54:34.959-0400][76731.191s][info ][gc,task     ] GC(400) Using 23 workers of 23 for evacuation
[2025-04-03T13:54:34.962-0400][76731.194s][info ][gc,phases   ] GC(400)   Pre Evacuate Collection Set: 0.2ms
[2025-04-03T13:54:34.962-0400][76731.194s][info ][gc,phases   ] GC(400)   Merge Heap Roots: 0.1ms
[2025-04-03T13:54:34.962-0400][76731.194s][info ][gc,phases   ] GC(400)   Evacuate Collection Set: 1.2ms
[2025-04-03T13:54:34.962-0400][76731.194s][info ][gc,phases   ] GC(400)   Post Evacuate Collection Set: 1.2ms
[2025-04-03T13:54:34.962-0400][76731.194s][info ][gc,phases   ] GC(400)   Other: 0.1ms
[2025-04-03T13:54:34.962-0400][76731.194s][info ][gc,heap     ] GC(400) Eden regions: 262->0(262)
[2025-04-03T13:54:34.962-0400][76731.194s][info ][gc,heap     ] GC(400) Survivor regions: 2->2(33)
[2025-04-03T13:54:34.962-0400][76731.194s][info ][gc,heap     ] GC(400) Old regions: 191->191
[2025-04-03T13:54:34.962-0400][76731.194s][info ][gc,heap     ] GC(400) Archive regions: 0->0
[2025-04-03T13:54:34.962-0400][76731.194s][info ][gc,heap     ] GC(400) Humongous regions: 2->2
[2025-04-03T13:54:34.962-0400][76731.194s][info ][gc,metaspace] GC(400) Metaspace: 193906K(195520K)->193906K(195520K) NonClass: 170782K(171584K)->170782K(171584K) Class: 23123K(23936K)->23123K(23936K)
[2025-04-03T13:54:34.962-0400][76731.194s][info ][gc          ] GC(400) Pause Young (Normal) (G1 Evacuation Pause) 455M->193M(512M) 2.870ms
[2025-04-03T13:54:34.962-0400][76731.194s][info ][gc,cpu      ] GC(400) User=0.00s Sys=0.00s Real=0.00s
[2025-04-03T13:54:34.962-0400][76731.194s][info ][safepoint   ] Safepoint "G1CollectForAllocation", Time since last: 127404779900 ns, Reaching safepoint: 62900 ns, Cleanup: 2200 ns, At safepoint: 2969300 ns, Total: 3034400 ns
[2025-04-03T13:56:18.017-0400][76834.249s][debug][safepoint   ] Safepoint synchronization initiated using striped semaphore wait barrier. (244 threads)
[2025-04-03T13:56:18.017-0400][76834.249s][info ][safepoint   ] Safepoint "Cleanup", Time since last: 103054690100 ns, Reaching safepoint: 132600 ns, Cleanup: 48400 ns, At safepoint: 2000 ns, Total: 183000 ns
[2025-04-03T13:56:19.017-0400][76835.249s][debug][safepoint   ] Safepoint synchronization initiated using striped semaphore wait barrier. (243 threads)
[2025-04-03T13:56:19.017-0400][76835.249s][info ][safepoint   ] Safepoint "Cleanup", Time since last: 1000146800 ns, Reaching safepoint: 86800 ns, Cleanup: 11600 ns, At safepoint: 1700 ns, Total: 100100 ns
[2025-04-03T13:56:21.017-0400][76837.249s][debug][safepoint   ] Safepoint synchronization initiated using striped semaphore wait barrier. (243 threads)
[2025-04-03T13:56:21.017-0400][76837.249s][info ][safepoint   ] Safepoint "Cleanup", Time since last: 2000283600 ns, Reaching safepoint: 74200 ns, Cleanup: 10100 ns, At safepoint: 1600 ns, Total: 85900 ns
[2025-04-03T13:56:25.019-0400][76841.251s][debug][safepoint   ] Safepoint synchronization initiated using striped semaphore wait barrier. (243 threads)
[2025-04-03T13:56:25.019-0400][76841.251s][info ][safepoint   ] Safepoint "Cleanup", Time since last: 4001823300 ns, Reaching safepoint: 50300 ns, Cleanup: 15100 ns, At safepoint: 1200 ns, Total: 66600 ns
[2025-04-03T13:56:26.020-0400][76842.252s][debug][safepoint   ] Safepoint synchronization initiated using striped semaphore wait barrier. (243 threads)
[2025-04-03T13:56:26.020-0400][76842.252s][info ][safepoint   ] Safepoint "Cleanup", Time since last: 1000969000 ns, Reaching safepoint: 55900 ns, Cleanup: 19500 ns, At safepoint: 5800 ns, Total: 81200 ns
[2025-04-03T13:57:13.052-0400][76889.284s][debug][safepoint   ] Safepoint synchronization initiated using striped semaphore wait barrier. (243 threads)
[2025-04-03T13:57:13.052-0400][76889.284s][info ][safepoint   ] Safepoint "Cleanup", Time since last: 47031731000 ns, Reaching safepoint: 57800 ns, Cleanup: 13400 ns, At safepoint: 1800 ns, Total: 73000 ns
[2025-04-03T13:57:54.801-0400][76931.033s][debug][safepoint   ] Safepoint synchronization initiated using striped semaphore wait barrier. (242 threads)
[2025-04-03T13:57:54.801-0400][76931.033s][info ][gc,start    ] GC(401) Pause Young (Normal) (G1 Evacuation Pause)
[2025-04-03T13:57:54.801-0400][76931.033s][info ][gc,task     ] GC(401) Using 23 workers of 23 for evacuation
[2025-04-03T13:57:54.804-0400][76931.037s][info ][gc,phases   ] GC(401)   Pre Evacuate Collection Set: 0.1ms
[2025-04-03T13:57:54.804-0400][76931.037s][info ][gc,phases   ] GC(401)   Merge Heap Roots: 0.1ms
[2025-04-03T13:57:54.804-0400][76931.037s][info ][gc,phases   ] GC(401)   Evacuate Collection Set: 2.6ms
[2025-04-03T13:57:54.804-0400][76931.037s][info ][gc,phases   ] GC(401)   Post Evacuate Collection Set: 0.8ms
[2025-04-03T13:57:54.804-0400][76931.037s][info ][gc,phases   ] GC(401)   Other: 0.1ms
[2025-04-03T13:57:54.804-0400][76931.037s][info ][gc,heap     ] GC(401) Eden regions: 262->0(259)
[2025-04-03T13:57:54.804-0400][76931.037s][info ][gc,heap     ] GC(401) Survivor regions: 2->3(33)
[2025-04-03T13:57:54.804-0400][76931.037s][info ][gc,heap     ] GC(401) Old regions: 191->191
[2025-04-03T13:57:54.805-0400][76931.037s][info ][gc,heap     ] GC(401) Archive regions: 0->0
[2025-04-03T13:57:54.805-0400][76931.037s][info ][gc,heap     ] GC(401) Humongous regions: 2->2
[2025-04-03T13:57:54.805-0400][76931.037s][info ][gc,metaspace] GC(401) Metaspace: 194032K(195712K)->194032K(195712K) NonClass: 170894K(171712K)->170894K(171712K) Class: 23137K(24000K)->23137K(24000K)
[2025-04-03T13:57:54.805-0400][76931.037s][info ][gc          ] GC(401) Pause Young (Normal) (G1 Evacuation Pause) 455M->195M(512M) 3.798ms
[2025-04-03T13:57:54.805-0400][76931.037s][info ][gc,cpu      ] GC(401) User=0.00s Sys=0.00s Real=0.00s
[2025-04-03T13:57:54.805-0400][76931.037s][info ][safepoint   ] Safepoint "G1CollectForAllocation", Time since last: 41748954400 ns, Reaching safepoint: 42300 ns, Cleanup: 2600 ns, At safepoint: 3887900 ns, Total: 3932800 ns
[2025-04-03T14:01:19.543-0400][77135.775s][debug][safepoint   ] Safepoint synchronization initiated using striped semaphore wait barrier. (242 threads)
[2025-04-03T14:01:19.543-0400][77135.775s][info ][safepoint   ] Safepoint "Cleanup", Time since last: 204738223600 ns, Reaching safepoint: 69800 ns, Cleanup: 9700 ns, At safepoint: 1700 ns, Total: 81200 ns
[2025-04-03T14:01:32.267-0400][77148.499s][debug][safepoint   ] Safepoint synchronization initiated using striped semaphore wait barrier. (242 threads)
[2025-04-03T14:01:32.267-0400][77148.499s][info ][gc,start    ] GC(402) Pause Young (Normal) (G1 Evacuation Pause)
[2025-04-03T14:01:32.267-0400][77148.499s][info ][gc,task     ] GC(402) Using 23 workers of 23 for evacuation
[2025-04-03T14:01:32.275-0400][77148.507s][info ][gc,phases   ] GC(402)   Pre Evacuate Collection Set: 0.1ms
[2025-04-03T14:01:32.275-0400][77148.507s][info ][gc,phases   ] GC(402)   Merge Heap Roots: 0.1ms
[2025-04-03T14:01:32.275-0400][77148.507s][info ][gc,phases   ] GC(402)   Evacuate Collection Set: 5.8ms
[2025-04-03T14:01:32.275-0400][77148.507s][info ][gc,phases   ] GC(402)   Post Evacuate Collection Set: 1.7ms
[2025-04-03T14:01:32.275-0400][77148.507s][info ][gc,phases   ] GC(402)   Other: 0.1ms
[2025-04-03T14:01:32.275-0400][77148.507s][info ][gc,heap     ] GC(402) Eden regions: 259->0(260)
[2025-04-03T14:01:32.275-0400][77148.507s][info ][gc,heap     ] GC(402) Survivor regions: 3->3(33)
[2025-04-03T14:01:32.275-0400][77148.507s][info ][gc,heap     ] GC(402) Old regions: 191->191
[2025-04-03T14:01:32.275-0400][77148.507s][info ][gc,heap     ] GC(402) Archive regions: 0->0
[2025-04-03T14:01:32.275-0400][77148.507s][info ][gc,heap     ] GC(402) Humongous regions: 2->2
[2025-04-03T14:01:32.275-0400][77148.507s][info ][gc,metaspace] GC(402) Metaspace: 194032K(195712K)->194032K(195712K) NonClass: 170894K(171712K)->170894K(171712K) Class: 23137K(24000K)->23137K(24000K)
[2025-04-03T14:01:32.275-0400][77148.507s][info ][gc          ] GC(402) Pause Young (Normal) (G1 Evacuation Pause) 454M->195M(512M) 7.956ms
[2025-04-03T14:01:32.275-0400][77148.507s][info ][gc,cpu      ] GC(402) User=0.02s Sys=0.00s Real=0.01s
[2025-04-03T14:01:32.275-0400][77148.507s][info ][safepoint   ] Safepoint "G1CollectForAllocation", Time since last: 12723735900 ns, Reaching safepoint: 42700 ns, Cleanup: 2300 ns, At safepoint: 8048600 ns, Total: 8093600 ns
[2025-04-03T14:05:11.797-0400][77368.029s][debug][safepoint   ] Safepoint synchronization initiated using striped semaphore wait barrier. (242 threads)
[2025-04-03T14:05:11.797-0400][77368.029s][info ][gc,start    ] GC(403) Pause Young (Normal) (G1 Evacuation Pause)
[2025-04-03T14:05:11.797-0400][77368.029s][info ][gc,task     ] GC(403) Using 23 workers of 23 for evacuation
[2025-04-03T14:05:11.808-0400][77368.040s][info ][gc,phases   ] GC(403)   Pre Evacuate Collection Set: 0.2ms
[2025-04-03T14:05:11.808-0400][77368.040s][info ][gc,phases   ] GC(403)   Merge Heap Roots: 0.1ms
[2025-04-03T14:05:11.808-0400][77368.040s][info ][gc,phases   ] GC(403)   Evacuate Collection Set: 6.2ms
[2025-04-03T14:05:11.808-0400][77368.040s][info ][gc,phases   ] GC(403)   Post Evacuate Collection Set: 4.3ms
[2025-04-03T14:05:11.808-0400][77368.040s][info ][gc,phases   ] GC(403)   Other: 0.1ms
[2025-04-03T14:05:11.808-0400][77368.040s][info ][gc,heap     ] GC(403) Eden regions: 260->0(260)
[2025-04-03T14:05:11.808-0400][77368.040s][info ][gc,heap     ] GC(403) Survivor regions: 3->3(33)
[2025-04-03T14:05:11.808-0400][77368.040s][info ][gc,heap     ] GC(403) Old regions: 191->191
[2025-04-03T14:05:11.808-0400][77368.040s][info ][gc,heap     ] GC(403) Archive regions: 0->0
[2025-04-03T14:05:11.808-0400][77368.040s][info ][gc,heap     ] GC(403) Humongous regions: 2->2
[2025-04-03T14:05:11.808-0400][77368.040s][info ][gc,metaspace] GC(403) Metaspace: 194032K(195712K)->194032K(195712K) NonClass: 170894K(171712K)->170894K(171712K) Class: 23137K(24000K)->23137K(24000K)
[2025-04-03T14:05:11.808-0400][77368.040s][info ][gc          ] GC(403) Pause Young (Normal) (G1 Evacuation Pause) 455M->194M(512M) 10.922ms
[2025-04-03T14:05:11.808-0400][77368.040s][info ][gc,cpu      ] GC(403) User=0.00s Sys=0.00s Real=0.01s
[2025-04-03T14:05:11.808-0400][77368.040s][info ][safepoint   ] Safepoint "G1CollectForAllocation", Time since last: 219521730300 ns, Reaching safepoint: 59900 ns, Cleanup: 4400 ns, At safepoint: 11002200 ns, Total: 11066500 ns
[2025-04-03T14:08:49.688-0400][77585.920s][debug][safepoint   ] Safepoint synchronization initiated using striped semaphore wait barrier. (242 threads)
[2025-04-03T14:08:49.688-0400][77585.920s][info ][gc,start    ] GC(404) Pause Young (Normal) (G1 Evacuation Pause)
[2025-04-03T14:08:49.688-0400][77585.920s][info ][gc,task     ] GC(404) Using 23 workers of 23 for evacuation
[2025-04-03T14:08:49.692-0400][77585.925s][info ][gc,phases   ] GC(404)   Pre Evacuate Collection Set: 0.1ms
[2025-04-03T14:08:49.692-0400][77585.925s][info ][gc,phases   ] GC(404)   Merge Heap Roots: 0.1ms
[2025-04-03T14:08:49.692-0400][77585.925s][info ][gc,phases   ] GC(404)   Evacuate Collection Set: 3.2ms
[2025-04-03T14:08:49.692-0400][77585.925s][info ][gc,phases   ] GC(404)   Post Evacuate Collection Set: 0.6ms
[2025-04-03T14:08:49.692-0400][77585.925s][info ][gc,phases   ] GC(404)   Other: 0.1ms
[2025-04-03T14:08:49.692-0400][77585.925s][info ][gc,heap     ] GC(404) Eden regions: 260->0(261)
[2025-04-03T14:08:49.692-0400][77585.925s][info ][gc,heap     ] GC(404) Survivor regions: 3->3(33)
[2025-04-03T14:08:49.692-0400][77585.925s][info ][gc,heap     ] GC(404) Old regions: 191->191
[2025-04-03T14:08:49.692-0400][77585.925s][info ][gc,heap     ] GC(404) Archive regions: 0->0
[2025-04-03T14:08:49.692-0400][77585.925s][info ][gc,heap     ] GC(404) Humongous regions: 2->2
[2025-04-03T14:08:49.692-0400][77585.925s][info ][gc,metaspace] GC(404) Metaspace: 194032K(195712K)->194032K(195712K) NonClass: 170894K(171712K)->170894K(171712K) Class: 23137K(24000K)->23137K(24000K)
[2025-04-03T14:08:49.692-0400][77585.925s][info ][gc          ] GC(404) Pause Young (Normal) (G1 Evacuation Pause) 454M->195M(512M) 4.238ms
[2025-04-03T14:08:49.692-0400][77585.925s][info ][gc,cpu      ] GC(404) User=0.03s Sys=0.00s Real=0.00s
[2025-04-03T14:08:49.692-0400][77585.925s][info ][safepoint   ] Safepoint "G1CollectForAllocation", Time since last: 217880344300 ns, Reaching safepoint: 59600 ns, Cleanup: 3700 ns, At safepoint: 4311700 ns, Total: 4375000 ns
[2025-04-03T14:11:19.770-0400][77736.002s][debug][safepoint   ] Safepoint synchronization initiated using striped semaphore wait barrier. (244 threads)
[2025-04-03T14:11:19.770-0400][77736.002s][debug][safepoint   ] ... found polling page loop exception at pc = 0x0000020b706ceb70, stub =0x0000020b6fee7700
[2025-04-03T14:11:19.770-0400][77736.002s][info ][safepoint   ] Safepoint "Cleanup", Time since last: 150077375200 ns, Reaching safepoint: 87900 ns, Cleanup: 12700 ns, At safepoint: 7900 ns, Total: 108500 ns
[2025-04-03T14:11:20.378-0400][77736.610s][debug][safepoint   ] Safepoint synchronization initiated using striped semaphore wait barrier. (273 threads)
[2025-04-03T14:11:20.378-0400][77736.610s][info ][safepoint   ] Safepoint "ICBufferFull", Time since last: 608058600 ns, Reaching safepoint: 48400 ns, Cleanup: 92000 ns, At safepoint: 2900 ns, Total: 143300 ns
[2025-04-03T14:11:21.445-0400][77737.677s][debug][safepoint   ] Safepoint synchronization initiated using striped semaphore wait barrier. (274 threads)
[2025-04-03T14:11:21.445-0400][77737.677s][info ][safepoint   ] Safepoint "Cleanup", Time since last: 1066532300 ns, Reaching safepoint: 44000 ns, Cleanup: 21000 ns, At safepoint: 1800 ns, Total: 66800 ns
[2025-04-03T14:11:24.447-0400][77740.679s][debug][safepoint   ] Safepoint synchronization initiated using striped semaphore wait barrier. (271 threads)
[2025-04-03T14:11:24.447-0400][77740.679s][info ][safepoint   ] Safepoint "Cleanup", Time since last: 3002125400 ns, Reaching safepoint: 52200 ns, Cleanup: 12000 ns, At safepoint: 1700 ns, Total: 65900 ns
[2025-04-03T14:11:27.449-0400][77743.681s][debug][safepoint   ] Safepoint synchronization initiated using striped semaphore wait barrier. (270 threads)
[2025-04-03T14:11:27.449-0400][77743.681s][info ][safepoint   ] Safepoint "Cleanup", Time since last: 3001784900 ns, Reaching safepoint: 49500 ns, Cleanup: 7900 ns, At safepoint: 1800 ns, Total: 59200 ns
[2025-04-03T14:11:28.345-0400][77744.577s][debug][safepoint   ] Safepoint synchronization initiated using striped semaphore wait barrier. (270 threads)
[2025-04-03T14:11:28.345-0400][77744.577s][info ][gc,start    ] GC(405) Pause Young (Normal) (G1 Evacuation Pause)
[2025-04-03T14:11:28.345-0400][77744.577s][info ][gc,task     ] GC(405) Using 23 workers of 23 for evacuation
[2025-04-03T14:11:28.356-0400][77744.588s][info ][gc,phases   ] GC(405)   Pre Evacuate Collection Set: 0.1ms
[2025-04-03T14:11:28.356-0400][77744.588s][info ][gc,phases   ] GC(405)   Merge Heap Roots: 0.1ms
[2025-04-03T14:11:28.356-0400][77744.588s][info ][gc,phases   ] GC(405)   Evacuate Collection Set: 9.9ms
[2025-04-03T14:11:28.356-0400][77744.588s][info ][gc,phases   ] GC(405)   Post Evacuate Collection Set: 1.2ms
[2025-04-03T14:11:28.356-0400][77744.588s][info ][gc,phases   ] GC(405)   Other: 0.1ms
[2025-04-03T14:11:28.356-0400][77744.588s][info ][gc,heap     ] GC(405) Eden regions: 261->0(253)
[2025-04-03T14:11:28.356-0400][77744.588s][info ][gc,heap     ] GC(405) Survivor regions: 3->7(33)
[2025-04-03T14:11:28.356-0400][77744.588s][info ][gc,heap     ] GC(405) Old regions: 191->191
[2025-04-03T14:11:28.356-0400][77744.588s][info ][gc,heap     ] GC(405) Archive regions: 0->0
[2025-04-03T14:11:28.356-0400][77744.588s][info ][gc,heap     ] GC(405) Humongous regions: 2->2
[2025-04-03T14:11:28.356-0400][77744.588s][info ][gc,metaspace] GC(405) Metaspace: 195484K(197184K)->195484K(197184K) NonClass: 172193K(173056K)->172193K(173056K) Class: 23291K(24128K)->23291K(24128K)
[2025-04-03T14:11:28.356-0400][77744.588s][info ][gc          ] GC(405) Pause Young (Normal) (G1 Evacuation Pause) 456M->198M(512M) 11.466ms
[2025-04-03T14:11:28.356-0400][77744.588s][info ][gc,cpu      ] GC(405) User=0.02s Sys=0.00s Real=0.01s
[2025-04-03T14:11:28.356-0400][77744.588s][info ][safepoint   ] Safepoint "G1CollectForAllocation", Time since last: 895862200 ns, Reaching safepoint: 54600 ns, Cleanup: 2400 ns, At safepoint: 11562600 ns, Total: 11619600 ns
[2025-04-03T14:12:04.372-0400][77780.604s][debug][safepoint   ] Safepoint synchronization initiated using striped semaphore wait barrier. (273 threads)
[2025-04-03T14:12:04.372-0400][77780.604s][info ][safepoint   ] Safepoint "Cleanup", Time since last: 36015759600 ns, Reaching safepoint: 43700 ns, Cleanup: 50400 ns, At safepoint: 4400 ns, Total: 98500 ns
[2025-04-03T14:12:05.420-0400][77781.652s][debug][safepoint   ] Safepoint synchronization initiated using striped semaphore wait barrier. (279 threads)
[2025-04-03T14:12:05.420-0400][77781.652s][info ][safepoint   ] Safepoint "Cleanup", Time since last: 1047270100 ns, Reaching safepoint: 140600 ns, Cleanup: 41900 ns, At safepoint: 1700 ns, Total: 184200 ns
[2025-04-03T14:12:09.422-0400][77785.654s][debug][safepoint   ] Safepoint synchronization initiated using striped semaphore wait barrier. (279 threads)
[2025-04-03T14:12:09.422-0400][77785.655s][info ][safepoint   ] Safepoint "Cleanup", Time since last: 4002645600 ns, Reaching safepoint: 150500 ns, Cleanup: 5500 ns, At safepoint: 1500 ns, Total: 157500 ns
[2025-04-03T14:12:13.423-0400][77789.656s][debug][safepoint   ] Safepoint synchronization initiated using striped semaphore wait barrier. (276 threads)
[2025-04-03T14:12:13.423-0400][77789.656s][info ][safepoint   ] Safepoint "Cleanup", Time since last: 4000898000 ns, Reaching safepoint: 112200 ns, Cleanup: 9600 ns, At safepoint: 1700 ns, Total: 123500 ns
[2025-04-03T14:12:33.884-0400][77810.117s][debug][safepoint   ] Safepoint synchronization initiated using striped semaphore wait barrier. (271 threads)
[2025-04-03T14:12:33.884-0400][77810.117s][debug][safepoint   ] ... found polling page loop exception at pc = 0x0000020b70baf51b, stub =0x0000020b6fee7700
[2025-04-03T14:12:33.884-0400][77810.117s][info ][safepoint   ] Safepoint "Cleanup", Time since last: 20461428200 ns, Reaching safepoint: 90400 ns, Cleanup: 13700 ns, At safepoint: 7800 ns, Total: 111900 ns
[2025-04-03T14:12:35.885-0400][77812.117s][debug][safepoint   ] Safepoint synchronization initiated using striped semaphore wait barrier. (271 threads)
[2025-04-03T14:12:35.885-0400][77812.117s][info ][safepoint   ] Safepoint "Cleanup", Time since last: 1999954300 ns, Reaching safepoint: 67900 ns, Cleanup: 22800 ns, At safepoint: 1800 ns, Total: 92500 ns
[2025-04-03T14:12:44.889-0400][77821.121s][debug][safepoint   ] Safepoint synchronization initiated using striped semaphore wait barrier. (271 threads)
[2025-04-03T14:12:44.889-0400][77821.121s][info ][safepoint   ] Safepoint "Cleanup", Time since last: 9003317600 ns, Reaching safepoint: 66900 ns, Cleanup: 14100 ns, At safepoint: 1700 ns, Total: 82700 ns
[2025-04-03T14:13:19.906-0400][77856.138s][debug][safepoint   ] Safepoint synchronization initiated using striped semaphore wait barrier. (264 threads)
[2025-04-03T14:13:19.906-0400][77856.138s][info ][safepoint   ] Safepoint "Cleanup", Time since last: 35017280400 ns, Reaching safepoint: 77300 ns, Cleanup: 9000 ns, At safepoint: 1600 ns, Total: 87900 ns
[2025-04-03T14:13:21.906-0400][77858.138s][debug][safepoint   ] Safepoint synchronization initiated using striped semaphore wait barrier. (263 threads)
[2025-04-03T14:13:21.906-0400][77858.138s][info ][safepoint   ] Safepoint "Cleanup", Time since last: 2000040200 ns, Reaching safepoint: 49200 ns, Cleanup: 18100 ns, At safepoint: 1400 ns, Total: 68700 ns
[2025-04-03T14:13:22.906-0400][77859.138s][debug][safepoint   ] Safepoint synchronization initiated using striped semaphore wait barrier. (263 threads)
[2025-04-03T14:13:22.906-0400][77859.138s][info ][safepoint   ] Safepoint "Cleanup", Time since last: 1000164700 ns, Reaching safepoint: 56500 ns, Cleanup: 7900 ns, At safepoint: 1400 ns, Total: 65800 ns
[2025-04-03T14:13:24.907-0400][77861.139s][debug][safepoint   ] Safepoint synchronization initiated using striped semaphore wait barrier. (264 threads)
[2025-04-03T14:13:24.907-0400][77861.139s][info ][safepoint   ] Safepoint "Cleanup", Time since last: 2001010900 ns, Reaching safepoint: 45200 ns, Cleanup: 7700 ns, At safepoint: 1700 ns, Total: 54600 ns
[2025-04-03T14:14:11.437-0400][77907.669s][debug][safepoint   ] Safepoint synchronization initiated using striped semaphore wait barrier. (259 threads)
[2025-04-03T14:14:11.437-0400][77907.669s][info ][gc,start    ] GC(406) Pause Young (Normal) (G1 Evacuation Pause)
[2025-04-03T14:14:11.437-0400][77907.669s][info ][gc,task     ] GC(406) Using 23 workers of 23 for evacuation
[2025-04-03T14:14:11.442-0400][77907.675s][info ][gc,phases   ] GC(406)   Pre Evacuate Collection Set: 0.3ms
[2025-04-03T14:14:11.442-0400][77907.675s][info ][gc,phases   ] GC(406)   Merge Heap Roots: 0.1ms
[2025-04-03T14:14:11.442-0400][77907.675s][info ][gc,phases   ] GC(406)   Evacuate Collection Set: 4.5ms
[2025-04-03T14:14:11.442-0400][77907.675s][info ][gc,phases   ] GC(406)   Post Evacuate Collection Set: 0.8ms
[2025-04-03T14:14:11.442-0400][77907.675s][info ][gc,phases   ] GC(406)   Other: 0.1ms
[2025-04-03T14:14:11.442-0400][77907.675s][info ][gc,heap     ] GC(406) Eden regions: 253->0(251)
[2025-04-03T14:14:11.442-0400][77907.675s][info ][gc,heap     ] GC(406) Survivor regions: 7->8(33)
[2025-04-03T14:14:11.442-0400][77907.675s][info ][gc,heap     ] GC(406) Old regions: 191->191
[2025-04-03T14:14:11.442-0400][77907.675s][info ][gc,heap     ] GC(406) Archive regions: 0->0
[2025-04-03T14:14:11.442-0400][77907.675s][info ][gc,heap     ] GC(406) Humongous regions: 2->2
[2025-04-03T14:14:11.442-0400][77907.675s][info ][gc,metaspace] GC(406) Metaspace: 196373K(198144K)->196373K(198144K) NonClass: 172949K(173888K)->172949K(173888K) Class: 23424K(24256K)->23424K(24256K)
[2025-04-03T14:14:11.442-0400][77907.675s][info ][gc          ] GC(406) Pause Young (Normal) (G1 Evacuation Pause) 451M->200M(512M) 5.832ms
[2025-04-03T14:14:11.443-0400][77907.675s][info ][gc,cpu      ] GC(406) User=0.05s Sys=0.02s Real=0.01s
[2025-04-03T14:14:11.443-0400][77907.675s][info ][safepoint   ] Safepoint "G1CollectForAllocation", Time since last: 46529423400 ns, Reaching safepoint: 42000 ns, Cleanup: 2900 ns, At safepoint: 5942000 ns, Total: 5986900 ns
[2025-04-03T14:17:25.202-0400][78101.434s][debug][safepoint   ] Safepoint synchronization initiated using striped semaphore wait barrier. (248 threads)
[2025-04-03T14:17:25.202-0400][78101.434s][info ][gc,start    ] GC(407) Pause Young (Normal) (G1 Evacuation Pause)
[2025-04-03T14:17:25.202-0400][78101.434s][info ][gc,task     ] GC(407) Using 23 workers of 23 for evacuation
[2025-04-03T14:17:25.211-0400][78101.443s][info ][gc,phases   ] GC(407)   Pre Evacuate Collection Set: 0.1ms
[2025-04-03T14:17:25.211-0400][78101.443s][info ][gc,phases   ] GC(407)   Merge Heap Roots: 0.2ms
[2025-04-03T14:17:25.211-0400][78101.443s][info ][gc,phases   ] GC(407)   Evacuate Collection Set: 6.8ms
[2025-04-03T14:17:25.211-0400][78101.443s][info ][gc,phases   ] GC(407)   Post Evacuate Collection Set: 1.5ms
[2025-04-03T14:17:25.211-0400][78101.443s][info ][gc,phases   ] GC(407)   Other: 0.1ms
[2025-04-03T14:17:25.211-0400][78101.443s][info ][gc,heap     ] GC(407) Eden regions: 251->0(249)
[2025-04-03T14:17:25.211-0400][78101.443s][info ][gc,heap     ] GC(407) Survivor regions: 8->9(33)
[2025-04-03T14:17:25.211-0400][78101.443s][info ][gc,heap     ] GC(407) Old regions: 191->191
[2025-04-03T14:17:25.211-0400][78101.443s][info ][gc,heap     ] GC(407) Archive regions: 0->0
[2025-04-03T14:17:25.211-0400][78101.443s][info ][gc,heap     ] GC(407) Humongous regions: 2->2
[2025-04-03T14:17:25.211-0400][78101.443s][info ][gc,metaspace] GC(407) Metaspace: 196416K(198144K)->196416K(198144K) NonClass: 172989K(173888K)->172989K(173888K) Class: 23427K(24256K)->23427K(24256K)
[2025-04-03T14:17:25.211-0400][78101.443s][info ][gc          ] GC(407) Pause Young (Normal) (G1 Evacuation Pause) 451M->200M(512M) 8.886ms
[2025-04-03T14:17:25.211-0400][78101.443s][info ][gc,cpu      ] GC(407) User=0.03s Sys=0.00s Real=0.01s
[2025-04-03T14:17:25.211-0400][78101.443s][info ][safepoint   ] Safepoint "G1CollectForAllocation", Time since last: 193759123800 ns, Reaching safepoint: 72400 ns, Cleanup: 22300 ns, At safepoint: 8978400 ns, Total: 9073100 ns
[2025-04-03T14:17:28.212-0400][78104.444s][debug][safepoint   ] Safepoint synchronization initiated using striped semaphore wait barrier. (251 threads)
[2025-04-03T14:17:28.212-0400][78104.444s][info ][safepoint   ] Safepoint "Cleanup", Time since last: 3001284100 ns, Reaching safepoint: 60000 ns, Cleanup: 32500 ns, At safepoint: 1600 ns, Total: 94100 ns
[2025-04-03T14:17:36.606-0400][78112.838s][debug][safepoint   ] Safepoint synchronization initiated using striped semaphore wait barrier. (248 threads)
[2025-04-03T14:17:36.606-0400][78112.838s][info ][safepoint   ] Safepoint "Cleanup", Time since last: 8393803500 ns, Reaching safepoint: 47900 ns, Cleanup: 10300 ns, At safepoint: 1900 ns, Total: 60100 ns
[2025-04-03T14:17:45.612-0400][78121.844s][debug][safepoint   ] Safepoint synchronization initiated using striped semaphore wait barrier. (248 threads)
[2025-04-03T14:17:45.612-0400][78121.844s][info ][safepoint   ] Safepoint "Cleanup", Time since last: 9005371300 ns, Reaching safepoint: 57000 ns, Cleanup: 15600 ns, At safepoint: 1600 ns, Total: 74200 ns
[2025-04-03T14:17:55.619-0400][78131.851s][debug][safepoint   ] Safepoint synchronization initiated using striped semaphore wait barrier. (250 threads)
[2025-04-03T14:17:55.619-0400][78131.851s][info ][safepoint   ] Safepoint "Cleanup", Time since last: 10007156600 ns, Reaching safepoint: 51400 ns, Cleanup: 8600 ns, At safepoint: 1600 ns, Total: 61600 ns
[2025-04-03T14:18:06.624-0400][78142.856s][debug][safepoint   ] Safepoint synchronization initiated using striped semaphore wait barrier. (249 threads)
[2025-04-03T14:18:06.624-0400][78142.856s][info ][safepoint   ] Safepoint "Cleanup", Time since last: 11005256100 ns, Reaching safepoint: 47900 ns, Cleanup: 16600 ns, At safepoint: 2200 ns, Total: 66700 ns
[2025-04-03T14:18:15.469-0400][78151.701s][debug][safepoint   ] Safepoint synchronization initiated using striped semaphore wait barrier. (247 threads)
[2025-04-03T14:18:15.469-0400][78151.701s][debug][safepoint   ] ... found polling page loop exception at pc = 0x0000020b70a79b3c, stub =0x0000020b6fee7700
[2025-04-03T14:18:15.469-0400][78151.701s][info ][safepoint   ] Safepoint "Cleanup", Time since last: 8844615900 ns, Reaching safepoint: 70400 ns, Cleanup: 10000 ns, At safepoint: 9200 ns, Total: 89600 ns
[2025-04-03T14:18:16.478-0400][78152.710s][debug][safepoint   ] Safepoint synchronization initiated using striped semaphore wait barrier. (250 threads)
[2025-04-03T14:18:16.478-0400][78152.710s][info ][safepoint   ] Safepoint "Cleanup", Time since last: 1009145100 ns, Reaching safepoint: 42600 ns, Cleanup: 40100 ns, At safepoint: 1900 ns, Total: 84600 ns
[2025-04-03T14:18:18.479-0400][78154.711s][debug][safepoint   ] Safepoint synchronization initiated using striped semaphore wait barrier. (259 threads)
[2025-04-03T14:18:18.479-0400][78154.711s][info ][safepoint   ] Safepoint "Cleanup", Time since last: 2000927700 ns, Reaching safepoint: 76000 ns, Cleanup: 26400 ns, At safepoint: 1400 ns, Total: 103800 ns
[2025-04-03T14:18:19.479-0400][78155.712s][debug][safepoint   ] Safepoint synchronization initiated using striped semaphore wait barrier. (259 threads)
[2025-04-03T14:18:19.479-0400][78155.712s][info ][safepoint   ] Safepoint "Cleanup", Time since last: 1000335000 ns, Reaching safepoint: 157500 ns, Cleanup: 8000 ns, At safepoint: 1400 ns, Total: 166900 ns
[2025-04-03T14:18:26.483-0400][78162.715s][debug][safepoint   ] Safepoint synchronization initiated using striped semaphore wait barrier. (250 threads)
[2025-04-03T14:18:26.483-0400][78162.715s][info ][safepoint   ] Safepoint "Cleanup", Time since last: 7003260400 ns, Reaching safepoint: 58700 ns, Cleanup: 20100 ns, At safepoint: 1800 ns, Total: 80600 ns
[2025-04-03T14:18:27.484-0400][78163.716s][debug][safepoint   ] Safepoint synchronization initiated using striped semaphore wait barrier. (250 threads)
[2025-04-03T14:18:27.484-0400][78163.716s][info ][safepoint   ] Safepoint "Cleanup", Time since last: 1000838800 ns, Reaching safepoint: 53200 ns, Cleanup: 6700 ns, At safepoint: 1600 ns, Total: 61500 ns
[2025-04-03T14:18:28.716-0400][78164.948s][debug][safepoint   ] Safepoint synchronization initiated using striped semaphore wait barrier. (252 threads)
[2025-04-03T14:18:28.716-0400][78164.948s][info ][safepoint   ] Safepoint "Cleanup", Time since last: 1232369000 ns, Reaching safepoint: 39700 ns, Cleanup: 14800 ns, At safepoint: 1100 ns, Total: 55600 ns
[2025-04-03T14:18:29.717-0400][78165.949s][debug][safepoint   ] Safepoint synchronization initiated using striped semaphore wait barrier. (250 threads)
[2025-04-03T14:18:29.717-0400][78165.949s][info ][safepoint   ] Safepoint "Cleanup", Time since last: 1000237600 ns, Reaching safepoint: 47900 ns, Cleanup: 7900 ns, At safepoint: 1200 ns, Total: 57000 ns
[2025-04-03T14:18:38.720-0400][78174.952s][debug][safepoint   ] Safepoint synchronization initiated using striped semaphore wait barrier. (252 threads)
[2025-04-03T14:18:38.720-0400][78174.952s][info ][safepoint   ] Safepoint "Cleanup", Time since last: 9003679200 ns, Reaching safepoint: 51700 ns, Cleanup: 11500 ns, At safepoint: 1400 ns, Total: 64600 ns
[2025-04-03T14:18:39.721-0400][78175.953s][debug][safepoint   ] Safepoint synchronization initiated using striped semaphore wait barrier. (252 threads)
[2025-04-03T14:18:39.721-0400][78175.953s][info ][safepoint   ] Safepoint "Cleanup", Time since last: 1000191300 ns, Reaching safepoint: 96500 ns, Cleanup: 8400 ns, At safepoint: 1800 ns, Total: 106700 ns
[2025-04-03T14:18:40.723-0400][78176.955s][debug][safepoint   ] Safepoint synchronization initiated using striped semaphore wait barrier. (252 threads)
[2025-04-03T14:18:40.723-0400][78176.955s][info ][safepoint   ] Safepoint "Cleanup", Time since last: 1002047400 ns, Reaching safepoint: 38900 ns, Cleanup: 8800 ns, At safepoint: 1200 ns, Total: 48900 ns
[2025-04-03T14:18:44.724-0400][78180.956s][debug][safepoint   ] Safepoint synchronization initiated using striped semaphore wait barrier. (255 threads)
[2025-04-03T14:18:44.724-0400][78180.956s][info ][safepoint   ] Safepoint "Cleanup", Time since last: 4001453600 ns, Reaching safepoint: 82300 ns, Cleanup: 40700 ns, At safepoint: 2000 ns, Total: 125000 ns
[2025-04-03T14:18:49.726-0400][78185.958s][debug][safepoint   ] Safepoint synchronization initiated using striped semaphore wait barrier. (250 threads)
[2025-04-03T14:18:49.726-0400][78185.958s][info ][safepoint   ] Safepoint "Cleanup", Time since last: 5001967700 ns, Reaching safepoint: 50200 ns, Cleanup: 7600 ns, At safepoint: 1300 ns, Total: 59100 ns
[2025-04-03T14:18:56.730-0400][78192.962s][debug][safepoint   ] Safepoint synchronization initiated using striped semaphore wait barrier. (250 threads)
[2025-04-03T14:18:56.730-0400][78192.962s][info ][safepoint   ] Safepoint "Cleanup", Time since last: 7003440700 ns, Reaching safepoint: 117800 ns, Cleanup: 11600 ns, At safepoint: 1500 ns, Total: 130900 ns
[2025-04-03T14:18:58.731-0400][78194.963s][debug][safepoint   ] Safepoint synchronization initiated using striped semaphore wait barrier. (250 threads)
[2025-04-03T14:18:58.731-0400][78194.963s][info ][safepoint   ] Safepoint "Cleanup", Time since last: 2001429400 ns, Reaching safepoint: 67600 ns, Cleanup: 17300 ns, At safepoint: 1800 ns, Total: 86700 ns
[2025-04-03T14:19:01.732-0400][78197.964s][debug][safepoint   ] Safepoint synchronization initiated using striped semaphore wait barrier. (250 threads)
[2025-04-03T14:19:01.732-0400][78197.964s][debug][safepoint   ] ... found polling page loop exception at pc = 0x0000020b71fd54b2, stub =0x0000020b6fee7700
[2025-04-03T14:19:01.732-0400][78197.964s][info ][safepoint   ] Safepoint "Cleanup", Time since last: 3000163300 ns, Reaching safepoint: 80600 ns, Cleanup: 10300 ns, At safepoint: 5900 ns, Total: 96800 ns
[2025-04-03T14:19:02.732-0400][78198.964s][debug][safepoint   ] Safepoint synchronization initiated using striped semaphore wait barrier. (250 threads)
[2025-04-03T14:19:02.732-0400][78198.964s][info ][safepoint   ] Safepoint "Cleanup", Time since last: 1000586300 ns, Reaching safepoint: 109700 ns, Cleanup: 14300 ns, At safepoint: 2000 ns, Total: 126000 ns
[2025-04-03T14:19:09.735-0400][78205.967s][debug][safepoint   ] Safepoint synchronization initiated using striped semaphore wait barrier. (250 threads)
[2025-04-03T14:19:09.735-0400][78205.967s][info ][safepoint   ] Safepoint "Cleanup", Time since last: 7002945400 ns, Reaching safepoint: 52600 ns, Cleanup: 7500 ns, At safepoint: 1600 ns, Total: 61700 ns
[2025-04-03T14:19:19.726-0400][78215.958s][debug][safepoint   ] Safepoint synchronization initiated using striped semaphore wait barrier. (247 threads)
[2025-04-03T14:19:19.726-0400][78215.958s][info ][gc,start    ] GC(408) Pause Young (Normal) (G1 Evacuation Pause)
[2025-04-03T14:19:19.726-0400][78215.958s][info ][gc,task     ] GC(408) Using 23 workers of 23 for evacuation
[2025-04-03T14:19:19.729-0400][78215.962s][info ][gc,phases   ] GC(408)   Pre Evacuate Collection Set: 0.3ms
[2025-04-03T14:19:19.729-0400][78215.962s][info ][gc,phases   ] GC(408)   Merge Heap Roots: 0.3ms
[2025-04-03T14:19:19.729-0400][78215.962s][info ][gc,phases   ] GC(408)   Evacuate Collection Set: 1.8ms
[2025-04-03T14:19:19.729-0400][78215.962s][info ][gc,phases   ] GC(408)   Post Evacuate Collection Set: 1.3ms
[2025-04-03T14:19:19.729-0400][78215.962s][info ][gc,phases   ] GC(408)   Other: 0.1ms
[2025-04-03T14:19:19.729-0400][78215.962s][info ][gc,heap     ] GC(408) Eden regions: 249->0(247)
[2025-04-03T14:19:19.729-0400][78215.962s][info ][gc,heap     ] GC(408) Survivor regions: 9->10(33)
[2025-04-03T14:19:19.729-0400][78215.962s][info ][gc,heap     ] GC(408) Old regions: 191->191
[2025-04-03T14:19:19.729-0400][78215.962s][info ][gc,heap     ] GC(408) Archive regions: 0->0
[2025-04-03T14:19:19.730-0400][78215.962s][info ][gc,heap     ] GC(408) Humongous regions: 2->2
[2025-04-03T14:19:19.730-0400][78215.962s][info ][gc,metaspace] GC(408) Metaspace: 196877K(198656K)->196877K(198656K) NonClass: 173407K(174336K)->173407K(174336K) Class: 23469K(24320K)->23469K(24320K)
[2025-04-03T14:19:19.730-0400][78215.962s][info ][gc          ] GC(408) Pause Young (Normal) (G1 Evacuation Pause) 449M->201M(512M) 3.935ms
[2025-04-03T14:19:19.730-0400][78215.962s][info ][gc,cpu      ] GC(408) User=0.00s Sys=0.00s Real=0.00s
[2025-04-03T14:19:19.730-0400][78215.962s][info ][safepoint   ] Safepoint "G1CollectForAllocation", Time since last: 9990613900 ns, Reaching safepoint: 67900 ns, Cleanup: 6400 ns, At safepoint: 4075600 ns, Total: 4149900 ns
[2025-04-03T14:19:25.733-0400][78221.965s][debug][safepoint   ] Safepoint synchronization initiated using striped semaphore wait barrier. (248 threads)
[2025-04-03T14:19:25.733-0400][78221.966s][info ][safepoint   ] Safepoint "Cleanup", Time since last: 6003250500 ns, Reaching safepoint: 81700 ns, Cleanup: 17500 ns, At safepoint: 1500 ns, Total: 100700 ns
[2025-04-03T14:19:27.735-0400][78223.967s][debug][safepoint   ] Safepoint synchronization initiated using striped semaphore wait barrier. (247 threads)
[2025-04-03T14:19:27.735-0400][78223.967s][info ][safepoint   ] Safepoint "Cleanup", Time since last: 2000960700 ns, Reaching safepoint: 46300 ns, Cleanup: 68600 ns, At safepoint: 8300 ns, Total: 123200 ns
[2025-04-03T14:19:28.735-0400][78224.967s][debug][safepoint   ] Safepoint synchronization initiated using striped semaphore wait barrier. (247 threads)
[2025-04-03T14:19:28.735-0400][78224.967s][info ][safepoint   ] Safepoint "Cleanup", Time since last: 1000276800 ns, Reaching safepoint: 48900 ns, Cleanup: 9300 ns, At safepoint: 1700 ns, Total: 59900 ns
[2025-04-03T14:19:34.835-0400][78231.067s][debug][safepoint   ] Safepoint synchronization initiated using striped semaphore wait barrier. (250 threads)
[2025-04-03T14:19:34.835-0400][78231.068s][info ][safepoint   ] Safepoint "Cleanup", Time since last: 6100391700 ns, Reaching safepoint: 81700 ns, Cleanup: 41000 ns, At safepoint: 2200 ns, Total: 124900 ns
[2025-04-03T14:19:39.838-0400][78236.070s][debug][safepoint   ] Safepoint synchronization initiated using striped semaphore wait barrier. (250 threads)
[2025-04-03T14:19:39.838-0400][78236.070s][info ][safepoint   ] Safepoint "Cleanup", Time since last: 5002472600 ns, Reaching safepoint: 55600 ns, Cleanup: 12700 ns, At safepoint: 1300 ns, Total: 69600 ns
[2025-04-03T14:19:43.840-0400][78240.072s][debug][safepoint   ] Safepoint synchronization initiated using striped semaphore wait barrier. (250 threads)
[2025-04-03T14:19:43.840-0400][78240.072s][info ][safepoint   ] Safepoint "Cleanup", Time since last: 4001959000 ns, Reaching safepoint: 50000 ns, Cleanup: 11500 ns, At safepoint: 1300 ns, Total: 62800 ns
[2025-04-03T14:19:44.841-0400][78241.073s][debug][safepoint   ] Safepoint synchronization initiated using striped semaphore wait barrier. (252 threads)
[2025-04-03T14:19:44.841-0400][78241.073s][info ][safepoint   ] Safepoint "Cleanup", Time since last: 1000430600 ns, Reaching safepoint: 49100 ns, Cleanup: 7200 ns, At safepoint: 1200 ns, Total: 57500 ns
[2025-04-03T14:20:29.951-0400][78286.183s][debug][safepoint   ] Safepoint synchronization initiated using striped semaphore wait barrier. (250 threads)
[2025-04-03T14:20:29.951-0400][78286.183s][info ][safepoint   ] Safepoint "Cleanup", Time since last: 45110814400 ns, Reaching safepoint: 46000 ns, Cleanup: 7800 ns, At safepoint: 3700 ns, Total: 57500 ns
[2025-04-03T14:22:20.109-0400][78396.341s][debug][safepoint   ] Safepoint synchronization initiated using striped semaphore wait barrier. (243 threads)
[2025-04-03T14:22:20.109-0400][78396.341s][info ][safepoint   ] Safepoint "Cleanup", Time since last: 110157147300 ns, Reaching safepoint: 78100 ns, Cleanup: 7100 ns, At safepoint: 1400 ns, Total: 86600 ns
[2025-04-03T14:22:25.517-0400][78401.749s][debug][safepoint   ] Safepoint synchronization initiated using striped semaphore wait barrier. (243 threads)
[2025-04-03T14:22:25.517-0400][78401.750s][info ][gc,start    ] GC(409) Pause Young (Normal) (G1 Evacuation Pause)
[2025-04-03T14:22:25.517-0400][78401.750s][info ][gc,task     ] GC(409) Using 23 workers of 23 for evacuation
[2025-04-03T14:22:25.523-0400][78401.756s][info ][gc,phases   ] GC(409)   Pre Evacuate Collection Set: 0.1ms
[2025-04-03T14:22:25.523-0400][78401.756s][info ][gc,phases   ] GC(409)   Merge Heap Roots: 0.1ms
[2025-04-03T14:22:25.523-0400][78401.756s][info ][gc,phases   ] GC(409)   Evacuate Collection Set: 5.2ms
[2025-04-03T14:22:25.523-0400][78401.756s][info ][gc,phases   ] GC(409)   Post Evacuate Collection Set: 1.2ms
[2025-04-03T14:22:25.523-0400][78401.756s][info ][gc,phases   ] GC(409)   Other: 0.1ms
[2025-04-03T14:22:25.523-0400][78401.756s][info ][gc,heap     ] GC(409) Eden regions: 247->0(249)
[2025-04-03T14:22:25.523-0400][78401.756s][info ][gc,heap     ] GC(409) Survivor regions: 10->9(33)
[2025-04-03T14:22:25.523-0400][78401.756s][info ][gc,heap     ] GC(409) Old regions: 191->191
[2025-04-03T14:22:25.523-0400][78401.756s][info ][gc,heap     ] GC(409) Archive regions: 0->0
[2025-04-03T14:22:25.523-0400][78401.756s][info ][gc,heap     ] GC(409) Humongous regions: 2->2
[2025-04-03T14:22:25.523-0400][78401.756s][info ][gc,metaspace] GC(409) Metaspace: 196944K(198720K)->196944K(198720K) NonClass: 173467K(174400K)->173467K(174400K) Class: 23476K(24320K)->23476K(24320K)
[2025-04-03T14:22:25.524-0400][78401.756s][info ][gc          ] GC(409) Pause Young (Normal) (G1 Evacuation Pause) 448M->200M(512M) 6.854ms
[2025-04-03T14:22:25.524-0400][78401.756s][info ][gc,cpu      ] GC(409) User=0.02s Sys=0.00s Real=0.01s
[2025-04-03T14:22:25.524-0400][78401.756s][info ][safepoint   ] Safepoint "G1CollectForAllocation", Time since last: 5408721900 ns, Reaching safepoint: 62900 ns, Cleanup: 2400 ns, At safepoint: 6943100 ns, Total: 7008400 ns
[2025-04-03T14:22:53.219-0400][78429.451s][debug][safepoint   ] Safepoint synchronization initiated using striped semaphore wait barrier. (243 threads)
[2025-04-03T14:22:53.219-0400][78429.451s][info ][safepoint   ] Safepoint "Cleanup", Time since last: 27694189500 ns, Reaching safepoint: 51900 ns, Cleanup: 8600 ns, At safepoint: 1300 ns, Total: 61800 ns
[2025-04-03T14:23:01.223-0400][78437.455s][debug][safepoint   ] Safepoint synchronization initiated using striped semaphore wait barrier. (247 threads)
[2025-04-03T14:23:01.223-0400][78437.455s][info ][safepoint   ] Safepoint "Cleanup", Time since last: 8003956600 ns, Reaching safepoint: 120300 ns, Cleanup: 28100 ns, At safepoint: 2100 ns, Total: 150500 ns
[2025-04-03T14:23:25.895-0400][78462.127s][debug][safepoint   ] Safepoint synchronization initiated using striped semaphore wait barrier. (248 threads)
[2025-04-03T14:23:25.895-0400][78462.127s][info ][safepoint   ] Safepoint "Cleanup", Time since last: 24671872500 ns, Reaching safepoint: 130000 ns, Cleanup: 5600 ns, At safepoint: 5300 ns, Total: 140900 ns
[2025-04-03T14:23:27.019-0400][78463.251s][debug][safepoint   ] Safepoint synchronization initiated using striped semaphore wait barrier. (258 threads)
[2025-04-03T14:23:27.019-0400][78463.251s][info ][safepoint   ] Safepoint "Cleanup", Time since last: 1124390400 ns, Reaching safepoint: 48700 ns, Cleanup: 61100 ns, At safepoint: 1700 ns, Total: 111500 ns
[2025-04-03T14:23:29.021-0400][78465.253s][debug][safepoint   ] Safepoint synchronization initiated using striped semaphore wait barrier. (258 threads)
[2025-04-03T14:23:29.021-0400][78465.253s][info ][safepoint   ] Safepoint "Cleanup", Time since last: 2001712200 ns, Reaching safepoint: 48300 ns, Cleanup: 7300 ns, At safepoint: 1600 ns, Total: 57200 ns
[2025-04-03T14:23:30.334-0400][78466.566s][debug][safepoint   ] Safepoint synchronization initiated using striped semaphore wait barrier. (257 threads)
[2025-04-03T14:23:30.334-0400][78466.566s][info ][safepoint   ] Safepoint "Cleanup", Time since last: 1313230900 ns, Reaching safepoint: 84400 ns, Cleanup: 10000 ns, At safepoint: 1500 ns, Total: 95900 ns
[2025-04-03T14:23:37.338-0400][78473.570s][debug][safepoint   ] Safepoint synchronization initiated using striped semaphore wait barrier. (259 threads)
[2025-04-03T14:23:37.338-0400][78473.570s][info ][safepoint   ] Safepoint "Cleanup", Time since last: 7003823900 ns, Reaching safepoint: 167800 ns, Cleanup: 13600 ns, At safepoint: 1400 ns, Total: 182800 ns
[2025-04-03T14:23:39.338-0400][78475.570s][debug][safepoint   ] Safepoint synchronization initiated using striped semaphore wait barrier. (260 threads)
[2025-04-03T14:23:39.338-0400][78475.570s][info ][safepoint   ] Safepoint "Cleanup", Time since last: 1999947500 ns, Reaching safepoint: 52500 ns, Cleanup: 13000 ns, At safepoint: 1500 ns, Total: 67000 ns
[2025-04-03T14:23:41.339-0400][78477.571s][debug][safepoint   ] Safepoint synchronization initiated using striped semaphore wait barrier. (260 threads)
[2025-04-03T14:23:41.339-0400][78477.572s][info ][safepoint   ] Safepoint "Cleanup", Time since last: 2001064300 ns, Reaching safepoint: 49700 ns, Cleanup: 12700 ns, At safepoint: 1400 ns, Total: 63800 ns
[2025-04-03T14:23:42.340-0400][78478.572s][debug][safepoint   ] Safepoint synchronization initiated using striped semaphore wait barrier. (260 threads)
[2025-04-03T14:23:42.340-0400][78478.572s][info ][safepoint   ] Safepoint "Cleanup", Time since last: 1000641800 ns, Reaching safepoint: 49800 ns, Cleanup: 7000 ns, At safepoint: 6900 ns, Total: 63700 ns
[2025-04-03T14:23:43.341-0400][78479.573s][debug][safepoint   ] Safepoint synchronization initiated using striped semaphore wait barrier. (259 threads)
[2025-04-03T14:23:43.341-0400][78479.573s][info ][safepoint   ] Safepoint "Cleanup", Time since last: 1000848800 ns, Reaching safepoint: 48000 ns, Cleanup: 12500 ns, At safepoint: 1500 ns, Total: 62000 ns
[2025-04-03T14:23:44.342-0400][78480.574s][debug][safepoint   ] Safepoint synchronization initiated using striped semaphore wait barrier. (259 threads)
[2025-04-03T14:23:44.342-0400][78480.574s][info ][safepoint   ] Safepoint "Cleanup", Time since last: 1000960400 ns, Reaching safepoint: 59300 ns, Cleanup: 8200 ns, At safepoint: 1900 ns, Total: 69400 ns
[2025-04-03T14:23:52.346-0400][78488.578s][debug][safepoint   ] Safepoint synchronization initiated using striped semaphore wait barrier. (259 threads)
[2025-04-03T14:23:52.346-0400][78488.579s][info ][safepoint   ] Safepoint "Cleanup", Time since last: 8004247600 ns, Reaching safepoint: 85200 ns, Cleanup: 8700 ns, At safepoint: 1800 ns, Total: 95700 ns
[2025-04-03T14:24:07.355-0400][78503.587s][debug][safepoint   ] Safepoint synchronization initiated using striped semaphore wait barrier. (260 threads)
[2025-04-03T14:24:07.355-0400][78503.587s][info ][safepoint   ] Safepoint "Cleanup", Time since last: 15008680200 ns, Reaching safepoint: 137700 ns, Cleanup: 7900 ns, At safepoint: 1700 ns, Total: 147300 ns
[2025-04-03T14:24:08.356-0400][78504.588s][debug][safepoint   ] Safepoint synchronization initiated using striped semaphore wait barrier. (259 threads)
[2025-04-03T14:24:08.356-0400][78504.588s][info ][safepoint   ] Safepoint "Cleanup", Time since last: 1000888900 ns, Reaching safepoint: 48300 ns, Cleanup: 8100 ns, At safepoint: 1600 ns, Total: 58000 ns
[2025-04-03T14:24:19.361-0400][78515.593s][debug][safepoint   ] Safepoint synchronization initiated using striped semaphore wait barrier. (259 threads)
[2025-04-03T14:24:19.361-0400][78515.593s][info ][safepoint   ] Safepoint "Cleanup", Time since last: 11004923800 ns, Reaching safepoint: 151500 ns, Cleanup: 14700 ns, At safepoint: 1700 ns, Total: 167900 ns
[2025-04-03T14:24:46.641-0400][78542.874s][debug][safepoint   ] Safepoint synchronization initiated using striped semaphore wait barrier. (254 threads)
[2025-04-03T14:24:46.641-0400][78542.874s][info ][gc,start    ] GC(410) Pause Young (Normal) (G1 Evacuation Pause)
[2025-04-03T14:24:46.641-0400][78542.874s][info ][gc,task     ] GC(410) Using 23 workers of 23 for evacuation
[2025-04-03T14:24:46.646-0400][78542.879s][info ][gc,phases   ] GC(410)   Pre Evacuate Collection Set: 0.4ms
[2025-04-03T14:24:46.646-0400][78542.879s][info ][gc,phases   ] GC(410)   Merge Heap Roots: 0.2ms
[2025-04-03T14:24:46.646-0400][78542.879s][info ][gc,phases   ] GC(410)   Evacuate Collection Set: 2.5ms
[2025-04-03T14:24:46.646-0400][78542.879s][info ][gc,phases   ] GC(410)   Post Evacuate Collection Set: 1.6ms
[2025-04-03T14:24:46.646-0400][78542.879s][info ][gc,phases   ] GC(410)   Other: 0.2ms
[2025-04-03T14:24:46.646-0400][78542.879s][info ][gc,heap     ] GC(410) Eden regions: 249->0(245)
[2025-04-03T14:24:46.646-0400][78542.879s][info ][gc,heap     ] GC(410) Survivor regions: 9->11(33)
[2025-04-03T14:24:46.646-0400][78542.879s][info ][gc,heap     ] GC(410) Old regions: 191->191
[2025-04-03T14:24:46.646-0400][78542.879s][info ][gc,heap     ] GC(410) Archive regions: 0->0
[2025-04-03T14:24:46.646-0400][78542.879s][info ][gc,heap     ] GC(410) Humongous regions: 2->2
[2025-04-03T14:24:46.646-0400][78542.879s][info ][gc,metaspace] GC(410) Metaspace: 199062K(200832K)->199062K(200832K) NonClass: 175324K(176192K)->175324K(176192K) Class: 23737K(24640K)->23737K(24640K)
[2025-04-03T14:24:46.646-0400][78542.879s][info ][gc          ] GC(410) Pause Young (Normal) (G1 Evacuation Pause) 449M->203M(512M) 4.988ms
[2025-04-03T14:24:46.646-0400][78542.879s][info ][gc,cpu      ] GC(410) User=0.06s Sys=0.00s Real=0.00s
[2025-04-03T14:24:46.646-0400][78542.879s][info ][safepoint   ] Safepoint "G1CollectForAllocation", Time since last: 27280312000 ns, Reaching safepoint: 62100 ns, Cleanup: 16100 ns, At safepoint: 5112400 ns, Total: 5190600 ns
[2025-04-03T14:24:58.653-0400][78554.885s][debug][safepoint   ] Safepoint synchronization initiated using striped semaphore wait barrier. (254 threads)
[2025-04-03T14:24:58.653-0400][78554.885s][info ][safepoint   ] Safepoint "Cleanup", Time since last: 12005672100 ns, Reaching safepoint: 111300 ns, Cleanup: 10200 ns, At safepoint: 1600 ns, Total: 123100 ns
[2025-04-03T14:25:01.654-0400][78557.886s][debug][safepoint   ] Safepoint synchronization initiated using striped semaphore wait barrier. (255 threads)
[2025-04-03T14:25:01.654-0400][78557.886s][info ][safepoint   ] Safepoint "Cleanup", Time since last: 3001662700 ns, Reaching safepoint: 44000 ns, Cleanup: 10200 ns, At safepoint: 1600 ns, Total: 55800 ns
[2025-04-03T14:25:02.655-0400][78558.887s][debug][safepoint   ] Safepoint synchronization initiated using striped semaphore wait barrier. (258 threads)
[2025-04-03T14:25:02.655-0400][78558.887s][info ][safepoint   ] Safepoint "Cleanup", Time since last: 1000653900 ns, Reaching safepoint: 50000 ns, Cleanup: 27200 ns, At safepoint: 3600 ns, Total: 80800 ns
[2025-04-03T14:25:10.659-0400][78566.891s][debug][safepoint   ] Safepoint synchronization initiated using striped semaphore wait barrier. (255 threads)
[2025-04-03T14:25:10.659-0400][78566.891s][info ][safepoint   ] Safepoint "Cleanup", Time since last: 8004190000 ns, Reaching safepoint: 45700 ns, Cleanup: 15200 ns, At safepoint: 1700 ns, Total: 62600 ns
[2025-04-03T14:25:16.667-0400][78572.899s][debug][safepoint   ] Safepoint synchronization initiated using striped semaphore wait barrier. (254 threads)
[2025-04-03T14:25:16.667-0400][78572.899s][info ][safepoint   ] Safepoint "Cleanup", Time since last: 6007327300 ns, Reaching safepoint: 41200 ns, Cleanup: 8900 ns, At safepoint: 1700 ns, Total: 51800 ns
[2025-04-03T14:25:30.575-0400][78586.807s][debug][safepoint   ] Safepoint synchronization initiated using striped semaphore wait barrier. (253 threads)
[2025-04-03T14:25:30.575-0400][78586.807s][info ][safepoint   ] Safepoint "Cleanup", Time since last: 13908183200 ns, Reaching safepoint: 57900 ns, Cleanup: 14000 ns, At safepoint: 1900 ns, Total: 73800 ns
[2025-04-03T14:25:34.576-0400][78590.808s][debug][safepoint   ] Safepoint synchronization initiated using striped semaphore wait barrier. (253 threads)
[2025-04-03T14:25:34.576-0400][78590.808s][info ][safepoint   ] Safepoint "Cleanup", Time since last: 4000762000 ns, Reaching safepoint: 140800 ns, Cleanup: 8800 ns, At safepoint: 1400 ns, Total: 151000 ns
[2025-04-03T14:25:48.584-0400][78604.816s][debug][safepoint   ] Safepoint synchronization initiated using striped semaphore wait barrier. (253 threads)
[2025-04-03T14:25:48.584-0400][78604.816s][info ][safepoint   ] Safepoint "Cleanup", Time since last: 14008117100 ns, Reaching safepoint: 55900 ns, Cleanup: 7400 ns, At safepoint: 1800 ns, Total: 65100 ns
[2025-04-03T14:25:49.584-0400][78605.816s][debug][safepoint   ] Safepoint synchronization initiated using striped semaphore wait barrier. (253 threads)
[2025-04-03T14:25:49.584-0400][78605.816s][info ][safepoint   ] Safepoint "Cleanup", Time since last: 1000013200 ns, Reaching safepoint: 49900 ns, Cleanup: 7400 ns, At safepoint: 1500 ns, Total: 58800 ns
[2025-04-03T14:27:01.724-0400][78677.956s][debug][safepoint   ] Safepoint synchronization initiated using striped semaphore wait barrier. (250 threads)
[2025-04-03T14:27:01.724-0400][78677.956s][info ][safepoint   ] Safepoint "Cleanup", Time since last: 72139805000 ns, Reaching safepoint: 62500 ns, Cleanup: 11500 ns, At safepoint: 1700 ns, Total: 75700 ns
[2025-04-03T14:27:12.728-0400][78688.960s][debug][safepoint   ] Safepoint synchronization initiated using striped semaphore wait barrier. (250 threads)
[2025-04-03T14:27:12.728-0400][78688.960s][info ][safepoint   ] Safepoint "Cleanup", Time since last: 11004237200 ns, Reaching safepoint: 111400 ns, Cleanup: 11000 ns, At safepoint: 1700 ns, Total: 124100 ns
[2025-04-03T14:27:51.534-0400][78727.766s][debug][safepoint   ] Safepoint synchronization initiated using striped semaphore wait barrier. (247 threads)
[2025-04-03T14:27:51.534-0400][78727.766s][info ][gc,start    ] GC(411) Pause Young (Normal) (G1 Evacuation Pause)
[2025-04-03T14:27:51.534-0400][78727.766s][info ][gc,task     ] GC(411) Using 23 workers of 23 for evacuation
[2025-04-03T14:27:51.542-0400][78727.774s][info ][gc,phases   ] GC(411)   Pre Evacuate Collection Set: 0.1ms
[2025-04-03T14:27:51.542-0400][78727.774s][info ][gc,phases   ] GC(411)   Merge Heap Roots: 0.1ms
[2025-04-03T14:27:51.542-0400][78727.774s][info ][gc,phases   ] GC(411)   Evacuate Collection Set: 6.4ms
[2025-04-03T14:27:51.542-0400][78727.774s][info ][gc,phases   ] GC(411)   Post Evacuate Collection Set: 1.4ms
[2025-04-03T14:27:51.542-0400][78727.774s][info ][gc,phases   ] GC(411)   Other: 0.1ms
[2025-04-03T14:27:51.542-0400][78727.774s][info ][gc,heap     ] GC(411) Eden regions: 245->0(246)
[2025-04-03T14:27:51.542-0400][78727.774s][info ][gc,heap     ] GC(411) Survivor regions: 11->10(32)
[2025-04-03T14:27:51.542-0400][78727.774s][info ][gc,heap     ] GC(411) Old regions: 191->192
[2025-04-03T14:27:51.542-0400][78727.774s][info ][gc,heap     ] GC(411) Archive regions: 0->0
[2025-04-03T14:27:51.542-0400][78727.774s][info ][gc,heap     ] GC(411) Humongous regions: 2->2
[2025-04-03T14:27:51.542-0400][78727.774s][info ][gc,metaspace] GC(411) Metaspace: 199169K(200960K)->199169K(200960K) NonClass: 175423K(176320K)->175423K(176320K) Class: 23745K(24640K)->23745K(24640K)
[2025-04-03T14:27:51.542-0400][78727.774s][info ][gc          ] GC(411) Pause Young (Normal) (G1 Evacuation Pause) 448M->202M(512M) 8.211ms
[2025-04-03T14:27:51.542-0400][78727.774s][info ][gc,cpu      ] GC(411) User=0.00s Sys=0.00s Real=0.01s
[2025-04-03T14:27:51.542-0400][78727.774s][info ][safepoint   ] Safepoint "G1CollectForAllocation", Time since last: 38805642100 ns, Reaching safepoint: 47200 ns, Cleanup: 2200 ns, At safepoint: 8293800 ns, Total: 8343200 ns
[2025-04-03T14:30:20.025-0400][78876.257s][debug][safepoint   ] Safepoint synchronization initiated using striped semaphore wait barrier. (247 threads)
[2025-04-03T14:30:20.025-0400][78876.257s][info ][safepoint   ] Safepoint "Cleanup", Time since last: 148482521600 ns, Reaching safepoint: 112300 ns, Cleanup: 7400 ns, At safepoint: 1600 ns, Total: 121300 ns
[2025-04-03T14:31:16.597-0400][78932.829s][debug][safepoint   ] Safepoint synchronization initiated using striped semaphore wait barrier. (247 threads)
[2025-04-03T14:31:16.597-0400][78932.829s][info ][gc,start    ] GC(412) Pause Young (Normal) (G1 Evacuation Pause)
[2025-04-03T14:31:16.597-0400][78932.829s][info ][gc,task     ] GC(412) Using 23 workers of 23 for evacuation
[2025-04-03T14:31:16.607-0400][78932.839s][info ][gc,phases   ] GC(412)   Pre Evacuate Collection Set: 0.1ms
[2025-04-03T14:31:16.607-0400][78932.839s][info ][gc,phases   ] GC(412)   Merge Heap Roots: 0.1ms
[2025-04-03T14:31:16.607-0400][78932.839s][info ][gc,phases   ] GC(412)   Evacuate Collection Set: 8.3ms
[2025-04-03T14:31:16.607-0400][78932.839s][info ][gc,phases   ] GC(412)   Post Evacuate Collection Set: 1.9ms
[2025-04-03T14:31:16.607-0400][78932.839s][info ][gc,phases   ] GC(412)   Other: 0.1ms
[2025-04-03T14:31:16.607-0400][78932.839s][info ][gc,heap     ] GC(412) Eden regions: 246->0(246)
[2025-04-03T14:31:16.607-0400][78932.839s][info ][gc,heap     ] GC(412) Survivor regions: 10->10(32)
[2025-04-03T14:31:16.607-0400][78932.839s][info ][gc,heap     ] GC(412) Old regions: 192->192
[2025-04-03T14:31:16.607-0400][78932.839s][info ][gc,heap     ] GC(412) Archive regions: 0->0
[2025-04-03T14:31:16.607-0400][78932.839s][info ][gc,heap     ] GC(412) Humongous regions: 2->2
[2025-04-03T14:31:16.607-0400][78932.839s][info ][gc,metaspace] GC(412) Metaspace: 199171K(200960K)->199171K(200960K) NonClass: 175425K(176320K)->175425K(176320K) Class: 23745K(24640K)->23745K(24640K)
[2025-04-03T14:31:16.608-0400][78932.840s][info ][gc          ] GC(412) Pause Young (Normal) (G1 Evacuation Pause) 448M->203M(512M) 10.657ms
[2025-04-03T14:31:16.608-0400][78932.840s][info ][gc,cpu      ] GC(412) User=0.00s Sys=0.00s Real=0.01s
[2025-04-03T14:31:16.608-0400][78932.840s][info ][safepoint   ] Safepoint "G1CollectForAllocation", Time since last: 56571646100 ns, Reaching safepoint: 48300 ns, Cleanup: 2200 ns, At safepoint: 10909600 ns, Total: 10960100 ns
[2025-04-03T14:34:00.573-0400][79096.805s][debug][safepoint   ] Safepoint synchronization initiated using striped semaphore wait barrier. (248 threads)
[2025-04-03T14:34:00.573-0400][79096.805s][info ][safepoint   ] Safepoint "Cleanup", Time since last: 163964981300 ns, Reaching safepoint: 50000 ns, Cleanup: 9700 ns, At safepoint: 1700 ns, Total: 61400 ns
[2025-04-03T14:34:43.678-0400][79139.910s][debug][safepoint   ] Safepoint synchronization initiated using striped semaphore wait barrier. (248 threads)
[2025-04-03T14:34:43.678-0400][79139.910s][info ][gc,start    ] GC(413) Pause Young (Normal) (G1 Evacuation Pause)
[2025-04-03T14:34:43.678-0400][79139.910s][info ][gc,task     ] GC(413) Using 23 workers of 23 for evacuation
[2025-04-03T14:34:43.692-0400][79139.925s][info ][gc,phases   ] GC(413)   Pre Evacuate Collection Set: 0.1ms
[2025-04-03T14:34:43.692-0400][79139.925s][info ][gc,phases   ] GC(413)   Merge Heap Roots: 0.2ms
[2025-04-03T14:34:43.692-0400][79139.925s][info ][gc,phases   ] GC(413)   Evacuate Collection Set: 13.1ms
[2025-04-03T14:34:43.692-0400][79139.925s][info ][gc,phases   ] GC(413)   Post Evacuate Collection Set: 1.6ms
[2025-04-03T14:34:43.692-0400][79139.925s][info ][gc,phases   ] GC(413)   Other: 0.1ms
[2025-04-03T14:34:43.692-0400][79139.925s][info ][gc,heap     ] GC(413) Eden regions: 246->0(248)
[2025-04-03T14:34:43.692-0400][79139.925s][info ][gc,heap     ] GC(413) Survivor regions: 10->9(32)
[2025-04-03T14:34:43.692-0400][79139.925s][info ][gc,heap     ] GC(413) Old regions: 192->192
[2025-04-03T14:34:43.692-0400][79139.925s][info ][gc,heap     ] GC(413) Archive regions: 0->0
[2025-04-03T14:34:43.692-0400][79139.925s][info ][gc,heap     ] GC(413) Humongous regions: 2->2
[2025-04-03T14:34:43.692-0400][79139.925s][info ][gc,metaspace] GC(413) Metaspace: 199172K(200960K)->199172K(200960K) NonClass: 175426K(176320K)->175426K(176320K) Class: 23745K(24640K)->23745K(24640K)
[2025-04-03T14:34:43.692-0400][79139.925s][info ][gc          ] GC(413) Pause Young (Normal) (G1 Evacuation Pause) 449M->201M(512M) 15.147ms
[2025-04-03T14:34:43.692-0400][79139.925s][info ][gc,cpu      ] GC(413) User=0.02s Sys=0.00s Real=0.01s
[2025-04-03T14:34:43.692-0400][79139.925s][info ][safepoint   ] Safepoint "G1CollectForAllocation", Time since last: 43104912800 ns, Reaching safepoint: 53800 ns, Cleanup: 3100 ns, At safepoint: 15238400 ns, Total: 15295300 ns
[2025-04-03T14:36:12.835-0400][79229.067s][debug][safepoint   ] Safepoint synchronization initiated using striped semaphore wait barrier. (251 threads)
[2025-04-03T14:36:12.835-0400][79229.067s][info ][safepoint   ] Safepoint "Cleanup", Time since last: 89142297900 ns, Reaching safepoint: 57000 ns, Cleanup: 10800 ns, At safepoint: 1600 ns, Total: 69400 ns
[2025-04-03T14:38:09.970-0400][79346.202s][debug][safepoint   ] Safepoint synchronization initiated using striped semaphore wait barrier. (250 threads)
[2025-04-03T14:38:09.970-0400][79346.202s][info ][gc,start    ] GC(414) Pause Young (Normal) (G1 Evacuation Pause)
[2025-04-03T14:38:09.970-0400][79346.202s][info ][gc,task     ] GC(414) Using 23 workers of 23 for evacuation
[2025-04-03T14:38:09.979-0400][79346.212s][info ][gc,phases   ] GC(414)   Pre Evacuate Collection Set: 0.3ms
[2025-04-03T14:38:09.979-0400][79346.212s][info ][gc,phases   ] GC(414)   Merge Heap Roots: 0.2ms
[2025-04-03T14:38:09.980-0400][79346.212s][info ][gc,phases   ] GC(414)   Evacuate Collection Set: 7.7ms
[2025-04-03T14:38:09.980-0400][79346.212s][info ][gc,phases   ] GC(414)   Post Evacuate Collection Set: 1.6ms
[2025-04-03T14:38:09.980-0400][79346.212s][info ][gc,phases   ] GC(414)   Other: 0.1ms
[2025-04-03T14:38:09.980-0400][79346.212s][info ][gc,heap     ] GC(414) Eden regions: 248->0(248)
[2025-04-03T14:38:09.980-0400][79346.212s][info ][gc,heap     ] GC(414) Survivor regions: 9->9(33)
[2025-04-03T14:38:09.980-0400][79346.212s][info ][gc,heap     ] GC(414) Old regions: 192->192
[2025-04-03T14:38:09.980-0400][79346.212s][info ][gc,heap     ] GC(414) Archive regions: 0->0
[2025-04-03T14:38:09.980-0400][79346.212s][info ][gc,heap     ] GC(414) Humongous regions: 2->2
[2025-04-03T14:38:09.980-0400][79346.212s][info ][gc,metaspace] GC(414) Metaspace: 199195K(200960K)->199195K(200960K) NonClass: 175449K(176320K)->175449K(176320K) Class: 23745K(24640K)->23745K(24640K)
[2025-04-03T14:38:09.980-0400][79346.212s][info ][gc          ] GC(414) Pause Young (Normal) (G1 Evacuation Pause) 449M->202M(512M) 9.938ms
[2025-04-03T14:38:09.980-0400][79346.212s][info ][gc,cpu      ] GC(414) User=0.02s Sys=0.00s Real=0.01s
[2025-04-03T14:38:09.980-0400][79346.212s][info ][safepoint   ] Safepoint "G1CollectForAllocation", Time since last: 117134777900 ns, Reaching safepoint: 63100 ns, Cleanup: 2800 ns, At safepoint: 10029300 ns, Total: 10095200 ns
[2025-04-03T14:41:39.501-0400][79555.733s][debug][safepoint   ] Safepoint synchronization initiated using striped semaphore wait barrier. (247 threads)
[2025-04-03T14:41:39.501-0400][79555.733s][info ][gc,start    ] GC(415) Pause Young (Normal) (G1 Evacuation Pause)
[2025-04-03T14:41:39.501-0400][79555.733s][info ][gc,task     ] GC(415) Using 23 workers of 23 for evacuation
[2025-04-03T14:41:39.519-0400][79555.751s][info ][gc,phases   ] GC(415)   Pre Evacuate Collection Set: 0.1ms
[2025-04-03T14:41:39.519-0400][79555.751s][info ][gc,phases   ] GC(415)   Merge Heap Roots: 0.1ms
[2025-04-03T14:41:39.519-0400][79555.751s][info ][gc,phases   ] GC(415)   Evacuate Collection Set: 16.3ms
[2025-04-03T14:41:39.519-0400][79555.751s][info ][gc,phases   ] GC(415)   Post Evacuate Collection Set: 1.1ms
[2025-04-03T14:41:39.519-0400][79555.751s][info ][gc,phases   ] GC(415)   Other: 0.1ms
[2025-04-03T14:41:39.519-0400][79555.751s][info ][gc,heap     ] GC(415) Eden regions: 248->0(251)
[2025-04-03T14:41:39.519-0400][79555.751s][info ][gc,heap     ] GC(415) Survivor regions: 9->6(33)
[2025-04-03T14:41:39.519-0400][79555.751s][info ][gc,heap     ] GC(415) Old regions: 192->195
[2025-04-03T14:41:39.519-0400][79555.751s][info ][gc,heap     ] GC(415) Archive regions: 0->0
[2025-04-03T14:41:39.519-0400][79555.751s][info ][gc,heap     ] GC(415) Humongous regions: 2->2
[2025-04-03T14:41:39.519-0400][79555.751s][info ][gc,metaspace] GC(415) Metaspace: 199195K(200960K)->199195K(200960K) NonClass: 175449K(176320K)->175449K(176320K) Class: 23745K(24640K)->23745K(24640K)
[2025-04-03T14:41:39.519-0400][79555.751s][info ][gc          ] GC(415) Pause Young (Normal) (G1 Evacuation Pause) 450M->201M(512M) 17.850ms
[2025-04-03T14:41:39.519-0400][79555.751s][info ][gc,cpu      ] GC(415) User=0.03s Sys=0.00s Real=0.02s
[2025-04-03T14:41:39.519-0400][79555.751s][info ][safepoint   ] Safepoint "G1CollectForAllocation", Time since last: 209521125300 ns, Reaching safepoint: 90900 ns, Cleanup: 3200 ns, At safepoint: 17959400 ns, Total: 18053500 ns
[2025-04-03T14:45:11.233-0400][79767.465s][debug][safepoint   ] Safepoint synchronization initiated using striped semaphore wait barrier. (247 threads)
[2025-04-03T14:45:11.233-0400][79767.465s][info ][gc,start    ] GC(416) Pause Young (Normal) (G1 Evacuation Pause)
[2025-04-03T14:45:11.233-0400][79767.465s][info ][gc,task     ] GC(416) Using 23 workers of 23 for evacuation
[2025-04-03T14:45:11.240-0400][79767.473s][info ][gc,phases   ] GC(416)   Pre Evacuate Collection Set: 0.2ms
[2025-04-03T14:45:11.240-0400][79767.473s][info ][gc,phases   ] GC(416)   Merge Heap Roots: 0.1ms
[2025-04-03T14:45:11.240-0400][79767.473s][info ][gc,phases   ] GC(416)   Evacuate Collection Set: 5.8ms
[2025-04-03T14:45:11.240-0400][79767.473s][info ][gc,phases   ] GC(416)   Post Evacuate Collection Set: 1.3ms
[2025-04-03T14:45:11.240-0400][79767.473s][info ][gc,phases   ] GC(416)   Other: 0.2ms
[2025-04-03T14:45:11.240-0400][79767.473s][info ][gc,heap     ] GC(416) Eden regions: 251->0(251)
[2025-04-03T14:45:11.240-0400][79767.473s][info ][gc,heap     ] GC(416) Survivor regions: 6->5(33)
[2025-04-03T14:45:11.240-0400][79767.473s][info ][gc,heap     ] GC(416) Old regions: 195->197
[2025-04-03T14:45:11.240-0400][79767.473s][info ][gc,heap     ] GC(416) Archive regions: 0->0
[2025-04-03T14:45:11.240-0400][79767.473s][info ][gc,heap     ] GC(416) Humongous regions: 2->2
[2025-04-03T14:45:11.240-0400][79767.473s][info ][gc,metaspace] GC(416) Metaspace: 199198K(200960K)->199198K(200960K) NonClass: 175452K(176320K)->175452K(176320K) Class: 23745K(24640K)->23745K(24640K)
[2025-04-03T14:45:11.240-0400][79767.473s][info ][gc          ] GC(416) Pause Young (Normal) (G1 Evacuation Pause) 452M->202M(512M) 7.706ms
[2025-04-03T14:45:11.241-0400][79767.473s][info ][gc,cpu      ] GC(416) User=0.03s Sys=0.00s Real=0.01s
[2025-04-03T14:45:11.241-0400][79767.473s][info ][safepoint   ] Safepoint "G1CollectForAllocation", Time since last: 211713842500 ns, Reaching safepoint: 86300 ns, Cleanup: 4300 ns, At safepoint: 7840600 ns, Total: 7931200 ns
[2025-04-03T14:47:33.321-0400][79909.553s][debug][safepoint   ] Safepoint synchronization initiated using striped semaphore wait barrier. (248 threads)
[2025-04-03T14:47:33.321-0400][79909.553s][info ][safepoint   ] Safepoint "Cleanup", Time since last: 142080214800 ns, Reaching safepoint: 141900 ns, Cleanup: 9100 ns, At safepoint: 1500 ns, Total: 152500 ns
[2025-04-03T14:48:02.336-0400][79938.568s][debug][safepoint   ] Safepoint synchronization initiated using striped semaphore wait barrier. (246 threads)
[2025-04-03T14:48:02.336-0400][79938.568s][info ][safepoint   ] Safepoint "Cleanup", Time since last: 29014143800 ns, Reaching safepoint: 74700 ns, Cleanup: 55400 ns, At safepoint: 4700 ns, Total: 134800 ns
[2025-04-03T14:48:39.425-0400][79975.657s][debug][safepoint   ] Safepoint synchronization initiated using striped semaphore wait barrier. (245 threads)
[2025-04-03T14:48:39.425-0400][79975.657s][info ][gc,start    ] GC(417) Pause Young (Normal) (G1 Evacuation Pause)
[2025-04-03T14:48:39.425-0400][79975.657s][info ][gc,task     ] GC(417) Using 23 workers of 23 for evacuation
[2025-04-03T14:48:39.436-0400][79975.669s][info ][gc,phases   ] GC(417)   Pre Evacuate Collection Set: 0.1ms
[2025-04-03T14:48:39.436-0400][79975.669s][info ][gc,phases   ] GC(417)   Merge Heap Roots: 0.1ms
[2025-04-03T14:48:39.436-0400][79975.669s][info ][gc,phases   ] GC(417)   Evacuate Collection Set: 10.0ms
[2025-04-03T14:48:39.436-0400][79975.669s][info ][gc,phases   ] GC(417)   Post Evacuate Collection Set: 1.7ms
[2025-04-03T14:48:39.436-0400][79975.669s][info ][gc,phases   ] GC(417)   Other: 0.1ms
[2025-04-03T14:48:39.436-0400][79975.669s][info ][gc,heap     ] GC(417) Eden regions: 251->0(253)
[2025-04-03T14:48:39.436-0400][79975.669s][info ][gc,heap     ] GC(417) Survivor regions: 5->4(32)
[2025-04-03T14:48:39.436-0400][79975.669s][info ][gc,heap     ] GC(417) Old regions: 197->197
[2025-04-03T14:48:39.436-0400][79975.669s][info ][gc,heap     ] GC(417) Archive regions: 0->0
[2025-04-03T14:48:39.436-0400][79975.669s][info ][gc,heap     ] GC(417) Humongous regions: 2->2
[2025-04-03T14:48:39.436-0400][79975.669s][info ][gc,metaspace] GC(417) Metaspace: 199198K(200960K)->199198K(200960K) NonClass: 175452K(176320K)->175452K(176320K) Class: 23745K(24640K)->23745K(24640K)
[2025-04-03T14:48:39.436-0400][79975.669s][info ][gc          ] GC(417) Pause Young (Normal) (G1 Evacuation Pause) 453M->202M(512M) 12.219ms
[2025-04-03T14:48:39.436-0400][79975.669s][info ][gc,cpu      ] GC(417) User=0.00s Sys=0.00s Real=0.01s
[2025-04-03T14:48:39.437-0400][79975.669s][info ][safepoint   ] Safepoint "G1CollectForAllocation", Time since last: 37089080400 ns, Reaching safepoint: 62600 ns, Cleanup: 2800 ns, At safepoint: 12315700 ns, Total: 12381100 ns
[2025-04-03T14:52:10.779-0400][80187.011s][debug][safepoint   ] Safepoint synchronization initiated using striped semaphore wait barrier. (247 threads)
[2025-04-03T14:52:10.779-0400][80187.011s][info ][gc,start    ] GC(418) Pause Young (Normal) (G1 Evacuation Pause)
[2025-04-03T14:52:10.779-0400][80187.011s][info ][gc,task     ] GC(418) Using 23 workers of 23 for evacuation
[2025-04-03T14:52:10.783-0400][80187.015s][info ][gc,phases   ] GC(418)   Pre Evacuate Collection Set: 0.1ms
[2025-04-03T14:52:10.783-0400][80187.015s][info ][gc,phases   ] GC(418)   Merge Heap Roots: 0.1ms
[2025-04-03T14:52:10.783-0400][80187.015s][info ][gc,phases   ] GC(418)   Evacuate Collection Set: 2.5ms
[2025-04-03T14:52:10.783-0400][80187.015s][info ][gc,phases   ] GC(418)   Post Evacuate Collection Set: 1.3ms
[2025-04-03T14:52:10.783-0400][80187.015s][info ][gc,phases   ] GC(418)   Other: 0.1ms
[2025-04-03T14:52:10.783-0400][80187.015s][info ][gc,heap     ] GC(418) Eden regions: 253->0(253)
[2025-04-03T14:52:10.783-0400][80187.015s][info ][gc,heap     ] GC(418) Survivor regions: 4->3(33)
[2025-04-03T14:52:10.783-0400][80187.015s][info ][gc,heap     ] GC(418) Old regions: 197->198
[2025-04-03T14:52:10.783-0400][80187.015s][info ][gc,heap     ] GC(418) Archive regions: 0->0
[2025-04-03T14:52:10.783-0400][80187.015s][info ][gc,heap     ] GC(418) Humongous regions: 2->2
[2025-04-03T14:52:10.783-0400][80187.015s][info ][gc,metaspace] GC(418) Metaspace: 199198K(200960K)->199198K(200960K) NonClass: 175452K(176320K)->175452K(176320K) Class: 23745K(24640K)->23745K(24640K)
[2025-04-03T14:52:10.783-0400][80187.015s][info ][gc          ] GC(418) Pause Young (Normal) (G1 Evacuation Pause) 455M->202M(512M) 4.187ms
[2025-04-03T14:52:10.783-0400][80187.015s][info ][gc,cpu      ] GC(418) User=0.02s Sys=0.00s Real=0.00s
[2025-04-03T14:52:10.783-0400][80187.015s][info ][safepoint   ] Safepoint "G1CollectForAllocation", Time since last: 211341727500 ns, Reaching safepoint: 61800 ns, Cleanup: 3100 ns, At safepoint: 4284600 ns, Total: 4349500 ns
[2025-04-03T14:55:42.520-0400][80398.752s][debug][safepoint   ] Safepoint synchronization initiated using striped semaphore wait barrier. (243 threads)
[2025-04-03T14:55:42.520-0400][80398.752s][info ][gc,start    ] GC(419) Pause Young (Normal) (G1 Evacuation Pause)
[2025-04-03T14:55:42.520-0400][80398.752s][info ][gc,task     ] GC(419) Using 23 workers of 23 for evacuation
[2025-04-03T14:55:42.524-0400][80398.757s][info ][gc,phases   ] GC(419)   Pre Evacuate Collection Set: 0.1ms
[2025-04-03T14:55:42.524-0400][80398.757s][info ][gc,phases   ] GC(419)   Merge Heap Roots: 0.1ms
[2025-04-03T14:55:42.524-0400][80398.757s][info ][gc,phases   ] GC(419)   Evacuate Collection Set: 3.0ms
[2025-04-03T14:55:42.524-0400][80398.757s][info ][gc,phases   ] GC(419)   Post Evacuate Collection Set: 1.4ms
[2025-04-03T14:55:42.524-0400][80398.757s][info ][gc,phases   ] GC(419)   Other: 0.1ms
[2025-04-03T14:55:42.524-0400][80398.757s][info ][gc,heap     ] GC(419) Eden regions: 253->0(253)
[2025-04-03T14:55:42.524-0400][80398.757s][info ][gc,heap     ] GC(419) Survivor regions: 3->3(32)
[2025-04-03T14:55:42.524-0400][80398.757s][info ][gc,heap     ] GC(419) Old regions: 198->198
[2025-04-03T14:55:42.524-0400][80398.757s][info ][gc,heap     ] GC(419) Archive regions: 0->0
[2025-04-03T14:55:42.524-0400][80398.757s][info ][gc,heap     ] GC(419) Humongous regions: 2->2
[2025-04-03T14:55:42.524-0400][80398.757s][info ][gc,metaspace] GC(419) Metaspace: 199198K(200960K)->199198K(200960K) NonClass: 175452K(176320K)->175452K(176320K) Class: 23745K(24640K)->23745K(24640K)
[2025-04-03T14:55:42.524-0400][80398.757s][info ][gc          ] GC(419) Pause Young (Normal) (G1 Evacuation Pause) 455M->202M(512M) 4.701ms
[2025-04-03T14:55:42.524-0400][80398.757s][info ][gc,cpu      ] GC(419) User=0.00s Sys=0.00s Real=0.00s
[2025-04-03T14:55:42.524-0400][80398.757s][info ][safepoint   ] Safepoint "G1CollectForAllocation", Time since last: 211736709900 ns, Reaching safepoint: 48800 ns, Cleanup: 2700 ns, At safepoint: 4777500 ns, Total: 4829000 ns
[2025-04-03T14:59:16.341-0400][80612.573s][debug][safepoint   ] Safepoint synchronization initiated using striped semaphore wait barrier. (245 threads)
[2025-04-03T14:59:16.341-0400][80612.573s][info ][gc,start    ] GC(420) Pause Young (Normal) (G1 Evacuation Pause)
[2025-04-03T14:59:16.341-0400][80612.573s][info ][gc,task     ] GC(420) Using 23 workers of 23 for evacuation
[2025-04-03T14:59:16.344-0400][80612.577s][info ][gc,phases   ] GC(420)   Pre Evacuate Collection Set: 0.1ms
[2025-04-03T14:59:16.344-0400][80612.577s][info ][gc,phases   ] GC(420)   Merge Heap Roots: 0.1ms
[2025-04-03T14:59:16.344-0400][80612.577s][info ][gc,phases   ] GC(420)   Evacuate Collection Set: 3.3ms
[2025-04-03T14:59:16.345-0400][80612.577s][info ][gc,phases   ] GC(420)   Post Evacuate Collection Set: 1.1ms
[2025-04-03T14:59:16.345-0400][80612.577s][info ][gc,phases   ] GC(420)   Other: 0.1ms
[2025-04-03T14:59:16.345-0400][80612.578s][info ][gc,heap     ] GC(420) Eden regions: 253->0(254)
[2025-04-03T14:59:16.345-0400][80612.578s][info ][gc,heap     ] GC(420) Survivor regions: 3->2(32)
[2025-04-03T14:59:16.345-0400][80612.578s][info ][gc,heap     ] GC(420) Old regions: 198->199
[2025-04-03T14:59:16.345-0400][80612.578s][info ][gc,heap     ] GC(420) Archive regions: 0->0
[2025-04-03T14:59:16.345-0400][80612.578s][info ][gc,heap     ] GC(420) Humongous regions: 2->2
[2025-04-03T14:59:16.345-0400][80612.578s][info ][gc,metaspace] GC(420) Metaspace: 199209K(200960K)->199209K(200960K) NonClass: 175463K(176320K)->175463K(176320K) Class: 23745K(24640K)->23745K(24640K)
[2025-04-03T14:59:16.345-0400][80612.578s][info ][gc          ] GC(420) Pause Young (Normal) (G1 Evacuation Pause) 455M->202M(512M) 4.784ms
[2025-04-03T14:59:16.345-0400][80612.578s][info ][gc,cpu      ] GC(420) User=0.00s Sys=0.00s Real=0.00s
[2025-04-03T14:59:16.345-0400][80612.578s][info ][safepoint   ] Safepoint "G1CollectForAllocation", Time since last: 213815830300 ns, Reaching safepoint: 57200 ns, Cleanup: 3300 ns, At safepoint: 4872400 ns, Total: 4932900 ns
[2025-04-03T14:59:29.352-0400][80625.584s][debug][safepoint   ] Safepoint synchronization initiated using striped semaphore wait barrier. (245 threads)
[2025-04-03T14:59:29.352-0400][80625.584s][info ][safepoint   ] Safepoint "Cleanup", Time since last: 13006682500 ns, Reaching safepoint: 75800 ns, Cleanup: 6900 ns, At safepoint: 1600 ns, Total: 84300 ns
[2025-04-03T15:00:09.903-0400][80666.135s][debug][safepoint   ] Safepoint synchronization initiated using striped semaphore wait barrier. (245 threads)
[2025-04-03T15:00:09.903-0400][80666.136s][info ][safepoint   ] Safepoint "Cleanup", Time since last: 40551109600 ns, Reaching safepoint: 78400 ns, Cleanup: 8100 ns, At safepoint: 1400 ns, Total: 87900 ns
[2025-04-03T15:02:48.834-0400][80825.067s][debug][safepoint   ] Safepoint synchronization initiated using striped semaphore wait barrier. (244 threads)
[2025-04-03T15:02:48.834-0400][80825.067s][info ][gc,start    ] GC(421) Pause Young (Normal) (G1 Evacuation Pause)
[2025-04-03T15:02:48.834-0400][80825.067s][info ][gc,task     ] GC(421) Using 23 workers of 23 for evacuation
[2025-04-03T15:02:48.839-0400][80825.072s][info ][gc,phases   ] GC(421)   Pre Evacuate Collection Set: 0.1ms
[2025-04-03T15:02:48.839-0400][80825.072s][info ][gc,phases   ] GC(421)   Merge Heap Roots: 0.1ms
[2025-04-03T15:02:48.839-0400][80825.072s][info ][gc,phases   ] GC(421)   Evacuate Collection Set: 3.3ms
[2025-04-03T15:02:48.839-0400][80825.072s][info ][gc,phases   ] GC(421)   Post Evacuate Collection Set: 1.3ms
[2025-04-03T15:02:48.839-0400][80825.072s][info ][gc,phases   ] GC(421)   Other: 0.1ms
[2025-04-03T15:02:48.839-0400][80825.072s][info ][gc,heap     ] GC(421) Eden regions: 254->0(254)
[2025-04-03T15:02:48.839-0400][80825.072s][info ][gc,heap     ] GC(421) Survivor regions: 2->2(32)
[2025-04-03T15:02:48.839-0400][80825.072s][info ][gc,heap     ] GC(421) Old regions: 199->199
[2025-04-03T15:02:48.839-0400][80825.072s][info ][gc,heap     ] GC(421) Archive regions: 0->0
[2025-04-03T15:02:48.839-0400][80825.072s][info ][gc,heap     ] GC(421) Humongous regions: 2->2
[2025-04-03T15:02:48.839-0400][80825.072s][info ][gc,metaspace] GC(421) Metaspace: 199209K(200960K)->199209K(200960K) NonClass: 175463K(176320K)->175463K(176320K) Class: 23745K(24640K)->23745K(24640K)
[2025-04-03T15:02:48.839-0400][80825.072s][info ][gc          ] GC(421) Pause Young (Normal) (G1 Evacuation Pause) 456M->202M(512M) 5.031ms
[2025-04-03T15:02:48.839-0400][80825.072s][info ][gc,cpu      ] GC(421) User=0.00s Sys=0.00s Real=0.00s
[2025-04-03T15:02:48.839-0400][80825.072s][info ][safepoint   ] Safepoint "G1CollectForAllocation", Time since last: 158931067700 ns, Reaching safepoint: 91500 ns, Cleanup: 2900 ns, At safepoint: 5098100 ns, Total: 5192500 ns
[2025-04-03T15:02:50.840-0400][80827.072s][debug][safepoint   ] Safepoint synchronization initiated using striped semaphore wait barrier. (244 threads)
[2025-04-03T15:02:50.840-0400][80827.072s][info ][safepoint   ] Safepoint "Cleanup", Time since last: 2000334200 ns, Reaching safepoint: 110500 ns, Cleanup: 10800 ns, At safepoint: 1800 ns, Total: 123100 ns
[2025-04-03T15:06:23.262-0400][81039.494s][debug][safepoint   ] Safepoint synchronization initiated using striped semaphore wait barrier. (244 threads)
[2025-04-03T15:06:23.262-0400][81039.494s][info ][gc,start    ] GC(422) Pause Young (Normal) (G1 Evacuation Pause)
[2025-04-03T15:06:23.262-0400][81039.494s][info ][gc,task     ] GC(422) Using 23 workers of 23 for evacuation
[2025-04-03T15:06:23.265-0400][81039.497s][info ][gc,phases   ] GC(422)   Pre Evacuate Collection Set: 0.3ms
[2025-04-03T15:06:23.265-0400][81039.497s][info ][gc,phases   ] GC(422)   Merge Heap Roots: 0.1ms
[2025-04-03T15:06:23.265-0400][81039.497s][info ][gc,phases   ] GC(422)   Evacuate Collection Set: 1.3ms
[2025-04-03T15:06:23.265-0400][81039.497s][info ][gc,phases   ] GC(422)   Post Evacuate Collection Set: 1.0ms
[2025-04-03T15:06:23.265-0400][81039.497s][info ][gc,phases   ] GC(422)   Other: 0.1ms
[2025-04-03T15:06:23.265-0400][81039.497s][info ][gc,heap     ] GC(422) Eden regions: 254->0(254)
[2025-04-03T15:06:23.265-0400][81039.497s][info ][gc,heap     ] GC(422) Survivor regions: 2->2(32)
[2025-04-03T15:06:23.265-0400][81039.497s][info ][gc,heap     ] GC(422) Old regions: 199->199
[2025-04-03T15:06:23.265-0400][81039.497s][info ][gc,heap     ] GC(422) Archive regions: 0->0
[2025-04-03T15:06:23.265-0400][81039.497s][info ][gc,heap     ] GC(422) Humongous regions: 2->2
[2025-04-03T15:06:23.265-0400][81039.497s][info ][gc,metaspace] GC(422) Metaspace: 199209K(200960K)->199209K(200960K) NonClass: 175463K(176320K)->175463K(176320K) Class: 23745K(24640K)->23745K(24640K)
[2025-04-03T15:06:23.265-0400][81039.497s][info ][gc          ] GC(422) Pause Young (Normal) (G1 Evacuation Pause) 456M->202M(512M) 2.941ms
[2025-04-03T15:06:23.265-0400][81039.497s][info ][gc,cpu      ] GC(422) User=0.00s Sys=0.00s Real=0.00s
[2025-04-03T15:06:23.265-0400][81039.497s][info ][safepoint   ] Safepoint "G1CollectForAllocation", Time since last: 212421537500 ns, Reaching safepoint: 65500 ns, Cleanup: 3400 ns, At safepoint: 3048500 ns, Total: 3117400 ns
[2025-04-03T15:09:56.609-0400][81252.841s][debug][safepoint   ] Safepoint synchronization initiated using striped semaphore wait barrier. (243 threads)
[2025-04-03T15:09:56.609-0400][81252.841s][info ][gc,start    ] GC(423) Pause Young (Normal) (G1 Evacuation Pause)
[2025-04-03T15:09:56.609-0400][81252.841s][info ][gc,task     ] GC(423) Using 23 workers of 23 for evacuation
[2025-04-03T15:09:56.611-0400][81252.843s][info ][gc,phases   ] GC(423)   Pre Evacuate Collection Set: 0.2ms
[2025-04-03T15:09:56.611-0400][81252.843s][info ][gc,phases   ] GC(423)   Merge Heap Roots: 0.1ms
[2025-04-03T15:09:56.611-0400][81252.843s][info ][gc,phases   ] GC(423)   Evacuate Collection Set: 1.0ms
[2025-04-03T15:09:56.611-0400][81252.843s][info ][gc,phases   ] GC(423)   Post Evacuate Collection Set: 1.0ms
[2025-04-03T15:09:56.611-0400][81252.843s][info ][gc,phases   ] GC(423)   Other: 0.1ms
[2025-04-03T15:09:56.611-0400][81252.843s][info ][gc,heap     ] GC(423) Eden regions: 254->0(254)
[2025-04-03T15:09:56.611-0400][81252.843s][info ][gc,heap     ] GC(423) Survivor regions: 2->2(32)
[2025-04-03T15:09:56.611-0400][81252.843s][info ][gc,heap     ] GC(423) Old regions: 199->199
[2025-04-03T15:09:56.611-0400][81252.843s][info ][gc,heap     ] GC(423) Archive regions: 0->0
[2025-04-03T15:09:56.611-0400][81252.843s][info ][gc,heap     ] GC(423) Humongous regions: 2->2
[2025-04-03T15:09:56.611-0400][81252.843s][info ][gc,metaspace] GC(423) Metaspace: 199209K(200960K)->199209K(200960K) NonClass: 175463K(176320K)->175463K(176320K) Class: 23745K(24640K)->23745K(24640K)
[2025-04-03T15:09:56.611-0400][81252.843s][info ][gc          ] GC(423) Pause Young (Normal) (G1 Evacuation Pause) 456M->202M(512M) 2.426ms
[2025-04-03T15:09:56.611-0400][81252.843s][info ][gc,cpu      ] GC(423) User=0.02s Sys=0.00s Real=0.00s
[2025-04-03T15:09:56.611-0400][81252.843s][info ][safepoint   ] Safepoint "G1CollectForAllocation", Time since last: 213343834200 ns, Reaching safepoint: 76300 ns, Cleanup: 3600 ns, At safepoint: 2507800 ns, Total: 2587700 ns
[2025-04-03T15:13:31.243-0400][81467.475s][debug][safepoint   ] Safepoint synchronization initiated using striped semaphore wait barrier. (240 threads)
[2025-04-03T15:13:31.243-0400][81467.475s][info ][gc,start    ] GC(424) Pause Young (Normal) (G1 Evacuation Pause)
[2025-04-03T15:13:31.243-0400][81467.475s][info ][gc,task     ] GC(424) Using 23 workers of 23 for evacuation
[2025-04-03T15:13:31.247-0400][81467.480s][info ][gc,phases   ] GC(424)   Pre Evacuate Collection Set: 0.1ms
[2025-04-03T15:13:31.247-0400][81467.480s][info ][gc,phases   ] GC(424)   Merge Heap Roots: 0.1ms
[2025-04-03T15:13:31.247-0400][81467.480s][info ][gc,phases   ] GC(424)   Evacuate Collection Set: 3.5ms
[2025-04-03T15:13:31.247-0400][81467.480s][info ][gc,phases   ] GC(424)   Post Evacuate Collection Set: 1.2ms
[2025-04-03T15:13:31.247-0400][81467.480s][info ][gc,phases   ] GC(424)   Other: 0.1ms
[2025-04-03T15:13:31.247-0400][81467.480s][info ][gc,heap     ] GC(424) Eden regions: 254->0(255)
[2025-04-03T15:13:31.247-0400][81467.480s][info ][gc,heap     ] GC(424) Survivor regions: 2->2(32)
[2025-04-03T15:13:31.247-0400][81467.480s][info ][gc,heap     ] GC(424) Old regions: 199->199
[2025-04-03T15:13:31.247-0400][81467.480s][info ][gc,heap     ] GC(424) Archive regions: 0->0
[2025-04-03T15:13:31.247-0400][81467.480s][info ][gc,heap     ] GC(424) Humongous regions: 2->2
[2025-04-03T15:13:31.247-0400][81467.480s][info ][gc,metaspace] GC(424) Metaspace: 199209K(200960K)->199209K(200960K) NonClass: 175463K(176320K)->175463K(176320K) Class: 23745K(24640K)->23745K(24640K)
[2025-04-03T15:13:31.247-0400][81467.480s][info ][gc          ] GC(424) Pause Young (Normal) (G1 Evacuation Pause) 456M->202M(512M) 5.165ms
[2025-04-03T15:13:31.247-0400][81467.480s][info ][gc,cpu      ] GC(424) User=0.00s Sys=0.00s Real=0.00s
[2025-04-03T15:13:31.247-0400][81467.480s][info ][safepoint   ] Safepoint "G1CollectForAllocation", Time since last: 214631410100 ns, Reaching safepoint: 77200 ns, Cleanup: 3800 ns, At safepoint: 5240500 ns, Total: 5321500 ns
[2025-04-03T15:17:04.373-0400][81680.605s][debug][safepoint   ] Safepoint synchronization initiated using striped semaphore wait barrier. (240 threads)
[2025-04-03T15:17:04.373-0400][81680.605s][info ][gc,start    ] GC(425) Pause Young (Normal) (G1 Evacuation Pause)
[2025-04-03T15:17:04.373-0400][81680.605s][info ][gc,task     ] GC(425) Using 23 workers of 23 for evacuation
[2025-04-03T15:17:04.374-0400][81680.607s][info ][gc,phases   ] GC(425)   Pre Evacuate Collection Set: 0.1ms
[2025-04-03T15:17:04.374-0400][81680.607s][info ][gc,phases   ] GC(425)   Merge Heap Roots: 0.1ms
[2025-04-03T15:17:04.374-0400][81680.607s][info ][gc,phases   ] GC(425)   Evacuate Collection Set: 1.1ms
[2025-04-03T15:17:04.374-0400][81680.607s][info ][gc,phases   ] GC(425)   Post Evacuate Collection Set: 0.7ms
[2025-04-03T15:17:04.374-0400][81680.607s][info ][gc,phases   ] GC(425)   Other: 0.2ms
[2025-04-03T15:17:04.374-0400][81680.607s][info ][gc,heap     ] GC(425) Eden regions: 255->0(255)
[2025-04-03T15:17:04.374-0400][81680.607s][info ][gc,heap     ] GC(425) Survivor regions: 2->2(33)
[2025-04-03T15:17:04.374-0400][81680.607s][info ][gc,heap     ] GC(425) Old regions: 199->199
[2025-04-03T15:17:04.374-0400][81680.607s][info ][gc,heap     ] GC(425) Archive regions: 0->0
[2025-04-03T15:17:04.374-0400][81680.607s][info ][gc,heap     ] GC(425) Humongous regions: 2->2
[2025-04-03T15:17:04.374-0400][81680.607s][info ][gc,metaspace] GC(425) Metaspace: 199209K(200960K)->199209K(200960K) NonClass: 175463K(176320K)->175463K(176320K) Class: 23745K(24640K)->23745K(24640K)
[2025-04-03T15:17:04.374-0400][81680.607s][info ][gc          ] GC(425) Pause Young (Normal) (G1 Evacuation Pause) 457M->202M(512M) 2.264ms
[2025-04-03T15:17:04.374-0400][81680.607s][info ][gc,cpu      ] GC(425) User=0.00s Sys=0.00s Real=0.00s
[2025-04-03T15:17:04.374-0400][81680.607s][info ][safepoint   ] Safepoint "G1CollectForAllocation", Time since last: 213124504700 ns, Reaching safepoint: 95500 ns, Cleanup: 3600 ns, At safepoint: 2356000 ns, Total: 2455100 ns
[2025-04-03T15:20:35.622-0400][81891.854s][debug][safepoint   ] Safepoint synchronization initiated using striped semaphore wait barrier. (240 threads)
[2025-04-03T15:20:35.622-0400][81891.854s][info ][gc,start    ] GC(426) Pause Young (Normal) (G1 Evacuation Pause)
[2025-04-03T15:20:35.622-0400][81891.854s][info ][gc,task     ] GC(426) Using 23 workers of 23 for evacuation
[2025-04-03T15:20:35.624-0400][81891.857s][info ][gc,phases   ] GC(426)   Pre Evacuate Collection Set: 0.1ms
[2025-04-03T15:20:35.624-0400][81891.857s][info ][gc,phases   ] GC(426)   Merge Heap Roots: 0.1ms
[2025-04-03T15:20:35.624-0400][81891.857s][info ][gc,phases   ] GC(426)   Evacuate Collection Set: 1.4ms
[2025-04-03T15:20:35.624-0400][81891.857s][info ][gc,phases   ] GC(426)   Post Evacuate Collection Set: 0.8ms
[2025-04-03T15:20:35.624-0400][81891.857s][info ][gc,phases   ] GC(426)   Other: 0.1ms
[2025-04-03T15:20:35.624-0400][81891.857s][info ][gc,heap     ] GC(426) Eden regions: 255->0(254)
[2025-04-03T15:20:35.624-0400][81891.857s][info ][gc,heap     ] GC(426) Survivor regions: 2->2(33)
[2025-04-03T15:20:35.624-0400][81891.857s][info ][gc,heap     ] GC(426) Old regions: 199->199
[2025-04-03T15:20:35.624-0400][81891.857s][info ][gc,heap     ] GC(426) Archive regions: 0->0
[2025-04-03T15:20:35.624-0400][81891.857s][info ][gc,heap     ] GC(426) Humongous regions: 2->2
[2025-04-03T15:20:35.624-0400][81891.857s][info ][gc,metaspace] GC(426) Metaspace: 199209K(200960K)->199209K(200960K) NonClass: 175463K(176320K)->175463K(176320K) Class: 23745K(24640K)->23745K(24640K)
[2025-04-03T15:20:35.624-0400][81891.857s][info ][gc          ] GC(426) Pause Young (Normal) (G1 Evacuation Pause) 457M->202M(512M) 2.656ms
[2025-04-03T15:20:35.624-0400][81891.857s][info ][gc,cpu      ] GC(426) User=0.00s Sys=0.00s Real=0.00s
[2025-04-03T15:20:35.624-0400][81891.857s][info ][safepoint   ] Safepoint "G1CollectForAllocation", Time since last: 211247282900 ns, Reaching safepoint: 84700 ns, Cleanup: 3600 ns, At safepoint: 2736700 ns, Total: 2825000 ns
[2025-04-03T15:24:07.204-0400][82103.436s][debug][safepoint   ] Safepoint synchronization initiated using striped semaphore wait barrier. (240 threads)
[2025-04-03T15:24:07.204-0400][82103.436s][info ][gc,start    ] GC(427) Pause Young (Normal) (G1 Evacuation Pause)
[2025-04-03T15:24:07.204-0400][82103.436s][info ][gc,task     ] GC(427) Using 23 workers of 23 for evacuation
[2025-04-03T15:24:07.207-0400][82103.440s][info ][gc,phases   ] GC(427)   Pre Evacuate Collection Set: 0.1ms
[2025-04-03T15:24:07.207-0400][82103.440s][info ][gc,phases   ] GC(427)   Merge Heap Roots: 0.1ms
[2025-04-03T15:24:07.208-0400][82103.440s][info ][gc,phases   ] GC(427)   Evacuate Collection Set: 2.6ms
[2025-04-03T15:24:07.208-0400][82103.440s][info ][gc,phases   ] GC(427)   Post Evacuate Collection Set: 1.2ms
[2025-04-03T15:24:07.208-0400][82103.440s][info ][gc,phases   ] GC(427)   Other: 0.1ms
[2025-04-03T15:24:07.208-0400][82103.440s][info ][gc,heap     ] GC(427) Eden regions: 254->0(254)
[2025-04-03T15:24:07.208-0400][82103.440s][info ][gc,heap     ] GC(427) Survivor regions: 2->2(32)
[2025-04-03T15:24:07.208-0400][82103.440s][info ][gc,heap     ] GC(427) Old regions: 199->199
[2025-04-03T15:24:07.208-0400][82103.440s][info ][gc,heap     ] GC(427) Archive regions: 0->0
[2025-04-03T15:24:07.208-0400][82103.440s][info ][gc,heap     ] GC(427) Humongous regions: 2->2
[2025-04-03T15:24:07.208-0400][82103.440s][info ][gc,metaspace] GC(427) Metaspace: 199209K(200960K)->199209K(200960K) NonClass: 175463K(176320K)->175463K(176320K) Class: 23745K(24640K)->23745K(24640K)
[2025-04-03T15:24:07.208-0400][82103.441s][info ][gc          ] GC(427) Pause Young (Normal) (G1 Evacuation Pause) 456M->202M(512M) 4.228ms
[2025-04-03T15:24:07.208-0400][82103.441s][info ][gc,cpu      ] GC(427) User=0.02s Sys=0.00s Real=0.00s
[2025-04-03T15:24:07.208-0400][82103.441s][info ][safepoint   ] Safepoint "G1CollectForAllocation", Time since last: 211578988600 ns, Reaching safepoint: 94800 ns, Cleanup: 3700 ns, At safepoint: 4340100 ns, Total: 4438600 ns
[2025-04-03T15:27:41.667-0400][82317.899s][debug][safepoint   ] Safepoint synchronization initiated using striped semaphore wait barrier. (241 threads)
[2025-04-03T15:27:41.667-0400][82317.899s][info ][gc,start    ] GC(428) Pause Young (Normal) (G1 Evacuation Pause)
[2025-04-03T15:27:41.667-0400][82317.900s][info ][gc,task     ] GC(428) Using 23 workers of 23 for evacuation
[2025-04-03T15:27:41.669-0400][82317.902s][info ][gc,phases   ] GC(428)   Pre Evacuate Collection Set: 0.1ms
[2025-04-03T15:27:41.669-0400][82317.902s][info ][gc,phases   ] GC(428)   Merge Heap Roots: 0.1ms
[2025-04-03T15:27:41.669-0400][82317.902s][info ][gc,phases   ] GC(428)   Evacuate Collection Set: 1.3ms
[2025-04-03T15:27:41.669-0400][82317.902s][info ][gc,phases   ] GC(428)   Post Evacuate Collection Set: 0.9ms
[2025-04-03T15:27:41.669-0400][82317.902s][info ][gc,phases   ] GC(428)   Other: 0.1ms
[2025-04-03T15:27:41.669-0400][82317.902s][info ][gc,heap     ] GC(428) Eden regions: 254->0(254)
[2025-04-03T15:27:41.669-0400][82317.902s][info ][gc,heap     ] GC(428) Survivor regions: 2->2(32)
[2025-04-03T15:27:41.669-0400][82317.902s][info ][gc,heap     ] GC(428) Old regions: 199->199
[2025-04-03T15:27:41.669-0400][82317.902s][info ][gc,heap     ] GC(428) Archive regions: 0->0
[2025-04-03T15:27:41.669-0400][82317.902s][info ][gc,heap     ] GC(428) Humongous regions: 2->2
[2025-04-03T15:27:41.669-0400][82317.902s][info ][gc,metaspace] GC(428) Metaspace: 199209K(200960K)->199209K(200960K) NonClass: 175463K(176320K)->175463K(176320K) Class: 23745K(24640K)->23745K(24640K)
[2025-04-03T15:27:41.669-0400][82317.902s][info ][gc          ] GC(428) Pause Young (Normal) (G1 Evacuation Pause) 456M->202M(512M) 2.526ms
[2025-04-03T15:27:41.669-0400][82317.902s][info ][gc,cpu      ] GC(428) User=0.00s Sys=0.00s Real=0.00s
[2025-04-03T15:27:41.669-0400][82317.902s][info ][safepoint   ] Safepoint "G1CollectForAllocation", Time since last: 214458810800 ns, Reaching safepoint: 62400 ns, Cleanup: 2900 ns, At safepoint: 2604800 ns, Total: 2670100 ns
[2025-04-03T15:31:14.115-0400][82530.347s][debug][safepoint   ] Safepoint synchronization initiated using striped semaphore wait barrier. (241 threads)
[2025-04-03T15:31:14.115-0400][82530.347s][info ][gc,start    ] GC(429) Pause Young (Normal) (G1 Evacuation Pause)
[2025-04-03T15:31:14.115-0400][82530.347s][info ][gc,task     ] GC(429) Using 23 workers of 23 for evacuation
[2025-04-03T15:31:14.117-0400][82530.350s][info ][gc,phases   ] GC(429)   Pre Evacuate Collection Set: 0.4ms
[2025-04-03T15:31:14.117-0400][82530.350s][info ][gc,phases   ] GC(429)   Merge Heap Roots: 0.2ms
[2025-04-03T15:31:14.117-0400][82530.350s][info ][gc,phases   ] GC(429)   Evacuate Collection Set: 1.0ms
[2025-04-03T15:31:14.117-0400][82530.350s][info ][gc,phases   ] GC(429)   Post Evacuate Collection Set: 1.0ms
[2025-04-03T15:31:14.117-0400][82530.350s][info ][gc,phases   ] GC(429)   Other: 0.2ms
[2025-04-03T15:31:14.117-0400][82530.350s][info ][gc,heap     ] GC(429) Eden regions: 254->0(254)
[2025-04-03T15:31:14.117-0400][82530.350s][info ][gc,heap     ] GC(429) Survivor regions: 2->2(32)
[2025-04-03T15:31:14.117-0400][82530.350s][info ][gc,heap     ] GC(429) Old regions: 199->199
[2025-04-03T15:31:14.117-0400][82530.350s][info ][gc,heap     ] GC(429) Archive regions: 0->0
[2025-04-03T15:31:14.117-0400][82530.350s][info ][gc,heap     ] GC(429) Humongous regions: 2->2
[2025-04-03T15:31:14.117-0400][82530.350s][info ][gc,metaspace] GC(429) Metaspace: 199209K(200960K)->199209K(200960K) NonClass: 175463K(176320K)->175463K(176320K) Class: 23745K(24640K)->23745K(24640K)
[2025-04-03T15:31:14.117-0400][82530.350s][info ][gc          ] GC(429) Pause Young (Normal) (G1 Evacuation Pause) 456M->202M(512M) 2.786ms
[2025-04-03T15:31:14.117-0400][82530.350s][info ][gc,cpu      ] GC(429) User=0.00s Sys=0.00s Real=0.00s
[2025-04-03T15:31:14.117-0400][82530.350s][info ][safepoint   ] Safepoint "G1CollectForAllocation", Time since last: 212444899000 ns, Reaching safepoint: 168700 ns, Cleanup: 4300 ns, At safepoint: 2899600 ns, Total: 3072600 ns
[2025-04-03T15:34:48.496-0400][82744.728s][debug][safepoint   ] Safepoint synchronization initiated using striped semaphore wait barrier. (241 threads)
[2025-04-03T15:34:48.496-0400][82744.728s][info ][gc,start    ] GC(430) Pause Young (Normal) (G1 Evacuation Pause)
[2025-04-03T15:34:48.496-0400][82744.728s][info ][gc,task     ] GC(430) Using 23 workers of 23 for evacuation
[2025-04-03T15:34:48.499-0400][82744.731s][info ][gc,phases   ] GC(430)   Pre Evacuate Collection Set: 0.1ms
[2025-04-03T15:34:48.499-0400][82744.731s][info ][gc,phases   ] GC(430)   Merge Heap Roots: 0.1ms
[2025-04-03T15:34:48.499-0400][82744.731s][info ][gc,phases   ] GC(430)   Evacuate Collection Set: 1.2ms
[2025-04-03T15:34:48.499-0400][82744.731s][info ][gc,phases   ] GC(430)   Post Evacuate Collection Set: 1.2ms
[2025-04-03T15:34:48.499-0400][82744.731s][info ][gc,phases   ] GC(430)   Other: 0.1ms
[2025-04-03T15:34:48.499-0400][82744.731s][info ][gc,heap     ] GC(430) Eden regions: 254->0(254)
[2025-04-03T15:34:48.499-0400][82744.731s][info ][gc,heap     ] GC(430) Survivor regions: 2->2(32)
[2025-04-03T15:34:48.499-0400][82744.731s][info ][gc,heap     ] GC(430) Old regions: 199->199
[2025-04-03T15:34:48.499-0400][82744.731s][info ][gc,heap     ] GC(430) Archive regions: 0->0
[2025-04-03T15:34:48.499-0400][82744.731s][info ][gc,heap     ] GC(430) Humongous regions: 2->2
[2025-04-03T15:34:48.499-0400][82744.731s][info ][gc,metaspace] GC(430) Metaspace: 199209K(200960K)->199209K(200960K) NonClass: 175463K(176320K)->175463K(176320K) Class: 23745K(24640K)->23745K(24640K)
[2025-04-03T15:34:48.499-0400][82744.731s][info ][gc          ] GC(430) Pause Young (Normal) (G1 Evacuation Pause) 456M->202M(512M) 2.829ms
[2025-04-03T15:34:48.499-0400][82744.731s][info ][gc,cpu      ] GC(430) User=0.00s Sys=0.00s Real=0.00s
[2025-04-03T15:34:48.499-0400][82744.731s][info ][safepoint   ] Safepoint "G1CollectForAllocation", Time since last: 214378268900 ns, Reaching safepoint: 89300 ns, Cleanup: 5200 ns, At safepoint: 2922900 ns, Total: 3017400 ns
[2025-04-03T15:36:12.537-0400][82828.769s][debug][safepoint   ] Safepoint synchronization initiated using striped semaphore wait barrier. (242 threads)
[2025-04-03T15:36:12.537-0400][82828.769s][info ][safepoint   ] Safepoint "Cleanup", Time since last: 84037706200 ns, Reaching safepoint: 55800 ns, Cleanup: 12500 ns, At safepoint: 1600 ns, Total: 69900 ns
[2025-04-03T15:36:13.538-0400][82829.770s][debug][safepoint   ] Safepoint synchronization initiated using striped semaphore wait barrier. (247 threads)
[2025-04-03T15:36:13.538-0400][82829.770s][info ][safepoint   ] Safepoint "Cleanup", Time since last: 1000935700 ns, Reaching safepoint: 141900 ns, Cleanup: 9100 ns, At safepoint: 1200 ns, Total: 152200 ns
[2025-04-03T15:38:19.648-0400][82955.880s][debug][safepoint   ] Safepoint synchronization initiated using striped semaphore wait barrier. (246 threads)
[2025-04-03T15:38:19.648-0400][82955.880s][info ][gc,start    ] GC(431) Pause Young (Normal) (G1 Evacuation Pause)
[2025-04-03T15:38:19.648-0400][82955.880s][info ][gc,task     ] GC(431) Using 23 workers of 23 for evacuation
[2025-04-03T15:38:19.651-0400][82955.883s][info ][gc,phases   ] GC(431)   Pre Evacuate Collection Set: 0.1ms
[2025-04-03T15:38:19.651-0400][82955.883s][info ][gc,phases   ] GC(431)   Merge Heap Roots: 0.1ms
[2025-04-03T15:38:19.651-0400][82955.883s][info ][gc,phases   ] GC(431)   Evacuate Collection Set: 1.3ms
[2025-04-03T15:38:19.651-0400][82955.883s][info ][gc,phases   ] GC(431)   Post Evacuate Collection Set: 1.1ms
[2025-04-03T15:38:19.651-0400][82955.883s][info ][gc,phases   ] GC(431)   Other: 0.1ms
[2025-04-03T15:38:19.651-0400][82955.883s][info ][gc,heap     ] GC(431) Eden regions: 254->0(254)
[2025-04-03T15:38:19.651-0400][82955.883s][info ][gc,heap     ] GC(431) Survivor regions: 2->2(32)
[2025-04-03T15:38:19.651-0400][82955.883s][info ][gc,heap     ] GC(431) Old regions: 199->199
[2025-04-03T15:38:19.651-0400][82955.883s][info ][gc,heap     ] GC(431) Archive regions: 0->0
[2025-04-03T15:38:19.651-0400][82955.883s][info ][gc,heap     ] GC(431) Humongous regions: 2->2
[2025-04-03T15:38:19.651-0400][82955.883s][info ][gc,metaspace] GC(431) Metaspace: 199219K(201024K)->199219K(201024K) NonClass: 175473K(176384K)->175473K(176384K) Class: 23745K(24640K)->23745K(24640K)
[2025-04-03T15:38:19.651-0400][82955.883s][info ][gc          ] GC(431) Pause Young (Normal) (G1 Evacuation Pause) 456M->202M(512M) 2.811ms
[2025-04-03T15:38:19.651-0400][82955.883s][info ][gc,cpu      ] GC(431) User=0.00s Sys=0.00s Real=0.00s
[2025-04-03T15:38:19.651-0400][82955.883s][info ][safepoint   ] Safepoint "G1CollectForAllocation", Time since last: 126110165900 ns, Reaching safepoint: 54000 ns, Cleanup: 2500 ns, At safepoint: 2891400 ns, Total: 2947900 ns
[2025-04-03T15:41:53.947-0400][83170.180s][debug][safepoint   ] Safepoint synchronization initiated using striped semaphore wait barrier. (246 threads)
[2025-04-03T15:41:53.947-0400][83170.180s][info ][gc,start    ] GC(432) Pause Young (Normal) (G1 Evacuation Pause)
[2025-04-03T15:41:53.947-0400][83170.180s][info ][gc,task     ] GC(432) Using 23 workers of 23 for evacuation
[2025-04-03T15:41:53.949-0400][83170.182s][info ][gc,phases   ] GC(432)   Pre Evacuate Collection Set: 0.2ms
[2025-04-03T15:41:53.949-0400][83170.182s][info ][gc,phases   ] GC(432)   Merge Heap Roots: 0.1ms
[2025-04-03T15:41:53.949-0400][83170.182s][info ][gc,phases   ] GC(432)   Evacuate Collection Set: 0.7ms
[2025-04-03T15:41:53.949-0400][83170.182s][info ][gc,phases   ] GC(432)   Post Evacuate Collection Set: 0.9ms
[2025-04-03T15:41:53.949-0400][83170.182s][info ][gc,phases   ] GC(432)   Other: 0.1ms
[2025-04-03T15:41:53.949-0400][83170.182s][info ][gc,heap     ] GC(432) Eden regions: 254->0(255)
[2025-04-03T15:41:53.949-0400][83170.182s][info ][gc,heap     ] GC(432) Survivor regions: 2->2(32)
[2025-04-03T15:41:53.949-0400][83170.182s][info ][gc,heap     ] GC(432) Old regions: 199->199
[2025-04-03T15:41:53.949-0400][83170.182s][info ][gc,heap     ] GC(432) Archive regions: 0->0
[2025-04-03T15:41:53.949-0400][83170.182s][info ][gc,heap     ] GC(432) Humongous regions: 2->2
[2025-04-03T15:41:53.949-0400][83170.182s][info ][gc,metaspace] GC(432) Metaspace: 199219K(201024K)->199219K(201024K) NonClass: 175473K(176384K)->175473K(176384K) Class: 23745K(24640K)->23745K(24640K)
[2025-04-03T15:41:53.949-0400][83170.182s][info ][gc          ] GC(432) Pause Young (Normal) (G1 Evacuation Pause) 456M->202M(512M) 2.181ms
[2025-04-03T15:41:53.949-0400][83170.182s][info ][gc,cpu      ] GC(432) User=0.00s Sys=0.00s Real=0.00s
[2025-04-03T15:41:53.949-0400][83170.182s][info ][safepoint   ] Safepoint "G1CollectForAllocation", Time since last: 214296243400 ns, Reaching safepoint: 98900 ns, Cleanup: 9100 ns, At safepoint: 2286400 ns, Total: 2394400 ns
[2025-04-03T15:45:28.093-0400][83384.325s][debug][safepoint   ] Safepoint synchronization initiated using striped semaphore wait barrier. (246 threads)
[2025-04-03T15:45:28.093-0400][83384.325s][info ][gc,start    ] GC(433) Pause Young (Normal) (G1 Evacuation Pause)
[2025-04-03T15:45:28.093-0400][83384.325s][info ][gc,task     ] GC(433) Using 23 workers of 23 for evacuation
[2025-04-03T15:45:28.094-0400][83384.327s][info ][gc,phases   ] GC(433)   Pre Evacuate Collection Set: 0.1ms
[2025-04-03T15:45:28.094-0400][83384.327s][info ][gc,phases   ] GC(433)   Merge Heap Roots: 0.1ms
[2025-04-03T15:45:28.094-0400][83384.327s][info ][gc,phases   ] GC(433)   Evacuate Collection Set: 0.9ms
[2025-04-03T15:45:28.094-0400][83384.327s][info ][gc,phases   ] GC(433)   Post Evacuate Collection Set: 0.6ms
[2025-04-03T15:45:28.094-0400][83384.327s][info ][gc,phases   ] GC(433)   Other: 0.1ms
[2025-04-03T15:45:28.094-0400][83384.327s][info ][gc,heap     ] GC(433) Eden regions: 255->0(255)
[2025-04-03T15:45:28.094-0400][83384.327s][info ][gc,heap     ] GC(433) Survivor regions: 2->2(33)
[2025-04-03T15:45:28.094-0400][83384.327s][info ][gc,heap     ] GC(433) Old regions: 199->199
[2025-04-03T15:45:28.094-0400][83384.327s][info ][gc,heap     ] GC(433) Archive regions: 0->0
[2025-04-03T15:45:28.094-0400][83384.327s][info ][gc,heap     ] GC(433) Humongous regions: 2->2
[2025-04-03T15:45:28.094-0400][83384.327s][info ][gc,metaspace] GC(433) Metaspace: 199219K(201024K)->199219K(201024K) NonClass: 175473K(176384K)->175473K(176384K) Class: 23745K(24640K)->23745K(24640K)
[2025-04-03T15:45:28.094-0400][83384.327s][info ][gc          ] GC(433) Pause Young (Normal) (G1 Evacuation Pause) 457M->202M(512M) 1.867ms
[2025-04-03T15:45:28.094-0400][83384.327s][info ][gc,cpu      ] GC(433) User=0.00s Sys=0.00s Real=0.00s
[2025-04-03T15:45:28.094-0400][83384.327s][info ][safepoint   ] Safepoint "G1CollectForAllocation", Time since last: 214143205600 ns, Reaching safepoint: 75600 ns, Cleanup: 7600 ns, At safepoint: 1959200 ns, Total: 2042400 ns
[2025-04-03T15:49:01.506-0400][83597.738s][debug][safepoint   ] Safepoint synchronization initiated using striped semaphore wait barrier. (245 threads)
[2025-04-03T15:49:01.506-0400][83597.738s][info ][gc,start    ] GC(434) Pause Young (Normal) (G1 Evacuation Pause)
[2025-04-03T15:49:01.506-0400][83597.738s][info ][gc,task     ] GC(434) Using 23 workers of 23 for evacuation
[2025-04-03T15:49:01.508-0400][83597.740s][info ][gc,phases   ] GC(434)   Pre Evacuate Collection Set: 0.2ms
[2025-04-03T15:49:01.508-0400][83597.740s][info ][gc,phases   ] GC(434)   Merge Heap Roots: 0.2ms
[2025-04-03T15:49:01.508-0400][83597.740s][info ][gc,phases   ] GC(434)   Evacuate Collection Set: 0.9ms
[2025-04-03T15:49:01.508-0400][83597.740s][info ][gc,phases   ] GC(434)   Post Evacuate Collection Set: 0.8ms
[2025-04-03T15:49:01.508-0400][83597.740s][info ][gc,phases   ] GC(434)   Other: 0.1ms
[2025-04-03T15:49:01.508-0400][83597.740s][info ][gc,heap     ] GC(434) Eden regions: 255->0(254)
[2025-04-03T15:49:01.508-0400][83597.740s][info ][gc,heap     ] GC(434) Survivor regions: 2->2(33)
[2025-04-03T15:49:01.508-0400][83597.740s][info ][gc,heap     ] GC(434) Old regions: 199->199
[2025-04-03T15:49:01.508-0400][83597.740s][info ][gc,heap     ] GC(434) Archive regions: 0->0
[2025-04-03T15:49:01.508-0400][83597.740s][info ][gc,heap     ] GC(434) Humongous regions: 2->2
[2025-04-03T15:49:01.508-0400][83597.740s][info ][gc,metaspace] GC(434) Metaspace: 199219K(201024K)->199219K(201024K) NonClass: 175473K(176384K)->175473K(176384K) Class: 23745K(24640K)->23745K(24640K)
[2025-04-03T15:49:01.508-0400][83597.740s][info ][gc          ] GC(434) Pause Young (Normal) (G1 Evacuation Pause) 457M->202M(512M) 2.322ms
[2025-04-03T15:49:01.508-0400][83597.740s][info ][gc,cpu      ] GC(434) User=0.00s Sys=0.00s Real=0.00s
[2025-04-03T15:49:01.508-0400][83597.741s][info ][safepoint   ] Safepoint "G1CollectForAllocation", Time since last: 213410828300 ns, Reaching safepoint: 63200 ns, Cleanup: 4000 ns, At safepoint: 2427100 ns, Total: 2494300 ns
[2025-04-03T15:52:33.181-0400][83809.413s][debug][safepoint   ] Safepoint synchronization initiated using striped semaphore wait barrier. (245 threads)
[2025-04-03T15:52:33.181-0400][83809.413s][info ][gc,start    ] GC(435) Pause Young (Normal) (G1 Evacuation Pause)
[2025-04-03T15:52:33.181-0400][83809.413s][info ][gc,task     ] GC(435) Using 23 workers of 23 for evacuation
[2025-04-03T15:52:33.183-0400][83809.416s][info ][gc,phases   ] GC(435)   Pre Evacuate Collection Set: 0.1ms
[2025-04-03T15:52:33.183-0400][83809.416s][info ][gc,phases   ] GC(435)   Merge Heap Roots: 0.1ms
[2025-04-03T15:52:33.183-0400][83809.416s][info ][gc,phases   ] GC(435)   Evacuate Collection Set: 1.4ms
[2025-04-03T15:52:33.183-0400][83809.416s][info ][gc,phases   ] GC(435)   Post Evacuate Collection Set: 1.0ms
[2025-04-03T15:52:33.183-0400][83809.416s][info ][gc,phases   ] GC(435)   Other: 0.1ms
[2025-04-03T15:52:33.183-0400][83809.416s][info ][gc,heap     ] GC(435) Eden regions: 254->0(254)
[2025-04-03T15:52:33.183-0400][83809.416s][info ][gc,heap     ] GC(435) Survivor regions: 2->2(32)
[2025-04-03T15:52:33.183-0400][83809.416s][info ][gc,heap     ] GC(435) Old regions: 199->199
[2025-04-03T15:52:33.184-0400][83809.416s][info ][gc,heap     ] GC(435) Archive regions: 0->0
[2025-04-03T15:52:33.184-0400][83809.416s][info ][gc,heap     ] GC(435) Humongous regions: 2->2
[2025-04-03T15:52:33.184-0400][83809.416s][info ][gc,metaspace] GC(435) Metaspace: 199219K(201024K)->199219K(201024K) NonClass: 175473K(176384K)->175473K(176384K) Class: 23745K(24640K)->23745K(24640K)
[2025-04-03T15:52:33.184-0400][83809.416s][info ][gc          ] GC(435) Pause Young (Normal) (G1 Evacuation Pause) 456M->202M(512M) 2.854ms
[2025-04-03T15:52:33.184-0400][83809.416s][info ][gc,cpu      ] GC(435) User=0.00s Sys=0.00s Real=0.00s
[2025-04-03T15:52:33.184-0400][83809.416s][info ][safepoint   ] Safepoint "G1CollectForAllocation", Time since last: 211672531600 ns, Reaching safepoint: 84100 ns, Cleanup: 3700 ns, At safepoint: 2945000 ns, Total: 3032800 ns
[2025-04-03T15:56:08.681-0400][84024.913s][debug][safepoint   ] Safepoint synchronization initiated using striped semaphore wait barrier. (245 threads)
[2025-04-03T15:56:08.681-0400][84024.913s][info ][gc,start    ] GC(436) Pause Young (Normal) (G1 Evacuation Pause)
[2025-04-03T15:56:08.681-0400][84024.913s][info ][gc,task     ] GC(436) Using 23 workers of 23 for evacuation
[2025-04-03T15:56:08.684-0400][84024.916s][info ][gc,phases   ] GC(436)   Pre Evacuate Collection Set: 0.1ms
[2025-04-03T15:56:08.684-0400][84024.916s][info ][gc,phases   ] GC(436)   Merge Heap Roots: 0.1ms
[2025-04-03T15:56:08.684-0400][84024.916s][info ][gc,phases   ] GC(436)   Evacuate Collection Set: 1.4ms
[2025-04-03T15:56:08.684-0400][84024.916s][info ][gc,phases   ] GC(436)   Post Evacuate Collection Set: 1.1ms
[2025-04-03T15:56:08.684-0400][84024.916s][info ][gc,phases   ] GC(436)   Other: 0.1ms
[2025-04-03T15:56:08.684-0400][84024.916s][info ][gc,heap     ] GC(436) Eden regions: 254->0(254)
[2025-04-03T15:56:08.684-0400][84024.916s][info ][gc,heap     ] GC(436) Survivor regions: 2->2(32)
[2025-04-03T15:56:08.684-0400][84024.916s][info ][gc,heap     ] GC(436) Old regions: 199->199
[2025-04-03T15:56:08.684-0400][84024.916s][info ][gc,heap     ] GC(436) Archive regions: 0->0
[2025-04-03T15:56:08.684-0400][84024.916s][info ][gc,heap     ] GC(436) Humongous regions: 2->2
[2025-04-03T15:56:08.684-0400][84024.916s][info ][gc,metaspace] GC(436) Metaspace: 199219K(201024K)->199219K(201024K) NonClass: 175473K(176384K)->175473K(176384K) Class: 23745K(24640K)->23745K(24640K)
[2025-04-03T15:56:08.684-0400][84024.916s][info ][gc          ] GC(436) Pause Young (Normal) (G1 Evacuation Pause) 456M->202M(512M) 2.861ms
[2025-04-03T15:56:08.684-0400][84024.916s][info ][gc,cpu      ] GC(436) User=0.00s Sys=0.00s Real=0.00s
[2025-04-03T15:56:08.684-0400][84024.916s][info ][safepoint   ] Safepoint "G1CollectForAllocation", Time since last: 215497309900 ns, Reaching safepoint: 67600 ns, Cleanup: 2600 ns, At safepoint: 2936600 ns, Total: 3006800 ns
[2025-04-03T15:57:00.724-0400][84076.956s][debug][safepoint   ] Safepoint synchronization initiated using striped semaphore wait barrier. (245 threads)
[2025-04-03T15:57:00.724-0400][84076.956s][info ][safepoint   ] Safepoint "Cleanup", Time since last: 52039741900 ns, Reaching safepoint: 77700 ns, Cleanup: 8200 ns, At safepoint: 1900 ns, Total: 87800 ns
[2025-04-03T15:59:41.662-0400][84237.894s][debug][safepoint   ] Safepoint synchronization initiated using striped semaphore wait barrier. (245 threads)
[2025-04-03T15:59:41.662-0400][84237.894s][info ][gc,start    ] GC(437) Pause Young (Normal) (G1 Evacuation Pause)
[2025-04-03T15:59:41.662-0400][84237.894s][info ][gc,task     ] GC(437) Using 23 workers of 23 for evacuation
[2025-04-03T15:59:41.665-0400][84237.898s][info ][gc,phases   ] GC(437)   Pre Evacuate Collection Set: 0.3ms
[2025-04-03T15:59:41.665-0400][84237.898s][info ][gc,phases   ] GC(437)   Merge Heap Roots: 0.3ms
[2025-04-03T15:59:41.665-0400][84237.898s][info ][gc,phases   ] GC(437)   Evacuate Collection Set: 1.1ms
[2025-04-03T15:59:41.665-0400][84237.898s][info ][gc,phases   ] GC(437)   Post Evacuate Collection Set: 1.4ms
[2025-04-03T15:59:41.665-0400][84237.898s][info ][gc,phases   ] GC(437)   Other: 0.2ms
[2025-04-03T15:59:41.665-0400][84237.898s][info ][gc,heap     ] GC(437) Eden regions: 254->0(254)
[2025-04-03T15:59:41.665-0400][84237.898s][info ][gc,heap     ] GC(437) Survivor regions: 2->2(32)
[2025-04-03T15:59:41.665-0400][84237.898s][info ][gc,heap     ] GC(437) Old regions: 199->199
[2025-04-03T15:59:41.665-0400][84237.898s][info ][gc,heap     ] GC(437) Archive regions: 0->0
[2025-04-03T15:59:41.665-0400][84237.898s][info ][gc,heap     ] GC(437) Humongous regions: 2->2
[2025-04-03T15:59:41.665-0400][84237.898s][info ][gc,metaspace] GC(437) Metaspace: 199219K(201024K)->199219K(201024K) NonClass: 175473K(176384K)->175473K(176384K) Class: 23745K(24640K)->23745K(24640K)
[2025-04-03T15:59:41.665-0400][84237.898s][info ][gc          ] GC(437) Pause Young (Normal) (G1 Evacuation Pause) 456M->202M(512M) 3.398ms
[2025-04-03T15:59:41.665-0400][84237.898s][info ][gc,cpu      ] GC(437) User=0.00s Sys=0.00s Real=0.00s
[2025-04-03T15:59:41.665-0400][84237.898s][info ][safepoint   ] Safepoint "G1CollectForAllocation", Time since last: 160937955600 ns, Reaching safepoint: 72300 ns, Cleanup: 4700 ns, At safepoint: 3512400 ns, Total: 3589400 ns
[2025-04-03T16:03:16.243-0400][84452.476s][debug][safepoint   ] Safepoint synchronization initiated using striped semaphore wait barrier. (245 threads)
[2025-04-03T16:03:16.243-0400][84452.476s][info ][gc,start    ] GC(438) Pause Young (Normal) (G1 Evacuation Pause)
[2025-04-03T16:03:16.243-0400][84452.476s][info ][gc,task     ] GC(438) Using 23 workers of 23 for evacuation
[2025-04-03T16:03:16.247-0400][84452.479s][info ][gc,phases   ] GC(438)   Pre Evacuate Collection Set: 0.1ms
[2025-04-03T16:03:16.247-0400][84452.479s][info ][gc,phases   ] GC(438)   Merge Heap Roots: 0.1ms
[2025-04-03T16:03:16.247-0400][84452.479s][info ][gc,phases   ] GC(438)   Evacuate Collection Set: 1.7ms
[2025-04-03T16:03:16.247-0400][84452.479s][info ][gc,phases   ] GC(438)   Post Evacuate Collection Set: 0.9ms
[2025-04-03T16:03:16.247-0400][84452.479s][info ][gc,phases   ] GC(438)   Other: 0.1ms
[2025-04-03T16:03:16.247-0400][84452.479s][info ][gc,heap     ] GC(438) Eden regions: 254->0(255)
[2025-04-03T16:03:16.247-0400][84452.479s][info ][gc,heap     ] GC(438) Survivor regions: 2->2(32)
[2025-04-03T16:03:16.247-0400][84452.479s][info ][gc,heap     ] GC(438) Old regions: 199->199
[2025-04-03T16:03:16.247-0400][84452.479s][info ][gc,heap     ] GC(438) Archive regions: 0->0
[2025-04-03T16:03:16.247-0400][84452.479s][info ][gc,heap     ] GC(438) Humongous regions: 2->2
[2025-04-03T16:03:16.247-0400][84452.479s][info ][gc,metaspace] GC(438) Metaspace: 199219K(201024K)->199219K(201024K) NonClass: 175473K(176384K)->175473K(176384K) Class: 23745K(24640K)->23745K(24640K)
[2025-04-03T16:03:16.247-0400][84452.479s][info ][gc          ] GC(438) Pause Young (Normal) (G1 Evacuation Pause) 456M->202M(512M) 2.972ms
[2025-04-03T16:03:16.247-0400][84452.479s][info ][gc,cpu      ] GC(438) User=0.00s Sys=0.00s Real=0.00s
[2025-04-03T16:03:16.247-0400][84452.479s][info ][safepoint   ] Safepoint "G1CollectForAllocation", Time since last: 214577832000 ns, Reaching safepoint: 128000 ns, Cleanup: 6900 ns, At safepoint: 3064000 ns, Total: 3198900 ns
[2025-04-03T16:06:50.717-0400][84666.949s][debug][safepoint   ] Safepoint synchronization initiated using striped semaphore wait barrier. (245 threads)
[2025-04-03T16:06:50.717-0400][84666.950s][info ][gc,start    ] GC(439) Pause Young (Normal) (G1 Evacuation Pause)
[2025-04-03T16:06:50.717-0400][84666.950s][info ][gc,task     ] GC(439) Using 23 workers of 23 for evacuation
[2025-04-03T16:06:50.719-0400][84666.952s][info ][gc,phases   ] GC(439)   Pre Evacuate Collection Set: 0.1ms
[2025-04-03T16:06:50.719-0400][84666.952s][info ][gc,phases   ] GC(439)   Merge Heap Roots: 0.1ms
[2025-04-03T16:06:50.719-0400][84666.952s][info ][gc,phases   ] GC(439)   Evacuate Collection Set: 1.3ms
[2025-04-03T16:06:50.719-0400][84666.952s][info ][gc,phases   ] GC(439)   Post Evacuate Collection Set: 0.8ms
[2025-04-03T16:06:50.719-0400][84666.952s][info ][gc,phases   ] GC(439)   Other: 0.1ms
[2025-04-03T16:06:50.719-0400][84666.952s][info ][gc,heap     ] GC(439) Eden regions: 255->0(255)
[2025-04-03T16:06:50.719-0400][84666.952s][info ][gc,heap     ] GC(439) Survivor regions: 2->2(33)
[2025-04-03T16:06:50.719-0400][84666.952s][info ][gc,heap     ] GC(439) Old regions: 199->199
[2025-04-03T16:06:50.719-0400][84666.952s][info ][gc,heap     ] GC(439) Archive regions: 0->0
[2025-04-03T16:06:50.719-0400][84666.952s][info ][gc,heap     ] GC(439) Humongous regions: 2->2
[2025-04-03T16:06:50.719-0400][84666.952s][info ][gc,metaspace] GC(439) Metaspace: 199219K(201024K)->199219K(201024K) NonClass: 175473K(176384K)->175473K(176384K) Class: 23745K(24640K)->23745K(24640K)
[2025-04-03T16:06:50.719-0400][84666.952s][info ][gc          ] GC(439) Pause Young (Normal) (G1 Evacuation Pause) 457M->202M(512M) 2.500ms
[2025-04-03T16:06:50.719-0400][84666.952s][info ][gc,cpu      ] GC(439) User=0.00s Sys=0.00s Real=0.00s
[2025-04-03T16:06:50.719-0400][84666.952s][info ][safepoint   ] Safepoint "G1CollectForAllocation", Time since last: 214470676700 ns, Reaching safepoint: 51400 ns, Cleanup: 2100 ns, At safepoint: 2570000 ns, Total: 2623500 ns
[2025-04-03T16:10:26.531-0400][84882.763s][debug][safepoint   ] Safepoint synchronization initiated using striped semaphore wait barrier. (245 threads)
[2025-04-03T16:10:26.531-0400][84882.763s][info ][gc,start    ] GC(440) Pause Young (Normal) (G1 Evacuation Pause)
[2025-04-03T16:10:26.531-0400][84882.763s][info ][gc,task     ] GC(440) Using 23 workers of 23 for evacuation
[2025-04-03T16:10:26.533-0400][84882.765s][info ][gc,phases   ] GC(440)   Pre Evacuate Collection Set: 0.1ms
[2025-04-03T16:10:26.533-0400][84882.765s][info ][gc,phases   ] GC(440)   Merge Heap Roots: 0.1ms
[2025-04-03T16:10:26.533-0400][84882.765s][info ][gc,phases   ] GC(440)   Evacuate Collection Set: 1.2ms
[2025-04-03T16:10:26.533-0400][84882.765s][info ][gc,phases   ] GC(440)   Post Evacuate Collection Set: 0.8ms
[2025-04-03T16:10:26.533-0400][84882.765s][info ][gc,phases   ] GC(440)   Other: 0.1ms
[2025-04-03T16:10:26.533-0400][84882.765s][info ][gc,heap     ] GC(440) Eden regions: 255->0(255)
[2025-04-03T16:10:26.533-0400][84882.765s][info ][gc,heap     ] GC(440) Survivor regions: 2->2(33)
[2025-04-03T16:10:26.533-0400][84882.765s][info ][gc,heap     ] GC(440) Old regions: 199->199
[2025-04-03T16:10:26.533-0400][84882.765s][info ][gc,heap     ] GC(440) Archive regions: 0->0
[2025-04-03T16:10:26.533-0400][84882.765s][info ][gc,heap     ] GC(440) Humongous regions: 2->2
[2025-04-03T16:10:26.533-0400][84882.765s][info ][gc,metaspace] GC(440) Metaspace: 199219K(201024K)->199219K(201024K) NonClass: 175473K(176384K)->175473K(176384K) Class: 23745K(24640K)->23745K(24640K)
[2025-04-03T16:10:26.533-0400][84882.765s][info ][gc          ] GC(440) Pause Young (Normal) (G1 Evacuation Pause) 457M->202M(512M) 2.440ms
[2025-04-03T16:10:26.533-0400][84882.765s][info ][gc,cpu      ] GC(440) User=0.00s Sys=0.00s Real=0.00s
[2025-04-03T16:10:26.533-0400][84882.765s][info ][safepoint   ] Safepoint "G1CollectForAllocation", Time since last: 215810467300 ns, Reaching safepoint: 89300 ns, Cleanup: 7300 ns, At safepoint: 2523800 ns, Total: 2620400 ns
[2025-04-03T16:14:00.079-0400][85096.312s][debug][safepoint   ] Safepoint synchronization initiated using striped semaphore wait barrier. (245 threads)
[2025-04-03T16:14:00.079-0400][85096.312s][info ][gc,start    ] GC(441) Pause Young (Normal) (G1 Evacuation Pause)
[2025-04-03T16:14:00.079-0400][85096.312s][info ][gc,task     ] GC(441) Using 23 workers of 23 for evacuation
[2025-04-03T16:14:00.082-0400][85096.315s][info ][gc,phases   ] GC(441)   Pre Evacuate Collection Set: 0.1ms
[2025-04-03T16:14:00.082-0400][85096.315s][info ][gc,phases   ] GC(441)   Merge Heap Roots: 0.1ms
[2025-04-03T16:14:00.082-0400][85096.315s][info ][gc,phases   ] GC(441)   Evacuate Collection Set: 1.5ms
[2025-04-03T16:14:00.082-0400][85096.315s][info ][gc,phases   ] GC(441)   Post Evacuate Collection Set: 1.0ms
[2025-04-03T16:14:00.082-0400][85096.315s][info ][gc,phases   ] GC(441)   Other: 0.1ms
[2025-04-03T16:14:00.082-0400][85096.315s][info ][gc,heap     ] GC(441) Eden regions: 255->0(254)
[2025-04-03T16:14:00.082-0400][85096.315s][info ][gc,heap     ] GC(441) Survivor regions: 2->2(33)
[2025-04-03T16:14:00.082-0400][85096.315s][info ][gc,heap     ] GC(441) Old regions: 199->200
[2025-04-03T16:14:00.082-0400][85096.315s][info ][gc,heap     ] GC(441) Archive regions: 0->0
[2025-04-03T16:14:00.082-0400][85096.315s][info ][gc,heap     ] GC(441) Humongous regions: 2->2
[2025-04-03T16:14:00.082-0400][85096.315s][info ][gc,metaspace] GC(441) Metaspace: 199219K(201024K)->199219K(201024K) NonClass: 175473K(176384K)->175473K(176384K) Class: 23745K(24640K)->23745K(24640K)
[2025-04-03T16:14:00.082-0400][85096.315s][info ][gc          ] GC(441) Pause Young (Normal) (G1 Evacuation Pause) 457M->202M(512M) 2.822ms
[2025-04-03T16:14:00.082-0400][85096.315s][info ][gc,cpu      ] GC(441) User=0.02s Sys=0.00s Real=0.00s
[2025-04-03T16:14:00.082-0400][85096.315s][info ][safepoint   ] Safepoint "G1CollectForAllocation", Time since last: 213546698800 ns, Reaching safepoint: 77600 ns, Cleanup: 2700 ns, At safepoint: 2904800 ns, Total: 2985100 ns
[2025-04-03T16:16:16.150-0400][85232.382s][debug][safepoint   ] Safepoint synchronization initiated using striped semaphore wait barrier. (247 threads)
[2025-04-03T16:16:16.150-0400][85232.382s][info ][safepoint   ] Safepoint "Cleanup", Time since last: 136067031200 ns, Reaching safepoint: 138600 ns, Cleanup: 7500 ns, At safepoint: 1400 ns, Total: 147500 ns
[2025-04-03T16:16:40.161-0400][85256.393s][debug][safepoint   ] Safepoint synchronization initiated using striped semaphore wait barrier. (247 threads)
[2025-04-03T16:16:40.161-0400][85256.393s][info ][safepoint   ] Safepoint "Cleanup", Time since last: 24011161500 ns, Reaching safepoint: 55300 ns, Cleanup: 9300 ns, At safepoint: 1500 ns, Total: 66100 ns
[2025-04-03T16:17:33.040-0400][85309.272s][debug][safepoint   ] Safepoint synchronization initiated using striped semaphore wait barrier. (247 threads)
[2025-04-03T16:17:33.040-0400][85309.272s][info ][gc,start    ] GC(442) Pause Young (Normal) (G1 Evacuation Pause)
[2025-04-03T16:17:33.040-0400][85309.272s][info ][gc,task     ] GC(442) Using 23 workers of 23 for evacuation
[2025-04-03T16:17:33.042-0400][85309.274s][info ][gc,phases   ] GC(442)   Pre Evacuate Collection Set: 0.1ms
[2025-04-03T16:17:33.042-0400][85309.274s][info ][gc,phases   ] GC(442)   Merge Heap Roots: 0.1ms
[2025-04-03T16:17:33.042-0400][85309.274s][info ][gc,phases   ] GC(442)   Evacuate Collection Set: 1.4ms
[2025-04-03T16:17:33.042-0400][85309.274s][info ][gc,phases   ] GC(442)   Post Evacuate Collection Set: 0.8ms
[2025-04-03T16:17:33.042-0400][85309.274s][info ][gc,phases   ] GC(442)   Other: 0.1ms
[2025-04-03T16:17:33.042-0400][85309.274s][info ][gc,heap     ] GC(442) Eden regions: 254->0(253)
[2025-04-03T16:17:33.042-0400][85309.274s][info ][gc,heap     ] GC(442) Survivor regions: 2->2(32)
[2025-04-03T16:17:33.042-0400][85309.274s][info ][gc,heap     ] GC(442) Old regions: 200->200
[2025-04-03T16:17:33.042-0400][85309.274s][info ][gc,heap     ] GC(442) Archive regions: 0->0
[2025-04-03T16:17:33.042-0400][85309.274s][info ][gc,heap     ] GC(442) Humongous regions: 2->2
[2025-04-03T16:17:33.042-0400][85309.274s][info ][gc,metaspace] GC(442) Metaspace: 199219K(201024K)->199219K(201024K) NonClass: 175473K(176384K)->175473K(176384K) Class: 23745K(24640K)->23745K(24640K)
[2025-04-03T16:17:33.042-0400][85309.274s][info ][gc          ] GC(442) Pause Young (Normal) (G1 Evacuation Pause) 456M->202M(512M) 2.537ms
[2025-04-03T16:17:33.042-0400][85309.275s][info ][gc,cpu      ] GC(442) User=0.00s Sys=0.00s Real=0.00s
[2025-04-03T16:17:33.042-0400][85309.275s][info ][safepoint   ] Safepoint "G1CollectForAllocation", Time since last: 52878577700 ns, Reaching safepoint: 60100 ns, Cleanup: 2700 ns, At safepoint: 2627500 ns, Total: 2690300 ns
[2025-04-03T16:18:27.072-0400][85363.304s][debug][safepoint   ] Safepoint synchronization initiated using striped semaphore wait barrier. (247 threads)
[2025-04-03T16:18:27.072-0400][85363.304s][info ][safepoint   ] Safepoint "Cleanup", Time since last: 54029285700 ns, Reaching safepoint: 45300 ns, Cleanup: 7000 ns, At safepoint: 1600 ns, Total: 53900 ns
[2025-04-03T16:21:02.504-0400][85518.736s][debug][safepoint   ] Safepoint synchronization initiated using striped semaphore wait barrier. (246 threads)
[2025-04-03T16:21:02.504-0400][85518.737s][info ][gc,start    ] GC(443) Pause Young (Normal) (G1 Evacuation Pause)
[2025-04-03T16:21:02.504-0400][85518.737s][info ][gc,task     ] GC(443) Using 23 workers of 23 for evacuation
[2025-04-03T16:21:02.506-0400][85518.739s][info ][gc,phases   ] GC(443)   Pre Evacuate Collection Set: 0.3ms
[2025-04-03T16:21:02.506-0400][85518.739s][info ][gc,phases   ] GC(443)   Merge Heap Roots: 0.2ms
[2025-04-03T16:21:02.506-0400][85518.739s][info ][gc,phases   ] GC(443)   Evacuate Collection Set: 1.0ms
[2025-04-03T16:21:02.506-0400][85518.739s][info ][gc,phases   ] GC(443)   Post Evacuate Collection Set: 0.9ms
[2025-04-03T16:21:02.506-0400][85518.739s][info ][gc,phases   ] GC(443)   Other: 0.1ms
[2025-04-03T16:21:02.506-0400][85518.739s][info ][gc,heap     ] GC(443) Eden regions: 253->0(253)
[2025-04-03T16:21:02.506-0400][85518.739s][info ][gc,heap     ] GC(443) Survivor regions: 2->2(32)
[2025-04-03T16:21:02.506-0400][85518.739s][info ][gc,heap     ] GC(443) Old regions: 200->200
[2025-04-03T16:21:02.506-0400][85518.739s][info ][gc,heap     ] GC(443) Archive regions: 0->0
[2025-04-03T16:21:02.506-0400][85518.739s][info ][gc,heap     ] GC(443) Humongous regions: 2->2
[2025-04-03T16:21:02.506-0400][85518.739s][info ][gc,metaspace] GC(443) Metaspace: 199219K(201024K)->199219K(201024K) NonClass: 175473K(176384K)->175473K(176384K) Class: 23745K(24640K)->23745K(24640K)
[2025-04-03T16:21:02.507-0400][85518.739s][info ][gc          ] GC(443) Pause Young (Normal) (G1 Evacuation Pause) 455M->202M(512M) 2.646ms
[2025-04-03T16:21:02.507-0400][85518.739s][info ][gc,cpu      ] GC(443) User=0.00s Sys=0.00s Real=0.00s
[2025-04-03T16:21:02.507-0400][85518.739s][info ][safepoint   ] Safepoint "G1CollectForAllocation", Time since last: 155432537400 ns, Reaching safepoint: 83600 ns, Cleanup: 3000 ns, At safepoint: 2766800 ns, Total: 2853400 ns
[2025-04-03T16:21:12.512-0400][85528.744s][debug][safepoint   ] Safepoint synchronization initiated using striped semaphore wait barrier. (247 threads)
[2025-04-03T16:21:12.512-0400][85528.744s][info ][safepoint   ] Safepoint "Cleanup", Time since last: 10004780500 ns, Reaching safepoint: 60000 ns, Cleanup: 10900 ns, At safepoint: 1900 ns, Total: 72800 ns
[2025-04-03T16:24:36.424-0400][85732.656s][debug][safepoint   ] Safepoint synchronization initiated using striped semaphore wait barrier. (245 threads)
[2025-04-03T16:24:36.424-0400][85732.656s][info ][gc,start    ] GC(444) Pause Young (Normal) (G1 Evacuation Pause)
[2025-04-03T16:24:36.424-0400][85732.656s][info ][gc,task     ] GC(444) Using 23 workers of 23 for evacuation
[2025-04-03T16:24:36.426-0400][85732.659s][info ][gc,phases   ] GC(444)   Pre Evacuate Collection Set: 0.2ms
[2025-04-03T16:24:36.426-0400][85732.659s][info ][gc,phases   ] GC(444)   Merge Heap Roots: 0.1ms
[2025-04-03T16:24:36.426-0400][85732.659s][info ][gc,phases   ] GC(444)   Evacuate Collection Set: 1.6ms
[2025-04-03T16:24:36.426-0400][85732.659s][info ][gc,phases   ] GC(444)   Post Evacuate Collection Set: 0.8ms
[2025-04-03T16:24:36.426-0400][85732.659s][info ][gc,phases   ] GC(444)   Other: 0.1ms
[2025-04-03T16:24:36.426-0400][85732.659s][info ][gc,heap     ] GC(444) Eden regions: 253->0(253)
[2025-04-03T16:24:36.426-0400][85732.659s][info ][gc,heap     ] GC(444) Survivor regions: 2->2(32)
[2025-04-03T16:24:36.426-0400][85732.659s][info ][gc,heap     ] GC(444) Old regions: 200->200
[2025-04-03T16:24:36.426-0400][85732.659s][info ][gc,heap     ] GC(444) Archive regions: 0->0
[2025-04-03T16:24:36.426-0400][85732.659s][info ][gc,heap     ] GC(444) Humongous regions: 2->2
[2025-04-03T16:24:36.426-0400][85732.659s][info ][gc,metaspace] GC(444) Metaspace: 199219K(201024K)->199219K(201024K) NonClass: 175473K(176384K)->175473K(176384K) Class: 23745K(24640K)->23745K(24640K)
[2025-04-03T16:24:36.426-0400][85732.659s][info ][gc          ] GC(444) Pause Young (Normal) (G1 Evacuation Pause) 455M->202M(512M) 2.816ms
[2025-04-03T16:24:36.426-0400][85732.659s][info ][gc,cpu      ] GC(444) User=0.00s Sys=0.00s Real=0.00s
[2025-04-03T16:24:36.427-0400][85732.659s][info ][safepoint   ] Safepoint "G1CollectForAllocation", Time since last: 203912123200 ns, Reaching safepoint: 70300 ns, Cleanup: 2800 ns, At safepoint: 2885800 ns, Total: 2958900 ns
[2025-04-03T16:28:09.069-0400][85945.301s][debug][safepoint   ] Safepoint synchronization initiated using striped semaphore wait barrier. (245 threads)
[2025-04-03T16:28:09.069-0400][85945.301s][info ][gc,start    ] GC(445) Pause Young (Normal) (G1 Evacuation Pause)
[2025-04-03T16:28:09.069-0400][85945.301s][info ][gc,task     ] GC(445) Using 23 workers of 23 for evacuation
[2025-04-03T16:28:09.072-0400][85945.304s][info ][gc,phases   ] GC(445)   Pre Evacuate Collection Set: 0.1ms
[2025-04-03T16:28:09.072-0400][85945.304s][info ][gc,phases   ] GC(445)   Merge Heap Roots: 0.1ms
[2025-04-03T16:28:09.072-0400][85945.304s][info ][gc,phases   ] GC(445)   Evacuate Collection Set: 1.7ms
[2025-04-03T16:28:09.072-0400][85945.304s][info ][gc,phases   ] GC(445)   Post Evacuate Collection Set: 0.9ms
[2025-04-03T16:28:09.072-0400][85945.304s][info ][gc,phases   ] GC(445)   Other: 0.1ms
[2025-04-03T16:28:09.072-0400][85945.304s][info ][gc,heap     ] GC(445) Eden regions: 253->0(253)
[2025-04-03T16:28:09.072-0400][85945.304s][info ][gc,heap     ] GC(445) Survivor regions: 2->2(32)
[2025-04-03T16:28:09.072-0400][85945.304s][info ][gc,heap     ] GC(445) Old regions: 200->200
[2025-04-03T16:28:09.072-0400][85945.304s][info ][gc,heap     ] GC(445) Archive regions: 0->0
[2025-04-03T16:28:09.072-0400][85945.304s][info ][gc,heap     ] GC(445) Humongous regions: 2->2
[2025-04-03T16:28:09.072-0400][85945.304s][info ][gc,metaspace] GC(445) Metaspace: 199219K(201024K)->199219K(201024K) NonClass: 175473K(176384K)->175473K(176384K) Class: 23745K(24640K)->23745K(24640K)
[2025-04-03T16:28:09.072-0400][85945.304s][info ][gc          ] GC(445) Pause Young (Normal) (G1 Evacuation Pause) 455M->202M(512M) 2.984ms
[2025-04-03T16:28:09.072-0400][85945.304s][info ][gc,cpu      ] GC(445) User=0.00s Sys=0.00s Real=0.00s
[2025-04-03T16:28:09.072-0400][85945.304s][info ][safepoint   ] Safepoint "G1CollectForAllocation", Time since last: 212642101800 ns, Reaching safepoint: 74500 ns, Cleanup: 3700 ns, At safepoint: 3055700 ns, Total: 3133900 ns
[2025-04-03T16:31:43.068-0400][86159.300s][debug][safepoint   ] Safepoint synchronization initiated using striped semaphore wait barrier. (245 threads)
[2025-04-03T16:31:43.068-0400][86159.301s][info ][gc,start    ] GC(446) Pause Young (Normal) (G1 Evacuation Pause)
[2025-04-03T16:31:43.068-0400][86159.301s][info ][gc,task     ] GC(446) Using 23 workers of 23 for evacuation
[2025-04-03T16:31:43.071-0400][86159.303s][info ][gc,phases   ] GC(446)   Pre Evacuate Collection Set: 0.2ms
[2025-04-03T16:31:43.071-0400][86159.303s][info ][gc,phases   ] GC(446)   Merge Heap Roots: 0.1ms
[2025-04-03T16:31:43.071-0400][86159.303s][info ][gc,phases   ] GC(446)   Evacuate Collection Set: 1.5ms
[2025-04-03T16:31:43.071-0400][86159.303s][info ][gc,phases   ] GC(446)   Post Evacuate Collection Set: 0.9ms
[2025-04-03T16:31:43.071-0400][86159.303s][info ][gc,phases   ] GC(446)   Other: 0.2ms
[2025-04-03T16:31:43.071-0400][86159.303s][info ][gc,heap     ] GC(446) Eden regions: 253->0(253)
[2025-04-03T16:31:43.071-0400][86159.303s][info ][gc,heap     ] GC(446) Survivor regions: 2->2(32)
[2025-04-03T16:31:43.071-0400][86159.303s][info ][gc,heap     ] GC(446) Old regions: 200->200
[2025-04-03T16:31:43.071-0400][86159.303s][info ][gc,heap     ] GC(446) Archive regions: 0->0
[2025-04-03T16:31:43.071-0400][86159.303s][info ][gc,heap     ] GC(446) Humongous regions: 2->2
[2025-04-03T16:31:43.071-0400][86159.303s][info ][gc,metaspace] GC(446) Metaspace: 199219K(201024K)->199219K(201024K) NonClass: 175473K(176384K)->175473K(176384K) Class: 23745K(24640K)->23745K(24640K)
[2025-04-03T16:31:43.071-0400][86159.303s][info ][gc          ] GC(446) Pause Young (Normal) (G1 Evacuation Pause) 455M->202M(512M) 2.833ms
[2025-04-03T16:31:43.071-0400][86159.304s][info ][gc,cpu      ] GC(446) User=0.00s Sys=0.00s Real=0.00s
[2025-04-03T16:31:43.071-0400][86159.304s][info ][safepoint   ] Safepoint "G1CollectForAllocation", Time since last: 213996027500 ns, Reaching safepoint: 132000 ns, Cleanup: 6300 ns, At safepoint: 2909900 ns, Total: 3048200 ns
[2025-04-03T16:35:15.099-0400][86371.331s][debug][safepoint   ] Safepoint synchronization initiated using striped semaphore wait barrier. (245 threads)
[2025-04-03T16:35:15.099-0400][86371.331s][info ][gc,start    ] GC(447) Pause Young (Normal) (G1 Evacuation Pause)
[2025-04-03T16:35:15.099-0400][86371.331s][info ][gc,task     ] GC(447) Using 23 workers of 23 for evacuation
[2025-04-03T16:35:15.102-0400][86371.335s][info ][gc,phases   ] GC(447)   Pre Evacuate Collection Set: 0.1ms
[2025-04-03T16:35:15.102-0400][86371.335s][info ][gc,phases   ] GC(447)   Merge Heap Roots: 0.1ms
[2025-04-03T16:35:15.102-0400][86371.335s][info ][gc,phases   ] GC(447)   Evacuate Collection Set: 2.4ms
[2025-04-03T16:35:15.102-0400][86371.335s][info ][gc,phases   ] GC(447)   Post Evacuate Collection Set: 1.1ms
[2025-04-03T16:35:15.102-0400][86371.335s][info ][gc,phases   ] GC(447)   Other: 0.1ms
[2025-04-03T16:35:15.102-0400][86371.335s][info ][gc,heap     ] GC(447) Eden regions: 253->0(254)
[2025-04-03T16:35:15.102-0400][86371.335s][info ][gc,heap     ] GC(447) Survivor regions: 2->2(32)
[2025-04-03T16:35:15.102-0400][86371.335s][info ][gc,heap     ] GC(447) Old regions: 200->200
[2025-04-03T16:35:15.102-0400][86371.335s][info ][gc,heap     ] GC(447) Archive regions: 0->0
[2025-04-03T16:35:15.102-0400][86371.335s][info ][gc,heap     ] GC(447) Humongous regions: 2->2
[2025-04-03T16:35:15.102-0400][86371.335s][info ][gc,metaspace] GC(447) Metaspace: 199219K(201024K)->199219K(201024K) NonClass: 175473K(176384K)->175473K(176384K) Class: 23745K(24640K)->23745K(24640K)
[2025-04-03T16:35:15.102-0400][86371.335s][info ][gc          ] GC(447) Pause Young (Normal) (G1 Evacuation Pause) 455M->202M(512M) 3.941ms
[2025-04-03T16:35:15.102-0400][86371.335s][info ][gc,cpu      ] GC(447) User=0.00s Sys=0.00s Real=0.00s
[2025-04-03T16:35:15.102-0400][86371.335s][info ][safepoint   ] Safepoint "G1CollectForAllocation", Time since last: 212027543400 ns, Reaching safepoint: 51000 ns, Cleanup: 2200 ns, At safepoint: 4042100 ns, Total: 4095300 ns
[2025-04-03T16:36:13.131-0400][86429.363s][debug][safepoint   ] Safepoint synchronization initiated using striped semaphore wait barrier. (247 threads)
[2025-04-03T16:36:13.131-0400][86429.363s][info ][safepoint   ] Safepoint "Cleanup", Time since last: 58027515200 ns, Reaching safepoint: 154800 ns, Cleanup: 44400 ns, At safepoint: 2000 ns, Total: 201200 ns
[2025-04-03T16:38:48.200-0400][86584.433s][debug][safepoint   ] Safepoint synchronization initiated using striped semaphore wait barrier. (246 threads)
[2025-04-03T16:38:48.201-0400][86584.433s][info ][gc,start    ] GC(448) Pause Young (Normal) (G1 Evacuation Pause)
[2025-04-03T16:38:48.201-0400][86584.433s][info ][gc,task     ] GC(448) Using 23 workers of 23 for evacuation
[2025-04-03T16:38:48.206-0400][86584.439s][info ][gc,phases   ] GC(448)   Pre Evacuate Collection Set: 0.1ms
[2025-04-03T16:38:48.206-0400][86584.439s][info ][gc,phases   ] GC(448)   Merge Heap Roots: 0.1ms
[2025-04-03T16:38:48.206-0400][86584.439s][info ][gc,phases   ] GC(448)   Evacuate Collection Set: 4.2ms
[2025-04-03T16:38:48.207-0400][86584.439s][info ][gc,phases   ] GC(448)   Post Evacuate Collection Set: 1.4ms
[2025-04-03T16:38:48.207-0400][86584.439s][info ][gc,phases   ] GC(448)   Other: 0.1ms
[2025-04-03T16:38:48.207-0400][86584.439s][info ][gc,heap     ] GC(448) Eden regions: 254->0(253)
[2025-04-03T16:38:48.207-0400][86584.439s][info ][gc,heap     ] GC(448) Survivor regions: 2->2(32)
[2025-04-03T16:38:48.207-0400][86584.439s][info ][gc,heap     ] GC(448) Old regions: 200->200
[2025-04-03T16:38:48.207-0400][86584.439s][info ][gc,heap     ] GC(448) Archive regions: 0->0
[2025-04-03T16:38:48.207-0400][86584.439s][info ][gc,heap     ] GC(448) Humongous regions: 2->2
[2025-04-03T16:38:48.207-0400][86584.439s][info ][gc,metaspace] GC(448) Metaspace: 199244K(201088K)->199244K(201088K) NonClass: 175498K(176448K)->175498K(176448K) Class: 23746K(24640K)->23746K(24640K)
[2025-04-03T16:38:48.207-0400][86584.439s][info ][gc          ] GC(448) Pause Young (Normal) (G1 Evacuation Pause) 456M->202M(512M) 6.010ms
[2025-04-03T16:38:48.207-0400][86584.439s][info ][gc,cpu      ] GC(448) User=0.00s Sys=0.02s Real=0.01s
[2025-04-03T16:38:48.207-0400][86584.439s][info ][safepoint   ] Safepoint "G1CollectForAllocation", Time since last: 155069894600 ns, Reaching safepoint: 61600 ns, Cleanup: 2800 ns, At safepoint: 6079200 ns, Total: 6143600 ns
[2025-04-03T16:42:21.061-0400][86797.293s][debug][safepoint   ] Safepoint synchronization initiated using striped semaphore wait barrier. (246 threads)
[2025-04-03T16:42:21.061-0400][86797.293s][info ][gc,start    ] GC(449) Pause Young (Normal) (G1 Evacuation Pause)
[2025-04-03T16:42:21.061-0400][86797.293s][info ][gc,task     ] GC(449) Using 23 workers of 23 for evacuation
[2025-04-03T16:42:21.065-0400][86797.297s][info ][gc,phases   ] GC(449)   Pre Evacuate Collection Set: 0.2ms
[2025-04-03T16:42:21.065-0400][86797.297s][info ][gc,phases   ] GC(449)   Merge Heap Roots: 0.1ms
[2025-04-03T16:42:21.065-0400][86797.297s][info ][gc,phases   ] GC(449)   Evacuate Collection Set: 2.3ms
[2025-04-03T16:42:21.065-0400][86797.297s][info ][gc,phases   ] GC(449)   Post Evacuate Collection Set: 1.1ms
[2025-04-03T16:42:21.065-0400][86797.297s][info ][gc,phases   ] GC(449)   Other: 0.1ms
[2025-04-03T16:42:21.065-0400][86797.297s][info ][gc,heap     ] GC(449) Eden regions: 253->0(254)
[2025-04-03T16:42:21.065-0400][86797.297s][info ][gc,heap     ] GC(449) Survivor regions: 2->2(32)
[2025-04-03T16:42:21.065-0400][86797.297s][info ][gc,heap     ] GC(449) Old regions: 200->200
[2025-04-03T16:42:21.065-0400][86797.297s][info ][gc,heap     ] GC(449) Archive regions: 0->0
[2025-04-03T16:42:21.065-0400][86797.297s][info ][gc,heap     ] GC(449) Humongous regions: 2->2
[2025-04-03T16:42:21.065-0400][86797.297s][info ][gc,metaspace] GC(449) Metaspace: 199244K(201088K)->199244K(201088K) NonClass: 175498K(176448K)->175498K(176448K) Class: 23746K(24640K)->23746K(24640K)
[2025-04-03T16:42:21.065-0400][86797.297s][info ][gc          ] GC(449) Pause Young (Normal) (G1 Evacuation Pause) 455M->202M(512M) 3.795ms
[2025-04-03T16:42:21.065-0400][86797.297s][info ][gc,cpu      ] GC(449) User=0.02s Sys=0.02s Real=0.00s
[2025-04-03T16:42:21.065-0400][86797.297s][info ][safepoint   ] Safepoint "G1CollectForAllocation", Time since last: 212854310200 ns, Reaching safepoint: 125900 ns, Cleanup: 13500 ns, At safepoint: 3900500 ns, Total: 4039900 ns
[2025-04-03T16:45:50.180-0400][87006.412s][debug][safepoint   ] Safepoint synchronization initiated using striped semaphore wait barrier. (247 threads)
[2025-04-03T16:45:50.180-0400][87006.412s][info ][safepoint   ] Safepoint "Cleanup", Time since last: 209114717000 ns, Reaching safepoint: 64200 ns, Cleanup: 8400 ns, At safepoint: 1200 ns, Total: 73800 ns
[2025-04-03T16:45:55.211-0400][87011.443s][debug][safepoint   ] Safepoint synchronization initiated using striped semaphore wait barrier. (245 threads)
[2025-04-03T16:45:55.211-0400][87011.443s][info ][gc,start    ] GC(450) Pause Young (Normal) (G1 Evacuation Pause)
[2025-04-03T16:45:55.211-0400][87011.443s][info ][gc,task     ] GC(450) Using 23 workers of 23 for evacuation
[2025-04-03T16:45:55.214-0400][87011.446s][info ][gc,phases   ] GC(450)   Pre Evacuate Collection Set: 0.1ms
[2025-04-03T16:45:55.214-0400][87011.446s][info ][gc,phases   ] GC(450)   Merge Heap Roots: 0.1ms
[2025-04-03T16:45:55.214-0400][87011.446s][info ][gc,phases   ] GC(450)   Evacuate Collection Set: 1.4ms
[2025-04-03T16:45:55.214-0400][87011.446s][info ][gc,phases   ] GC(450)   Post Evacuate Collection Set: 0.9ms
[2025-04-03T16:45:55.214-0400][87011.446s][info ][gc,phases   ] GC(450)   Other: 0.1ms
[2025-04-03T16:45:55.214-0400][87011.446s][info ][gc,heap     ] GC(450) Eden regions: 254->0(254)
[2025-04-03T16:45:55.214-0400][87011.446s][info ][gc,heap     ] GC(450) Survivor regions: 2->2(32)
[2025-04-03T16:45:55.214-0400][87011.446s][info ][gc,heap     ] GC(450) Old regions: 200->200
[2025-04-03T16:45:55.214-0400][87011.446s][info ][gc,heap     ] GC(450) Archive regions: 0->0
[2025-04-03T16:45:55.214-0400][87011.446s][info ][gc,heap     ] GC(450) Humongous regions: 2->2
[2025-04-03T16:45:55.214-0400][87011.446s][info ][gc,metaspace] GC(450) Metaspace: 199244K(201088K)->199244K(201088K) NonClass: 175498K(176448K)->175498K(176448K) Class: 23746K(24640K)->23746K(24640K)
[2025-04-03T16:45:55.214-0400][87011.446s][info ][gc          ] GC(450) Pause Young (Normal) (G1 Evacuation Pause) 456M->202M(512M) 2.680ms
[2025-04-03T16:45:55.214-0400][87011.446s][info ][gc,cpu      ] GC(450) User=0.00s Sys=0.00s Real=0.00s
[2025-04-03T16:45:55.214-0400][87011.446s][info ][safepoint   ] Safepoint "G1CollectForAllocation", Time since last: 5031204000 ns, Reaching safepoint: 45700 ns, Cleanup: 3000 ns, At safepoint: 2747600 ns, Total: 2796300 ns
[2025-04-03T16:46:19.226-0400][87035.458s][debug][safepoint   ] Safepoint synchronization initiated using striped semaphore wait barrier. (247 threads)
[2025-04-03T16:46:19.226-0400][87035.458s][info ][safepoint   ] Safepoint "Cleanup", Time since last: 24011476000 ns, Reaching safepoint: 75200 ns, Cleanup: 11200 ns, At safepoint: 2000 ns, Total: 88400 ns
[2025-04-03T16:49:23.665-0400][87219.897s][debug][safepoint   ] Safepoint synchronization initiated using striped semaphore wait barrier. (245 threads)
[2025-04-03T16:49:23.665-0400][87219.897s][info ][gc,start    ] GC(451) Pause Young (Normal) (G1 Evacuation Pause)
[2025-04-03T16:49:23.665-0400][87219.897s][info ][gc,task     ] GC(451) Using 23 workers of 23 for evacuation
[2025-04-03T16:49:23.668-0400][87219.900s][info ][gc,phases   ] GC(451)   Pre Evacuate Collection Set: 0.3ms
[2025-04-03T16:49:23.668-0400][87219.900s][info ][gc,phases   ] GC(451)   Merge Heap Roots: 0.2ms
[2025-04-03T16:49:23.668-0400][87219.900s][info ][gc,phases   ] GC(451)   Evacuate Collection Set: 1.0ms
[2025-04-03T16:49:23.668-0400][87219.900s][info ][gc,phases   ] GC(451)   Post Evacuate Collection Set: 1.2ms
[2025-04-03T16:49:23.668-0400][87219.900s][info ][gc,phases   ] GC(451)   Other: 0.2ms
[2025-04-03T16:49:23.668-0400][87219.900s][info ][gc,heap     ] GC(451) Eden regions: 254->0(253)
[2025-04-03T16:49:23.668-0400][87219.900s][info ][gc,heap     ] GC(451) Survivor regions: 2->2(32)
[2025-04-03T16:49:23.668-0400][87219.900s][info ][gc,heap     ] GC(451) Old regions: 200->200
[2025-04-03T16:49:23.668-0400][87219.900s][info ][gc,heap     ] GC(451) Archive regions: 0->0
[2025-04-03T16:49:23.668-0400][87219.900s][info ][gc,heap     ] GC(451) Humongous regions: 2->2
[2025-04-03T16:49:23.668-0400][87219.900s][info ][gc,metaspace] GC(451) Metaspace: 199244K(201088K)->199244K(201088K) NonClass: 175498K(176448K)->175498K(176448K) Class: 23746K(24640K)->23746K(24640K)
[2025-04-03T16:49:23.668-0400][87219.900s][info ][gc          ] GC(451) Pause Young (Normal) (G1 Evacuation Pause) 456M->202M(512M) 3.050ms
[2025-04-03T16:49:23.668-0400][87219.900s][info ][gc,cpu      ] GC(451) User=0.00s Sys=0.00s Real=0.00s
[2025-04-03T16:49:23.668-0400][87219.900s][info ][safepoint   ] Safepoint "G1CollectForAllocation", Time since last: 184439181000 ns, Reaching safepoint: 100400 ns, Cleanup: 4200 ns, At safepoint: 3211100 ns, Total: 3315700 ns
[2025-04-03T16:52:56.923-0400][87433.155s][debug][safepoint   ] Safepoint synchronization initiated using striped semaphore wait barrier. (245 threads)
[2025-04-03T16:52:56.923-0400][87433.155s][info ][gc,start    ] GC(452) Pause Young (Normal) (G1 Evacuation Pause)
[2025-04-03T16:52:56.924-0400][87433.156s][info ][gc,task     ] GC(452) Using 23 workers of 23 for evacuation
[2025-04-03T16:52:56.926-0400][87433.158s][info ][gc,phases   ] GC(452)   Pre Evacuate Collection Set: 0.2ms
[2025-04-03T16:52:56.926-0400][87433.158s][info ][gc,phases   ] GC(452)   Merge Heap Roots: 0.1ms
[2025-04-03T16:52:56.926-0400][87433.158s][info ][gc,phases   ] GC(452)   Evacuate Collection Set: 1.3ms
[2025-04-03T16:52:56.926-0400][87433.158s][info ][gc,phases   ] GC(452)   Post Evacuate Collection Set: 0.9ms
[2025-04-03T16:52:56.926-0400][87433.158s][info ][gc,phases   ] GC(452)   Other: 0.4ms
[2025-04-03T16:52:56.926-0400][87433.158s][info ][gc,heap     ] GC(452) Eden regions: 253->0(253)
[2025-04-03T16:52:56.926-0400][87433.158s][info ][gc,heap     ] GC(452) Survivor regions: 2->2(32)
[2025-04-03T16:52:56.926-0400][87433.158s][info ][gc,heap     ] GC(452) Old regions: 200->200
[2025-04-03T16:52:56.926-0400][87433.158s][info ][gc,heap     ] GC(452) Archive regions: 0->0
[2025-04-03T16:52:56.926-0400][87433.158s][info ][gc,heap     ] GC(452) Humongous regions: 2->2
[2025-04-03T16:52:56.926-0400][87433.158s][info ][gc,metaspace] GC(452) Metaspace: 199244K(201088K)->199244K(201088K) NonClass: 175498K(176448K)->175498K(176448K) Class: 23746K(24640K)->23746K(24640K)
[2025-04-03T16:52:56.926-0400][87433.158s][info ][gc          ] GC(452) Pause Young (Normal) (G1 Evacuation Pause) 455M->202M(512M) 3.009ms
[2025-04-03T16:52:56.926-0400][87433.158s][info ][gc,cpu      ] GC(452) User=0.00s Sys=0.00s Real=0.00s
[2025-04-03T16:52:56.926-0400][87433.158s][info ][safepoint   ] Safepoint "G1CollectForAllocation", Time since last: 213255200800 ns, Reaching safepoint: 81500 ns, Cleanup: 3400 ns, At safepoint: 3088700 ns, Total: 3173600 ns
[2025-04-03T16:56:28.948-0400][87645.180s][debug][safepoint   ] Safepoint synchronization initiated using striped semaphore wait barrier. (245 threads)
[2025-04-03T16:56:28.948-0400][87645.180s][info ][gc,start    ] GC(453) Pause Young (Normal) (G1 Evacuation Pause)
[2025-04-03T16:56:28.948-0400][87645.181s][info ][gc,task     ] GC(453) Using 23 workers of 23 for evacuation
[2025-04-03T16:56:28.951-0400][87645.183s][info ][gc,phases   ] GC(453)   Pre Evacuate Collection Set: 0.1ms
[2025-04-03T16:56:28.951-0400][87645.183s][info ][gc,phases   ] GC(453)   Merge Heap Roots: 0.1ms
[2025-04-03T16:56:28.951-0400][87645.184s][info ][gc,phases   ] GC(453)   Evacuate Collection Set: 1.8ms
[2025-04-03T16:56:28.951-0400][87645.184s][info ][gc,phases   ] GC(453)   Post Evacuate Collection Set: 0.9ms
[2025-04-03T16:56:28.951-0400][87645.184s][info ][gc,phases   ] GC(453)   Other: 0.1ms
[2025-04-03T16:56:28.951-0400][87645.184s][info ][gc,heap     ] GC(453) Eden regions: 253->0(253)
[2025-04-03T16:56:28.951-0400][87645.184s][info ][gc,heap     ] GC(453) Survivor regions: 2->2(32)
[2025-04-03T16:56:28.951-0400][87645.184s][info ][gc,heap     ] GC(453) Old regions: 200->200
[2025-04-03T16:56:28.951-0400][87645.184s][info ][gc,heap     ] GC(453) Archive regions: 0->0
[2025-04-03T16:56:28.951-0400][87645.184s][info ][gc,heap     ] GC(453) Humongous regions: 2->2
[2025-04-03T16:56:28.951-0400][87645.184s][info ][gc,metaspace] GC(453) Metaspace: 199244K(201088K)->199244K(201088K) NonClass: 175498K(176448K)->175498K(176448K) Class: 23746K(24640K)->23746K(24640K)
[2025-04-03T16:56:28.951-0400][87645.184s][info ][gc          ] GC(453) Pause Young (Normal) (G1 Evacuation Pause) 455M->202M(512M) 3.074ms
[2025-04-03T16:56:28.951-0400][87645.184s][info ][gc,cpu      ] GC(453) User=0.00s Sys=0.00s Real=0.00s
[2025-04-03T16:56:28.951-0400][87645.184s][info ][safepoint   ] Safepoint "G1CollectForAllocation", Time since last: 212021914600 ns, Reaching safepoint: 58400 ns, Cleanup: 3300 ns, At safepoint: 3144300 ns, Total: 3206000 ns
[2025-04-03T17:00:03.037-0400][87859.269s][debug][safepoint   ] Safepoint synchronization initiated using striped semaphore wait barrier. (245 threads)
[2025-04-03T17:00:03.037-0400][87859.269s][info ][gc,start    ] GC(454) Pause Young (Normal) (G1 Evacuation Pause)
[2025-04-03T17:00:03.037-0400][87859.269s][info ][gc,task     ] GC(454) Using 23 workers of 23 for evacuation
[2025-04-03T17:00:03.039-0400][87859.272s][info ][gc,phases   ] GC(454)   Pre Evacuate Collection Set: 0.3ms
[2025-04-03T17:00:03.039-0400][87859.272s][info ][gc,phases   ] GC(454)   Merge Heap Roots: 0.1ms
[2025-04-03T17:00:03.039-0400][87859.272s][info ][gc,phases   ] GC(454)   Evacuate Collection Set: 1.1ms
[2025-04-03T17:00:03.039-0400][87859.272s][info ][gc,phases   ] GC(454)   Post Evacuate Collection Set: 0.9ms
[2025-04-03T17:00:03.039-0400][87859.272s][info ][gc,phases   ] GC(454)   Other: 0.1ms
[2025-04-03T17:00:03.039-0400][87859.272s][info ][gc,heap     ] GC(454) Eden regions: 253->0(253)
[2025-04-03T17:00:03.039-0400][87859.272s][info ][gc,heap     ] GC(454) Survivor regions: 2->2(32)
[2025-04-03T17:00:03.039-0400][87859.272s][info ][gc,heap     ] GC(454) Old regions: 200->200
[2025-04-03T17:00:03.039-0400][87859.272s][info ][gc,heap     ] GC(454) Archive regions: 0->0
[2025-04-03T17:00:03.039-0400][87859.272s][info ][gc,heap     ] GC(454) Humongous regions: 2->2
[2025-04-03T17:00:03.039-0400][87859.272s][info ][gc,metaspace] GC(454) Metaspace: 199244K(201088K)->199244K(201088K) NonClass: 175498K(176448K)->175498K(176448K) Class: 23746K(24640K)->23746K(24640K)
[2025-04-03T17:00:03.039-0400][87859.272s][info ][gc          ] GC(454) Pause Young (Normal) (G1 Evacuation Pause) 455M->202M(512M) 2.546ms
[2025-04-03T17:00:03.039-0400][87859.272s][info ][gc,cpu      ] GC(454) User=0.00s Sys=0.00s Real=0.00s
[2025-04-03T17:00:03.039-0400][87859.272s][info ][safepoint   ] Safepoint "G1CollectForAllocation", Time since last: 214085346700 ns, Reaching safepoint: 95300 ns, Cleanup: 9000 ns, At safepoint: 2647200 ns, Total: 2751500 ns
[2025-04-03T17:03:35.018-0400][88071.250s][debug][safepoint   ] Safepoint synchronization initiated using striped semaphore wait barrier. (245 threads)
[2025-04-03T17:03:35.018-0400][88071.250s][info ][gc,start    ] GC(455) Pause Young (Normal) (G1 Evacuation Pause)
[2025-04-03T17:03:35.018-0400][88071.250s][info ][gc,task     ] GC(455) Using 23 workers of 23 for evacuation
[2025-04-03T17:03:35.020-0400][88071.253s][info ][gc,phases   ] GC(455)   Pre Evacuate Collection Set: 0.1ms
[2025-04-03T17:03:35.020-0400][88071.253s][info ][gc,phases   ] GC(455)   Merge Heap Roots: 0.1ms
[2025-04-03T17:03:35.020-0400][88071.253s][info ][gc,phases   ] GC(455)   Evacuate Collection Set: 1.5ms
[2025-04-03T17:03:35.020-0400][88071.253s][info ][gc,phases   ] GC(455)   Post Evacuate Collection Set: 0.7ms
[2025-04-03T17:03:35.020-0400][88071.253s][info ][gc,phases   ] GC(455)   Other: 0.1ms
[2025-04-03T17:03:35.020-0400][88071.253s][info ][gc,heap     ] GC(455) Eden regions: 253->0(253)
[2025-04-03T17:03:35.020-0400][88071.253s][info ][gc,heap     ] GC(455) Survivor regions: 2->2(32)
[2025-04-03T17:03:35.020-0400][88071.253s][info ][gc,heap     ] GC(455) Old regions: 200->200
[2025-04-03T17:03:35.020-0400][88071.253s][info ][gc,heap     ] GC(455) Archive regions: 0->0
[2025-04-03T17:03:35.020-0400][88071.253s][info ][gc,heap     ] GC(455) Humongous regions: 2->2
[2025-04-03T17:03:35.020-0400][88071.253s][info ][gc,metaspace] GC(455) Metaspace: 199244K(201088K)->199244K(201088K) NonClass: 175498K(176448K)->175498K(176448K) Class: 23746K(24640K)->23746K(24640K)
[2025-04-03T17:03:35.020-0400][88071.253s][info ][gc          ] GC(455) Pause Young (Normal) (G1 Evacuation Pause) 455M->202M(512M) 2.532ms
[2025-04-03T17:03:35.020-0400][88071.253s][info ][gc,cpu      ] GC(455) User=0.00s Sys=0.00s Real=0.00s
[2025-04-03T17:03:35.021-0400][88071.253s][info ][safepoint   ] Safepoint "G1CollectForAllocation", Time since last: 211978345300 ns, Reaching safepoint: 108500 ns, Cleanup: 2300 ns, At safepoint: 2599900 ns, Total: 2710700 ns
[2025-04-03T17:07:08.350-0400][88284.582s][debug][safepoint   ] Safepoint synchronization initiated using striped semaphore wait barrier. (245 threads)
[2025-04-03T17:07:08.350-0400][88284.582s][info ][gc,start    ] GC(456) Pause Young (Normal) (G1 Evacuation Pause)
[2025-04-03T17:07:08.350-0400][88284.582s][info ][gc,task     ] GC(456) Using 23 workers of 23 for evacuation
[2025-04-03T17:07:08.352-0400][88284.585s][info ][gc,phases   ] GC(456)   Pre Evacuate Collection Set: 0.1ms
[2025-04-03T17:07:08.352-0400][88284.585s][info ][gc,phases   ] GC(456)   Merge Heap Roots: 0.1ms
[2025-04-03T17:07:08.352-0400][88284.585s][info ][gc,phases   ] GC(456)   Evacuate Collection Set: 1.5ms
[2025-04-03T17:07:08.352-0400][88284.585s][info ][gc,phases   ] GC(456)   Post Evacuate Collection Set: 0.8ms
[2025-04-03T17:07:08.352-0400][88284.585s][info ][gc,phases   ] GC(456)   Other: 0.1ms
[2025-04-03T17:07:08.352-0400][88284.585s][info ][gc,heap     ] GC(456) Eden regions: 253->0(254)
[2025-04-03T17:07:08.352-0400][88284.585s][info ][gc,heap     ] GC(456) Survivor regions: 2->2(32)
[2025-04-03T17:07:08.352-0400][88284.585s][info ][gc,heap     ] GC(456) Old regions: 200->200
[2025-04-03T17:07:08.352-0400][88284.585s][info ][gc,heap     ] GC(456) Archive regions: 0->0
[2025-04-03T17:07:08.352-0400][88284.585s][info ][gc,heap     ] GC(456) Humongous regions: 2->2
[2025-04-03T17:07:08.352-0400][88284.585s][info ][gc,metaspace] GC(456) Metaspace: 199244K(201088K)->199244K(201088K) NonClass: 175498K(176448K)->175498K(176448K) Class: 23746K(24640K)->23746K(24640K)
[2025-04-03T17:07:08.352-0400][88284.585s][info ][gc          ] GC(456) Pause Young (Normal) (G1 Evacuation Pause) 455M->202M(512M) 2.719ms
[2025-04-03T17:07:08.352-0400][88284.585s][info ][gc,cpu      ] GC(456) User=0.00s Sys=0.00s Real=0.00s
[2025-04-03T17:07:08.352-0400][88284.585s][info ][safepoint   ] Safepoint "G1CollectForAllocation", Time since last: 213329320100 ns, Reaching safepoint: 67300 ns, Cleanup: 5200 ns, At safepoint: 2804800 ns, Total: 2877300 ns
[2025-04-03T17:10:40.464-0400][88496.696s][debug][safepoint   ] Safepoint synchronization initiated using striped semaphore wait barrier. (245 threads)
[2025-04-03T17:10:40.464-0400][88496.696s][info ][safepoint   ] Safepoint "Cleanup", Time since last: 212111201100 ns, Reaching safepoint: 83200 ns, Cleanup: 8600 ns, At safepoint: 2100 ns, Total: 93900 ns
[2025-04-03T17:10:41.108-0400][88497.340s][debug][safepoint   ] Safepoint synchronization initiated using striped semaphore wait barrier. (245 threads)
[2025-04-03T17:10:41.108-0400][88497.340s][info ][gc,start    ] GC(457) Pause Young (Normal) (G1 Evacuation Pause)
[2025-04-03T17:10:41.108-0400][88497.340s][info ][gc,task     ] GC(457) Using 23 workers of 23 for evacuation
[2025-04-03T17:10:41.111-0400][88497.343s][info ][gc,phases   ] GC(457)   Pre Evacuate Collection Set: 0.2ms
[2025-04-03T17:10:41.111-0400][88497.343s][info ][gc,phases   ] GC(457)   Merge Heap Roots: 0.1ms
[2025-04-03T17:10:41.111-0400][88497.343s][info ][gc,phases   ] GC(457)   Evacuate Collection Set: 1.4ms
[2025-04-03T17:10:41.111-0400][88497.343s][info ][gc,phases   ] GC(457)   Post Evacuate Collection Set: 0.7ms
[2025-04-03T17:10:41.111-0400][88497.343s][info ][gc,phases   ] GC(457)   Other: 0.1ms
[2025-04-03T17:10:41.111-0400][88497.343s][info ][gc,heap     ] GC(457) Eden regions: 254->0(254)
[2025-04-03T17:10:41.111-0400][88497.343s][info ][gc,heap     ] GC(457) Survivor regions: 2->2(32)
[2025-04-03T17:10:41.111-0400][88497.343s][info ][gc,heap     ] GC(457) Old regions: 200->200
[2025-04-03T17:10:41.111-0400][88497.343s][info ][gc,heap     ] GC(457) Archive regions: 0->0
[2025-04-03T17:10:41.111-0400][88497.343s][info ][gc,heap     ] GC(457) Humongous regions: 2->2
[2025-04-03T17:10:41.111-0400][88497.343s][info ][gc,metaspace] GC(457) Metaspace: 199244K(201088K)->199244K(201088K) NonClass: 175498K(176448K)->175498K(176448K) Class: 23746K(24640K)->23746K(24640K)
[2025-04-03T17:10:41.111-0400][88497.343s][info ][gc          ] GC(457) Pause Young (Normal) (G1 Evacuation Pause) 456M->202M(512M) 2.617ms
[2025-04-03T17:10:41.111-0400][88497.343s][info ][gc,cpu      ] GC(457) User=0.00s Sys=0.00s Real=0.00s
[2025-04-03T17:10:41.111-0400][88497.343s][info ][safepoint   ] Safepoint "G1CollectForAllocation", Time since last: 643906400 ns, Reaching safepoint: 140000 ns, Cleanup: 2800 ns, At safepoint: 2711200 ns, Total: 2854000 ns
[2025-04-03T17:14:15.806-0400][88712.038s][debug][safepoint   ] Safepoint synchronization initiated using striped semaphore wait barrier. (245 threads)
[2025-04-03T17:14:15.806-0400][88712.038s][info ][gc,start    ] GC(458) Pause Young (Normal) (G1 Evacuation Pause)
[2025-04-03T17:14:15.806-0400][88712.038s][info ][gc,task     ] GC(458) Using 23 workers of 23 for evacuation
[2025-04-03T17:14:15.808-0400][88712.040s][info ][gc,phases   ] GC(458)   Pre Evacuate Collection Set: 0.2ms
[2025-04-03T17:14:15.808-0400][88712.040s][info ][gc,phases   ] GC(458)   Merge Heap Roots: 0.2ms
[2025-04-03T17:14:15.808-0400][88712.040s][info ][gc,phases   ] GC(458)   Evacuate Collection Set: 0.9ms
[2025-04-03T17:14:15.808-0400][88712.040s][info ][gc,phases   ] GC(458)   Post Evacuate Collection Set: 0.7ms
[2025-04-03T17:14:15.808-0400][88712.040s][info ][gc,phases   ] GC(458)   Other: 0.1ms
[2025-04-03T17:14:15.808-0400][88712.040s][info ][gc,heap     ] GC(458) Eden regions: 254->0(254)
[2025-04-03T17:14:15.808-0400][88712.040s][info ][gc,heap     ] GC(458) Survivor regions: 2->2(32)
[2025-04-03T17:14:15.808-0400][88712.041s][info ][gc,heap     ] GC(458) Old regions: 200->200
[2025-04-03T17:14:15.808-0400][88712.041s][info ][gc,heap     ] GC(458) Archive regions: 0->0
[2025-04-03T17:14:15.808-0400][88712.041s][info ][gc,heap     ] GC(458) Humongous regions: 2->2
[2025-04-03T17:14:15.808-0400][88712.041s][info ][gc,metaspace] GC(458) Metaspace: 199244K(201088K)->199244K(201088K) NonClass: 175498K(176448K)->175498K(176448K) Class: 23746K(24640K)->23746K(24640K)
[2025-04-03T17:14:15.808-0400][88712.041s][info ][gc          ] GC(458) Pause Young (Normal) (G1 Evacuation Pause) 456M->202M(512M) 2.205ms
[2025-04-03T17:14:15.808-0400][88712.041s][info ][gc,cpu      ] GC(458) User=0.00s Sys=0.00s Real=0.00s
[2025-04-03T17:14:15.808-0400][88712.041s][info ][safepoint   ] Safepoint "G1CollectForAllocation", Time since last: 214695216100 ns, Reaching safepoint: 57800 ns, Cleanup: 3100 ns, At safepoint: 2292700 ns, Total: 2353600 ns
[2025-04-03T17:15:41.331-0400][88797.563s][debug][safepoint   ] Safepoint synchronization initiated using striped semaphore wait barrier. (247 threads)
[2025-04-03T17:15:41.331-0400][88797.563s][info ][safepoint   ] Safepoint "Cleanup", Time since last: 85522539400 ns, Reaching safepoint: 57300 ns, Cleanup: 66900 ns, At safepoint: 2400 ns, Total: 126600 ns
[2025-04-03T17:17:47.131-0400][88923.364s][debug][safepoint   ] Safepoint synchronization initiated using striped semaphore wait barrier. (245 threads)
[2025-04-03T17:17:47.131-0400][88923.364s][info ][gc,start    ] GC(459) Pause Young (Normal) (G1 Evacuation Pause)
[2025-04-03T17:17:47.131-0400][88923.364s][info ][gc,task     ] GC(459) Using 23 workers of 23 for evacuation
[2025-04-03T17:17:47.134-0400][88923.367s][info ][gc,phases   ] GC(459)   Pre Evacuate Collection Set: 0.3ms
[2025-04-03T17:17:47.134-0400][88923.367s][info ][gc,phases   ] GC(459)   Merge Heap Roots: 0.1ms
[2025-04-03T17:17:47.134-0400][88923.367s][info ][gc,phases   ] GC(459)   Evacuate Collection Set: 1.4ms
[2025-04-03T17:17:47.134-0400][88923.367s][info ][gc,phases   ] GC(459)   Post Evacuate Collection Set: 1.1ms
[2025-04-03T17:17:47.134-0400][88923.367s][info ][gc,phases   ] GC(459)   Other: 0.1ms
[2025-04-03T17:17:47.134-0400][88923.367s][info ][gc,heap     ] GC(459) Eden regions: 254->0(253)
[2025-04-03T17:17:47.134-0400][88923.367s][info ][gc,heap     ] GC(459) Survivor regions: 2->2(32)
[2025-04-03T17:17:47.134-0400][88923.367s][info ][gc,heap     ] GC(459) Old regions: 200->200
[2025-04-03T17:17:47.134-0400][88923.367s][info ][gc,heap     ] GC(459) Archive regions: 0->0
[2025-04-03T17:17:47.134-0400][88923.367s][info ][gc,heap     ] GC(459) Humongous regions: 2->2
[2025-04-03T17:17:47.134-0400][88923.367s][info ][gc,metaspace] GC(459) Metaspace: 199244K(201088K)->199244K(201088K) NonClass: 175498K(176448K)->175498K(176448K) Class: 23746K(24640K)->23746K(24640K)
[2025-04-03T17:17:47.134-0400][88923.367s][info ][gc          ] GC(459) Pause Young (Normal) (G1 Evacuation Pause) 456M->202M(512M) 3.102ms
[2025-04-03T17:17:47.134-0400][88923.367s][info ][gc,cpu      ] GC(459) User=0.00s Sys=0.00s Real=0.00s
[2025-04-03T17:17:47.134-0400][88923.367s][info ][safepoint   ] Safepoint "G1CollectForAllocation", Time since last: 125800412100 ns, Reaching safepoint: 101100 ns, Cleanup: 3100 ns, At safepoint: 3187000 ns, Total: 3291200 ns
[2025-04-03T17:21:17.873-0400][89134.105s][debug][safepoint   ] Safepoint synchronization initiated using striped semaphore wait barrier. (245 threads)
[2025-04-03T17:21:17.873-0400][89134.105s][info ][gc,start    ] GC(460) Pause Young (Normal) (G1 Evacuation Pause)
[2025-04-03T17:21:17.873-0400][89134.105s][info ][gc,task     ] GC(460) Using 23 workers of 23 for evacuation
[2025-04-03T17:21:17.877-0400][89134.109s][info ][gc,phases   ] GC(460)   Pre Evacuate Collection Set: 0.2ms
[2025-04-03T17:21:17.877-0400][89134.109s][info ][gc,phases   ] GC(460)   Merge Heap Roots: 0.1ms
[2025-04-03T17:21:17.877-0400][89134.110s][info ][gc,phases   ] GC(460)   Evacuate Collection Set: 2.7ms
[2025-04-03T17:21:17.877-0400][89134.110s][info ][gc,phases   ] GC(460)   Post Evacuate Collection Set: 1.4ms
[2025-04-03T17:21:17.877-0400][89134.110s][info ][gc,phases   ] GC(460)   Other: 0.1ms
[2025-04-03T17:21:17.877-0400][89134.110s][info ][gc,heap     ] GC(460) Eden regions: 253->0(253)
[2025-04-03T17:21:17.877-0400][89134.110s][info ][gc,heap     ] GC(460) Survivor regions: 2->2(32)
[2025-04-03T17:21:17.877-0400][89134.110s][info ][gc,heap     ] GC(460) Old regions: 200->200
[2025-04-03T17:21:17.877-0400][89134.110s][info ][gc,heap     ] GC(460) Archive regions: 0->0
[2025-04-03T17:21:17.877-0400][89134.110s][info ][gc,heap     ] GC(460) Humongous regions: 2->2
[2025-04-03T17:21:17.877-0400][89134.110s][info ][gc,metaspace] GC(460) Metaspace: 199244K(201088K)->199244K(201088K) NonClass: 175498K(176448K)->175498K(176448K) Class: 23746K(24640K)->23746K(24640K)
[2025-04-03T17:21:17.877-0400][89134.110s][info ][gc          ] GC(460) Pause Young (Normal) (G1 Evacuation Pause) 455M->202M(512M) 4.495ms
[2025-04-03T17:21:17.877-0400][89134.110s][info ][gc,cpu      ] GC(460) User=0.03s Sys=0.00s Real=0.00s
[2025-04-03T17:21:17.877-0400][89134.110s][info ][safepoint   ] Safepoint "G1CollectForAllocation", Time since last: 210738003600 ns, Reaching safepoint: 86200 ns, Cleanup: 2900 ns, At safepoint: 4581700 ns, Total: 4670800 ns
[2025-04-03T17:24:52.186-0400][89348.418s][debug][safepoint   ] Safepoint synchronization initiated using striped semaphore wait barrier. (245 threads)
[2025-04-03T17:24:52.186-0400][89348.418s][info ][gc,start    ] GC(461) Pause Young (Normal) (G1 Evacuation Pause)
[2025-04-03T17:24:52.186-0400][89348.418s][info ][gc,task     ] GC(461) Using 23 workers of 23 for evacuation
[2025-04-03T17:24:52.190-0400][89348.422s][info ][gc,phases   ] GC(461)   Pre Evacuate Collection Set: 0.1ms
[2025-04-03T17:24:52.190-0400][89348.422s][info ][gc,phases   ] GC(461)   Merge Heap Roots: 0.1ms
[2025-04-03T17:24:52.190-0400][89348.422s][info ][gc,phases   ] GC(461)   Evacuate Collection Set: 2.2ms
[2025-04-03T17:24:52.190-0400][89348.422s][info ][gc,phases   ] GC(461)   Post Evacuate Collection Set: 1.3ms
[2025-04-03T17:24:52.190-0400][89348.422s][info ][gc,phases   ] GC(461)   Other: 0.1ms
[2025-04-03T17:24:52.190-0400][89348.422s][info ][gc,heap     ] GC(461) Eden regions: 253->0(253)
[2025-04-03T17:24:52.190-0400][89348.422s][info ][gc,heap     ] GC(461) Survivor regions: 2->2(32)
[2025-04-03T17:24:52.190-0400][89348.422s][info ][gc,heap     ] GC(461) Old regions: 200->200
[2025-04-03T17:24:52.190-0400][89348.422s][info ][gc,heap     ] GC(461) Archive regions: 0->0
[2025-04-03T17:24:52.190-0400][89348.422s][info ][gc,heap     ] GC(461) Humongous regions: 2->2
[2025-04-03T17:24:52.190-0400][89348.422s][info ][gc,metaspace] GC(461) Metaspace: 199244K(201088K)->199244K(201088K) NonClass: 175498K(176448K)->175498K(176448K) Class: 23746K(24640K)->23746K(24640K)
[2025-04-03T17:24:52.190-0400][89348.422s][info ][gc          ] GC(461) Pause Young (Normal) (G1 Evacuation Pause) 455M->202M(512M) 3.814ms
[2025-04-03T17:24:52.190-0400][89348.422s][info ][gc,cpu      ] GC(461) User=0.03s Sys=0.00s Real=0.00s
[2025-04-03T17:24:52.190-0400][89348.422s][info ][safepoint   ] Safepoint "G1CollectForAllocation", Time since last: 214308191600 ns, Reaching safepoint: 64400 ns, Cleanup: 4500 ns, At safepoint: 3879400 ns, Total: 3948300 ns
[2025-04-03T17:28:24.363-0400][89560.595s][debug][safepoint   ] Safepoint synchronization initiated using striped semaphore wait barrier. (246 threads)
[2025-04-03T17:28:24.363-0400][89560.595s][info ][gc,start    ] GC(462) Pause Young (Normal) (G1 Evacuation Pause)
[2025-04-03T17:28:24.363-0400][89560.595s][info ][gc,task     ] GC(462) Using 23 workers of 23 for evacuation
[2025-04-03T17:28:24.366-0400][89560.598s][info ][gc,phases   ] GC(462)   Pre Evacuate Collection Set: 0.1ms
[2025-04-03T17:28:24.366-0400][89560.598s][info ][gc,phases   ] GC(462)   Merge Heap Roots: 0.1ms
[2025-04-03T17:28:24.366-0400][89560.598s][info ][gc,phases   ] GC(462)   Evacuate Collection Set: 1.7ms
[2025-04-03T17:28:24.366-0400][89560.598s][info ][gc,phases   ] GC(462)   Post Evacuate Collection Set: 0.9ms
[2025-04-03T17:28:24.366-0400][89560.598s][info ][gc,phases   ] GC(462)   Other: 0.1ms
[2025-04-03T17:28:24.366-0400][89560.598s][info ][gc,heap     ] GC(462) Eden regions: 253->0(253)
[2025-04-03T17:28:24.366-0400][89560.598s][info ][gc,heap     ] GC(462) Survivor regions: 2->2(32)
[2025-04-03T17:28:24.366-0400][89560.598s][info ][gc,heap     ] GC(462) Old regions: 200->200
[2025-04-03T17:28:24.366-0400][89560.598s][info ][gc,heap     ] GC(462) Archive regions: 0->0
[2025-04-03T17:28:24.366-0400][89560.598s][info ][gc,heap     ] GC(462) Humongous regions: 2->2
[2025-04-03T17:28:24.366-0400][89560.598s][info ][gc,metaspace] GC(462) Metaspace: 199244K(201088K)->199244K(201088K) NonClass: 175498K(176448K)->175498K(176448K) Class: 23746K(24640K)->23746K(24640K)
[2025-04-03T17:28:24.366-0400][89560.598s][info ][gc          ] GC(462) Pause Young (Normal) (G1 Evacuation Pause) 455M->202M(512M) 3.052ms
[2025-04-03T17:28:24.366-0400][89560.598s][info ][gc,cpu      ] GC(462) User=0.00s Sys=0.00s Real=0.00s
[2025-04-03T17:28:24.366-0400][89560.598s][info ][safepoint   ] Safepoint "G1CollectForAllocation", Time since last: 212173397700 ns, Reaching safepoint: 115800 ns, Cleanup: 4200 ns, At safepoint: 3142100 ns, Total: 3262100 ns
[2025-04-03T17:31:58.459-0400][89774.692s][debug][safepoint   ] Safepoint synchronization initiated using striped semaphore wait barrier. (246 threads)
[2025-04-03T17:31:58.459-0400][89774.692s][info ][gc,start    ] GC(463) Pause Young (Normal) (G1 Evacuation Pause)
[2025-04-03T17:31:58.459-0400][89774.692s][info ][gc,task     ] GC(463) Using 23 workers of 23 for evacuation
[2025-04-03T17:31:58.461-0400][89774.694s][info ][gc,phases   ] GC(463)   Pre Evacuate Collection Set: 0.2ms
[2025-04-03T17:31:58.461-0400][89774.694s][info ][gc,phases   ] GC(463)   Merge Heap Roots: 0.1ms
[2025-04-03T17:31:58.461-0400][89774.694s][info ][gc,phases   ] GC(463)   Evacuate Collection Set: 1.3ms
[2025-04-03T17:31:58.461-0400][89774.694s][info ][gc,phases   ] GC(463)   Post Evacuate Collection Set: 0.7ms
[2025-04-03T17:31:58.461-0400][89774.694s][info ][gc,phases   ] GC(463)   Other: 0.1ms
[2025-04-03T17:31:58.461-0400][89774.694s][info ][gc,heap     ] GC(463) Eden regions: 253->0(253)
[2025-04-03T17:31:58.461-0400][89774.694s][info ][gc,heap     ] GC(463) Survivor regions: 2->2(32)
[2025-04-03T17:31:58.461-0400][89774.694s][info ][gc,heap     ] GC(463) Old regions: 200->200
[2025-04-03T17:31:58.461-0400][89774.694s][info ][gc,heap     ] GC(463) Archive regions: 0->0
[2025-04-03T17:31:58.461-0400][89774.694s][info ][gc,heap     ] GC(463) Humongous regions: 2->2
[2025-04-03T17:31:58.461-0400][89774.694s][info ][gc,metaspace] GC(463) Metaspace: 199244K(201088K)->199244K(201088K) NonClass: 175498K(176448K)->175498K(176448K) Class: 23746K(24640K)->23746K(24640K)
[2025-04-03T17:31:58.461-0400][89774.694s][info ][gc          ] GC(463) Pause Young (Normal) (G1 Evacuation Pause) 455M->202M(512M) 2.353ms
[2025-04-03T17:31:58.461-0400][89774.694s][info ][gc,cpu      ] GC(463) User=0.00s Sys=0.00s Real=0.00s
[2025-04-03T17:31:58.461-0400][89774.694s][info ][safepoint   ] Safepoint "G1CollectForAllocation", Time since last: 214093093900 ns, Reaching safepoint: 70400 ns, Cleanup: 6300 ns, At safepoint: 2449200 ns, Total: 2525900 ns
[2025-04-03T17:35:31.176-0400][89987.409s][debug][safepoint   ] Safepoint synchronization initiated using striped semaphore wait barrier. (246 threads)
[2025-04-03T17:35:31.176-0400][89987.409s][info ][gc,start    ] GC(464) Pause Young (Normal) (G1 Evacuation Pause)
[2025-04-03T17:35:31.176-0400][89987.409s][info ][gc,task     ] GC(464) Using 23 workers of 23 for evacuation
[2025-04-03T17:35:31.178-0400][89987.411s][info ][gc,phases   ] GC(464)   Pre Evacuate Collection Set: 0.1ms
[2025-04-03T17:35:31.178-0400][89987.411s][info ][gc,phases   ] GC(464)   Merge Heap Roots: 0.1ms
[2025-04-03T17:35:31.178-0400][89987.411s][info ][gc,phases   ] GC(464)   Evacuate Collection Set: 1.1ms
[2025-04-03T17:35:31.178-0400][89987.411s][info ][gc,phases   ] GC(464)   Post Evacuate Collection Set: 0.6ms
[2025-04-03T17:35:31.178-0400][89987.411s][info ][gc,phases   ] GC(464)   Other: 0.1ms
[2025-04-03T17:35:31.178-0400][89987.411s][info ][gc,heap     ] GC(464) Eden regions: 253->0(253)
[2025-04-03T17:35:31.178-0400][89987.411s][info ][gc,heap     ] GC(464) Survivor regions: 2->2(32)
[2025-04-03T17:35:31.178-0400][89987.411s][info ][gc,heap     ] GC(464) Old regions: 200->200
[2025-04-03T17:35:31.178-0400][89987.411s][info ][gc,heap     ] GC(464) Archive regions: 0->0
[2025-04-03T17:35:31.178-0400][89987.411s][info ][gc,heap     ] GC(464) Humongous regions: 2->2
[2025-04-03T17:35:31.178-0400][89987.411s][info ][gc,metaspace] GC(464) Metaspace: 199244K(201088K)->199244K(201088K) NonClass: 175498K(176448K)->175498K(176448K) Class: 23746K(24640K)->23746K(24640K)
[2025-04-03T17:35:31.178-0400][89987.411s][info ][gc          ] GC(464) Pause Young (Normal) (G1 Evacuation Pause) 455M->202M(512M) 2.121ms
[2025-04-03T17:35:31.178-0400][89987.411s][info ][gc,cpu      ] GC(464) User=0.00s Sys=0.00s Real=0.00s
[2025-04-03T17:35:31.178-0400][89987.411s][info ][safepoint   ] Safepoint "G1CollectForAllocation", Time since last: 212714478300 ns, Reaching safepoint: 86500 ns, Cleanup: 4600 ns, At safepoint: 2202900 ns, Total: 2294000 ns
[2025-04-03T17:36:13.201-0400][90029.433s][debug][safepoint   ] Safepoint synchronization initiated using striped semaphore wait barrier. (248 threads)
[2025-04-03T17:36:13.201-0400][90029.433s][info ][safepoint   ] Safepoint "Cleanup", Time since last: 42022202500 ns, Reaching safepoint: 57400 ns, Cleanup: 8900 ns, At safepoint: 1200 ns, Total: 67500 ns
[2025-04-03T17:39:04.523-0400][90200.755s][debug][safepoint   ] Safepoint synchronization initiated using striped semaphore wait barrier. (246 threads)
[2025-04-03T17:39:04.523-0400][90200.755s][info ][gc,start    ] GC(465) Pause Young (Normal) (G1 Evacuation Pause)
[2025-04-03T17:39:04.523-0400][90200.755s][info ][gc,task     ] GC(465) Using 23 workers of 23 for evacuation
[2025-04-03T17:39:04.525-0400][90200.757s][info ][gc,phases   ] GC(465)   Pre Evacuate Collection Set: 0.1ms
[2025-04-03T17:39:04.525-0400][90200.757s][info ][gc,phases   ] GC(465)   Merge Heap Roots: 0.2ms
[2025-04-03T17:39:04.525-0400][90200.757s][info ][gc,phases   ] GC(465)   Evacuate Collection Set: 1.0ms
[2025-04-03T17:39:04.525-0400][90200.757s][info ][gc,phases   ] GC(465)   Post Evacuate Collection Set: 0.8ms
[2025-04-03T17:39:04.525-0400][90200.758s][info ][gc,phases   ] GC(465)   Other: 0.1ms
[2025-04-03T17:39:04.525-0400][90200.758s][info ][gc,heap     ] GC(465) Eden regions: 253->0(254)
[2025-04-03T17:39:04.525-0400][90200.758s][info ][gc,heap     ] GC(465) Survivor regions: 2->2(32)
[2025-04-03T17:39:04.525-0400][90200.758s][info ][gc,heap     ] GC(465) Old regions: 200->200
[2025-04-03T17:39:04.525-0400][90200.758s][info ][gc,heap     ] GC(465) Archive regions: 0->0
[2025-04-03T17:39:04.525-0400][90200.758s][info ][gc,heap     ] GC(465) Humongous regions: 2->2
[2025-04-03T17:39:04.525-0400][90200.758s][info ][gc,metaspace] GC(465) Metaspace: 199258K(201088K)->199258K(201088K) NonClass: 175511K(176448K)->175511K(176448K) Class: 23746K(24640K)->23746K(24640K)
[2025-04-03T17:39:04.525-0400][90200.758s][info ][gc          ] GC(465) Pause Young (Normal) (G1 Evacuation Pause) 455M->202M(512M) 2.278ms
[2025-04-03T17:39:04.525-0400][90200.758s][info ][gc,cpu      ] GC(465) User=0.00s Sys=0.00s Real=0.00s
[2025-04-03T17:39:04.525-0400][90200.758s][info ][safepoint   ] Safepoint "G1CollectForAllocation", Time since last: 171322090500 ns, Reaching safepoint: 57400 ns, Cleanup: 4100 ns, At safepoint: 2370500 ns, Total: 2432000 ns
[2025-04-03T17:42:37.304-0400][90413.536s][debug][safepoint   ] Safepoint synchronization initiated using striped semaphore wait barrier. (246 threads)
[2025-04-03T17:42:37.304-0400][90413.536s][info ][gc,start    ] GC(466) Pause Young (Normal) (G1 Evacuation Pause)
[2025-04-03T17:42:37.304-0400][90413.536s][info ][gc,task     ] GC(466) Using 23 workers of 23 for evacuation
[2025-04-03T17:42:37.307-0400][90413.539s][info ][gc,phases   ] GC(466)   Pre Evacuate Collection Set: 0.1ms
[2025-04-03T17:42:37.307-0400][90413.539s][info ][gc,phases   ] GC(466)   Merge Heap Roots: 0.1ms
[2025-04-03T17:42:37.307-0400][90413.539s][info ][gc,phases   ] GC(466)   Evacuate Collection Set: 1.8ms
[2025-04-03T17:42:37.307-0400][90413.539s][info ][gc,phases   ] GC(466)   Post Evacuate Collection Set: 1.1ms
[2025-04-03T17:42:37.307-0400][90413.539s][info ][gc,phases   ] GC(466)   Other: 0.1ms
[2025-04-03T17:42:37.307-0400][90413.539s][info ][gc,heap     ] GC(466) Eden regions: 254->0(254)
[2025-04-03T17:42:37.307-0400][90413.539s][info ][gc,heap     ] GC(466) Survivor regions: 2->2(32)
[2025-04-03T17:42:37.307-0400][90413.539s][info ][gc,heap     ] GC(466) Old regions: 200->200
[2025-04-03T17:42:37.307-0400][90413.539s][info ][gc,heap     ] GC(466) Archive regions: 0->0
[2025-04-03T17:42:37.307-0400][90413.539s][info ][gc,heap     ] GC(466) Humongous regions: 2->2
[2025-04-03T17:42:37.307-0400][90413.539s][info ][gc,metaspace] GC(466) Metaspace: 199258K(201088K)->199258K(201088K) NonClass: 175511K(176448K)->175511K(176448K) Class: 23746K(24640K)->23746K(24640K)
[2025-04-03T17:42:37.307-0400][90413.539s][info ][gc          ] GC(466) Pause Young (Normal) (G1 Evacuation Pause) 456M->202M(512M) 3.273ms
[2025-04-03T17:42:37.307-0400][90413.539s][info ][gc,cpu      ] GC(466) User=0.00s Sys=0.00s Real=0.00s
[2025-04-03T17:42:37.307-0400][90413.539s][info ][safepoint   ] Safepoint "G1CollectForAllocation", Time since last: 212778355800 ns, Reaching safepoint: 77300 ns, Cleanup: 5300 ns, At safepoint: 3360900 ns, Total: 3443500 ns
[2025-04-03T17:46:04.290-0400][90620.522s][debug][safepoint   ] Safepoint synchronization initiated using striped semaphore wait barrier. (247 threads)
[2025-04-03T17:46:04.290-0400][90620.522s][info ][safepoint   ] Safepoint "Cleanup", Time since last: 206982995700 ns, Reaching safepoint: 52500 ns, Cleanup: 9800 ns, At safepoint: 1300 ns, Total: 63600 ns
[2025-04-03T17:46:11.126-0400][90627.358s][debug][safepoint   ] Safepoint synchronization initiated using striped semaphore wait barrier. (245 threads)
[2025-04-03T17:46:11.126-0400][90627.358s][info ][gc,start    ] GC(467) Pause Young (Normal) (G1 Evacuation Pause)
[2025-04-03T17:46:11.126-0400][90627.358s][info ][gc,task     ] GC(467) Using 23 workers of 23 for evacuation
[2025-04-03T17:46:11.128-0400][90627.360s][info ][gc,phases   ] GC(467)   Pre Evacuate Collection Set: 0.1ms
[2025-04-03T17:46:11.128-0400][90627.360s][info ][gc,phases   ] GC(467)   Merge Heap Roots: 0.1ms
[2025-04-03T17:46:11.129-0400][90627.361s][info ][gc,phases   ] GC(467)   Evacuate Collection Set: 1.3ms
[2025-04-03T17:46:11.129-0400][90627.361s][info ][gc,phases   ] GC(467)   Post Evacuate Collection Set: 1.1ms
[2025-04-03T17:46:11.129-0400][90627.361s][info ][gc,phases   ] GC(467)   Other: 0.1ms
[2025-04-03T17:46:11.129-0400][90627.361s][info ][gc,heap     ] GC(467) Eden regions: 254->0(253)
[2025-04-03T17:46:11.129-0400][90627.361s][info ][gc,heap     ] GC(467) Survivor regions: 2->2(32)
[2025-04-03T17:46:11.129-0400][90627.361s][info ][gc,heap     ] GC(467) Old regions: 200->200
[2025-04-03T17:46:11.129-0400][90627.361s][info ][gc,heap     ] GC(467) Archive regions: 0->0
[2025-04-03T17:46:11.129-0400][90627.361s][info ][gc,heap     ] GC(467) Humongous regions: 2->2
[2025-04-03T17:46:11.129-0400][90627.361s][info ][gc,metaspace] GC(467) Metaspace: 199258K(201088K)->199258K(201088K) NonClass: 175511K(176448K)->175511K(176448K) Class: 23746K(24640K)->23746K(24640K)
[2025-04-03T17:46:11.129-0400][90627.361s][info ][gc          ] GC(467) Pause Young (Normal) (G1 Evacuation Pause) 456M->202M(512M) 2.932ms
[2025-04-03T17:46:11.129-0400][90627.361s][info ][gc,cpu      ] GC(467) User=0.03s Sys=0.00s Real=0.00s
[2025-04-03T17:46:11.129-0400][90627.361s][info ][safepoint   ] Safepoint "G1CollectForAllocation", Time since last: 6835119800 ns, Reaching safepoint: 51000 ns, Cleanup: 2600 ns, At safepoint: 3004400 ns, Total: 3058000 ns
[2025-04-03T17:46:13.129-0400][90629.361s][debug][safepoint   ] Safepoint synchronization initiated using striped semaphore wait barrier. (245 threads)
[2025-04-03T17:46:13.129-0400][90629.361s][info ][safepoint   ] Safepoint "Cleanup", Time since last: 2000623600 ns, Reaching safepoint: 48800 ns, Cleanup: 7000 ns, At safepoint: 1600 ns, Total: 57400 ns
[2025-04-03T17:47:04.155-0400][90680.387s][debug][safepoint   ] Safepoint synchronization initiated using striped semaphore wait barrier. (245 threads)
[2025-04-03T17:47:04.155-0400][90680.387s][info ][safepoint   ] Safepoint "Cleanup", Time since last: 51025947800 ns, Reaching safepoint: 91900 ns, Cleanup: 8200 ns, At safepoint: 1400 ns, Total: 101500 ns
[2025-04-03T17:47:39.173-0400][90715.406s][debug][safepoint   ] Safepoint synchronization initiated using striped semaphore wait barrier. (247 threads)
[2025-04-03T17:47:39.173-0400][90715.406s][info ][safepoint   ] Safepoint "Cleanup", Time since last: 35018124400 ns, Reaching safepoint: 67900 ns, Cleanup: 8300 ns, At safepoint: 2100 ns, Total: 78300 ns
[2025-04-03T17:49:41.480-0400][90837.712s][debug][safepoint   ] Safepoint synchronization initiated using striped semaphore wait barrier. (245 threads)
[2025-04-03T17:49:41.480-0400][90837.712s][info ][gc,start    ] GC(468) Pause Young (Normal) (G1 Evacuation Pause)
[2025-04-03T17:49:41.480-0400][90837.712s][info ][gc,task     ] GC(468) Using 23 workers of 23 for evacuation
[2025-04-03T17:49:41.483-0400][90837.715s][info ][gc,phases   ] GC(468)   Pre Evacuate Collection Set: 0.2ms
[2025-04-03T17:49:41.483-0400][90837.715s][info ][gc,phases   ] GC(468)   Merge Heap Roots: 0.3ms
[2025-04-03T17:49:41.483-0400][90837.715s][info ][gc,phases   ] GC(468)   Evacuate Collection Set: 1.4ms
[2025-04-03T17:49:41.483-0400][90837.715s][info ][gc,phases   ] GC(468)   Post Evacuate Collection Set: 1.1ms
[2025-04-03T17:49:41.483-0400][90837.715s][info ][gc,phases   ] GC(468)   Other: 0.1ms
[2025-04-03T17:49:41.483-0400][90837.715s][info ][gc,heap     ] GC(468) Eden regions: 253->0(253)
[2025-04-03T17:49:41.483-0400][90837.715s][info ][gc,heap     ] GC(468) Survivor regions: 2->2(32)
[2025-04-03T17:49:41.483-0400][90837.715s][info ][gc,heap     ] GC(468) Old regions: 200->200
[2025-04-03T17:49:41.483-0400][90837.715s][info ][gc,heap     ] GC(468) Archive regions: 0->0
[2025-04-03T17:49:41.483-0400][90837.715s][info ][gc,heap     ] GC(468) Humongous regions: 2->2
[2025-04-03T17:49:41.483-0400][90837.715s][info ][gc,metaspace] GC(468) Metaspace: 199258K(201088K)->199258K(201088K) NonClass: 175511K(176448K)->175511K(176448K) Class: 23746K(24640K)->23746K(24640K)
[2025-04-03T17:49:41.483-0400][90837.715s][info ][gc          ] GC(468) Pause Young (Normal) (G1 Evacuation Pause) 455M->202M(512M) 3.083ms
[2025-04-03T17:49:41.483-0400][90837.715s][info ][gc,cpu      ] GC(468) User=0.00s Sys=0.00s Real=0.00s
[2025-04-03T17:49:41.483-0400][90837.715s][info ][safepoint   ] Safepoint "G1CollectForAllocation", Time since last: 122306435100 ns, Reaching safepoint: 61700 ns, Cleanup: 4400 ns, At safepoint: 3191300 ns, Total: 3257400 ns
[2025-04-03T17:53:15.247-0400][91051.479s][debug][safepoint   ] Safepoint synchronization initiated using striped semaphore wait barrier. (245 threads)
[2025-04-03T17:53:15.247-0400][91051.479s][info ][gc,start    ] GC(469) Pause Young (Normal) (G1 Evacuation Pause)
[2025-04-03T17:53:15.247-0400][91051.479s][info ][gc,task     ] GC(469) Using 23 workers of 23 for evacuation
[2025-04-03T17:53:15.252-0400][91051.485s][info ][gc,phases   ] GC(469)   Pre Evacuate Collection Set: 0.2ms
[2025-04-03T17:53:15.252-0400][91051.485s][info ][gc,phases   ] GC(469)   Merge Heap Roots: 0.1ms
[2025-04-03T17:53:15.252-0400][91051.485s][info ][gc,phases   ] GC(469)   Evacuate Collection Set: 2.4ms
[2025-04-03T17:53:15.252-0400][91051.485s][info ][gc,phases   ] GC(469)   Post Evacuate Collection Set: 1.3ms
[2025-04-03T17:53:15.252-0400][91051.485s][info ][gc,phases   ] GC(469)   Other: 1.2ms
[2025-04-03T17:53:15.252-0400][91051.485s][info ][gc,heap     ] GC(469) Eden regions: 253->0(253)
[2025-04-03T17:53:15.252-0400][91051.485s][info ][gc,heap     ] GC(469) Survivor regions: 2->2(32)
[2025-04-03T17:53:15.252-0400][91051.485s][info ][gc,heap     ] GC(469) Old regions: 200->200
[2025-04-03T17:53:15.252-0400][91051.485s][info ][gc,heap     ] GC(469) Archive regions: 0->0
[2025-04-03T17:53:15.252-0400][91051.485s][info ][gc,heap     ] GC(469) Humongous regions: 2->2
[2025-04-03T17:53:15.252-0400][91051.485s][info ][gc,metaspace] GC(469) Metaspace: 199258K(201088K)->199258K(201088K) NonClass: 175511K(176448K)->175511K(176448K) Class: 23746K(24640K)->23746K(24640K)
[2025-04-03T17:53:15.252-0400][91051.485s][info ][gc          ] GC(469) Pause Young (Normal) (G1 Evacuation Pause) 455M->202M(512M) 5.222ms
[2025-04-03T17:53:15.252-0400][91051.485s][info ][gc,cpu      ] GC(469) User=0.03s Sys=0.00s Real=0.01s
[2025-04-03T17:53:15.252-0400][91051.485s][info ][safepoint   ] Safepoint "G1CollectForAllocation", Time since last: 213764105300 ns, Reaching safepoint: 72200 ns, Cleanup: 2500 ns, At safepoint: 5292800 ns, Total: 5367500 ns
[2025-04-03T17:56:47.340-0400][91263.572s][debug][safepoint   ] Safepoint synchronization initiated using striped semaphore wait barrier. (245 threads)
[2025-04-03T17:56:47.340-0400][91263.572s][info ][gc,start    ] GC(470) Pause Young (Normal) (G1 Evacuation Pause)
[2025-04-03T17:56:47.340-0400][91263.572s][info ][gc,task     ] GC(470) Using 23 workers of 23 for evacuation
[2025-04-03T17:56:47.343-0400][91263.575s][info ][gc,phases   ] GC(470)   Pre Evacuate Collection Set: 0.1ms
[2025-04-03T17:56:47.343-0400][91263.575s][info ][gc,phases   ] GC(470)   Merge Heap Roots: 0.1ms
[2025-04-03T17:56:47.343-0400][91263.575s][info ][gc,phases   ] GC(470)   Evacuate Collection Set: 1.3ms
[2025-04-03T17:56:47.343-0400][91263.575s][info ][gc,phases   ] GC(470)   Post Evacuate Collection Set: 1.2ms
[2025-04-03T17:56:47.343-0400][91263.575s][info ][gc,phases   ] GC(470)   Other: 0.1ms
[2025-04-03T17:56:47.343-0400][91263.575s][info ][gc,heap     ] GC(470) Eden regions: 253->0(253)
[2025-04-03T17:56:47.343-0400][91263.575s][info ][gc,heap     ] GC(470) Survivor regions: 2->2(32)
[2025-04-03T17:56:47.343-0400][91263.575s][info ][gc,heap     ] GC(470) Old regions: 200->200
[2025-04-03T17:56:47.343-0400][91263.575s][info ][gc,heap     ] GC(470) Archive regions: 0->0
[2025-04-03T17:56:47.343-0400][91263.575s][info ][gc,heap     ] GC(470) Humongous regions: 2->2
[2025-04-03T17:56:47.343-0400][91263.575s][info ][gc,metaspace] GC(470) Metaspace: 199258K(201088K)->199258K(201088K) NonClass: 175511K(176448K)->175511K(176448K) Class: 23746K(24640K)->23746K(24640K)
[2025-04-03T17:56:47.343-0400][91263.575s][info ][gc          ] GC(470) Pause Young (Normal) (G1 Evacuation Pause) 455M->202M(512M) 2.883ms
[2025-04-03T17:56:47.343-0400][91263.575s][info ][gc,cpu      ] GC(470) User=0.00s Sys=0.00s Real=0.00s
[2025-04-03T17:56:47.343-0400][91263.575s][info ][safepoint   ] Safepoint "G1CollectForAllocation", Time since last: 212087045400 ns, Reaching safepoint: 60200 ns, Cleanup: 4600 ns, At safepoint: 2947600 ns, Total: 3012400 ns
[2025-04-03T18:00:21.061-0400][91477.293s][debug][safepoint   ] Safepoint synchronization initiated using striped semaphore wait barrier. (245 threads)
[2025-04-03T18:00:21.061-0400][91477.293s][info ][gc,start    ] GC(471) Pause Young (Normal) (G1 Evacuation Pause)
[2025-04-03T18:00:21.061-0400][91477.293s][info ][gc,task     ] GC(471) Using 23 workers of 23 for evacuation
[2025-04-03T18:00:21.065-0400][91477.298s][info ][gc,phases   ] GC(471)   Pre Evacuate Collection Set: 0.2ms
[2025-04-03T18:00:21.065-0400][91477.298s][info ][gc,phases   ] GC(471)   Merge Heap Roots: 0.1ms
[2025-04-03T18:00:21.065-0400][91477.298s][info ][gc,phases   ] GC(471)   Evacuate Collection Set: 3.0ms
[2025-04-03T18:00:21.065-0400][91477.298s][info ][gc,phases   ] GC(471)   Post Evacuate Collection Set: 1.4ms
[2025-04-03T18:00:21.065-0400][91477.298s][info ][gc,phases   ] GC(471)   Other: 0.1ms
[2025-04-03T18:00:21.065-0400][91477.298s][info ][gc,heap     ] GC(471) Eden regions: 253->0(253)
[2025-04-03T18:00:21.065-0400][91477.298s][info ][gc,heap     ] GC(471) Survivor regions: 2->2(32)
[2025-04-03T18:00:21.065-0400][91477.298s][info ][gc,heap     ] GC(471) Old regions: 200->200
[2025-04-03T18:00:21.065-0400][91477.298s][info ][gc,heap     ] GC(471) Archive regions: 0->0
[2025-04-03T18:00:21.065-0400][91477.298s][info ][gc,heap     ] GC(471) Humongous regions: 2->2
[2025-04-03T18:00:21.065-0400][91477.298s][info ][gc,metaspace] GC(471) Metaspace: 199258K(201088K)->199258K(201088K) NonClass: 175511K(176448K)->175511K(176448K) Class: 23746K(24640K)->23746K(24640K)
[2025-04-03T18:00:21.065-0400][91477.298s][info ][gc          ] GC(471) Pause Young (Normal) (G1 Evacuation Pause) 455M->202M(512M) 4.799ms
[2025-04-03T18:00:21.065-0400][91477.298s][info ][gc,cpu      ] GC(471) User=0.02s Sys=0.00s Real=0.00s
[2025-04-03T18:00:21.066-0400][91477.298s][info ][safepoint   ] Safepoint "G1CollectForAllocation", Time since last: 213717967300 ns, Reaching safepoint: 82900 ns, Cleanup: 5100 ns, At safepoint: 4879300 ns, Total: 4967300 ns
[2025-04-03T18:03:53.035-0400][91689.267s][debug][safepoint   ] Safepoint synchronization initiated using striped semaphore wait barrier. (245 threads)
[2025-04-03T18:03:53.035-0400][91689.267s][info ][gc,start    ] GC(472) Pause Young (Normal) (G1 Evacuation Pause)
[2025-04-03T18:03:53.035-0400][91689.267s][info ][gc,task     ] GC(472) Using 23 workers of 23 for evacuation
[2025-04-03T18:03:53.037-0400][91689.269s][info ][gc,phases   ] GC(472)   Pre Evacuate Collection Set: 0.1ms
[2025-04-03T18:03:53.037-0400][91689.269s][info ][gc,phases   ] GC(472)   Merge Heap Roots: 0.1ms
[2025-04-03T18:03:53.037-0400][91689.269s][info ][gc,phases   ] GC(472)   Evacuate Collection Set: 1.3ms
[2025-04-03T18:03:53.037-0400][91689.269s][info ][gc,phases   ] GC(472)   Post Evacuate Collection Set: 0.8ms
[2025-04-03T18:03:53.037-0400][91689.269s][info ][gc,phases   ] GC(472)   Other: 0.1ms
[2025-04-03T18:03:53.037-0400][91689.269s][info ][gc,heap     ] GC(472) Eden regions: 253->0(253)
[2025-04-03T18:03:53.037-0400][91689.269s][info ][gc,heap     ] GC(472) Survivor regions: 2->2(32)
[2025-04-03T18:03:53.037-0400][91689.269s][info ][gc,heap     ] GC(472) Old regions: 200->200
[2025-04-03T18:03:53.037-0400][91689.269s][info ][gc,heap     ] GC(472) Archive regions: 0->0
[2025-04-03T18:03:53.037-0400][91689.269s][info ][gc,heap     ] GC(472) Humongous regions: 2->2
[2025-04-03T18:03:53.037-0400][91689.269s][info ][gc,metaspace] GC(472) Metaspace: 199258K(201088K)->199258K(201088K) NonClass: 175511K(176448K)->175511K(176448K) Class: 23746K(24640K)->23746K(24640K)
[2025-04-03T18:03:53.037-0400][91689.269s][info ][gc          ] GC(472) Pause Young (Normal) (G1 Evacuation Pause) 455M->202M(512M) 2.478ms
[2025-04-03T18:03:53.037-0400][91689.269s][info ][gc,cpu      ] GC(472) User=0.00s Sys=0.00s Real=0.00s
[2025-04-03T18:03:53.037-0400][91689.269s][info ][safepoint   ] Safepoint "G1CollectForAllocation", Time since last: 211969107400 ns, Reaching safepoint: 70100 ns, Cleanup: 2300 ns, At safepoint: 2547000 ns, Total: 2619400 ns
[2025-04-03T18:07:27.066-0400][91903.299s][debug][safepoint   ] Safepoint synchronization initiated using striped semaphore wait barrier. (245 threads)
[2025-04-03T18:07:27.066-0400][91903.299s][info ][gc,start    ] GC(473) Pause Young (Normal) (G1 Evacuation Pause)
[2025-04-03T18:07:27.066-0400][91903.299s][info ][gc,task     ] GC(473) Using 23 workers of 23 for evacuation
[2025-04-03T18:07:27.070-0400][91903.302s][info ][gc,phases   ] GC(473)   Pre Evacuate Collection Set: 0.3ms
[2025-04-03T18:07:27.070-0400][91903.302s][info ][gc,phases   ] GC(473)   Merge Heap Roots: 0.3ms
[2025-04-03T18:07:27.070-0400][91903.302s][info ][gc,phases   ] GC(473)   Evacuate Collection Set: 1.5ms
[2025-04-03T18:07:27.070-0400][91903.302s][info ][gc,phases   ] GC(473)   Post Evacuate Collection Set: 1.3ms
[2025-04-03T18:07:27.070-0400][91903.302s][info ][gc,phases   ] GC(473)   Other: 0.1ms
[2025-04-03T18:07:27.070-0400][91903.302s][info ][gc,heap     ] GC(473) Eden regions: 253->0(254)
[2025-04-03T18:07:27.070-0400][91903.302s][info ][gc,heap     ] GC(473) Survivor regions: 2->2(32)
[2025-04-03T18:07:27.070-0400][91903.302s][info ][gc,heap     ] GC(473) Old regions: 200->200
[2025-04-03T18:07:27.070-0400][91903.302s][info ][gc,heap     ] GC(473) Archive regions: 0->0
[2025-04-03T18:07:27.070-0400][91903.302s][info ][gc,heap     ] GC(473) Humongous regions: 2->2
[2025-04-03T18:07:27.070-0400][91903.302s][info ][gc,metaspace] GC(473) Metaspace: 199258K(201088K)->199258K(201088K) NonClass: 175511K(176448K)->175511K(176448K) Class: 23746K(24640K)->23746K(24640K)
[2025-04-03T18:07:27.070-0400][91903.302s][info ][gc          ] GC(473) Pause Young (Normal) (G1 Evacuation Pause) 455M->202M(512M) 3.474ms
[2025-04-03T18:07:27.070-0400][91903.302s][info ][gc,cpu      ] GC(473) User=0.00s Sys=0.00s Real=0.00s
[2025-04-03T18:07:27.070-0400][91903.302s][info ][safepoint   ] Safepoint "G1CollectForAllocation", Time since last: 214029116500 ns, Reaching safepoint: 105500 ns, Cleanup: 9500 ns, At safepoint: 3551800 ns, Total: 3666800 ns
[2025-04-03T18:11:00.326-0400][92116.558s][debug][safepoint   ] Safepoint synchronization initiated using striped semaphore wait barrier. (245 threads)
[2025-04-03T18:11:00.326-0400][92116.559s][info ][gc,start    ] GC(474) Pause Young (Normal) (G1 Evacuation Pause)
[2025-04-03T18:11:00.326-0400][92116.559s][info ][gc,task     ] GC(474) Using 23 workers of 23 for evacuation
[2025-04-03T18:11:00.330-0400][92116.563s][info ][gc,phases   ] GC(474)   Pre Evacuate Collection Set: 0.1ms
[2025-04-03T18:11:00.330-0400][92116.563s][info ][gc,phases   ] GC(474)   Merge Heap Roots: 0.1ms
[2025-04-03T18:11:00.330-0400][92116.563s][info ][gc,phases   ] GC(474)   Evacuate Collection Set: 2.7ms
[2025-04-03T18:11:00.330-0400][92116.563s][info ][gc,phases   ] GC(474)   Post Evacuate Collection Set: 1.2ms
[2025-04-03T18:11:00.330-0400][92116.563s][info ][gc,phases   ] GC(474)   Other: 0.1ms
[2025-04-03T18:11:00.330-0400][92116.563s][info ][gc,heap     ] GC(474) Eden regions: 254->0(254)
[2025-04-03T18:11:00.330-0400][92116.563s][info ][gc,heap     ] GC(474) Survivor regions: 2->2(32)
[2025-04-03T18:11:00.330-0400][92116.563s][info ][gc,heap     ] GC(474) Old regions: 200->200
[2025-04-03T18:11:00.330-0400][92116.563s][info ][gc,heap     ] GC(474) Archive regions: 0->0
[2025-04-03T18:11:00.330-0400][92116.563s][info ][gc,heap     ] GC(474) Humongous regions: 2->2
[2025-04-03T18:11:00.330-0400][92116.563s][info ][gc,metaspace] GC(474) Metaspace: 199258K(201088K)->199258K(201088K) NonClass: 175511K(176448K)->175511K(176448K) Class: 23746K(24640K)->23746K(24640K)
[2025-04-03T18:11:00.330-0400][92116.563s][info ][gc          ] GC(474) Pause Young (Normal) (G1 Evacuation Pause) 456M->202M(512M) 4.380ms
[2025-04-03T18:11:00.330-0400][92116.563s][info ][gc,cpu      ] GC(474) User=0.03s Sys=0.00s Real=0.00s
[2025-04-03T18:11:00.330-0400][92116.563s][info ][safepoint   ] Safepoint "G1CollectForAllocation", Time since last: 213256115900 ns, Reaching safepoint: 102900 ns, Cleanup: 3300 ns, At safepoint: 4442500 ns, Total: 4548700 ns
[2025-04-03T18:14:35.151-0400][92331.383s][debug][safepoint   ] Safepoint synchronization initiated using striped semaphore wait barrier. (245 threads)
[2025-04-03T18:14:35.151-0400][92331.383s][info ][gc,start    ] GC(475) Pause Young (Normal) (G1 Evacuation Pause)
[2025-04-03T18:14:35.151-0400][92331.383s][info ][gc,task     ] GC(475) Using 23 workers of 23 for evacuation
[2025-04-03T18:14:35.154-0400][92331.386s][info ][gc,phases   ] GC(475)   Pre Evacuate Collection Set: 0.1ms
[2025-04-03T18:14:35.154-0400][92331.386s][info ][gc,phases   ] GC(475)   Merge Heap Roots: 0.1ms
[2025-04-03T18:14:35.154-0400][92331.386s][info ][gc,phases   ] GC(475)   Evacuate Collection Set: 2.1ms
[2025-04-03T18:14:35.154-0400][92331.386s][info ][gc,phases   ] GC(475)   Post Evacuate Collection Set: 1.1ms
[2025-04-03T18:14:35.154-0400][92331.386s][info ][gc,phases   ] GC(475)   Other: 0.1ms
[2025-04-03T18:14:35.154-0400][92331.386s][info ][gc,heap     ] GC(475) Eden regions: 254->0(254)
[2025-04-03T18:14:35.154-0400][92331.386s][info ][gc,heap     ] GC(475) Survivor regions: 2->2(32)
[2025-04-03T18:14:35.154-0400][92331.386s][info ][gc,heap     ] GC(475) Old regions: 200->200
[2025-04-03T18:14:35.154-0400][92331.386s][info ][gc,heap     ] GC(475) Archive regions: 0->0
[2025-04-03T18:14:35.154-0400][92331.386s][info ][gc,heap     ] GC(475) Humongous regions: 2->2
[2025-04-03T18:14:35.154-0400][92331.386s][info ][gc,metaspace] GC(475) Metaspace: 199258K(201088K)->199258K(201088K) NonClass: 175511K(176448K)->175511K(176448K) Class: 23746K(24640K)->23746K(24640K)
[2025-04-03T18:14:35.154-0400][92331.386s][info ][gc          ] GC(475) Pause Young (Normal) (G1 Evacuation Pause) 456M->202M(512M) 3.474ms
[2025-04-03T18:14:35.154-0400][92331.386s][info ][gc,cpu      ] GC(475) User=0.00s Sys=0.00s Real=0.00s
[2025-04-03T18:14:35.154-0400][92331.386s][info ][safepoint   ] Safepoint "G1CollectForAllocation", Time since last: 214819717700 ns, Reaching safepoint: 42100 ns, Cleanup: 2400 ns, At safepoint: 3547700 ns, Total: 3592200 ns
[2025-04-03T18:18:04.806-0400][92541.038s][debug][safepoint   ] Safepoint synchronization initiated using striped semaphore wait barrier. (245 threads)
[2025-04-03T18:18:04.806-0400][92541.039s][info ][gc,start    ] GC(476) Pause Young (Normal) (G1 Evacuation Pause)
[2025-04-03T18:18:04.806-0400][92541.039s][info ][gc,task     ] GC(476) Using 23 workers of 23 for evacuation
[2025-04-03T18:18:04.809-0400][92541.042s][info ][gc,phases   ] GC(476)   Pre Evacuate Collection Set: 0.2ms
[2025-04-03T18:18:04.809-0400][92541.042s][info ][gc,phases   ] GC(476)   Merge Heap Roots: 0.1ms
[2025-04-03T18:18:04.809-0400][92541.042s][info ][gc,phases   ] GC(476)   Evacuate Collection Set: 1.3ms
[2025-04-03T18:18:04.809-0400][92541.042s][info ][gc,phases   ] GC(476)   Post Evacuate Collection Set: 1.4ms
[2025-04-03T18:18:04.809-0400][92541.042s][info ][gc,phases   ] GC(476)   Other: 0.1ms
[2025-04-03T18:18:04.809-0400][92541.042s][info ][gc,heap     ] GC(476) Eden regions: 254->0(253)
[2025-04-03T18:18:04.809-0400][92541.042s][info ][gc,heap     ] GC(476) Survivor regions: 2->2(32)
[2025-04-03T18:18:04.809-0400][92541.042s][info ][gc,heap     ] GC(476) Old regions: 200->200
[2025-04-03T18:18:04.809-0400][92541.042s][info ][gc,heap     ] GC(476) Archive regions: 0->0
[2025-04-03T18:18:04.809-0400][92541.042s][info ][gc,heap     ] GC(476) Humongous regions: 2->2
[2025-04-03T18:18:04.809-0400][92541.042s][info ][gc,metaspace] GC(476) Metaspace: 199258K(201088K)->199258K(201088K) NonClass: 175511K(176448K)->175511K(176448K) Class: 23746K(24640K)->23746K(24640K)
[2025-04-03T18:18:04.809-0400][92541.042s][info ][gc          ] GC(476) Pause Young (Normal) (G1 Evacuation Pause) 456M->202M(512M) 3.178ms
[2025-04-03T18:18:04.809-0400][92541.042s][info ][gc,cpu      ] GC(476) User=0.00s Sys=0.00s Real=0.00s
[2025-04-03T18:18:04.809-0400][92541.042s][info ][safepoint   ] Safepoint "G1CollectForAllocation", Time since last: 209652224000 ns, Reaching safepoint: 79400 ns, Cleanup: 3500 ns, At safepoint: 3272800 ns, Total: 3355700 ns
[2025-04-03T18:21:37.838-0400][92754.070s][debug][safepoint   ] Safepoint synchronization initiated using striped semaphore wait barrier. (246 threads)
[2025-04-03T18:21:37.838-0400][92754.071s][info ][gc,start    ] GC(477) Pause Young (Normal) (G1 Evacuation Pause)
[2025-04-03T18:21:37.838-0400][92754.071s][info ][gc,task     ] GC(477) Using 23 workers of 23 for evacuation
[2025-04-03T18:21:37.842-0400][92754.074s][info ][gc,phases   ] GC(477)   Pre Evacuate Collection Set: 0.1ms
[2025-04-03T18:21:37.842-0400][92754.074s][info ][gc,phases   ] GC(477)   Merge Heap Roots: 0.1ms
[2025-04-03T18:21:37.842-0400][92754.074s][info ][gc,phases   ] GC(477)   Evacuate Collection Set: 2.5ms
[2025-04-03T18:21:37.842-0400][92754.074s][info ][gc,phases   ] GC(477)   Post Evacuate Collection Set: 1.1ms
[2025-04-03T18:21:37.842-0400][92754.075s][info ][gc,phases   ] GC(477)   Other: 0.1ms
[2025-04-03T18:21:37.842-0400][92754.075s][info ][gc,heap     ] GC(477) Eden regions: 253->0(253)
[2025-04-03T18:21:37.842-0400][92754.075s][info ][gc,heap     ] GC(477) Survivor regions: 2->2(32)
[2025-04-03T18:21:37.842-0400][92754.075s][info ][gc,heap     ] GC(477) Old regions: 200->200
[2025-04-03T18:21:37.842-0400][92754.075s][info ][gc,heap     ] GC(477) Archive regions: 0->0
[2025-04-03T18:21:37.842-0400][92754.075s][info ][gc,heap     ] GC(477) Humongous regions: 2->2
[2025-04-03T18:21:37.842-0400][92754.075s][info ][gc,metaspace] GC(477) Metaspace: 199258K(201088K)->199258K(201088K) NonClass: 175511K(176448K)->175511K(176448K) Class: 23746K(24640K)->23746K(24640K)
[2025-04-03T18:21:37.842-0400][92754.075s][info ][gc          ] GC(477) Pause Young (Normal) (G1 Evacuation Pause) 455M->202M(512M) 3.978ms
[2025-04-03T18:21:37.842-0400][92754.075s][info ][gc,cpu      ] GC(477) User=0.00s Sys=0.00s Real=0.00s
[2025-04-03T18:21:37.842-0400][92754.075s][info ][safepoint   ] Safepoint "G1CollectForAllocation", Time since last: 213028651400 ns, Reaching safepoint: 85100 ns, Cleanup: 2300 ns, At safepoint: 4080600 ns, Total: 4168000 ns
[2025-04-03T18:25:10.186-0400][92966.418s][debug][safepoint   ] Safepoint synchronization initiated using striped semaphore wait barrier. (246 threads)
[2025-04-03T18:25:10.186-0400][92966.418s][info ][gc,start    ] GC(478) Pause Young (Normal) (G1 Evacuation Pause)
[2025-04-03T18:25:10.186-0400][92966.418s][info ][gc,task     ] GC(478) Using 23 workers of 23 for evacuation
[2025-04-03T18:25:10.190-0400][92966.422s][info ][gc,phases   ] GC(478)   Pre Evacuate Collection Set: 0.1ms
[2025-04-03T18:25:10.190-0400][92966.422s][info ][gc,phases   ] GC(478)   Merge Heap Roots: 0.1ms
[2025-04-03T18:25:10.190-0400][92966.422s][info ][gc,phases   ] GC(478)   Evacuate Collection Set: 2.9ms
[2025-04-03T18:25:10.190-0400][92966.422s][info ][gc,phases   ] GC(478)   Post Evacuate Collection Set: 1.2ms
[2025-04-03T18:25:10.190-0400][92966.422s][info ][gc,phases   ] GC(478)   Other: 0.1ms
[2025-04-03T18:25:10.190-0400][92966.422s][info ][gc,heap     ] GC(478) Eden regions: 253->0(253)
[2025-04-03T18:25:10.190-0400][92966.422s][info ][gc,heap     ] GC(478) Survivor regions: 2->2(32)
[2025-04-03T18:25:10.190-0400][92966.422s][info ][gc,heap     ] GC(478) Old regions: 200->200
[2025-04-03T18:25:10.190-0400][92966.422s][info ][gc,heap     ] GC(478) Archive regions: 0->0
[2025-04-03T18:25:10.190-0400][92966.422s][info ][gc,heap     ] GC(478) Humongous regions: 2->2
[2025-04-03T18:25:10.190-0400][92966.422s][info ][gc,metaspace] GC(478) Metaspace: 199258K(201088K)->199258K(201088K) NonClass: 175511K(176448K)->175511K(176448K) Class: 23746K(24640K)->23746K(24640K)
[2025-04-03T18:25:10.190-0400][92966.422s][info ][gc          ] GC(478) Pause Young (Normal) (G1 Evacuation Pause) 455M->202M(512M) 4.440ms
[2025-04-03T18:25:10.190-0400][92966.422s][info ][gc,cpu      ] GC(478) User=0.02s Sys=0.00s Real=0.00s
[2025-04-03T18:25:10.190-0400][92966.422s][info ][safepoint   ] Safepoint "G1CollectForAllocation", Time since last: 212343178200 ns, Reaching safepoint: 65800 ns, Cleanup: 3100 ns, At safepoint: 4515100 ns, Total: 4584000 ns
[2025-04-03T18:28:44.792-0400][93181.024s][debug][safepoint   ] Safepoint synchronization initiated using striped semaphore wait barrier. (246 threads)
[2025-04-03T18:28:44.792-0400][93181.024s][info ][gc,start    ] GC(479) Pause Young (Normal) (G1 Evacuation Pause)
[2025-04-03T18:28:44.792-0400][93181.024s][info ][gc,task     ] GC(479) Using 23 workers of 23 for evacuation
[2025-04-03T18:28:44.794-0400][93181.027s][info ][gc,phases   ] GC(479)   Pre Evacuate Collection Set: 0.1ms
[2025-04-03T18:28:44.794-0400][93181.027s][info ][gc,phases   ] GC(479)   Merge Heap Roots: 0.1ms
[2025-04-03T18:28:44.794-0400][93181.027s][info ][gc,phases   ] GC(479)   Evacuate Collection Set: 1.5ms
[2025-04-03T18:28:44.794-0400][93181.027s][info ][gc,phases   ] GC(479)   Post Evacuate Collection Set: 0.9ms
[2025-04-03T18:28:44.794-0400][93181.027s][info ][gc,phases   ] GC(479)   Other: 0.1ms
[2025-04-03T18:28:44.794-0400][93181.027s][info ][gc,heap     ] GC(479) Eden regions: 253->0(253)
[2025-04-03T18:28:44.794-0400][93181.027s][info ][gc,heap     ] GC(479) Survivor regions: 2->2(32)
[2025-04-03T18:28:44.794-0400][93181.027s][info ][gc,heap     ] GC(479) Old regions: 200->200
[2025-04-03T18:28:44.794-0400][93181.027s][info ][gc,heap     ] GC(479) Archive regions: 0->0
[2025-04-03T18:28:44.794-0400][93181.027s][info ][gc,heap     ] GC(479) Humongous regions: 2->2
[2025-04-03T18:28:44.794-0400][93181.027s][info ][gc,metaspace] GC(479) Metaspace: 199258K(201088K)->199258K(201088K) NonClass: 175511K(176448K)->175511K(176448K) Class: 23746K(24640K)->23746K(24640K)
[2025-04-03T18:28:44.794-0400][93181.027s][info ][gc          ] GC(479) Pause Young (Normal) (G1 Evacuation Pause) 455M->202M(512M) 2.731ms
[2025-04-03T18:28:44.795-0400][93181.027s][info ][gc,cpu      ] GC(479) User=0.00s Sys=0.00s Real=0.00s
[2025-04-03T18:28:44.795-0400][93181.027s][info ][safepoint   ] Safepoint "G1CollectForAllocation", Time since last: 214601756500 ns, Reaching safepoint: 78600 ns, Cleanup: 3400 ns, At safepoint: 2819500 ns, Total: 2901500 ns
[2025-04-03T18:32:16.919-0400][93393.151s][debug][safepoint   ] Safepoint synchronization initiated using striped semaphore wait barrier. (246 threads)
[2025-04-03T18:32:16.919-0400][93393.151s][info ][gc,start    ] GC(480) Pause Young (Normal) (G1 Evacuation Pause)
[2025-04-03T18:32:16.919-0400][93393.151s][info ][gc,task     ] GC(480) Using 23 workers of 23 for evacuation
[2025-04-03T18:32:16.920-0400][93393.153s][info ][gc,phases   ] GC(480)   Pre Evacuate Collection Set: 0.1ms
[2025-04-03T18:32:16.920-0400][93393.153s][info ][gc,phases   ] GC(480)   Merge Heap Roots: 0.1ms
[2025-04-03T18:32:16.921-0400][93393.153s][info ][gc,phases   ] GC(480)   Evacuate Collection Set: 0.9ms
[2025-04-03T18:32:16.921-0400][93393.153s][info ][gc,phases   ] GC(480)   Post Evacuate Collection Set: 0.5ms
[2025-04-03T18:32:16.921-0400][93393.153s][info ][gc,phases   ] GC(480)   Other: 0.1ms
[2025-04-03T18:32:16.921-0400][93393.153s][info ][gc,heap     ] GC(480) Eden regions: 253->0(253)
[2025-04-03T18:32:16.921-0400][93393.153s][info ][gc,heap     ] GC(480) Survivor regions: 2->2(32)
[2025-04-03T18:32:16.921-0400][93393.153s][info ][gc,heap     ] GC(480) Old regions: 200->200
[2025-04-03T18:32:16.921-0400][93393.153s][info ][gc,heap     ] GC(480) Archive regions: 0->0
[2025-04-03T18:32:16.921-0400][93393.153s][info ][gc,heap     ] GC(480) Humongous regions: 2->2
[2025-04-03T18:32:16.921-0400][93393.153s][info ][gc,metaspace] GC(480) Metaspace: 199258K(201088K)->199258K(201088K) NonClass: 175511K(176448K)->175511K(176448K) Class: 23746K(24640K)->23746K(24640K)
[2025-04-03T18:32:16.921-0400][93393.153s][info ][gc          ] GC(480) Pause Young (Normal) (G1 Evacuation Pause) 455M->202M(512M) 1.862ms
[2025-04-03T18:32:16.921-0400][93393.153s][info ][gc,cpu      ] GC(480) User=0.00s Sys=0.00s Real=0.00s
[2025-04-03T18:32:16.921-0400][93393.153s][info ][safepoint   ] Safepoint "G1CollectForAllocation", Time since last: 212124042900 ns, Reaching safepoint: 92000 ns, Cleanup: 6000 ns, At safepoint: 1953500 ns, Total: 2051500 ns
[2025-04-03T18:35:21.007-0400][93577.239s][debug][safepoint   ] Safepoint synchronization initiated using striped semaphore wait barrier. (246 threads)
[2025-04-03T18:35:21.007-0400][93577.239s][info ][safepoint   ] Safepoint "Cleanup", Time since last: 184086042200 ns, Reaching safepoint: 68700 ns, Cleanup: 8000 ns, At safepoint: 1900 ns, Total: 78600 ns
[2025-04-03T18:35:50.632-0400][93606.864s][debug][safepoint   ] Safepoint synchronization initiated using striped semaphore wait barrier. (246 threads)
[2025-04-03T18:35:50.632-0400][93606.864s][info ][gc,start    ] GC(481) Pause Young (Normal) (G1 Evacuation Pause)
[2025-04-03T18:35:50.632-0400][93606.864s][info ][gc,task     ] GC(481) Using 23 workers of 23 for evacuation
[2025-04-03T18:35:50.634-0400][93606.866s][info ][gc,phases   ] GC(481)   Pre Evacuate Collection Set: 0.1ms
[2025-04-03T18:35:50.634-0400][93606.866s][info ][gc,phases   ] GC(481)   Merge Heap Roots: 0.1ms
[2025-04-03T18:35:50.634-0400][93606.866s][info ][gc,phases   ] GC(481)   Evacuate Collection Set: 1.1ms
[2025-04-03T18:35:50.634-0400][93606.866s][info ][gc,phases   ] GC(481)   Post Evacuate Collection Set: 0.8ms
[2025-04-03T18:35:50.634-0400][93606.866s][info ][gc,phases   ] GC(481)   Other: 0.2ms
[2025-04-03T18:35:50.634-0400][93606.866s][info ][gc,heap     ] GC(481) Eden regions: 253->0(254)
[2025-04-03T18:35:50.634-0400][93606.866s][info ][gc,heap     ] GC(481) Survivor regions: 2->2(32)
[2025-04-03T18:35:50.634-0400][93606.866s][info ][gc,heap     ] GC(481) Old regions: 200->200
[2025-04-03T18:35:50.634-0400][93606.866s][info ][gc,heap     ] GC(481) Archive regions: 0->0
[2025-04-03T18:35:50.634-0400][93606.866s][info ][gc,heap     ] GC(481) Humongous regions: 2->2
[2025-04-03T18:35:50.634-0400][93606.866s][info ][gc,metaspace] GC(481) Metaspace: 199258K(201088K)->199258K(201088K) NonClass: 175511K(176448K)->175511K(176448K) Class: 23746K(24640K)->23746K(24640K)
[2025-04-03T18:35:50.634-0400][93606.866s][info ][gc          ] GC(481) Pause Young (Normal) (G1 Evacuation Pause) 455M->202M(512M) 2.328ms
[2025-04-03T18:35:50.634-0400][93606.866s][info ][gc,cpu      ] GC(481) User=0.00s Sys=0.00s Real=0.00s
[2025-04-03T18:35:50.634-0400][93606.866s][info ][safepoint   ] Safepoint "G1CollectForAllocation", Time since last: 29624608300 ns, Reaching safepoint: 40000 ns, Cleanup: 2700 ns, At safepoint: 2406000 ns, Total: 2448700 ns
[2025-04-03T18:36:05.642-0400][93621.874s][debug][safepoint   ] Safepoint synchronization initiated using striped semaphore wait barrier. (246 threads)
[2025-04-03T18:36:05.642-0400][93621.874s][info ][safepoint   ] Safepoint "Cleanup", Time since last: 15007297300 ns, Reaching safepoint: 134800 ns, Cleanup: 8400 ns, At safepoint: 3500 ns, Total: 146700 ns
[2025-04-03T18:36:12.646-0400][93628.878s][debug][safepoint   ] Safepoint synchronization initiated using striped semaphore wait barrier. (247 threads)
[2025-04-03T18:36:12.646-0400][93628.878s][info ][safepoint   ] Safepoint "Cleanup", Time since last: 7003901900 ns, Reaching safepoint: 113200 ns, Cleanup: 7500 ns, At safepoint: 1700 ns, Total: 122400 ns
[2025-04-03T18:39:22.808-0400][93819.040s][debug][safepoint   ] Safepoint synchronization initiated using striped semaphore wait barrier. (246 threads)
[2025-04-03T18:39:22.808-0400][93819.041s][info ][gc,start    ] GC(482) Pause Young (Normal) (G1 Evacuation Pause)
[2025-04-03T18:39:22.808-0400][93819.041s][info ][gc,task     ] GC(482) Using 23 workers of 23 for evacuation
[2025-04-03T18:39:22.811-0400][93819.044s][info ][gc,phases   ] GC(482)   Pre Evacuate Collection Set: 0.2ms
[2025-04-03T18:39:22.811-0400][93819.044s][info ][gc,phases   ] GC(482)   Merge Heap Roots: 0.1ms
[2025-04-03T18:39:22.811-0400][93819.044s][info ][gc,phases   ] GC(482)   Evacuate Collection Set: 1.4ms
[2025-04-03T18:39:22.811-0400][93819.044s][info ][gc,phases   ] GC(482)   Post Evacuate Collection Set: 1.4ms
[2025-04-03T18:39:22.811-0400][93819.044s][info ][gc,phases   ] GC(482)   Other: 0.1ms
[2025-04-03T18:39:22.811-0400][93819.044s][info ][gc,heap     ] GC(482) Eden regions: 254->0(254)
[2025-04-03T18:39:22.811-0400][93819.044s][info ][gc,heap     ] GC(482) Survivor regions: 2->2(32)
[2025-04-03T18:39:22.811-0400][93819.044s][info ][gc,heap     ] GC(482) Old regions: 200->200
[2025-04-03T18:39:22.811-0400][93819.044s][info ][gc,heap     ] GC(482) Archive regions: 0->0
[2025-04-03T18:39:22.811-0400][93819.044s][info ][gc,heap     ] GC(482) Humongous regions: 2->2
[2025-04-03T18:39:22.811-0400][93819.044s][info ][gc,metaspace] GC(482) Metaspace: 199260K(201088K)->199260K(201088K) NonClass: 175514K(176448K)->175514K(176448K) Class: 23746K(24640K)->23746K(24640K)
[2025-04-03T18:39:22.811-0400][93819.044s][info ][gc          ] GC(482) Pause Young (Normal) (G1 Evacuation Pause) 456M->202M(512M) 3.255ms
[2025-04-03T18:39:22.811-0400][93819.044s][info ][gc,cpu      ] GC(482) User=0.00s Sys=0.00s Real=0.00s
[2025-04-03T18:39:22.811-0400][93819.044s][info ][safepoint   ] Safepoint "G1CollectForAllocation", Time since last: 190162572000 ns, Reaching safepoint: 82400 ns, Cleanup: 3900 ns, At safepoint: 3354500 ns, Total: 3440800 ns
[2025-04-03T18:42:57.348-0400][94033.580s][debug][safepoint   ] Safepoint synchronization initiated using striped semaphore wait barrier. (246 threads)
[2025-04-03T18:42:57.348-0400][94033.580s][info ][gc,start    ] GC(483) Pause Young (Normal) (G1 Evacuation Pause)
[2025-04-03T18:42:57.348-0400][94033.580s][info ][gc,task     ] GC(483) Using 23 workers of 23 for evacuation
[2025-04-03T18:42:57.351-0400][94033.584s][info ][gc,phases   ] GC(483)   Pre Evacuate Collection Set: 0.2ms
[2025-04-03T18:42:57.351-0400][94033.584s][info ][gc,phases   ] GC(483)   Merge Heap Roots: 0.1ms
[2025-04-03T18:42:57.351-0400][94033.584s][info ][gc,phases   ] GC(483)   Evacuate Collection Set: 1.6ms
[2025-04-03T18:42:57.351-0400][94033.584s][info ][gc,phases   ] GC(483)   Post Evacuate Collection Set: 1.5ms
[2025-04-03T18:42:57.351-0400][94033.584s][info ][gc,phases   ] GC(483)   Other: 0.2ms
[2025-04-03T18:42:57.351-0400][94033.584s][info ][gc,heap     ] GC(483) Eden regions: 254->0(254)
[2025-04-03T18:42:57.351-0400][94033.584s][info ][gc,heap     ] GC(483) Survivor regions: 2->2(32)
[2025-04-03T18:42:57.351-0400][94033.584s][info ][gc,heap     ] GC(483) Old regions: 200->200
[2025-04-03T18:42:57.351-0400][94033.584s][info ][gc,heap     ] GC(483) Archive regions: 0->0
[2025-04-03T18:42:57.351-0400][94033.584s][info ][gc,heap     ] GC(483) Humongous regions: 2->2
[2025-04-03T18:42:57.351-0400][94033.584s][info ][gc,metaspace] GC(483) Metaspace: 199260K(201088K)->199260K(201088K) NonClass: 175514K(176448K)->175514K(176448K) Class: 23746K(24640K)->23746K(24640K)
[2025-04-03T18:42:57.351-0400][94033.584s][info ][gc          ] GC(483) Pause Young (Normal) (G1 Evacuation Pause) 456M->202M(512M) 3.753ms
[2025-04-03T18:42:57.352-0400][94033.584s][info ][gc,cpu      ] GC(483) User=0.00s Sys=0.00s Real=0.00s
[2025-04-03T18:42:57.352-0400][94033.584s][info ][safepoint   ] Safepoint "G1CollectForAllocation", Time since last: 214536346300 ns, Reaching safepoint: 69800 ns, Cleanup: 9900 ns, At safepoint: 3875300 ns, Total: 3955000 ns
[2025-04-03T18:46:27.477-0400][94243.709s][debug][safepoint   ] Safepoint synchronization initiated using striped semaphore wait barrier. (247 threads)
[2025-04-03T18:46:27.477-0400][94243.710s][info ][gc,start    ] GC(484) Pause Young (Normal) (G1 Evacuation Pause)
[2025-04-03T18:46:27.477-0400][94243.710s][info ][gc,task     ] GC(484) Using 23 workers of 23 for evacuation
[2025-04-03T18:46:27.480-0400][94243.712s][info ][gc,phases   ] GC(484)   Pre Evacuate Collection Set: 0.2ms
[2025-04-03T18:46:27.480-0400][94243.712s][info ][gc,phases   ] GC(484)   Merge Heap Roots: 0.1ms
[2025-04-03T18:46:27.480-0400][94243.712s][info ][gc,phases   ] GC(484)   Evacuate Collection Set: 1.4ms
[2025-04-03T18:46:27.480-0400][94243.712s][info ][gc,phases   ] GC(484)   Post Evacuate Collection Set: 1.0ms
[2025-04-03T18:46:27.480-0400][94243.712s][info ][gc,phases   ] GC(484)   Other: 0.1ms
[2025-04-03T18:46:27.480-0400][94243.712s][info ][gc,heap     ] GC(484) Eden regions: 254->0(253)
[2025-04-03T18:46:27.480-0400][94243.712s][info ][gc,heap     ] GC(484) Survivor regions: 2->2(32)
[2025-04-03T18:46:27.480-0400][94243.712s][info ][gc,heap     ] GC(484) Old regions: 200->200
[2025-04-03T18:46:27.480-0400][94243.712s][info ][gc,heap     ] GC(484) Archive regions: 0->0
[2025-04-03T18:46:27.480-0400][94243.712s][info ][gc,heap     ] GC(484) Humongous regions: 2->2
[2025-04-03T18:46:27.480-0400][94243.712s][info ][gc,metaspace] GC(484) Metaspace: 199260K(201088K)->199260K(201088K) NonClass: 175514K(176448K)->175514K(176448K) Class: 23746K(24640K)->23746K(24640K)
[2025-04-03T18:46:27.480-0400][94243.712s][info ][gc          ] GC(484) Pause Young (Normal) (G1 Evacuation Pause) 456M->202M(512M) 2.892ms
[2025-04-03T18:46:27.480-0400][94243.712s][info ][gc,cpu      ] GC(484) User=0.00s Sys=0.00s Real=0.00s
[2025-04-03T18:46:27.480-0400][94243.713s][info ][safepoint   ] Safepoint "G1CollectForAllocation", Time since last: 210125353000 ns, Reaching safepoint: 57900 ns, Cleanup: 3200 ns, At safepoint: 2988400 ns, Total: 3049500 ns
[2025-04-03T18:49:58.622-0400][94454.854s][debug][safepoint   ] Safepoint synchronization initiated using striped semaphore wait barrier. (245 threads)
[2025-04-03T18:49:58.622-0400][94454.854s][info ][gc,start    ] GC(485) Pause Young (Normal) (G1 Evacuation Pause)
[2025-04-03T18:49:58.622-0400][94454.854s][info ][gc,task     ] GC(485) Using 23 workers of 23 for evacuation
[2025-04-03T18:49:58.626-0400][94454.858s][info ][gc,phases   ] GC(485)   Pre Evacuate Collection Set: 0.1ms
[2025-04-03T18:49:58.626-0400][94454.858s][info ][gc,phases   ] GC(485)   Merge Heap Roots: 0.1ms
[2025-04-03T18:49:58.626-0400][94454.858s][info ][gc,phases   ] GC(485)   Evacuate Collection Set: 2.4ms
[2025-04-03T18:49:58.626-0400][94454.858s][info ][gc,phases   ] GC(485)   Post Evacuate Collection Set: 1.4ms
[2025-04-03T18:49:58.626-0400][94454.858s][info ][gc,phases   ] GC(485)   Other: 0.1ms
[2025-04-03T18:49:58.626-0400][94454.858s][info ][gc,heap     ] GC(485) Eden regions: 253->0(253)
[2025-04-03T18:49:58.626-0400][94454.858s][info ][gc,heap     ] GC(485) Survivor regions: 2->2(32)
[2025-04-03T18:49:58.626-0400][94454.858s][info ][gc,heap     ] GC(485) Old regions: 200->200
[2025-04-03T18:49:58.626-0400][94454.858s][info ][gc,heap     ] GC(485) Archive regions: 0->0
[2025-04-03T18:49:58.626-0400][94454.858s][info ][gc,heap     ] GC(485) Humongous regions: 2->2
[2025-04-03T18:49:58.626-0400][94454.858s][info ][gc,metaspace] GC(485) Metaspace: 199260K(201088K)->199260K(201088K) NonClass: 175514K(176448K)->175514K(176448K) Class: 23746K(24640K)->23746K(24640K)
[2025-04-03T18:49:58.626-0400][94454.858s][info ][gc          ] GC(485) Pause Young (Normal) (G1 Evacuation Pause) 455M->202M(512M) 4.216ms
[2025-04-03T18:49:58.626-0400][94454.858s][info ][gc,cpu      ] GC(485) User=0.00s Sys=0.00s Real=0.00s
[2025-04-03T18:49:58.626-0400][94454.858s][info ][safepoint   ] Safepoint "G1CollectForAllocation", Time since last: 211141397500 ns, Reaching safepoint: 73000 ns, Cleanup: 2100 ns, At safepoint: 4287900 ns, Total: 4363000 ns
[2025-04-03T18:53:30.686-0400][94666.918s][debug][safepoint   ] Safepoint synchronization initiated using striped semaphore wait barrier. (245 threads)
[2025-04-03T18:53:30.686-0400][94666.918s][info ][gc,start    ] GC(486) Pause Young (Normal) (G1 Evacuation Pause)
[2025-04-03T18:53:30.686-0400][94666.918s][info ][gc,task     ] GC(486) Using 23 workers of 23 for evacuation
[2025-04-03T18:53:30.689-0400][94666.922s][info ][gc,phases   ] GC(486)   Pre Evacuate Collection Set: 0.1ms
[2025-04-03T18:53:30.689-0400][94666.922s][info ][gc,phases   ] GC(486)   Merge Heap Roots: 0.1ms
[2025-04-03T18:53:30.689-0400][94666.922s][info ][gc,phases   ] GC(486)   Evacuate Collection Set: 2.3ms
[2025-04-03T18:53:30.689-0400][94666.922s][info ][gc,phases   ] GC(486)   Post Evacuate Collection Set: 1.1ms
[2025-04-03T18:53:30.689-0400][94666.922s][info ][gc,phases   ] GC(486)   Other: 0.1ms
[2025-04-03T18:53:30.690-0400][94666.922s][info ][gc,heap     ] GC(486) Eden regions: 253->0(253)
[2025-04-03T18:53:30.690-0400][94666.922s][info ][gc,heap     ] GC(486) Survivor regions: 2->2(32)
[2025-04-03T18:53:30.690-0400][94666.922s][info ][gc,heap     ] GC(486) Old regions: 200->200
[2025-04-03T18:53:30.690-0400][94666.922s][info ][gc,heap     ] GC(486) Archive regions: 0->0
[2025-04-03T18:53:30.690-0400][94666.922s][info ][gc,heap     ] GC(486) Humongous regions: 2->2
[2025-04-03T18:53:30.690-0400][94666.922s][info ][gc,metaspace] GC(486) Metaspace: 199260K(201088K)->199260K(201088K) NonClass: 175514K(176448K)->175514K(176448K) Class: 23746K(24640K)->23746K(24640K)
[2025-04-03T18:53:30.690-0400][94666.922s][info ][gc          ] GC(486) Pause Young (Normal) (G1 Evacuation Pause) 455M->202M(512M) 3.788ms
[2025-04-03T18:53:30.690-0400][94666.922s][info ][gc,cpu      ] GC(486) User=0.03s Sys=0.00s Real=0.00s
[2025-04-03T18:53:30.690-0400][94666.922s][info ][safepoint   ] Safepoint "G1CollectForAllocation", Time since last: 212059734500 ns, Reaching safepoint: 43300 ns, Cleanup: 1900 ns, At safepoint: 3850700 ns, Total: 3895900 ns
[2025-04-03T18:57:04.239-0400][94880.471s][debug][safepoint   ] Safepoint synchronization initiated using striped semaphore wait barrier. (245 threads)
[2025-04-03T18:57:04.239-0400][94880.471s][info ][gc,start    ] GC(487) Pause Young (Normal) (G1 Evacuation Pause)
[2025-04-03T18:57:04.239-0400][94880.471s][info ][gc,task     ] GC(487) Using 23 workers of 23 for evacuation
[2025-04-03T18:57:04.242-0400][94880.474s][info ][gc,phases   ] GC(487)   Pre Evacuate Collection Set: 0.3ms
[2025-04-03T18:57:04.242-0400][94880.474s][info ][gc,phases   ] GC(487)   Merge Heap Roots: 0.2ms
[2025-04-03T18:57:04.242-0400][94880.474s][info ][gc,phases   ] GC(487)   Evacuate Collection Set: 0.9ms
[2025-04-03T18:57:04.242-0400][94880.474s][info ][gc,phases   ] GC(487)   Post Evacuate Collection Set: 1.3ms
[2025-04-03T18:57:04.242-0400][94880.474s][info ][gc,phases   ] GC(487)   Other: 0.2ms
[2025-04-03T18:57:04.242-0400][94880.474s][info ][gc,heap     ] GC(487) Eden regions: 253->0(253)
[2025-04-03T18:57:04.242-0400][94880.474s][info ][gc,heap     ] GC(487) Survivor regions: 2->2(32)
[2025-04-03T18:57:04.242-0400][94880.474s][info ][gc,heap     ] GC(487) Old regions: 200->200
[2025-04-03T18:57:04.242-0400][94880.474s][info ][gc,heap     ] GC(487) Archive regions: 0->0
[2025-04-03T18:57:04.242-0400][94880.474s][info ][gc,heap     ] GC(487) Humongous regions: 2->2
[2025-04-03T18:57:04.242-0400][94880.474s][info ][gc,metaspace] GC(487) Metaspace: 199260K(201088K)->199260K(201088K) NonClass: 175514K(176448K)->175514K(176448K) Class: 23746K(24640K)->23746K(24640K)
[2025-04-03T18:57:04.242-0400][94880.474s][info ][gc          ] GC(487) Pause Young (Normal) (G1 Evacuation Pause) 455M->202M(512M) 3.011ms
[2025-04-03T18:57:04.242-0400][94880.474s][info ][gc,cpu      ] GC(487) User=0.00s Sys=0.00s Real=0.00s
[2025-04-03T18:57:04.242-0400][94880.474s][info ][safepoint   ] Safepoint "G1CollectForAllocation", Time since last: 213549061200 ns, Reaching safepoint: 80900 ns, Cleanup: 4100 ns, At safepoint: 3117700 ns, Total: 3202700 ns
[2025-04-03T19:00:36.145-0400][95092.377s][debug][safepoint   ] Safepoint synchronization initiated using striped semaphore wait barrier. (245 threads)
[2025-04-03T19:00:36.145-0400][95092.377s][info ][gc,start    ] GC(488) Pause Young (Normal) (G1 Evacuation Pause)
[2025-04-03T19:00:36.145-0400][95092.377s][info ][gc,task     ] GC(488) Using 23 workers of 23 for evacuation
[2025-04-03T19:00:36.149-0400][95092.382s][info ][gc,phases   ] GC(488)   Pre Evacuate Collection Set: 0.2ms
[2025-04-03T19:00:36.150-0400][95092.382s][info ][gc,phases   ] GC(488)   Merge Heap Roots: 0.1ms
[2025-04-03T19:00:36.150-0400][95092.382s][info ][gc,phases   ] GC(488)   Evacuate Collection Set: 2.9ms
[2025-04-03T19:00:36.150-0400][95092.382s][info ][gc,phases   ] GC(488)   Post Evacuate Collection Set: 1.2ms
[2025-04-03T19:00:36.150-0400][95092.382s][info ][gc,phases   ] GC(488)   Other: 0.1ms
[2025-04-03T19:00:36.150-0400][95092.382s][info ][gc,heap     ] GC(488) Eden regions: 253->0(253)
[2025-04-03T19:00:36.150-0400][95092.382s][info ][gc,heap     ] GC(488) Survivor regions: 2->2(32)
[2025-04-03T19:00:36.150-0400][95092.382s][info ][gc,heap     ] GC(488) Old regions: 200->200
[2025-04-03T19:00:36.150-0400][95092.382s][info ][gc,heap     ] GC(488) Archive regions: 0->0
[2025-04-03T19:00:36.150-0400][95092.382s][info ][gc,heap     ] GC(488) Humongous regions: 2->2
[2025-04-03T19:00:36.150-0400][95092.382s][info ][gc,metaspace] GC(488) Metaspace: 199260K(201088K)->199260K(201088K) NonClass: 175514K(176448K)->175514K(176448K) Class: 23746K(24640K)->23746K(24640K)
[2025-04-03T19:00:36.150-0400][95092.382s][info ][gc          ] GC(488) Pause Young (Normal) (G1 Evacuation Pause) 455M->202M(512M) 4.627ms
[2025-04-03T19:00:36.150-0400][95092.382s][info ][gc,cpu      ] GC(488) User=0.00s Sys=0.00s Real=0.01s
[2025-04-03T19:00:36.150-0400][95092.382s][info ][safepoint   ] Safepoint "G1CollectForAllocation", Time since last: 211903173200 ns, Reaching safepoint: 89400 ns, Cleanup: 7500 ns, At safepoint: 4730400 ns, Total: 4827300 ns
[2025-04-03T19:04:09.687-0400][95305.920s][debug][safepoint   ] Safepoint synchronization initiated using striped semaphore wait barrier. (245 threads)
[2025-04-03T19:04:09.687-0400][95305.920s][info ][gc,start    ] GC(489) Pause Young (Normal) (G1 Evacuation Pause)
[2025-04-03T19:04:09.687-0400][95305.920s][info ][gc,task     ] GC(489) Using 23 workers of 23 for evacuation
[2025-04-03T19:04:09.691-0400][95305.923s][info ][gc,phases   ] GC(489)   Pre Evacuate Collection Set: 0.2ms
[2025-04-03T19:04:09.691-0400][95305.923s][info ][gc,phases   ] GC(489)   Merge Heap Roots: 0.1ms
[2025-04-03T19:04:09.691-0400][95305.923s][info ][gc,phases   ] GC(489)   Evacuate Collection Set: 2.3ms
[2025-04-03T19:04:09.691-0400][95305.923s][info ][gc,phases   ] GC(489)   Post Evacuate Collection Set: 1.1ms
[2025-04-03T19:04:09.691-0400][95305.923s][info ][gc,phases   ] GC(489)   Other: 0.1ms
[2025-04-03T19:04:09.691-0400][95305.923s][info ][gc,heap     ] GC(489) Eden regions: 253->0(253)
[2025-04-03T19:04:09.691-0400][95305.923s][info ][gc,heap     ] GC(489) Survivor regions: 2->2(32)
[2025-04-03T19:04:09.691-0400][95305.923s][info ][gc,heap     ] GC(489) Old regions: 200->200
[2025-04-03T19:04:09.691-0400][95305.923s][info ][gc,heap     ] GC(489) Archive regions: 0->0
[2025-04-03T19:04:09.691-0400][95305.923s][info ][gc,heap     ] GC(489) Humongous regions: 2->2
[2025-04-03T19:04:09.691-0400][95305.923s][info ][gc,metaspace] GC(489) Metaspace: 199260K(201088K)->199260K(201088K) NonClass: 175514K(176448K)->175514K(176448K) Class: 23746K(24640K)->23746K(24640K)
[2025-04-03T19:04:09.691-0400][95305.923s][info ][gc          ] GC(489) Pause Young (Normal) (G1 Evacuation Pause) 455M->202M(512M) 3.803ms
[2025-04-03T19:04:09.691-0400][95305.923s][info ][gc,cpu      ] GC(489) User=0.02s Sys=0.00s Real=0.00s
[2025-04-03T19:04:09.691-0400][95305.923s][info ][safepoint   ] Safepoint "G1CollectForAllocation", Time since last: 213537390500 ns, Reaching safepoint: 68100 ns, Cleanup: 2400 ns, At safepoint: 3866500 ns, Total: 3937000 ns
[2025-04-03T19:07:41.287-0400][95517.519s][debug][safepoint   ] Safepoint synchronization initiated using striped semaphore wait barrier. (245 threads)
[2025-04-03T19:07:41.287-0400][95517.519s][info ][gc,start    ] GC(490) Pause Young (Normal) (G1 Evacuation Pause)
[2025-04-03T19:07:41.287-0400][95517.519s][info ][gc,task     ] GC(490) Using 23 workers of 23 for evacuation
[2025-04-03T19:07:41.289-0400][95517.522s][info ][gc,phases   ] GC(490)   Pre Evacuate Collection Set: 0.1ms
[2025-04-03T19:07:41.289-0400][95517.522s][info ][gc,phases   ] GC(490)   Merge Heap Roots: 0.1ms
[2025-04-03T19:07:41.289-0400][95517.522s][info ][gc,phases   ] GC(490)   Evacuate Collection Set: 1.5ms
[2025-04-03T19:07:41.289-0400][95517.522s][info ][gc,phases   ] GC(490)   Post Evacuate Collection Set: 0.9ms
[2025-04-03T19:07:41.289-0400][95517.522s][info ][gc,phases   ] GC(490)   Other: 0.1ms
[2025-04-03T19:07:41.289-0400][95517.522s][info ][gc,heap     ] GC(490) Eden regions: 253->0(254)
[2025-04-03T19:07:41.289-0400][95517.522s][info ][gc,heap     ] GC(490) Survivor regions: 2->2(32)
[2025-04-03T19:07:41.289-0400][95517.522s][info ][gc,heap     ] GC(490) Old regions: 200->200
[2025-04-03T19:07:41.289-0400][95517.522s][info ][gc,heap     ] GC(490) Archive regions: 0->0
[2025-04-03T19:07:41.289-0400][95517.522s][info ][gc,heap     ] GC(490) Humongous regions: 2->2
[2025-04-03T19:07:41.289-0400][95517.522s][info ][gc,metaspace] GC(490) Metaspace: 199260K(201088K)->199260K(201088K) NonClass: 175514K(176448K)->175514K(176448K) Class: 23746K(24640K)->23746K(24640K)
[2025-04-03T19:07:41.289-0400][95517.522s][info ][gc          ] GC(490) Pause Young (Normal) (G1 Evacuation Pause) 455M->202M(512M) 2.825ms
[2025-04-03T19:07:41.289-0400][95517.522s][info ][gc,cpu      ] GC(490) User=0.00s Sys=0.00s Real=0.00s
[2025-04-03T19:07:41.289-0400][95517.522s][info ][safepoint   ] Safepoint "G1CollectForAllocation", Time since last: 211595214200 ns, Reaching safepoint: 83800 ns, Cleanup: 8200 ns, At safepoint: 2895900 ns, Total: 2987900 ns
[2025-04-03T19:11:15.742-0400][95731.974s][debug][safepoint   ] Safepoint synchronization initiated using striped semaphore wait barrier. (245 threads)
[2025-04-03T19:11:15.742-0400][95731.974s][info ][gc,start    ] GC(491) Pause Young (Normal) (G1 Evacuation Pause)
[2025-04-03T19:11:15.742-0400][95731.974s][info ][gc,task     ] GC(491) Using 23 workers of 23 for evacuation
[2025-04-03T19:11:15.746-0400][95731.978s][info ][gc,phases   ] GC(491)   Pre Evacuate Collection Set: 0.1ms
[2025-04-03T19:11:15.746-0400][95731.978s][info ][gc,phases   ] GC(491)   Merge Heap Roots: 0.1ms
[2025-04-03T19:11:15.746-0400][95731.978s][info ][gc,phases   ] GC(491)   Evacuate Collection Set: 3.0ms
[2025-04-03T19:11:15.746-0400][95731.978s][info ][gc,phases   ] GC(491)   Post Evacuate Collection Set: 1.1ms
[2025-04-03T19:11:15.746-0400][95731.978s][info ][gc,phases   ] GC(491)   Other: 0.1ms
[2025-04-03T19:11:15.746-0400][95731.978s][info ][gc,heap     ] GC(491) Eden regions: 254->0(254)
[2025-04-03T19:11:15.746-0400][95731.978s][info ][gc,heap     ] GC(491) Survivor regions: 2->2(32)
[2025-04-03T19:11:15.746-0400][95731.978s][info ][gc,heap     ] GC(491) Old regions: 200->200
[2025-04-03T19:11:15.746-0400][95731.978s][info ][gc,heap     ] GC(491) Archive regions: 0->0
[2025-04-03T19:11:15.746-0400][95731.978s][info ][gc,heap     ] GC(491) Humongous regions: 2->2
[2025-04-03T19:11:15.746-0400][95731.978s][info ][gc,metaspace] GC(491) Metaspace: 199260K(201088K)->199260K(201088K) NonClass: 175514K(176448K)->175514K(176448K) Class: 23746K(24640K)->23746K(24640K)
[2025-04-03T19:11:15.746-0400][95731.978s][info ][gc          ] GC(491) Pause Young (Normal) (G1 Evacuation Pause) 456M->202M(512M) 4.404ms
[2025-04-03T19:11:15.746-0400][95731.978s][info ][gc,cpu      ] GC(491) User=0.00s Sys=0.00s Real=0.00s
[2025-04-03T19:11:15.746-0400][95731.978s][info ][safepoint   ] Safepoint "G1CollectForAllocation", Time since last: 214452129500 ns, Reaching safepoint: 49600 ns, Cleanup: 2500 ns, At safepoint: 4478800 ns, Total: 4530900 ns
[2025-04-03T19:14:46.674-0400][95942.907s][debug][safepoint   ] Safepoint synchronization initiated using striped semaphore wait barrier. (247 threads)
[2025-04-03T19:14:46.675-0400][95942.908s][info ][gc,start    ] GC(492) Pause Young (Normal) (G1 Evacuation Pause)
[2025-04-03T19:14:46.675-0400][95942.908s][info ][gc,task     ] GC(492) Using 23 workers of 23 for evacuation
[2025-04-03T19:14:46.677-0400][95942.910s][info ][gc,phases   ] GC(492)   Pre Evacuate Collection Set: 0.1ms
[2025-04-03T19:14:46.677-0400][95942.910s][info ][gc,phases   ] GC(492)   Merge Heap Roots: 0.1ms
[2025-04-03T19:14:46.677-0400][95942.910s][info ][gc,phases   ] GC(492)   Evacuate Collection Set: 1.1ms
[2025-04-03T19:14:46.677-0400][95942.910s][info ][gc,phases   ] GC(492)   Post Evacuate Collection Set: 0.8ms
[2025-04-03T19:14:46.677-0400][95942.910s][info ][gc,phases   ] GC(492)   Other: 0.1ms
[2025-04-03T19:14:46.677-0400][95942.910s][info ][gc,heap     ] GC(492) Eden regions: 254->0(254)
[2025-04-03T19:14:46.677-0400][95942.910s][info ][gc,heap     ] GC(492) Survivor regions: 2->2(32)
[2025-04-03T19:14:46.677-0400][95942.910s][info ][gc,heap     ] GC(492) Old regions: 200->200
[2025-04-03T19:14:46.677-0400][95942.910s][info ][gc,heap     ] GC(492) Archive regions: 0->0
[2025-04-03T19:14:46.677-0400][95942.910s][info ][gc,heap     ] GC(492) Humongous regions: 2->2
[2025-04-03T19:14:46.677-0400][95942.910s][info ][gc,metaspace] GC(492) Metaspace: 199260K(201088K)->199260K(201088K) NonClass: 175514K(176448K)->175514K(176448K) Class: 23746K(24640K)->23746K(24640K)
[2025-04-03T19:14:46.677-0400][95942.910s][info ][gc          ] GC(492) Pause Young (Normal) (G1 Evacuation Pause) 456M->202M(512M) 2.366ms
[2025-04-03T19:14:46.677-0400][95942.910s][info ][gc,cpu      ] GC(492) User=0.00s Sys=0.00s Real=0.00s
[2025-04-03T19:14:46.677-0400][95942.910s][info ][safepoint   ] Safepoint "G1CollectForAllocation", Time since last: 210929082100 ns, Reaching safepoint: 45400 ns, Cleanup: 2800 ns, At safepoint: 2435900 ns, Total: 2484100 ns
[2025-04-03T19:18:18.587-0400][96154.819s][debug][safepoint   ] Safepoint synchronization initiated using striped semaphore wait barrier. (245 threads)
[2025-04-03T19:18:18.587-0400][96154.819s][info ][gc,start    ] GC(493) Pause Young (Normal) (G1 Evacuation Pause)
[2025-04-03T19:18:18.587-0400][96154.819s][info ][gc,task     ] GC(493) Using 23 workers of 23 for evacuation
[2025-04-03T19:18:18.589-0400][96154.821s][info ][gc,phases   ] GC(493)   Pre Evacuate Collection Set: 0.1ms
[2025-04-03T19:18:18.589-0400][96154.821s][info ][gc,phases   ] GC(493)   Merge Heap Roots: 0.1ms
[2025-04-03T19:18:18.589-0400][96154.822s][info ][gc,phases   ] GC(493)   Evacuate Collection Set: 1.2ms
[2025-04-03T19:18:18.589-0400][96154.822s][info ][gc,phases   ] GC(493)   Post Evacuate Collection Set: 0.9ms
[2025-04-03T19:18:18.589-0400][96154.822s][info ][gc,phases   ] GC(493)   Other: 0.1ms
[2025-04-03T19:18:18.589-0400][96154.822s][info ][gc,heap     ] GC(493) Eden regions: 254->0(253)
[2025-04-03T19:18:18.589-0400][96154.822s][info ][gc,heap     ] GC(493) Survivor regions: 2->2(32)
[2025-04-03T19:18:18.589-0400][96154.822s][info ][gc,heap     ] GC(493) Old regions: 200->200
[2025-04-03T19:18:18.589-0400][96154.822s][info ][gc,heap     ] GC(493) Archive regions: 0->0
[2025-04-03T19:18:18.589-0400][96154.822s][info ][gc,heap     ] GC(493) Humongous regions: 2->2
[2025-04-03T19:18:18.589-0400][96154.822s][info ][gc,metaspace] GC(493) Metaspace: 199260K(201088K)->199260K(201088K) NonClass: 175514K(176448K)->175514K(176448K) Class: 23746K(24640K)->23746K(24640K)
[2025-04-03T19:18:18.589-0400][96154.822s][info ][gc          ] GC(493) Pause Young (Normal) (G1 Evacuation Pause) 456M->202M(512M) 2.400ms
[2025-04-03T19:18:18.589-0400][96154.822s][info ][gc,cpu      ] GC(493) User=0.00s Sys=0.00s Real=0.00s
[2025-04-03T19:18:18.589-0400][96154.822s][info ][safepoint   ] Safepoint "G1CollectForAllocation", Time since last: 211909169800 ns, Reaching safepoint: 43100 ns, Cleanup: 2600 ns, At safepoint: 2470900 ns, Total: 2516600 ns
[2025-04-03T19:21:50.747-0400][96366.980s][debug][safepoint   ] Safepoint synchronization initiated using striped semaphore wait barrier. (245 threads)
[2025-04-03T19:21:50.747-0400][96366.980s][info ][gc,start    ] GC(494) Pause Young (Normal) (G1 Evacuation Pause)
[2025-04-03T19:21:50.747-0400][96366.980s][info ][gc,task     ] GC(494) Using 23 workers of 23 for evacuation
[2025-04-03T19:21:50.751-0400][96366.984s][info ][gc,phases   ] GC(494)   Pre Evacuate Collection Set: 0.1ms
[2025-04-03T19:21:50.751-0400][96366.984s][info ][gc,phases   ] GC(494)   Merge Heap Roots: 0.1ms
[2025-04-03T19:21:50.751-0400][96366.984s][info ][gc,phases   ] GC(494)   Evacuate Collection Set: 2.6ms
[2025-04-03T19:21:50.751-0400][96366.984s][info ][gc,phases   ] GC(494)   Post Evacuate Collection Set: 1.1ms
[2025-04-03T19:21:50.751-0400][96366.984s][info ][gc,phases   ] GC(494)   Other: 0.1ms
[2025-04-03T19:21:50.751-0400][96366.984s][info ][gc,heap     ] GC(494) Eden regions: 253->0(253)
[2025-04-03T19:21:50.751-0400][96366.984s][info ][gc,heap     ] GC(494) Survivor regions: 2->2(32)
[2025-04-03T19:21:50.751-0400][96366.984s][info ][gc,heap     ] GC(494) Old regions: 200->200
[2025-04-03T19:21:50.751-0400][96366.984s][info ][gc,heap     ] GC(494) Archive regions: 0->0
[2025-04-03T19:21:50.751-0400][96366.984s][info ][gc,heap     ] GC(494) Humongous regions: 2->2
[2025-04-03T19:21:50.751-0400][96366.984s][info ][gc,metaspace] GC(494) Metaspace: 199260K(201088K)->199260K(201088K) NonClass: 175514K(176448K)->175514K(176448K) Class: 23746K(24640K)->23746K(24640K)
[2025-04-03T19:21:50.751-0400][96366.984s][info ][gc          ] GC(494) Pause Young (Normal) (G1 Evacuation Pause) 455M->202M(512M) 4.038ms
[2025-04-03T19:21:50.751-0400][96366.984s][info ][gc,cpu      ] GC(494) User=0.03s Sys=0.00s Real=0.00s
[2025-04-03T19:21:50.751-0400][96366.984s][info ][safepoint   ] Safepoint "G1CollectForAllocation", Time since last: 212158421000 ns, Reaching safepoint: 40100 ns, Cleanup: 2500 ns, At safepoint: 4098300 ns, Total: 4140900 ns
[2025-04-03T19:25:24.646-0400][96580.878s][debug][safepoint   ] Safepoint synchronization initiated using striped semaphore wait barrier. (245 threads)
[2025-04-03T19:25:24.646-0400][96580.878s][info ][gc,start    ] GC(495) Pause Young (Normal) (G1 Evacuation Pause)
[2025-04-03T19:25:24.646-0400][96580.878s][info ][gc,task     ] GC(495) Using 23 workers of 23 for evacuation
[2025-04-03T19:25:24.649-0400][96580.882s][info ][gc,phases   ] GC(495)   Pre Evacuate Collection Set: 0.1ms
[2025-04-03T19:25:24.649-0400][96580.882s][info ][gc,phases   ] GC(495)   Merge Heap Roots: 0.1ms
[2025-04-03T19:25:24.649-0400][96580.882s][info ][gc,phases   ] GC(495)   Evacuate Collection Set: 2.2ms
[2025-04-03T19:25:24.649-0400][96580.882s][info ][gc,phases   ] GC(495)   Post Evacuate Collection Set: 1.1ms
[2025-04-03T19:25:24.649-0400][96580.882s][info ][gc,phases   ] GC(495)   Other: 0.1ms
[2025-04-03T19:25:24.649-0400][96580.882s][info ][gc,heap     ] GC(495) Eden regions: 253->0(253)
[2025-04-03T19:25:24.649-0400][96580.882s][info ][gc,heap     ] GC(495) Survivor regions: 2->2(32)
[2025-04-03T19:25:24.649-0400][96580.882s][info ][gc,heap     ] GC(495) Old regions: 200->200
[2025-04-03T19:25:24.649-0400][96580.882s][info ][gc,heap     ] GC(495) Archive regions: 0->0
[2025-04-03T19:25:24.649-0400][96580.882s][info ][gc,heap     ] GC(495) Humongous regions: 2->2
[2025-04-03T19:25:24.649-0400][96580.882s][info ][gc,metaspace] GC(495) Metaspace: 199260K(201088K)->199260K(201088K) NonClass: 175514K(176448K)->175514K(176448K) Class: 23746K(24640K)->23746K(24640K)
[2025-04-03T19:25:24.649-0400][96580.882s][info ][gc          ] GC(495) Pause Young (Normal) (G1 Evacuation Pause) 455M->202M(512M) 3.757ms
[2025-04-03T19:25:24.649-0400][96580.882s][info ][gc,cpu      ] GC(495) User=0.00s Sys=0.00s Real=0.00s
[2025-04-03T19:25:24.649-0400][96580.882s][info ][safepoint   ] Safepoint "G1CollectForAllocation", Time since last: 213893608700 ns, Reaching safepoint: 73300 ns, Cleanup: 4200 ns, At safepoint: 3827800 ns, Total: 3905300 ns
[2025-04-03T19:28:57.478-0400][96793.710s][debug][safepoint   ] Safepoint synchronization initiated using striped semaphore wait barrier. (246 threads)
[2025-04-03T19:28:57.478-0400][96793.710s][info ][gc,start    ] GC(496) Pause Young (Normal) (G1 Evacuation Pause)
[2025-04-03T19:28:57.478-0400][96793.710s][info ][gc,task     ] GC(496) Using 23 workers of 23 for evacuation
[2025-04-03T19:28:57.483-0400][96793.715s][info ][gc,phases   ] GC(496)   Pre Evacuate Collection Set: 0.1ms
[2025-04-03T19:28:57.483-0400][96793.715s][info ][gc,phases   ] GC(496)   Merge Heap Roots: 0.1ms
[2025-04-03T19:28:57.483-0400][96793.715s][info ][gc,phases   ] GC(496)   Evacuate Collection Set: 3.4ms
[2025-04-03T19:28:57.483-0400][96793.715s][info ][gc,phases   ] GC(496)   Post Evacuate Collection Set: 1.2ms
[2025-04-03T19:28:57.483-0400][96793.715s][info ][gc,phases   ] GC(496)   Other: 0.1ms
[2025-04-03T19:28:57.483-0400][96793.715s][info ][gc,heap     ] GC(496) Eden regions: 253->0(253)
[2025-04-03T19:28:57.483-0400][96793.715s][info ][gc,heap     ] GC(496) Survivor regions: 2->2(32)
[2025-04-03T19:28:57.483-0400][96793.715s][info ][gc,heap     ] GC(496) Old regions: 200->200
[2025-04-03T19:28:57.483-0400][96793.715s][info ][gc,heap     ] GC(496) Archive regions: 0->0
[2025-04-03T19:28:57.483-0400][96793.715s][info ][gc,heap     ] GC(496) Humongous regions: 2->2
[2025-04-03T19:28:57.483-0400][96793.715s][info ][gc,metaspace] GC(496) Metaspace: 199260K(201088K)->199260K(201088K) NonClass: 175514K(176448K)->175514K(176448K) Class: 23746K(24640K)->23746K(24640K)
[2025-04-03T19:28:57.483-0400][96793.715s][info ][gc          ] GC(496) Pause Young (Normal) (G1 Evacuation Pause) 455M->202M(512M) 4.957ms
[2025-04-03T19:28:57.483-0400][96793.715s][info ][gc,cpu      ] GC(496) User=0.00s Sys=0.00s Real=0.01s
[2025-04-03T19:28:57.483-0400][96793.715s][info ][safepoint   ] Safepoint "G1CollectForAllocation", Time since last: 212828546700 ns, Reaching safepoint: 73300 ns, Cleanup: 3400 ns, At safepoint: 5031600 ns, Total: 5108300 ns
[2025-04-03T19:32:29.722-0400][97005.954s][debug][safepoint   ] Safepoint synchronization initiated using striped semaphore wait barrier. (246 threads)
[2025-04-03T19:32:29.722-0400][97005.955s][info ][gc,start    ] GC(497) Pause Young (Normal) (G1 Evacuation Pause)
[2025-04-03T19:32:29.722-0400][97005.955s][info ][gc,task     ] GC(497) Using 23 workers of 23 for evacuation
[2025-04-03T19:32:29.725-0400][97005.957s][info ][gc,phases   ] GC(497)   Pre Evacuate Collection Set: 0.2ms
[2025-04-03T19:32:29.725-0400][97005.957s][info ][gc,phases   ] GC(497)   Merge Heap Roots: 0.1ms
[2025-04-03T19:32:29.725-0400][97005.957s][info ][gc,phases   ] GC(497)   Evacuate Collection Set: 1.4ms
[2025-04-03T19:32:29.725-0400][97005.957s][info ][gc,phases   ] GC(497)   Post Evacuate Collection Set: 0.9ms
[2025-04-03T19:32:29.725-0400][97005.957s][info ][gc,phases   ] GC(497)   Other: 0.1ms
[2025-04-03T19:32:29.725-0400][97005.957s][info ][gc,heap     ] GC(497) Eden regions: 253->0(253)
[2025-04-03T19:32:29.725-0400][97005.957s][info ][gc,heap     ] GC(497) Survivor regions: 2->2(32)
[2025-04-03T19:32:29.725-0400][97005.957s][info ][gc,heap     ] GC(497) Old regions: 200->200
[2025-04-03T19:32:29.725-0400][97005.957s][info ][gc,heap     ] GC(497) Archive regions: 0->0
[2025-04-03T19:32:29.725-0400][97005.957s][info ][gc,heap     ] GC(497) Humongous regions: 2->2
[2025-04-03T19:32:29.725-0400][97005.957s][info ][gc,metaspace] GC(497) Metaspace: 199260K(201088K)->199260K(201088K) NonClass: 175514K(176448K)->175514K(176448K) Class: 23746K(24640K)->23746K(24640K)
[2025-04-03T19:32:29.725-0400][97005.957s][info ][gc          ] GC(497) Pause Young (Normal) (G1 Evacuation Pause) 455M->202M(512M) 2.775ms
[2025-04-03T19:32:29.725-0400][97005.957s][info ][gc,cpu      ] GC(497) User=0.00s Sys=0.00s Real=0.00s
[2025-04-03T19:32:29.725-0400][97005.957s][info ][safepoint   ] Safepoint "G1CollectForAllocation", Time since last: 212239034100 ns, Reaching safepoint: 156100 ns, Cleanup: 6600 ns, At safepoint: 2857200 ns, Total: 3019900 ns
[2025-04-03T19:36:03.385-0400][97219.617s][debug][safepoint   ] Safepoint synchronization initiated using striped semaphore wait barrier. (246 threads)
[2025-04-03T19:36:03.385-0400][97219.617s][info ][gc,start    ] GC(498) Pause Young (Normal) (G1 Evacuation Pause)
[2025-04-03T19:36:03.385-0400][97219.617s][info ][gc,task     ] GC(498) Using 23 workers of 23 for evacuation
[2025-04-03T19:36:03.386-0400][97219.618s][info ][gc,phases   ] GC(498)   Pre Evacuate Collection Set: 0.1ms
[2025-04-03T19:36:03.386-0400][97219.619s][info ][gc,phases   ] GC(498)   Merge Heap Roots: 0.1ms
[2025-04-03T19:36:03.386-0400][97219.619s][info ][gc,phases   ] GC(498)   Evacuate Collection Set: 0.8ms
[2025-04-03T19:36:03.386-0400][97219.619s][info ][gc,phases   ] GC(498)   Post Evacuate Collection Set: 0.5ms
[2025-04-03T19:36:03.386-0400][97219.619s][info ][gc,phases   ] GC(498)   Other: 0.1ms
[2025-04-03T19:36:03.386-0400][97219.619s][info ][gc,heap     ] GC(498) Eden regions: 253->0(254)
[2025-04-03T19:36:03.386-0400][97219.619s][info ][gc,heap     ] GC(498) Survivor regions: 2->2(32)
[2025-04-03T19:36:03.386-0400][97219.619s][info ][gc,heap     ] GC(498) Old regions: 200->200
[2025-04-03T19:36:03.386-0400][97219.619s][info ][gc,heap     ] GC(498) Archive regions: 0->0
[2025-04-03T19:36:03.386-0400][97219.619s][info ][gc,heap     ] GC(498) Humongous regions: 2->2
[2025-04-03T19:36:03.386-0400][97219.619s][info ][gc,metaspace] GC(498) Metaspace: 199260K(201088K)->199260K(201088K) NonClass: 175514K(176448K)->175514K(176448K) Class: 23746K(24640K)->23746K(24640K)
[2025-04-03T19:36:03.386-0400][97219.619s][info ][gc          ] GC(498) Pause Young (Normal) (G1 Evacuation Pause) 455M->202M(512M) 1.695ms
[2025-04-03T19:36:03.386-0400][97219.619s][info ][gc,cpu      ] GC(498) User=0.00s Sys=0.00s Real=0.00s
[2025-04-03T19:36:03.386-0400][97219.619s][info ][safepoint   ] Safepoint "G1CollectForAllocation", Time since last: 213659407700 ns, Reaching safepoint: 57400 ns, Cleanup: 3000 ns, At safepoint: 1781500 ns, Total: 1841900 ns
[2025-04-03T19:39:35.267-0400][97431.499s][debug][safepoint   ] Safepoint synchronization initiated using striped semaphore wait barrier. (246 threads)
[2025-04-03T19:39:35.267-0400][97431.500s][info ][gc,start    ] GC(499) Pause Young (Normal) (G1 Evacuation Pause)
[2025-04-03T19:39:35.267-0400][97431.500s][info ][gc,task     ] GC(499) Using 23 workers of 23 for evacuation
[2025-04-03T19:39:35.269-0400][97431.501s][info ][gc,phases   ] GC(499)   Pre Evacuate Collection Set: 0.1ms
[2025-04-03T19:39:35.269-0400][97431.501s][info ][gc,phases   ] GC(499)   Merge Heap Roots: 0.1ms
[2025-04-03T19:39:35.269-0400][97431.501s][info ][gc,phases   ] GC(499)   Evacuate Collection Set: 0.9ms
[2025-04-03T19:39:35.269-0400][97431.501s][info ][gc,phases   ] GC(499)   Post Evacuate Collection Set: 0.6ms
[2025-04-03T19:39:35.269-0400][97431.501s][info ][gc,phases   ] GC(499)   Other: 0.1ms
[2025-04-03T19:39:35.269-0400][97431.501s][info ][gc,heap     ] GC(499) Eden regions: 254->0(253)
[2025-04-03T19:39:35.269-0400][97431.502s][info ][gc,heap     ] GC(499) Survivor regions: 2->2(32)
[2025-04-03T19:39:35.269-0400][97431.502s][info ][gc,heap     ] GC(499) Old regions: 200->200
[2025-04-03T19:39:35.269-0400][97431.502s][info ][gc,heap     ] GC(499) Archive regions: 0->0
[2025-04-03T19:39:35.269-0400][97431.502s][info ][gc,heap     ] GC(499) Humongous regions: 2->2
[2025-04-03T19:39:35.269-0400][97431.502s][info ][gc,metaspace] GC(499) Metaspace: 199264K(201088K)->199264K(201088K) NonClass: 175517K(176448K)->175517K(176448K) Class: 23746K(24640K)->23746K(24640K)
[2025-04-03T19:39:35.269-0400][97431.502s][info ][gc          ] GC(499) Pause Young (Normal) (G1 Evacuation Pause) 456M->202M(512M) 2.042ms
[2025-04-03T19:39:35.269-0400][97431.502s][info ][gc,cpu      ] GC(499) User=0.00s Sys=0.02s Real=0.00s
[2025-04-03T19:39:35.269-0400][97431.502s][info ][safepoint   ] Safepoint "G1CollectForAllocation", Time since last: 211880772000 ns, Reaching safepoint: 92300 ns, Cleanup: 4400 ns, At safepoint: 2185100 ns, Total: 2281800 ns
[2025-04-03T19:43:08.863-0400][97645.095s][debug][safepoint   ] Safepoint synchronization initiated using striped semaphore wait barrier. (246 threads)
[2025-04-03T19:43:08.863-0400][97645.095s][info ][gc,start    ] GC(500) Pause Young (Normal) (G1 Evacuation Pause)
[2025-04-03T19:43:08.863-0400][97645.095s][info ][gc,task     ] GC(500) Using 23 workers of 23 for evacuation
[2025-04-03T19:43:08.864-0400][97645.097s][info ][gc,phases   ] GC(500)   Pre Evacuate Collection Set: 0.2ms
[2025-04-03T19:43:08.864-0400][97645.097s][info ][gc,phases   ] GC(500)   Merge Heap Roots: 0.2ms
[2025-04-03T19:43:08.864-0400][97645.097s][info ][gc,phases   ] GC(500)   Evacuate Collection Set: 0.9ms
[2025-04-03T19:43:08.864-0400][97645.097s][info ][gc,phases   ] GC(500)   Post Evacuate Collection Set: 0.7ms
[2025-04-03T19:43:08.864-0400][97645.097s][info ][gc,phases   ] GC(500)   Other: 0.1ms
[2025-04-03T19:43:08.864-0400][97645.097s][info ][gc,heap     ] GC(500) Eden regions: 253->0(254)
[2025-04-03T19:43:08.864-0400][97645.097s][info ][gc,heap     ] GC(500) Survivor regions: 2->2(32)
[2025-04-03T19:43:08.864-0400][97645.097s][info ][gc,heap     ] GC(500) Old regions: 200->200
[2025-04-03T19:43:08.864-0400][97645.097s][info ][gc,heap     ] GC(500) Archive regions: 0->0
[2025-04-03T19:43:08.864-0400][97645.097s][info ][gc,heap     ] GC(500) Humongous regions: 2->2
[2025-04-03T19:43:08.864-0400][97645.097s][info ][gc,metaspace] GC(500) Metaspace: 199264K(201088K)->199264K(201088K) NonClass: 175517K(176448K)->175517K(176448K) Class: 23746K(24640K)->23746K(24640K)
[2025-04-03T19:43:08.864-0400][97645.097s][info ][gc          ] GC(500) Pause Young (Normal) (G1 Evacuation Pause) 455M->202M(512M) 2.270ms
[2025-04-03T19:43:08.864-0400][97645.097s][info ][gc,cpu      ] GC(500) User=0.00s Sys=0.00s Real=0.00s
[2025-04-03T19:43:08.865-0400][97645.097s][info ][safepoint   ] Safepoint "G1CollectForAllocation", Time since last: 213592899400 ns, Reaching safepoint: 87500 ns, Cleanup: 11000 ns, At safepoint: 2378100 ns, Total: 2476600 ns
[2025-04-03T19:46:38.190-0400][97854.422s][debug][safepoint   ] Safepoint synchronization initiated using striped semaphore wait barrier. (245 threads)
[2025-04-03T19:46:38.190-0400][97854.422s][info ][gc,start    ] GC(501) Pause Young (Normal) (G1 Evacuation Pause)
[2025-04-03T19:46:38.190-0400][97854.422s][info ][gc,task     ] GC(501) Using 23 workers of 23 for evacuation
[2025-04-03T19:46:38.193-0400][97854.426s][info ][gc,phases   ] GC(501)   Pre Evacuate Collection Set: 0.1ms
[2025-04-03T19:46:38.193-0400][97854.426s][info ][gc,phases   ] GC(501)   Merge Heap Roots: 0.1ms
[2025-04-03T19:46:38.193-0400][97854.426s][info ][gc,phases   ] GC(501)   Evacuate Collection Set: 2.4ms
[2025-04-03T19:46:38.193-0400][97854.426s][info ][gc,phases   ] GC(501)   Post Evacuate Collection Set: 1.0ms
[2025-04-03T19:46:38.193-0400][97854.426s][info ][gc,phases   ] GC(501)   Other: 0.1ms
[2025-04-03T19:46:38.193-0400][97854.426s][info ][gc,heap     ] GC(501) Eden regions: 254->0(253)
[2025-04-03T19:46:38.193-0400][97854.426s][info ][gc,heap     ] GC(501) Survivor regions: 2->2(32)
[2025-04-03T19:46:38.193-0400][97854.426s][info ][gc,heap     ] GC(501) Old regions: 200->200
[2025-04-03T19:46:38.193-0400][97854.426s][info ][gc,heap     ] GC(501) Archive regions: 0->0
[2025-04-03T19:46:38.193-0400][97854.426s][info ][gc,heap     ] GC(501) Humongous regions: 2->2
[2025-04-03T19:46:38.193-0400][97854.426s][info ][gc,metaspace] GC(501) Metaspace: 199264K(201088K)->199264K(201088K) NonClass: 175517K(176448K)->175517K(176448K) Class: 23746K(24640K)->23746K(24640K)
[2025-04-03T19:46:38.193-0400][97854.426s][info ][gc          ] GC(501) Pause Young (Normal) (G1 Evacuation Pause) 456M->202M(512M) 3.816ms
[2025-04-03T19:46:38.193-0400][97854.426s][info ][gc,cpu      ] GC(501) User=0.00s Sys=0.00s Real=0.00s
[2025-04-03T19:46:38.193-0400][97854.426s][info ][safepoint   ] Safepoint "G1CollectForAllocation", Time since last: 209325002900 ns, Reaching safepoint: 52700 ns, Cleanup: 2300 ns, At safepoint: 3887300 ns, Total: 3942300 ns
[2025-04-03T19:47:11.212-0400][97887.444s][debug][safepoint   ] Safepoint synchronization initiated using striped semaphore wait barrier. (247 threads)
[2025-04-03T19:47:11.212-0400][97887.444s][info ][safepoint   ] Safepoint "Cleanup", Time since last: 33017716500 ns, Reaching safepoint: 105700 ns, Cleanup: 7400 ns, At safepoint: 1600 ns, Total: 114700 ns
[2025-04-03T19:50:10.730-0400][98066.962s][debug][safepoint   ] Safepoint synchronization initiated using striped semaphore wait barrier. (245 threads)
[2025-04-03T19:50:10.730-0400][98066.962s][info ][gc,start    ] GC(502) Pause Young (Normal) (G1 Evacuation Pause)
[2025-04-03T19:50:10.730-0400][98066.962s][info ][gc,task     ] GC(502) Using 23 workers of 23 for evacuation
[2025-04-03T19:50:10.733-0400][98066.965s][info ][gc,phases   ] GC(502)   Pre Evacuate Collection Set: 0.2ms
[2025-04-03T19:50:10.733-0400][98066.965s][info ][gc,phases   ] GC(502)   Merge Heap Roots: 0.1ms
[2025-04-03T19:50:10.733-0400][98066.965s][info ][gc,phases   ] GC(502)   Evacuate Collection Set: 1.9ms
[2025-04-03T19:50:10.733-0400][98066.965s][info ][gc,phases   ] GC(502)   Post Evacuate Collection Set: 1.0ms
[2025-04-03T19:50:10.733-0400][98066.965s][info ][gc,phases   ] GC(502)   Other: 0.1ms
[2025-04-03T19:50:10.733-0400][98066.965s][info ][gc,heap     ] GC(502) Eden regions: 253->0(253)
[2025-04-03T19:50:10.733-0400][98066.965s][info ][gc,heap     ] GC(502) Survivor regions: 2->2(32)
[2025-04-03T19:50:10.733-0400][98066.965s][info ][gc,heap     ] GC(502) Old regions: 200->200
[2025-04-03T19:50:10.733-0400][98066.965s][info ][gc,heap     ] GC(502) Archive regions: 0->0
[2025-04-03T19:50:10.733-0400][98066.965s][info ][gc,heap     ] GC(502) Humongous regions: 2->2
[2025-04-03T19:50:10.733-0400][98066.965s][info ][gc,metaspace] GC(502) Metaspace: 199264K(201088K)->199264K(201088K) NonClass: 175517K(176448K)->175517K(176448K) Class: 23746K(24640K)->23746K(24640K)
[2025-04-03T19:50:10.733-0400][98066.965s][info ][gc          ] GC(502) Pause Young (Normal) (G1 Evacuation Pause) 455M->202M(512M) 3.364ms
[2025-04-03T19:50:10.733-0400][98066.965s][info ][gc,cpu      ] GC(502) User=0.00s Sys=0.00s Real=0.00s
[2025-04-03T19:50:10.733-0400][98066.965s][info ][safepoint   ] Safepoint "G1CollectForAllocation", Time since last: 179517946600 ns, Reaching safepoint: 66100 ns, Cleanup: 3500 ns, At safepoint: 3441000 ns, Total: 3510600 ns
[2025-04-03T19:53:42.249-0400][98278.481s][debug][safepoint   ] Safepoint synchronization initiated using striped semaphore wait barrier. (245 threads)
[2025-04-03T19:53:42.249-0400][98278.481s][info ][gc,start    ] GC(503) Pause Young (Normal) (G1 Evacuation Pause)
[2025-04-03T19:53:42.249-0400][98278.481s][info ][gc,task     ] GC(503) Using 23 workers of 23 for evacuation
[2025-04-03T19:53:42.250-0400][98278.483s][info ][gc,phases   ] GC(503)   Pre Evacuate Collection Set: 0.2ms
[2025-04-03T19:53:42.250-0400][98278.483s][info ][gc,phases   ] GC(503)   Merge Heap Roots: 0.1ms
[2025-04-03T19:53:42.250-0400][98278.483s][info ][gc,phases   ] GC(503)   Evacuate Collection Set: 0.7ms
[2025-04-03T19:53:42.250-0400][98278.483s][info ][gc,phases   ] GC(503)   Post Evacuate Collection Set: 0.9ms
[2025-04-03T19:53:42.250-0400][98278.483s][info ][gc,phases   ] GC(503)   Other: 0.1ms
[2025-04-03T19:53:42.250-0400][98278.483s][info ][gc,heap     ] GC(503) Eden regions: 253->0(253)
[2025-04-03T19:53:42.250-0400][98278.483s][info ][gc,heap     ] GC(503) Survivor regions: 2->2(32)
[2025-04-03T19:53:42.250-0400][98278.483s][info ][gc,heap     ] GC(503) Old regions: 200->200
[2025-04-03T19:53:42.250-0400][98278.483s][info ][gc,heap     ] GC(503) Archive regions: 0->0
[2025-04-03T19:53:42.250-0400][98278.483s][info ][gc,heap     ] GC(503) Humongous regions: 2->2
[2025-04-03T19:53:42.250-0400][98278.483s][info ][gc,metaspace] GC(503) Metaspace: 199264K(201088K)->199264K(201088K) NonClass: 175517K(176448K)->175517K(176448K) Class: 23746K(24640K)->23746K(24640K)
[2025-04-03T19:53:42.250-0400][98278.483s][info ][gc          ] GC(503) Pause Young (Normal) (G1 Evacuation Pause) 455M->202M(512M) 2.176ms
[2025-04-03T19:53:42.250-0400][98278.483s][info ][gc,cpu      ] GC(503) User=0.00s Sys=0.00s Real=0.00s
[2025-04-03T19:53:42.250-0400][98278.483s][info ][safepoint   ] Safepoint "G1CollectForAllocation", Time since last: 211515747800 ns, Reaching safepoint: 74200 ns, Cleanup: 3600 ns, At safepoint: 2272900 ns, Total: 2350700 ns
[2025-04-03T19:57:15.575-0400][98491.807s][debug][safepoint   ] Safepoint synchronization initiated using striped semaphore wait barrier. (245 threads)
[2025-04-03T19:57:15.575-0400][98491.807s][info ][gc,start    ] GC(504) Pause Young (Normal) (G1 Evacuation Pause)
[2025-04-03T19:57:15.575-0400][98491.807s][info ][gc,task     ] GC(504) Using 23 workers of 23 for evacuation
[2025-04-03T19:57:15.577-0400][98491.810s][info ][gc,phases   ] GC(504)   Pre Evacuate Collection Set: 0.1ms
[2025-04-03T19:57:15.577-0400][98491.810s][info ][gc,phases   ] GC(504)   Merge Heap Roots: 0.1ms
[2025-04-03T19:57:15.577-0400][98491.810s][info ][gc,phases   ] GC(504)   Evacuate Collection Set: 1.4ms
[2025-04-03T19:57:15.577-0400][98491.810s][info ][gc,phases   ] GC(504)   Post Evacuate Collection Set: 1.0ms
[2025-04-03T19:57:15.577-0400][98491.810s][info ][gc,phases   ] GC(504)   Other: 0.1ms
[2025-04-03T19:57:15.577-0400][98491.810s][info ][gc,heap     ] GC(504) Eden regions: 253->0(253)
[2025-04-03T19:57:15.578-0400][98491.810s][info ][gc,heap     ] GC(504) Survivor regions: 2->2(32)
[2025-04-03T19:57:15.578-0400][98491.810s][info ][gc,heap     ] GC(504) Old regions: 200->200
[2025-04-03T19:57:15.578-0400][98491.810s][info ][gc,heap     ] GC(504) Archive regions: 0->0
[2025-04-03T19:57:15.578-0400][98491.810s][info ][gc,heap     ] GC(504) Humongous regions: 2->2
[2025-04-03T19:57:15.578-0400][98491.810s][info ][gc,metaspace] GC(504) Metaspace: 199264K(201088K)->199264K(201088K) NonClass: 175517K(176448K)->175517K(176448K) Class: 23746K(24640K)->23746K(24640K)
[2025-04-03T19:57:15.578-0400][98491.810s][info ][gc          ] GC(504) Pause Young (Normal) (G1 Evacuation Pause) 455M->202M(512M) 2.667ms
[2025-04-03T19:57:15.578-0400][98491.810s][info ][gc,cpu      ] GC(504) User=0.00s Sys=0.00s Real=0.00s
[2025-04-03T19:57:15.578-0400][98491.810s][info ][safepoint   ] Safepoint "G1CollectForAllocation", Time since last: 213323630100 ns, Reaching safepoint: 74200 ns, Cleanup: 4400 ns, At safepoint: 2748800 ns, Total: 2827400 ns
[2025-04-03T20:00:47.117-0400][98703.350s][debug][safepoint   ] Safepoint synchronization initiated using striped semaphore wait barrier. (245 threads)
[2025-04-03T20:00:47.117-0400][98703.350s][info ][gc,start    ] GC(505) Pause Young (Normal) (G1 Evacuation Pause)
[2025-04-03T20:00:47.117-0400][98703.350s][info ][gc,task     ] GC(505) Using 23 workers of 23 for evacuation
[2025-04-03T20:00:47.121-0400][98703.354s][info ][gc,phases   ] GC(505)   Pre Evacuate Collection Set: 0.2ms
[2025-04-03T20:00:47.121-0400][98703.354s][info ][gc,phases   ] GC(505)   Merge Heap Roots: 0.1ms
[2025-04-03T20:00:47.121-0400][98703.354s][info ][gc,phases   ] GC(505)   Evacuate Collection Set: 2.4ms
[2025-04-03T20:00:47.121-0400][98703.354s][info ][gc,phases   ] GC(505)   Post Evacuate Collection Set: 1.2ms
[2025-04-03T20:00:47.121-0400][98703.354s][info ][gc,phases   ] GC(505)   Other: 0.1ms
[2025-04-03T20:00:47.121-0400][98703.354s][info ][gc,heap     ] GC(505) Eden regions: 253->0(253)
[2025-04-03T20:00:47.121-0400][98703.354s][info ][gc,heap     ] GC(505) Survivor regions: 2->2(32)
[2025-04-03T20:00:47.121-0400][98703.354s][info ][gc,heap     ] GC(505) Old regions: 200->200
[2025-04-03T20:00:47.121-0400][98703.354s][info ][gc,heap     ] GC(505) Archive regions: 0->0
[2025-04-03T20:00:47.121-0400][98703.354s][info ][gc,heap     ] GC(505) Humongous regions: 2->2
[2025-04-03T20:00:47.121-0400][98703.354s][info ][gc,metaspace] GC(505) Metaspace: 199264K(201088K)->199264K(201088K) NonClass: 175517K(176448K)->175517K(176448K) Class: 23746K(24640K)->23746K(24640K)
[2025-04-03T20:00:47.121-0400][98703.354s][info ][gc          ] GC(505) Pause Young (Normal) (G1 Evacuation Pause) 455M->202M(512M) 3.974ms
[2025-04-03T20:00:47.121-0400][98703.354s][info ][gc,cpu      ] GC(505) User=0.00s Sys=0.00s Real=0.00s
[2025-04-03T20:00:47.121-0400][98703.354s][info ][safepoint   ] Safepoint "G1CollectForAllocation", Time since last: 211539702600 ns, Reaching safepoint: 75500 ns, Cleanup: 5100 ns, At safepoint: 4041700 ns, Total: 4122300 ns
[2025-04-03T20:04:20.430-0400][98916.663s][debug][safepoint   ] Safepoint synchronization initiated using striped semaphore wait barrier. (245 threads)
[2025-04-03T20:04:20.430-0400][98916.663s][info ][gc,start    ] GC(506) Pause Young (Normal) (G1 Evacuation Pause)
[2025-04-03T20:04:20.430-0400][98916.663s][info ][gc,task     ] GC(506) Using 23 workers of 23 for evacuation
[2025-04-03T20:04:20.433-0400][98916.666s][info ][gc,phases   ] GC(506)   Pre Evacuate Collection Set: 0.2ms
[2025-04-03T20:04:20.433-0400][98916.666s][info ][gc,phases   ] GC(506)   Merge Heap Roots: 0.1ms
[2025-04-03T20:04:20.433-0400][98916.666s][info ][gc,phases   ] GC(506)   Evacuate Collection Set: 1.0ms
[2025-04-03T20:04:20.433-0400][98916.666s][info ][gc,phases   ] GC(506)   Post Evacuate Collection Set: 1.3ms
[2025-04-03T20:04:20.433-0400][98916.666s][info ][gc,phases   ] GC(506)   Other: 0.1ms
[2025-04-03T20:04:20.433-0400][98916.666s][info ][gc,heap     ] GC(506) Eden regions: 253->0(253)
[2025-04-03T20:04:20.433-0400][98916.666s][info ][gc,heap     ] GC(506) Survivor regions: 2->2(32)
[2025-04-03T20:04:20.433-0400][98916.666s][info ][gc,heap     ] GC(506) Old regions: 200->200
[2025-04-03T20:04:20.433-0400][98916.666s][info ][gc,heap     ] GC(506) Archive regions: 0->0
[2025-04-03T20:04:20.433-0400][98916.666s][info ][gc,heap     ] GC(506) Humongous regions: 2->2
[2025-04-03T20:04:20.433-0400][98916.666s][info ][gc,metaspace] GC(506) Metaspace: 199264K(201088K)->199264K(201088K) NonClass: 175517K(176448K)->175517K(176448K) Class: 23746K(24640K)->23746K(24640K)
[2025-04-03T20:04:20.433-0400][98916.666s][info ][gc          ] GC(506) Pause Young (Normal) (G1 Evacuation Pause) 455M->202M(512M) 2.880ms
[2025-04-03T20:04:20.433-0400][98916.666s][info ][gc,cpu      ] GC(506) User=0.00s Sys=0.00s Real=0.00s
[2025-04-03T20:04:20.433-0400][98916.666s][info ][safepoint   ] Safepoint "G1CollectForAllocation", Time since last: 213309019000 ns, Reaching safepoint: 82700 ns, Cleanup: 2800 ns, At safepoint: 3084000 ns, Total: 3169500 ns
[2025-04-03T20:07:51.759-0400][99127.991s][debug][safepoint   ] Safepoint synchronization initiated using striped semaphore wait barrier. (245 threads)
[2025-04-03T20:07:51.759-0400][99127.992s][info ][gc,start    ] GC(507) Pause Young (Normal) (G1 Evacuation Pause)
[2025-04-03T20:07:51.759-0400][99127.992s][info ][gc,task     ] GC(507) Using 23 workers of 23 for evacuation
[2025-04-03T20:07:51.763-0400][99127.995s][info ][gc,phases   ] GC(507)   Pre Evacuate Collection Set: 0.2ms
[2025-04-03T20:07:51.763-0400][99127.995s][info ][gc,phases   ] GC(507)   Merge Heap Roots: 0.1ms
[2025-04-03T20:07:51.763-0400][99127.995s][info ][gc,phases   ] GC(507)   Evacuate Collection Set: 2.6ms
[2025-04-03T20:07:51.763-0400][99127.995s][info ][gc,phases   ] GC(507)   Post Evacuate Collection Set: 0.9ms
[2025-04-03T20:07:51.763-0400][99127.995s][info ][gc,phases   ] GC(507)   Other: 0.1ms
[2025-04-03T20:07:51.763-0400][99127.995s][info ][gc,heap     ] GC(507) Eden regions: 253->0(253)
[2025-04-03T20:07:51.763-0400][99127.996s][info ][gc,heap     ] GC(507) Survivor regions: 2->2(32)
[2025-04-03T20:07:51.763-0400][99127.996s][info ][gc,heap     ] GC(507) Old regions: 200->200
[2025-04-03T20:07:51.763-0400][99127.996s][info ][gc,heap     ] GC(507) Archive regions: 0->0
[2025-04-03T20:07:51.763-0400][99127.996s][info ][gc,heap     ] GC(507) Humongous regions: 2->2
[2025-04-03T20:07:51.763-0400][99127.996s][info ][gc,metaspace] GC(507) Metaspace: 199264K(201088K)->199264K(201088K) NonClass: 175517K(176448K)->175517K(176448K) Class: 23746K(24640K)->23746K(24640K)
[2025-04-03T20:07:51.763-0400][99127.996s][info ][gc          ] GC(507) Pause Young (Normal) (G1 Evacuation Pause) 455M->202M(512M) 4.060ms
[2025-04-03T20:07:51.763-0400][99127.996s][info ][gc,cpu      ] GC(507) User=0.00s Sys=0.00s Real=0.00s
[2025-04-03T20:07:51.763-0400][99127.996s][info ][safepoint   ] Safepoint "G1CollectForAllocation", Time since last: 211325532700 ns, Reaching safepoint: 67400 ns, Cleanup: 5100 ns, At safepoint: 4183300 ns, Total: 4255800 ns
[2025-04-03T20:11:24.813-0400][99341.045s][debug][safepoint   ] Safepoint synchronization initiated using striped semaphore wait barrier. (245 threads)
[2025-04-03T20:11:24.813-0400][99341.046s][info ][gc,start    ] GC(508) Pause Young (Normal) (G1 Evacuation Pause)
[2025-04-03T20:11:24.813-0400][99341.046s][info ][gc,task     ] GC(508) Using 23 workers of 23 for evacuation
[2025-04-03T20:11:24.816-0400][99341.048s][info ][gc,phases   ] GC(508)   Pre Evacuate Collection Set: 0.1ms
[2025-04-03T20:11:24.816-0400][99341.048s][info ][gc,phases   ] GC(508)   Merge Heap Roots: 0.1ms
[2025-04-03T20:11:24.816-0400][99341.048s][info ][gc,phases   ] GC(508)   Evacuate Collection Set: 1.3ms
[2025-04-03T20:11:24.816-0400][99341.048s][info ][gc,phases   ] GC(508)   Post Evacuate Collection Set: 1.0ms
[2025-04-03T20:11:24.816-0400][99341.048s][info ][gc,phases   ] GC(508)   Other: 0.1ms
[2025-04-03T20:11:24.816-0400][99341.048s][info ][gc,heap     ] GC(508) Eden regions: 253->0(254)
[2025-04-03T20:11:24.816-0400][99341.048s][info ][gc,heap     ] GC(508) Survivor regions: 2->2(32)
[2025-04-03T20:11:24.816-0400][99341.048s][info ][gc,heap     ] GC(508) Old regions: 200->200
[2025-04-03T20:11:24.816-0400][99341.048s][info ][gc,heap     ] GC(508) Archive regions: 0->0
[2025-04-03T20:11:24.816-0400][99341.048s][info ][gc,heap     ] GC(508) Humongous regions: 2->2
[2025-04-03T20:11:24.816-0400][99341.048s][info ][gc,metaspace] GC(508) Metaspace: 199264K(201088K)->199264K(201088K) NonClass: 175517K(176448K)->175517K(176448K) Class: 23746K(24640K)->23746K(24640K)
[2025-04-03T20:11:24.816-0400][99341.048s][info ][gc          ] GC(508) Pause Young (Normal) (G1 Evacuation Pause) 455M->202M(512M) 2.701ms
[2025-04-03T20:11:24.816-0400][99341.048s][info ][gc,cpu      ] GC(508) User=0.03s Sys=0.00s Real=0.00s
[2025-04-03T20:11:24.816-0400][99341.048s][info ][safepoint   ] Safepoint "G1CollectForAllocation", Time since last: 213049790800 ns, Reaching safepoint: 53700 ns, Cleanup: 3000 ns, At safepoint: 2768400 ns, Total: 2825100 ns
[2025-04-03T20:14:55.009-0400][99551.241s][debug][safepoint   ] Safepoint synchronization initiated using striped semaphore wait barrier. (245 threads)
[2025-04-03T20:14:55.009-0400][99551.242s][info ][gc,start    ] GC(509) Pause Young (Normal) (G1 Evacuation Pause)
[2025-04-03T20:14:55.009-0400][99551.242s][info ][gc,task     ] GC(509) Using 23 workers of 23 for evacuation
[2025-04-03T20:14:55.013-0400][99551.245s][info ][gc,phases   ] GC(509)   Pre Evacuate Collection Set: 0.1ms
[2025-04-03T20:14:55.013-0400][99551.245s][info ][gc,phases   ] GC(509)   Merge Heap Roots: 0.1ms
[2025-04-03T20:14:55.013-0400][99551.245s][info ][gc,phases   ] GC(509)   Evacuate Collection Set: 2.5ms
[2025-04-03T20:14:55.013-0400][99551.245s][info ][gc,phases   ] GC(509)   Post Evacuate Collection Set: 1.1ms
[2025-04-03T20:14:55.013-0400][99551.245s][info ][gc,phases   ] GC(509)   Other: 0.1ms
[2025-04-03T20:14:55.013-0400][99551.245s][info ][gc,heap     ] GC(509) Eden regions: 254->0(253)
[2025-04-03T20:14:55.013-0400][99551.245s][info ][gc,heap     ] GC(509) Survivor regions: 2->2(32)
[2025-04-03T20:14:55.013-0400][99551.245s][info ][gc,heap     ] GC(509) Old regions: 200->200
[2025-04-03T20:14:55.013-0400][99551.245s][info ][gc,heap     ] GC(509) Archive regions: 0->0
[2025-04-03T20:14:55.013-0400][99551.245s][info ][gc,heap     ] GC(509) Humongous regions: 2->2
[2025-04-03T20:14:55.013-0400][99551.245s][info ][gc,metaspace] GC(509) Metaspace: 199264K(201088K)->199264K(201088K) NonClass: 175517K(176448K)->175517K(176448K) Class: 23746K(24640K)->23746K(24640K)
[2025-04-03T20:14:55.013-0400][99551.246s][info ][gc          ] GC(509) Pause Young (Normal) (G1 Evacuation Pause) 456M->202M(512M) 3.989ms
[2025-04-03T20:14:55.013-0400][99551.246s][info ][gc,cpu      ] GC(509) User=0.00s Sys=0.00s Real=0.00s
[2025-04-03T20:14:55.013-0400][99551.246s][info ][safepoint   ] Safepoint "G1CollectForAllocation", Time since last: 210193146500 ns, Reaching safepoint: 65300 ns, Cleanup: 2300 ns, At safepoint: 4054900 ns, Total: 4122500 ns
[2025-04-03T20:18:26.919-0400][99763.151s][debug][safepoint   ] Safepoint synchronization initiated using striped semaphore wait barrier. (245 threads)
[2025-04-03T20:18:26.919-0400][99763.151s][info ][gc,start    ] GC(510) Pause Young (Normal) (G1 Evacuation Pause)
[2025-04-03T20:18:26.919-0400][99763.151s][info ][gc,task     ] GC(510) Using 23 workers of 23 for evacuation
[2025-04-03T20:18:26.921-0400][99763.153s][info ][gc,phases   ] GC(510)   Pre Evacuate Collection Set: 0.2ms
[2025-04-03T20:18:26.921-0400][99763.153s][info ][gc,phases   ] GC(510)   Merge Heap Roots: 0.1ms
[2025-04-03T20:18:26.921-0400][99763.153s][info ][gc,phases   ] GC(510)   Evacuate Collection Set: 1.2ms
[2025-04-03T20:18:26.921-0400][99763.153s][info ][gc,phases   ] GC(510)   Post Evacuate Collection Set: 0.9ms
[2025-04-03T20:18:26.921-0400][99763.153s][info ][gc,phases   ] GC(510)   Other: 0.1ms
[2025-04-03T20:18:26.921-0400][99763.153s][info ][gc,heap     ] GC(510) Eden regions: 253->0(253)
[2025-04-03T20:18:26.921-0400][99763.153s][info ][gc,heap     ] GC(510) Survivor regions: 2->2(32)
[2025-04-03T20:18:26.921-0400][99763.153s][info ][gc,heap     ] GC(510) Old regions: 200->200
[2025-04-03T20:18:26.921-0400][99763.153s][info ][gc,heap     ] GC(510) Archive regions: 0->0
[2025-04-03T20:18:26.921-0400][99763.153s][info ][gc,heap     ] GC(510) Humongous regions: 2->2
[2025-04-03T20:18:26.921-0400][99763.153s][info ][gc,metaspace] GC(510) Metaspace: 199264K(201088K)->199264K(201088K) NonClass: 175517K(176448K)->175517K(176448K) Class: 23746K(24640K)->23746K(24640K)
[2025-04-03T20:18:26.921-0400][99763.154s][info ][gc          ] GC(510) Pause Young (Normal) (G1 Evacuation Pause) 455M->202M(512M) 2.564ms
[2025-04-03T20:18:26.921-0400][99763.154s][info ][gc,cpu      ] GC(510) User=0.00s Sys=0.00s Real=0.00s
[2025-04-03T20:18:26.921-0400][99763.154s][info ][safepoint   ] Safepoint "G1CollectForAllocation", Time since last: 211905305700 ns, Reaching safepoint: 59100 ns, Cleanup: 2600 ns, At safepoint: 2657400 ns, Total: 2719100 ns
[2025-04-03T20:21:57.604-0400][99973.836s][debug][safepoint   ] Safepoint synchronization initiated using striped semaphore wait barrier. (246 threads)
[2025-04-03T20:21:57.604-0400][99973.836s][info ][gc,start    ] GC(511) Pause Young (Normal) (G1 Evacuation Pause)
[2025-04-03T20:21:57.604-0400][99973.836s][info ][gc,task     ] GC(511) Using 23 workers of 23 for evacuation
[2025-04-03T20:21:57.608-0400][99973.840s][info ][gc,phases   ] GC(511)   Pre Evacuate Collection Set: 0.1ms
[2025-04-03T20:21:57.608-0400][99973.840s][info ][gc,phases   ] GC(511)   Merge Heap Roots: 0.1ms
[2025-04-03T20:21:57.608-0400][99973.840s][info ][gc,phases   ] GC(511)   Evacuate Collection Set: 2.5ms
[2025-04-03T20:21:57.608-0400][99973.840s][info ][gc,phases   ] GC(511)   Post Evacuate Collection Set: 1.1ms
[2025-04-03T20:21:57.608-0400][99973.840s][info ][gc,phases   ] GC(511)   Other: 0.1ms
[2025-04-03T20:21:57.608-0400][99973.840s][info ][gc,heap     ] GC(511) Eden regions: 253->0(253)
[2025-04-03T20:21:57.608-0400][99973.840s][info ][gc,heap     ] GC(511) Survivor regions: 2->2(32)
[2025-04-03T20:21:57.608-0400][99973.840s][info ][gc,heap     ] GC(511) Old regions: 200->200
[2025-04-03T20:21:57.608-0400][99973.840s][info ][gc,heap     ] GC(511) Archive regions: 0->0
[2025-04-03T20:21:57.608-0400][99973.840s][info ][gc,heap     ] GC(511) Humongous regions: 2->2
[2025-04-03T20:21:57.608-0400][99973.840s][info ][gc,metaspace] GC(511) Metaspace: 199264K(201088K)->199264K(201088K) NonClass: 175517K(176448K)->175517K(176448K) Class: 23746K(24640K)->23746K(24640K)
[2025-04-03T20:21:57.608-0400][99973.840s][info ][gc          ] GC(511) Pause Young (Normal) (G1 Evacuation Pause) 455M->202M(512M) 3.968ms
[2025-04-03T20:21:57.608-0400][99973.840s][info ][gc,cpu      ] GC(511) User=0.00s Sys=0.00s Real=0.00s
[2025-04-03T20:21:57.608-0400][99973.840s][info ][safepoint   ] Safepoint "G1CollectForAllocation", Time since last: 210682784100 ns, Reaching safepoint: 68500 ns, Cleanup: 2800 ns, At safepoint: 4051800 ns, Total: 4123100 ns
[2025-04-03T20:25:30.283-0400][100186.516s][debug][safepoint   ] Safepoint synchronization initiated using striped semaphore wait barrier. (246 threads)
[2025-04-03T20:25:30.283-0400][100186.516s][info ][gc,start    ] GC(512) Pause Young (Normal) (G1 Evacuation Pause)
[2025-04-03T20:25:30.283-0400][100186.516s][info ][gc,task     ] GC(512) Using 23 workers of 23 for evacuation
[2025-04-03T20:25:30.287-0400][100186.520s][info ][gc,phases   ] GC(512)   Pre Evacuate Collection Set: 0.1ms
[2025-04-03T20:25:30.287-0400][100186.520s][info ][gc,phases   ] GC(512)   Merge Heap Roots: 0.1ms
[2025-04-03T20:25:30.287-0400][100186.520s][info ][gc,phases   ] GC(512)   Evacuate Collection Set: 2.7ms
[2025-04-03T20:25:30.287-0400][100186.520s][info ][gc,phases   ] GC(512)   Post Evacuate Collection Set: 1.1ms
[2025-04-03T20:25:30.287-0400][100186.520s][info ][gc,phases   ] GC(512)   Other: 0.1ms
[2025-04-03T20:25:30.287-0400][100186.520s][info ][gc,heap     ] GC(512) Eden regions: 253->0(253)
[2025-04-03T20:25:30.287-0400][100186.520s][info ][gc,heap     ] GC(512) Survivor regions: 2->2(32)
[2025-04-03T20:25:30.287-0400][100186.520s][info ][gc,heap     ] GC(512) Old regions: 200->200
[2025-04-03T20:25:30.287-0400][100186.520s][info ][gc,heap     ] GC(512) Archive regions: 0->0
[2025-04-03T20:25:30.287-0400][100186.520s][info ][gc,heap     ] GC(512) Humongous regions: 2->2
[2025-04-03T20:25:30.287-0400][100186.520s][info ][gc,metaspace] GC(512) Metaspace: 199264K(201088K)->199264K(201088K) NonClass: 175517K(176448K)->175517K(176448K) Class: 23746K(24640K)->23746K(24640K)
[2025-04-03T20:25:30.287-0400][100186.520s][info ][gc          ] GC(512) Pause Young (Normal) (G1 Evacuation Pause) 455M->202M(512M) 4.097ms
[2025-04-03T20:25:30.287-0400][100186.520s][info ][gc,cpu      ] GC(512) User=0.00s Sys=0.00s Real=0.00s
[2025-04-03T20:25:30.287-0400][100186.520s][info ][safepoint   ] Safepoint "G1CollectForAllocation", Time since last: 212675300100 ns, Reaching safepoint: 49900 ns, Cleanup: 3900 ns, At safepoint: 4190600 ns, Total: 4244400 ns
[2025-04-03T20:29:01.974-0400][100398.206s][debug][safepoint   ] Safepoint synchronization initiated using striped semaphore wait barrier. (246 threads)
[2025-04-03T20:29:01.974-0400][100398.206s][info ][gc,start    ] GC(513) Pause Young (Normal) (G1 Evacuation Pause)
[2025-04-03T20:29:01.974-0400][100398.206s][info ][gc,task     ] GC(513) Using 23 workers of 23 for evacuation
[2025-04-03T20:29:01.977-0400][100398.209s][info ][gc,phases   ] GC(513)   Pre Evacuate Collection Set: 0.1ms
[2025-04-03T20:29:01.977-0400][100398.209s][info ][gc,phases   ] GC(513)   Merge Heap Roots: 0.2ms
[2025-04-03T20:29:01.977-0400][100398.209s][info ][gc,phases   ] GC(513)   Evacuate Collection Set: 1.2ms
[2025-04-03T20:29:01.977-0400][100398.209s][info ][gc,phases   ] GC(513)   Post Evacuate Collection Set: 1.4ms
[2025-04-03T20:29:01.977-0400][100398.209s][info ][gc,phases   ] GC(513)   Other: 0.1ms
[2025-04-03T20:29:01.977-0400][100398.209s][info ][gc,heap     ] GC(513) Eden regions: 253->0(253)
[2025-04-03T20:29:01.977-0400][100398.209s][info ][gc,heap     ] GC(513) Survivor regions: 2->2(32)
[2025-04-03T20:29:01.977-0400][100398.209s][info ][gc,heap     ] GC(513) Old regions: 200->200
[2025-04-03T20:29:01.977-0400][100398.209s][info ][gc,heap     ] GC(513) Archive regions: 0->0
[2025-04-03T20:29:01.977-0400][100398.209s][info ][gc,heap     ] GC(513) Humongous regions: 2->2
[2025-04-03T20:29:01.977-0400][100398.209s][info ][gc,metaspace] GC(513) Metaspace: 199264K(201088K)->199264K(201088K) NonClass: 175517K(176448K)->175517K(176448K) Class: 23746K(24640K)->23746K(24640K)
[2025-04-03T20:29:01.977-0400][100398.209s][info ][gc          ] GC(513) Pause Young (Normal) (G1 Evacuation Pause) 455M->202M(512M) 3.172ms
[2025-04-03T20:29:01.977-0400][100398.209s][info ][gc,cpu      ] GC(513) User=0.00s Sys=0.00s Real=0.00s
[2025-04-03T20:29:01.977-0400][100398.209s][info ][safepoint   ] Safepoint "G1CollectForAllocation", Time since last: 211686062000 ns, Reaching safepoint: 58300 ns, Cleanup: 3400 ns, At safepoint: 3256600 ns, Total: 3318300 ns
[2025-04-03T20:32:35.302-0400][100611.534s][debug][safepoint   ] Safepoint synchronization initiated using striped semaphore wait barrier. (246 threads)
[2025-04-03T20:32:35.302-0400][100611.534s][info ][gc,start    ] GC(514) Pause Young (Normal) (G1 Evacuation Pause)
[2025-04-03T20:32:35.302-0400][100611.534s][info ][gc,task     ] GC(514) Using 23 workers of 23 for evacuation
[2025-04-03T20:32:35.304-0400][100611.536s][info ][gc,phases   ] GC(514)   Pre Evacuate Collection Set: 0.1ms
[2025-04-03T20:32:35.304-0400][100611.536s][info ][gc,phases   ] GC(514)   Merge Heap Roots: 0.1ms
[2025-04-03T20:32:35.304-0400][100611.536s][info ][gc,phases   ] GC(514)   Evacuate Collection Set: 0.7ms
[2025-04-03T20:32:35.304-0400][100611.536s][info ][gc,phases   ] GC(514)   Post Evacuate Collection Set: 1.0ms
[2025-04-03T20:32:35.304-0400][100611.536s][info ][gc,phases   ] GC(514)   Other: 0.1ms
[2025-04-03T20:32:35.304-0400][100611.536s][info ][gc,heap     ] GC(514) Eden regions: 253->0(253)
[2025-04-03T20:32:35.304-0400][100611.536s][info ][gc,heap     ] GC(514) Survivor regions: 2->2(32)
[2025-04-03T20:32:35.304-0400][100611.536s][info ][gc,heap     ] GC(514) Old regions: 200->200
[2025-04-03T20:32:35.304-0400][100611.536s][info ][gc,heap     ] GC(514) Archive regions: 0->0
[2025-04-03T20:32:35.304-0400][100611.536s][info ][gc,heap     ] GC(514) Humongous regions: 2->2
[2025-04-03T20:32:35.304-0400][100611.536s][info ][gc,metaspace] GC(514) Metaspace: 199264K(201088K)->199264K(201088K) NonClass: 175517K(176448K)->175517K(176448K) Class: 23746K(24640K)->23746K(24640K)
[2025-04-03T20:32:35.304-0400][100611.536s][info ][gc          ] GC(514) Pause Young (Normal) (G1 Evacuation Pause) 455M->202M(512M) 2.109ms
[2025-04-03T20:32:35.304-0400][100611.536s][info ][gc,cpu      ] GC(514) User=0.00s Sys=0.00s Real=0.00s
[2025-04-03T20:32:35.304-0400][100611.536s][info ][safepoint   ] Safepoint "G1CollectForAllocation", Time since last: 213324630900 ns, Reaching safepoint: 86200 ns, Cleanup: 7200 ns, At safepoint: 2179700 ns, Total: 2273100 ns
[2025-04-03T20:36:07.293-0400][100823.525s][debug][safepoint   ] Safepoint synchronization initiated using striped semaphore wait barrier. (246 threads)
[2025-04-03T20:36:07.293-0400][100823.525s][info ][gc,start    ] GC(515) Pause Young (Normal) (G1 Evacuation Pause)
[2025-04-03T20:36:07.293-0400][100823.525s][info ][gc,task     ] GC(515) Using 23 workers of 23 for evacuation
[2025-04-03T20:36:07.296-0400][100823.528s][info ][gc,phases   ] GC(515)   Pre Evacuate Collection Set: 0.2ms
[2025-04-03T20:36:07.296-0400][100823.528s][info ][gc,phases   ] GC(515)   Merge Heap Roots: 0.1ms
[2025-04-03T20:36:07.296-0400][100823.528s][info ][gc,phases   ] GC(515)   Evacuate Collection Set: 1.5ms
[2025-04-03T20:36:07.296-0400][100823.528s][info ][gc,phases   ] GC(515)   Post Evacuate Collection Set: 1.2ms
[2025-04-03T20:36:07.296-0400][100823.528s][info ][gc,phases   ] GC(515)   Other: 0.2ms
[2025-04-03T20:36:07.296-0400][100823.528s][info ][gc,heap     ] GC(515) Eden regions: 253->0(253)
[2025-04-03T20:36:07.296-0400][100823.528s][info ][gc,heap     ] GC(515) Survivor regions: 2->2(32)
[2025-04-03T20:36:07.296-0400][100823.528s][info ][gc,heap     ] GC(515) Old regions: 200->200
[2025-04-03T20:36:07.296-0400][100823.528s][info ][gc,heap     ] GC(515) Archive regions: 0->0
[2025-04-03T20:36:07.296-0400][100823.528s][info ][gc,heap     ] GC(515) Humongous regions: 2->2
[2025-04-03T20:36:07.296-0400][100823.528s][info ][gc,metaspace] GC(515) Metaspace: 199264K(201088K)->199264K(201088K) NonClass: 175517K(176448K)->175517K(176448K) Class: 23746K(24640K)->23746K(24640K)
[2025-04-03T20:36:07.296-0400][100823.528s][info ][gc          ] GC(515) Pause Young (Normal) (G1 Evacuation Pause) 455M->202M(512M) 3.158ms
[2025-04-03T20:36:07.296-0400][100823.528s][info ][gc,cpu      ] GC(515) User=0.00s Sys=0.00s Real=0.00s
[2025-04-03T20:36:07.296-0400][100823.528s][info ][safepoint   ] Safepoint "G1CollectForAllocation", Time since last: 211988654600 ns, Reaching safepoint: 87200 ns, Cleanup: 4700 ns, At safepoint: 3299300 ns, Total: 3391200 ns
[2025-04-03T20:36:13.297-0400][100829.530s][debug][safepoint   ] Safepoint synchronization initiated using striped semaphore wait barrier. (247 threads)
[2025-04-03T20:36:13.297-0400][100829.530s][info ][safepoint   ] Safepoint "Cleanup", Time since last: 6001182700 ns, Reaching safepoint: 42100 ns, Cleanup: 9000 ns, At safepoint: 1700 ns, Total: 52800 ns
[2025-04-03T20:39:08.376-0400][101004.608s][debug][safepoint   ] Safepoint synchronization initiated using striped semaphore wait barrier. (246 threads)
[2025-04-03T20:39:08.376-0400][101004.608s][info ][safepoint   ] Safepoint "Cleanup", Time since last: 175078156000 ns, Reaching safepoint: 61200 ns, Cleanup: 9700 ns, At safepoint: 2100 ns, Total: 73000 ns
[2025-04-03T20:39:40.072-0400][101036.304s][debug][safepoint   ] Safepoint synchronization initiated using striped semaphore wait barrier. (246 threads)
[2025-04-03T20:39:40.072-0400][101036.305s][info ][gc,start    ] GC(516) Pause Young (Normal) (G1 Evacuation Pause)
[2025-04-03T20:39:40.072-0400][101036.305s][info ][gc,task     ] GC(516) Using 23 workers of 23 for evacuation
[2025-04-03T20:39:40.077-0400][101036.310s][info ][gc,phases   ] GC(516)   Pre Evacuate Collection Set: 0.1ms
[2025-04-03T20:39:40.077-0400][101036.310s][info ][gc,phases   ] GC(516)   Merge Heap Roots: 0.8ms
[2025-04-03T20:39:40.077-0400][101036.310s][info ][gc,phases   ] GC(516)   Evacuate Collection Set: 2.8ms
[2025-04-03T20:39:40.077-0400][101036.310s][info ][gc,phases   ] GC(516)   Post Evacuate Collection Set: 1.3ms
[2025-04-03T20:39:40.077-0400][101036.310s][info ][gc,phases   ] GC(516)   Other: 0.1ms
[2025-04-03T20:39:40.077-0400][101036.310s][info ][gc,heap     ] GC(516) Eden regions: 253->0(253)
[2025-04-03T20:39:40.077-0400][101036.310s][info ][gc,heap     ] GC(516) Survivor regions: 2->2(32)
[2025-04-03T20:39:40.077-0400][101036.310s][info ][gc,heap     ] GC(516) Old regions: 200->200
[2025-04-03T20:39:40.077-0400][101036.310s][info ][gc,heap     ] GC(516) Archive regions: 0->0
[2025-04-03T20:39:40.077-0400][101036.310s][info ][gc,heap     ] GC(516) Humongous regions: 2->2
[2025-04-03T20:39:40.077-0400][101036.310s][info ][gc,metaspace] GC(516) Metaspace: 199274K(201088K)->199274K(201088K) NonClass: 175527K(176448K)->175527K(176448K) Class: 23746K(24640K)->23746K(24640K)
[2025-04-03T20:39:40.077-0400][101036.310s][info ][gc          ] GC(516) Pause Young (Normal) (G1 Evacuation Pause) 455M->202M(512M) 5.193ms
[2025-04-03T20:39:40.077-0400][101036.310s][info ][gc,cpu      ] GC(516) User=0.00s Sys=0.00s Real=0.00s
[2025-04-03T20:39:40.077-0400][101036.310s][info ][safepoint   ] Safepoint "G1CollectForAllocation", Time since last: 31696665000 ns, Reaching safepoint: 62800 ns, Cleanup: 3200 ns, At safepoint: 5259300 ns, Total: 5325300 ns
[2025-04-03T20:43:11.994-0400][101248.226s][debug][safepoint   ] Safepoint synchronization initiated using striped semaphore wait barrier. (245 threads)
[2025-04-03T20:43:11.994-0400][101248.226s][info ][gc,start    ] GC(517) Pause Young (Normal) (G1 Evacuation Pause)
[2025-04-03T20:43:11.994-0400][101248.226s][info ][gc,task     ] GC(517) Using 23 workers of 23 for evacuation
[2025-04-03T20:43:11.996-0400][101248.229s][info ][gc,phases   ] GC(517)   Pre Evacuate Collection Set: 0.1ms
[2025-04-03T20:43:11.997-0400][101248.229s][info ][gc,phases   ] GC(517)   Merge Heap Roots: 0.1ms
[2025-04-03T20:43:11.997-0400][101248.229s][info ][gc,phases   ] GC(517)   Evacuate Collection Set: 1.5ms
[2025-04-03T20:43:11.997-0400][101248.229s][info ][gc,phases   ] GC(517)   Post Evacuate Collection Set: 1.1ms
[2025-04-03T20:43:11.997-0400][101248.229s][info ][gc,phases   ] GC(517)   Other: 0.1ms
[2025-04-03T20:43:11.997-0400][101248.229s][info ][gc,heap     ] GC(517) Eden regions: 253->0(253)
[2025-04-03T20:43:11.997-0400][101248.229s][info ][gc,heap     ] GC(517) Survivor regions: 2->2(32)
[2025-04-03T20:43:11.997-0400][101248.229s][info ][gc,heap     ] GC(517) Old regions: 200->200
[2025-04-03T20:43:11.997-0400][101248.229s][info ][gc,heap     ] GC(517) Archive regions: 0->0
[2025-04-03T20:43:11.997-0400][101248.229s][info ][gc,heap     ] GC(517) Humongous regions: 2->2
[2025-04-03T20:43:11.997-0400][101248.229s][info ][gc,metaspace] GC(517) Metaspace: 199274K(201088K)->199274K(201088K) NonClass: 175527K(176448K)->175527K(176448K) Class: 23746K(24640K)->23746K(24640K)
[2025-04-03T20:43:11.997-0400][101248.229s][info ][gc          ] GC(517) Pause Young (Normal) (G1 Evacuation Pause) 455M->202M(512M) 2.901ms
[2025-04-03T20:43:11.997-0400][101248.229s][info ][gc,cpu      ] GC(517) User=0.00s Sys=0.00s Real=0.00s
[2025-04-03T20:43:11.997-0400][101248.229s][info ][safepoint   ] Safepoint "G1CollectForAllocation", Time since last: 211916241200 ns, Reaching safepoint: 72000 ns, Cleanup: 3700 ns, At safepoint: 2969800 ns, Total: 3045500 ns
[2025-04-03T20:45:28.024-0400][101384.256s][debug][safepoint   ] Safepoint synchronization initiated using striped semaphore wait barrier. (247 threads)
[2025-04-03T20:45:28.024-0400][101384.256s][info ][safepoint   ] Safepoint "Cleanup", Time since last: 136027312400 ns, Reaching safepoint: 55100 ns, Cleanup: 6800 ns, At safepoint: 1700 ns, Total: 63600 ns
[2025-04-03T20:46:41.884-0400][101458.116s][debug][safepoint   ] Safepoint synchronization initiated using striped semaphore wait barrier. (245 threads)
[2025-04-03T20:46:41.884-0400][101458.116s][info ][gc,start    ] GC(518) Pause Young (Normal) (G1 Evacuation Pause)
[2025-04-03T20:46:41.884-0400][101458.116s][info ][gc,task     ] GC(518) Using 23 workers of 23 for evacuation
[2025-04-03T20:46:41.887-0400][101458.119s][info ][gc,phases   ] GC(518)   Pre Evacuate Collection Set: 0.3ms
[2025-04-03T20:46:41.887-0400][101458.119s][info ][gc,phases   ] GC(518)   Merge Heap Roots: 0.2ms
[2025-04-03T20:46:41.887-0400][101458.119s][info ][gc,phases   ] GC(518)   Evacuate Collection Set: 1.3ms
[2025-04-03T20:46:41.887-0400][101458.119s][info ][gc,phases   ] GC(518)   Post Evacuate Collection Set: 1.2ms
[2025-04-03T20:46:41.887-0400][101458.119s][info ][gc,phases   ] GC(518)   Other: 0.1ms
[2025-04-03T20:46:41.887-0400][101458.119s][info ][gc,heap     ] GC(518) Eden regions: 253->0(253)
[2025-04-03T20:46:41.887-0400][101458.119s][info ][gc,heap     ] GC(518) Survivor regions: 2->2(32)
[2025-04-03T20:46:41.887-0400][101458.119s][info ][gc,heap     ] GC(518) Old regions: 200->200
[2025-04-03T20:46:41.887-0400][101458.119s][info ][gc,heap     ] GC(518) Archive regions: 0->0
[2025-04-03T20:46:41.887-0400][101458.119s][info ][gc,heap     ] GC(518) Humongous regions: 2->2
[2025-04-03T20:46:41.887-0400][101458.119s][info ][gc,metaspace] GC(518) Metaspace: 199274K(201088K)->199274K(201088K) NonClass: 175527K(176448K)->175527K(176448K) Class: 23746K(24640K)->23746K(24640K)
[2025-04-03T20:46:41.887-0400][101458.119s][info ][gc          ] GC(518) Pause Young (Normal) (G1 Evacuation Pause) 455M->202M(512M) 3.176ms
[2025-04-03T20:46:41.887-0400][101458.119s][info ][gc,cpu      ] GC(518) User=0.00s Sys=0.00s Real=0.00s
[2025-04-03T20:46:41.887-0400][101458.119s][info ][safepoint   ] Safepoint "G1CollectForAllocation", Time since last: 73859464100 ns, Reaching safepoint: 64000 ns, Cleanup: 4000 ns, At safepoint: 3277900 ns, Total: 3345900 ns
[2025-04-03T20:50:15.477-0400][101671.709s][debug][safepoint   ] Safepoint synchronization initiated using striped semaphore wait barrier. (245 threads)
[2025-04-03T20:50:15.477-0400][101671.709s][info ][gc,start    ] GC(519) Pause Young (Normal) (G1 Evacuation Pause)
[2025-04-03T20:50:15.477-0400][101671.709s][info ][gc,task     ] GC(519) Using 23 workers of 23 for evacuation
[2025-04-03T20:50:15.479-0400][101671.712s][info ][gc,phases   ] GC(519)   Pre Evacuate Collection Set: 0.3ms
[2025-04-03T20:50:15.479-0400][101671.712s][info ][gc,phases   ] GC(519)   Merge Heap Roots: 0.1ms
[2025-04-03T20:50:15.479-0400][101671.712s][info ][gc,phases   ] GC(519)   Evacuate Collection Set: 1.0ms
[2025-04-03T20:50:15.480-0400][101671.712s][info ][gc,phases   ] GC(519)   Post Evacuate Collection Set: 1.3ms
[2025-04-03T20:50:15.480-0400][101671.712s][info ][gc,phases   ] GC(519)   Other: 0.1ms
[2025-04-03T20:50:15.480-0400][101671.712s][info ][gc,heap     ] GC(519) Eden regions: 253->0(253)
[2025-04-03T20:50:15.480-0400][101671.712s][info ][gc,heap     ] GC(519) Survivor regions: 2->2(32)
[2025-04-03T20:50:15.480-0400][101671.712s][info ][gc,heap     ] GC(519) Old regions: 200->200
[2025-04-03T20:50:15.480-0400][101671.712s][info ][gc,heap     ] GC(519) Archive regions: 0->0
[2025-04-03T20:50:15.480-0400][101671.712s][info ][gc,heap     ] GC(519) Humongous regions: 2->2
[2025-04-03T20:50:15.480-0400][101671.712s][info ][gc,metaspace] GC(519) Metaspace: 199274K(201088K)->199274K(201088K) NonClass: 175527K(176448K)->175527K(176448K) Class: 23746K(24640K)->23746K(24640K)
[2025-04-03T20:50:15.480-0400][101671.712s][info ][gc          ] GC(519) Pause Young (Normal) (G1 Evacuation Pause) 455M->202M(512M) 2.787ms
[2025-04-03T20:50:15.480-0400][101671.712s][info ][gc,cpu      ] GC(519) User=0.00s Sys=0.00s Real=0.00s
[2025-04-03T20:50:15.480-0400][101671.712s][info ][safepoint   ] Safepoint "G1CollectForAllocation", Time since last: 213589540900 ns, Reaching safepoint: 40300 ns, Cleanup: 3100 ns, At safepoint: 2860700 ns, Total: 2904100 ns
[2025-04-03T20:53:47.592-0400][101883.824s][debug][safepoint   ] Safepoint synchronization initiated using striped semaphore wait barrier. (245 threads)
[2025-04-03T20:53:47.592-0400][101883.824s][info ][gc,start    ] GC(520) Pause Young (Normal) (G1 Evacuation Pause)
[2025-04-03T20:53:47.592-0400][101883.824s][info ][gc,task     ] GC(520) Using 23 workers of 23 for evacuation
[2025-04-03T20:53:47.595-0400][101883.827s][info ][gc,phases   ] GC(520)   Pre Evacuate Collection Set: 0.2ms
[2025-04-03T20:53:47.595-0400][101883.827s][info ][gc,phases   ] GC(520)   Merge Heap Roots: 0.1ms
[2025-04-03T20:53:47.595-0400][101883.827s][info ][gc,phases   ] GC(520)   Evacuate Collection Set: 1.3ms
[2025-04-03T20:53:47.595-0400][101883.827s][info ][gc,phases   ] GC(520)   Post Evacuate Collection Set: 1.1ms
[2025-04-03T20:53:47.595-0400][101883.827s][info ][gc,phases   ] GC(520)   Other: 0.1ms
[2025-04-03T20:53:47.595-0400][101883.827s][info ][gc,heap     ] GC(520) Eden regions: 253->0(253)
[2025-04-03T20:53:47.595-0400][101883.827s][info ][gc,heap     ] GC(520) Survivor regions: 2->2(32)
[2025-04-03T20:53:47.595-0400][101883.827s][info ][gc,heap     ] GC(520) Old regions: 200->200
[2025-04-03T20:53:47.595-0400][101883.827s][info ][gc,heap     ] GC(520) Archive regions: 0->0
[2025-04-03T20:53:47.595-0400][101883.827s][info ][gc,heap     ] GC(520) Humongous regions: 2->2
[2025-04-03T20:53:47.595-0400][101883.827s][info ][gc,metaspace] GC(520) Metaspace: 199274K(201088K)->199274K(201088K) NonClass: 175527K(176448K)->175527K(176448K) Class: 23746K(24640K)->23746K(24640K)
[2025-04-03T20:53:47.595-0400][101883.827s][info ][gc          ] GC(520) Pause Young (Normal) (G1 Evacuation Pause) 455M->202M(512M) 2.998ms
[2025-04-03T20:53:47.595-0400][101883.827s][info ][gc,cpu      ] GC(520) User=0.00s Sys=0.00s Real=0.00s
[2025-04-03T20:53:47.595-0400][101883.827s][info ][safepoint   ] Safepoint "G1CollectForAllocation", Time since last: 212112407700 ns, Reaching safepoint: 78900 ns, Cleanup: 11500 ns, At safepoint: 3083200 ns, Total: 3173600 ns
[2025-04-03T20:57:21.331-0400][102097.563s][debug][safepoint   ] Safepoint synchronization initiated using striped semaphore wait barrier. (245 threads)
[2025-04-03T20:57:21.331-0400][102097.563s][info ][gc,start    ] GC(521) Pause Young (Normal) (G1 Evacuation Pause)
[2025-04-03T20:57:21.331-0400][102097.563s][info ][gc,task     ] GC(521) Using 23 workers of 23 for evacuation
[2025-04-03T20:57:21.333-0400][102097.566s][info ][gc,phases   ] GC(521)   Pre Evacuate Collection Set: 0.1ms
[2025-04-03T20:57:21.333-0400][102097.566s][info ][gc,phases   ] GC(521)   Merge Heap Roots: 0.1ms
[2025-04-03T20:57:21.333-0400][102097.566s][info ][gc,phases   ] GC(521)   Evacuate Collection Set: 1.5ms
[2025-04-03T20:57:21.334-0400][102097.566s][info ][gc,phases   ] GC(521)   Post Evacuate Collection Set: 1.0ms
[2025-04-03T20:57:21.334-0400][102097.566s][info ][gc,phases   ] GC(521)   Other: 0.1ms
[2025-04-03T20:57:21.334-0400][102097.566s][info ][gc,heap     ] GC(521) Eden regions: 253->0(253)
[2025-04-03T20:57:21.334-0400][102097.566s][info ][gc,heap     ] GC(521) Survivor regions: 2->2(32)
[2025-04-03T20:57:21.334-0400][102097.566s][info ][gc,heap     ] GC(521) Old regions: 200->200
[2025-04-03T20:57:21.334-0400][102097.566s][info ][gc,heap     ] GC(521) Archive regions: 0->0
[2025-04-03T20:57:21.334-0400][102097.566s][info ][gc,heap     ] GC(521) Humongous regions: 2->2
[2025-04-03T20:57:21.334-0400][102097.566s][info ][gc,metaspace] GC(521) Metaspace: 199274K(201088K)->199274K(201088K) NonClass: 175527K(176448K)->175527K(176448K) Class: 23746K(24640K)->23746K(24640K)
[2025-04-03T20:57:21.334-0400][102097.566s][info ][gc          ] GC(521) Pause Young (Normal) (G1 Evacuation Pause) 455M->202M(512M) 2.897ms
[2025-04-03T20:57:21.334-0400][102097.566s][info ][gc,cpu      ] GC(521) User=0.00s Sys=0.00s Real=0.00s
[2025-04-03T20:57:21.334-0400][102097.566s][info ][safepoint   ] Safepoint "G1CollectForAllocation", Time since last: 213735400300 ns, Reaching safepoint: 65900 ns, Cleanup: 2300 ns, At safepoint: 2964800 ns, Total: 3033000 ns
[2025-04-03T21:00:53.859-0400][102310.091s][debug][safepoint   ] Safepoint synchronization initiated using striped semaphore wait barrier. (245 threads)
[2025-04-03T21:00:53.859-0400][102310.091s][info ][gc,start    ] GC(522) Pause Young (Normal) (G1 Evacuation Pause)
[2025-04-03T21:00:53.859-0400][102310.091s][info ][gc,task     ] GC(522) Using 23 workers of 23 for evacuation
[2025-04-03T21:00:53.861-0400][102310.094s][info ][gc,phases   ] GC(522)   Pre Evacuate Collection Set: 0.1ms
[2025-04-03T21:00:53.861-0400][102310.094s][info ][gc,phases   ] GC(522)   Merge Heap Roots: 0.1ms
[2025-04-03T21:00:53.861-0400][102310.094s][info ][gc,phases   ] GC(522)   Evacuate Collection Set: 1.4ms
[2025-04-03T21:00:53.861-0400][102310.094s][info ][gc,phases   ] GC(522)   Post Evacuate Collection Set: 0.7ms
[2025-04-03T21:00:53.861-0400][102310.094s][info ][gc,phases   ] GC(522)   Other: 0.1ms
[2025-04-03T21:00:53.861-0400][102310.094s][info ][gc,heap     ] GC(522) Eden regions: 253->0(253)
[2025-04-03T21:00:53.861-0400][102310.094s][info ][gc,heap     ] GC(522) Survivor regions: 2->2(32)
[2025-04-03T21:00:53.861-0400][102310.094s][info ][gc,heap     ] GC(522) Old regions: 200->200
[2025-04-03T21:00:53.861-0400][102310.094s][info ][gc,heap     ] GC(522) Archive regions: 0->0
[2025-04-03T21:00:53.861-0400][102310.094s][info ][gc,heap     ] GC(522) Humongous regions: 2->2
[2025-04-03T21:00:53.861-0400][102310.094s][info ][gc,metaspace] GC(522) Metaspace: 199274K(201088K)->199274K(201088K) NonClass: 175527K(176448K)->175527K(176448K) Class: 23746K(24640K)->23746K(24640K)
[2025-04-03T21:00:53.862-0400][102310.094s][info ][gc          ] GC(522) Pause Young (Normal) (G1 Evacuation Pause) 455M->202M(512M) 2.528ms
[2025-04-03T21:00:53.862-0400][102310.094s][info ][gc,cpu      ] GC(522) User=0.02s Sys=0.00s Real=0.00s
[2025-04-03T21:00:53.862-0400][102310.094s][info ][safepoint   ] Safepoint "G1CollectForAllocation", Time since last: 212525575600 ns, Reaching safepoint: 65500 ns, Cleanup: 16300 ns, At safepoint: 2617500 ns, Total: 2699300 ns
[2025-04-03T21:04:28.070-0400][102524.303s][debug][safepoint   ] Safepoint synchronization initiated using striped semaphore wait barrier. (245 threads)
[2025-04-03T21:04:28.070-0400][102524.303s][info ][gc,start    ] GC(523) Pause Young (Normal) (G1 Evacuation Pause)
[2025-04-03T21:04:28.070-0400][102524.303s][info ][gc,task     ] GC(523) Using 23 workers of 23 for evacuation
[2025-04-03T21:04:28.075-0400][102524.308s][info ][gc,phases   ] GC(523)   Pre Evacuate Collection Set: 0.2ms
[2025-04-03T21:04:28.075-0400][102524.308s][info ][gc,phases   ] GC(523)   Merge Heap Roots: 0.1ms
[2025-04-03T21:04:28.075-0400][102524.308s][info ][gc,phases   ] GC(523)   Evacuate Collection Set: 2.8ms
[2025-04-03T21:04:28.075-0400][102524.308s][info ][gc,phases   ] GC(523)   Post Evacuate Collection Set: 1.6ms
[2025-04-03T21:04:28.075-0400][102524.308s][info ][gc,phases   ] GC(523)   Other: 0.1ms
[2025-04-03T21:04:28.075-0400][102524.308s][info ][gc,heap     ] GC(523) Eden regions: 253->0(254)
[2025-04-03T21:04:28.075-0400][102524.308s][info ][gc,heap     ] GC(523) Survivor regions: 2->2(32)
[2025-04-03T21:04:28.075-0400][102524.308s][info ][gc,heap     ] GC(523) Old regions: 200->200
[2025-04-03T21:04:28.075-0400][102524.308s][info ][gc,heap     ] GC(523) Archive regions: 0->0
[2025-04-03T21:04:28.075-0400][102524.308s][info ][gc,heap     ] GC(523) Humongous regions: 2->2
[2025-04-03T21:04:28.075-0400][102524.308s][info ][gc,metaspace] GC(523) Metaspace: 199274K(201088K)->199274K(201088K) NonClass: 175527K(176448K)->175527K(176448K) Class: 23746K(24640K)->23746K(24640K)
[2025-04-03T21:04:28.075-0400][102524.308s][info ][gc          ] GC(523) Pause Young (Normal) (G1 Evacuation Pause) 455M->202M(512M) 4.855ms
[2025-04-03T21:04:28.075-0400][102524.308s][info ][gc,cpu      ] GC(523) User=0.00s Sys=0.00s Real=0.01s
[2025-04-03T21:04:28.075-0400][102524.308s][info ][safepoint   ] Safepoint "G1CollectForAllocation", Time since last: 214208643800 ns, Reaching safepoint: 125000 ns, Cleanup: 3300 ns, At safepoint: 4933500 ns, Total: 5061800 ns
[2025-04-03T21:08:01.582-0400][102737.815s][debug][safepoint   ] Safepoint synchronization initiated using striped semaphore wait barrier. (245 threads)
[2025-04-03T21:08:01.582-0400][102737.815s][info ][gc,start    ] GC(524) Pause Young (Normal) (G1 Evacuation Pause)
[2025-04-03T21:08:01.582-0400][102737.815s][info ][gc,task     ] GC(524) Using 23 workers of 23 for evacuation
[2025-04-03T21:08:01.585-0400][102737.818s][info ][gc,phases   ] GC(524)   Pre Evacuate Collection Set: 0.2ms
[2025-04-03T21:08:01.585-0400][102737.818s][info ][gc,phases   ] GC(524)   Merge Heap Roots: 0.1ms
[2025-04-03T21:08:01.585-0400][102737.818s][info ][gc,phases   ] GC(524)   Evacuate Collection Set: 1.6ms
[2025-04-03T21:08:01.585-0400][102737.818s][info ][gc,phases   ] GC(524)   Post Evacuate Collection Set: 0.9ms
[2025-04-03T21:08:01.585-0400][102737.818s][info ][gc,phases   ] GC(524)   Other: 0.1ms
[2025-04-03T21:08:01.585-0400][102737.818s][info ][gc,heap     ] GC(524) Eden regions: 254->0(254)
[2025-04-03T21:08:01.585-0400][102737.818s][info ][gc,heap     ] GC(524) Survivor regions: 2->2(32)
[2025-04-03T21:08:01.585-0400][102737.818s][info ][gc,heap     ] GC(524) Old regions: 200->200
[2025-04-03T21:08:01.585-0400][102737.818s][info ][gc,heap     ] GC(524) Archive regions: 0->0
[2025-04-03T21:08:01.585-0400][102737.818s][info ][gc,heap     ] GC(524) Humongous regions: 2->2
[2025-04-03T21:08:01.585-0400][102737.818s][info ][gc,metaspace] GC(524) Metaspace: 199274K(201088K)->199274K(201088K) NonClass: 175527K(176448K)->175527K(176448K) Class: 23746K(24640K)->23746K(24640K)
[2025-04-03T21:08:01.585-0400][102737.818s][info ][gc          ] GC(524) Pause Young (Normal) (G1 Evacuation Pause) 456M->202M(512M) 2.971ms
[2025-04-03T21:08:01.585-0400][102737.818s][info ][gc,cpu      ] GC(524) User=0.00s Sys=0.00s Real=0.00s
[2025-04-03T21:08:01.585-0400][102737.818s][info ][safepoint   ] Safepoint "G1CollectForAllocation", Time since last: 213506949300 ns, Reaching safepoint: 117200 ns, Cleanup: 3000 ns, At safepoint: 3066200 ns, Total: 3186400 ns
[2025-04-03T21:11:36.517-0400][102952.750s][debug][safepoint   ] Safepoint synchronization initiated using striped semaphore wait barrier. (245 threads)
[2025-04-03T21:11:36.517-0400][102952.750s][info ][gc,start    ] GC(525) Pause Young (Normal) (G1 Evacuation Pause)
[2025-04-03T21:11:36.517-0400][102952.750s][info ][gc,task     ] GC(525) Using 23 workers of 23 for evacuation
[2025-04-03T21:11:36.519-0400][102952.752s][info ][gc,phases   ] GC(525)   Pre Evacuate Collection Set: 0.2ms
[2025-04-03T21:11:36.519-0400][102952.752s][info ][gc,phases   ] GC(525)   Merge Heap Roots: 0.1ms
[2025-04-03T21:11:36.519-0400][102952.752s][info ][gc,phases   ] GC(525)   Evacuate Collection Set: 0.8ms
[2025-04-03T21:11:36.519-0400][102952.752s][info ][gc,phases   ] GC(525)   Post Evacuate Collection Set: 0.7ms
[2025-04-03T21:11:36.519-0400][102952.752s][info ][gc,phases   ] GC(525)   Other: 0.1ms
[2025-04-03T21:11:36.519-0400][102952.752s][info ][gc,heap     ] GC(525) Eden regions: 254->0(254)
[2025-04-03T21:11:36.519-0400][102952.752s][info ][gc,heap     ] GC(525) Survivor regions: 2->2(32)
[2025-04-03T21:11:36.519-0400][102952.752s][info ][gc,heap     ] GC(525) Old regions: 200->200
[2025-04-03T21:11:36.519-0400][102952.752s][info ][gc,heap     ] GC(525) Archive regions: 0->0
[2025-04-03T21:11:36.519-0400][102952.752s][info ][gc,heap     ] GC(525) Humongous regions: 2->2
[2025-04-03T21:11:36.519-0400][102952.752s][info ][gc,metaspace] GC(525) Metaspace: 199274K(201088K)->199274K(201088K) NonClass: 175527K(176448K)->175527K(176448K) Class: 23746K(24640K)->23746K(24640K)
[2025-04-03T21:11:36.519-0400][102952.752s][info ][gc          ] GC(525) Pause Young (Normal) (G1 Evacuation Pause) 456M->202M(512M) 2.007ms
[2025-04-03T21:11:36.519-0400][102952.752s][info ][gc,cpu      ] GC(525) User=0.00s Sys=0.00s Real=0.00s
[2025-04-03T21:11:36.519-0400][102952.752s][info ][safepoint   ] Safepoint "G1CollectForAllocation", Time since last: 214931732900 ns, Reaching safepoint: 81900 ns, Cleanup: 5500 ns, At safepoint: 2098800 ns, Total: 2186200 ns
[2025-04-03T21:15:07.075-0400][103163.308s][debug][safepoint   ] Safepoint synchronization initiated using striped semaphore wait barrier. (245 threads)
[2025-04-03T21:15:07.075-0400][103163.308s][info ][gc,start    ] GC(526) Pause Young (Normal) (G1 Evacuation Pause)
[2025-04-03T21:15:07.075-0400][103163.308s][info ][gc,task     ] GC(526) Using 23 workers of 23 for evacuation
[2025-04-03T21:15:07.078-0400][103163.311s][info ][gc,phases   ] GC(526)   Pre Evacuate Collection Set: 0.1ms
[2025-04-03T21:15:07.078-0400][103163.311s][info ][gc,phases   ] GC(526)   Merge Heap Roots: 0.1ms
[2025-04-03T21:15:07.078-0400][103163.311s][info ][gc,phases   ] GC(526)   Evacuate Collection Set: 1.7ms
[2025-04-03T21:15:07.078-0400][103163.311s][info ][gc,phases   ] GC(526)   Post Evacuate Collection Set: 1.0ms
[2025-04-03T21:15:07.078-0400][103163.311s][info ][gc,phases   ] GC(526)   Other: 0.1ms
[2025-04-03T21:15:07.078-0400][103163.311s][info ][gc,heap     ] GC(526) Eden regions: 254->0(253)
[2025-04-03T21:15:07.078-0400][103163.311s][info ][gc,heap     ] GC(526) Survivor regions: 2->2(32)
[2025-04-03T21:15:07.078-0400][103163.311s][info ][gc,heap     ] GC(526) Old regions: 200->200
[2025-04-03T21:15:07.078-0400][103163.311s][info ][gc,heap     ] GC(526) Archive regions: 0->0
[2025-04-03T21:15:07.078-0400][103163.311s][info ][gc,heap     ] GC(526) Humongous regions: 2->2
[2025-04-03T21:15:07.078-0400][103163.311s][info ][gc,metaspace] GC(526) Metaspace: 199274K(201088K)->199274K(201088K) NonClass: 175527K(176448K)->175527K(176448K) Class: 23746K(24640K)->23746K(24640K)
[2025-04-03T21:15:07.078-0400][103163.311s][info ][gc          ] GC(526) Pause Young (Normal) (G1 Evacuation Pause) 456M->202M(512M) 3.172ms
[2025-04-03T21:15:07.078-0400][103163.311s][info ][gc,cpu      ] GC(526) User=0.00s Sys=0.00s Real=0.00s
[2025-04-03T21:15:07.078-0400][103163.311s][info ][safepoint   ] Safepoint "G1CollectForAllocation", Time since last: 210555950300 ns, Reaching safepoint: 83800 ns, Cleanup: 4100 ns, At safepoint: 3246500 ns, Total: 3334400 ns
[2025-04-03T21:18:39.375-0400][103375.608s][debug][safepoint   ] Safepoint synchronization initiated using striped semaphore wait barrier. (245 threads)
[2025-04-03T21:18:39.375-0400][103375.608s][info ][gc,start    ] GC(527) Pause Young (Normal) (G1 Evacuation Pause)
[2025-04-03T21:18:39.375-0400][103375.608s][info ][gc,task     ] GC(527) Using 23 workers of 23 for evacuation
[2025-04-03T21:18:39.377-0400][103375.610s][info ][gc,phases   ] GC(527)   Pre Evacuate Collection Set: 0.1ms
[2025-04-03T21:18:39.377-0400][103375.610s][info ][gc,phases   ] GC(527)   Merge Heap Roots: 0.1ms
[2025-04-03T21:18:39.377-0400][103375.610s][info ][gc,phases   ] GC(527)   Evacuate Collection Set: 1.3ms
[2025-04-03T21:18:39.377-0400][103375.610s][info ][gc,phases   ] GC(527)   Post Evacuate Collection Set: 0.8ms
[2025-04-03T21:18:39.377-0400][103375.610s][info ][gc,phases   ] GC(527)   Other: 0.1ms
[2025-04-03T21:18:39.377-0400][103375.610s][info ][gc,heap     ] GC(527) Eden regions: 253->0(253)
[2025-04-03T21:18:39.377-0400][103375.610s][info ][gc,heap     ] GC(527) Survivor regions: 2->2(32)
[2025-04-03T21:18:39.377-0400][103375.610s][info ][gc,heap     ] GC(527) Old regions: 200->200
[2025-04-03T21:18:39.377-0400][103375.610s][info ][gc,heap     ] GC(527) Archive regions: 0->0
[2025-04-03T21:18:39.377-0400][103375.610s][info ][gc,heap     ] GC(527) Humongous regions: 2->2
[2025-04-03T21:18:39.377-0400][103375.610s][info ][gc,metaspace] GC(527) Metaspace: 199274K(201088K)->199274K(201088K) NonClass: 175527K(176448K)->175527K(176448K) Class: 23746K(24640K)->23746K(24640K)
[2025-04-03T21:18:39.377-0400][103375.610s][info ][gc          ] GC(527) Pause Young (Normal) (G1 Evacuation Pause) 455M->202M(512M) 2.342ms
[2025-04-03T21:18:39.377-0400][103375.610s][info ][gc,cpu      ] GC(527) User=0.02s Sys=0.02s Real=0.00s
[2025-04-03T21:18:39.377-0400][103375.610s][info ][safepoint   ] Safepoint "G1CollectForAllocation", Time since last: 212296647000 ns, Reaching safepoint: 48700 ns, Cleanup: 2900 ns, At safepoint: 2414200 ns, Total: 2465800 ns
[2025-04-03T21:22:11.088-0400][103587.320s][debug][safepoint   ] Safepoint synchronization initiated using striped semaphore wait barrier. (245 threads)
[2025-04-03T21:22:11.088-0400][103587.320s][info ][gc,start    ] GC(528) Pause Young (Normal) (G1 Evacuation Pause)
[2025-04-03T21:22:11.088-0400][103587.320s][info ][gc,task     ] GC(528) Using 23 workers of 23 for evacuation
[2025-04-03T21:22:11.091-0400][103587.324s][info ][gc,phases   ] GC(528)   Pre Evacuate Collection Set: 0.2ms
[2025-04-03T21:22:11.091-0400][103587.324s][info ][gc,phases   ] GC(528)   Merge Heap Roots: 0.1ms
[2025-04-03T21:22:11.091-0400][103587.324s][info ][gc,phases   ] GC(528)   Evacuate Collection Set: 1.7ms
[2025-04-03T21:22:11.091-0400][103587.324s][info ][gc,phases   ] GC(528)   Post Evacuate Collection Set: 1.3ms
[2025-04-03T21:22:11.091-0400][103587.324s][info ][gc,phases   ] GC(528)   Other: 0.1ms
[2025-04-03T21:22:11.091-0400][103587.324s][info ][gc,heap     ] GC(528) Eden regions: 253->0(253)
[2025-04-03T21:22:11.091-0400][103587.324s][info ][gc,heap     ] GC(528) Survivor regions: 2->2(32)
[2025-04-03T21:22:11.091-0400][103587.324s][info ][gc,heap     ] GC(528) Old regions: 200->200
[2025-04-03T21:22:11.091-0400][103587.324s][info ][gc,heap     ] GC(528) Archive regions: 0->0
[2025-04-03T21:22:11.091-0400][103587.324s][info ][gc,heap     ] GC(528) Humongous regions: 2->2
[2025-04-03T21:22:11.091-0400][103587.324s][info ][gc,metaspace] GC(528) Metaspace: 199274K(201088K)->199274K(201088K) NonClass: 175527K(176448K)->175527K(176448K) Class: 23746K(24640K)->23746K(24640K)
[2025-04-03T21:22:11.091-0400][103587.324s][info ][gc          ] GC(528) Pause Young (Normal) (G1 Evacuation Pause) 455M->202M(512M) 3.512ms
[2025-04-03T21:22:11.091-0400][103587.324s][info ][gc,cpu      ] GC(528) User=0.00s Sys=0.00s Real=0.00s
[2025-04-03T21:22:11.091-0400][103587.324s][info ][safepoint   ] Safepoint "G1CollectForAllocation", Time since last: 211710015900 ns, Reaching safepoint: 89100 ns, Cleanup: 4400 ns, At safepoint: 3617700 ns, Total: 3711200 ns
[2025-04-03T21:25:44.824-0400][103801.056s][debug][safepoint   ] Safepoint synchronization initiated using striped semaphore wait barrier. (245 threads)
[2025-04-03T21:25:44.824-0400][103801.057s][info ][gc,start    ] GC(529) Pause Young (Normal) (G1 Evacuation Pause)
[2025-04-03T21:25:44.824-0400][103801.057s][info ][gc,task     ] GC(529) Using 23 workers of 23 for evacuation
[2025-04-03T21:25:44.827-0400][103801.060s][info ][gc,phases   ] GC(529)   Pre Evacuate Collection Set: 0.1ms
[2025-04-03T21:25:44.827-0400][103801.060s][info ][gc,phases   ] GC(529)   Merge Heap Roots: 0.1ms
[2025-04-03T21:25:44.827-0400][103801.060s][info ][gc,phases   ] GC(529)   Evacuate Collection Set: 1.6ms
[2025-04-03T21:25:44.827-0400][103801.060s][info ][gc,phases   ] GC(529)   Post Evacuate Collection Set: 1.5ms
[2025-04-03T21:25:44.827-0400][103801.060s][info ][gc,phases   ] GC(529)   Other: 0.1ms
[2025-04-03T21:25:44.827-0400][103801.060s][info ][gc,heap     ] GC(529) Eden regions: 253->0(253)
[2025-04-03T21:25:44.827-0400][103801.060s][info ][gc,heap     ] GC(529) Survivor regions: 2->2(32)
[2025-04-03T21:25:44.827-0400][103801.060s][info ][gc,heap     ] GC(529) Old regions: 200->200
[2025-04-03T21:25:44.827-0400][103801.060s][info ][gc,heap     ] GC(529) Archive regions: 0->0
[2025-04-03T21:25:44.827-0400][103801.060s][info ][gc,heap     ] GC(529) Humongous regions: 2->2
[2025-04-03T21:25:44.827-0400][103801.060s][info ][gc,metaspace] GC(529) Metaspace: 199274K(201088K)->199274K(201088K) NonClass: 175527K(176448K)->175527K(176448K) Class: 23746K(24640K)->23746K(24640K)
[2025-04-03T21:25:44.827-0400][103801.060s][info ][gc          ] GC(529) Pause Young (Normal) (G1 Evacuation Pause) 455M->202M(512M) 3.533ms
[2025-04-03T21:25:44.827-0400][103801.060s][info ][gc,cpu      ] GC(529) User=0.00s Sys=0.00s Real=0.00s
[2025-04-03T21:25:44.827-0400][103801.060s][info ][safepoint   ] Safepoint "G1CollectForAllocation", Time since last: 213732556200 ns, Reaching safepoint: 90700 ns, Cleanup: 3500 ns, At safepoint: 3621200 ns, Total: 3715400 ns
[2025-04-03T21:25:54.833-0400][103811.065s][debug][safepoint   ] Safepoint synchronization initiated using striped semaphore wait barrier. (245 threads)
[2025-04-03T21:25:54.833-0400][103811.065s][info ][safepoint   ] Safepoint "Cleanup", Time since last: 10004869200 ns, Reaching safepoint: 50100 ns, Cleanup: 26400 ns, At safepoint: 2100 ns, Total: 78600 ns
[2025-04-03T21:29:16.528-0400][104012.761s][debug][safepoint   ] Safepoint synchronization initiated using striped semaphore wait barrier. (246 threads)
[2025-04-03T21:29:16.528-0400][104012.761s][info ][gc,start    ] GC(530) Pause Young (Normal) (G1 Evacuation Pause)
[2025-04-03T21:29:16.528-0400][104012.761s][info ][gc,task     ] GC(530) Using 23 workers of 23 for evacuation
[2025-04-03T21:29:16.530-0400][104012.763s][info ][gc,phases   ] GC(530)   Pre Evacuate Collection Set: 0.1ms
[2025-04-03T21:29:16.530-0400][104012.763s][info ][gc,phases   ] GC(530)   Merge Heap Roots: 0.1ms
[2025-04-03T21:29:16.530-0400][104012.763s][info ][gc,phases   ] GC(530)   Evacuate Collection Set: 1.3ms
[2025-04-03T21:29:16.530-0400][104012.763s][info ][gc,phases   ] GC(530)   Post Evacuate Collection Set: 1.1ms
[2025-04-03T21:29:16.530-0400][104012.763s][info ][gc,phases   ] GC(530)   Other: 0.1ms
[2025-04-03T21:29:16.530-0400][104012.763s][info ][gc,heap     ] GC(530) Eden regions: 253->0(253)
[2025-04-03T21:29:16.530-0400][104012.763s][info ][gc,heap     ] GC(530) Survivor regions: 2->2(32)
[2025-04-03T21:29:16.530-0400][104012.763s][info ][gc,heap     ] GC(530) Old regions: 200->200
[2025-04-03T21:29:16.530-0400][104012.763s][info ][gc,heap     ] GC(530) Archive regions: 0->0
[2025-04-03T21:29:16.530-0400][104012.763s][info ][gc,heap     ] GC(530) Humongous regions: 2->2
[2025-04-03T21:29:16.531-0400][104012.763s][info ][gc,metaspace] GC(530) Metaspace: 199274K(201088K)->199274K(201088K) NonClass: 175527K(176448K)->175527K(176448K) Class: 23746K(24640K)->23746K(24640K)
[2025-04-03T21:29:16.531-0400][104012.763s][info ][gc          ] GC(530) Pause Young (Normal) (G1 Evacuation Pause) 455M->202M(512M) 2.652ms
[2025-04-03T21:29:16.531-0400][104012.763s][info ][gc,cpu      ] GC(530) User=0.00s Sys=0.00s Real=0.00s
[2025-04-03T21:29:16.531-0400][104012.763s][info ][safepoint   ] Safepoint "G1CollectForAllocation", Time since last: 201695503800 ns, Reaching safepoint: 59400 ns, Cleanup: 3000 ns, At safepoint: 2720500 ns, Total: 2782900 ns
[2025-04-03T21:32:50.464-0400][104226.696s][debug][safepoint   ] Safepoint synchronization initiated using striped semaphore wait barrier. (246 threads)
[2025-04-03T21:32:50.464-0400][104226.697s][info ][gc,start    ] GC(531) Pause Young (Normal) (G1 Evacuation Pause)
[2025-04-03T21:32:50.464-0400][104226.697s][info ][gc,task     ] GC(531) Using 23 workers of 23 for evacuation
[2025-04-03T21:32:50.466-0400][104226.699s][info ][gc,phases   ] GC(531)   Pre Evacuate Collection Set: 0.1ms
[2025-04-03T21:32:50.466-0400][104226.699s][info ][gc,phases   ] GC(531)   Merge Heap Roots: 0.3ms
[2025-04-03T21:32:50.466-0400][104226.699s][info ][gc,phases   ] GC(531)   Evacuate Collection Set: 1.3ms
[2025-04-03T21:32:50.466-0400][104226.699s][info ][gc,phases   ] GC(531)   Post Evacuate Collection Set: 0.8ms
[2025-04-03T21:32:50.466-0400][104226.699s][info ][gc,phases   ] GC(531)   Other: 0.1ms
[2025-04-03T21:32:50.466-0400][104226.699s][info ][gc,heap     ] GC(531) Eden regions: 253->0(254)
[2025-04-03T21:32:50.466-0400][104226.699s][info ][gc,heap     ] GC(531) Survivor regions: 2->2(32)
[2025-04-03T21:32:50.466-0400][104226.699s][info ][gc,heap     ] GC(531) Old regions: 200->200
[2025-04-03T21:32:50.466-0400][104226.699s][info ][gc,heap     ] GC(531) Archive regions: 0->0
[2025-04-03T21:32:50.466-0400][104226.699s][info ][gc,heap     ] GC(531) Humongous regions: 2->2
[2025-04-03T21:32:50.466-0400][104226.699s][info ][gc,metaspace] GC(531) Metaspace: 199274K(201088K)->199274K(201088K) NonClass: 175527K(176448K)->175527K(176448K) Class: 23746K(24640K)->23746K(24640K)
[2025-04-03T21:32:50.466-0400][104226.699s][info ][gc          ] GC(531) Pause Young (Normal) (G1 Evacuation Pause) 455M->202M(512M) 2.670ms
[2025-04-03T21:32:50.466-0400][104226.699s][info ][gc,cpu      ] GC(531) User=0.00s Sys=0.00s Real=0.00s
[2025-04-03T21:32:50.466-0400][104226.699s][info ][safepoint   ] Safepoint "G1CollectForAllocation", Time since last: 213933097800 ns, Reaching safepoint: 128000 ns, Cleanup: 3800 ns, At safepoint: 2762600 ns, Total: 2894400 ns
[2025-04-03T21:36:23.119-0400][104439.351s][debug][safepoint   ] Safepoint synchronization initiated using striped semaphore wait barrier. (246 threads)
[2025-04-03T21:36:23.119-0400][104439.351s][info ][gc,start    ] GC(532) Pause Young (Normal) (G1 Evacuation Pause)
[2025-04-03T21:36:23.119-0400][104439.351s][info ][gc,task     ] GC(532) Using 23 workers of 23 for evacuation
[2025-04-03T21:36:23.126-0400][104439.359s][info ][gc,phases   ] GC(532)   Pre Evacuate Collection Set: 0.2ms
[2025-04-03T21:36:23.126-0400][104439.359s][info ][gc,phases   ] GC(532)   Merge Heap Roots: 0.1ms
[2025-04-03T21:36:23.126-0400][104439.359s][info ][gc,phases   ] GC(532)   Evacuate Collection Set: 3.6ms
[2025-04-03T21:36:23.126-0400][104439.359s][info ][gc,phases   ] GC(532)   Post Evacuate Collection Set: 1.7ms
[2025-04-03T21:36:23.126-0400][104439.359s][info ][gc,phases   ] GC(532)   Other: 1.7ms
[2025-04-03T21:36:23.126-0400][104439.359s][info ][gc,heap     ] GC(532) Eden regions: 254->0(254)
[2025-04-03T21:36:23.126-0400][104439.359s][info ][gc,heap     ] GC(532) Survivor regions: 2->2(32)
[2025-04-03T21:36:23.126-0400][104439.359s][info ][gc,heap     ] GC(532) Old regions: 200->200
[2025-04-03T21:36:23.126-0400][104439.359s][info ][gc,heap     ] GC(532) Archive regions: 0->0
[2025-04-03T21:36:23.126-0400][104439.359s][info ][gc,heap     ] GC(532) Humongous regions: 2->2
[2025-04-03T21:36:23.126-0400][104439.359s][info ][gc,metaspace] GC(532) Metaspace: 199275K(201088K)->199275K(201088K) NonClass: 175528K(176448K)->175528K(176448K) Class: 23746K(24640K)->23746K(24640K)
[2025-04-03T21:36:23.126-0400][104439.359s][info ][gc          ] GC(532) Pause Young (Normal) (G1 Evacuation Pause) 456M->202M(512M) 7.276ms
[2025-04-03T21:36:23.126-0400][104439.359s][info ][gc,cpu      ] GC(532) User=0.00s Sys=0.00s Real=0.01s
[2025-04-03T21:36:23.126-0400][104439.359s][info ][safepoint   ] Safepoint "G1CollectForAllocation", Time since last: 212651801000 ns, Reaching safepoint: 88400 ns, Cleanup: 3400 ns, At safepoint: 7362800 ns, Total: 7454600 ns
[2025-04-03T21:39:58.392-0400][104654.624s][debug][safepoint   ] Safepoint synchronization initiated using striped semaphore wait barrier. (246 threads)
[2025-04-03T21:39:58.392-0400][104654.624s][info ][gc,start    ] GC(533) Pause Young (Normal) (G1 Evacuation Pause)
[2025-04-03T21:39:58.392-0400][104654.624s][info ][gc,task     ] GC(533) Using 23 workers of 23 for evacuation
[2025-04-03T21:39:58.394-0400][104654.626s][info ][gc,phases   ] GC(533)   Pre Evacuate Collection Set: 0.3ms
[2025-04-03T21:39:58.394-0400][104654.626s][info ][gc,phases   ] GC(533)   Merge Heap Roots: 0.1ms
[2025-04-03T21:39:58.394-0400][104654.626s][info ][gc,phases   ] GC(533)   Evacuate Collection Set: 1.0ms
[2025-04-03T21:39:58.394-0400][104654.626s][info ][gc,phases   ] GC(533)   Post Evacuate Collection Set: 0.8ms
[2025-04-03T21:39:58.394-0400][104654.626s][info ][gc,phases   ] GC(533)   Other: 0.1ms
[2025-04-03T21:39:58.394-0400][104654.626s][info ][gc,heap     ] GC(533) Eden regions: 254->0(254)
[2025-04-03T21:39:58.394-0400][104654.626s][info ][gc,heap     ] GC(533) Survivor regions: 2->2(32)
[2025-04-03T21:39:58.394-0400][104654.626s][info ][gc,heap     ] GC(533) Old regions: 200->200
[2025-04-03T21:39:58.394-0400][104654.626s][info ][gc,heap     ] GC(533) Archive regions: 0->0
[2025-04-03T21:39:58.394-0400][104654.626s][info ][gc,heap     ] GC(533) Humongous regions: 2->2
[2025-04-03T21:39:58.394-0400][104654.626s][info ][gc,metaspace] GC(533) Metaspace: 199275K(201088K)->199275K(201088K) NonClass: 175528K(176448K)->175528K(176448K) Class: 23746K(24640K)->23746K(24640K)
[2025-04-03T21:39:58.394-0400][104654.626s][info ][gc          ] GC(533) Pause Young (Normal) (G1 Evacuation Pause) 456M->202M(512M) 2.340ms
[2025-04-03T21:39:58.394-0400][104654.627s][info ][gc,cpu      ] GC(533) User=0.00s Sys=0.00s Real=0.00s
[2025-04-03T21:39:58.394-0400][104654.627s][info ][safepoint   ] Safepoint "G1CollectForAllocation", Time since last: 215265388500 ns, Reaching safepoint: 75400 ns, Cleanup: 3400 ns, At safepoint: 2439800 ns, Total: 2518600 ns
[2025-04-03T21:43:29.972-0400][104866.204s][debug][safepoint   ] Safepoint synchronization initiated using striped semaphore wait barrier. (245 threads)
[2025-04-03T21:43:29.972-0400][104866.204s][info ][gc,start    ] GC(534) Pause Young (Normal) (G1 Evacuation Pause)
[2025-04-03T21:43:29.972-0400][104866.204s][info ][gc,task     ] GC(534) Using 23 workers of 23 for evacuation
[2025-04-03T21:43:29.975-0400][104866.208s][info ][gc,phases   ] GC(534)   Pre Evacuate Collection Set: 0.1ms
[2025-04-03T21:43:29.975-0400][104866.208s][info ][gc,phases   ] GC(534)   Merge Heap Roots: 0.1ms
[2025-04-03T21:43:29.975-0400][104866.208s][info ][gc,phases   ] GC(534)   Evacuate Collection Set: 1.8ms
[2025-04-03T21:43:29.975-0400][104866.208s][info ][gc,phases   ] GC(534)   Post Evacuate Collection Set: 1.4ms
[2025-04-03T21:43:29.975-0400][104866.208s][info ][gc,phases   ] GC(534)   Other: 0.1ms
[2025-04-03T21:43:29.975-0400][104866.208s][info ][gc,heap     ] GC(534) Eden regions: 254->0(253)
[2025-04-03T21:43:29.975-0400][104866.208s][info ][gc,heap     ] GC(534) Survivor regions: 2->2(32)
[2025-04-03T21:43:29.975-0400][104866.208s][info ][gc,heap     ] GC(534) Old regions: 200->200
[2025-04-03T21:43:29.975-0400][104866.208s][info ][gc,heap     ] GC(534) Archive regions: 0->0
[2025-04-03T21:43:29.975-0400][104866.208s][info ][gc,heap     ] GC(534) Humongous regions: 2->2
[2025-04-03T21:43:29.975-0400][104866.208s][info ][gc,metaspace] GC(534) Metaspace: 199275K(201088K)->199275K(201088K) NonClass: 175528K(176448K)->175528K(176448K) Class: 23746K(24640K)->23746K(24640K)
[2025-04-03T21:43:29.975-0400][104866.208s][info ][gc          ] GC(534) Pause Young (Normal) (G1 Evacuation Pause) 456M->202M(512M) 3.593ms
[2025-04-03T21:43:29.975-0400][104866.208s][info ][gc,cpu      ] GC(534) User=0.00s Sys=0.00s Real=0.00s
[2025-04-03T21:43:29.975-0400][104866.208s][info ][safepoint   ] Safepoint "G1CollectForAllocation", Time since last: 211577467700 ns, Reaching safepoint: 56200 ns, Cleanup: 3700 ns, At safepoint: 3685200 ns, Total: 3745100 ns
[2025-04-03T21:47:01.423-0400][105077.655s][debug][safepoint   ] Safepoint synchronization initiated using striped semaphore wait barrier. (245 threads)
[2025-04-03T21:47:01.423-0400][105077.655s][info ][gc,start    ] GC(535) Pause Young (Normal) (G1 Evacuation Pause)
[2025-04-03T21:47:01.423-0400][105077.655s][info ][gc,task     ] GC(535) Using 23 workers of 23 for evacuation
[2025-04-03T21:47:01.426-0400][105077.658s][info ][gc,phases   ] GC(535)   Pre Evacuate Collection Set: 0.3ms
[2025-04-03T21:47:01.426-0400][105077.658s][info ][gc,phases   ] GC(535)   Merge Heap Roots: 0.1ms
[2025-04-03T21:47:01.426-0400][105077.658s][info ][gc,phases   ] GC(535)   Evacuate Collection Set: 1.5ms
[2025-04-03T21:47:01.426-0400][105077.658s][info ][gc,phases   ] GC(535)   Post Evacuate Collection Set: 0.9ms
[2025-04-03T21:47:01.426-0400][105077.658s][info ][gc,phases   ] GC(535)   Other: 0.1ms
[2025-04-03T21:47:01.426-0400][105077.658s][info ][gc,heap     ] GC(535) Eden regions: 253->0(253)
[2025-04-03T21:47:01.426-0400][105077.658s][info ][gc,heap     ] GC(535) Survivor regions: 2->2(32)
[2025-04-03T21:47:01.426-0400][105077.658s][info ][gc,heap     ] GC(535) Old regions: 200->200
[2025-04-03T21:47:01.426-0400][105077.658s][info ][gc,heap     ] GC(535) Archive regions: 0->0
[2025-04-03T21:47:01.426-0400][105077.658s][info ][gc,heap     ] GC(535) Humongous regions: 2->2
[2025-04-03T21:47:01.426-0400][105077.658s][info ][gc,metaspace] GC(535) Metaspace: 199275K(201088K)->199275K(201088K) NonClass: 175528K(176448K)->175528K(176448K) Class: 23746K(24640K)->23746K(24640K)
[2025-04-03T21:47:01.426-0400][105077.658s][info ][gc          ] GC(535) Pause Young (Normal) (G1 Evacuation Pause) 455M->202M(512M) 2.967ms
[2025-04-03T21:47:01.426-0400][105077.658s][info ][gc,cpu      ] GC(535) User=0.03s Sys=0.00s Real=0.00s
[2025-04-03T21:47:01.426-0400][105077.658s][info ][safepoint   ] Safepoint "G1CollectForAllocation", Time since last: 211447270000 ns, Reaching safepoint: 89200 ns, Cleanup: 2800 ns, At safepoint: 3061700 ns, Total: 3153700 ns
[2025-04-03T21:50:33.439-0400][105289.672s][debug][safepoint   ] Safepoint synchronization initiated using striped semaphore wait barrier. (245 threads)
[2025-04-03T21:50:33.439-0400][105289.672s][info ][gc,start    ] GC(536) Pause Young (Normal) (G1 Evacuation Pause)
[2025-04-03T21:50:33.440-0400][105289.672s][info ][gc,task     ] GC(536) Using 23 workers of 23 for evacuation
[2025-04-03T21:50:33.442-0400][105289.675s][info ][gc,phases   ] GC(536)   Pre Evacuate Collection Set: 0.2ms
[2025-04-03T21:50:33.442-0400][105289.675s][info ][gc,phases   ] GC(536)   Merge Heap Roots: 0.1ms
[2025-04-03T21:50:33.442-0400][105289.675s][info ][gc,phases   ] GC(536)   Evacuate Collection Set: 0.8ms
[2025-04-03T21:50:33.442-0400][105289.675s][info ][gc,phases   ] GC(536)   Post Evacuate Collection Set: 1.0ms
[2025-04-03T21:50:33.442-0400][105289.675s][info ][gc,phases   ] GC(536)   Other: 0.1ms
[2025-04-03T21:50:33.442-0400][105289.675s][info ][gc,heap     ] GC(536) Eden regions: 253->0(253)
[2025-04-03T21:50:33.442-0400][105289.675s][info ][gc,heap     ] GC(536) Survivor regions: 2->2(32)
[2025-04-03T21:50:33.442-0400][105289.675s][info ][gc,heap     ] GC(536) Old regions: 200->200
[2025-04-03T21:50:33.442-0400][105289.675s][info ][gc,heap     ] GC(536) Archive regions: 0->0
[2025-04-03T21:50:33.442-0400][105289.675s][info ][gc,heap     ] GC(536) Humongous regions: 2->2
[2025-04-03T21:50:33.442-0400][105289.675s][info ][gc,metaspace] GC(536) Metaspace: 199275K(201088K)->199275K(201088K) NonClass: 175528K(176448K)->175528K(176448K) Class: 23746K(24640K)->23746K(24640K)
[2025-04-03T21:50:33.442-0400][105289.675s][info ][gc          ] GC(536) Pause Young (Normal) (G1 Evacuation Pause) 455M->202M(512M) 2.286ms
[2025-04-03T21:50:33.442-0400][105289.675s][info ][gc,cpu      ] GC(536) User=0.00s Sys=0.00s Real=0.00s
[2025-04-03T21:50:33.442-0400][105289.675s][info ][safepoint   ] Safepoint "G1CollectForAllocation", Time since last: 212014039300 ns, Reaching safepoint: 59700 ns, Cleanup: 4300 ns, At safepoint: 2378400 ns, Total: 2442400 ns
[2025-04-03T21:54:07.924-0400][105504.156s][debug][safepoint   ] Safepoint synchronization initiated using striped semaphore wait barrier. (245 threads)
[2025-04-03T21:54:07.924-0400][105504.156s][info ][gc,start    ] GC(537) Pause Young (Normal) (G1 Evacuation Pause)
[2025-04-03T21:54:07.924-0400][105504.156s][info ][gc,task     ] GC(537) Using 23 workers of 23 for evacuation
[2025-04-03T21:54:07.927-0400][105504.160s][info ][gc,phases   ] GC(537)   Pre Evacuate Collection Set: 0.2ms
[2025-04-03T21:54:07.927-0400][105504.160s][info ][gc,phases   ] GC(537)   Merge Heap Roots: 0.1ms
[2025-04-03T21:54:07.927-0400][105504.160s][info ][gc,phases   ] GC(537)   Evacuate Collection Set: 1.9ms
[2025-04-03T21:54:07.927-0400][105504.160s][info ][gc,phases   ] GC(537)   Post Evacuate Collection Set: 1.7ms
[2025-04-03T21:54:07.927-0400][105504.160s][info ][gc,phases   ] GC(537)   Other: 0.1ms
[2025-04-03T21:54:07.927-0400][105504.160s][info ][gc,heap     ] GC(537) Eden regions: 253->0(253)
[2025-04-03T21:54:07.927-0400][105504.160s][info ][gc,heap     ] GC(537) Survivor regions: 2->2(32)
[2025-04-03T21:54:07.927-0400][105504.160s][info ][gc,heap     ] GC(537) Old regions: 200->200
[2025-04-03T21:54:07.927-0400][105504.160s][info ][gc,heap     ] GC(537) Archive regions: 0->0
[2025-04-03T21:54:07.927-0400][105504.160s][info ][gc,heap     ] GC(537) Humongous regions: 2->2
[2025-04-03T21:54:07.927-0400][105504.160s][info ][gc,metaspace] GC(537) Metaspace: 199275K(201088K)->199275K(201088K) NonClass: 175528K(176448K)->175528K(176448K) Class: 23746K(24640K)->23746K(24640K)
[2025-04-03T21:54:07.927-0400][105504.160s][info ][gc          ] GC(537) Pause Young (Normal) (G1 Evacuation Pause) 455M->202M(512M) 4.138ms
[2025-04-03T21:54:07.927-0400][105504.160s][info ][gc,cpu      ] GC(537) User=0.00s Sys=0.00s Real=0.00s
[2025-04-03T21:54:07.927-0400][105504.160s][info ][safepoint   ] Safepoint "G1CollectForAllocation", Time since last: 214481379200 ns, Reaching safepoint: 85300 ns, Cleanup: 3500 ns, At safepoint: 4318900 ns, Total: 4407700 ns
[2025-04-03T21:57:40.016-0400][105716.248s][debug][safepoint   ] Safepoint synchronization initiated using striped semaphore wait barrier. (245 threads)
[2025-04-03T21:57:40.016-0400][105716.248s][info ][gc,start    ] GC(538) Pause Young (Normal) (G1 Evacuation Pause)
[2025-04-03T21:57:40.016-0400][105716.248s][info ][gc,task     ] GC(538) Using 23 workers of 23 for evacuation
[2025-04-03T21:57:40.018-0400][105716.251s][info ][gc,phases   ] GC(538)   Pre Evacuate Collection Set: 0.1ms
[2025-04-03T21:57:40.018-0400][105716.251s][info ][gc,phases   ] GC(538)   Merge Heap Roots: 0.1ms
[2025-04-03T21:57:40.018-0400][105716.251s][info ][gc,phases   ] GC(538)   Evacuate Collection Set: 1.1ms
[2025-04-03T21:57:40.018-0400][105716.251s][info ][gc,phases   ] GC(538)   Post Evacuate Collection Set: 0.9ms
[2025-04-03T21:57:40.018-0400][105716.251s][info ][gc,phases   ] GC(538)   Other: 0.1ms
[2025-04-03T21:57:40.018-0400][105716.251s][info ][gc,heap     ] GC(538) Eden regions: 253->0(253)
[2025-04-03T21:57:40.018-0400][105716.251s][info ][gc,heap     ] GC(538) Survivor regions: 2->2(32)
[2025-04-03T21:57:40.018-0400][105716.251s][info ][gc,heap     ] GC(538) Old regions: 200->200
[2025-04-03T21:57:40.018-0400][105716.251s][info ][gc,heap     ] GC(538) Archive regions: 0->0
[2025-04-03T21:57:40.018-0400][105716.251s][info ][gc,heap     ] GC(538) Humongous regions: 2->2
[2025-04-03T21:57:40.018-0400][105716.251s][info ][gc,metaspace] GC(538) Metaspace: 199275K(201088K)->199275K(201088K) NonClass: 175528K(176448K)->175528K(176448K) Class: 23746K(24640K)->23746K(24640K)
[2025-04-03T21:57:40.018-0400][105716.251s][info ][gc          ] GC(538) Pause Young (Normal) (G1 Evacuation Pause) 455M->202M(512M) 2.456ms
[2025-04-03T21:57:40.018-0400][105716.251s][info ][gc,cpu      ] GC(538) User=0.05s Sys=0.00s Real=0.00s
[2025-04-03T21:57:40.018-0400][105716.251s][info ][safepoint   ] Safepoint "G1CollectForAllocation", Time since last: 212087771400 ns, Reaching safepoint: 72500 ns, Cleanup: 6300 ns, At safepoint: 2555900 ns, Total: 2634700 ns
[2025-04-03T22:01:13.559-0400][105929.792s][debug][safepoint   ] Safepoint synchronization initiated using striped semaphore wait barrier. (245 threads)
[2025-04-03T22:01:13.559-0400][105929.792s][info ][gc,start    ] GC(539) Pause Young (Normal) (G1 Evacuation Pause)
[2025-04-03T22:01:13.559-0400][105929.792s][info ][gc,task     ] GC(539) Using 23 workers of 23 for evacuation
[2025-04-03T22:01:13.564-0400][105929.797s][info ][gc,phases   ] GC(539)   Pre Evacuate Collection Set: 0.1ms
[2025-04-03T22:01:13.564-0400][105929.797s][info ][gc,phases   ] GC(539)   Merge Heap Roots: 0.1ms
[2025-04-03T22:01:13.564-0400][105929.797s][info ][gc,phases   ] GC(539)   Evacuate Collection Set: 3.3ms
[2025-04-03T22:01:13.564-0400][105929.797s][info ][gc,phases   ] GC(539)   Post Evacuate Collection Set: 1.3ms
[2025-04-03T22:01:13.564-0400][105929.797s][info ][gc,phases   ] GC(539)   Other: 0.1ms
[2025-04-03T22:01:13.564-0400][105929.797s][info ][gc,heap     ] GC(539) Eden regions: 253->0(254)
[2025-04-03T22:01:13.564-0400][105929.797s][info ][gc,heap     ] GC(539) Survivor regions: 2->2(32)
[2025-04-03T22:01:13.564-0400][105929.797s][info ][gc,heap     ] GC(539) Old regions: 200->200
[2025-04-03T22:01:13.564-0400][105929.797s][info ][gc,heap     ] GC(539) Archive regions: 0->0
[2025-04-03T22:01:13.564-0400][105929.797s][info ][gc,heap     ] GC(539) Humongous regions: 2->2
[2025-04-03T22:01:13.564-0400][105929.797s][info ][gc,metaspace] GC(539) Metaspace: 199275K(201088K)->199275K(201088K) NonClass: 175528K(176448K)->175528K(176448K) Class: 23746K(24640K)->23746K(24640K)
[2025-04-03T22:01:13.564-0400][105929.797s][info ][gc          ] GC(539) Pause Young (Normal) (G1 Evacuation Pause) 455M->202M(512M) 5.018ms
[2025-04-03T22:01:13.564-0400][105929.797s][info ][gc,cpu      ] GC(539) User=0.03s Sys=0.00s Real=0.00s
[2025-04-03T22:01:13.564-0400][105929.797s][info ][safepoint   ] Safepoint "G1CollectForAllocation", Time since last: 213541122000 ns, Reaching safepoint: 70900 ns, Cleanup: 3400 ns, At safepoint: 5098400 ns, Total: 5172700 ns
[2025-04-03T22:04:46.221-0400][106142.453s][debug][safepoint   ] Safepoint synchronization initiated using striped semaphore wait barrier. (245 threads)
[2025-04-03T22:04:46.221-0400][106142.453s][info ][gc,start    ] GC(540) Pause Young (Normal) (G1 Evacuation Pause)
[2025-04-03T22:04:46.221-0400][106142.453s][info ][gc,task     ] GC(540) Using 23 workers of 23 for evacuation
[2025-04-03T22:04:46.224-0400][106142.457s][info ][gc,phases   ] GC(540)   Pre Evacuate Collection Set: 0.2ms
[2025-04-03T22:04:46.224-0400][106142.457s][info ][gc,phases   ] GC(540)   Merge Heap Roots: 0.1ms
[2025-04-03T22:04:46.224-0400][106142.457s][info ][gc,phases   ] GC(540)   Evacuate Collection Set: 2.5ms
[2025-04-03T22:04:46.224-0400][106142.457s][info ][gc,phases   ] GC(540)   Post Evacuate Collection Set: 1.3ms
[2025-04-03T22:04:46.224-0400][106142.457s][info ][gc,phases   ] GC(540)   Other: 0.1ms
[2025-04-03T22:04:46.224-0400][106142.457s][info ][gc,heap     ] GC(540) Eden regions: 254->0(254)
[2025-04-03T22:04:46.224-0400][106142.457s][info ][gc,heap     ] GC(540) Survivor regions: 2->2(32)
[2025-04-03T22:04:46.224-0400][106142.457s][info ][gc,heap     ] GC(540) Old regions: 200->200
[2025-04-03T22:04:46.224-0400][106142.457s][info ][gc,heap     ] GC(540) Archive regions: 0->0
[2025-04-03T22:04:46.224-0400][106142.457s][info ][gc,heap     ] GC(540) Humongous regions: 2->2
[2025-04-03T22:04:46.224-0400][106142.457s][info ][gc,metaspace] GC(540) Metaspace: 199275K(201088K)->199275K(201088K) NonClass: 175528K(176448K)->175528K(176448K) Class: 23746K(24640K)->23746K(24640K)
[2025-04-03T22:04:46.224-0400][106142.457s][info ][gc          ] GC(540) Pause Young (Normal) (G1 Evacuation Pause) 456M->202M(512M) 4.230ms
[2025-04-03T22:04:46.224-0400][106142.457s][info ][gc,cpu      ] GC(540) User=0.00s Sys=0.00s Real=0.00s
[2025-04-03T22:04:46.224-0400][106142.457s][info ][safepoint   ] Safepoint "G1CollectForAllocation", Time since last: 212655914100 ns, Reaching safepoint: 95900 ns, Cleanup: 5100 ns, At safepoint: 4298700 ns, Total: 4399700 ns
[2025-04-03T22:06:12.265-0400][106228.497s][debug][safepoint   ] Safepoint synchronization initiated using striped semaphore wait barrier. (245 threads)
[2025-04-03T22:06:12.265-0400][106228.498s][info ][safepoint   ] Safepoint "Cleanup", Time since last: 86040005900 ns, Reaching safepoint: 41300 ns, Cleanup: 7600 ns, At safepoint: 1300 ns, Total: 50200 ns
[2025-04-03T22:08:21.275-0400][106357.508s][debug][safepoint   ] Safepoint synchronization initiated using striped semaphore wait barrier. (245 threads)
[2025-04-03T22:08:21.275-0400][106357.508s][info ][gc,start    ] GC(541) Pause Young (Normal) (G1 Evacuation Pause)
[2025-04-03T22:08:21.275-0400][106357.508s][info ][gc,task     ] GC(541) Using 23 workers of 23 for evacuation
[2025-04-03T22:08:21.277-0400][106357.510s][info ][gc,phases   ] GC(541)   Pre Evacuate Collection Set: 0.1ms
[2025-04-03T22:08:21.277-0400][106357.510s][info ][gc,phases   ] GC(541)   Merge Heap Roots: 0.1ms
[2025-04-03T22:08:21.277-0400][106357.510s][info ][gc,phases   ] GC(541)   Evacuate Collection Set: 1.0ms
[2025-04-03T22:08:21.277-0400][106357.510s][info ][gc,phases   ] GC(541)   Post Evacuate Collection Set: 0.9ms
[2025-04-03T22:08:21.277-0400][106357.510s][info ][gc,phases   ] GC(541)   Other: 0.2ms
[2025-04-03T22:08:21.277-0400][106357.510s][info ][gc,heap     ] GC(541) Eden regions: 254->0(254)
[2025-04-03T22:08:21.277-0400][106357.510s][info ][gc,heap     ] GC(541) Survivor regions: 2->2(32)
[2025-04-03T22:08:21.277-0400][106357.510s][info ][gc,heap     ] GC(541) Old regions: 200->200
[2025-04-03T22:08:21.277-0400][106357.510s][info ][gc,heap     ] GC(541) Archive regions: 0->0
[2025-04-03T22:08:21.277-0400][106357.510s][info ][gc,heap     ] GC(541) Humongous regions: 2->2
[2025-04-03T22:08:21.277-0400][106357.510s][info ][gc,metaspace] GC(541) Metaspace: 199275K(201088K)->199275K(201088K) NonClass: 175528K(176448K)->175528K(176448K) Class: 23746K(24640K)->23746K(24640K)
[2025-04-03T22:08:21.277-0400][106357.510s][info ][gc          ] GC(541) Pause Young (Normal) (G1 Evacuation Pause) 456M->202M(512M) 2.351ms
[2025-04-03T22:08:21.277-0400][106357.510s][info ][gc,cpu      ] GC(541) User=0.00s Sys=0.00s Real=0.00s
[2025-04-03T22:08:21.277-0400][106357.510s][info ][safepoint   ] Safepoint "G1CollectForAllocation", Time since last: 129010110000 ns, Reaching safepoint: 68000 ns, Cleanup: 3300 ns, At safepoint: 2424800 ns, Total: 2496100 ns
[2025-04-03T22:11:54.798-0400][106571.030s][debug][safepoint   ] Safepoint synchronization initiated using striped semaphore wait barrier. (245 threads)
[2025-04-03T22:11:54.798-0400][106571.030s][info ][gc,start    ] GC(542) Pause Young (Normal) (G1 Evacuation Pause)
[2025-04-03T22:11:54.798-0400][106571.030s][info ][gc,task     ] GC(542) Using 23 workers of 23 for evacuation
[2025-04-03T22:11:54.800-0400][106571.032s][info ][gc,phases   ] GC(542)   Pre Evacuate Collection Set: 0.1ms
[2025-04-03T22:11:54.800-0400][106571.032s][info ][gc,phases   ] GC(542)   Merge Heap Roots: 0.1ms
[2025-04-03T22:11:54.800-0400][106571.032s][info ][gc,phases   ] GC(542)   Evacuate Collection Set: 1.0ms
[2025-04-03T22:11:54.800-0400][106571.032s][info ][gc,phases   ] GC(542)   Post Evacuate Collection Set: 0.7ms
[2025-04-03T22:11:54.800-0400][106571.032s][info ][gc,phases   ] GC(542)   Other: 0.1ms
[2025-04-03T22:11:54.800-0400][106571.032s][info ][gc,heap     ] GC(542) Eden regions: 254->0(254)
[2025-04-03T22:11:54.800-0400][106571.032s][info ][gc,heap     ] GC(542) Survivor regions: 2->2(32)
[2025-04-03T22:11:54.800-0400][106571.032s][info ][gc,heap     ] GC(542) Old regions: 200->200
[2025-04-03T22:11:54.800-0400][106571.032s][info ][gc,heap     ] GC(542) Archive regions: 0->0
[2025-04-03T22:11:54.800-0400][106571.032s][info ][gc,heap     ] GC(542) Humongous regions: 2->2
[2025-04-03T22:11:54.800-0400][106571.032s][info ][gc,metaspace] GC(542) Metaspace: 199275K(201088K)->199275K(201088K) NonClass: 175528K(176448K)->175528K(176448K) Class: 23746K(24640K)->23746K(24640K)
[2025-04-03T22:11:54.800-0400][106571.032s][info ][gc          ] GC(542) Pause Young (Normal) (G1 Evacuation Pause) 456M->202M(512M) 2.182ms
[2025-04-03T22:11:54.800-0400][106571.032s][info ][gc,cpu      ] GC(542) User=0.06s Sys=0.00s Real=0.00s
[2025-04-03T22:11:54.800-0400][106571.032s][info ][safepoint   ] Safepoint "G1CollectForAllocation", Time since last: 213519990600 ns, Reaching safepoint: 73100 ns, Cleanup: 4500 ns, At safepoint: 2286400 ns, Total: 2364000 ns
[2025-04-03T22:15:25.998-0400][106782.230s][debug][safepoint   ] Safepoint synchronization initiated using striped semaphore wait barrier. (245 threads)
[2025-04-03T22:15:25.998-0400][106782.230s][info ][gc,start    ] GC(543) Pause Young (Normal) (G1 Evacuation Pause)
[2025-04-03T22:15:25.998-0400][106782.230s][info ][gc,task     ] GC(543) Using 23 workers of 23 for evacuation
[2025-04-03T22:15:26.000-0400][106782.233s][info ][gc,phases   ] GC(543)   Pre Evacuate Collection Set: 0.1ms
[2025-04-03T22:15:26.000-0400][106782.233s][info ][gc,phases   ] GC(543)   Merge Heap Roots: 0.1ms
[2025-04-03T22:15:26.000-0400][106782.233s][info ][gc,phases   ] GC(543)   Evacuate Collection Set: 1.4ms
[2025-04-03T22:15:26.000-0400][106782.233s][info ][gc,phases   ] GC(543)   Post Evacuate Collection Set: 0.9ms
[2025-04-03T22:15:26.000-0400][106782.233s][info ][gc,phases   ] GC(543)   Other: 0.1ms
[2025-04-03T22:15:26.000-0400][106782.233s][info ][gc,heap     ] GC(543) Eden regions: 254->0(253)
[2025-04-03T22:15:26.000-0400][106782.233s][info ][gc,heap     ] GC(543) Survivor regions: 2->2(32)
[2025-04-03T22:15:26.000-0400][106782.233s][info ][gc,heap     ] GC(543) Old regions: 200->200
[2025-04-03T22:15:26.000-0400][106782.233s][info ][gc,heap     ] GC(543) Archive regions: 0->0
[2025-04-03T22:15:26.000-0400][106782.233s][info ][gc,heap     ] GC(543) Humongous regions: 2->2
[2025-04-03T22:15:26.000-0400][106782.233s][info ][gc,metaspace] GC(543) Metaspace: 199275K(201088K)->199275K(201088K) NonClass: 175528K(176448K)->175528K(176448K) Class: 23746K(24640K)->23746K(24640K)
[2025-04-03T22:15:26.000-0400][106782.233s][info ][gc          ] GC(543) Pause Young (Normal) (G1 Evacuation Pause) 456M->202M(512M) 2.690ms
[2025-04-03T22:15:26.000-0400][106782.233s][info ][gc,cpu      ] GC(543) User=0.00s Sys=0.00s Real=0.00s
[2025-04-03T22:15:26.000-0400][106782.233s][info ][safepoint   ] Safepoint "G1CollectForAllocation", Time since last: 211197773300 ns, Reaching safepoint: 69500 ns, Cleanup: 3800 ns, At safepoint: 2770000 ns, Total: 2843300 ns
[2025-04-03T22:18:58.055-0400][106994.288s][debug][safepoint   ] Safepoint synchronization initiated using striped semaphore wait barrier. (245 threads)
[2025-04-03T22:18:58.055-0400][106994.288s][info ][gc,start    ] GC(544) Pause Young (Normal) (G1 Evacuation Pause)
[2025-04-03T22:18:58.055-0400][106994.288s][info ][gc,task     ] GC(544) Using 23 workers of 23 for evacuation
[2025-04-03T22:18:58.060-0400][106994.293s][info ][gc,phases   ] GC(544)   Pre Evacuate Collection Set: 0.2ms
[2025-04-03T22:18:58.060-0400][106994.293s][info ][gc,phases   ] GC(544)   Merge Heap Roots: 0.1ms
[2025-04-03T22:18:58.060-0400][106994.293s][info ][gc,phases   ] GC(544)   Evacuate Collection Set: 3.1ms
[2025-04-03T22:18:58.060-0400][106994.293s][info ][gc,phases   ] GC(544)   Post Evacuate Collection Set: 1.3ms
[2025-04-03T22:18:58.060-0400][106994.293s][info ][gc,phases   ] GC(544)   Other: 0.1ms
[2025-04-03T22:18:58.060-0400][106994.293s][info ][gc,heap     ] GC(544) Eden regions: 253->0(253)
[2025-04-03T22:18:58.060-0400][106994.293s][info ][gc,heap     ] GC(544) Survivor regions: 2->2(32)
[2025-04-03T22:18:58.060-0400][106994.293s][info ][gc,heap     ] GC(544) Old regions: 200->200
[2025-04-03T22:18:58.060-0400][106994.293s][info ][gc,heap     ] GC(544) Archive regions: 0->0
[2025-04-03T22:18:58.060-0400][106994.293s][info ][gc,heap     ] GC(544) Humongous regions: 2->2
[2025-04-03T22:18:58.060-0400][106994.293s][info ][gc,metaspace] GC(544) Metaspace: 199275K(201088K)->199275K(201088K) NonClass: 175528K(176448K)->175528K(176448K) Class: 23746K(24640K)->23746K(24640K)
[2025-04-03T22:18:58.060-0400][106994.293s][info ][gc          ] GC(544) Pause Young (Normal) (G1 Evacuation Pause) 455M->202M(512M) 4.912ms
[2025-04-03T22:18:58.060-0400][106994.293s][info ][gc,cpu      ] GC(544) User=0.00s Sys=0.00s Real=0.00s
[2025-04-03T22:18:58.060-0400][106994.293s][info ][safepoint   ] Safepoint "G1CollectForAllocation", Time since last: 212054450500 ns, Reaching safepoint: 108200 ns, Cleanup: 3700 ns, At safepoint: 5014300 ns, Total: 5126200 ns
[2025-04-03T22:22:32.031-0400][107208.263s][debug][safepoint   ] Safepoint synchronization initiated using striped semaphore wait barrier. (246 threads)
[2025-04-03T22:22:32.031-0400][107208.263s][info ][gc,start    ] GC(545) Pause Young (Normal) (G1 Evacuation Pause)
[2025-04-03T22:22:32.031-0400][107208.263s][info ][gc,task     ] GC(545) Using 23 workers of 23 for evacuation
[2025-04-03T22:22:32.033-0400][107208.265s][info ][gc,phases   ] GC(545)   Pre Evacuate Collection Set: 0.2ms
[2025-04-03T22:22:32.033-0400][107208.265s][info ][gc,phases   ] GC(545)   Merge Heap Roots: 0.1ms
[2025-04-03T22:22:32.033-0400][107208.266s][info ][gc,phases   ] GC(545)   Evacuate Collection Set: 1.1ms
[2025-04-03T22:22:32.033-0400][107208.266s][info ][gc,phases   ] GC(545)   Post Evacuate Collection Set: 0.9ms
[2025-04-03T22:22:32.033-0400][107208.266s][info ][gc,phases   ] GC(545)   Other: 0.1ms
[2025-04-03T22:22:32.033-0400][107208.266s][info ][gc,heap     ] GC(545) Eden regions: 253->0(253)
[2025-04-03T22:22:32.033-0400][107208.266s][info ][gc,heap     ] GC(545) Survivor regions: 2->2(32)
[2025-04-03T22:22:32.033-0400][107208.266s][info ][gc,heap     ] GC(545) Old regions: 200->200
[2025-04-03T22:22:32.033-0400][107208.266s][info ][gc,heap     ] GC(545) Archive regions: 0->0
[2025-04-03T22:22:32.033-0400][107208.266s][info ][gc,heap     ] GC(545) Humongous regions: 2->2
[2025-04-03T22:22:32.033-0400][107208.266s][info ][gc,metaspace] GC(545) Metaspace: 199275K(201088K)->199275K(201088K) NonClass: 175528K(176448K)->175528K(176448K) Class: 23746K(24640K)->23746K(24640K)
[2025-04-03T22:22:32.033-0400][107208.266s][info ][gc          ] GC(545) Pause Young (Normal) (G1 Evacuation Pause) 455M->202M(512M) 2.462ms
[2025-04-03T22:22:32.033-0400][107208.266s][info ][gc,cpu      ] GC(545) User=0.08s Sys=0.00s Real=0.00s
[2025-04-03T22:22:32.033-0400][107208.266s][info ][safepoint   ] Safepoint "G1CollectForAllocation", Time since last: 213970308500 ns, Reaching safepoint: 71600 ns, Cleanup: 7100 ns, At safepoint: 2548400 ns, Total: 2627100 ns
[2025-04-03T22:23:12.051-0400][107248.283s][debug][safepoint   ] Safepoint synchronization initiated using striped semaphore wait barrier. (246 threads)
[2025-04-03T22:23:12.051-0400][107248.283s][info ][safepoint   ] Safepoint "Cleanup", Time since last: 40017415300 ns, Reaching safepoint: 73200 ns, Cleanup: 6900 ns, At safepoint: 1600 ns, Total: 81700 ns
[2025-04-03T22:24:12.082-0400][107308.314s][debug][safepoint   ] Safepoint synchronization initiated using striped semaphore wait barrier. (246 threads)
[2025-04-03T22:24:12.082-0400][107308.314s][info ][safepoint   ] Safepoint "Cleanup", Time since last: 60030946100 ns, Reaching safepoint: 40000 ns, Cleanup: 7800 ns, At safepoint: 1200 ns, Total: 49000 ns
[2025-04-03T22:26:03.961-0400][107420.194s][debug][safepoint   ] Safepoint synchronization initiated using striped semaphore wait barrier. (246 threads)
[2025-04-03T22:26:03.961-0400][107420.194s][info ][gc,start    ] GC(546) Pause Young (Normal) (G1 Evacuation Pause)
[2025-04-03T22:26:03.961-0400][107420.194s][info ][gc,task     ] GC(546) Using 23 workers of 23 for evacuation
[2025-04-03T22:26:03.965-0400][107420.198s][info ][gc,phases   ] GC(546)   Pre Evacuate Collection Set: 0.1ms
[2025-04-03T22:26:03.965-0400][107420.198s][info ][gc,phases   ] GC(546)   Merge Heap Roots: 0.1ms
[2025-04-03T22:26:03.965-0400][107420.198s][info ][gc,phases   ] GC(546)   Evacuate Collection Set: 2.7ms
[2025-04-03T22:26:03.965-0400][107420.198s][info ][gc,phases   ] GC(546)   Post Evacuate Collection Set: 1.3ms
[2025-04-03T22:26:03.965-0400][107420.198s][info ][gc,phases   ] GC(546)   Other: 0.1ms
[2025-04-03T22:26:03.965-0400][107420.198s][info ][gc,heap     ] GC(546) Eden regions: 253->0(253)
[2025-04-03T22:26:03.965-0400][107420.198s][info ][gc,heap     ] GC(546) Survivor regions: 2->2(32)
[2025-04-03T22:26:03.965-0400][107420.198s][info ][gc,heap     ] GC(546) Old regions: 200->200
[2025-04-03T22:26:03.965-0400][107420.198s][info ][gc,heap     ] GC(546) Archive regions: 0->0
[2025-04-03T22:26:03.965-0400][107420.198s][info ][gc,heap     ] GC(546) Humongous regions: 2->2
[2025-04-03T22:26:03.965-0400][107420.198s][info ][gc,metaspace] GC(546) Metaspace: 199275K(201088K)->199275K(201088K) NonClass: 175528K(176448K)->175528K(176448K) Class: 23746K(24640K)->23746K(24640K)
[2025-04-03T22:26:03.965-0400][107420.198s][info ][gc          ] GC(546) Pause Young (Normal) (G1 Evacuation Pause) 455M->202M(512M) 4.377ms
[2025-04-03T22:26:03.965-0400][107420.198s][info ][gc,cpu      ] GC(546) User=0.00s Sys=0.00s Real=0.00s
[2025-04-03T22:26:03.965-0400][107420.198s][info ][safepoint   ] Safepoint "G1CollectForAllocation", Time since last: 111879542200 ns, Reaching safepoint: 68900 ns, Cleanup: 2400 ns, At safepoint: 4450500 ns, Total: 4521800 ns
[2025-04-03T22:29:02.042-0400][107598.274s][debug][safepoint   ] Safepoint synchronization initiated using striped semaphore wait barrier. (246 threads)
[2025-04-03T22:29:02.042-0400][107598.274s][info ][safepoint   ] Safepoint "Cleanup", Time since last: 178075733300 ns, Reaching safepoint: 63500 ns, Cleanup: 10200 ns, At safepoint: 1400 ns, Total: 75100 ns
[2025-04-03T22:29:37.328-0400][107633.561s][debug][safepoint   ] Safepoint synchronization initiated using striped semaphore wait barrier. (246 threads)
[2025-04-03T22:29:37.328-0400][107633.561s][info ][gc,start    ] GC(547) Pause Young (Normal) (G1 Evacuation Pause)
[2025-04-03T22:29:37.328-0400][107633.561s][info ][gc,task     ] GC(547) Using 23 workers of 23 for evacuation
[2025-04-03T22:29:37.330-0400][107633.563s][info ][gc,phases   ] GC(547)   Pre Evacuate Collection Set: 0.1ms
[2025-04-03T22:29:37.330-0400][107633.563s][info ][gc,phases   ] GC(547)   Merge Heap Roots: 0.1ms
[2025-04-03T22:29:37.330-0400][107633.563s][info ][gc,phases   ] GC(547)   Evacuate Collection Set: 1.1ms
[2025-04-03T22:29:37.330-0400][107633.563s][info ][gc,phases   ] GC(547)   Post Evacuate Collection Set: 1.0ms
[2025-04-03T22:29:37.330-0400][107633.563s][info ][gc,phases   ] GC(547)   Other: 0.1ms
[2025-04-03T22:29:37.330-0400][107633.563s][info ][gc,heap     ] GC(547) Eden regions: 253->0(253)
[2025-04-03T22:29:37.330-0400][107633.563s][info ][gc,heap     ] GC(547) Survivor regions: 2->2(32)
[2025-04-03T22:29:37.330-0400][107633.563s][info ][gc,heap     ] GC(547) Old regions: 200->200
[2025-04-03T22:29:37.330-0400][107633.563s][info ][gc,heap     ] GC(547) Archive regions: 0->0
[2025-04-03T22:29:37.330-0400][107633.563s][info ][gc,heap     ] GC(547) Humongous regions: 2->2
[2025-04-03T22:29:37.330-0400][107633.563s][info ][gc,metaspace] GC(547) Metaspace: 199275K(201088K)->199275K(201088K) NonClass: 175528K(176448K)->175528K(176448K) Class: 23746K(24640K)->23746K(24640K)
[2025-04-03T22:29:37.330-0400][107633.563s][info ][gc          ] GC(547) Pause Young (Normal) (G1 Evacuation Pause) 455M->202M(512M) 2.480ms
[2025-04-03T22:29:37.330-0400][107633.563s][info ][gc,cpu      ] GC(547) User=0.03s Sys=0.02s Real=0.00s
[2025-04-03T22:29:37.330-0400][107633.563s][info ][safepoint   ] Safepoint "G1CollectForAllocation", Time since last: 35286570300 ns, Reaching safepoint: 54500 ns, Cleanup: 2400 ns, At safepoint: 2553000 ns, Total: 2609900 ns
[2025-04-03T22:33:09.860-0400][107846.093s][debug][safepoint   ] Safepoint synchronization initiated using striped semaphore wait barrier. (246 threads)
[2025-04-03T22:33:09.860-0400][107846.093s][info ][gc,start    ] GC(548) Pause Young (Normal) (G1 Evacuation Pause)
[2025-04-03T22:33:09.860-0400][107846.093s][info ][gc,task     ] GC(548) Using 23 workers of 23 for evacuation
[2025-04-03T22:33:09.862-0400][107846.095s][info ][gc,phases   ] GC(548)   Pre Evacuate Collection Set: 0.2ms
[2025-04-03T22:33:09.862-0400][107846.095s][info ][gc,phases   ] GC(548)   Merge Heap Roots: 0.1ms
[2025-04-03T22:33:09.862-0400][107846.095s][info ][gc,phases   ] GC(548)   Evacuate Collection Set: 1.1ms
[2025-04-03T22:33:09.862-0400][107846.095s][info ][gc,phases   ] GC(548)   Post Evacuate Collection Set: 0.8ms
[2025-04-03T22:33:09.862-0400][107846.095s][info ][gc,phases   ] GC(548)   Other: 0.1ms
[2025-04-03T22:33:09.862-0400][107846.095s][info ][gc,heap     ] GC(548) Eden regions: 253->0(254)
[2025-04-03T22:33:09.862-0400][107846.095s][info ][gc,heap     ] GC(548) Survivor regions: 2->2(32)
[2025-04-03T22:33:09.862-0400][107846.095s][info ][gc,heap     ] GC(548) Old regions: 200->200
[2025-04-03T22:33:09.862-0400][107846.095s][info ][gc,heap     ] GC(548) Archive regions: 0->0
[2025-04-03T22:33:09.862-0400][107846.095s][info ][gc,heap     ] GC(548) Humongous regions: 2->2
[2025-04-03T22:33:09.862-0400][107846.095s][info ][gc,metaspace] GC(548) Metaspace: 199275K(201088K)->199275K(201088K) NonClass: 175528K(176448K)->175528K(176448K) Class: 23746K(24640K)->23746K(24640K)
[2025-04-03T22:33:09.862-0400][107846.095s][info ][gc          ] GC(548) Pause Young (Normal) (G1 Evacuation Pause) 455M->202M(512M) 2.269ms
[2025-04-03T22:33:09.862-0400][107846.095s][info ][gc,cpu      ] GC(548) User=0.00s Sys=0.02s Real=0.00s
[2025-04-03T22:33:09.862-0400][107846.095s][info ][safepoint   ] Safepoint "G1CollectForAllocation", Time since last: 212529529700 ns, Reaching safepoint: 93900 ns, Cleanup: 4400 ns, At safepoint: 2353900 ns, Total: 2452200 ns
[2025-04-03T22:36:12.954-0400][108029.186s][debug][safepoint   ] Safepoint synchronization initiated using striped semaphore wait barrier. (247 threads)
[2025-04-03T22:36:12.954-0400][108029.186s][info ][safepoint   ] Safepoint "Cleanup", Time since last: 183091167100 ns, Reaching safepoint: 99400 ns, Cleanup: 6900 ns, At safepoint: 4000 ns, Total: 110300 ns
[2025-04-03T22:36:43.729-0400][108059.961s][debug][safepoint   ] Safepoint synchronization initiated using striped semaphore wait barrier. (246 threads)
[2025-04-03T22:36:43.729-0400][108059.961s][info ][gc,start    ] GC(549) Pause Young (Normal) (G1 Evacuation Pause)
[2025-04-03T22:36:43.729-0400][108059.961s][info ][gc,task     ] GC(549) Using 23 workers of 23 for evacuation
[2025-04-03T22:36:43.733-0400][108059.966s][info ][gc,phases   ] GC(549)   Pre Evacuate Collection Set: 0.1ms
[2025-04-03T22:36:43.733-0400][108059.966s][info ][gc,phases   ] GC(549)   Merge Heap Roots: 0.1ms
[2025-04-03T22:36:43.733-0400][108059.966s][info ][gc,phases   ] GC(549)   Evacuate Collection Set: 2.5ms
[2025-04-03T22:36:43.733-0400][108059.966s][info ][gc,phases   ] GC(549)   Post Evacuate Collection Set: 1.6ms
[2025-04-03T22:36:43.733-0400][108059.966s][info ][gc,phases   ] GC(549)   Other: 0.1ms
[2025-04-03T22:36:43.733-0400][108059.966s][info ][gc,heap     ] GC(549) Eden regions: 254->0(254)
[2025-04-03T22:36:43.733-0400][108059.966s][info ][gc,heap     ] GC(549) Survivor regions: 2->2(32)
[2025-04-03T22:36:43.733-0400][108059.966s][info ][gc,heap     ] GC(549) Old regions: 200->200
[2025-04-03T22:36:43.733-0400][108059.966s][info ][gc,heap     ] GC(549) Archive regions: 0->0
[2025-04-03T22:36:43.733-0400][108059.966s][info ][gc,heap     ] GC(549) Humongous regions: 2->2
[2025-04-03T22:36:43.733-0400][108059.966s][info ][gc,metaspace] GC(549) Metaspace: 199279K(201088K)->199279K(201088K) NonClass: 175533K(176448K)->175533K(176448K) Class: 23746K(24640K)->23746K(24640K)
[2025-04-03T22:36:43.733-0400][108059.966s][info ][gc          ] GC(549) Pause Young (Normal) (G1 Evacuation Pause) 456M->202M(512M) 4.541ms
[2025-04-03T22:36:43.733-0400][108059.966s][info ][gc,cpu      ] GC(549) User=0.00s Sys=0.00s Real=0.00s
[2025-04-03T22:36:43.734-0400][108059.966s][info ][safepoint   ] Safepoint "G1CollectForAllocation", Time since last: 30774780800 ns, Reaching safepoint: 66200 ns, Cleanup: 2100 ns, At safepoint: 4684800 ns, Total: 4753100 ns
[2025-04-03T22:40:16.336-0400][108272.569s][debug][safepoint   ] Safepoint synchronization initiated using striped semaphore wait barrier. (246 threads)
[2025-04-03T22:40:16.336-0400][108272.569s][info ][gc,start    ] GC(550) Pause Young (Normal) (G1 Evacuation Pause)
[2025-04-03T22:40:16.336-0400][108272.569s][info ][gc,task     ] GC(550) Using 23 workers of 23 for evacuation
[2025-04-03T22:40:16.340-0400][108272.573s][info ][gc,phases   ] GC(550)   Pre Evacuate Collection Set: 0.1ms
[2025-04-03T22:40:16.340-0400][108272.573s][info ][gc,phases   ] GC(550)   Merge Heap Roots: 0.1ms
[2025-04-03T22:40:16.340-0400][108272.573s][info ][gc,phases   ] GC(550)   Evacuate Collection Set: 2.6ms
[2025-04-03T22:40:16.340-0400][108272.573s][info ][gc,phases   ] GC(550)   Post Evacuate Collection Set: 1.2ms
[2025-04-03T22:40:16.340-0400][108272.573s][info ][gc,phases   ] GC(550)   Other: 0.1ms
[2025-04-03T22:40:16.340-0400][108272.573s][info ][gc,heap     ] GC(550) Eden regions: 254->0(254)
[2025-04-03T22:40:16.340-0400][108272.573s][info ][gc,heap     ] GC(550) Survivor regions: 2->2(32)
[2025-04-03T22:40:16.340-0400][108272.573s][info ][gc,heap     ] GC(550) Old regions: 200->200
[2025-04-03T22:40:16.340-0400][108272.573s][info ][gc,heap     ] GC(550) Archive regions: 0->0
[2025-04-03T22:40:16.340-0400][108272.573s][info ][gc,heap     ] GC(550) Humongous regions: 2->2
[2025-04-03T22:40:16.340-0400][108272.573s][info ][gc,metaspace] GC(550) Metaspace: 199279K(201088K)->199279K(201088K) NonClass: 175533K(176448K)->175533K(176448K) Class: 23746K(24640K)->23746K(24640K)
[2025-04-03T22:40:16.340-0400][108272.573s][info ][gc          ] GC(550) Pause Young (Normal) (G1 Evacuation Pause) 456M->202M(512M) 4.173ms
[2025-04-03T22:40:16.340-0400][108272.573s][info ][gc,cpu      ] GC(550) User=0.00s Sys=0.00s Real=0.00s
[2025-04-03T22:40:16.340-0400][108272.573s][info ][safepoint   ] Safepoint "G1CollectForAllocation", Time since last: 212602841600 ns, Reaching safepoint: 87100 ns, Cleanup: 3600 ns, At safepoint: 4250000 ns, Total: 4340700 ns
[2025-04-03T22:43:48.998-0400][108485.230s][debug][safepoint   ] Safepoint synchronization initiated using striped semaphore wait barrier. (245 threads)
[2025-04-03T22:43:48.998-0400][108485.230s][info ][gc,start    ] GC(551) Pause Young (Normal) (G1 Evacuation Pause)
[2025-04-03T22:43:48.998-0400][108485.230s][info ][gc,task     ] GC(551) Using 23 workers of 23 for evacuation
[2025-04-03T22:43:49.001-0400][108485.234s][info ][gc,phases   ] GC(551)   Pre Evacuate Collection Set: 0.1ms
[2025-04-03T22:43:49.001-0400][108485.234s][info ][gc,phases   ] GC(551)   Merge Heap Roots: 0.1ms
[2025-04-03T22:43:49.001-0400][108485.234s][info ][gc,phases   ] GC(551)   Evacuate Collection Set: 1.6ms
[2025-04-03T22:43:49.001-0400][108485.234s][info ][gc,phases   ] GC(551)   Post Evacuate Collection Set: 1.2ms
[2025-04-03T22:43:49.001-0400][108485.234s][info ][gc,phases   ] GC(551)   Other: 0.1ms
[2025-04-03T22:43:49.001-0400][108485.234s][info ][gc,heap     ] GC(551) Eden regions: 254->0(253)
[2025-04-03T22:43:49.001-0400][108485.234s][info ][gc,heap     ] GC(551) Survivor regions: 2->2(32)
[2025-04-03T22:43:49.001-0400][108485.234s][info ][gc,heap     ] GC(551) Old regions: 200->200
[2025-04-03T22:43:49.001-0400][108485.234s][info ][gc,heap     ] GC(551) Archive regions: 0->0
[2025-04-03T22:43:49.001-0400][108485.234s][info ][gc,heap     ] GC(551) Humongous regions: 2->2
[2025-04-03T22:43:49.001-0400][108485.234s][info ][gc,metaspace] GC(551) Metaspace: 199279K(201088K)->199279K(201088K) NonClass: 175533K(176448K)->175533K(176448K) Class: 23746K(24640K)->23746K(24640K)
[2025-04-03T22:43:49.001-0400][108485.234s][info ][gc          ] GC(551) Pause Young (Normal) (G1 Evacuation Pause) 456M->202M(512M) 3.209ms
[2025-04-03T22:43:49.001-0400][108485.234s][info ][gc,cpu      ] GC(551) User=0.00s Sys=0.00s Real=0.00s
[2025-04-03T22:43:49.001-0400][108485.234s][info ][safepoint   ] Safepoint "G1CollectForAllocation", Time since last: 212657120700 ns, Reaching safepoint: 93500 ns, Cleanup: 3800 ns, At safepoint: 3286400 ns, Total: 3383700 ns
[2025-04-03T22:47:18.903-0400][108695.136s][debug][safepoint   ] Safepoint synchronization initiated using striped semaphore wait barrier. (245 threads)
[2025-04-03T22:47:18.903-0400][108695.136s][info ][gc,start    ] GC(552) Pause Young (Normal) (G1 Evacuation Pause)
[2025-04-03T22:47:18.903-0400][108695.136s][info ][gc,task     ] GC(552) Using 23 workers of 23 for evacuation
[2025-04-03T22:47:18.908-0400][108695.141s][info ][gc,phases   ] GC(552)   Pre Evacuate Collection Set: 0.2ms
[2025-04-03T22:47:18.908-0400][108695.141s][info ][gc,phases   ] GC(552)   Merge Heap Roots: 0.1ms
[2025-04-03T22:47:18.908-0400][108695.141s][info ][gc,phases   ] GC(552)   Evacuate Collection Set: 3.3ms
[2025-04-03T22:47:18.908-0400][108695.141s][info ][gc,phases   ] GC(552)   Post Evacuate Collection Set: 1.1ms
[2025-04-03T22:47:18.908-0400][108695.141s][info ][gc,phases   ] GC(552)   Other: 0.1ms
[2025-04-03T22:47:18.908-0400][108695.141s][info ][gc,heap     ] GC(552) Eden regions: 253->0(253)
[2025-04-03T22:47:18.908-0400][108695.141s][info ][gc,heap     ] GC(552) Survivor regions: 2->2(32)
[2025-04-03T22:47:18.908-0400][108695.141s][info ][gc,heap     ] GC(552) Old regions: 200->200
[2025-04-03T22:47:18.908-0400][108695.141s][info ][gc,heap     ] GC(552) Archive regions: 0->0
[2025-04-03T22:47:18.908-0400][108695.141s][info ][gc,heap     ] GC(552) Humongous regions: 2->2
[2025-04-03T22:47:18.908-0400][108695.141s][info ][gc,metaspace] GC(552) Metaspace: 199279K(201088K)->199279K(201088K) NonClass: 175533K(176448K)->175533K(176448K) Class: 23746K(24640K)->23746K(24640K)
[2025-04-03T22:47:18.908-0400][108695.141s][info ][gc          ] GC(552) Pause Young (Normal) (G1 Evacuation Pause) 455M->202M(512M) 4.882ms
[2025-04-03T22:47:18.908-0400][108695.141s][info ][gc,cpu      ] GC(552) User=0.03s Sys=0.00s Real=0.00s
[2025-04-03T22:47:18.908-0400][108695.141s][info ][safepoint   ] Safepoint "G1CollectForAllocation", Time since last: 209901963100 ns, Reaching safepoint: 124000 ns, Cleanup: 3000 ns, At safepoint: 4977500 ns, Total: 5104500 ns
[2025-04-03T22:50:53.194-0400][108909.427s][debug][safepoint   ] Safepoint synchronization initiated using striped semaphore wait barrier. (245 threads)
[2025-04-03T22:50:53.194-0400][108909.427s][info ][gc,start    ] GC(553) Pause Young (Normal) (G1 Evacuation Pause)
[2025-04-03T22:50:53.194-0400][108909.427s][info ][gc,task     ] GC(553) Using 23 workers of 23 for evacuation
[2025-04-03T22:50:53.198-0400][108909.430s][info ][gc,phases   ] GC(553)   Pre Evacuate Collection Set: 0.1ms
[2025-04-03T22:50:53.198-0400][108909.430s][info ][gc,phases   ] GC(553)   Merge Heap Roots: 0.1ms
[2025-04-03T22:50:53.198-0400][108909.430s][info ][gc,phases   ] GC(553)   Evacuate Collection Set: 1.6ms
[2025-04-03T22:50:53.198-0400][108909.430s][info ][gc,phases   ] GC(553)   Post Evacuate Collection Set: 1.4ms
[2025-04-03T22:50:53.198-0400][108909.430s][info ][gc,phases   ] GC(553)   Other: 0.1ms
[2025-04-03T22:50:53.198-0400][108909.430s][info ][gc,heap     ] GC(553) Eden regions: 253->0(253)
[2025-04-03T22:50:53.198-0400][108909.430s][info ][gc,heap     ] GC(553) Survivor regions: 2->2(32)
[2025-04-03T22:50:53.198-0400][108909.430s][info ][gc,heap     ] GC(553) Old regions: 200->200
[2025-04-03T22:50:53.198-0400][108909.430s][info ][gc,heap     ] GC(553) Archive regions: 0->0
[2025-04-03T22:50:53.198-0400][108909.430s][info ][gc,heap     ] GC(553) Humongous regions: 2->2
[2025-04-03T22:50:53.198-0400][108909.430s][info ][gc,metaspace] GC(553) Metaspace: 199279K(201088K)->199279K(201088K) NonClass: 175533K(176448K)->175533K(176448K) Class: 23746K(24640K)->23746K(24640K)
[2025-04-03T22:50:53.198-0400][108909.430s][info ][gc          ] GC(553) Pause Young (Normal) (G1 Evacuation Pause) 455M->202M(512M) 3.456ms
[2025-04-03T22:50:53.198-0400][108909.430s][info ][gc,cpu      ] GC(553) User=0.00s Sys=0.00s Real=0.00s
[2025-04-03T22:50:53.198-0400][108909.430s][info ][safepoint   ] Safepoint "G1CollectForAllocation", Time since last: 214286054600 ns, Reaching safepoint: 96000 ns, Cleanup: 6600 ns, At safepoint: 3536000 ns, Total: 3638600 ns
[2025-04-03T22:54:44.379-0400][109140.612s][debug][safepoint   ] Safepoint synchronization initiated using striped semaphore wait barrier. (245 threads)
[2025-04-03T22:54:44.379-0400][109140.612s][info ][gc,start    ] GC(554) Pause Young (Normal) (G1 Evacuation Pause)
[2025-04-03T22:54:44.379-0400][109140.612s][info ][gc,task     ] GC(554) Using 23 workers of 23 for evacuation
[2025-04-03T22:54:44.382-0400][109140.615s][info ][gc,phases   ] GC(554)   Pre Evacuate Collection Set: 0.2ms
[2025-04-03T22:54:44.382-0400][109140.615s][info ][gc,phases   ] GC(554)   Merge Heap Roots: 0.1ms
[2025-04-03T22:54:44.382-0400][109140.615s][info ][gc,phases   ] GC(554)   Evacuate Collection Set: 1.4ms
[2025-04-03T22:54:44.382-0400][109140.615s][info ][gc,phases   ] GC(554)   Post Evacuate Collection Set: 0.9ms
[2025-04-03T22:54:44.382-0400][109140.615s][info ][gc,phases   ] GC(554)   Other: 0.2ms
[2025-04-03T22:54:44.382-0400][109140.615s][info ][gc,heap     ] GC(554) Eden regions: 253->0(253)
[2025-04-03T22:54:44.382-0400][109140.615s][info ][gc,heap     ] GC(554) Survivor regions: 2->2(32)
[2025-04-03T22:54:44.382-0400][109140.615s][info ][gc,heap     ] GC(554) Old regions: 200->200
[2025-04-03T22:54:44.382-0400][109140.615s][info ][gc,heap     ] GC(554) Archive regions: 0->0
[2025-04-03T22:54:44.382-0400][109140.615s][info ][gc,heap     ] GC(554) Humongous regions: 2->2
[2025-04-03T22:54:44.382-0400][109140.615s][info ][gc,metaspace] GC(554) Metaspace: 199279K(201088K)->199279K(201088K) NonClass: 175533K(176448K)->175533K(176448K) Class: 23746K(24640K)->23746K(24640K)
[2025-04-03T22:54:44.382-0400][109140.615s][info ][gc          ] GC(554) Pause Young (Normal) (G1 Evacuation Pause) 455M->202M(512M) 2.971ms
[2025-04-03T22:54:44.383-0400][109140.615s][info ][gc,cpu      ] GC(554) User=0.00s Sys=0.00s Real=0.00s
[2025-04-03T22:54:44.383-0400][109140.615s][info ][safepoint   ] Safepoint "G1CollectForAllocation", Time since last: 231181439300 ns, Reaching safepoint: 113300 ns, Cleanup: 5100 ns, At safepoint: 3128500 ns, Total: 3246900 ns
[2025-04-03T22:58:45.814-0400][109382.047s][debug][safepoint   ] Safepoint synchronization initiated using striped semaphore wait barrier. (245 threads)
[2025-04-03T22:58:45.814-0400][109382.047s][info ][gc,start    ] GC(555) Pause Young (Normal) (G1 Evacuation Pause)
[2025-04-03T22:58:45.814-0400][109382.047s][info ][gc,task     ] GC(555) Using 23 workers of 23 for evacuation
[2025-04-03T22:58:45.817-0400][109382.050s][info ][gc,phases   ] GC(555)   Pre Evacuate Collection Set: 0.2ms
[2025-04-03T22:58:45.817-0400][109382.050s][info ][gc,phases   ] GC(555)   Merge Heap Roots: 0.1ms
[2025-04-03T22:58:45.817-0400][109382.050s][info ][gc,phases   ] GC(555)   Evacuate Collection Set: 1.2ms
[2025-04-03T22:58:45.817-0400][109382.050s][info ][gc,phases   ] GC(555)   Post Evacuate Collection Set: 0.9ms
[2025-04-03T22:58:45.817-0400][109382.050s][info ][gc,phases   ] GC(555)   Other: 0.1ms
[2025-04-03T22:58:45.817-0400][109382.050s][info ][gc,heap     ] GC(555) Eden regions: 253->0(253)
[2025-04-03T22:58:45.817-0400][109382.050s][info ][gc,heap     ] GC(555) Survivor regions: 2->2(32)
[2025-04-03T22:58:45.817-0400][109382.050s][info ][gc,heap     ] GC(555) Old regions: 200->200
[2025-04-03T22:58:45.817-0400][109382.050s][info ][gc,heap     ] GC(555) Archive regions: 0->0
[2025-04-03T22:58:45.817-0400][109382.050s][info ][gc,heap     ] GC(555) Humongous regions: 2->2
[2025-04-03T22:58:45.817-0400][109382.050s][info ][gc,metaspace] GC(555) Metaspace: 199279K(201088K)->199279K(201088K) NonClass: 175533K(176448K)->175533K(176448K) Class: 23746K(24640K)->23746K(24640K)
[2025-04-03T22:58:45.817-0400][109382.050s][info ][gc          ] GC(555) Pause Young (Normal) (G1 Evacuation Pause) 455M->202M(512M) 2.607ms
[2025-04-03T22:58:45.817-0400][109382.050s][info ][gc,cpu      ] GC(555) User=0.00s Sys=0.00s Real=0.00s
[2025-04-03T22:58:45.817-0400][109382.050s][info ][safepoint   ] Safepoint "G1CollectForAllocation", Time since last: 241431946500 ns, Reaching safepoint: 69900 ns, Cleanup: 5900 ns, At safepoint: 2727600 ns, Total: 2803400 ns
[2025-04-03T23:02:33.933-0400][109610.165s][debug][safepoint   ] Safepoint synchronization initiated using striped semaphore wait barrier. (245 threads)
[2025-04-03T23:02:33.933-0400][109610.165s][info ][gc,start    ] GC(556) Pause Young (Normal) (G1 Evacuation Pause)
[2025-04-03T23:02:33.933-0400][109610.165s][info ][gc,task     ] GC(556) Using 23 workers of 23 for evacuation
[2025-04-03T23:02:33.935-0400][109610.168s][info ][gc,phases   ] GC(556)   Pre Evacuate Collection Set: 0.2ms
[2025-04-03T23:02:33.935-0400][109610.168s][info ][gc,phases   ] GC(556)   Merge Heap Roots: 0.1ms
[2025-04-03T23:02:33.935-0400][109610.168s][info ][gc,phases   ] GC(556)   Evacuate Collection Set: 1.3ms
[2025-04-03T23:02:33.935-0400][109610.168s][info ][gc,phases   ] GC(556)   Post Evacuate Collection Set: 0.9ms
[2025-04-03T23:02:33.935-0400][109610.168s][info ][gc,phases   ] GC(556)   Other: 0.1ms
[2025-04-03T23:02:33.935-0400][109610.168s][info ][gc,heap     ] GC(556) Eden regions: 253->0(253)
[2025-04-03T23:02:33.935-0400][109610.168s][info ][gc,heap     ] GC(556) Survivor regions: 2->2(32)
[2025-04-03T23:02:33.935-0400][109610.168s][info ][gc,heap     ] GC(556) Old regions: 200->200
[2025-04-03T23:02:33.935-0400][109610.168s][info ][gc,heap     ] GC(556) Archive regions: 0->0
[2025-04-03T23:02:33.935-0400][109610.168s][info ][gc,heap     ] GC(556) Humongous regions: 2->2
[2025-04-03T23:02:33.935-0400][109610.168s][info ][gc,metaspace] GC(556) Metaspace: 199279K(201088K)->199279K(201088K) NonClass: 175533K(176448K)->175533K(176448K) Class: 23746K(24640K)->23746K(24640K)
[2025-04-03T23:02:33.935-0400][109610.168s][info ][gc          ] GC(556) Pause Young (Normal) (G1 Evacuation Pause) 455M->202M(512M) 2.700ms
[2025-04-03T23:02:33.935-0400][109610.168s][info ][gc,cpu      ] GC(556) User=0.00s Sys=0.00s Real=0.00s
[2025-04-03T23:02:33.935-0400][109610.168s][info ][safepoint   ] Safepoint "G1CollectForAllocation", Time since last: 228115237500 ns, Reaching safepoint: 103100 ns, Cleanup: 3400 ns, At safepoint: 2787100 ns, Total: 2893600 ns
[2025-04-03T23:06:22.556-0400][109838.788s][debug][safepoint   ] Safepoint synchronization initiated using striped semaphore wait barrier. (245 threads)
[2025-04-03T23:06:22.556-0400][109838.788s][info ][gc,start    ] GC(557) Pause Young (Normal) (G1 Evacuation Pause)
[2025-04-03T23:06:22.556-0400][109838.788s][info ][gc,task     ] GC(557) Using 23 workers of 23 for evacuation
[2025-04-03T23:06:22.558-0400][109838.791s][info ][gc,phases   ] GC(557)   Pre Evacuate Collection Set: 0.3ms
[2025-04-03T23:06:22.558-0400][109838.791s][info ][gc,phases   ] GC(557)   Merge Heap Roots: 0.2ms
[2025-04-03T23:06:22.558-0400][109838.791s][info ][gc,phases   ] GC(557)   Evacuate Collection Set: 1.1ms
[2025-04-03T23:06:22.558-0400][109838.791s][info ][gc,phases   ] GC(557)   Post Evacuate Collection Set: 1.0ms
[2025-04-03T23:06:22.558-0400][109838.791s][info ][gc,phases   ] GC(557)   Other: 0.1ms
[2025-04-03T23:06:22.558-0400][109838.791s][info ][gc,heap     ] GC(557) Eden regions: 253->0(253)
[2025-04-03T23:06:22.558-0400][109838.791s][info ][gc,heap     ] GC(557) Survivor regions: 2->2(32)
[2025-04-03T23:06:22.558-0400][109838.791s][info ][gc,heap     ] GC(557) Old regions: 200->200
[2025-04-03T23:06:22.558-0400][109838.791s][info ][gc,heap     ] GC(557) Archive regions: 0->0
[2025-04-03T23:06:22.558-0400][109838.791s][info ][gc,heap     ] GC(557) Humongous regions: 2->2
[2025-04-03T23:06:22.558-0400][109838.791s][info ][gc,metaspace] GC(557) Metaspace: 199279K(201088K)->199279K(201088K) NonClass: 175533K(176448K)->175533K(176448K) Class: 23746K(24640K)->23746K(24640K)
[2025-04-03T23:06:22.558-0400][109838.791s][info ][gc          ] GC(557) Pause Young (Normal) (G1 Evacuation Pause) 455M->202M(512M) 2.863ms
[2025-04-03T23:06:22.558-0400][109838.791s][info ][gc,cpu      ] GC(557) User=0.00s Sys=0.00s Real=0.00s
[2025-04-03T23:06:22.558-0400][109838.791s][info ][safepoint   ] Safepoint "G1CollectForAllocation", Time since last: 228620257200 ns, Reaching safepoint: 107600 ns, Cleanup: 8900 ns, At safepoint: 3015800 ns, Total: 3132300 ns
[2025-04-03T23:10:10.096-0400][110066.329s][debug][safepoint   ] Safepoint synchronization initiated using striped semaphore wait barrier. (245 threads)
[2025-04-03T23:10:10.097-0400][110066.329s][info ][gc,start    ] GC(558) Pause Young (Normal) (G1 Evacuation Pause)
[2025-04-03T23:10:10.097-0400][110066.329s][info ][gc,task     ] GC(558) Using 23 workers of 23 for evacuation
[2025-04-03T23:10:10.099-0400][110066.331s][info ][gc,phases   ] GC(558)   Pre Evacuate Collection Set: 0.2ms
[2025-04-03T23:10:10.099-0400][110066.332s][info ][gc,phases   ] GC(558)   Merge Heap Roots: 0.1ms
[2025-04-03T23:10:10.099-0400][110066.332s][info ][gc,phases   ] GC(558)   Evacuate Collection Set: 1.3ms
[2025-04-03T23:10:10.099-0400][110066.332s][info ][gc,phases   ] GC(558)   Post Evacuate Collection Set: 0.8ms
[2025-04-03T23:10:10.099-0400][110066.332s][info ][gc,phases   ] GC(558)   Other: 0.2ms
[2025-04-03T23:10:10.099-0400][110066.332s][info ][gc,heap     ] GC(558) Eden regions: 253->0(253)
[2025-04-03T23:10:10.099-0400][110066.332s][info ][gc,heap     ] GC(558) Survivor regions: 2->2(32)
[2025-04-03T23:10:10.099-0400][110066.332s][info ][gc,heap     ] GC(558) Old regions: 200->200
[2025-04-03T23:10:10.099-0400][110066.332s][info ][gc,heap     ] GC(558) Archive regions: 0->0
[2025-04-03T23:10:10.099-0400][110066.332s][info ][gc,heap     ] GC(558) Humongous regions: 2->2
[2025-04-03T23:10:10.099-0400][110066.332s][info ][gc,metaspace] GC(558) Metaspace: 199279K(201088K)->199279K(201088K) NonClass: 175533K(176448K)->175533K(176448K) Class: 23746K(24640K)->23746K(24640K)
[2025-04-03T23:10:10.099-0400][110066.332s][info ][gc          ] GC(558) Pause Young (Normal) (G1 Evacuation Pause) 455M->202M(512M) 2.767ms
[2025-04-03T23:10:10.099-0400][110066.332s][info ][gc,cpu      ] GC(558) User=0.00s Sys=0.00s Real=0.00s
[2025-04-03T23:10:10.099-0400][110066.332s][info ][safepoint   ] Safepoint "G1CollectForAllocation", Time since last: 227537414400 ns, Reaching safepoint: 96600 ns, Cleanup: 5000 ns, At safepoint: 2898700 ns, Total: 3000300 ns
[2025-04-03T23:13:49.347-0400][110285.580s][debug][safepoint   ] Safepoint synchronization initiated using striped semaphore wait barrier. (245 threads)
[2025-04-03T23:13:49.347-0400][110285.580s][info ][gc,start    ] GC(559) Pause Young (Normal) (G1 Evacuation Pause)
[2025-04-03T23:13:49.347-0400][110285.580s][info ][gc,task     ] GC(559) Using 23 workers of 23 for evacuation
[2025-04-03T23:13:49.349-0400][110285.583s][info ][gc,phases   ] GC(559)   Pre Evacuate Collection Set: 0.2ms
[2025-04-03T23:13:49.350-0400][110285.583s][info ][gc,phases   ] GC(559)   Merge Heap Roots: 0.1ms
[2025-04-03T23:13:49.350-0400][110285.583s][info ][gc,phases   ] GC(559)   Evacuate Collection Set: 1.2ms
[2025-04-03T23:13:49.350-0400][110285.583s][info ][gc,phases   ] GC(559)   Post Evacuate Collection Set: 0.6ms
[2025-04-03T23:13:49.350-0400][110285.583s][info ][gc,phases   ] GC(559)   Other: 0.2ms
[2025-04-03T23:13:49.350-0400][110285.583s][info ][gc,heap     ] GC(559) Eden regions: 253->0(253)
[2025-04-03T23:13:49.350-0400][110285.583s][info ][gc,heap     ] GC(559) Survivor regions: 2->2(32)
[2025-04-03T23:13:49.350-0400][110285.583s][info ][gc,heap     ] GC(559) Old regions: 200->200
[2025-04-03T23:13:49.350-0400][110285.583s][info ][gc,heap     ] GC(559) Archive regions: 0->0
[2025-04-03T23:13:49.350-0400][110285.583s][info ][gc,heap     ] GC(559) Humongous regions: 2->2
[2025-04-03T23:13:49.350-0400][110285.583s][info ][gc,metaspace] GC(559) Metaspace: 199279K(201088K)->199279K(201088K) NonClass: 175533K(176448K)->175533K(176448K) Class: 23746K(24640K)->23746K(24640K)
[2025-04-03T23:13:49.350-0400][110285.583s][info ][gc          ] GC(559) Pause Young (Normal) (G1 Evacuation Pause) 455M->202M(512M) 2.526ms
[2025-04-03T23:13:49.350-0400][110285.583s][info ][gc,cpu      ] GC(559) User=0.00s Sys=0.00s Real=0.00s
[2025-04-03T23:13:49.350-0400][110285.583s][info ][safepoint   ] Safepoint "G1CollectForAllocation", Time since last: 219248330500 ns, Reaching safepoint: 109100 ns, Cleanup: 5300 ns, At safepoint: 2644600 ns, Total: 2759000 ns
[2025-04-03T23:18:00.978-0400][110537.210s][debug][safepoint   ] Safepoint synchronization initiated using striped semaphore wait barrier. (245 threads)
[2025-04-03T23:18:00.978-0400][110537.210s][info ][gc,start    ] GC(560) Pause Young (Normal) (G1 Evacuation Pause)
[2025-04-03T23:18:00.978-0400][110537.211s][info ][gc,task     ] GC(560) Using 23 workers of 23 for evacuation
[2025-04-03T23:18:00.980-0400][110537.213s][info ][gc,phases   ] GC(560)   Pre Evacuate Collection Set: 0.3ms
[2025-04-03T23:18:00.980-0400][110537.213s][info ][gc,phases   ] GC(560)   Merge Heap Roots: 0.1ms
[2025-04-03T23:18:00.980-0400][110537.213s][info ][gc,phases   ] GC(560)   Evacuate Collection Set: 1.1ms
[2025-04-03T23:18:00.980-0400][110537.213s][info ][gc,phases   ] GC(560)   Post Evacuate Collection Set: 0.6ms
[2025-04-03T23:18:00.980-0400][110537.213s][info ][gc,phases   ] GC(560)   Other: 0.2ms
[2025-04-03T23:18:00.980-0400][110537.213s][info ][gc,heap     ] GC(560) Eden regions: 253->0(253)
[2025-04-03T23:18:00.980-0400][110537.213s][info ][gc,heap     ] GC(560) Survivor regions: 2->2(32)
[2025-04-03T23:18:00.980-0400][110537.213s][info ][gc,heap     ] GC(560) Old regions: 200->200
[2025-04-03T23:18:00.981-0400][110537.213s][info ][gc,heap     ] GC(560) Archive regions: 0->0
[2025-04-03T23:18:00.981-0400][110537.213s][info ][gc,heap     ] GC(560) Humongous regions: 2->2
[2025-04-03T23:18:00.981-0400][110537.213s][info ][gc,metaspace] GC(560) Metaspace: 199279K(201088K)->199279K(201088K) NonClass: 175533K(176448K)->175533K(176448K) Class: 23746K(24640K)->23746K(24640K)
[2025-04-03T23:18:00.981-0400][110537.213s][info ][gc          ] GC(560) Pause Young (Normal) (G1 Evacuation Pause) 455M->202M(512M) 2.622ms
[2025-04-03T23:18:00.981-0400][110537.213s][info ][gc,cpu      ] GC(560) User=0.00s Sys=0.00s Real=0.00s
[2025-04-03T23:18:00.981-0400][110537.213s][info ][safepoint   ] Safepoint "G1CollectForAllocation", Time since last: 251627309500 ns, Reaching safepoint: 213100 ns, Cleanup: 7600 ns, At safepoint: 2766200 ns, Total: 2986900 ns
[2025-04-03T23:20:50.077-0400][110706.309s][debug][safepoint   ] Safepoint synchronization initiated using striped semaphore wait barrier. (245 threads)
[2025-04-03T23:20:50.077-0400][110706.309s][info ][safepoint   ] Safepoint "Cleanup", Time since last: 169095804800 ns, Reaching safepoint: 78300 ns, Cleanup: 11200 ns, At safepoint: 2600 ns, Total: 92100 ns
[2025-04-03T23:21:48.880-0400][110765.113s][debug][safepoint   ] Safepoint synchronization initiated using striped semaphore wait barrier. (245 threads)
[2025-04-03T23:21:48.880-0400][110765.113s][info ][gc,start    ] GC(561) Pause Young (Normal) (G1 Evacuation Pause)
[2025-04-03T23:21:48.880-0400][110765.113s][info ][gc,task     ] GC(561) Using 23 workers of 23 for evacuation
[2025-04-03T23:21:48.884-0400][110765.117s][info ][gc,phases   ] GC(561)   Pre Evacuate Collection Set: 0.2ms
[2025-04-03T23:21:48.884-0400][110765.117s][info ][gc,phases   ] GC(561)   Merge Heap Roots: 0.1ms
[2025-04-03T23:21:48.884-0400][110765.117s][info ][gc,phases   ] GC(561)   Evacuate Collection Set: 0.9ms
[2025-04-03T23:21:48.884-0400][110765.117s][info ][gc,phases   ] GC(561)   Post Evacuate Collection Set: 1.9ms
[2025-04-03T23:21:48.884-0400][110765.117s][info ][gc,phases   ] GC(561)   Other: 0.2ms
[2025-04-03T23:21:48.884-0400][110765.117s][info ][gc,heap     ] GC(561) Eden regions: 253->0(253)
[2025-04-03T23:21:48.884-0400][110765.117s][info ][gc,heap     ] GC(561) Survivor regions: 2->2(32)
[2025-04-03T23:21:48.884-0400][110765.117s][info ][gc,heap     ] GC(561) Old regions: 200->200
[2025-04-03T23:21:48.884-0400][110765.117s][info ][gc,heap     ] GC(561) Archive regions: 0->0
[2025-04-03T23:21:48.884-0400][110765.117s][info ][gc,heap     ] GC(561) Humongous regions: 2->2
[2025-04-03T23:21:48.884-0400][110765.117s][info ][gc,metaspace] GC(561) Metaspace: 199279K(201088K)->199279K(201088K) NonClass: 175533K(176448K)->175533K(176448K) Class: 23746K(24640K)->23746K(24640K)
[2025-04-03T23:21:48.884-0400][110765.117s][info ][gc          ] GC(561) Pause Young (Normal) (G1 Evacuation Pause) 455M->202M(512M) 3.498ms
[2025-04-03T23:21:48.884-0400][110765.117s][info ][gc,cpu      ] GC(561) User=0.00s Sys=0.00s Real=0.00s
[2025-04-03T23:21:48.884-0400][110765.117s][info ][safepoint   ] Safepoint "G1CollectForAllocation", Time since last: 58804075700 ns, Reaching safepoint: 104000 ns, Cleanup: 3500 ns, At safepoint: 3628700 ns, Total: 3736200 ns
[2025-04-03T23:25:38.102-0400][110994.335s][debug][safepoint   ] Safepoint synchronization initiated using striped semaphore wait barrier. (245 threads)
[2025-04-03T23:25:38.103-0400][110994.335s][info ][gc,start    ] GC(562) Pause Young (Normal) (G1 Evacuation Pause)
[2025-04-03T23:25:38.103-0400][110994.335s][info ][gc,task     ] GC(562) Using 23 workers of 23 for evacuation
[2025-04-03T23:25:38.105-0400][110994.338s][info ][gc,phases   ] GC(562)   Pre Evacuate Collection Set: 0.2ms
[2025-04-03T23:25:38.105-0400][110994.338s][info ][gc,phases   ] GC(562)   Merge Heap Roots: 0.1ms
[2025-04-03T23:25:38.105-0400][110994.338s][info ][gc,phases   ] GC(562)   Evacuate Collection Set: 1.3ms
[2025-04-03T23:25:38.105-0400][110994.338s][info ][gc,phases   ] GC(562)   Post Evacuate Collection Set: 0.7ms
[2025-04-03T23:25:38.105-0400][110994.338s][info ][gc,phases   ] GC(562)   Other: 0.2ms
[2025-04-03T23:25:38.105-0400][110994.338s][info ][gc,heap     ] GC(562) Eden regions: 253->0(253)
[2025-04-03T23:25:38.105-0400][110994.338s][info ][gc,heap     ] GC(562) Survivor regions: 2->2(32)
[2025-04-03T23:25:38.105-0400][110994.338s][info ][gc,heap     ] GC(562) Old regions: 200->200
[2025-04-03T23:25:38.105-0400][110994.338s][info ][gc,heap     ] GC(562) Archive regions: 0->0
[2025-04-03T23:25:38.105-0400][110994.338s][info ][gc,heap     ] GC(562) Humongous regions: 2->2
[2025-04-03T23:25:38.105-0400][110994.338s][info ][gc,metaspace] GC(562) Metaspace: 199279K(201088K)->199279K(201088K) NonClass: 175533K(176448K)->175533K(176448K) Class: 23746K(24640K)->23746K(24640K)
[2025-04-03T23:25:38.105-0400][110994.338s][info ][gc          ] GC(562) Pause Young (Normal) (G1 Evacuation Pause) 455M->202M(512M) 2.717ms
[2025-04-03T23:25:38.105-0400][110994.338s][info ][gc,cpu      ] GC(562) User=0.00s Sys=0.00s Real=0.00s
[2025-04-03T23:25:38.105-0400][110994.338s][info ][safepoint   ] Safepoint "G1CollectForAllocation", Time since last: 229218110600 ns, Reaching safepoint: 104300 ns, Cleanup: 5400 ns, At safepoint: 2842800 ns, Total: 2952500 ns
[2025-04-03T23:29:29.282-0400][111225.514s][debug][safepoint   ] Safepoint synchronization initiated using striped semaphore wait barrier. (246 threads)
[2025-04-03T23:29:29.282-0400][111225.515s][info ][gc,start    ] GC(563) Pause Young (Normal) (G1 Evacuation Pause)
[2025-04-03T23:29:29.282-0400][111225.515s][info ][gc,task     ] GC(563) Using 23 workers of 23 for evacuation
[2025-04-03T23:29:29.284-0400][111225.517s][info ][gc,phases   ] GC(563)   Pre Evacuate Collection Set: 0.2ms
[2025-04-03T23:29:29.284-0400][111225.517s][info ][gc,phases   ] GC(563)   Merge Heap Roots: 0.1ms
[2025-04-03T23:29:29.284-0400][111225.517s][info ][gc,phases   ] GC(563)   Evacuate Collection Set: 1.2ms
[2025-04-03T23:29:29.284-0400][111225.517s][info ][gc,phases   ] GC(563)   Post Evacuate Collection Set: 0.8ms
[2025-04-03T23:29:29.284-0400][111225.517s][info ][gc,phases   ] GC(563)   Other: 0.1ms
[2025-04-03T23:29:29.284-0400][111225.517s][info ][gc,heap     ] GC(563) Eden regions: 253->0(253)
[2025-04-03T23:29:29.284-0400][111225.517s][info ][gc,heap     ] GC(563) Survivor regions: 2->2(32)
[2025-04-03T23:29:29.284-0400][111225.517s][info ][gc,heap     ] GC(563) Old regions: 200->200
[2025-04-03T23:29:29.284-0400][111225.517s][info ][gc,heap     ] GC(563) Archive regions: 0->0
[2025-04-03T23:29:29.284-0400][111225.517s][info ][gc,heap     ] GC(563) Humongous regions: 2->2
[2025-04-03T23:29:29.284-0400][111225.517s][info ][gc,metaspace] GC(563) Metaspace: 199283K(201088K)->199283K(201088K) NonClass: 175536K(176448K)->175536K(176448K) Class: 23747K(24640K)->23747K(24640K)
[2025-04-03T23:29:29.284-0400][111225.517s][info ][gc          ] GC(563) Pause Young (Normal) (G1 Evacuation Pause) 455M->202M(512M) 2.464ms
[2025-04-03T23:29:29.284-0400][111225.517s][info ][gc,cpu      ] GC(563) User=0.08s Sys=0.00s Real=0.00s
[2025-04-03T23:29:29.284-0400][111225.517s][info ][safepoint   ] Safepoint "G1CollectForAllocation", Time since last: 231176518600 ns, Reaching safepoint: 92700 ns, Cleanup: 8100 ns, At safepoint: 2556800 ns, Total: 2657600 ns
[2025-04-03T23:33:19.760-0400][111455.993s][debug][safepoint   ] Safepoint synchronization initiated using striped semaphore wait barrier. (246 threads)
[2025-04-03T23:33:19.760-0400][111455.993s][info ][gc,start    ] GC(564) Pause Young (Normal) (G1 Evacuation Pause)
[2025-04-03T23:33:19.760-0400][111455.993s][info ][gc,task     ] GC(564) Using 23 workers of 23 for evacuation
[2025-04-03T23:33:19.762-0400][111455.995s][info ][gc,phases   ] GC(564)   Pre Evacuate Collection Set: 0.2ms
[2025-04-03T23:33:19.762-0400][111455.995s][info ][gc,phases   ] GC(564)   Merge Heap Roots: 0.1ms
[2025-04-03T23:33:19.762-0400][111455.995s][info ][gc,phases   ] GC(564)   Evacuate Collection Set: 0.8ms
[2025-04-03T23:33:19.762-0400][111455.995s][info ][gc,phases   ] GC(564)   Post Evacuate Collection Set: 1.1ms
[2025-04-03T23:33:19.762-0400][111455.995s][info ][gc,phases   ] GC(564)   Other: 0.1ms
[2025-04-03T23:33:19.762-0400][111455.995s][info ][gc,heap     ] GC(564) Eden regions: 253->0(253)
[2025-04-03T23:33:19.762-0400][111455.995s][info ][gc,heap     ] GC(564) Survivor regions: 2->2(32)
[2025-04-03T23:33:19.762-0400][111455.995s][info ][gc,heap     ] GC(564) Old regions: 200->200
[2025-04-03T23:33:19.762-0400][111455.995s][info ][gc,heap     ] GC(564) Archive regions: 0->0
[2025-04-03T23:33:19.762-0400][111455.995s][info ][gc,heap     ] GC(564) Humongous regions: 2->2
[2025-04-03T23:33:19.762-0400][111455.995s][info ][gc,metaspace] GC(564) Metaspace: 199283K(201088K)->199283K(201088K) NonClass: 175536K(176448K)->175536K(176448K) Class: 23747K(24640K)->23747K(24640K)
[2025-04-03T23:33:19.762-0400][111455.995s][info ][gc          ] GC(564) Pause Young (Normal) (G1 Evacuation Pause) 455M->202M(512M) 2.358ms
[2025-04-03T23:33:19.762-0400][111455.995s][info ][gc,cpu      ] GC(564) User=0.00s Sys=0.00s Real=0.00s
[2025-04-03T23:33:19.762-0400][111455.995s][info ][safepoint   ] Safepoint "G1CollectForAllocation", Time since last: 230475505300 ns, Reaching safepoint: 71000 ns, Cleanup: 6900 ns, At safepoint: 2451800 ns, Total: 2529700 ns
[2025-04-03T23:36:12.853-0400][111629.085s][debug][safepoint   ] Safepoint synchronization initiated using striped semaphore wait barrier. (248 threads)
[2025-04-03T23:36:12.853-0400][111629.085s][info ][safepoint   ] Safepoint "Cleanup", Time since last: 173090174600 ns, Reaching safepoint: 70200 ns, Cleanup: 10400 ns, At safepoint: 2000 ns, Total: 82600 ns
[2025-04-03T23:36:58.541-0400][111674.773s][debug][safepoint   ] Safepoint synchronization initiated using striped semaphore wait barrier. (246 threads)
[2025-04-03T23:36:58.541-0400][111674.774s][info ][gc,start    ] GC(565) Pause Young (Normal) (G1 Evacuation Pause)
[2025-04-03T23:36:58.541-0400][111674.774s][info ][gc,task     ] GC(565) Using 23 workers of 23 for evacuation
[2025-04-03T23:36:58.543-0400][111674.776s][info ][gc,phases   ] GC(565)   Pre Evacuate Collection Set: 0.2ms
[2025-04-03T23:36:58.543-0400][111674.776s][info ][gc,phases   ] GC(565)   Merge Heap Roots: 0.1ms
[2025-04-03T23:36:58.543-0400][111674.776s][info ][gc,phases   ] GC(565)   Evacuate Collection Set: 0.9ms
[2025-04-03T23:36:58.543-0400][111674.776s][info ][gc,phases   ] GC(565)   Post Evacuate Collection Set: 0.7ms
[2025-04-03T23:36:58.543-0400][111674.776s][info ][gc,phases   ] GC(565)   Other: 0.1ms
[2025-04-03T23:36:58.543-0400][111674.776s][info ][gc,heap     ] GC(565) Eden regions: 253->0(253)
[2025-04-03T23:36:58.543-0400][111674.776s][info ][gc,heap     ] GC(565) Survivor regions: 2->2(32)
[2025-04-03T23:36:58.543-0400][111674.776s][info ][gc,heap     ] GC(565) Old regions: 200->200
[2025-04-03T23:36:58.543-0400][111674.776s][info ][gc,heap     ] GC(565) Archive regions: 0->0
[2025-04-03T23:36:58.543-0400][111674.776s][info ][gc,heap     ] GC(565) Humongous regions: 2->2
[2025-04-03T23:36:58.543-0400][111674.776s][info ][gc,metaspace] GC(565) Metaspace: 199292K(201088K)->199292K(201088K) NonClass: 175545K(176448K)->175545K(176448K) Class: 23747K(24640K)->23747K(24640K)
[2025-04-03T23:36:58.543-0400][111674.776s][info ][gc          ] GC(565) Pause Young (Normal) (G1 Evacuation Pause) 455M->202M(512M) 2.155ms
[2025-04-03T23:36:58.543-0400][111674.776s][info ][gc,cpu      ] GC(565) User=0.00s Sys=0.00s Real=0.00s
[2025-04-03T23:36:58.543-0400][111674.776s][info ][safepoint   ] Safepoint "G1CollectForAllocation", Time since last: 45688074000 ns, Reaching safepoint: 79800 ns, Cleanup: 3600 ns, At safepoint: 2259500 ns, Total: 2342900 ns
[2025-04-03T23:40:51.226-0400][111907.459s][debug][safepoint   ] Safepoint synchronization initiated using striped semaphore wait barrier. (245 threads)
[2025-04-03T23:40:51.226-0400][111907.459s][info ][gc,start    ] GC(566) Pause Young (Normal) (G1 Evacuation Pause)
[2025-04-03T23:40:51.226-0400][111907.459s][info ][gc,task     ] GC(566) Using 23 workers of 23 for evacuation
[2025-04-03T23:40:51.229-0400][111907.462s][info ][gc,phases   ] GC(566)   Pre Evacuate Collection Set: 0.2ms
[2025-04-03T23:40:51.229-0400][111907.462s][info ][gc,phases   ] GC(566)   Merge Heap Roots: 0.1ms
[2025-04-03T23:40:51.229-0400][111907.462s][info ][gc,phases   ] GC(566)   Evacuate Collection Set: 1.3ms
[2025-04-03T23:40:51.229-0400][111907.462s][info ][gc,phases   ] GC(566)   Post Evacuate Collection Set: 1.4ms
[2025-04-03T23:40:51.229-0400][111907.462s][info ][gc,phases   ] GC(566)   Other: 0.2ms
[2025-04-03T23:40:51.230-0400][111907.462s][info ][gc,heap     ] GC(566) Eden regions: 253->0(253)
[2025-04-03T23:40:51.230-0400][111907.462s][info ][gc,heap     ] GC(566) Survivor regions: 2->2(32)
[2025-04-03T23:40:51.230-0400][111907.462s][info ][gc,heap     ] GC(566) Old regions: 200->200
[2025-04-03T23:40:51.230-0400][111907.462s][info ][gc,heap     ] GC(566) Archive regions: 0->0
[2025-04-03T23:40:51.230-0400][111907.462s][info ][gc,heap     ] GC(566) Humongous regions: 2->2
[2025-04-03T23:40:51.230-0400][111907.462s][info ][gc,metaspace] GC(566) Metaspace: 199292K(201088K)->199292K(201088K) NonClass: 175545K(176448K)->175545K(176448K) Class: 23747K(24640K)->23747K(24640K)
[2025-04-03T23:40:51.230-0400][111907.462s][info ][gc          ] GC(566) Pause Young (Normal) (G1 Evacuation Pause) 455M->202M(512M) 3.390ms
[2025-04-03T23:40:51.230-0400][111907.462s][info ][gc,cpu      ] GC(566) User=0.00s Sys=0.00s Real=0.00s
[2025-04-03T23:40:51.230-0400][111907.462s][info ][safepoint   ] Safepoint "G1CollectForAllocation", Time since last: 232682708900 ns, Reaching safepoint: 127800 ns, Cleanup: 5500 ns, At safepoint: 3513600 ns, Total: 3646900 ns
[2025-04-03T23:44:50.551-0400][112146.784s][debug][safepoint   ] Safepoint synchronization initiated using striped semaphore wait barrier. (245 threads)
[2025-04-03T23:44:50.551-0400][112146.784s][info ][gc,start    ] GC(567) Pause Young (Normal) (G1 Evacuation Pause)
[2025-04-03T23:44:50.551-0400][112146.784s][info ][gc,task     ] GC(567) Using 23 workers of 23 for evacuation
[2025-04-03T23:44:50.554-0400][112146.787s][info ][gc,phases   ] GC(567)   Pre Evacuate Collection Set: 0.2ms
[2025-04-03T23:44:50.554-0400][112146.787s][info ][gc,phases   ] GC(567)   Merge Heap Roots: 0.2ms
[2025-04-03T23:44:50.554-0400][112146.787s][info ][gc,phases   ] GC(567)   Evacuate Collection Set: 1.1ms
[2025-04-03T23:44:50.554-0400][112146.787s][info ][gc,phases   ] GC(567)   Post Evacuate Collection Set: 1.2ms
[2025-04-03T23:44:50.554-0400][112146.787s][info ][gc,phases   ] GC(567)   Other: 0.1ms
[2025-04-03T23:44:50.554-0400][112146.787s][info ][gc,heap     ] GC(567) Eden regions: 253->0(253)
[2025-04-03T23:44:50.554-0400][112146.787s][info ][gc,heap     ] GC(567) Survivor regions: 2->2(32)
[2025-04-03T23:44:50.554-0400][112146.787s][info ][gc,heap     ] GC(567) Old regions: 200->200
[2025-04-03T23:44:50.554-0400][112146.787s][info ][gc,heap     ] GC(567) Archive regions: 0->0
[2025-04-03T23:44:50.554-0400][112146.787s][info ][gc,heap     ] GC(567) Humongous regions: 2->2
[2025-04-03T23:44:50.554-0400][112146.787s][info ][gc,metaspace] GC(567) Metaspace: 199292K(201088K)->199292K(201088K) NonClass: 175545K(176448K)->175545K(176448K) Class: 23747K(24640K)->23747K(24640K)
[2025-04-03T23:44:50.554-0400][112146.787s][info ][gc          ] GC(567) Pause Young (Normal) (G1 Evacuation Pause) 455M->202M(512M) 3.075ms
[2025-04-03T23:44:50.554-0400][112146.787s][info ][gc,cpu      ] GC(567) User=0.00s Sys=0.00s Real=0.00s
[2025-04-03T23:44:50.554-0400][112146.787s][info ][safepoint   ] Safepoint "G1CollectForAllocation", Time since last: 239321552200 ns, Reaching safepoint: 90700 ns, Cleanup: 3200 ns, At safepoint: 3192500 ns, Total: 3286400 ns
[2025-04-03T23:48:22.331-0400][112358.564s][debug][safepoint   ] Safepoint synchronization initiated using striped semaphore wait barrier. (245 threads)
[2025-04-03T23:48:22.331-0400][112358.564s][info ][gc,start    ] GC(568) Pause Young (Normal) (G1 Evacuation Pause)
[2025-04-03T23:48:22.331-0400][112358.564s][info ][gc,task     ] GC(568) Using 23 workers of 23 for evacuation
[2025-04-03T23:48:22.334-0400][112358.567s][info ][gc,phases   ] GC(568)   Pre Evacuate Collection Set: 0.3ms
[2025-04-03T23:48:22.334-0400][112358.567s][info ][gc,phases   ] GC(568)   Merge Heap Roots: 0.1ms
[2025-04-03T23:48:22.336-0400][112358.568s][info ][gc,phases   ] GC(568)   Evacuate Collection Set: 1.3ms
[2025-04-03T23:48:22.336-0400][112358.568s][info ][gc,phases   ] GC(568)   Post Evacuate Collection Set: 1.1ms
[2025-04-03T23:48:22.336-0400][112358.568s][info ][gc,phases   ] GC(568)   Other: 0.1ms
[2025-04-03T23:48:22.336-0400][112358.568s][info ][gc,heap     ] GC(568) Eden regions: 253->0(253)
[2025-04-03T23:48:22.336-0400][112358.568s][info ][gc,heap     ] GC(568) Survivor regions: 2->2(32)
[2025-04-03T23:48:22.336-0400][112358.568s][info ][gc,heap     ] GC(568) Old regions: 200->200
[2025-04-03T23:48:22.336-0400][112358.568s][info ][gc,heap     ] GC(568) Archive regions: 0->0
[2025-04-03T23:48:22.336-0400][112358.568s][info ][gc,heap     ] GC(568) Humongous regions: 2->2
[2025-04-03T23:48:22.336-0400][112358.568s][info ][gc,metaspace] GC(568) Metaspace: 199292K(201088K)->199292K(201088K) NonClass: 175545K(176448K)->175545K(176448K) Class: 23747K(24640K)->23747K(24640K)
[2025-04-03T23:48:22.336-0400][112358.569s][info ][gc          ] GC(568) Pause Young (Normal) (G1 Evacuation Pause) 455M->202M(512M) 4.416ms
[2025-04-03T23:48:22.336-0400][112358.569s][info ][gc,cpu      ] GC(568) User=0.00s Sys=0.00s Real=0.00s
[2025-04-03T23:48:22.336-0400][112358.569s][info ][safepoint   ] Safepoint "G1CollectForAllocation", Time since last: 211776920400 ns, Reaching safepoint: 115200 ns, Cleanup: 4300 ns, At safepoint: 4512500 ns, Total: 4632000 ns
[2025-04-03T23:51:58.947-0400][112575.180s][debug][safepoint   ] Safepoint synchronization initiated using striped semaphore wait barrier. (245 threads)
[2025-04-03T23:51:58.947-0400][112575.180s][info ][gc,start    ] GC(569) Pause Young (Normal) (G1 Evacuation Pause)
[2025-04-03T23:51:58.947-0400][112575.180s][info ][gc,task     ] GC(569) Using 23 workers of 23 for evacuation
[2025-04-03T23:51:58.950-0400][112575.183s][info ][gc,phases   ] GC(569)   Pre Evacuate Collection Set: 0.1ms
[2025-04-03T23:51:58.950-0400][112575.183s][info ][gc,phases   ] GC(569)   Merge Heap Roots: 0.1ms
[2025-04-03T23:51:58.950-0400][112575.183s][info ][gc,phases   ] GC(569)   Evacuate Collection Set: 1.0ms
[2025-04-03T23:51:58.950-0400][112575.183s][info ][gc,phases   ] GC(569)   Post Evacuate Collection Set: 1.7ms
[2025-04-03T23:51:58.950-0400][112575.183s][info ][gc,phases   ] GC(569)   Other: 0.2ms
[2025-04-03T23:51:58.950-0400][112575.183s][info ][gc,heap     ] GC(569) Eden regions: 253->0(253)
[2025-04-03T23:51:58.950-0400][112575.183s][info ][gc,heap     ] GC(569) Survivor regions: 2->2(32)
[2025-04-03T23:51:58.950-0400][112575.183s][info ][gc,heap     ] GC(569) Old regions: 200->200
[2025-04-03T23:51:58.950-0400][112575.183s][info ][gc,heap     ] GC(569) Archive regions: 0->0
[2025-04-03T23:51:58.950-0400][112575.183s][info ][gc,heap     ] GC(569) Humongous regions: 2->2
[2025-04-03T23:51:58.950-0400][112575.183s][info ][gc,metaspace] GC(569) Metaspace: 199292K(201088K)->199292K(201088K) NonClass: 175545K(176448K)->175545K(176448K) Class: 23747K(24640K)->23747K(24640K)
[2025-04-03T23:51:58.950-0400][112575.183s][info ][gc          ] GC(569) Pause Young (Normal) (G1 Evacuation Pause) 455M->202M(512M) 3.220ms
[2025-04-03T23:51:58.950-0400][112575.183s][info ][gc,cpu      ] GC(569) User=0.00s Sys=0.00s Real=0.00s
[2025-04-03T23:51:58.950-0400][112575.183s][info ][safepoint   ] Safepoint "G1CollectForAllocation", Time since last: 216611282200 ns, Reaching safepoint: 95700 ns, Cleanup: 12300 ns, At safepoint: 3330000 ns, Total: 3438000 ns
[2025-04-03T23:56:07.081-0400][112823.313s][debug][safepoint   ] Safepoint synchronization initiated using striped semaphore wait barrier. (245 threads)
[2025-04-03T23:56:07.081-0400][112823.314s][info ][gc,start    ] GC(570) Pause Young (Normal) (G1 Evacuation Pause)
[2025-04-03T23:56:07.081-0400][112823.314s][info ][gc,task     ] GC(570) Using 23 workers of 23 for evacuation
[2025-04-03T23:56:07.083-0400][112823.316s][info ][gc,phases   ] GC(570)   Pre Evacuate Collection Set: 0.2ms
[2025-04-03T23:56:07.083-0400][112823.316s][info ][gc,phases   ] GC(570)   Merge Heap Roots: 0.1ms
[2025-04-03T23:56:07.083-0400][112823.316s][info ][gc,phases   ] GC(570)   Evacuate Collection Set: 1.3ms
[2025-04-03T23:56:07.083-0400][112823.316s][info ][gc,phases   ] GC(570)   Post Evacuate Collection Set: 0.8ms
[2025-04-03T23:56:07.083-0400][112823.316s][info ][gc,phases   ] GC(570)   Other: 0.1ms
[2025-04-03T23:56:07.083-0400][112823.316s][info ][gc,heap     ] GC(570) Eden regions: 253->0(253)
[2025-04-03T23:56:07.083-0400][112823.316s][info ][gc,heap     ] GC(570) Survivor regions: 2->2(32)
[2025-04-03T23:56:07.083-0400][112823.316s][info ][gc,heap     ] GC(570) Old regions: 200->200
[2025-04-03T23:56:07.083-0400][112823.316s][info ][gc,heap     ] GC(570) Archive regions: 0->0
[2025-04-03T23:56:07.083-0400][112823.316s][info ][gc,heap     ] GC(570) Humongous regions: 2->2
[2025-04-03T23:56:07.083-0400][112823.316s][info ][gc,metaspace] GC(570) Metaspace: 199292K(201088K)->199292K(201088K) NonClass: 175545K(176448K)->175545K(176448K) Class: 23747K(24640K)->23747K(24640K)
[2025-04-03T23:56:07.083-0400][112823.316s][info ][gc          ] GC(570) Pause Young (Normal) (G1 Evacuation Pause) 455M->202M(512M) 2.555ms
[2025-04-03T23:56:07.083-0400][112823.316s][info ][gc,cpu      ] GC(570) User=0.00s Sys=0.00s Real=0.00s
[2025-04-03T23:56:07.084-0400][112823.316s][info ][safepoint   ] Safepoint "G1CollectForAllocation", Time since last: 248130194600 ns, Reaching safepoint: 103200 ns, Cleanup: 4300 ns, At safepoint: 2637600 ns, Total: 2745100 ns
[2025-04-03T23:59:39.026-0400][113035.258s][debug][safepoint   ] Safepoint synchronization initiated using striped semaphore wait barrier. (245 threads)
[2025-04-03T23:59:39.026-0400][113035.259s][info ][gc,start    ] GC(571) Pause Young (Normal) (G1 Evacuation Pause)
[2025-04-03T23:59:39.026-0400][113035.259s][info ][gc,task     ] GC(571) Using 23 workers of 23 for evacuation
[2025-04-03T23:59:39.028-0400][113035.260s][info ][gc,phases   ] GC(571)   Pre Evacuate Collection Set: 0.2ms
[2025-04-03T23:59:39.028-0400][113035.260s][info ][gc,phases   ] GC(571)   Merge Heap Roots: 0.1ms
[2025-04-03T23:59:39.028-0400][113035.260s][info ][gc,phases   ] GC(571)   Evacuate Collection Set: 1.0ms
[2025-04-03T23:59:39.028-0400][113035.260s][info ][gc,phases   ] GC(571)   Post Evacuate Collection Set: 0.5ms
[2025-04-03T23:59:39.028-0400][113035.260s][info ][gc,phases   ] GC(571)   Other: 0.1ms
[2025-04-03T23:59:39.028-0400][113035.260s][info ][gc,heap     ] GC(571) Eden regions: 253->0(253)
[2025-04-03T23:59:39.028-0400][113035.260s][info ][gc,heap     ] GC(571) Survivor regions: 2->2(32)
[2025-04-03T23:59:39.028-0400][113035.260s][info ][gc,heap     ] GC(571) Old regions: 200->200
[2025-04-03T23:59:39.028-0400][113035.260s][info ][gc,heap     ] GC(571) Archive regions: 0->0
[2025-04-03T23:59:39.028-0400][113035.261s][info ][gc,heap     ] GC(571) Humongous regions: 2->2
[2025-04-03T23:59:39.028-0400][113035.261s][info ][gc,metaspace] GC(571) Metaspace: 199292K(201088K)->199292K(201088K) NonClass: 175545K(176448K)->175545K(176448K) Class: 23747K(24640K)->23747K(24640K)
[2025-04-03T23:59:39.028-0400][113035.261s][info ][gc          ] GC(571) Pause Young (Normal) (G1 Evacuation Pause) 455M->202M(512M) 1.921ms
[2025-04-03T23:59:39.028-0400][113035.261s][info ][gc,cpu      ] GC(571) User=0.00s Sys=0.00s Real=0.00s
[2025-04-03T23:59:39.028-0400][113035.261s][info ][safepoint   ] Safepoint "G1CollectForAllocation", Time since last: 211942250600 ns, Reaching safepoint: 72700 ns, Cleanup: 10000 ns, At safepoint: 2005800 ns, Total: 2088500 ns
[2025-04-04T00:03:12.694-0400][113248.927s][debug][safepoint   ] Safepoint synchronization initiated using striped semaphore wait barrier. (245 threads)
[2025-04-04T00:03:12.694-0400][113248.927s][info ][gc,start    ] GC(572) Pause Young (Normal) (G1 Evacuation Pause)
[2025-04-04T00:03:12.694-0400][113248.927s][info ][gc,task     ] GC(572) Using 23 workers of 23 for evacuation
[2025-04-04T00:03:12.697-0400][113248.930s][info ][gc,phases   ] GC(572)   Pre Evacuate Collection Set: 0.1ms
[2025-04-04T00:03:12.697-0400][113248.930s][info ][gc,phases   ] GC(572)   Merge Heap Roots: 0.1ms
[2025-04-04T00:03:12.697-0400][113248.930s][info ][gc,phases   ] GC(572)   Evacuate Collection Set: 1.6ms
[2025-04-04T00:03:12.697-0400][113248.930s][info ][gc,phases   ] GC(572)   Post Evacuate Collection Set: 1.1ms
[2025-04-04T00:03:12.697-0400][113248.930s][info ][gc,phases   ] GC(572)   Other: 0.1ms
[2025-04-04T00:03:12.697-0400][113248.930s][info ][gc,heap     ] GC(572) Eden regions: 253->0(253)
[2025-04-04T00:03:12.697-0400][113248.930s][info ][gc,heap     ] GC(572) Survivor regions: 2->2(32)
[2025-04-04T00:03:12.697-0400][113248.930s][info ][gc,heap     ] GC(572) Old regions: 200->200
[2025-04-04T00:03:12.697-0400][113248.930s][info ][gc,heap     ] GC(572) Archive regions: 0->0
[2025-04-04T00:03:12.697-0400][113248.930s][info ][gc,heap     ] GC(572) Humongous regions: 2->2
[2025-04-04T00:03:12.697-0400][113248.930s][info ][gc,metaspace] GC(572) Metaspace: 199292K(201088K)->199292K(201088K) NonClass: 175545K(176448K)->175545K(176448K) Class: 23747K(24640K)->23747K(24640K)
[2025-04-04T00:03:12.697-0400][113248.930s][info ][gc          ] GC(572) Pause Young (Normal) (G1 Evacuation Pause) 455M->202M(512M) 3.171ms
[2025-04-04T00:03:12.697-0400][113248.930s][info ][gc,cpu      ] GC(572) User=0.00s Sys=0.00s Real=0.00s
[2025-04-04T00:03:12.698-0400][113248.930s][info ][safepoint   ] Safepoint "G1CollectForAllocation", Time since last: 213666314000 ns, Reaching safepoint: 89500 ns, Cleanup: 3500 ns, At safepoint: 3246900 ns, Total: 3339900 ns
[2025-04-04T00:06:45.757-0400][113461.990s][debug][safepoint   ] Safepoint synchronization initiated using striped semaphore wait barrier. (245 threads)
[2025-04-04T00:06:45.757-0400][113461.990s][info ][gc,start    ] GC(573) Pause Young (Normal) (G1 Evacuation Pause)
[2025-04-04T00:06:45.757-0400][113461.990s][info ][gc,task     ] GC(573) Using 23 workers of 23 for evacuation
[2025-04-04T00:06:45.760-0400][113461.993s][info ][gc,phases   ] GC(573)   Pre Evacuate Collection Set: 0.1ms
[2025-04-04T00:06:45.760-0400][113461.993s][info ][gc,phases   ] GC(573)   Merge Heap Roots: 0.1ms
[2025-04-04T00:06:45.760-0400][113461.993s][info ][gc,phases   ] GC(573)   Evacuate Collection Set: 1.7ms
[2025-04-04T00:06:45.760-0400][113461.993s][info ][gc,phases   ] GC(573)   Post Evacuate Collection Set: 0.9ms
[2025-04-04T00:06:45.760-0400][113461.993s][info ][gc,phases   ] GC(573)   Other: 0.1ms
[2025-04-04T00:06:45.760-0400][113461.993s][info ][gc,heap     ] GC(573) Eden regions: 253->0(253)
[2025-04-04T00:06:45.760-0400][113461.993s][info ][gc,heap     ] GC(573) Survivor regions: 2->2(32)
[2025-04-04T00:06:45.760-0400][113461.993s][info ][gc,heap     ] GC(573) Old regions: 200->200
[2025-04-04T00:06:45.760-0400][113461.993s][info ][gc,heap     ] GC(573) Archive regions: 0->0
[2025-04-04T00:06:45.760-0400][113461.993s][info ][gc,heap     ] GC(573) Humongous regions: 2->2
[2025-04-04T00:06:45.760-0400][113461.993s][info ][gc,metaspace] GC(573) Metaspace: 199292K(201088K)->199292K(201088K) NonClass: 175545K(176448K)->175545K(176448K) Class: 23747K(24640K)->23747K(24640K)
[2025-04-04T00:06:45.760-0400][113461.993s][info ][gc          ] GC(573) Pause Young (Normal) (G1 Evacuation Pause) 455M->202M(512M) 2.993ms
[2025-04-04T00:06:45.761-0400][113461.993s][info ][gc,cpu      ] GC(573) User=0.00s Sys=0.00s Real=0.00s
[2025-04-04T00:06:45.761-0400][113461.993s][info ][safepoint   ] Safepoint "G1CollectForAllocation", Time since last: 213059614500 ns, Reaching safepoint: 82200 ns, Cleanup: 2300 ns, At safepoint: 3059700 ns, Total: 3144200 ns
[2025-04-04T00:10:24.958-0400][113681.191s][debug][safepoint   ] Safepoint synchronization initiated using striped semaphore wait barrier. (245 threads)
[2025-04-04T00:10:24.958-0400][113681.191s][info ][gc,start    ] GC(574) Pause Young (Normal) (G1 Evacuation Pause)
[2025-04-04T00:10:24.958-0400][113681.191s][info ][gc,task     ] GC(574) Using 23 workers of 23 for evacuation
[2025-04-04T00:10:24.960-0400][113681.193s][info ][gc,phases   ] GC(574)   Pre Evacuate Collection Set: 0.2ms
[2025-04-04T00:10:24.960-0400][113681.193s][info ][gc,phases   ] GC(574)   Merge Heap Roots: 0.1ms
[2025-04-04T00:10:24.960-0400][113681.193s][info ][gc,phases   ] GC(574)   Evacuate Collection Set: 1.0ms
[2025-04-04T00:10:24.960-0400][113681.193s][info ][gc,phases   ] GC(574)   Post Evacuate Collection Set: 0.6ms
[2025-04-04T00:10:24.960-0400][113681.193s][info ][gc,phases   ] GC(574)   Other: 0.2ms
[2025-04-04T00:10:24.960-0400][113681.193s][info ][gc,heap     ] GC(574) Eden regions: 253->0(254)
[2025-04-04T00:10:24.960-0400][113681.193s][info ][gc,heap     ] GC(574) Survivor regions: 2->2(32)
[2025-04-04T00:10:24.960-0400][113681.193s][info ][gc,heap     ] GC(574) Old regions: 200->200
[2025-04-04T00:10:24.960-0400][113681.193s][info ][gc,heap     ] GC(574) Archive regions: 0->0
[2025-04-04T00:10:24.960-0400][113681.193s][info ][gc,heap     ] GC(574) Humongous regions: 2->2
[2025-04-04T00:10:24.960-0400][113681.193s][info ][gc,metaspace] GC(574) Metaspace: 199292K(201088K)->199292K(201088K) NonClass: 175545K(176448K)->175545K(176448K) Class: 23747K(24640K)->23747K(24640K)
[2025-04-04T00:10:24.960-0400][113681.193s][info ][gc          ] GC(574) Pause Young (Normal) (G1 Evacuation Pause) 455M->202M(512M) 2.225ms
[2025-04-04T00:10:24.960-0400][113681.193s][info ][gc,cpu      ] GC(574) User=0.00s Sys=0.00s Real=0.00s
[2025-04-04T00:10:24.960-0400][113681.193s][info ][safepoint   ] Safepoint "G1CollectForAllocation", Time since last: 219197999000 ns, Reaching safepoint: 94300 ns, Cleanup: 4900 ns, At safepoint: 2345400 ns, Total: 2444600 ns
[2025-04-04T00:14:03.588-0400][113899.821s][debug][safepoint   ] Safepoint synchronization initiated using striped semaphore wait barrier. (245 threads)
[2025-04-04T00:14:03.588-0400][113899.821s][info ][gc,start    ] GC(575) Pause Young (Normal) (G1 Evacuation Pause)
[2025-04-04T00:14:03.588-0400][113899.821s][info ][gc,task     ] GC(575) Using 23 workers of 23 for evacuation
[2025-04-04T00:14:03.591-0400][113899.824s][info ][gc,phases   ] GC(575)   Pre Evacuate Collection Set: 0.2ms
[2025-04-04T00:14:03.591-0400][113899.824s][info ][gc,phases   ] GC(575)   Merge Heap Roots: 0.1ms
[2025-04-04T00:14:03.591-0400][113899.824s][info ][gc,phases   ] GC(575)   Evacuate Collection Set: 1.8ms
[2025-04-04T00:14:03.591-0400][113899.824s][info ][gc,phases   ] GC(575)   Post Evacuate Collection Set: 0.8ms
[2025-04-04T00:14:03.591-0400][113899.824s][info ][gc,phases   ] GC(575)   Other: 0.1ms
[2025-04-04T00:14:03.591-0400][113899.824s][info ][gc,heap     ] GC(575) Eden regions: 254->0(253)
[2025-04-04T00:14:03.591-0400][113899.824s][info ][gc,heap     ] GC(575) Survivor regions: 2->2(32)
[2025-04-04T00:14:03.591-0400][113899.824s][info ][gc,heap     ] GC(575) Old regions: 200->200
[2025-04-04T00:14:03.591-0400][113899.824s][info ][gc,heap     ] GC(575) Archive regions: 0->0
[2025-04-04T00:14:03.591-0400][113899.824s][info ][gc,heap     ] GC(575) Humongous regions: 2->2
[2025-04-04T00:14:03.591-0400][113899.824s][info ][gc,metaspace] GC(575) Metaspace: 199292K(201088K)->199292K(201088K) NonClass: 175545K(176448K)->175545K(176448K) Class: 23747K(24640K)->23747K(24640K)
[2025-04-04T00:14:03.591-0400][113899.824s][info ][gc          ] GC(575) Pause Young (Normal) (G1 Evacuation Pause) 456M->202M(512M) 3.083ms
[2025-04-04T00:14:03.591-0400][113899.824s][info ][gc,cpu      ] GC(575) User=0.00s Sys=0.00s Real=0.00s
[2025-04-04T00:14:03.591-0400][113899.824s][info ][safepoint   ] Safepoint "G1CollectForAllocation", Time since last: 218627077100 ns, Reaching safepoint: 87100 ns, Cleanup: 4000 ns, At safepoint: 3162100 ns, Total: 3253200 ns
[2025-04-04T00:14:50.615-0400][113946.847s][debug][safepoint   ] Safepoint synchronization initiated using striped semaphore wait barrier. (247 threads)
[2025-04-04T00:14:50.615-0400][113946.847s][info ][safepoint   ] Safepoint "Cleanup", Time since last: 47023380400 ns, Reaching safepoint: 126700 ns, Cleanup: 9400 ns, At safepoint: 1400 ns, Total: 137500 ns
[2025-04-04T00:17:40.151-0400][114116.384s][debug][safepoint   ] Safepoint synchronization initiated using striped semaphore wait barrier. (245 threads)
[2025-04-04T00:17:40.152-0400][114116.385s][info ][gc,start    ] GC(576) Pause Young (Normal) (G1 Evacuation Pause)
[2025-04-04T00:17:40.152-0400][114116.385s][info ][gc,task     ] GC(576) Using 23 workers of 23 for evacuation
[2025-04-04T00:17:40.155-0400][114116.388s][info ][gc,phases   ] GC(576)   Pre Evacuate Collection Set: 0.1ms
[2025-04-04T00:17:40.156-0400][114116.388s][info ][gc,phases   ] GC(576)   Merge Heap Roots: 0.1ms
[2025-04-04T00:17:40.156-0400][114116.388s][info ][gc,phases   ] GC(576)   Evacuate Collection Set: 1.0ms
[2025-04-04T00:17:40.156-0400][114116.388s][info ][gc,phases   ] GC(576)   Post Evacuate Collection Set: 2.0ms
[2025-04-04T00:17:40.156-0400][114116.388s][info ][gc,phases   ] GC(576)   Other: 0.2ms
[2025-04-04T00:17:40.156-0400][114116.388s][info ][gc,heap     ] GC(576) Eden regions: 253->0(253)
[2025-04-04T00:17:40.156-0400][114116.388s][info ][gc,heap     ] GC(576) Survivor regions: 2->2(32)
[2025-04-04T00:17:40.156-0400][114116.388s][info ][gc,heap     ] GC(576) Old regions: 200->200
[2025-04-04T00:17:40.156-0400][114116.388s][info ][gc,heap     ] GC(576) Archive regions: 0->0
[2025-04-04T00:17:40.156-0400][114116.388s][info ][gc,heap     ] GC(576) Humongous regions: 2->2
[2025-04-04T00:17:40.156-0400][114116.388s][info ][gc,metaspace] GC(576) Metaspace: 199292K(201088K)->199292K(201088K) NonClass: 175545K(176448K)->175545K(176448K) Class: 23747K(24640K)->23747K(24640K)
[2025-04-04T00:17:40.156-0400][114116.388s][info ][gc          ] GC(576) Pause Young (Normal) (G1 Evacuation Pause) 455M->202M(512M) 3.622ms
[2025-04-04T00:17:40.156-0400][114116.388s][info ][gc,cpu      ] GC(576) User=0.00s Sys=0.00s Real=0.00s
[2025-04-04T00:17:40.156-0400][114116.388s][info ][safepoint   ] Safepoint "G1CollectForAllocation", Time since last: 169537156800 ns, Reaching safepoint: 183400 ns, Cleanup: 4600 ns, At safepoint: 3742000 ns, Total: 3930000 ns
[2025-04-04T00:21:41.721-0400][114357.954s][debug][safepoint   ] Safepoint synchronization initiated using striped semaphore wait barrier. (246 threads)
[2025-04-04T00:21:41.721-0400][114357.954s][info ][gc,start    ] GC(577) Pause Young (Normal) (G1 Evacuation Pause)
[2025-04-04T00:21:41.721-0400][114357.954s][info ][gc,task     ] GC(577) Using 23 workers of 23 for evacuation
[2025-04-04T00:21:41.724-0400][114357.956s][info ][gc,phases   ] GC(577)   Pre Evacuate Collection Set: 0.1ms
[2025-04-04T00:21:41.724-0400][114357.956s][info ][gc,phases   ] GC(577)   Merge Heap Roots: 0.1ms
[2025-04-04T00:21:41.724-0400][114357.956s][info ][gc,phases   ] GC(577)   Evacuate Collection Set: 1.5ms
[2025-04-04T00:21:41.724-0400][114357.956s][info ][gc,phases   ] GC(577)   Post Evacuate Collection Set: 0.7ms
[2025-04-04T00:21:41.724-0400][114357.956s][info ][gc,phases   ] GC(577)   Other: 0.1ms
[2025-04-04T00:21:41.724-0400][114357.957s][info ][gc,heap     ] GC(577) Eden regions: 253->0(253)
[2025-04-04T00:21:41.724-0400][114357.957s][info ][gc,heap     ] GC(577) Survivor regions: 2->2(32)
[2025-04-04T00:21:41.724-0400][114357.957s][info ][gc,heap     ] GC(577) Old regions: 200->200
[2025-04-04T00:21:41.724-0400][114357.957s][info ][gc,heap     ] GC(577) Archive regions: 0->0
[2025-04-04T00:21:41.724-0400][114357.957s][info ][gc,heap     ] GC(577) Humongous regions: 2->2
[2025-04-04T00:21:41.724-0400][114357.957s][info ][gc,metaspace] GC(577) Metaspace: 199295K(201088K)->199295K(201088K) NonClass: 175548K(176448K)->175548K(176448K) Class: 23747K(24640K)->23747K(24640K)
[2025-04-04T00:21:41.724-0400][114357.957s][info ][gc          ] GC(577) Pause Young (Normal) (G1 Evacuation Pause) 455M->202M(512M) 2.573ms
[2025-04-04T00:21:41.724-0400][114357.957s][info ][gc,cpu      ] GC(577) User=0.00s Sys=0.00s Real=0.00s
[2025-04-04T00:21:41.724-0400][114357.957s][info ][safepoint   ] Safepoint "G1CollectForAllocation", Time since last: 241565524700 ns, Reaching safepoint: 65200 ns, Cleanup: 3500 ns, At safepoint: 2660700 ns, Total: 2729400 ns
[2025-04-04T00:25:19.752-0400][114575.984s][debug][safepoint   ] Safepoint synchronization initiated using striped semaphore wait barrier. (246 threads)
[2025-04-04T00:25:19.752-0400][114575.984s][info ][gc,start    ] GC(578) Pause Young (Normal) (G1 Evacuation Pause)
[2025-04-04T00:25:19.752-0400][114575.984s][info ][gc,task     ] GC(578) Using 23 workers of 23 for evacuation
[2025-04-04T00:25:19.754-0400][114575.987s][info ][gc,phases   ] GC(578)   Pre Evacuate Collection Set: 0.1ms
[2025-04-04T00:25:19.754-0400][114575.987s][info ][gc,phases   ] GC(578)   Merge Heap Roots: 0.1ms
[2025-04-04T00:25:19.754-0400][114575.987s][info ][gc,phases   ] GC(578)   Evacuate Collection Set: 1.3ms
[2025-04-04T00:25:19.754-0400][114575.987s][info ][gc,phases   ] GC(578)   Post Evacuate Collection Set: 0.6ms
[2025-04-04T00:25:19.754-0400][114575.987s][info ][gc,phases   ] GC(578)   Other: 0.2ms
[2025-04-04T00:25:19.754-0400][114575.987s][info ][gc,heap     ] GC(578) Eden regions: 253->0(253)
[2025-04-04T00:25:19.754-0400][114575.987s][info ][gc,heap     ] GC(578) Survivor regions: 2->2(32)
[2025-04-04T00:25:19.754-0400][114575.987s][info ][gc,heap     ] GC(578) Old regions: 200->200
[2025-04-04T00:25:19.754-0400][114575.987s][info ][gc,heap     ] GC(578) Archive regions: 0->0
[2025-04-04T00:25:19.754-0400][114575.987s][info ][gc,heap     ] GC(578) Humongous regions: 2->2
[2025-04-04T00:25:19.754-0400][114575.987s][info ][gc,metaspace] GC(578) Metaspace: 199295K(201088K)->199295K(201088K) NonClass: 175548K(176448K)->175548K(176448K) Class: 23747K(24640K)->23747K(24640K)
[2025-04-04T00:25:19.754-0400][114575.987s][info ][gc          ] GC(578) Pause Young (Normal) (G1 Evacuation Pause) 455M->202M(512M) 2.500ms
[2025-04-04T00:25:19.754-0400][114575.987s][info ][gc,cpu      ] GC(578) User=0.00s Sys=0.00s Real=0.00s
[2025-04-04T00:25:19.754-0400][114575.987s][info ][safepoint   ] Safepoint "G1CollectForAllocation", Time since last: 218027446500 ns, Reaching safepoint: 113700 ns, Cleanup: 12900 ns, At safepoint: 2622500 ns, Total: 2749100 ns
[2025-04-04T00:28:59.754-0400][114795.986s][debug][safepoint   ] Safepoint synchronization initiated using striped semaphore wait barrier. (246 threads)
[2025-04-04T00:28:59.754-0400][114795.987s][info ][gc,start    ] GC(579) Pause Young (Normal) (G1 Evacuation Pause)
[2025-04-04T00:28:59.754-0400][114795.987s][info ][gc,task     ] GC(579) Using 23 workers of 23 for evacuation
[2025-04-04T00:28:59.757-0400][114795.989s][info ][gc,phases   ] GC(579)   Pre Evacuate Collection Set: 0.2ms
[2025-04-04T00:28:59.757-0400][114795.989s][info ][gc,phases   ] GC(579)   Merge Heap Roots: 0.1ms
[2025-04-04T00:28:59.757-0400][114795.989s][info ][gc,phases   ] GC(579)   Evacuate Collection Set: 1.2ms
[2025-04-04T00:28:59.757-0400][114795.989s][info ][gc,phases   ] GC(579)   Post Evacuate Collection Set: 1.2ms
[2025-04-04T00:28:59.757-0400][114795.989s][info ][gc,phases   ] GC(579)   Other: 0.1ms
[2025-04-04T00:28:59.757-0400][114795.989s][info ][gc,heap     ] GC(579) Eden regions: 253->0(253)
[2025-04-04T00:28:59.757-0400][114795.989s][info ][gc,heap     ] GC(579) Survivor regions: 2->2(32)
[2025-04-04T00:28:59.757-0400][114795.989s][info ][gc,heap     ] GC(579) Old regions: 200->200
[2025-04-04T00:28:59.757-0400][114795.989s][info ][gc,heap     ] GC(579) Archive regions: 0->0
[2025-04-04T00:28:59.757-0400][114795.989s][info ][gc,heap     ] GC(579) Humongous regions: 2->2
[2025-04-04T00:28:59.757-0400][114795.989s][info ][gc,metaspace] GC(579) Metaspace: 199295K(201088K)->199295K(201088K) NonClass: 175548K(176448K)->175548K(176448K) Class: 23747K(24640K)->23747K(24640K)
[2025-04-04T00:28:59.757-0400][114795.989s][info ][gc          ] GC(579) Pause Young (Normal) (G1 Evacuation Pause) 455M->202M(512M) 2.890ms
[2025-04-04T00:28:59.757-0400][114795.989s][info ][gc,cpu      ] GC(579) User=0.00s Sys=0.00s Real=0.00s
[2025-04-04T00:28:59.757-0400][114795.989s][info ][safepoint   ] Safepoint "G1CollectForAllocation", Time since last: 219999621400 ns, Reaching safepoint: 94500 ns, Cleanup: 2400 ns, At safepoint: 2972900 ns, Total: 3069800 ns
[2025-04-04T00:32:33.275-0400][115009.507s][debug][safepoint   ] Safepoint synchronization initiated using striped semaphore wait barrier. (246 threads)
[2025-04-04T00:32:33.275-0400][115009.508s][info ][gc,start    ] GC(580) Pause Young (Normal) (G1 Evacuation Pause)
[2025-04-04T00:32:33.275-0400][115009.508s][info ][gc,task     ] GC(580) Using 23 workers of 23 for evacuation
[2025-04-04T00:32:33.278-0400][115009.510s][info ][gc,phases   ] GC(580)   Pre Evacuate Collection Set: 0.1ms
[2025-04-04T00:32:33.278-0400][115009.510s][info ][gc,phases   ] GC(580)   Merge Heap Roots: 0.1ms
[2025-04-04T00:32:33.278-0400][115009.510s][info ][gc,phases   ] GC(580)   Evacuate Collection Set: 1.6ms
[2025-04-04T00:32:33.278-0400][115009.510s][info ][gc,phases   ] GC(580)   Post Evacuate Collection Set: 0.8ms
[2025-04-04T00:32:33.278-0400][115009.510s][info ][gc,phases   ] GC(580)   Other: 0.1ms
[2025-04-04T00:32:33.278-0400][115009.510s][info ][gc,heap     ] GC(580) Eden regions: 253->0(253)
[2025-04-04T00:32:33.278-0400][115009.510s][info ][gc,heap     ] GC(580) Survivor regions: 2->2(32)
[2025-04-04T00:32:33.278-0400][115009.510s][info ][gc,heap     ] GC(580) Old regions: 200->200
[2025-04-04T00:32:33.278-0400][115009.510s][info ][gc,heap     ] GC(580) Archive regions: 0->0
[2025-04-04T00:32:33.278-0400][115009.510s][info ][gc,heap     ] GC(580) Humongous regions: 2->2
[2025-04-04T00:32:33.278-0400][115009.510s][info ][gc,metaspace] GC(580) Metaspace: 199295K(201088K)->199295K(201088K) NonClass: 175548K(176448K)->175548K(176448K) Class: 23747K(24640K)->23747K(24640K)
[2025-04-04T00:32:33.278-0400][115009.510s][info ][gc          ] GC(580) Pause Young (Normal) (G1 Evacuation Pause) 455M->202M(512M) 2.881ms
[2025-04-04T00:32:33.278-0400][115009.510s][info ][gc,cpu      ] GC(580) User=0.00s Sys=0.00s Real=0.00s
[2025-04-04T00:32:33.278-0400][115009.510s][info ][safepoint   ] Safepoint "G1CollectForAllocation", Time since last: 213517925100 ns, Reaching safepoint: 62900 ns, Cleanup: 6300 ns, At safepoint: 2969400 ns, Total: 3038600 ns
[2025-04-04T00:36:05.264-0400][115221.496s][debug][safepoint   ] Safepoint synchronization initiated using striped semaphore wait barrier. (246 threads)
[2025-04-04T00:36:05.264-0400][115221.496s][info ][gc,start    ] GC(581) Pause Young (Normal) (G1 Evacuation Pause)
[2025-04-04T00:36:05.264-0400][115221.496s][info ][gc,task     ] GC(581) Using 23 workers of 23 for evacuation
[2025-04-04T00:36:05.266-0400][115221.499s][info ][gc,phases   ] GC(581)   Pre Evacuate Collection Set: 0.2ms
[2025-04-04T00:36:05.266-0400][115221.499s][info ][gc,phases   ] GC(581)   Merge Heap Roots: 0.1ms
[2025-04-04T00:36:05.266-0400][115221.499s][info ][gc,phases   ] GC(581)   Evacuate Collection Set: 1.4ms
[2025-04-04T00:36:05.266-0400][115221.499s][info ][gc,phases   ] GC(581)   Post Evacuate Collection Set: 1.1ms
[2025-04-04T00:36:05.266-0400][115221.499s][info ][gc,phases   ] GC(581)   Other: 0.1ms
[2025-04-04T00:36:05.266-0400][115221.499s][info ][gc,heap     ] GC(581) Eden regions: 253->0(253)
[2025-04-04T00:36:05.266-0400][115221.499s][info ][gc,heap     ] GC(581) Survivor regions: 2->2(32)
[2025-04-04T00:36:05.266-0400][115221.499s][info ][gc,heap     ] GC(581) Old regions: 200->200
[2025-04-04T00:36:05.266-0400][115221.499s][info ][gc,heap     ] GC(581) Archive regions: 0->0
[2025-04-04T00:36:05.266-0400][115221.499s][info ][gc,heap     ] GC(581) Humongous regions: 2->2
[2025-04-04T00:36:05.266-0400][115221.499s][info ][gc,metaspace] GC(581) Metaspace: 199295K(201088K)->199295K(201088K) NonClass: 175548K(176448K)->175548K(176448K) Class: 23747K(24640K)->23747K(24640K)
[2025-04-04T00:36:05.266-0400][115221.499s][info ][gc          ] GC(581) Pause Young (Normal) (G1 Evacuation Pause) 455M->202M(512M) 2.951ms
[2025-04-04T00:36:05.266-0400][115221.499s][info ][gc,cpu      ] GC(581) User=0.00s Sys=0.00s Real=0.00s
[2025-04-04T00:36:05.266-0400][115221.499s][info ][safepoint   ] Safepoint "G1CollectForAllocation", Time since last: 211985836400 ns, Reaching safepoint: 89600 ns, Cleanup: 5000 ns, At safepoint: 3038900 ns, Total: 3133500 ns
[2025-04-04T00:39:37.698-0400][115433.930s][debug][safepoint   ] Safepoint synchronization initiated using striped semaphore wait barrier. (246 threads)
[2025-04-04T00:39:37.698-0400][115433.931s][info ][gc,start    ] GC(582) Pause Young (Normal) (G1 Evacuation Pause)
[2025-04-04T00:39:37.698-0400][115433.931s][info ][gc,task     ] GC(582) Using 23 workers of 23 for evacuation
[2025-04-04T00:39:37.701-0400][115433.934s][info ][gc,phases   ] GC(582)   Pre Evacuate Collection Set: 0.1ms
[2025-04-04T00:39:37.701-0400][115433.934s][info ][gc,phases   ] GC(582)   Merge Heap Roots: 0.1ms
[2025-04-04T00:39:37.701-0400][115433.934s][info ][gc,phases   ] GC(582)   Evacuate Collection Set: 1.5ms
[2025-04-04T00:39:37.701-0400][115433.934s][info ][gc,phases   ] GC(582)   Post Evacuate Collection Set: 1.3ms
[2025-04-04T00:39:37.701-0400][115433.934s][info ][gc,phases   ] GC(582)   Other: 0.1ms
[2025-04-04T00:39:37.701-0400][115433.934s][info ][gc,heap     ] GC(582) Eden regions: 253->0(253)
[2025-04-04T00:39:37.701-0400][115433.934s][info ][gc,heap     ] GC(582) Survivor regions: 2->2(32)
[2025-04-04T00:39:37.701-0400][115433.934s][info ][gc,heap     ] GC(582) Old regions: 200->200
[2025-04-04T00:39:37.701-0400][115433.934s][info ][gc,heap     ] GC(582) Archive regions: 0->0
[2025-04-04T00:39:37.701-0400][115433.934s][info ][gc,heap     ] GC(582) Humongous regions: 2->2
[2025-04-04T00:39:37.701-0400][115433.934s][info ][gc,metaspace] GC(582) Metaspace: 199304K(201088K)->199304K(201088K) NonClass: 175556K(176448K)->175556K(176448K) Class: 23747K(24640K)->23747K(24640K)
[2025-04-04T00:39:37.701-0400][115433.934s][info ][gc          ] GC(582) Pause Young (Normal) (G1 Evacuation Pause) 455M->202M(512M) 3.145ms
[2025-04-04T00:39:37.701-0400][115433.934s][info ][gc,cpu      ] GC(582) User=0.00s Sys=0.00s Real=0.00s
[2025-04-04T00:39:37.701-0400][115433.934s][info ][safepoint   ] Safepoint "G1CollectForAllocation", Time since last: 212430971400 ns, Reaching safepoint: 92900 ns, Cleanup: 2500 ns, At safepoint: 3215400 ns, Total: 3310800 ns
[2025-04-04T00:43:07.680-0400][115643.912s][debug][safepoint   ] Safepoint synchronization initiated using striped semaphore wait barrier. (247 threads)
[2025-04-04T00:43:07.680-0400][115643.912s][info ][gc,start    ] GC(583) Pause Young (Normal) (G1 Evacuation Pause)
[2025-04-04T00:43:07.680-0400][115643.912s][info ][gc,task     ] GC(583) Using 23 workers of 23 for evacuation
[2025-04-04T00:43:07.682-0400][115643.914s][info ][gc,phases   ] GC(583)   Pre Evacuate Collection Set: 0.1ms
[2025-04-04T00:43:07.682-0400][115643.914s][info ][gc,phases   ] GC(583)   Merge Heap Roots: 0.1ms
[2025-04-04T00:43:07.682-0400][115643.914s][info ][gc,phases   ] GC(583)   Evacuate Collection Set: 1.0ms
[2025-04-04T00:43:07.682-0400][115643.914s][info ][gc,phases   ] GC(583)   Post Evacuate Collection Set: 0.7ms
[2025-04-04T00:43:07.682-0400][115643.914s][info ][gc,phases   ] GC(583)   Other: 0.1ms
[2025-04-04T00:43:07.682-0400][115643.914s][info ][gc,heap     ] GC(583) Eden regions: 253->0(253)
[2025-04-04T00:43:07.682-0400][115643.914s][info ][gc,heap     ] GC(583) Survivor regions: 2->2(32)
[2025-04-04T00:43:07.682-0400][115643.914s][info ][gc,heap     ] GC(583) Old regions: 200->200
[2025-04-04T00:43:07.682-0400][115643.914s][info ][gc,heap     ] GC(583) Archive regions: 0->0
[2025-04-04T00:43:07.682-0400][115643.914s][info ][gc,heap     ] GC(583) Humongous regions: 2->2
[2025-04-04T00:43:07.682-0400][115643.914s][info ][gc,metaspace] GC(583) Metaspace: 199304K(201088K)->199304K(201088K) NonClass: 175556K(176448K)->175556K(176448K) Class: 23747K(24640K)->23747K(24640K)
[2025-04-04T00:43:07.682-0400][115643.914s][info ][gc          ] GC(583) Pause Young (Normal) (G1 Evacuation Pause) 455M->202M(512M) 2.051ms
[2025-04-04T00:43:07.682-0400][115643.914s][info ][gc,cpu      ] GC(583) User=0.00s Sys=0.00s Real=0.00s
[2025-04-04T00:43:07.682-0400][115643.914s][info ][safepoint   ] Safepoint "G1CollectForAllocation", Time since last: 209978166700 ns, Reaching safepoint: 188000 ns, Cleanup: 4100 ns, At safepoint: 2144500 ns, Total: 2336600 ns
[2025-04-04T00:46:38.781-0400][115855.014s][debug][safepoint   ] Safepoint synchronization initiated using striped semaphore wait barrier. (245 threads)
[2025-04-04T00:46:38.781-0400][115855.014s][info ][gc,start    ] GC(584) Pause Young (Normal) (G1 Evacuation Pause)
[2025-04-04T00:46:38.781-0400][115855.014s][info ][gc,task     ] GC(584) Using 23 workers of 23 for evacuation
[2025-04-04T00:46:38.783-0400][115855.017s][info ][gc,phases   ] GC(584)   Pre Evacuate Collection Set: 0.1ms
[2025-04-04T00:46:38.783-0400][115855.017s][info ][gc,phases   ] GC(584)   Merge Heap Roots: 0.1ms
[2025-04-04T00:46:38.783-0400][115855.017s][info ][gc,phases   ] GC(584)   Evacuate Collection Set: 1.9ms
[2025-04-04T00:46:38.783-0400][115855.017s][info ][gc,phases   ] GC(584)   Post Evacuate Collection Set: 0.8ms
[2025-04-04T00:46:38.783-0400][115855.017s][info ][gc,phases   ] GC(584)   Other: 0.1ms
[2025-04-04T00:46:38.783-0400][115855.017s][info ][gc,heap     ] GC(584) Eden regions: 253->0(253)
[2025-04-04T00:46:38.783-0400][115855.017s][info ][gc,heap     ] GC(584) Survivor regions: 2->2(32)
[2025-04-04T00:46:38.783-0400][115855.017s][info ][gc,heap     ] GC(584) Old regions: 200->200
[2025-04-04T00:46:38.783-0400][115855.017s][info ][gc,heap     ] GC(584) Archive regions: 0->0
[2025-04-04T00:46:38.783-0400][115855.017s][info ][gc,heap     ] GC(584) Humongous regions: 2->2
[2025-04-04T00:46:38.783-0400][115855.017s][info ][gc,metaspace] GC(584) Metaspace: 199304K(201088K)->199304K(201088K) NonClass: 175556K(176448K)->175556K(176448K) Class: 23747K(24640K)->23747K(24640K)
[2025-04-04T00:46:38.783-0400][115855.017s][info ][gc          ] GC(584) Pause Young (Normal) (G1 Evacuation Pause) 455M->202M(512M) 3.070ms
[2025-04-04T00:46:38.783-0400][115855.017s][info ][gc,cpu      ] GC(584) User=0.03s Sys=0.00s Real=0.00s
[2025-04-04T00:46:38.785-0400][115855.017s][info ][safepoint   ] Safepoint "G1CollectForAllocation", Time since last: 211099511400 ns, Reaching safepoint: 85100 ns, Cleanup: 5000 ns, At safepoint: 3414700 ns, Total: 3504800 ns
[2025-04-04T00:50:31.410-0400][116087.643s][debug][safepoint   ] Safepoint synchronization initiated using striped semaphore wait barrier. (245 threads)
[2025-04-04T00:50:31.411-0400][116087.643s][info ][gc,start    ] GC(585) Pause Young (Normal) (G1 Evacuation Pause)
[2025-04-04T00:50:31.411-0400][116087.643s][info ][gc,task     ] GC(585) Using 23 workers of 23 for evacuation
[2025-04-04T00:50:31.415-0400][116087.648s][info ][gc,phases   ] GC(585)   Pre Evacuate Collection Set: 0.2ms
[2025-04-04T00:50:31.415-0400][116087.648s][info ][gc,phases   ] GC(585)   Merge Heap Roots: 0.1ms
[2025-04-04T00:50:31.415-0400][116087.648s][info ][gc,phases   ] GC(585)   Evacuate Collection Set: 1.3ms
[2025-04-04T00:50:31.415-0400][116087.648s][info ][gc,phases   ] GC(585)   Post Evacuate Collection Set: 2.7ms
[2025-04-04T00:50:31.415-0400][116087.648s][info ][gc,phases   ] GC(585)   Other: 0.2ms
[2025-04-04T00:50:31.415-0400][116087.648s][info ][gc,heap     ] GC(585) Eden regions: 253->0(253)
[2025-04-04T00:50:31.415-0400][116087.648s][info ][gc,heap     ] GC(585) Survivor regions: 2->2(32)
[2025-04-04T00:50:31.415-0400][116087.648s][info ][gc,heap     ] GC(585) Old regions: 200->200
[2025-04-04T00:50:31.415-0400][116087.648s][info ][gc,heap     ] GC(585) Archive regions: 0->0
[2025-04-04T00:50:31.415-0400][116087.648s][info ][gc,heap     ] GC(585) Humongous regions: 2->2
[2025-04-04T00:50:31.415-0400][116087.648s][info ][gc,metaspace] GC(585) Metaspace: 199304K(201088K)->199304K(201088K) NonClass: 175556K(176448K)->175556K(176448K) Class: 23747K(24640K)->23747K(24640K)
[2025-04-04T00:50:31.415-0400][116087.648s][info ][gc          ] GC(585) Pause Young (Normal) (G1 Evacuation Pause) 455M->202M(512M) 4.522ms
[2025-04-04T00:50:31.415-0400][116087.648s][info ][gc,cpu      ] GC(585) User=0.00s Sys=0.00s Real=0.00s
[2025-04-04T00:50:31.415-0400][116087.648s][info ][safepoint   ] Safepoint "G1CollectForAllocation", Time since last: 232625683800 ns, Reaching safepoint: 206600 ns, Cleanup: 5600 ns, At safepoint: 4671800 ns, Total: 4884000 ns
[2025-04-04T00:52:03.466-0400][116179.698s][debug][safepoint   ] Safepoint synchronization initiated using striped semaphore wait barrier. (245 threads)
[2025-04-04T00:52:03.466-0400][116179.698s][info ][safepoint   ] Safepoint "Cleanup", Time since last: 92050158700 ns, Reaching safepoint: 114900 ns, Cleanup: 21100 ns, At safepoint: 2800 ns, Total: 138800 ns
[2025-04-04T00:54:33.576-0400][116329.808s][debug][safepoint   ] Safepoint synchronization initiated using striped semaphore wait barrier. (245 threads)
[2025-04-04T00:54:33.576-0400][116329.808s][info ][gc,start    ] GC(586) Pause Young (Normal) (G1 Evacuation Pause)
[2025-04-04T00:54:33.576-0400][116329.808s][info ][gc,task     ] GC(586) Using 23 workers of 23 for evacuation
[2025-04-04T00:54:33.577-0400][116329.810s][info ][gc,phases   ] GC(586)   Pre Evacuate Collection Set: 0.1ms
[2025-04-04T00:54:33.578-0400][116329.810s][info ][gc,phases   ] GC(586)   Merge Heap Roots: 0.1ms
[2025-04-04T00:54:33.578-0400][116329.810s][info ][gc,phases   ] GC(586)   Evacuate Collection Set: 1.1ms
[2025-04-04T00:54:33.578-0400][116329.810s][info ][gc,phases   ] GC(586)   Post Evacuate Collection Set: 0.8ms
[2025-04-04T00:54:33.578-0400][116329.810s][info ][gc,phases   ] GC(586)   Other: 0.1ms
[2025-04-04T00:54:33.578-0400][116329.810s][info ][gc,heap     ] GC(586) Eden regions: 253->0(253)
[2025-04-04T00:54:33.578-0400][116329.810s][info ][gc,heap     ] GC(586) Survivor regions: 2->2(32)
[2025-04-04T00:54:33.578-0400][116329.810s][info ][gc,heap     ] GC(586) Old regions: 200->200
[2025-04-04T00:54:33.578-0400][116329.810s][info ][gc,heap     ] GC(586) Archive regions: 0->0
[2025-04-04T00:54:33.578-0400][116329.810s][info ][gc,heap     ] GC(586) Humongous regions: 2->2
[2025-04-04T00:54:33.578-0400][116329.810s][info ][gc,metaspace] GC(586) Metaspace: 199304K(201088K)->199304K(201088K) NonClass: 175556K(176448K)->175556K(176448K) Class: 23747K(24640K)->23747K(24640K)
[2025-04-04T00:54:33.578-0400][116329.810s][info ][gc          ] GC(586) Pause Young (Normal) (G1 Evacuation Pause) 455M->202M(512M) 2.383ms
[2025-04-04T00:54:33.578-0400][116329.810s][info ][gc,cpu      ] GC(586) User=0.00s Sys=0.00s Real=0.00s
[2025-04-04T00:54:33.578-0400][116329.811s][info ][safepoint   ] Safepoint "G1CollectForAllocation", Time since last: 150109898200 ns, Reaching safepoint: 51800 ns, Cleanup: 2400 ns, At safepoint: 2462500 ns, Total: 2516700 ns
[2025-04-04T00:58:07.873-0400][116544.106s][debug][safepoint   ] Safepoint synchronization initiated using striped semaphore wait barrier. (245 threads)
[2025-04-04T00:58:07.873-0400][116544.106s][info ][gc,start    ] GC(587) Pause Young (Normal) (G1 Evacuation Pause)
[2025-04-04T00:58:07.873-0400][116544.106s][info ][gc,task     ] GC(587) Using 23 workers of 23 for evacuation
[2025-04-04T00:58:07.875-0400][116544.108s][info ][gc,phases   ] GC(587)   Pre Evacuate Collection Set: 0.3ms
[2025-04-04T00:58:07.876-0400][116544.108s][info ][gc,phases   ] GC(587)   Merge Heap Roots: 0.1ms
[2025-04-04T00:58:07.876-0400][116544.108s][info ][gc,phases   ] GC(587)   Evacuate Collection Set: 0.9ms
[2025-04-04T00:58:07.876-0400][116544.108s][info ][gc,phases   ] GC(587)   Post Evacuate Collection Set: 0.8ms
[2025-04-04T00:58:07.876-0400][116544.108s][info ][gc,phases   ] GC(587)   Other: 0.1ms
[2025-04-04T00:58:07.876-0400][116544.108s][info ][gc,heap     ] GC(587) Eden regions: 253->0(253)
[2025-04-04T00:58:07.876-0400][116544.108s][info ][gc,heap     ] GC(587) Survivor regions: 2->2(32)
[2025-04-04T00:58:07.876-0400][116544.108s][info ][gc,heap     ] GC(587) Old regions: 200->200
[2025-04-04T00:58:07.876-0400][116544.108s][info ][gc,heap     ] GC(587) Archive regions: 0->0
[2025-04-04T00:58:07.876-0400][116544.108s][info ][gc,heap     ] GC(587) Humongous regions: 2->2
[2025-04-04T00:58:07.876-0400][116544.108s][info ][gc,metaspace] GC(587) Metaspace: 199304K(201088K)->199304K(201088K) NonClass: 175556K(176448K)->175556K(176448K) Class: 23747K(24640K)->23747K(24640K)
[2025-04-04T00:58:07.876-0400][116544.108s][info ][gc          ] GC(587) Pause Young (Normal) (G1 Evacuation Pause) 455M->202M(512M) 2.399ms
[2025-04-04T00:58:07.876-0400][116544.108s][info ][gc,cpu      ] GC(587) User=0.00s Sys=0.00s Real=0.00s
[2025-04-04T00:58:07.876-0400][116544.108s][info ][safepoint   ] Safepoint "G1CollectForAllocation", Time since last: 214295150900 ns, Reaching safepoint: 93600 ns, Cleanup: 3800 ns, At safepoint: 2521700 ns, Total: 2619100 ns
[2025-04-04T01:01:49.336-0400][116765.569s][debug][safepoint   ] Safepoint synchronization initiated using striped semaphore wait barrier. (245 threads)
[2025-04-04T01:01:49.336-0400][116765.570s][info ][gc,start    ] GC(588) Pause Young (Normal) (G1 Evacuation Pause)
[2025-04-04T01:01:49.336-0400][116765.570s][info ][gc,task     ] GC(588) Using 23 workers of 23 for evacuation
[2025-04-04T01:01:49.338-0400][116765.572s][info ][gc,phases   ] GC(588)   Pre Evacuate Collection Set: 0.1ms
[2025-04-04T01:01:49.339-0400][116765.572s][info ][gc,phases   ] GC(588)   Merge Heap Roots: 0.1ms
[2025-04-04T01:01:49.339-0400][116765.572s][info ][gc,phases   ] GC(588)   Evacuate Collection Set: 1.2ms
[2025-04-04T01:01:49.339-0400][116765.572s][info ][gc,phases   ] GC(588)   Post Evacuate Collection Set: 0.6ms
[2025-04-04T01:01:49.339-0400][116765.572s][info ][gc,phases   ] GC(588)   Other: 0.2ms
[2025-04-04T01:01:49.339-0400][116765.572s][info ][gc,heap     ] GC(588) Eden regions: 253->0(253)
[2025-04-04T01:01:49.339-0400][116765.572s][info ][gc,heap     ] GC(588) Survivor regions: 2->2(32)
[2025-04-04T01:01:49.339-0400][116765.572s][info ][gc,heap     ] GC(588) Old regions: 200->200
[2025-04-04T01:01:49.339-0400][116765.572s][info ][gc,heap     ] GC(588) Archive regions: 0->0
[2025-04-04T01:01:49.339-0400][116765.572s][info ][gc,heap     ] GC(588) Humongous regions: 2->2
[2025-04-04T01:01:49.339-0400][116765.572s][info ][gc,metaspace] GC(588) Metaspace: 199304K(201088K)->199304K(201088K) NonClass: 175556K(176448K)->175556K(176448K) Class: 23747K(24640K)->23747K(24640K)
[2025-04-04T01:01:49.339-0400][116765.572s][info ][gc          ] GC(588) Pause Young (Normal) (G1 Evacuation Pause) 455M->202M(512M) 2.428ms
[2025-04-04T01:01:49.339-0400][116765.572s][info ][gc,cpu      ] GC(588) User=0.00s Sys=0.00s Real=0.00s
[2025-04-04T01:01:49.339-0400][116765.572s][info ][safepoint   ] Safepoint "G1CollectForAllocation", Time since last: 221461092500 ns, Reaching safepoint: 99500 ns, Cleanup: 11400 ns, At safepoint: 2552600 ns, Total: 2663500 ns
[2025-04-04T01:05:38.999-0400][116995.232s][debug][safepoint   ] Safepoint synchronization initiated using striped semaphore wait barrier. (245 threads)
[2025-04-04T01:05:38.999-0400][116995.232s][info ][gc,start    ] GC(589) Pause Young (Normal) (G1 Evacuation Pause)
[2025-04-04T01:05:38.999-0400][116995.232s][info ][gc,task     ] GC(589) Using 23 workers of 23 for evacuation
[2025-04-04T01:05:39.001-0400][116995.234s][info ][gc,phases   ] GC(589)   Pre Evacuate Collection Set: 0.1ms
[2025-04-04T01:05:39.001-0400][116995.234s][info ][gc,phases   ] GC(589)   Merge Heap Roots: 0.1ms
[2025-04-04T01:05:39.001-0400][116995.234s][info ][gc,phases   ] GC(589)   Evacuate Collection Set: 1.4ms
[2025-04-04T01:05:39.001-0400][116995.234s][info ][gc,phases   ] GC(589)   Post Evacuate Collection Set: 0.9ms
[2025-04-04T01:05:39.001-0400][116995.234s][info ][gc,phases   ] GC(589)   Other: 0.1ms
[2025-04-04T01:05:39.001-0400][116995.234s][info ][gc,heap     ] GC(589) Eden regions: 253->0(253)
[2025-04-04T01:05:39.001-0400][116995.235s][info ][gc,heap     ] GC(589) Survivor regions: 2->2(32)
[2025-04-04T01:05:39.001-0400][116995.235s][info ][gc,heap     ] GC(589) Old regions: 200->200
[2025-04-04T01:05:39.001-0400][116995.235s][info ][gc,heap     ] GC(589) Archive regions: 0->0
[2025-04-04T01:05:39.001-0400][116995.235s][info ][gc,heap     ] GC(589) Humongous regions: 2->2
[2025-04-04T01:05:39.001-0400][116995.235s][info ][gc,metaspace] GC(589) Metaspace: 199304K(201088K)->199304K(201088K) NonClass: 175556K(176448K)->175556K(176448K) Class: 23747K(24640K)->23747K(24640K)
[2025-04-04T01:05:39.001-0400][116995.235s][info ][gc          ] GC(589) Pause Young (Normal) (G1 Evacuation Pause) 455M->202M(512M) 2.678ms
[2025-04-04T01:05:39.001-0400][116995.235s][info ][gc,cpu      ] GC(589) User=0.03s Sys=0.00s Real=0.00s
[2025-04-04T01:05:39.001-0400][116995.235s][info ][safepoint   ] Safepoint "G1CollectForAllocation", Time since last: 229659716100 ns, Reaching safepoint: 70800 ns, Cleanup: 3700 ns, At safepoint: 2756600 ns, Total: 2831100 ns
[2025-04-04T01:09:31.849-0400][117228.082s][debug][safepoint   ] Safepoint synchronization initiated using striped semaphore wait barrier. (245 threads)
[2025-04-04T01:09:31.850-0400][117228.082s][info ][gc,start    ] GC(590) Pause Young (Normal) (G1 Evacuation Pause)
[2025-04-04T01:09:31.850-0400][117228.082s][info ][gc,task     ] GC(590) Using 23 workers of 23 for evacuation
[2025-04-04T01:09:31.852-0400][117228.084s][info ][gc,phases   ] GC(590)   Pre Evacuate Collection Set: 0.2ms
[2025-04-04T01:09:31.852-0400][117228.084s][info ][gc,phases   ] GC(590)   Merge Heap Roots: 0.1ms
[2025-04-04T01:09:31.852-0400][117228.084s][info ][gc,phases   ] GC(590)   Evacuate Collection Set: 1.0ms
[2025-04-04T01:09:31.852-0400][117228.084s][info ][gc,phases   ] GC(590)   Post Evacuate Collection Set: 0.7ms
[2025-04-04T01:09:31.852-0400][117228.084s][info ][gc,phases   ] GC(590)   Other: 0.2ms
[2025-04-04T01:09:31.852-0400][117228.084s][info ][gc,heap     ] GC(590) Eden regions: 253->0(253)
[2025-04-04T01:09:31.852-0400][117228.084s][info ][gc,heap     ] GC(590) Survivor regions: 2->2(32)
[2025-04-04T01:09:31.852-0400][117228.084s][info ][gc,heap     ] GC(590) Old regions: 200->200
[2025-04-04T01:09:31.852-0400][117228.084s][info ][gc,heap     ] GC(590) Archive regions: 0->0
[2025-04-04T01:09:31.852-0400][117228.084s][info ][gc,heap     ] GC(590) Humongous regions: 2->2
[2025-04-04T01:09:31.852-0400][117228.084s][info ][gc,metaspace] GC(590) Metaspace: 199304K(201088K)->199304K(201088K) NonClass: 175556K(176448K)->175556K(176448K) Class: 23747K(24640K)->23747K(24640K)
[2025-04-04T01:09:31.852-0400][117228.085s][info ][gc          ] GC(590) Pause Young (Normal) (G1 Evacuation Pause) 455M->202M(512M) 2.399ms
[2025-04-04T01:09:31.852-0400][117228.085s][info ][gc,cpu      ] GC(590) User=0.00s Sys=0.00s Real=0.00s
[2025-04-04T01:09:31.852-0400][117228.085s][info ][safepoint   ] Safepoint "G1CollectForAllocation", Time since last: 232847316300 ns, Reaching safepoint: 147400 ns, Cleanup: 6600 ns, At safepoint: 2529500 ns, Total: 2683500 ns
[2025-04-04T01:10:41.888-0400][117298.120s][debug][safepoint   ] Safepoint synchronization initiated using striped semaphore wait barrier. (247 threads)
[2025-04-04T01:10:41.888-0400][117298.121s][info ][safepoint   ] Safepoint "Cleanup", Time since last: 70035896900 ns, Reaching safepoint: 70800 ns, Cleanup: 8600 ns, At safepoint: 1600 ns, Total: 81000 ns
[2025-04-04T01:10:45.890-0400][117302.123s][debug][safepoint   ] Safepoint synchronization initiated using striped semaphore wait barrier. (247 threads)
[2025-04-04T01:10:45.890-0400][117302.123s][info ][safepoint   ] Safepoint "Cleanup", Time since last: 4002073900 ns, Reaching safepoint: 89100 ns, Cleanup: 10800 ns, At safepoint: 2600 ns, Total: 102500 ns
[2025-04-04T01:13:20.511-0400][117456.744s][debug][safepoint   ] Safepoint synchronization initiated using striped semaphore wait barrier. (245 threads)
[2025-04-04T01:13:20.511-0400][117456.744s][info ][gc,start    ] GC(591) Pause Young (Normal) (G1 Evacuation Pause)
[2025-04-04T01:13:20.511-0400][117456.744s][info ][gc,task     ] GC(591) Using 23 workers of 23 for evacuation
[2025-04-04T01:13:20.513-0400][117456.746s][info ][gc,phases   ] GC(591)   Pre Evacuate Collection Set: 0.1ms
[2025-04-04T01:13:20.513-0400][117456.746s][info ][gc,phases   ] GC(591)   Merge Heap Roots: 0.1ms
[2025-04-04T01:13:20.513-0400][117456.746s][info ][gc,phases   ] GC(591)   Evacuate Collection Set: 1.1ms
[2025-04-04T01:13:20.513-0400][117456.746s][info ][gc,phases   ] GC(591)   Post Evacuate Collection Set: 1.0ms
[2025-04-04T01:13:20.513-0400][117456.746s][info ][gc,phases   ] GC(591)   Other: 0.1ms
[2025-04-04T01:13:20.513-0400][117456.746s][info ][gc,heap     ] GC(591) Eden regions: 253->0(253)
[2025-04-04T01:13:20.513-0400][117456.746s][info ][gc,heap     ] GC(591) Survivor regions: 2->2(32)
[2025-04-04T01:13:20.513-0400][117456.746s][info ][gc,heap     ] GC(591) Old regions: 200->200
[2025-04-04T01:13:20.513-0400][117456.746s][info ][gc,heap     ] GC(591) Archive regions: 0->0
[2025-04-04T01:13:20.513-0400][117456.746s][info ][gc,heap     ] GC(591) Humongous regions: 2->2
[2025-04-04T01:13:20.513-0400][117456.746s][info ][gc,metaspace] GC(591) Metaspace: 199304K(201088K)->199304K(201088K) NonClass: 175556K(176448K)->175556K(176448K) Class: 23747K(24640K)->23747K(24640K)
[2025-04-04T01:13:20.513-0400][117456.746s][info ][gc          ] GC(591) Pause Young (Normal) (G1 Evacuation Pause) 455M->202M(512M) 2.538ms
[2025-04-04T01:13:20.513-0400][117456.746s][info ][gc,cpu      ] GC(591) User=0.00s Sys=0.00s Real=0.00s
[2025-04-04T01:13:20.513-0400][117456.746s][info ][safepoint   ] Safepoint "G1CollectForAllocation", Time since last: 154620881000 ns, Reaching safepoint: 88300 ns, Cleanup: 2700 ns, At safepoint: 2622600 ns, Total: 2713600 ns
[2025-04-04T01:17:11.146-0400][117687.378s][debug][safepoint   ] Safepoint synchronization initiated using striped semaphore wait barrier. (245 threads)
[2025-04-04T01:17:11.146-0400][117687.379s][info ][gc,start    ] GC(592) Pause Young (Normal) (G1 Evacuation Pause)
[2025-04-04T01:17:11.146-0400][117687.379s][info ][gc,task     ] GC(592) Using 23 workers of 23 for evacuation
[2025-04-04T01:17:11.148-0400][117687.381s][info ][gc,phases   ] GC(592)   Pre Evacuate Collection Set: 0.3ms
[2025-04-04T01:17:11.148-0400][117687.381s][info ][gc,phases   ] GC(592)   Merge Heap Roots: 0.1ms
[2025-04-04T01:17:11.148-0400][117687.381s][info ][gc,phases   ] GC(592)   Evacuate Collection Set: 1.0ms
[2025-04-04T01:17:11.148-0400][117687.381s][info ][gc,phases   ] GC(592)   Post Evacuate Collection Set: 0.9ms
[2025-04-04T01:17:11.148-0400][117687.381s][info ][gc,phases   ] GC(592)   Other: 0.1ms
[2025-04-04T01:17:11.148-0400][117687.381s][info ][gc,heap     ] GC(592) Eden regions: 253->0(253)
[2025-04-04T01:17:11.148-0400][117687.381s][info ][gc,heap     ] GC(592) Survivor regions: 2->2(32)
[2025-04-04T01:17:11.148-0400][117687.381s][info ][gc,heap     ] GC(592) Old regions: 200->200
[2025-04-04T01:17:11.148-0400][117687.381s][info ][gc,heap     ] GC(592) Archive regions: 0->0
[2025-04-04T01:17:11.148-0400][117687.381s][info ][gc,heap     ] GC(592) Humongous regions: 2->2
[2025-04-04T01:17:11.148-0400][117687.381s][info ][gc,metaspace] GC(592) Metaspace: 199304K(201088K)->199304K(201088K) NonClass: 175556K(176448K)->175556K(176448K) Class: 23747K(24640K)->23747K(24640K)
[2025-04-04T01:17:11.148-0400][117687.381s][info ][gc          ] GC(592) Pause Young (Normal) (G1 Evacuation Pause) 455M->202M(512M) 2.521ms
[2025-04-04T01:17:11.148-0400][117687.381s][info ][gc,cpu      ] GC(592) User=0.00s Sys=0.00s Real=0.00s
[2025-04-04T01:17:11.148-0400][117687.381s][info ][safepoint   ] Safepoint "G1CollectForAllocation", Time since last: 230632100100 ns, Reaching safepoint: 104300 ns, Cleanup: 4400 ns, At safepoint: 2601200 ns, Total: 2709900 ns
[2025-04-04T01:21:03.203-0400][117919.436s][debug][safepoint   ] Safepoint synchronization initiated using striped semaphore wait barrier. (245 threads)
[2025-04-04T01:21:03.203-0400][117919.436s][info ][gc,start    ] GC(593) Pause Young (Normal) (G1 Evacuation Pause)
[2025-04-04T01:21:03.203-0400][117919.436s][info ][gc,task     ] GC(593) Using 23 workers of 23 for evacuation
[2025-04-04T01:21:03.206-0400][117919.439s][info ][gc,phases   ] GC(593)   Pre Evacuate Collection Set: 0.2ms
[2025-04-04T01:21:03.206-0400][117919.439s][info ][gc,phases   ] GC(593)   Merge Heap Roots: 0.1ms
[2025-04-04T01:21:03.206-0400][117919.439s][info ][gc,phases   ] GC(593)   Evacuate Collection Set: 1.3ms
[2025-04-04T01:21:03.206-0400][117919.439s][info ][gc,phases   ] GC(593)   Post Evacuate Collection Set: 1.1ms
[2025-04-04T01:21:03.206-0400][117919.439s][info ][gc,phases   ] GC(593)   Other: 0.1ms
[2025-04-04T01:21:03.206-0400][117919.439s][info ][gc,heap     ] GC(593) Eden regions: 253->0(253)
[2025-04-04T01:21:03.206-0400][117919.439s][info ][gc,heap     ] GC(593) Survivor regions: 2->2(32)
[2025-04-04T01:21:03.206-0400][117919.439s][info ][gc,heap     ] GC(593) Old regions: 200->200
[2025-04-04T01:21:03.206-0400][117919.439s][info ][gc,heap     ] GC(593) Archive regions: 0->0
[2025-04-04T01:21:03.206-0400][117919.439s][info ][gc,heap     ] GC(593) Humongous regions: 2->2
[2025-04-04T01:21:03.206-0400][117919.439s][info ][gc,metaspace] GC(593) Metaspace: 199304K(201088K)->199304K(201088K) NonClass: 175556K(176448K)->175556K(176448K) Class: 23747K(24640K)->23747K(24640K)
[2025-04-04T01:21:03.206-0400][117919.439s][info ][gc          ] GC(593) Pause Young (Normal) (G1 Evacuation Pause) 455M->202M(512M) 2.866ms
[2025-04-04T01:21:03.206-0400][117919.439s][info ][gc,cpu      ] GC(593) User=0.06s Sys=0.00s Real=0.00s
[2025-04-04T01:21:03.206-0400][117919.439s][info ][safepoint   ] Safepoint "G1CollectForAllocation", Time since last: 232054583100 ns, Reaching safepoint: 128600 ns, Cleanup: 4600 ns, At safepoint: 2938400 ns, Total: 3071600 ns
[2025-04-04T01:24:38.750-0400][118134.983s][debug][safepoint   ] Safepoint synchronization initiated using striped semaphore wait barrier. (245 threads)
[2025-04-04T01:24:38.750-0400][118134.983s][info ][gc,start    ] GC(594) Pause Young (Normal) (G1 Evacuation Pause)
[2025-04-04T01:24:38.750-0400][118134.983s][info ][gc,task     ] GC(594) Using 23 workers of 23 for evacuation
[2025-04-04T01:24:38.752-0400][118134.985s][info ][gc,phases   ] GC(594)   Pre Evacuate Collection Set: 0.2ms
[2025-04-04T01:24:38.752-0400][118134.985s][info ][gc,phases   ] GC(594)   Merge Heap Roots: 0.1ms
[2025-04-04T01:24:38.752-0400][118134.985s][info ][gc,phases   ] GC(594)   Evacuate Collection Set: 1.2ms
[2025-04-04T01:24:38.752-0400][118134.985s][info ][gc,phases   ] GC(594)   Post Evacuate Collection Set: 0.8ms
[2025-04-04T01:24:38.752-0400][118134.985s][info ][gc,phases   ] GC(594)   Other: 0.1ms
[2025-04-04T01:24:38.752-0400][118134.985s][info ][gc,heap     ] GC(594) Eden regions: 253->0(253)
[2025-04-04T01:24:38.752-0400][118134.985s][info ][gc,heap     ] GC(594) Survivor regions: 2->2(32)
[2025-04-04T01:24:38.752-0400][118134.985s][info ][gc,heap     ] GC(594) Old regions: 200->200
[2025-04-04T01:24:38.752-0400][118134.985s][info ][gc,heap     ] GC(594) Archive regions: 0->0
[2025-04-04T01:24:38.752-0400][118134.985s][info ][gc,heap     ] GC(594) Humongous regions: 2->2
[2025-04-04T01:24:38.752-0400][118134.985s][info ][gc,metaspace] GC(594) Metaspace: 199304K(201088K)->199304K(201088K) NonClass: 175556K(176448K)->175556K(176448K) Class: 23747K(24640K)->23747K(24640K)
[2025-04-04T01:24:38.752-0400][118134.985s][info ][gc          ] GC(594) Pause Young (Normal) (G1 Evacuation Pause) 455M->202M(512M) 2.398ms
[2025-04-04T01:24:38.752-0400][118134.985s][info ][gc,cpu      ] GC(594) User=0.02s Sys=0.03s Real=0.00s
[2025-04-04T01:24:38.752-0400][118134.985s][info ][safepoint   ] Safepoint "G1CollectForAllocation", Time since last: 215543821700 ns, Reaching safepoint: 92600 ns, Cleanup: 6300 ns, At safepoint: 2481600 ns, Total: 2580500 ns
[2025-04-04T01:28:49.842-0400][118386.075s][debug][safepoint   ] Safepoint synchronization initiated using striped semaphore wait barrier. (246 threads)
[2025-04-04T01:28:49.842-0400][118386.075s][info ][gc,start    ] GC(595) Pause Young (Normal) (G1 Evacuation Pause)
[2025-04-04T01:28:49.842-0400][118386.075s][info ][gc,task     ] GC(595) Using 23 workers of 23 for evacuation
[2025-04-04T01:28:49.845-0400][118386.078s][info ][gc,phases   ] GC(595)   Pre Evacuate Collection Set: 0.2ms
[2025-04-04T01:28:49.845-0400][118386.078s][info ][gc,phases   ] GC(595)   Merge Heap Roots: 0.2ms
[2025-04-04T01:28:49.845-0400][118386.078s][info ][gc,phases   ] GC(595)   Evacuate Collection Set: 1.1ms
[2025-04-04T01:28:49.845-0400][118386.078s][info ][gc,phases   ] GC(595)   Post Evacuate Collection Set: 0.9ms
[2025-04-04T01:28:49.845-0400][118386.078s][info ][gc,phases   ] GC(595)   Other: 0.2ms
[2025-04-04T01:28:49.845-0400][118386.078s][info ][gc,heap     ] GC(595) Eden regions: 253->0(253)
[2025-04-04T01:28:49.845-0400][118386.078s][info ][gc,heap     ] GC(595) Survivor regions: 2->2(32)
[2025-04-04T01:28:49.845-0400][118386.078s][info ][gc,heap     ] GC(595) Old regions: 200->200
[2025-04-04T01:28:49.845-0400][118386.078s][info ][gc,heap     ] GC(595) Archive regions: 0->0
[2025-04-04T01:28:49.845-0400][118386.078s][info ][gc,heap     ] GC(595) Humongous regions: 2->2
[2025-04-04T01:28:49.845-0400][118386.078s][info ][gc,metaspace] GC(595) Metaspace: 199304K(201088K)->199304K(201088K) NonClass: 175556K(176448K)->175556K(176448K) Class: 23747K(24640K)->23747K(24640K)
[2025-04-04T01:28:49.845-0400][118386.078s][info ][gc          ] GC(595) Pause Young (Normal) (G1 Evacuation Pause) 455M->202M(512M) 2.658ms
[2025-04-04T01:28:49.845-0400][118386.078s][info ][gc,cpu      ] GC(595) User=0.02s Sys=0.00s Real=0.00s
[2025-04-04T01:28:49.845-0400][118386.078s][info ][safepoint   ] Safepoint "G1CollectForAllocation", Time since last: 251089749400 ns, Reaching safepoint: 180400 ns, Cleanup: 10100 ns, At safepoint: 2861600 ns, Total: 3052100 ns
[2025-04-04T01:32:36.477-0400][118612.710s][debug][safepoint   ] Safepoint synchronization initiated using striped semaphore wait barrier. (246 threads)
[2025-04-04T01:32:36.477-0400][118612.710s][info ][gc,start    ] GC(596) Pause Young (Normal) (G1 Evacuation Pause)
[2025-04-04T01:32:36.477-0400][118612.710s][info ][gc,task     ] GC(596) Using 23 workers of 23 for evacuation
[2025-04-04T01:32:36.481-0400][118612.713s][info ][gc,phases   ] GC(596)   Pre Evacuate Collection Set: 0.2ms
[2025-04-04T01:32:36.481-0400][118612.713s][info ][gc,phases   ] GC(596)   Merge Heap Roots: 0.1ms
[2025-04-04T01:32:36.481-0400][118612.713s][info ][gc,phases   ] GC(596)   Evacuate Collection Set: 1.3ms
[2025-04-04T01:32:36.481-0400][118612.713s][info ][gc,phases   ] GC(596)   Post Evacuate Collection Set: 1.3ms
[2025-04-04T01:32:36.481-0400][118612.713s][info ][gc,phases   ] GC(596)   Other: 0.2ms
[2025-04-04T01:32:36.481-0400][118612.713s][info ][gc,heap     ] GC(596) Eden regions: 253->0(253)
[2025-04-04T01:32:36.481-0400][118612.713s][info ][gc,heap     ] GC(596) Survivor regions: 2->2(32)
[2025-04-04T01:32:36.481-0400][118612.713s][info ][gc,heap     ] GC(596) Old regions: 200->200
[2025-04-04T01:32:36.481-0400][118612.713s][info ][gc,heap     ] GC(596) Archive regions: 0->0
[2025-04-04T01:32:36.481-0400][118612.713s][info ][gc,heap     ] GC(596) Humongous regions: 2->2
[2025-04-04T01:32:36.481-0400][118612.713s][info ][gc,metaspace] GC(596) Metaspace: 199304K(201088K)->199304K(201088K) NonClass: 175556K(176448K)->175556K(176448K) Class: 23747K(24640K)->23747K(24640K)
[2025-04-04T01:32:36.481-0400][118612.713s][info ][gc          ] GC(596) Pause Young (Normal) (G1 Evacuation Pause) 455M->202M(512M) 3.321ms
[2025-04-04T01:32:36.481-0400][118612.713s][info ][gc,cpu      ] GC(596) User=0.00s Sys=0.00s Real=0.00s
[2025-04-04T01:32:36.481-0400][118612.713s][info ][safepoint   ] Safepoint "G1CollectForAllocation", Time since last: 226631716900 ns, Reaching safepoint: 140000 ns, Cleanup: 14200 ns, At safepoint: 3456600 ns, Total: 3610800 ns
[2025-04-04T01:36:12.598-0400][118828.831s][debug][safepoint   ] Safepoint synchronization initiated using striped semaphore wait barrier. (247 threads)
[2025-04-04T01:36:12.598-0400][118828.831s][info ][safepoint   ] Safepoint "Cleanup", Time since last: 216117300400 ns, Reaching safepoint: 81000 ns, Cleanup: 13000 ns, At safepoint: 1700 ns, Total: 95700 ns
[2025-04-04T01:36:32.038-0400][118848.271s][debug][safepoint   ] Safepoint synchronization initiated using striped semaphore wait barrier. (246 threads)
[2025-04-04T01:36:32.038-0400][118848.271s][info ][gc,start    ] GC(597) Pause Young (Normal) (G1 Evacuation Pause)
[2025-04-04T01:36:32.038-0400][118848.271s][info ][gc,task     ] GC(597) Using 23 workers of 23 for evacuation
[2025-04-04T01:36:32.041-0400][118848.274s][info ][gc,phases   ] GC(597)   Pre Evacuate Collection Set: 0.2ms
[2025-04-04T01:36:32.041-0400][118848.274s][info ][gc,phases   ] GC(597)   Merge Heap Roots: 0.1ms
[2025-04-04T01:36:32.041-0400][118848.274s][info ][gc,phases   ] GC(597)   Evacuate Collection Set: 1.6ms
[2025-04-04T01:36:32.041-0400][118848.274s][info ][gc,phases   ] GC(597)   Post Evacuate Collection Set: 0.9ms
[2025-04-04T01:36:32.041-0400][118848.274s][info ][gc,phases   ] GC(597)   Other: 0.1ms
[2025-04-04T01:36:32.041-0400][118848.274s][info ][gc,heap     ] GC(597) Eden regions: 253->0(253)
[2025-04-04T01:36:32.041-0400][118848.274s][info ][gc,heap     ] GC(597) Survivor regions: 2->2(32)
[2025-04-04T01:36:32.041-0400][118848.274s][info ][gc,heap     ] GC(597) Old regions: 200->200
[2025-04-04T01:36:32.041-0400][118848.274s][info ][gc,heap     ] GC(597) Archive regions: 0->0
[2025-04-04T01:36:32.041-0400][118848.274s][info ][gc,heap     ] GC(597) Humongous regions: 2->2
[2025-04-04T01:36:32.041-0400][118848.274s][info ][gc,metaspace] GC(597) Metaspace: 199309K(201088K)->199309K(201088K) NonClass: 175562K(176448K)->175562K(176448K) Class: 23747K(24640K)->23747K(24640K)
[2025-04-04T01:36:32.041-0400][118848.274s][info ][gc          ] GC(597) Pause Young (Normal) (G1 Evacuation Pause) 455M->202M(512M) 2.943ms
[2025-04-04T01:36:32.041-0400][118848.274s][info ][gc,cpu      ] GC(597) User=0.00s Sys=0.00s Real=0.00s
[2025-04-04T01:36:32.041-0400][118848.274s][info ][safepoint   ] Safepoint "G1CollectForAllocation", Time since last: 19439868600 ns, Reaching safepoint: 59400 ns, Cleanup: 3500 ns, At safepoint: 3025500 ns, Total: 3088400 ns
[2025-04-04T01:40:20.016-0400][119076.248s][debug][safepoint   ] Safepoint synchronization initiated using striped semaphore wait barrier. (245 threads)
[2025-04-04T01:40:20.016-0400][119076.248s][info ][gc,start    ] GC(598) Pause Young (Normal) (G1 Evacuation Pause)
[2025-04-04T01:40:20.016-0400][119076.248s][info ][gc,task     ] GC(598) Using 23 workers of 23 for evacuation
[2025-04-04T01:40:20.018-0400][119076.251s][info ][gc,phases   ] GC(598)   Pre Evacuate Collection Set: 0.1ms
[2025-04-04T01:40:20.018-0400][119076.251s][info ][gc,phases   ] GC(598)   Merge Heap Roots: 0.1ms
[2025-04-04T01:40:20.018-0400][119076.251s][info ][gc,phases   ] GC(598)   Evacuate Collection Set: 1.5ms
[2025-04-04T01:40:20.018-0400][119076.251s][info ][gc,phases   ] GC(598)   Post Evacuate Collection Set: 0.8ms
[2025-04-04T01:40:20.018-0400][119076.251s][info ][gc,phases   ] GC(598)   Other: 0.1ms
[2025-04-04T01:40:20.018-0400][119076.251s][info ][gc,heap     ] GC(598) Eden regions: 253->0(253)
[2025-04-04T01:40:20.018-0400][119076.251s][info ][gc,heap     ] GC(598) Survivor regions: 2->2(32)
[2025-04-04T01:40:20.018-0400][119076.251s][info ][gc,heap     ] GC(598) Old regions: 200->200
[2025-04-04T01:40:20.018-0400][119076.251s][info ][gc,heap     ] GC(598) Archive regions: 0->0
[2025-04-04T01:40:20.018-0400][119076.251s][info ][gc,heap     ] GC(598) Humongous regions: 2->2
[2025-04-04T01:40:20.018-0400][119076.251s][info ][gc,metaspace] GC(598) Metaspace: 199309K(201088K)->199309K(201088K) NonClass: 175562K(176448K)->175562K(176448K) Class: 23747K(24640K)->23747K(24640K)
[2025-04-04T01:40:20.018-0400][119076.251s][info ][gc          ] GC(598) Pause Young (Normal) (G1 Evacuation Pause) 455M->202M(512M) 2.680ms
[2025-04-04T01:40:20.018-0400][119076.251s][info ][gc,cpu      ] GC(598) User=0.03s Sys=0.00s Real=0.00s
[2025-04-04T01:40:20.018-0400][119076.251s][info ][safepoint   ] Safepoint "G1CollectForAllocation", Time since last: 227974486200 ns, Reaching safepoint: 53600 ns, Cleanup: 2200 ns, At safepoint: 2762700 ns, Total: 2818500 ns
[2025-04-04T01:43:59.756-0400][119295.989s][debug][safepoint   ] Safepoint synchronization initiated using striped semaphore wait barrier. (245 threads)
[2025-04-04T01:43:59.756-0400][119295.989s][info ][gc,start    ] GC(599) Pause Young (Normal) (G1 Evacuation Pause)
[2025-04-04T01:43:59.756-0400][119295.989s][info ][gc,task     ] GC(599) Using 23 workers of 23 for evacuation
[2025-04-04T01:43:59.758-0400][119295.991s][info ][gc,phases   ] GC(599)   Pre Evacuate Collection Set: 0.2ms
[2025-04-04T01:43:59.758-0400][119295.991s][info ][gc,phases   ] GC(599)   Merge Heap Roots: 0.2ms
[2025-04-04T01:43:59.758-0400][119295.991s][info ][gc,phases   ] GC(599)   Evacuate Collection Set: 0.9ms
[2025-04-04T01:43:59.758-0400][119295.991s][info ][gc,phases   ] GC(599)   Post Evacuate Collection Set: 1.0ms
[2025-04-04T01:43:59.758-0400][119295.991s][info ][gc,phases   ] GC(599)   Other: 0.1ms
[2025-04-04T01:43:59.758-0400][119295.991s][info ][gc,heap     ] GC(599) Eden regions: 253->0(253)
[2025-04-04T01:43:59.758-0400][119295.991s][info ][gc,heap     ] GC(599) Survivor regions: 2->2(32)
[2025-04-04T01:43:59.758-0400][119295.991s][info ][gc,heap     ] GC(599) Old regions: 200->200
[2025-04-04T01:43:59.758-0400][119295.991s][info ][gc,heap     ] GC(599) Archive regions: 0->0
[2025-04-04T01:43:59.758-0400][119295.991s][info ][gc,heap     ] GC(599) Humongous regions: 2->2
[2025-04-04T01:43:59.758-0400][119295.991s][info ][gc,metaspace] GC(599) Metaspace: 199309K(201088K)->199309K(201088K) NonClass: 175562K(176448K)->175562K(176448K) Class: 23747K(24640K)->23747K(24640K)
[2025-04-04T01:43:59.759-0400][119295.991s][info ][gc          ] GC(599) Pause Young (Normal) (G1 Evacuation Pause) 455M->202M(512M) 2.595ms
[2025-04-04T01:43:59.759-0400][119295.991s][info ][gc,cpu      ] GC(599) User=0.00s Sys=0.00s Real=0.00s
[2025-04-04T01:43:59.759-0400][119295.992s][info ][safepoint   ] Safepoint "G1CollectForAllocation", Time since last: 219737663200 ns, Reaching safepoint: 100600 ns, Cleanup: 4700 ns, At safepoint: 2747700 ns, Total: 2853000 ns
[2025-04-04T01:47:47.620-0400][119523.853s][debug][safepoint   ] Safepoint synchronization initiated using striped semaphore wait barrier. (245 threads)
[2025-04-04T01:47:47.620-0400][119523.853s][info ][gc,start    ] GC(600) Pause Young (Normal) (G1 Evacuation Pause)
[2025-04-04T01:47:47.620-0400][119523.853s][info ][gc,task     ] GC(600) Using 23 workers of 23 for evacuation
[2025-04-04T01:47:47.625-0400][119523.858s][info ][gc,phases   ] GC(600)   Pre Evacuate Collection Set: 0.3ms
[2025-04-04T01:47:47.625-0400][119523.858s][info ][gc,phases   ] GC(600)   Merge Heap Roots: 0.1ms
[2025-04-04T01:47:47.625-0400][119523.858s][info ][gc,phases   ] GC(600)   Evacuate Collection Set: 3.0ms
[2025-04-04T01:47:47.625-0400][119523.858s][info ][gc,phases   ] GC(600)   Post Evacuate Collection Set: 1.3ms
[2025-04-04T01:47:47.625-0400][119523.858s][info ][gc,phases   ] GC(600)   Other: 0.1ms
[2025-04-04T01:47:47.625-0400][119523.858s][info ][gc,heap     ] GC(600) Eden regions: 253->0(253)
[2025-04-04T01:47:47.625-0400][119523.858s][info ][gc,heap     ] GC(600) Survivor regions: 2->2(32)
[2025-04-04T01:47:47.625-0400][119523.858s][info ][gc,heap     ] GC(600) Old regions: 200->200
[2025-04-04T01:47:47.625-0400][119523.858s][info ][gc,heap     ] GC(600) Archive regions: 0->0
[2025-04-04T01:47:47.625-0400][119523.858s][info ][gc,heap     ] GC(600) Humongous regions: 2->2
[2025-04-04T01:47:47.625-0400][119523.858s][info ][gc,metaspace] GC(600) Metaspace: 199309K(201088K)->199309K(201088K) NonClass: 175562K(176448K)->175562K(176448K) Class: 23747K(24640K)->23747K(24640K)
[2025-04-04T01:47:47.625-0400][119523.858s][info ][gc          ] GC(600) Pause Young (Normal) (G1 Evacuation Pause) 455M->202M(512M) 4.885ms
[2025-04-04T01:47:47.625-0400][119523.858s][info ][gc,cpu      ] GC(600) User=0.00s Sys=0.00s Real=0.01s
[2025-04-04T01:47:47.625-0400][119523.858s][info ][safepoint   ] Safepoint "G1CollectForAllocation", Time since last: 227861317000 ns, Reaching safepoint: 113000 ns, Cleanup: 4400 ns, At safepoint: 4984300 ns, Total: 5101700 ns
[2025-04-04T01:51:20.792-0400][119737.024s][debug][safepoint   ] Safepoint synchronization initiated using striped semaphore wait barrier. (245 threads)
[2025-04-04T01:51:20.792-0400][119737.025s][info ][gc,start    ] GC(601) Pause Young (Normal) (G1 Evacuation Pause)
[2025-04-04T01:51:20.792-0400][119737.025s][info ][gc,task     ] GC(601) Using 23 workers of 23 for evacuation
[2025-04-04T01:51:20.794-0400][119737.027s][info ][gc,phases   ] GC(601)   Pre Evacuate Collection Set: 0.3ms
[2025-04-04T01:51:20.794-0400][119737.027s][info ][gc,phases   ] GC(601)   Merge Heap Roots: 0.1ms
[2025-04-04T01:51:20.794-0400][119737.027s][info ][gc,phases   ] GC(601)   Evacuate Collection Set: 1.0ms
[2025-04-04T01:51:20.794-0400][119737.027s][info ][gc,phases   ] GC(601)   Post Evacuate Collection Set: 1.0ms
[2025-04-04T01:51:20.794-0400][119737.027s][info ][gc,phases   ] GC(601)   Other: 0.1ms
[2025-04-04T01:51:20.794-0400][119737.027s][info ][gc,heap     ] GC(601) Eden regions: 253->0(253)
[2025-04-04T01:51:20.794-0400][119737.027s][info ][gc,heap     ] GC(601) Survivor regions: 2->2(32)
[2025-04-04T01:51:20.794-0400][119737.027s][info ][gc,heap     ] GC(601) Old regions: 200->200
[2025-04-04T01:51:20.794-0400][119737.027s][info ][gc,heap     ] GC(601) Archive regions: 0->0
[2025-04-04T01:51:20.794-0400][119737.027s][info ][gc,heap     ] GC(601) Humongous regions: 2->2
[2025-04-04T01:51:20.794-0400][119737.027s][info ][gc,metaspace] GC(601) Metaspace: 199309K(201088K)->199309K(201088K) NonClass: 175562K(176448K)->175562K(176448K) Class: 23747K(24640K)->23747K(24640K)
[2025-04-04T01:51:20.794-0400][119737.027s][info ][gc          ] GC(601) Pause Young (Normal) (G1 Evacuation Pause) 455M->202M(512M) 2.638ms
[2025-04-04T01:51:20.794-0400][119737.027s][info ][gc,cpu      ] GC(601) User=0.00s Sys=0.00s Real=0.00s
[2025-04-04T01:51:20.794-0400][119737.027s][info ][safepoint   ] Safepoint "G1CollectForAllocation", Time since last: 213166336000 ns, Reaching safepoint: 244000 ns, Cleanup: 6200 ns, At safepoint: 2720800 ns, Total: 2971000 ns
[2025-04-04T01:54:53.550-0400][119949.782s][debug][safepoint   ] Safepoint synchronization initiated using striped semaphore wait barrier. (245 threads)
[2025-04-04T01:54:53.550-0400][119949.782s][info ][gc,start    ] GC(602) Pause Young (Normal) (G1 Evacuation Pause)
[2025-04-04T01:54:53.550-0400][119949.782s][info ][gc,task     ] GC(602) Using 23 workers of 23 for evacuation
[2025-04-04T01:54:53.552-0400][119949.785s][info ][gc,phases   ] GC(602)   Pre Evacuate Collection Set: 0.1ms
[2025-04-04T01:54:53.552-0400][119949.785s][info ][gc,phases   ] GC(602)   Merge Heap Roots: 0.1ms
[2025-04-04T01:54:53.552-0400][119949.785s][info ][gc,phases   ] GC(602)   Evacuate Collection Set: 1.5ms
[2025-04-04T01:54:53.552-0400][119949.785s][info ][gc,phases   ] GC(602)   Post Evacuate Collection Set: 0.8ms
[2025-04-04T01:54:53.552-0400][119949.785s][info ][gc,phases   ] GC(602)   Other: 0.1ms
[2025-04-04T01:54:53.552-0400][119949.785s][info ][gc,heap     ] GC(602) Eden regions: 253->0(253)
[2025-04-04T01:54:53.552-0400][119949.785s][info ][gc,heap     ] GC(602) Survivor regions: 2->2(32)
[2025-04-04T01:54:53.552-0400][119949.785s][info ][gc,heap     ] GC(602) Old regions: 200->200
[2025-04-04T01:54:53.552-0400][119949.785s][info ][gc,heap     ] GC(602) Archive regions: 0->0
[2025-04-04T01:54:53.552-0400][119949.785s][info ][gc,heap     ] GC(602) Humongous regions: 2->2
[2025-04-04T01:54:53.552-0400][119949.785s][info ][gc,metaspace] GC(602) Metaspace: 199309K(201088K)->199309K(201088K) NonClass: 175562K(176448K)->175562K(176448K) Class: 23747K(24640K)->23747K(24640K)
[2025-04-04T01:54:53.552-0400][119949.785s][info ][gc          ] GC(602) Pause Young (Normal) (G1 Evacuation Pause) 455M->202M(512M) 2.778ms
[2025-04-04T01:54:53.552-0400][119949.785s][info ][gc,cpu      ] GC(602) User=0.00s Sys=0.00s Real=0.00s
[2025-04-04T01:54:53.552-0400][119949.785s][info ][safepoint   ] Safepoint "G1CollectForAllocation", Time since last: 212754912700 ns, Reaching safepoint: 101700 ns, Cleanup: 3700 ns, At safepoint: 2858700 ns, Total: 2964100 ns
[2025-04-04T01:58:27.015-0400][120163.248s][debug][safepoint   ] Safepoint synchronization initiated using striped semaphore wait barrier. (243 threads)
[2025-04-04T01:58:27.015-0400][120163.248s][info ][gc,start    ] GC(603) Pause Young (Normal) (G1 Evacuation Pause)
[2025-04-04T01:58:27.015-0400][120163.248s][info ][gc,task     ] GC(603) Using 23 workers of 23 for evacuation
[2025-04-04T01:58:27.017-0400][120163.250s][info ][gc,phases   ] GC(603)   Pre Evacuate Collection Set: 0.3ms
[2025-04-04T01:58:27.017-0400][120163.250s][info ][gc,phases   ] GC(603)   Merge Heap Roots: 0.2ms
[2025-04-04T01:58:27.017-0400][120163.250s][info ][gc,phases   ] GC(603)   Evacuate Collection Set: 1.0ms
[2025-04-04T01:58:27.017-0400][120163.250s][info ][gc,phases   ] GC(603)   Post Evacuate Collection Set: 0.7ms
[2025-04-04T01:58:27.017-0400][120163.250s][info ][gc,phases   ] GC(603)   Other: 0.1ms
[2025-04-04T01:58:27.017-0400][120163.250s][info ][gc,heap     ] GC(603) Eden regions: 253->0(253)
[2025-04-04T01:58:27.017-0400][120163.250s][info ][gc,heap     ] GC(603) Survivor regions: 2->2(32)
[2025-04-04T01:58:27.017-0400][120163.250s][info ][gc,heap     ] GC(603) Old regions: 200->200
[2025-04-04T01:58:27.017-0400][120163.250s][info ][gc,heap     ] GC(603) Archive regions: 0->0
[2025-04-04T01:58:27.017-0400][120163.250s][info ][gc,heap     ] GC(603) Humongous regions: 2->2
[2025-04-04T01:58:27.017-0400][120163.250s][info ][gc,metaspace] GC(603) Metaspace: 199309K(201088K)->199309K(201088K) NonClass: 175562K(176448K)->175562K(176448K) Class: 23747K(24640K)->23747K(24640K)
[2025-04-04T01:58:27.017-0400][120163.250s][info ][gc          ] GC(603) Pause Young (Normal) (G1 Evacuation Pause) 455M->202M(512M) 2.527ms
[2025-04-04T01:58:27.017-0400][120163.251s][info ][gc,cpu      ] GC(603) User=0.00s Sys=0.00s Real=0.00s
[2025-04-04T01:58:27.017-0400][120163.251s][info ][safepoint   ] Safepoint "G1CollectForAllocation", Time since last: 213462723300 ns, Reaching safepoint: 71900 ns, Cleanup: 4100 ns, At safepoint: 2694000 ns, Total: 2770000 ns
[2025-04-04T02:02:16.799-0400][120393.031s][debug][safepoint   ] Safepoint synchronization initiated using striped semaphore wait barrier. (242 threads)
[2025-04-04T02:02:16.799-0400][120393.031s][info ][gc,start    ] GC(604) Pause Young (Normal) (G1 Evacuation Pause)
[2025-04-04T02:02:16.799-0400][120393.031s][info ][gc,task     ] GC(604) Using 23 workers of 23 for evacuation
[2025-04-04T02:02:16.801-0400][120393.033s][info ][gc,phases   ] GC(604)   Pre Evacuate Collection Set: 0.1ms
[2025-04-04T02:02:16.801-0400][120393.033s][info ][gc,phases   ] GC(604)   Merge Heap Roots: 0.1ms
[2025-04-04T02:02:16.801-0400][120393.033s][info ][gc,phases   ] GC(604)   Evacuate Collection Set: 1.1ms
[2025-04-04T02:02:16.801-0400][120393.033s][info ][gc,phases   ] GC(604)   Post Evacuate Collection Set: 0.7ms
[2025-04-04T02:02:16.801-0400][120393.033s][info ][gc,phases   ] GC(604)   Other: 0.1ms
[2025-04-04T02:02:16.801-0400][120393.033s][info ][gc,heap     ] GC(604) Eden regions: 253->0(253)
[2025-04-04T02:02:16.801-0400][120393.033s][info ][gc,heap     ] GC(604) Survivor regions: 2->2(32)
[2025-04-04T02:02:16.801-0400][120393.033s][info ][gc,heap     ] GC(604) Old regions: 200->200
[2025-04-04T02:02:16.801-0400][120393.033s][info ][gc,heap     ] GC(604) Archive regions: 0->0
[2025-04-04T02:02:16.801-0400][120393.033s][info ][gc,heap     ] GC(604) Humongous regions: 2->2
[2025-04-04T02:02:16.801-0400][120393.033s][info ][gc,metaspace] GC(604) Metaspace: 199309K(201088K)->199309K(201088K) NonClass: 175562K(176448K)->175562K(176448K) Class: 23747K(24640K)->23747K(24640K)
[2025-04-04T02:02:16.801-0400][120393.033s][info ][gc          ] GC(604) Pause Young (Normal) (G1 Evacuation Pause) 455M->202M(512M) 2.119ms
[2025-04-04T02:02:16.801-0400][120393.033s][info ][gc,cpu      ] GC(604) User=0.00s Sys=0.00s Real=0.00s
[2025-04-04T02:02:16.801-0400][120393.033s][info ][safepoint   ] Safepoint "G1CollectForAllocation", Time since last: 229780370300 ns, Reaching safepoint: 38300 ns, Cleanup: 3000 ns, At safepoint: 2184600 ns, Total: 2225900 ns
[2025-04-04T02:05:52.601-0400][120608.833s][debug][safepoint   ] Safepoint synchronization initiated using striped semaphore wait barrier. (241 threads)
[2025-04-04T02:05:52.601-0400][120608.833s][info ][gc,start    ] GC(605) Pause Young (Normal) (G1 Evacuation Pause)
[2025-04-04T02:05:52.601-0400][120608.833s][info ][gc,task     ] GC(605) Using 23 workers of 23 for evacuation
[2025-04-04T02:05:52.604-0400][120608.836s][info ][gc,phases   ] GC(605)   Pre Evacuate Collection Set: 0.1ms
[2025-04-04T02:05:52.604-0400][120608.836s][info ][gc,phases   ] GC(605)   Merge Heap Roots: 0.1ms
[2025-04-04T02:05:52.604-0400][120608.836s][info ][gc,phases   ] GC(605)   Evacuate Collection Set: 1.8ms
[2025-04-04T02:05:52.604-0400][120608.836s][info ][gc,phases   ] GC(605)   Post Evacuate Collection Set: 1.0ms
[2025-04-04T02:05:52.604-0400][120608.836s][info ][gc,phases   ] GC(605)   Other: 0.2ms
[2025-04-04T02:05:52.604-0400][120608.836s][info ][gc,heap     ] GC(605) Eden regions: 253->0(253)
[2025-04-04T02:05:52.604-0400][120608.836s][info ][gc,heap     ] GC(605) Survivor regions: 2->2(32)
[2025-04-04T02:05:52.604-0400][120608.836s][info ][gc,heap     ] GC(605) Old regions: 200->200
[2025-04-04T02:05:52.604-0400][120608.836s][info ][gc,heap     ] GC(605) Archive regions: 0->0
[2025-04-04T02:05:52.604-0400][120608.836s][info ][gc,heap     ] GC(605) Humongous regions: 2->2
[2025-04-04T02:05:52.604-0400][120608.836s][info ][gc,metaspace] GC(605) Metaspace: 199309K(201088K)->199309K(201088K) NonClass: 175562K(176448K)->175562K(176448K) Class: 23747K(24640K)->23747K(24640K)
[2025-04-04T02:05:52.604-0400][120608.836s][info ][gc          ] GC(605) Pause Young (Normal) (G1 Evacuation Pause) 455M->202M(512M) 3.175ms
[2025-04-04T02:05:52.604-0400][120608.836s][info ][gc,cpu      ] GC(605) User=0.00s Sys=0.00s Real=0.00s
[2025-04-04T02:05:52.604-0400][120608.836s][info ][safepoint   ] Safepoint "G1CollectForAllocation", Time since last: 215799932300 ns, Reaching safepoint: 88700 ns, Cleanup: 4200 ns, At safepoint: 3264900 ns, Total: 3357800 ns
[2025-04-04T11:00:02.815-0400][152660.249s][debug][safepoint   ] Safepoint synchronization initiated using striped semaphore wait barrier. (243 threads)
[2025-04-04T11:00:02.815-0400][152660.250s][info ][gc,start    ] GC(606) Pause Young (Normal) (G1 Evacuation Pause)
[2025-04-04T11:00:02.815-0400][152660.250s][info ][gc,task     ] GC(606) Using 23 workers of 23 for evacuation
[2025-04-04T11:00:02.819-0400][152660.253s][info ][gc,phases   ] GC(606)   Pre Evacuate Collection Set: 0.4ms
[2025-04-04T11:00:02.819-0400][152660.253s][info ][gc,phases   ] GC(606)   Merge Heap Roots: 0.3ms
[2025-04-04T11:00:02.819-0400][152660.253s][info ][gc,phases   ] GC(606)   Evacuate Collection Set: 1.3ms
[2025-04-04T11:00:02.819-0400][152660.253s][info ][gc,phases   ] GC(606)   Post Evacuate Collection Set: 1.6ms
[2025-04-04T11:00:02.819-0400][152660.253s][info ][gc,phases   ] GC(606)   Other: 0.1ms
[2025-04-04T11:00:02.819-0400][152660.253s][info ][gc,heap     ] GC(606) Eden regions: 253->0(252)
[2025-04-04T11:00:02.819-0400][152660.253s][info ][gc,heap     ] GC(606) Survivor regions: 2->2(32)
[2025-04-04T11:00:02.819-0400][152660.253s][info ][gc,heap     ] GC(606) Old regions: 200->200
[2025-04-04T11:00:02.819-0400][152660.253s][info ][gc,heap     ] GC(606) Archive regions: 0->0
[2025-04-04T11:00:02.819-0400][152660.253s][info ][gc,heap     ] GC(606) Humongous regions: 2->2
[2025-04-04T11:00:02.819-0400][152660.253s][info ][gc,metaspace] GC(606) Metaspace: 199309K(201088K)->199309K(201088K) NonClass: 175562K(176448K)->175562K(176448K) Class: 23747K(24640K)->23747K(24640K)
[2025-04-04T11:00:02.819-0400][152660.253s][info ][gc          ] GC(606) Pause Young (Normal) (G1 Evacuation Pause) 455M->202M(512M) 3.902ms
[2025-04-04T11:00:02.819-0400][152660.253s][info ][gc,cpu      ] GC(606) User=0.00s Sys=0.00s Real=0.00s
[2025-04-04T11:00:02.819-0400][152660.254s][info ][safepoint   ] Safepoint "G1CollectForAllocation", Time since last: 32051412949100 ns, Reaching safepoint: 71200 ns, Cleanup: 4000 ns, At safepoint: 4010000 ns, Total: 4085200 ns
[2025-04-04T11:03:34.096-0400][152871.531s][debug][safepoint   ] Safepoint synchronization initiated using striped semaphore wait barrier. (240 threads)
[2025-04-04T11:03:34.096-0400][152871.531s][info ][gc,start    ] GC(607) Pause Young (Normal) (G1 Evacuation Pause)
[2025-04-04T11:03:34.096-0400][152871.532s][info ][gc,task     ] GC(607) Using 23 workers of 23 for evacuation
[2025-04-04T11:03:34.106-0400][152871.541s][info ][gc,phases   ] GC(607)   Pre Evacuate Collection Set: 0.5ms
[2025-04-04T11:03:34.106-0400][152871.541s][info ][gc,phases   ] GC(607)   Merge Heap Roots: 0.4ms
[2025-04-04T11:03:34.106-0400][152871.541s][info ][gc,phases   ] GC(607)   Evacuate Collection Set: 5.6ms
[2025-04-04T11:03:34.106-0400][152871.541s][info ][gc,phases   ] GC(607)   Post Evacuate Collection Set: 3.0ms
[2025-04-04T11:03:34.106-0400][152871.541s][info ][gc,phases   ] GC(607)   Other: 0.4ms
[2025-04-04T11:03:34.106-0400][152871.541s][info ][gc,heap     ] GC(607) Eden regions: 252->0(253)
[2025-04-04T11:03:34.106-0400][152871.541s][info ][gc,heap     ] GC(607) Survivor regions: 2->2(32)
[2025-04-04T11:03:34.106-0400][152871.541s][info ][gc,heap     ] GC(607) Old regions: 200->200
[2025-04-04T11:03:34.106-0400][152871.541s][info ][gc,heap     ] GC(607) Archive regions: 0->0
[2025-04-04T11:03:34.106-0400][152871.541s][info ][gc,heap     ] GC(607) Humongous regions: 2->2
[2025-04-04T11:03:34.106-0400][152871.541s][info ][gc,metaspace] GC(607) Metaspace: 199309K(201088K)->199309K(201088K) NonClass: 175562K(176448K)->175562K(176448K) Class: 23747K(24640K)->23747K(24640K)
[2025-04-04T11:03:34.106-0400][152871.541s][info ][gc          ] GC(607) Pause Young (Normal) (G1 Evacuation Pause) 454M->202M(512M) 9.978ms
[2025-04-04T11:03:34.107-0400][152871.542s][info ][gc,cpu      ] GC(607) User=0.00s Sys=0.00s Real=0.01s
[2025-04-04T11:03:34.107-0400][152871.542s][info ][safepoint   ] Safepoint "G1CollectForAllocation", Time since last: 211277577600 ns, Reaching safepoint: 251800 ns, Cleanup: 10800 ns, At safepoint: 10223500 ns, Total: 10486100 ns
[2025-04-04T11:07:08.180-0400][153085.615s][debug][safepoint   ] Safepoint synchronization initiated using striped semaphore wait barrier. (242 threads)
[2025-04-04T11:07:08.180-0400][153085.615s][info ][gc,start    ] GC(608) Pause Young (Normal) (G1 Evacuation Pause)
[2025-04-04T11:07:08.180-0400][153085.615s][info ][gc,task     ] GC(608) Using 23 workers of 23 for evacuation
[2025-04-04T11:07:08.187-0400][153085.622s][info ][gc,phases   ] GC(608)   Pre Evacuate Collection Set: 0.4ms
[2025-04-04T11:07:08.187-0400][153085.623s][info ][gc,phases   ] GC(608)   Merge Heap Roots: 0.4ms
[2025-04-04T11:07:08.187-0400][153085.623s][info ][gc,phases   ] GC(608)   Evacuate Collection Set: 3.9ms
[2025-04-04T11:07:08.187-0400][153085.623s][info ][gc,phases   ] GC(608)   Post Evacuate Collection Set: 2.2ms
[2025-04-04T11:07:08.187-0400][153085.623s][info ][gc,phases   ] GC(608)   Other: 0.3ms
[2025-04-04T11:07:08.187-0400][153085.623s][info ][gc,heap     ] GC(608) Eden regions: 253->0(253)
[2025-04-04T11:07:08.187-0400][153085.623s][info ][gc,heap     ] GC(608) Survivor regions: 2->2(32)
[2025-04-04T11:07:08.187-0400][153085.623s][info ][gc,heap     ] GC(608) Old regions: 200->200
[2025-04-04T11:07:08.187-0400][153085.623s][info ][gc,heap     ] GC(608) Archive regions: 0->0
[2025-04-04T11:07:08.187-0400][153085.623s][info ][gc,heap     ] GC(608) Humongous regions: 2->2
[2025-04-04T11:07:08.187-0400][153085.623s][info ][gc,metaspace] GC(608) Metaspace: 199309K(201088K)->199309K(201088K) NonClass: 175562K(176448K)->175562K(176448K) Class: 23747K(24640K)->23747K(24640K)
[2025-04-04T11:07:08.187-0400][153085.623s][info ][gc          ] GC(608) Pause Young (Normal) (G1 Evacuation Pause) 455M->202M(512M) 7.433ms
[2025-04-04T11:07:08.187-0400][153085.623s][info ][gc,cpu      ] GC(608) User=0.00s Sys=0.00s Real=0.01s
[2025-04-04T11:07:08.188-0400][153085.623s][info ][safepoint   ] Safepoint "G1CollectForAllocation", Time since last: 214073451600 ns, Reaching safepoint: 178200 ns, Cleanup: 11700 ns, At safepoint: 7658100 ns, Total: 7848000 ns
[2025-04-04T11:10:40.133-0400][153297.568s][debug][safepoint   ] Safepoint synchronization initiated using striped semaphore wait barrier. (241 threads)
[2025-04-04T11:10:40.133-0400][153297.568s][info ][gc,start    ] GC(609) Pause Young (Normal) (G1 Evacuation Pause)
[2025-04-04T11:10:40.133-0400][153297.568s][info ][gc,task     ] GC(609) Using 23 workers of 23 for evacuation
[2025-04-04T11:10:40.141-0400][153297.576s][info ][gc,phases   ] GC(609)   Pre Evacuate Collection Set: 0.3ms
[2025-04-04T11:10:40.141-0400][153297.576s][info ][gc,phases   ] GC(609)   Merge Heap Roots: 0.3ms
[2025-04-04T11:10:40.141-0400][153297.576s][info ][gc,phases   ] GC(609)   Evacuate Collection Set: 4.6ms
[2025-04-04T11:10:40.141-0400][153297.576s][info ][gc,phases   ] GC(609)   Post Evacuate Collection Set: 2.0ms
[2025-04-04T11:10:40.141-0400][153297.576s][info ][gc,phases   ] GC(609)   Other: 0.4ms
[2025-04-04T11:10:40.141-0400][153297.576s][info ][gc,heap     ] GC(609) Eden regions: 253->0(253)
[2025-04-04T11:10:40.141-0400][153297.576s][info ][gc,heap     ] GC(609) Survivor regions: 2->2(32)
[2025-04-04T11:10:40.141-0400][153297.576s][info ][gc,heap     ] GC(609) Old regions: 200->200
[2025-04-04T11:10:40.141-0400][153297.576s][info ][gc,heap     ] GC(609) Archive regions: 0->0
[2025-04-04T11:10:40.141-0400][153297.576s][info ][gc,heap     ] GC(609) Humongous regions: 2->2
[2025-04-04T11:10:40.141-0400][153297.576s][info ][gc,metaspace] GC(609) Metaspace: 199309K(201088K)->199309K(201088K) NonClass: 175562K(176448K)->175562K(176448K) Class: 23747K(24640K)->23747K(24640K)
[2025-04-04T11:10:40.141-0400][153297.576s][info ][gc          ] GC(609) Pause Young (Normal) (G1 Evacuation Pause) 455M->202M(512M) 7.734ms
[2025-04-04T11:10:40.141-0400][153297.576s][info ][gc,cpu      ] GC(609) User=0.00s Sys=0.00s Real=0.01s
[2025-04-04T11:10:40.141-0400][153297.576s][info ][safepoint   ] Safepoint "G1CollectForAllocation", Time since last: 211945099400 ns, Reaching safepoint: 244000 ns, Cleanup: 6300 ns, At safepoint: 8055100 ns, Total: 8305400 ns
[2025-04-04T11:14:13.476-0400][153510.911s][debug][safepoint   ] Safepoint synchronization initiated using striped semaphore wait barrier. (241 threads)
[2025-04-04T11:14:13.476-0400][153510.911s][info ][gc,start    ] GC(610) Pause Young (Normal) (G1 Evacuation Pause)
[2025-04-04T11:14:13.476-0400][153510.911s][info ][gc,task     ] GC(610) Using 23 workers of 23 for evacuation
[2025-04-04T11:14:13.478-0400][153510.913s][info ][gc,phases   ] GC(610)   Pre Evacuate Collection Set: 0.3ms
[2025-04-04T11:14:13.478-0400][153510.913s][info ][gc,phases   ] GC(610)   Merge Heap Roots: 0.1ms
[2025-04-04T11:14:13.478-0400][153510.913s][info ][gc,phases   ] GC(610)   Evacuate Collection Set: 1.0ms
[2025-04-04T11:14:13.478-0400][153510.913s][info ][gc,phases   ] GC(610)   Post Evacuate Collection Set: 0.9ms
[2025-04-04T11:14:13.478-0400][153510.913s][info ][gc,phases   ] GC(610)   Other: 0.1ms
[2025-04-04T11:14:13.478-0400][153510.913s][info ][gc,heap     ] GC(610) Eden regions: 253->0(253)
[2025-04-04T11:14:13.478-0400][153510.913s][info ][gc,heap     ] GC(610) Survivor regions: 2->2(32)
[2025-04-04T11:14:13.478-0400][153510.913s][info ][gc,heap     ] GC(610) Old regions: 200->200
[2025-04-04T11:14:13.478-0400][153510.913s][info ][gc,heap     ] GC(610) Archive regions: 0->0
[2025-04-04T11:14:13.478-0400][153510.913s][info ][gc,heap     ] GC(610) Humongous regions: 2->2
[2025-04-04T11:14:13.478-0400][153510.913s][info ][gc,metaspace] GC(610) Metaspace: 199309K(201088K)->199309K(201088K) NonClass: 175562K(176448K)->175562K(176448K) Class: 23747K(24640K)->23747K(24640K)
[2025-04-04T11:14:13.478-0400][153510.913s][info ][gc          ] GC(610) Pause Young (Normal) (G1 Evacuation Pause) 455M->202M(512M) 2.481ms
[2025-04-04T11:14:13.478-0400][153510.913s][info ][gc,cpu      ] GC(610) User=0.00s Sys=0.00s Real=0.00s
[2025-04-04T11:14:13.478-0400][153510.913s][info ][safepoint   ] Safepoint "G1CollectForAllocation", Time since last: 213334386700 ns, Reaching safepoint: 67900 ns, Cleanup: 4200 ns, At safepoint: 2583300 ns, Total: 2655400 ns
[2025-04-04T11:18:03.154-0400][153740.589s][debug][safepoint   ] Safepoint synchronization initiated using striped semaphore wait barrier. (241 threads)
[2025-04-04T11:18:03.154-0400][153740.589s][info ][gc,start    ] GC(611) Pause Young (Normal) (G1 Evacuation Pause)
[2025-04-04T11:18:03.154-0400][153740.589s][info ][gc,task     ] GC(611) Using 23 workers of 23 for evacuation
[2025-04-04T11:18:03.157-0400][153740.592s][info ][gc,phases   ] GC(611)   Pre Evacuate Collection Set: 0.2ms
[2025-04-04T11:18:03.157-0400][153740.592s][info ][gc,phases   ] GC(611)   Merge Heap Roots: 0.1ms
[2025-04-04T11:18:03.157-0400][153740.592s][info ][gc,phases   ] GC(611)   Evacuate Collection Set: 1.3ms
[2025-04-04T11:18:03.157-0400][153740.592s][info ][gc,phases   ] GC(611)   Post Evacuate Collection Set: 0.8ms
[2025-04-04T11:18:03.157-0400][153740.592s][info ][gc,phases   ] GC(611)   Other: 0.2ms
[2025-04-04T11:18:03.157-0400][153740.592s][info ][gc,heap     ] GC(611) Eden regions: 253->0(253)
[2025-04-04T11:18:03.157-0400][153740.592s][info ][gc,heap     ] GC(611) Survivor regions: 2->2(32)
[2025-04-04T11:18:03.157-0400][153740.592s][info ][gc,heap     ] GC(611) Old regions: 200->200
[2025-04-04T11:18:03.157-0400][153740.592s][info ][gc,heap     ] GC(611) Archive regions: 0->0
[2025-04-04T11:18:03.157-0400][153740.592s][info ][gc,heap     ] GC(611) Humongous regions: 2->2
[2025-04-04T11:18:03.157-0400][153740.592s][info ][gc,metaspace] GC(611) Metaspace: 199309K(201088K)->199309K(201088K) NonClass: 175562K(176448K)->175562K(176448K) Class: 23747K(24640K)->23747K(24640K)
[2025-04-04T11:18:03.157-0400][153740.592s][info ][gc          ] GC(611) Pause Young (Normal) (G1 Evacuation Pause) 455M->202M(512M) 2.796ms
[2025-04-04T11:18:03.157-0400][153740.592s][info ][gc,cpu      ] GC(611) User=0.00s Sys=0.00s Real=0.00s
[2025-04-04T11:18:03.157-0400][153740.592s][info ][safepoint   ] Safepoint "G1CollectForAllocation", Time since last: 229675663700 ns, Reaching safepoint: 121900 ns, Cleanup: 5400 ns, At safepoint: 2926200 ns, Total: 3053500 ns
[2025-04-04T11:21:39.016-0400][153956.451s][debug][safepoint   ] Safepoint synchronization initiated using striped semaphore wait barrier. (242 threads)
[2025-04-04T11:21:39.016-0400][153956.451s][info ][gc,start    ] GC(612) Pause Young (Normal) (G1 Evacuation Pause)
[2025-04-04T11:21:39.016-0400][153956.451s][info ][gc,task     ] GC(612) Using 23 workers of 23 for evacuation
[2025-04-04T11:21:39.024-0400][153956.458s][info ][gc,phases   ] GC(612)   Pre Evacuate Collection Set: 0.4ms
[2025-04-04T11:21:39.024-0400][153956.459s][info ][gc,phases   ] GC(612)   Merge Heap Roots: 0.5ms
[2025-04-04T11:21:39.024-0400][153956.459s][info ][gc,phases   ] GC(612)   Evacuate Collection Set: 4.2ms
[2025-04-04T11:21:39.024-0400][153956.459s][info ][gc,phases   ] GC(612)   Post Evacuate Collection Set: 2.1ms
[2025-04-04T11:21:39.024-0400][153956.459s][info ][gc,phases   ] GC(612)   Other: 0.3ms
[2025-04-04T11:21:39.024-0400][153956.459s][info ][gc,heap     ] GC(612) Eden regions: 253->0(253)
[2025-04-04T11:21:39.024-0400][153956.459s][info ][gc,heap     ] GC(612) Survivor regions: 2->2(32)
[2025-04-04T11:21:39.024-0400][153956.459s][info ][gc,heap     ] GC(612) Old regions: 200->200
[2025-04-04T11:21:39.024-0400][153956.459s][info ][gc,heap     ] GC(612) Archive regions: 0->0
[2025-04-04T11:21:39.024-0400][153956.459s][info ][gc,heap     ] GC(612) Humongous regions: 2->2
[2025-04-04T11:21:39.024-0400][153956.459s][info ][gc,metaspace] GC(612) Metaspace: 199309K(201088K)->199309K(201088K) NonClass: 175562K(176448K)->175562K(176448K) Class: 23747K(24640K)->23747K(24640K)
[2025-04-04T11:21:39.024-0400][153956.459s][info ][gc          ] GC(612) Pause Young (Normal) (G1 Evacuation Pause) 455M->202M(512M) 7.697ms
[2025-04-04T11:21:39.024-0400][153956.459s][info ][gc,cpu      ] GC(612) User=0.02s Sys=0.00s Real=0.01s
[2025-04-04T11:21:39.024-0400][153956.459s][info ][safepoint   ] Safepoint "G1CollectForAllocation", Time since last: 215858674200 ns, Reaching safepoint: 177100 ns, Cleanup: 11900 ns, At safepoint: 7911000 ns, Total: 8100000 ns
[2025-04-04T11:25:11.459-0400][154168.894s][debug][safepoint   ] Safepoint synchronization initiated using striped semaphore wait barrier. (241 threads)
[2025-04-04T11:25:11.459-0400][154168.894s][info ][gc,start    ] GC(613) Pause Young (Normal) (G1 Evacuation Pause)
[2025-04-04T11:25:11.459-0400][154168.894s][info ][gc,task     ] GC(613) Using 23 workers of 23 for evacuation
[2025-04-04T11:25:11.465-0400][154168.900s][info ][gc,phases   ] GC(613)   Pre Evacuate Collection Set: 0.3ms
[2025-04-04T11:25:11.465-0400][154168.900s][info ][gc,phases   ] GC(613)   Merge Heap Roots: 0.2ms
[2025-04-04T11:25:11.465-0400][154168.900s][info ][gc,phases   ] GC(613)   Evacuate Collection Set: 2.9ms
[2025-04-04T11:25:11.465-0400][154168.900s][info ][gc,phases   ] GC(613)   Post Evacuate Collection Set: 1.7ms
[2025-04-04T11:25:11.465-0400][154168.900s][info ][gc,phases   ] GC(613)   Other: 0.2ms
[2025-04-04T11:25:11.465-0400][154168.900s][info ][gc,heap     ] GC(613) Eden regions: 253->0(253)
[2025-04-04T11:25:11.465-0400][154168.900s][info ][gc,heap     ] GC(613) Survivor regions: 2->2(32)
[2025-04-04T11:25:11.465-0400][154168.900s][info ][gc,heap     ] GC(613) Old regions: 200->200
[2025-04-04T11:25:11.465-0400][154168.900s][info ][gc,heap     ] GC(613) Archive regions: 0->0
[2025-04-04T11:25:11.465-0400][154168.900s][info ][gc,heap     ] GC(613) Humongous regions: 2->2
[2025-04-04T11:25:11.465-0400][154168.900s][info ][gc,metaspace] GC(613) Metaspace: 199309K(201088K)->199309K(201088K) NonClass: 175562K(176448K)->175562K(176448K) Class: 23747K(24640K)->23747K(24640K)
[2025-04-04T11:25:11.465-0400][154168.900s][info ][gc          ] GC(613) Pause Young (Normal) (G1 Evacuation Pause) 455M->202M(512M) 5.447ms
[2025-04-04T11:25:11.465-0400][154168.900s][info ][gc,cpu      ] GC(613) User=0.00s Sys=0.00s Real=0.01s
[2025-04-04T11:25:11.465-0400][154168.900s][info ][safepoint   ] Safepoint "G1CollectForAllocation", Time since last: 212435238200 ns, Reaching safepoint: 113000 ns, Cleanup: 9600 ns, At safepoint: 5586600 ns, Total: 5709200 ns
[2025-04-04T11:25:12.465-0400][154169.900s][debug][safepoint   ] Safepoint synchronization initiated using striped semaphore wait barrier. (241 threads)
[2025-04-04T11:25:12.465-0400][154169.900s][info ][safepoint   ] Safepoint "Cleanup", Time since last: 1000136000 ns, Reaching safepoint: 144500 ns, Cleanup: 23600 ns, At safepoint: 23200 ns, Total: 191300 ns
[2025-04-04T11:26:59.514-0400][154276.949s][debug][safepoint   ] Safepoint synchronization initiated using striped semaphore wait barrier. (241 threads)
[2025-04-04T11:26:59.514-0400][154276.949s][info ][safepoint   ] Safepoint "Cleanup", Time since last: 107048842900 ns, Reaching safepoint: 118600 ns, Cleanup: 41900 ns, At safepoint: 5000 ns, Total: 165500 ns
[2025-04-04T11:27:00.515-0400][154277.949s][debug][safepoint   ] Safepoint synchronization initiated using striped semaphore wait barrier. (242 threads)
[2025-04-04T11:27:00.515-0400][154277.950s][info ][safepoint   ] Safepoint "Cleanup", Time since last: 1000356500 ns, Reaching safepoint: 175700 ns, Cleanup: 106600 ns, At safepoint: 10400 ns, Total: 292700 ns
[2025-04-04T11:28:39.275-0400][154376.710s][debug][safepoint   ] Safepoint synchronization initiated using striped semaphore wait barrier. (241 threads)
[2025-04-04T11:28:39.275-0400][154376.710s][info ][gc,start    ] GC(614) Pause Young (Normal) (G1 Evacuation Pause)
[2025-04-04T11:28:39.275-0400][154376.711s][info ][gc,task     ] GC(614) Using 23 workers of 23 for evacuation
[2025-04-04T11:28:39.282-0400][154376.718s][info ][gc,phases   ] GC(614)   Pre Evacuate Collection Set: 0.5ms
[2025-04-04T11:28:39.282-0400][154376.718s][info ][gc,phases   ] GC(614)   Merge Heap Roots: 0.3ms
[2025-04-04T11:28:39.282-0400][154376.718s][info ][gc,phases   ] GC(614)   Evacuate Collection Set: 3.4ms
[2025-04-04T11:28:39.282-0400][154376.718s][info ][gc,phases   ] GC(614)   Post Evacuate Collection Set: 3.0ms
[2025-04-04T11:28:39.282-0400][154376.718s][info ][gc,phases   ] GC(614)   Other: 0.2ms
[2025-04-04T11:28:39.282-0400][154376.718s][info ][gc,heap     ] GC(614) Eden regions: 253->0(253)
[2025-04-04T11:28:39.282-0400][154376.718s][info ][gc,heap     ] GC(614) Survivor regions: 2->2(32)
[2025-04-04T11:28:39.282-0400][154376.718s][info ][gc,heap     ] GC(614) Old regions: 200->200
[2025-04-04T11:28:39.282-0400][154376.718s][info ][gc,heap     ] GC(614) Archive regions: 0->0
[2025-04-04T11:28:39.283-0400][154376.718s][info ][gc,heap     ] GC(614) Humongous regions: 2->2
[2025-04-04T11:28:39.283-0400][154376.718s][info ][gc,metaspace] GC(614) Metaspace: 199337K(201152K)->199337K(201152K) NonClass: 175589K(176512K)->175589K(176512K) Class: 23747K(24640K)->23747K(24640K)
[2025-04-04T11:28:39.283-0400][154376.718s][info ][gc          ] GC(614) Pause Young (Normal) (G1 Evacuation Pause) 455M->202M(512M) 7.572ms
[2025-04-04T11:28:39.283-0400][154376.718s][info ][gc,cpu      ] GC(614) User=0.00s Sys=0.00s Real=0.01s
[2025-04-04T11:28:39.283-0400][154376.718s][info ][safepoint   ] Safepoint "G1CollectForAllocation", Time since last: 98760462300 ns, Reaching safepoint: 168000 ns, Cleanup: 7900 ns, At safepoint: 7789300 ns, Total: 7965200 ns
[2025-04-04T11:32:11.070-0400][154588.504s][debug][safepoint   ] Safepoint synchronization initiated using striped semaphore wait barrier. (239 threads)
[2025-04-04T11:32:11.070-0400][154588.505s][info ][gc,start    ] GC(615) Pause Young (Normal) (G1 Evacuation Pause)
[2025-04-04T11:32:11.070-0400][154588.505s][info ][gc,task     ] GC(615) Using 23 workers of 23 for evacuation
[2025-04-04T11:32:11.076-0400][154588.511s][info ][gc,phases   ] GC(615)   Pre Evacuate Collection Set: 0.3ms
[2025-04-04T11:32:11.077-0400][154588.511s][info ][gc,phases   ] GC(615)   Merge Heap Roots: 0.4ms
[2025-04-04T11:32:11.077-0400][154588.511s][info ][gc,phases   ] GC(615)   Evacuate Collection Set: 2.9ms
[2025-04-04T11:32:11.077-0400][154588.511s][info ][gc,phases   ] GC(615)   Post Evacuate Collection Set: 2.6ms
[2025-04-04T11:32:11.077-0400][154588.511s][info ][gc,phases   ] GC(615)   Other: 0.3ms
[2025-04-04T11:32:11.077-0400][154588.511s][info ][gc,heap     ] GC(615) Eden regions: 253->0(253)
[2025-04-04T11:32:11.077-0400][154588.511s][info ][gc,heap     ] GC(615) Survivor regions: 2->2(32)
[2025-04-04T11:32:11.077-0400][154588.511s][info ][gc,heap     ] GC(615) Old regions: 200->200
[2025-04-04T11:32:11.077-0400][154588.511s][info ][gc,heap     ] GC(615) Archive regions: 0->0
[2025-04-04T11:32:11.077-0400][154588.511s][info ][gc,heap     ] GC(615) Humongous regions: 2->2
[2025-04-04T11:32:11.077-0400][154588.511s][info ][gc,metaspace] GC(615) Metaspace: 199338K(201152K)->199338K(201152K) NonClass: 175590K(176512K)->175590K(176512K) Class: 23747K(24640K)->23747K(24640K)
[2025-04-04T11:32:11.077-0400][154588.511s][info ][gc          ] GC(615) Pause Young (Normal) (G1 Evacuation Pause) 455M->202M(512M) 6.900ms
[2025-04-04T11:32:11.077-0400][154588.512s][info ][gc,cpu      ] GC(615) User=0.00s Sys=0.00s Real=0.01s
[2025-04-04T11:32:11.077-0400][154588.512s][info ][safepoint   ] Safepoint "G1CollectForAllocation", Time since last: 211786069600 ns, Reaching safepoint: 201200 ns, Cleanup: 10600 ns, At safepoint: 7144400 ns, Total: 7356200 ns
[2025-04-04T11:35:44.747-0400][154802.182s][debug][safepoint   ] Safepoint synchronization initiated using striped semaphore wait barrier. (239 threads)
[2025-04-04T11:35:44.747-0400][154802.182s][info ][gc,start    ] GC(616) Pause Young (Normal) (G1 Evacuation Pause)
[2025-04-04T11:35:44.747-0400][154802.182s][info ][gc,task     ] GC(616) Using 23 workers of 23 for evacuation
[2025-04-04T11:35:44.755-0400][154802.190s][info ][gc,phases   ] GC(616)   Pre Evacuate Collection Set: 0.4ms
[2025-04-04T11:35:44.755-0400][154802.190s][info ][gc,phases   ] GC(616)   Merge Heap Roots: 0.3ms
[2025-04-04T11:35:44.755-0400][154802.190s][info ][gc,phases   ] GC(616)   Evacuate Collection Set: 5.0ms
[2025-04-04T11:35:44.755-0400][154802.190s][info ][gc,phases   ] GC(616)   Post Evacuate Collection Set: 2.0ms
[2025-04-04T11:35:44.755-0400][154802.190s][info ][gc,phases   ] GC(616)   Other: 0.3ms
[2025-04-04T11:35:44.755-0400][154802.190s][info ][gc,heap     ] GC(616) Eden regions: 253->0(253)
[2025-04-04T11:35:44.755-0400][154802.190s][info ][gc,heap     ] GC(616) Survivor regions: 2->2(32)
[2025-04-04T11:35:44.755-0400][154802.190s][info ][gc,heap     ] GC(616) Old regions: 200->200
[2025-04-04T11:35:44.755-0400][154802.190s][info ][gc,heap     ] GC(616) Archive regions: 0->0
[2025-04-04T11:35:44.755-0400][154802.190s][info ][gc,heap     ] GC(616) Humongous regions: 2->2
[2025-04-04T11:35:44.755-0400][154802.190s][info ][gc,metaspace] GC(616) Metaspace: 199338K(201152K)->199338K(201152K) NonClass: 175590K(176512K)->175590K(176512K) Class: 23747K(24640K)->23747K(24640K)
[2025-04-04T11:35:44.755-0400][154802.190s][info ][gc          ] GC(616) Pause Young (Normal) (G1 Evacuation Pause) 455M->202M(512M) 8.104ms
[2025-04-04T11:35:44.755-0400][154802.190s][info ][gc,cpu      ] GC(616) User=0.02s Sys=0.02s Real=0.01s
[2025-04-04T11:35:44.755-0400][154802.190s][info ][safepoint   ] Safepoint "G1CollectForAllocation", Time since last: 213670267400 ns, Reaching safepoint: 222200 ns, Cleanup: 9600 ns, At safepoint: 8265800 ns, Total: 8497600 ns
[2025-04-04T11:39:16.417-0400][155013.852s][debug][safepoint   ] Safepoint synchronization initiated using striped semaphore wait barrier. (239 threads)
[2025-04-04T11:39:16.417-0400][155013.852s][info ][gc,start    ] GC(617) Pause Young (Normal) (G1 Evacuation Pause)
[2025-04-04T11:39:16.417-0400][155013.852s][info ][gc,task     ] GC(617) Using 23 workers of 23 for evacuation
[2025-04-04T11:39:16.424-0400][155013.860s][info ][gc,phases   ] GC(617)   Pre Evacuate Collection Set: 0.4ms
[2025-04-04T11:39:16.424-0400][155013.860s][info ][gc,phases   ] GC(617)   Merge Heap Roots: 0.4ms
[2025-04-04T11:39:16.424-0400][155013.860s][info ][gc,phases   ] GC(617)   Evacuate Collection Set: 4.6ms
[2025-04-04T11:39:16.424-0400][155013.860s][info ][gc,phases   ] GC(617)   Post Evacuate Collection Set: 2.2ms
[2025-04-04T11:39:16.424-0400][155013.860s][info ][gc,phases   ] GC(617)   Other: 0.2ms
[2025-04-04T11:39:16.424-0400][155013.860s][info ][gc,heap     ] GC(617) Eden regions: 253->0(253)
[2025-04-04T11:39:16.424-0400][155013.860s][info ][gc,heap     ] GC(617) Survivor regions: 2->2(32)
[2025-04-04T11:39:16.424-0400][155013.860s][info ][gc,heap     ] GC(617) Old regions: 200->200
[2025-04-04T11:39:16.424-0400][155013.860s][info ][gc,heap     ] GC(617) Archive regions: 0->0
[2025-04-04T11:39:16.424-0400][155013.860s][info ][gc,heap     ] GC(617) Humongous regions: 2->2
[2025-04-04T11:39:16.424-0400][155013.860s][info ][gc,metaspace] GC(617) Metaspace: 199339K(201152K)->199339K(201152K) NonClass: 175591K(176512K)->175591K(176512K) Class: 23747K(24640K)->23747K(24640K)
[2025-04-04T11:39:16.424-0400][155013.860s][info ][gc          ] GC(617) Pause Young (Normal) (G1 Evacuation Pause) 455M->202M(512M) 7.847ms
[2025-04-04T11:39:16.424-0400][155013.860s][info ][gc,cpu      ] GC(617) User=0.03s Sys=0.00s Real=0.01s
[2025-04-04T11:39:16.425-0400][155013.860s][info ][safepoint   ] Safepoint "G1CollectForAllocation", Time since last: 211661202700 ns, Reaching safepoint: 272800 ns, Cleanup: 9000 ns, At safepoint: 7988400 ns, Total: 8270200 ns
[2025-04-04T11:42:50.684-0400][155228.119s][debug][safepoint   ] Safepoint synchronization initiated using striped semaphore wait barrier. (239 threads)
[2025-04-04T11:42:50.684-0400][155228.119s][info ][gc,start    ] GC(618) Pause Young (Normal) (G1 Evacuation Pause)
[2025-04-04T11:42:50.684-0400][155228.119s][info ][gc,task     ] GC(618) Using 23 workers of 23 for evacuation
[2025-04-04T11:42:50.687-0400][155228.122s][info ][gc,phases   ] GC(618)   Pre Evacuate Collection Set: 0.2ms
[2025-04-04T11:42:50.687-0400][155228.122s][info ][gc,phases   ] GC(618)   Merge Heap Roots: 0.1ms
[2025-04-04T11:42:50.687-0400][155228.122s][info ][gc,phases   ] GC(618)   Evacuate Collection Set: 1.0ms
[2025-04-04T11:42:50.687-0400][155228.122s][info ][gc,phases   ] GC(618)   Post Evacuate Collection Set: 1.3ms
[2025-04-04T11:42:50.687-0400][155228.122s][info ][gc,phases   ] GC(618)   Other: 0.1ms
[2025-04-04T11:42:50.687-0400][155228.122s][info ][gc,heap     ] GC(618) Eden regions: 253->0(253)
[2025-04-04T11:42:50.687-0400][155228.122s][info ][gc,heap     ] GC(618) Survivor regions: 2->2(32)
[2025-04-04T11:42:50.687-0400][155228.122s][info ][gc,heap     ] GC(618) Old regions: 200->200
[2025-04-04T11:42:50.687-0400][155228.122s][info ][gc,heap     ] GC(618) Archive regions: 0->0
[2025-04-04T11:42:50.687-0400][155228.122s][info ][gc,heap     ] GC(618) Humongous regions: 2->2
[2025-04-04T11:42:50.687-0400][155228.122s][info ][gc,metaspace] GC(618) Metaspace: 199339K(201152K)->199339K(201152K) NonClass: 175591K(176512K)->175591K(176512K) Class: 23747K(24640K)->23747K(24640K)
[2025-04-04T11:42:50.687-0400][155228.122s][info ][gc          ] GC(618) Pause Young (Normal) (G1 Evacuation Pause) 455M->202M(512M) 2.879ms
[2025-04-04T11:42:50.687-0400][155228.122s][info ][gc,cpu      ] GC(618) User=0.00s Sys=0.00s Real=0.00s
[2025-04-04T11:42:50.687-0400][155228.122s][info ][safepoint   ] Safepoint "G1CollectForAllocation", Time since last: 214259133400 ns, Reaching safepoint: 78400 ns, Cleanup: 7100 ns, At safepoint: 2958500 ns, Total: 3044000 ns
[2025-04-04T11:46:23.032-0400][155440.467s][debug][safepoint   ] Safepoint synchronization initiated using striped semaphore wait barrier. (239 threads)
[2025-04-04T11:46:23.032-0400][155440.467s][info ][gc,start    ] GC(619) Pause Young (Normal) (G1 Evacuation Pause)
[2025-04-04T11:46:23.032-0400][155440.467s][info ][gc,task     ] GC(619) Using 23 workers of 23 for evacuation
[2025-04-04T11:46:23.037-0400][155440.472s][info ][gc,phases   ] GC(619)   Pre Evacuate Collection Set: 0.3ms
[2025-04-04T11:46:23.037-0400][155440.472s][info ][gc,phases   ] GC(619)   Merge Heap Roots: 0.2ms
[2025-04-04T11:46:23.037-0400][155440.472s][info ][gc,phases   ] GC(619)   Evacuate Collection Set: 2.6ms
[2025-04-04T11:46:23.037-0400][155440.472s][info ][gc,phases   ] GC(619)   Post Evacuate Collection Set: 1.8ms
[2025-04-04T11:46:23.037-0400][155440.472s][info ][gc,phases   ] GC(619)   Other: 0.2ms
[2025-04-04T11:46:23.037-0400][155440.472s][info ][gc,heap     ] GC(619) Eden regions: 253->0(253)
[2025-04-04T11:46:23.037-0400][155440.472s][info ][gc,heap     ] GC(619) Survivor regions: 2->2(32)
[2025-04-04T11:46:23.037-0400][155440.472s][info ][gc,heap     ] GC(619) Old regions: 200->200
[2025-04-04T11:46:23.037-0400][155440.472s][info ][gc,heap     ] GC(619) Archive regions: 0->0
[2025-04-04T11:46:23.037-0400][155440.472s][info ][gc,heap     ] GC(619) Humongous regions: 2->2
[2025-04-04T11:46:23.037-0400][155440.472s][info ][gc,metaspace] GC(619) Metaspace: 199339K(201152K)->199339K(201152K) NonClass: 175591K(176512K)->175591K(176512K) Class: 23747K(24640K)->23747K(24640K)
[2025-04-04T11:46:23.037-0400][155440.473s][info ][gc          ] GC(619) Pause Young (Normal) (G1 Evacuation Pause) 455M->202M(512M) 5.426ms
[2025-04-04T11:46:23.037-0400][155440.473s][info ][gc,cpu      ] GC(619) User=0.09s Sys=0.00s Real=0.00s
[2025-04-04T11:46:23.038-0400][155440.473s][info ][safepoint   ] Safepoint "G1CollectForAllocation", Time since last: 212344815500 ns, Reaching safepoint: 177800 ns, Cleanup: 5400 ns, At safepoint: 5591500 ns, Total: 5774700 ns
[2025-04-04T11:49:56.985-0400][155654.420s][debug][safepoint   ] Safepoint synchronization initiated using striped semaphore wait barrier. (239 threads)
[2025-04-04T11:49:56.985-0400][155654.420s][info ][gc,start    ] GC(620) Pause Young (Normal) (G1 Evacuation Pause)
[2025-04-04T11:49:56.985-0400][155654.420s][info ][gc,task     ] GC(620) Using 23 workers of 23 for evacuation
[2025-04-04T11:49:56.987-0400][155654.422s][info ][gc,phases   ] GC(620)   Pre Evacuate Collection Set: 0.2ms
[2025-04-04T11:49:56.987-0400][155654.422s][info ][gc,phases   ] GC(620)   Merge Heap Roots: 0.1ms
[2025-04-04T11:49:56.987-0400][155654.422s][info ][gc,phases   ] GC(620)   Evacuate Collection Set: 0.9ms
[2025-04-04T11:49:56.987-0400][155654.422s][info ][gc,phases   ] GC(620)   Post Evacuate Collection Set: 0.8ms
[2025-04-04T11:49:56.987-0400][155654.422s][info ][gc,phases   ] GC(620)   Other: 0.1ms
[2025-04-04T11:49:56.987-0400][155654.422s][info ][gc,heap     ] GC(620) Eden regions: 253->0(254)
[2025-04-04T11:49:56.987-0400][155654.422s][info ][gc,heap     ] GC(620) Survivor regions: 2->2(32)
[2025-04-04T11:49:56.987-0400][155654.422s][info ][gc,heap     ] GC(620) Old regions: 200->200
[2025-04-04T11:49:56.987-0400][155654.422s][info ][gc,heap     ] GC(620) Archive regions: 0->0
[2025-04-04T11:49:56.987-0400][155654.422s][info ][gc,heap     ] GC(620) Humongous regions: 2->2
[2025-04-04T11:49:56.987-0400][155654.422s][info ][gc,metaspace] GC(620) Metaspace: 199339K(201152K)->199339K(201152K) NonClass: 175591K(176512K)->175591K(176512K) Class: 23747K(24640K)->23747K(24640K)
[2025-04-04T11:49:56.987-0400][155654.422s][info ][gc          ] GC(620) Pause Young (Normal) (G1 Evacuation Pause) 455M->202M(512M) 2.246ms
[2025-04-04T11:49:56.987-0400][155654.422s][info ][gc,cpu      ] GC(620) User=0.03s Sys=0.03s Real=0.00s
[2025-04-04T11:49:56.987-0400][155654.422s][info ][safepoint   ] Safepoint "G1CollectForAllocation", Time since last: 213946903700 ns, Reaching safepoint: 76400 ns, Cleanup: 4000 ns, At safepoint: 2338100 ns, Total: 2418500 ns
[2025-04-04T11:53:29.846-0400][155867.280s][debug][safepoint   ] Safepoint synchronization initiated using striped semaphore wait barrier. (239 threads)
[2025-04-04T11:53:29.846-0400][155867.281s][info ][gc,start    ] GC(621) Pause Young (Normal) (G1 Evacuation Pause)
[2025-04-04T11:53:29.846-0400][155867.281s][info ][gc,task     ] GC(621) Using 23 workers of 23 for evacuation
[2025-04-04T11:53:29.855-0400][155867.291s][info ][gc,phases   ] GC(621)   Pre Evacuate Collection Set: 0.4ms
[2025-04-04T11:53:29.855-0400][155867.291s][info ][gc,phases   ] GC(621)   Merge Heap Roots: 0.4ms
[2025-04-04T11:53:29.855-0400][155867.291s][info ][gc,phases   ] GC(621)   Evacuate Collection Set: 5.2ms
[2025-04-04T11:53:29.855-0400][155867.291s][info ][gc,phases   ] GC(621)   Post Evacuate Collection Set: 3.7ms
[2025-04-04T11:53:29.855-0400][155867.291s][info ][gc,phases   ] GC(621)   Other: 0.4ms
[2025-04-04T11:53:29.855-0400][155867.291s][info ][gc,heap     ] GC(621) Eden regions: 254->0(254)
[2025-04-04T11:53:29.855-0400][155867.291s][info ][gc,heap     ] GC(621) Survivor regions: 2->2(32)
[2025-04-04T11:53:29.855-0400][155867.291s][info ][gc,heap     ] GC(621) Old regions: 200->200
[2025-04-04T11:53:29.855-0400][155867.291s][info ][gc,heap     ] GC(621) Archive regions: 0->0
[2025-04-04T11:53:29.855-0400][155867.291s][info ][gc,heap     ] GC(621) Humongous regions: 2->2
[2025-04-04T11:53:29.855-0400][155867.291s][info ][gc,metaspace] GC(621) Metaspace: 199339K(201152K)->199339K(201152K) NonClass: 175591K(176512K)->175591K(176512K) Class: 23747K(24640K)->23747K(24640K)
[2025-04-04T11:53:29.856-0400][155867.291s][info ][gc          ] GC(621) Pause Young (Normal) (G1 Evacuation Pause) 456M->202M(512M) 10.285ms
[2025-04-04T11:53:29.856-0400][155867.291s][info ][gc,cpu      ] GC(621) User=0.02s Sys=0.00s Real=0.01s
[2025-04-04T11:53:29.856-0400][155867.291s][info ][safepoint   ] Safepoint "G1CollectForAllocation", Time since last: 212858294500 ns, Reaching safepoint: 279200 ns, Cleanup: 22300 ns, At safepoint: 10480600 ns, Total: 10782100 ns
[2025-04-04T11:57:05.420-0400][156082.855s][debug][safepoint   ] Safepoint synchronization initiated using striped semaphore wait barrier. (239 threads)
[2025-04-04T11:57:05.421-0400][156082.856s][info ][gc,start    ] GC(622) Pause Young (Normal) (G1 Evacuation Pause)
[2025-04-04T11:57:05.421-0400][156082.856s][info ][gc,task     ] GC(622) Using 23 workers of 23 for evacuation
[2025-04-04T11:57:05.428-0400][156082.863s][info ][gc,phases   ] GC(622)   Pre Evacuate Collection Set: 0.4ms
[2025-04-04T11:57:05.428-0400][156082.863s][info ][gc,phases   ] GC(622)   Merge Heap Roots: 0.4ms
[2025-04-04T11:57:05.428-0400][156082.863s][info ][gc,phases   ] GC(622)   Evacuate Collection Set: 3.9ms
[2025-04-04T11:57:05.428-0400][156082.863s][info ][gc,phases   ] GC(622)   Post Evacuate Collection Set: 2.3ms
[2025-04-04T11:57:05.428-0400][156082.863s][info ][gc,phases   ] GC(622)   Other: 0.3ms
[2025-04-04T11:57:05.428-0400][156082.863s][info ][gc,heap     ] GC(622) Eden regions: 254->0(254)
[2025-04-04T11:57:05.428-0400][156082.863s][info ][gc,heap     ] GC(622) Survivor regions: 2->2(32)
[2025-04-04T11:57:05.428-0400][156082.863s][info ][gc,heap     ] GC(622) Old regions: 200->200
[2025-04-04T11:57:05.428-0400][156082.863s][info ][gc,heap     ] GC(622) Archive regions: 0->0
[2025-04-04T11:57:05.428-0400][156082.863s][info ][gc,heap     ] GC(622) Humongous regions: 2->2
[2025-04-04T11:57:05.428-0400][156082.863s][info ][gc,metaspace] GC(622) Metaspace: 199339K(201152K)->199339K(201152K) NonClass: 175591K(176512K)->175591K(176512K) Class: 23747K(24640K)->23747K(24640K)
[2025-04-04T11:57:05.428-0400][156082.863s][info ][gc          ] GC(622) Pause Young (Normal) (G1 Evacuation Pause) 456M->202M(512M) 7.505ms
[2025-04-04T11:57:05.428-0400][156082.863s][info ][gc,cpu      ] GC(622) User=0.03s Sys=0.00s Real=0.01s
[2025-04-04T11:57:05.428-0400][156082.863s][info ][safepoint   ] Safepoint "G1CollectForAllocation", Time since last: 215564226200 ns, Reaching safepoint: 264100 ns, Cleanup: 10200 ns, At safepoint: 7694300 ns, Total: 7968600 ns
[2025-04-04T12:00:33.923-0400][156291.357s][debug][safepoint   ] Safepoint synchronization initiated using striped semaphore wait barrier. (245 threads)
[2025-04-04T12:00:33.923-0400][156291.358s][info ][gc,start    ] GC(623) Pause Young (Normal) (G1 Evacuation Pause)
[2025-04-04T12:00:33.923-0400][156291.358s][info ][gc,task     ] GC(623) Using 23 workers of 23 for evacuation
[2025-04-04T12:00:33.925-0400][156291.360s][info ][gc,phases   ] GC(623)   Pre Evacuate Collection Set: 0.1ms
[2025-04-04T12:00:33.925-0400][156291.360s][info ][gc,phases   ] GC(623)   Merge Heap Roots: 0.1ms
[2025-04-04T12:00:33.925-0400][156291.360s][info ][gc,phases   ] GC(623)   Evacuate Collection Set: 0.9ms
[2025-04-04T12:00:33.925-0400][156291.360s][info ][gc,phases   ] GC(623)   Post Evacuate Collection Set: 0.8ms
[2025-04-04T12:00:33.925-0400][156291.360s][info ][gc,phases   ] GC(623)   Other: 0.1ms
[2025-04-04T12:00:33.925-0400][156291.360s][info ][gc,heap     ] GC(623) Eden regions: 254->0(253)
[2025-04-04T12:00:33.925-0400][156291.360s][info ][gc,heap     ] GC(623) Survivor regions: 2->2(32)
[2025-04-04T12:00:33.925-0400][156291.360s][info ][gc,heap     ] GC(623) Old regions: 200->200
[2025-04-04T12:00:33.925-0400][156291.360s][info ][gc,heap     ] GC(623) Archive regions: 0->0
[2025-04-04T12:00:33.925-0400][156291.360s][info ][gc,heap     ] GC(623) Humongous regions: 2->2
[2025-04-04T12:00:33.925-0400][156291.360s][info ][gc,metaspace] GC(623) Metaspace: 199339K(201152K)->199339K(201152K) NonClass: 175591K(176512K)->175591K(176512K) Class: 23747K(24640K)->23747K(24640K)
[2025-04-04T12:00:33.925-0400][156291.360s][info ][gc          ] GC(623) Pause Young (Normal) (G1 Evacuation Pause) 456M->202M(512M) 2.052ms
[2025-04-04T12:00:33.925-0400][156291.360s][info ][gc,cpu      ] GC(623) User=0.03s Sys=0.02s Real=0.00s
[2025-04-04T12:00:33.925-0400][156291.360s][info ][safepoint   ] Safepoint "G1CollectForAllocation", Time since last: 208494249200 ns, Reaching safepoint: 348900 ns, Cleanup: 4000 ns, At safepoint: 2138800 ns, Total: 2491700 ns
[2025-04-04T12:04:07.716-0400][156505.151s][debug][safepoint   ] Safepoint synchronization initiated using striped semaphore wait barrier. (245 threads)
[2025-04-04T12:04:07.717-0400][156505.152s][info ][gc,start    ] GC(624) Pause Young (Normal) (G1 Evacuation Pause)
[2025-04-04T12:04:07.717-0400][156505.152s][info ][gc,task     ] GC(624) Using 23 workers of 23 for evacuation
[2025-04-04T12:04:07.723-0400][156505.158s][info ][gc,phases   ] GC(624)   Pre Evacuate Collection Set: 0.8ms
[2025-04-04T12:04:07.723-0400][156505.158s][info ][gc,phases   ] GC(624)   Merge Heap Roots: 0.8ms
[2025-04-04T12:04:07.723-0400][156505.158s][info ][gc,phases   ] GC(624)   Evacuate Collection Set: 3.3ms
[2025-04-04T12:04:07.723-0400][156505.158s][info ][gc,phases   ] GC(624)   Post Evacuate Collection Set: 1.3ms
[2025-04-04T12:04:07.723-0400][156505.158s][info ][gc,phases   ] GC(624)   Other: 0.2ms
[2025-04-04T12:04:07.723-0400][156505.158s][info ][gc,heap     ] GC(624) Eden regions: 253->0(253)
[2025-04-04T12:04:07.723-0400][156505.158s][info ][gc,heap     ] GC(624) Survivor regions: 2->2(32)
[2025-04-04T12:04:07.723-0400][156505.158s][info ][gc,heap     ] GC(624) Old regions: 200->200
[2025-04-04T12:04:07.723-0400][156505.158s][info ][gc,heap     ] GC(624) Archive regions: 0->0
[2025-04-04T12:04:07.723-0400][156505.158s][info ][gc,heap     ] GC(624) Humongous regions: 2->2
[2025-04-04T12:04:07.723-0400][156505.158s][info ][gc,metaspace] GC(624) Metaspace: 199339K(201152K)->199339K(201152K) NonClass: 175591K(176512K)->175591K(176512K) Class: 23747K(24640K)->23747K(24640K)
[2025-04-04T12:04:07.723-0400][156505.158s][info ][gc          ] GC(624) Pause Young (Normal) (G1 Evacuation Pause) 455M->202M(512M) 6.554ms
[2025-04-04T12:04:07.723-0400][156505.158s][info ][gc,cpu      ] GC(624) User=0.00s Sys=0.00s Real=0.01s
[2025-04-04T12:04:07.723-0400][156505.158s][info ][safepoint   ] Safepoint "G1CollectForAllocation", Time since last: 213791420000 ns, Reaching safepoint: 183400 ns, Cleanup: 8200 ns, At safepoint: 6694400 ns, Total: 6886000 ns
[2025-04-04T12:07:39.537-0400][156716.971s][debug][safepoint   ] Safepoint synchronization initiated using striped semaphore wait barrier. (245 threads)
[2025-04-04T12:07:39.537-0400][156716.972s][info ][gc,start    ] GC(625) Pause Young (Normal) (G1 Evacuation Pause)
[2025-04-04T12:07:39.537-0400][156716.972s][info ][gc,task     ] GC(625) Using 23 workers of 23 for evacuation
[2025-04-04T12:07:39.545-0400][156716.979s][info ][gc,phases   ] GC(625)   Pre Evacuate Collection Set: 0.4ms
[2025-04-04T12:07:39.545-0400][156716.979s][info ][gc,phases   ] GC(625)   Merge Heap Roots: 0.3ms
[2025-04-04T12:07:39.545-0400][156716.979s][info ][gc,phases   ] GC(625)   Evacuate Collection Set: 4.6ms
[2025-04-04T12:07:39.545-0400][156716.979s][info ][gc,phases   ] GC(625)   Post Evacuate Collection Set: 2.2ms
[2025-04-04T12:07:39.545-0400][156716.979s][info ][gc,phases   ] GC(625)   Other: 0.2ms
[2025-04-04T12:07:39.545-0400][156716.980s][info ][gc,heap     ] GC(625) Eden regions: 253->0(253)
[2025-04-04T12:07:39.545-0400][156716.980s][info ][gc,heap     ] GC(625) Survivor regions: 2->2(32)
[2025-04-04T12:07:39.545-0400][156716.980s][info ][gc,heap     ] GC(625) Old regions: 200->200
[2025-04-04T12:07:39.545-0400][156716.980s][info ][gc,heap     ] GC(625) Archive regions: 0->0
[2025-04-04T12:07:39.545-0400][156716.980s][info ][gc,heap     ] GC(625) Humongous regions: 2->2
[2025-04-04T12:07:39.545-0400][156716.980s][info ][gc,metaspace] GC(625) Metaspace: 199339K(201152K)->199339K(201152K) NonClass: 175591K(176512K)->175591K(176512K) Class: 23747K(24640K)->23747K(24640K)
[2025-04-04T12:07:39.545-0400][156716.980s][info ][gc          ] GC(625) Pause Young (Normal) (G1 Evacuation Pause) 455M->202M(512M) 7.798ms
[2025-04-04T12:07:39.545-0400][156716.980s][info ][gc,cpu      ] GC(625) User=0.00s Sys=0.00s Real=0.01s
[2025-04-04T12:07:39.545-0400][156716.980s][info ][safepoint   ] Safepoint "G1CollectForAllocation", Time since last: 211813179500 ns, Reaching safepoint: 228700 ns, Cleanup: 9700 ns, At safepoint: 7934900 ns, Total: 8173300 ns
[2025-04-04T12:11:13.653-0400][156931.088s][debug][safepoint   ] Safepoint synchronization initiated using striped semaphore wait barrier. (245 threads)
[2025-04-04T12:11:13.653-0400][156931.088s][info ][gc,start    ] GC(626) Pause Young (Normal) (G1 Evacuation Pause)
[2025-04-04T12:11:13.653-0400][156931.088s][info ][gc,task     ] GC(626) Using 23 workers of 23 for evacuation
[2025-04-04T12:11:13.659-0400][156931.094s][info ][gc,phases   ] GC(626)   Pre Evacuate Collection Set: 0.4ms
[2025-04-04T12:11:13.659-0400][156931.094s][info ][gc,phases   ] GC(626)   Merge Heap Roots: 0.3ms
[2025-04-04T12:11:13.659-0400][156931.094s][info ][gc,phases   ] GC(626)   Evacuate Collection Set: 3.1ms
[2025-04-04T12:11:13.659-0400][156931.094s][info ][gc,phases   ] GC(626)   Post Evacuate Collection Set: 2.2ms
[2025-04-04T12:11:13.659-0400][156931.094s][info ][gc,phases   ] GC(626)   Other: 0.3ms
[2025-04-04T12:11:13.659-0400][156931.094s][info ][gc,heap     ] GC(626) Eden regions: 253->0(253)
[2025-04-04T12:11:13.659-0400][156931.094s][info ][gc,heap     ] GC(626) Survivor regions: 2->2(32)
[2025-04-04T12:11:13.659-0400][156931.094s][info ][gc,heap     ] GC(626) Old regions: 200->200
[2025-04-04T12:11:13.659-0400][156931.094s][info ][gc,heap     ] GC(626) Archive regions: 0->0
[2025-04-04T12:11:13.659-0400][156931.094s][info ][gc,heap     ] GC(626) Humongous regions: 2->2
[2025-04-04T12:11:13.659-0400][156931.094s][info ][gc,metaspace] GC(626) Metaspace: 199339K(201152K)->199339K(201152K) NonClass: 175591K(176512K)->175591K(176512K) Class: 23747K(24640K)->23747K(24640K)
[2025-04-04T12:11:13.659-0400][156931.094s][info ][gc          ] GC(626) Pause Young (Normal) (G1 Evacuation Pause) 455M->202M(512M) 6.345ms
[2025-04-04T12:11:13.660-0400][156931.094s][info ][gc,cpu      ] GC(626) User=0.06s Sys=0.00s Real=0.01s
[2025-04-04T12:11:13.660-0400][156931.094s][info ][safepoint   ] Safepoint "G1CollectForAllocation", Time since last: 214107937700 ns, Reaching safepoint: 262900 ns, Cleanup: 12800 ns, At safepoint: 6585900 ns, Total: 6861600 ns
[2025-04-04T12:14:45.960-0400][157143.395s][debug][safepoint   ] Safepoint synchronization initiated using striped semaphore wait barrier. (245 threads)
[2025-04-04T12:14:45.961-0400][157143.395s][info ][gc,start    ] GC(627) Pause Young (Normal) (G1 Evacuation Pause)
[2025-04-04T12:14:45.961-0400][157143.395s][info ][gc,task     ] GC(627) Using 23 workers of 23 for evacuation
[2025-04-04T12:14:45.966-0400][157143.401s][info ][gc,phases   ] GC(627)   Pre Evacuate Collection Set: 0.4ms
[2025-04-04T12:14:45.966-0400][157143.401s][info ][gc,phases   ] GC(627)   Merge Heap Roots: 0.3ms
[2025-04-04T12:14:45.966-0400][157143.401s][info ][gc,phases   ] GC(627)   Evacuate Collection Set: 3.2ms
[2025-04-04T12:14:45.966-0400][157143.401s][info ][gc,phases   ] GC(627)   Post Evacuate Collection Set: 1.7ms
[2025-04-04T12:14:45.966-0400][157143.401s][info ][gc,phases   ] GC(627)   Other: 0.3ms
[2025-04-04T12:14:45.966-0400][157143.401s][info ][gc,heap     ] GC(627) Eden regions: 253->0(253)
[2025-04-04T12:14:45.967-0400][157143.401s][info ][gc,heap     ] GC(627) Survivor regions: 2->2(32)
[2025-04-04T12:14:45.967-0400][157143.401s][info ][gc,heap     ] GC(627) Old regions: 200->200
[2025-04-04T12:14:45.967-0400][157143.401s][info ][gc,heap     ] GC(627) Archive regions: 0->0
[2025-04-04T12:14:45.967-0400][157143.401s][info ][gc,heap     ] GC(627) Humongous regions: 2->2
[2025-04-04T12:14:45.967-0400][157143.401s][info ][gc,metaspace] GC(627) Metaspace: 199339K(201152K)->199339K(201152K) NonClass: 175591K(176512K)->175591K(176512K) Class: 23747K(24640K)->23747K(24640K)
[2025-04-04T12:14:45.967-0400][157143.401s][info ][gc          ] GC(627) Pause Young (Normal) (G1 Evacuation Pause) 455M->202M(512M) 5.973ms
[2025-04-04T12:14:45.967-0400][157143.401s][info ][gc,cpu      ] GC(627) User=0.00s Sys=0.00s Real=0.01s
[2025-04-04T12:14:45.967-0400][157143.401s][info ][safepoint   ] Safepoint "G1CollectForAllocation", Time since last: 212300621500 ns, Reaching safepoint: 231600 ns, Cleanup: 20200 ns, At safepoint: 6154900 ns, Total: 6406700 ns
[2025-04-04T12:18:20.089-0400][157357.523s][debug][safepoint   ] Safepoint synchronization initiated using striped semaphore wait barrier. (245 threads)
[2025-04-04T12:18:20.089-0400][157357.523s][info ][gc,start    ] GC(628) Pause Young (Normal) (G1 Evacuation Pause)
[2025-04-04T12:18:20.089-0400][157357.523s][info ][gc,task     ] GC(628) Using 23 workers of 23 for evacuation
[2025-04-04T12:18:20.091-0400][157357.525s][info ][gc,phases   ] GC(628)   Pre Evacuate Collection Set: 0.1ms
[2025-04-04T12:18:20.091-0400][157357.526s][info ][gc,phases   ] GC(628)   Merge Heap Roots: 0.1ms
[2025-04-04T12:18:20.091-0400][157357.526s][info ][gc,phases   ] GC(628)   Evacuate Collection Set: 1.2ms
[2025-04-04T12:18:20.091-0400][157357.526s][info ][gc,phases   ] GC(628)   Post Evacuate Collection Set: 0.6ms
[2025-04-04T12:18:20.091-0400][157357.526s][info ][gc,phases   ] GC(628)   Other: 0.1ms
[2025-04-04T12:18:20.091-0400][157357.526s][info ][gc,heap     ] GC(628) Eden regions: 253->0(254)
[2025-04-04T12:18:20.091-0400][157357.526s][info ][gc,heap     ] GC(628) Survivor regions: 2->2(32)
[2025-04-04T12:18:20.091-0400][157357.526s][info ][gc,heap     ] GC(628) Old regions: 200->200
[2025-04-04T12:18:20.091-0400][157357.526s][info ][gc,heap     ] GC(628) Archive regions: 0->0
[2025-04-04T12:18:20.091-0400][157357.526s][info ][gc,heap     ] GC(628) Humongous regions: 2->2
[2025-04-04T12:18:20.091-0400][157357.526s][info ][gc,metaspace] GC(628) Metaspace: 199339K(201152K)->199339K(201152K) NonClass: 175591K(176512K)->175591K(176512K) Class: 23747K(24640K)->23747K(24640K)
[2025-04-04T12:18:20.091-0400][157357.526s][info ][gc          ] GC(628) Pause Young (Normal) (G1 Evacuation Pause) 455M->202M(512M) 2.124ms
[2025-04-04T12:18:20.091-0400][157357.526s][info ][gc,cpu      ] GC(628) User=0.00s Sys=0.00s Real=0.00s
[2025-04-04T12:18:20.091-0400][157357.526s][info ][safepoint   ] Safepoint "G1CollectForAllocation", Time since last: 214121948400 ns, Reaching safepoint: 38500 ns, Cleanup: 2800 ns, At safepoint: 2195200 ns, Total: 2236500 ns
[2025-04-04T12:21:53.239-0400][157570.673s][debug][safepoint   ] Safepoint synchronization initiated using striped semaphore wait barrier. (241 threads)
[2025-04-04T12:21:53.239-0400][157570.673s][info ][gc,start    ] GC(629) Pause Young (Normal) (G1 Evacuation Pause)
[2025-04-04T12:21:53.239-0400][157570.673s][info ][gc,task     ] GC(629) Using 23 workers of 23 for evacuation
[2025-04-04T12:21:53.241-0400][157570.676s][info ][gc,phases   ] GC(629)   Pre Evacuate Collection Set: 0.2ms
[2025-04-04T12:21:53.241-0400][157570.676s][info ][gc,phases   ] GC(629)   Merge Heap Roots: 0.1ms
[2025-04-04T12:21:53.241-0400][157570.676s][info ][gc,phases   ] GC(629)   Evacuate Collection Set: 1.0ms
[2025-04-04T12:21:53.241-0400][157570.676s][info ][gc,phases   ] GC(629)   Post Evacuate Collection Set: 1.0ms
[2025-04-04T12:21:53.241-0400][157570.676s][info ][gc,phases   ] GC(629)   Other: 0.1ms
[2025-04-04T12:21:53.241-0400][157570.676s][info ][gc,heap     ] GC(629) Eden regions: 254->0(254)
[2025-04-04T12:21:53.241-0400][157570.676s][info ][gc,heap     ] GC(629) Survivor regions: 2->2(32)
[2025-04-04T12:21:53.241-0400][157570.676s][info ][gc,heap     ] GC(629) Old regions: 200->200
[2025-04-04T12:21:53.241-0400][157570.676s][info ][gc,heap     ] GC(629) Archive regions: 0->0
[2025-04-04T12:21:53.241-0400][157570.676s][info ][gc,heap     ] GC(629) Humongous regions: 2->2
[2025-04-04T12:21:53.241-0400][157570.676s][info ][gc,metaspace] GC(629) Metaspace: 199339K(201152K)->199339K(201152K) NonClass: 175591K(176512K)->175591K(176512K) Class: 23747K(24640K)->23747K(24640K)
[2025-04-04T12:21:53.241-0400][157570.676s][info ][gc          ] GC(629) Pause Young (Normal) (G1 Evacuation Pause) 456M->202M(512M) 2.560ms
[2025-04-04T12:21:53.241-0400][157570.676s][info ][gc,cpu      ] GC(629) User=0.00s Sys=0.00s Real=0.00s
[2025-04-04T12:21:53.241-0400][157570.676s][info ][safepoint   ] Safepoint "G1CollectForAllocation", Time since last: 213147740600 ns, Reaching safepoint: 56700 ns, Cleanup: 3700 ns, At safepoint: 2646500 ns, Total: 2706900 ns
[2025-04-04T12:25:28.712-0400][157786.147s][debug][safepoint   ] Safepoint synchronization initiated using striped semaphore wait barrier. (241 threads)
[2025-04-04T12:25:28.712-0400][157786.147s][info ][gc,start    ] GC(630) Pause Young (Normal) (G1 Evacuation Pause)
[2025-04-04T12:25:28.712-0400][157786.147s][info ][gc,task     ] GC(630) Using 23 workers of 23 for evacuation
[2025-04-04T12:25:28.715-0400][157786.151s][info ][gc,phases   ] GC(630)   Pre Evacuate Collection Set: 0.2ms
[2025-04-04T12:25:28.715-0400][157786.151s][info ][gc,phases   ] GC(630)   Merge Heap Roots: 0.1ms
[2025-04-04T12:25:28.715-0400][157786.151s][info ][gc,phases   ] GC(630)   Evacuate Collection Set: 1.6ms
[2025-04-04T12:25:28.715-0400][157786.151s][info ][gc,phases   ] GC(630)   Post Evacuate Collection Set: 1.4ms
[2025-04-04T12:25:28.715-0400][157786.151s][info ][gc,phases   ] GC(630)   Other: 0.2ms
[2025-04-04T12:25:28.716-0400][157786.151s][info ][gc,heap     ] GC(630) Eden regions: 254->0(254)
[2025-04-04T12:25:28.716-0400][157786.151s][info ][gc,heap     ] GC(630) Survivor regions: 2->2(32)
[2025-04-04T12:25:28.716-0400][157786.151s][info ][gc,heap     ] GC(630) Old regions: 200->200
[2025-04-04T12:25:28.716-0400][157786.151s][info ][gc,heap     ] GC(630) Archive regions: 0->0
[2025-04-04T12:25:28.716-0400][157786.151s][info ][gc,heap     ] GC(630) Humongous regions: 2->2
[2025-04-04T12:25:28.716-0400][157786.151s][info ][gc,metaspace] GC(630) Metaspace: 199339K(201152K)->199339K(201152K) NonClass: 175591K(176512K)->175591K(176512K) Class: 23747K(24640K)->23747K(24640K)
[2025-04-04T12:25:28.716-0400][157786.151s][info ][gc          ] GC(630) Pause Young (Normal) (G1 Evacuation Pause) 456M->202M(512M) 3.578ms
[2025-04-04T12:25:28.716-0400][157786.151s][info ][gc,cpu      ] GC(630) User=0.00s Sys=0.00s Real=0.00s
[2025-04-04T12:25:28.716-0400][157786.151s][info ][safepoint   ] Safepoint "G1CollectForAllocation", Time since last: 215470861100 ns, Reaching safepoint: 147100 ns, Cleanup: 5400 ns, At safepoint: 3667400 ns, Total: 3819900 ns
[2025-04-04T12:28:57.556-0400][157994.991s][debug][safepoint   ] Safepoint synchronization initiated using striped semaphore wait barrier. (240 threads)
[2025-04-04T12:28:57.556-0400][157994.991s][info ][gc,start    ] GC(631) Pause Young (Normal) (G1 Evacuation Pause)
[2025-04-04T12:28:57.556-0400][157994.991s][info ][gc,task     ] GC(631) Using 23 workers of 23 for evacuation
[2025-04-04T12:28:57.558-0400][157994.993s][info ][gc,phases   ] GC(631)   Pre Evacuate Collection Set: 0.2ms
[2025-04-04T12:28:57.558-0400][157994.993s][info ][gc,phases   ] GC(631)   Merge Heap Roots: 0.1ms
[2025-04-04T12:28:57.558-0400][157994.993s][info ][gc,phases   ] GC(631)   Evacuate Collection Set: 0.9ms
[2025-04-04T12:28:57.558-0400][157994.993s][info ][gc,phases   ] GC(631)   Post Evacuate Collection Set: 0.6ms
[2025-04-04T12:28:57.558-0400][157994.993s][info ][gc,phases   ] GC(631)   Other: 0.1ms
[2025-04-04T12:28:57.558-0400][157994.993s][info ][gc,heap     ] GC(631) Eden regions: 254->0(253)
[2025-04-04T12:28:57.558-0400][157994.993s][info ][gc,heap     ] GC(631) Survivor regions: 2->2(32)
[2025-04-04T12:28:57.558-0400][157994.993s][info ][gc,heap     ] GC(631) Old regions: 200->200
[2025-04-04T12:28:57.558-0400][157994.993s][info ][gc,heap     ] GC(631) Archive regions: 0->0
[2025-04-04T12:28:57.558-0400][157994.993s][info ][gc,heap     ] GC(631) Humongous regions: 2->2
[2025-04-04T12:28:57.558-0400][157994.993s][info ][gc,metaspace] GC(631) Metaspace: 199339K(201152K)->199339K(201152K) NonClass: 175591K(176512K)->175591K(176512K) Class: 23747K(24640K)->23747K(24640K)
[2025-04-04T12:28:57.558-0400][157994.993s][info ][gc          ] GC(631) Pause Young (Normal) (G1 Evacuation Pause) 456M->202M(512M) 2.008ms
[2025-04-04T12:28:57.558-0400][157994.993s][info ][gc,cpu      ] GC(631) User=0.00s Sys=0.00s Real=0.00s
[2025-04-04T12:28:57.558-0400][157994.993s][info ][safepoint   ] Safepoint "G1CollectForAllocation", Time since last: 208840129700 ns, Reaching safepoint: 81500 ns, Cleanup: 3400 ns, At safepoint: 2089600 ns, Total: 2174500 ns
[2025-04-04T12:32:31.799-0400][158209.233s][debug][safepoint   ] Safepoint synchronization initiated using striped semaphore wait barrier. (241 threads)
[2025-04-04T12:32:31.799-0400][158209.233s][info ][gc,start    ] GC(632) Pause Young (Normal) (G1 Evacuation Pause)
[2025-04-04T12:32:31.799-0400][158209.233s][info ][gc,task     ] GC(632) Using 23 workers of 23 for evacuation
[2025-04-04T12:32:31.802-0400][158209.236s][info ][gc,phases   ] GC(632)   Pre Evacuate Collection Set: 0.1ms
[2025-04-04T12:32:31.802-0400][158209.236s][info ][gc,phases   ] GC(632)   Merge Heap Roots: 0.1ms
[2025-04-04T12:32:31.802-0400][158209.236s][info ][gc,phases   ] GC(632)   Evacuate Collection Set: 1.5ms
[2025-04-04T12:32:31.802-0400][158209.236s][info ][gc,phases   ] GC(632)   Post Evacuate Collection Set: 1.0ms
[2025-04-04T12:32:31.802-0400][158209.236s][info ][gc,phases   ] GC(632)   Other: 0.1ms
[2025-04-04T12:32:31.802-0400][158209.236s][info ][gc,heap     ] GC(632) Eden regions: 253->0(253)
[2025-04-04T12:32:31.802-0400][158209.236s][info ][gc,heap     ] GC(632) Survivor regions: 2->2(32)
[2025-04-04T12:32:31.802-0400][158209.236s][info ][gc,heap     ] GC(632) Old regions: 200->200
[2025-04-04T12:32:31.802-0400][158209.236s][info ][gc,heap     ] GC(632) Archive regions: 0->0
[2025-04-04T12:32:31.802-0400][158209.236s][info ][gc,heap     ] GC(632) Humongous regions: 2->2
[2025-04-04T12:32:31.802-0400][158209.236s][info ][gc,metaspace] GC(632) Metaspace: 199339K(201152K)->199339K(201152K) NonClass: 175591K(176512K)->175591K(176512K) Class: 23747K(24640K)->23747K(24640K)
[2025-04-04T12:32:31.802-0400][158209.236s][info ][gc          ] GC(632) Pause Young (Normal) (G1 Evacuation Pause) 455M->202M(512M) 2.891ms
[2025-04-04T12:32:31.802-0400][158209.236s][info ][gc,cpu      ] GC(632) User=0.03s Sys=0.00s Real=0.00s
[2025-04-04T12:32:31.802-0400][158209.236s][info ][safepoint   ] Safepoint "G1CollectForAllocation", Time since last: 214240287500 ns, Reaching safepoint: 68700 ns, Cleanup: 4100 ns, At safepoint: 2965900 ns, Total: 3038700 ns
[2025-04-04T12:36:04.426-0400][158421.860s][debug][safepoint   ] Safepoint synchronization initiated using striped semaphore wait barrier. (240 threads)
[2025-04-04T12:36:04.426-0400][158421.860s][info ][gc,start    ] GC(633) Pause Young (Normal) (G1 Evacuation Pause)
[2025-04-04T12:36:04.426-0400][158421.860s][info ][gc,task     ] GC(633) Using 23 workers of 23 for evacuation
[2025-04-04T12:36:04.428-0400][158421.863s][info ][gc,phases   ] GC(633)   Pre Evacuate Collection Set: 0.1ms
[2025-04-04T12:36:04.428-0400][158421.863s][info ][gc,phases   ] GC(633)   Merge Heap Roots: 0.1ms
[2025-04-04T12:36:04.428-0400][158421.863s][info ][gc,phases   ] GC(633)   Evacuate Collection Set: 1.5ms
[2025-04-04T12:36:04.428-0400][158421.863s][info ][gc,phases   ] GC(633)   Post Evacuate Collection Set: 0.9ms
[2025-04-04T12:36:04.428-0400][158421.863s][info ][gc,phases   ] GC(633)   Other: 0.1ms
[2025-04-04T12:36:04.428-0400][158421.863s][info ][gc,heap     ] GC(633) Eden regions: 253->0(253)
[2025-04-04T12:36:04.428-0400][158421.863s][info ][gc,heap     ] GC(633) Survivor regions: 2->2(32)
[2025-04-04T12:36:04.428-0400][158421.863s][info ][gc,heap     ] GC(633) Old regions: 200->200
[2025-04-04T12:36:04.428-0400][158421.863s][info ][gc,heap     ] GC(633) Archive regions: 0->0
[2025-04-04T12:36:04.428-0400][158421.863s][info ][gc,heap     ] GC(633) Humongous regions: 2->2
[2025-04-04T12:36:04.428-0400][158421.863s][info ][gc,metaspace] GC(633) Metaspace: 199339K(201152K)->199339K(201152K) NonClass: 175591K(176512K)->175591K(176512K) Class: 23747K(24640K)->23747K(24640K)
[2025-04-04T12:36:04.428-0400][158421.863s][info ][gc          ] GC(633) Pause Young (Normal) (G1 Evacuation Pause) 455M->202M(512M) 2.788ms
[2025-04-04T12:36:04.428-0400][158421.863s][info ][gc,cpu      ] GC(633) User=0.00s Sys=0.00s Real=0.00s
[2025-04-04T12:36:04.429-0400][158421.863s][info ][safepoint   ] Safepoint "G1CollectForAllocation", Time since last: 212623692800 ns, Reaching safepoint: 58900 ns, Cleanup: 2400 ns, At safepoint: 2879600 ns, Total: 2940900 ns
[2025-04-04T12:36:11.433-0400][158428.867s][debug][safepoint   ] Safepoint synchronization initiated using striped semaphore wait barrier. (241 threads)
[2025-04-04T12:36:11.433-0400][158428.867s][info ][safepoint   ] Safepoint "Cleanup", Time since last: 7004380500 ns, Reaching safepoint: 47400 ns, Cleanup: 27600 ns, At safepoint: 2900 ns, Total: 77900 ns
[2025-04-04T12:39:38.059-0400][158635.493s][debug][safepoint   ] Safepoint synchronization initiated using striped semaphore wait barrier. (242 threads)
[2025-04-04T12:39:38.059-0400][158635.494s][info ][gc,start    ] GC(634) Pause Young (Normal) (G1 Evacuation Pause)
[2025-04-04T12:39:38.059-0400][158635.494s][info ][gc,task     ] GC(634) Using 23 workers of 23 for evacuation
[2025-04-04T12:39:38.062-0400][158635.497s][info ][gc,phases   ] GC(634)   Pre Evacuate Collection Set: 0.2ms
[2025-04-04T12:39:38.062-0400][158635.497s][info ][gc,phases   ] GC(634)   Merge Heap Roots: 0.3ms
[2025-04-04T12:39:38.062-0400][158635.497s][info ][gc,phases   ] GC(634)   Evacuate Collection Set: 1.2ms
[2025-04-04T12:39:38.062-0400][158635.497s][info ][gc,phases   ] GC(634)   Post Evacuate Collection Set: 1.8ms
[2025-04-04T12:39:38.062-0400][158635.497s][info ][gc,phases   ] GC(634)   Other: 0.1ms
[2025-04-04T12:39:38.062-0400][158635.497s][info ][gc,heap     ] GC(634) Eden regions: 253->0(253)
[2025-04-04T12:39:38.062-0400][158635.497s][info ][gc,heap     ] GC(634) Survivor regions: 2->2(32)
[2025-04-04T12:39:38.062-0400][158635.497s][info ][gc,heap     ] GC(634) Old regions: 200->200
[2025-04-04T12:39:38.062-0400][158635.497s][info ][gc,heap     ] GC(634) Archive regions: 0->0
[2025-04-04T12:39:38.062-0400][158635.497s][info ][gc,heap     ] GC(634) Humongous regions: 2->2
[2025-04-04T12:39:38.062-0400][158635.497s][info ][gc,metaspace] GC(634) Metaspace: 199341K(201152K)->199341K(201152K) NonClass: 175593K(176512K)->175593K(176512K) Class: 23747K(24640K)->23747K(24640K)
[2025-04-04T12:39:38.062-0400][158635.497s][info ][gc          ] GC(634) Pause Young (Normal) (G1 Evacuation Pause) 455M->202M(512M) 3.605ms
[2025-04-04T12:39:38.062-0400][158635.497s][info ][gc,cpu      ] GC(634) User=0.00s Sys=0.00s Real=0.00s
[2025-04-04T12:39:38.062-0400][158635.497s][info ][safepoint   ] Safepoint "G1CollectForAllocation", Time since last: 206625995300 ns, Reaching safepoint: 67400 ns, Cleanup: 4000 ns, At safepoint: 3695800 ns, Total: 3767200 ns
[2025-04-04T12:41:38.120-0400][158755.555s][debug][safepoint   ] Safepoint synchronization initiated using striped semaphore wait barrier. (242 threads)
[2025-04-04T12:41:38.120-0400][158755.555s][info ][safepoint   ] Safepoint "Cleanup", Time since last: 120057485900 ns, Reaching safepoint: 108500 ns, Cleanup: 9500 ns, At safepoint: 1500 ns, Total: 119500 ns
[2025-04-04T12:43:10.818-0400][158848.253s][debug][safepoint   ] Safepoint synchronization initiated using striped semaphore wait barrier. (242 threads)
[2025-04-04T12:43:10.818-0400][158848.253s][info ][gc,start    ] GC(635) Pause Young (Normal) (G1 Evacuation Pause)
[2025-04-04T12:43:10.818-0400][158848.253s][info ][gc,task     ] GC(635) Using 23 workers of 23 for evacuation
[2025-04-04T12:43:10.820-0400][158848.255s][info ][gc,phases   ] GC(635)   Pre Evacuate Collection Set: 0.2ms
[2025-04-04T12:43:10.820-0400][158848.255s][info ][gc,phases   ] GC(635)   Merge Heap Roots: 0.1ms
[2025-04-04T12:43:10.820-0400][158848.255s][info ][gc,phases   ] GC(635)   Evacuate Collection Set: 1.2ms
[2025-04-04T12:43:10.820-0400][158848.255s][info ][gc,phases   ] GC(635)   Post Evacuate Collection Set: 1.1ms
[2025-04-04T12:43:10.820-0400][158848.255s][info ][gc,phases   ] GC(635)   Other: 0.1ms
[2025-04-04T12:43:10.821-0400][158848.255s][info ][gc,heap     ] GC(635) Eden regions: 253->0(253)
[2025-04-04T12:43:10.821-0400][158848.255s][info ][gc,heap     ] GC(635) Survivor regions: 2->2(32)
[2025-04-04T12:43:10.821-0400][158848.255s][info ][gc,heap     ] GC(635) Old regions: 200->200
[2025-04-04T12:43:10.821-0400][158848.255s][info ][gc,heap     ] GC(635) Archive regions: 0->0
[2025-04-04T12:43:10.821-0400][158848.255s][info ][gc,heap     ] GC(635) Humongous regions: 2->2
[2025-04-04T12:43:10.821-0400][158848.255s][info ][gc,metaspace] GC(635) Metaspace: 199341K(201152K)->199341K(201152K) NonClass: 175593K(176512K)->175593K(176512K) Class: 23747K(24640K)->23747K(24640K)
[2025-04-04T12:43:10.821-0400][158848.255s][info ][gc          ] GC(635) Pause Young (Normal) (G1 Evacuation Pause) 455M->202M(512M) 2.766ms
[2025-04-04T12:43:10.821-0400][158848.255s][info ][gc,cpu      ] GC(635) User=0.00s Sys=0.00s Real=0.00s
[2025-04-04T12:43:10.821-0400][158848.256s][info ][safepoint   ] Safepoint "G1CollectForAllocation", Time since last: 92697759700 ns, Reaching safepoint: 55100 ns, Cleanup: 4400 ns, At safepoint: 2850000 ns, Total: 2909500 ns
[2025-04-04T12:46:47.399-0400][159064.834s][debug][safepoint   ] Safepoint synchronization initiated using striped semaphore wait barrier. (241 threads)
[2025-04-04T12:46:47.399-0400][159064.834s][info ][gc,start    ] GC(636) Pause Young (Normal) (G1 Evacuation Pause)
[2025-04-04T12:46:47.399-0400][159064.834s][info ][gc,task     ] GC(636) Using 23 workers of 23 for evacuation
[2025-04-04T12:46:47.405-0400][159064.840s][info ][gc,phases   ] GC(636)   Pre Evacuate Collection Set: 0.2ms
[2025-04-04T12:46:47.405-0400][159064.840s][info ][gc,phases   ] GC(636)   Merge Heap Roots: 0.1ms
[2025-04-04T12:46:47.405-0400][159064.840s][info ][gc,phases   ] GC(636)   Evacuate Collection Set: 0.9ms
[2025-04-04T12:46:47.405-0400][159064.840s][info ][gc,phases   ] GC(636)   Post Evacuate Collection Set: 4.6ms
[2025-04-04T12:46:47.405-0400][159064.840s][info ][gc,phases   ] GC(636)   Other: 0.2ms
[2025-04-04T12:46:47.405-0400][159064.840s][info ][gc,heap     ] GC(636) Eden regions: 253->0(254)
[2025-04-04T12:46:47.405-0400][159064.840s][info ][gc,heap     ] GC(636) Survivor regions: 2->2(32)
[2025-04-04T12:46:47.405-0400][159064.840s][info ][gc,heap     ] GC(636) Old regions: 200->200
[2025-04-04T12:46:47.405-0400][159064.840s][info ][gc,heap     ] GC(636) Archive regions: 0->0
[2025-04-04T12:46:47.405-0400][159064.840s][info ][gc,heap     ] GC(636) Humongous regions: 2->2
[2025-04-04T12:46:47.405-0400][159064.840s][info ][gc,metaspace] GC(636) Metaspace: 199341K(201152K)->199341K(201152K) NonClass: 175593K(176512K)->175593K(176512K) Class: 23747K(24640K)->23747K(24640K)
[2025-04-04T12:46:47.405-0400][159064.840s][info ][gc          ] GC(636) Pause Young (Normal) (G1 Evacuation Pause) 455M->202M(512M) 6.034ms
[2025-04-04T12:46:47.405-0400][159064.840s][info ][gc,cpu      ] GC(636) User=0.00s Sys=0.00s Real=0.01s
[2025-04-04T12:46:47.405-0400][159064.840s][info ][safepoint   ] Safepoint "G1CollectForAllocation", Time since last: 216578565700 ns, Reaching safepoint: 80200 ns, Cleanup: 4700 ns, At safepoint: 6147300 ns, Total: 6232200 ns
[2025-04-04T12:50:20.903-0400][159278.337s][debug][safepoint   ] Safepoint synchronization initiated using striped semaphore wait barrier. (240 threads)
[2025-04-04T12:50:20.903-0400][159278.337s][info ][gc,start    ] GC(637) Pause Young (Normal) (G1 Evacuation Pause)
[2025-04-04T12:50:20.903-0400][159278.337s][info ][gc,task     ] GC(637) Using 23 workers of 23 for evacuation
[2025-04-04T12:50:20.906-0400][159278.340s][info ][gc,phases   ] GC(637)   Pre Evacuate Collection Set: 0.3ms
[2025-04-04T12:50:20.906-0400][159278.340s][info ][gc,phases   ] GC(637)   Merge Heap Roots: 0.3ms
[2025-04-04T12:50:20.906-0400][159278.340s][info ][gc,phases   ] GC(637)   Evacuate Collection Set: 0.9ms
[2025-04-04T12:50:20.906-0400][159278.340s][info ][gc,phases   ] GC(637)   Post Evacuate Collection Set: 1.1ms
[2025-04-04T12:50:20.906-0400][159278.340s][info ][gc,phases   ] GC(637)   Other: 0.1ms
[2025-04-04T12:50:20.906-0400][159278.340s][info ][gc,heap     ] GC(637) Eden regions: 254->0(254)
[2025-04-04T12:50:20.906-0400][159278.340s][info ][gc,heap     ] GC(637) Survivor regions: 2->2(32)
[2025-04-04T12:50:20.906-0400][159278.340s][info ][gc,heap     ] GC(637) Old regions: 200->200
[2025-04-04T12:50:20.906-0400][159278.340s][info ][gc,heap     ] GC(637) Archive regions: 0->0
[2025-04-04T12:50:20.906-0400][159278.340s][info ][gc,heap     ] GC(637) Humongous regions: 2->2
[2025-04-04T12:50:20.906-0400][159278.340s][info ][gc,metaspace] GC(637) Metaspace: 199341K(201152K)->199341K(201152K) NonClass: 175593K(176512K)->175593K(176512K) Class: 23747K(24640K)->23747K(24640K)
[2025-04-04T12:50:20.906-0400][159278.340s][info ][gc          ] GC(637) Pause Young (Normal) (G1 Evacuation Pause) 456M->202M(512M) 2.829ms
[2025-04-04T12:50:20.906-0400][159278.340s][info ][gc,cpu      ] GC(637) User=0.00s Sys=0.00s Real=0.00s
[2025-04-04T12:50:20.906-0400][159278.340s][info ][safepoint   ] Safepoint "G1CollectForAllocation", Time since last: 213496948300 ns, Reaching safepoint: 61500 ns, Cleanup: 4500 ns, At safepoint: 2907100 ns, Total: 2973100 ns
[2025-04-04T12:53:57.624-0400][159495.058s][debug][safepoint   ] Safepoint synchronization initiated using striped semaphore wait barrier. (240 threads)
[2025-04-04T12:53:57.624-0400][159495.059s][info ][gc,start    ] GC(638) Pause Young (Normal) (G1 Evacuation Pause)
[2025-04-04T12:53:57.624-0400][159495.059s][info ][gc,task     ] GC(638) Using 23 workers of 23 for evacuation
[2025-04-04T12:53:57.626-0400][159495.060s][info ][gc,phases   ] GC(638)   Pre Evacuate Collection Set: 0.2ms
[2025-04-04T12:53:57.626-0400][159495.060s][info ][gc,phases   ] GC(638)   Merge Heap Roots: 0.1ms
[2025-04-04T12:53:57.626-0400][159495.060s][info ][gc,phases   ] GC(638)   Evacuate Collection Set: 0.8ms
[2025-04-04T12:53:57.626-0400][159495.060s][info ][gc,phases   ] GC(638)   Post Evacuate Collection Set: 0.6ms
[2025-04-04T12:53:57.626-0400][159495.060s][info ][gc,phases   ] GC(638)   Other: 0.1ms
[2025-04-04T12:53:57.626-0400][159495.060s][info ][gc,heap     ] GC(638) Eden regions: 254->0(254)
[2025-04-04T12:53:57.626-0400][159495.060s][info ][gc,heap     ] GC(638) Survivor regions: 2->2(32)
[2025-04-04T12:53:57.626-0400][159495.060s][info ][gc,heap     ] GC(638) Old regions: 200->200
[2025-04-04T12:53:57.626-0400][159495.060s][info ][gc,heap     ] GC(638) Archive regions: 0->0
[2025-04-04T12:53:57.626-0400][159495.060s][info ][gc,heap     ] GC(638) Humongous regions: 2->2
[2025-04-04T12:53:57.626-0400][159495.060s][info ][gc,metaspace] GC(638) Metaspace: 199341K(201152K)->199341K(201152K) NonClass: 175593K(176512K)->175593K(176512K) Class: 23747K(24640K)->23747K(24640K)
[2025-04-04T12:53:57.626-0400][159495.060s][info ][gc          ] GC(638) Pause Young (Normal) (G1 Evacuation Pause) 456M->202M(512M) 1.982ms
[2025-04-04T12:53:57.626-0400][159495.061s][info ][gc,cpu      ] GC(638) User=0.00s Sys=0.00s Real=0.00s
[2025-04-04T12:53:57.626-0400][159495.061s][info ][safepoint   ] Safepoint "G1CollectForAllocation", Time since last: 216718129100 ns, Reaching safepoint: 107400 ns, Cleanup: 3700 ns, At safepoint: 2059200 ns, Total: 2170300 ns
[2025-04-04T12:56:32.708-0400][159650.142s][debug][safepoint   ] Safepoint synchronization initiated using striped semaphore wait barrier. (242 threads)
[2025-04-04T12:56:32.708-0400][159650.142s][info ][safepoint   ] Safepoint "Cleanup", Time since last: 155081718300 ns, Reaching safepoint: 201200 ns, Cleanup: 20200 ns, At safepoint: 5400 ns, Total: 226800 ns
[2025-04-04T12:57:26.803-0400][159704.238s][debug][safepoint   ] Safepoint synchronization initiated using striped semaphore wait barrier. (242 threads)
[2025-04-04T12:57:26.803-0400][159704.238s][info ][gc,start    ] GC(639) Pause Young (Normal) (G1 Evacuation Pause)
[2025-04-04T12:57:26.803-0400][159704.238s][info ][gc,task     ] GC(639) Using 23 workers of 23 for evacuation
[2025-04-04T12:57:26.806-0400][159704.240s][info ][gc,phases   ] GC(639)   Pre Evacuate Collection Set: 0.1ms
[2025-04-04T12:57:26.806-0400][159704.240s][info ][gc,phases   ] GC(639)   Merge Heap Roots: 0.2ms
[2025-04-04T12:57:26.806-0400][159704.240s][info ][gc,phases   ] GC(639)   Evacuate Collection Set: 1.1ms
[2025-04-04T12:57:26.806-0400][159704.240s][info ][gc,phases   ] GC(639)   Post Evacuate Collection Set: 0.8ms
[2025-04-04T12:57:26.806-0400][159704.240s][info ][gc,phases   ] GC(639)   Other: 0.2ms
[2025-04-04T12:57:26.806-0400][159704.240s][info ][gc,heap     ] GC(639) Eden regions: 254->0(253)
[2025-04-04T12:57:26.806-0400][159704.240s][info ][gc,heap     ] GC(639) Survivor regions: 2->2(32)
[2025-04-04T12:57:26.806-0400][159704.240s][info ][gc,heap     ] GC(639) Old regions: 200->200
[2025-04-04T12:57:26.806-0400][159704.240s][info ][gc,heap     ] GC(639) Archive regions: 0->0
[2025-04-04T12:57:26.806-0400][159704.240s][info ][gc,heap     ] GC(639) Humongous regions: 2->2
[2025-04-04T12:57:26.806-0400][159704.240s][info ][gc,metaspace] GC(639) Metaspace: 199341K(201152K)->199341K(201152K) NonClass: 175593K(176512K)->175593K(176512K) Class: 23747K(24640K)->23747K(24640K)
[2025-04-04T12:57:26.806-0400][159704.240s][info ][gc          ] GC(639) Pause Young (Normal) (G1 Evacuation Pause) 456M->202M(512M) 2.687ms
[2025-04-04T12:57:26.806-0400][159704.241s][info ][gc,cpu      ] GC(639) User=0.00s Sys=0.00s Real=0.00s
[2025-04-04T12:57:26.806-0400][159704.241s][info ][safepoint   ] Safepoint "G1CollectForAllocation", Time since last: 54095165300 ns, Reaching safepoint: 108000 ns, Cleanup: 5000 ns, At safepoint: 2843300 ns, Total: 2956300 ns
[2025-04-04T13:00:59.694-0400][159917.129s][debug][safepoint   ] Safepoint synchronization initiated using striped semaphore wait barrier. (246 threads)
[2025-04-04T13:00:59.694-0400][159917.129s][info ][gc,start    ] GC(640) Pause Young (Normal) (G1 Evacuation Pause)
[2025-04-04T13:00:59.694-0400][159917.129s][info ][gc,task     ] GC(640) Using 23 workers of 23 for evacuation
[2025-04-04T13:00:59.697-0400][159917.133s][info ][gc,phases   ] GC(640)   Pre Evacuate Collection Set: 0.2ms
[2025-04-04T13:00:59.697-0400][159917.133s][info ][gc,phases   ] GC(640)   Merge Heap Roots: 0.2ms
[2025-04-04T13:00:59.697-0400][159917.133s][info ][gc,phases   ] GC(640)   Evacuate Collection Set: 1.5ms
[2025-04-04T13:00:59.697-0400][159917.133s][info ][gc,phases   ] GC(640)   Post Evacuate Collection Set: 1.6ms
[2025-04-04T13:00:59.697-0400][159917.133s][info ][gc,phases   ] GC(640)   Other: 0.2ms
[2025-04-04T13:00:59.697-0400][159917.133s][info ][gc,heap     ] GC(640) Eden regions: 253->0(253)
[2025-04-04T13:00:59.698-0400][159917.133s][info ][gc,heap     ] GC(640) Survivor regions: 2->2(32)
[2025-04-04T13:00:59.698-0400][159917.133s][info ][gc,heap     ] GC(640) Old regions: 200->200
[2025-04-04T13:00:59.698-0400][159917.133s][info ][gc,heap     ] GC(640) Archive regions: 0->0
[2025-04-04T13:00:59.698-0400][159917.133s][info ][gc,heap     ] GC(640) Humongous regions: 2->2
[2025-04-04T13:00:59.698-0400][159917.133s][info ][gc,metaspace] GC(640) Metaspace: 199341K(201152K)->199341K(201152K) NonClass: 175593K(176512K)->175593K(176512K) Class: 23747K(24640K)->23747K(24640K)
[2025-04-04T13:00:59.698-0400][159917.133s][info ][gc          ] GC(640) Pause Young (Normal) (G1 Evacuation Pause) 455M->202M(512M) 3.763ms
[2025-04-04T13:00:59.698-0400][159917.133s][info ][gc,cpu      ] GC(640) User=0.00s Sys=0.00s Real=0.00s
[2025-04-04T13:00:59.698-0400][159917.133s][info ][safepoint   ] Safepoint "G1CollectForAllocation", Time since last: 212888355100 ns, Reaching safepoint: 133700 ns, Cleanup: 7100 ns, At safepoint: 3874100 ns, Total: 4014900 ns
[2025-04-04T13:04:31.427-0400][160128.862s][debug][safepoint   ] Safepoint synchronization initiated using striped semaphore wait barrier. (246 threads)
[2025-04-04T13:04:31.427-0400][160128.862s][info ][gc,start    ] GC(641) Pause Young (Normal) (G1 Evacuation Pause)
[2025-04-04T13:04:31.427-0400][160128.862s][info ][gc,task     ] GC(641) Using 23 workers of 23 for evacuation
[2025-04-04T13:04:31.431-0400][160128.866s][info ][gc,phases   ] GC(641)   Pre Evacuate Collection Set: 0.3ms
[2025-04-04T13:04:31.431-0400][160128.866s][info ][gc,phases   ] GC(641)   Merge Heap Roots: 0.3ms
[2025-04-04T13:04:31.431-0400][160128.866s][info ][gc,phases   ] GC(641)   Evacuate Collection Set: 2.3ms
[2025-04-04T13:04:31.431-0400][160128.866s][info ][gc,phases   ] GC(641)   Post Evacuate Collection Set: 1.6ms
[2025-04-04T13:04:31.431-0400][160128.867s][info ][gc,phases   ] GC(641)   Other: 0.2ms
[2025-04-04T13:04:31.431-0400][160128.867s][info ][gc,heap     ] GC(641) Eden regions: 253->0(253)
[2025-04-04T13:04:31.431-0400][160128.867s][info ][gc,heap     ] GC(641) Survivor regions: 2->2(32)
[2025-04-04T13:04:31.431-0400][160128.867s][info ][gc,heap     ] GC(641) Old regions: 200->200
[2025-04-04T13:04:31.431-0400][160128.867s][info ][gc,heap     ] GC(641) Archive regions: 0->0
[2025-04-04T13:04:31.431-0400][160128.867s][info ][gc,heap     ] GC(641) Humongous regions: 2->2
[2025-04-04T13:04:31.431-0400][160128.867s][info ][gc,metaspace] GC(641) Metaspace: 199341K(201152K)->199341K(201152K) NonClass: 175593K(176512K)->175593K(176512K) Class: 23747K(24640K)->23747K(24640K)
[2025-04-04T13:04:31.431-0400][160128.867s][info ][gc          ] GC(641) Pause Young (Normal) (G1 Evacuation Pause) 455M->202M(512M) 4.817ms
[2025-04-04T13:04:31.431-0400][160128.867s][info ][gc,cpu      ] GC(641) User=0.00s Sys=0.00s Real=0.00s
[2025-04-04T13:04:31.431-0400][160128.867s][info ][safepoint   ] Safepoint "G1CollectForAllocation", Time since last: 211728692800 ns, Reaching safepoint: 100200 ns, Cleanup: 6200 ns, At safepoint: 4973100 ns, Total: 5079500 ns
[2025-04-04T13:08:05.813-0400][160343.248s][debug][safepoint   ] Safepoint synchronization initiated using striped semaphore wait barrier. (246 threads)
[2025-04-04T13:08:05.813-0400][160343.248s][info ][gc,start    ] GC(642) Pause Young (Normal) (G1 Evacuation Pause)
[2025-04-04T13:08:05.813-0400][160343.248s][info ][gc,task     ] GC(642) Using 23 workers of 23 for evacuation
[2025-04-04T13:08:05.820-0400][160343.255s][info ][gc,phases   ] GC(642)   Pre Evacuate Collection Set: 0.4ms
[2025-04-04T13:08:05.820-0400][160343.255s][info ][gc,phases   ] GC(642)   Merge Heap Roots: 0.3ms
[2025-04-04T13:08:05.820-0400][160343.255s][info ][gc,phases   ] GC(642)   Evacuate Collection Set: 3.6ms
[2025-04-04T13:08:05.820-0400][160343.255s][info ][gc,phases   ] GC(642)   Post Evacuate Collection Set: 1.9ms
[2025-04-04T13:08:05.820-0400][160343.255s][info ][gc,phases   ] GC(642)   Other: 0.5ms
[2025-04-04T13:08:05.820-0400][160343.255s][info ][gc,heap     ] GC(642) Eden regions: 253->0(253)
[2025-04-04T13:08:05.820-0400][160343.255s][info ][gc,heap     ] GC(642) Survivor regions: 2->2(32)
[2025-04-04T13:08:05.820-0400][160343.255s][info ][gc,heap     ] GC(642) Old regions: 200->200
[2025-04-04T13:08:05.820-0400][160343.255s][info ][gc,heap     ] GC(642) Archive regions: 0->0
[2025-04-04T13:08:05.820-0400][160343.255s][info ][gc,heap     ] GC(642) Humongous regions: 2->2
[2025-04-04T13:08:05.820-0400][160343.255s][info ][gc,metaspace] GC(642) Metaspace: 199341K(201152K)->199341K(201152K) NonClass: 175593K(176512K)->175593K(176512K) Class: 23747K(24640K)->23747K(24640K)
[2025-04-04T13:08:05.820-0400][160343.255s][info ][gc          ] GC(642) Pause Young (Normal) (G1 Evacuation Pause) 455M->202M(512M) 6.942ms
[2025-04-04T13:08:05.820-0400][160343.255s][info ][gc,cpu      ] GC(642) User=0.05s Sys=0.00s Real=0.01s
[2025-04-04T13:08:05.820-0400][160343.255s][info ][safepoint   ] Safepoint "G1CollectForAllocation", Time since last: 214380991400 ns, Reaching safepoint: 283400 ns, Cleanup: 36200 ns, At safepoint: 7168100 ns, Total: 7487700 ns
[2025-04-04T13:11:37.843-0400][160555.278s][debug][safepoint   ] Safepoint synchronization initiated using striped semaphore wait barrier. (246 threads)
[2025-04-04T13:11:37.843-0400][160555.278s][info ][gc,start    ] GC(643) Pause Young (Normal) (G1 Evacuation Pause)
[2025-04-04T13:11:37.843-0400][160555.278s][info ][gc,task     ] GC(643) Using 23 workers of 23 for evacuation
[2025-04-04T13:11:37.845-0400][160555.280s][info ][gc,phases   ] GC(643)   Pre Evacuate Collection Set: 0.2ms
[2025-04-04T13:11:37.845-0400][160555.280s][info ][gc,phases   ] GC(643)   Merge Heap Roots: 0.1ms
[2025-04-04T13:11:37.845-0400][160555.280s][info ][gc,phases   ] GC(643)   Evacuate Collection Set: 1.0ms
[2025-04-04T13:11:37.845-0400][160555.280s][info ][gc,phases   ] GC(643)   Post Evacuate Collection Set: 0.7ms
[2025-04-04T13:11:37.845-0400][160555.280s][info ][gc,phases   ] GC(643)   Other: 0.1ms
[2025-04-04T13:11:37.845-0400][160555.280s][info ][gc,heap     ] GC(643) Eden regions: 253->0(253)
[2025-04-04T13:11:37.845-0400][160555.280s][info ][gc,heap     ] GC(643) Survivor regions: 2->2(32)
[2025-04-04T13:11:37.845-0400][160555.280s][info ][gc,heap     ] GC(643) Old regions: 200->200
[2025-04-04T13:11:37.845-0400][160555.280s][info ][gc,heap     ] GC(643) Archive regions: 0->0
[2025-04-04T13:11:37.845-0400][160555.280s][info ][gc,heap     ] GC(643) Humongous regions: 2->2
[2025-04-04T13:11:37.845-0400][160555.280s][info ][gc,metaspace] GC(643) Metaspace: 199341K(201152K)->199341K(201152K) NonClass: 175593K(176512K)->175593K(176512K) Class: 23747K(24640K)->23747K(24640K)
[2025-04-04T13:11:37.845-0400][160555.280s][info ][gc          ] GC(643) Pause Young (Normal) (G1 Evacuation Pause) 455M->202M(512M) 2.204ms
[2025-04-04T13:11:37.845-0400][160555.280s][info ][gc,cpu      ] GC(643) User=0.00s Sys=0.00s Real=0.00s
[2025-04-04T13:11:37.845-0400][160555.280s][info ][safepoint   ] Safepoint "G1CollectForAllocation", Time since last: 212022779300 ns, Reaching safepoint: 83500 ns, Cleanup: 4300 ns, At safepoint: 2320000 ns, Total: 2407800 ns
[2025-04-04T13:15:12.192-0400][160769.626s][debug][safepoint   ] Safepoint synchronization initiated using striped semaphore wait barrier. (246 threads)
[2025-04-04T13:15:12.192-0400][160769.627s][info ][gc,start    ] GC(644) Pause Young (Normal) (G1 Evacuation Pause)
[2025-04-04T13:15:12.192-0400][160769.627s][info ][gc,task     ] GC(644) Using 23 workers of 23 for evacuation
[2025-04-04T13:15:12.194-0400][160769.629s][info ][gc,phases   ] GC(644)   Pre Evacuate Collection Set: 0.2ms
[2025-04-04T13:15:12.194-0400][160769.629s][info ][gc,phases   ] GC(644)   Merge Heap Roots: 0.1ms
[2025-04-04T13:15:12.194-0400][160769.629s][info ][gc,phases   ] GC(644)   Evacuate Collection Set: 1.2ms
[2025-04-04T13:15:12.194-0400][160769.629s][info ][gc,phases   ] GC(644)   Post Evacuate Collection Set: 1.0ms
[2025-04-04T13:15:12.194-0400][160769.629s][info ][gc,phases   ] GC(644)   Other: 0.2ms
[2025-04-04T13:15:12.194-0400][160769.629s][info ][gc,heap     ] GC(644) Eden regions: 253->0(254)
[2025-04-04T13:15:12.194-0400][160769.629s][info ][gc,heap     ] GC(644) Survivor regions: 2->2(32)
[2025-04-04T13:15:12.194-0400][160769.629s][info ][gc,heap     ] GC(644) Old regions: 200->200
[2025-04-04T13:15:12.194-0400][160769.629s][info ][gc,heap     ] GC(644) Archive regions: 0->0
[2025-04-04T13:15:12.194-0400][160769.629s][info ][gc,heap     ] GC(644) Humongous regions: 2->2
[2025-04-04T13:15:12.194-0400][160769.629s][info ][gc,metaspace] GC(644) Metaspace: 199341K(201152K)->199341K(201152K) NonClass: 175593K(176512K)->175593K(176512K) Class: 23747K(24640K)->23747K(24640K)
[2025-04-04T13:15:12.194-0400][160769.629s][info ][gc          ] GC(644) Pause Young (Normal) (G1 Evacuation Pause) 455M->202M(512M) 2.750ms
[2025-04-04T13:15:12.195-0400][160769.629s][info ][gc,cpu      ] GC(644) User=0.00s Sys=0.00s Real=0.00s
[2025-04-04T13:15:12.195-0400][160769.629s][info ][safepoint   ] Safepoint "G1CollectForAllocation", Time since last: 214346020100 ns, Reaching safepoint: 98300 ns, Cleanup: 9200 ns, At safepoint: 2867000 ns, Total: 2974500 ns
[2025-04-04T13:18:44.793-0400][160982.228s][debug][safepoint   ] Safepoint synchronization initiated using striped semaphore wait barrier. (246 threads)
[2025-04-04T13:18:44.793-0400][160982.228s][info ][gc,start    ] GC(645) Pause Young (Normal) (G1 Evacuation Pause)
[2025-04-04T13:18:44.793-0400][160982.228s][info ][gc,task     ] GC(645) Using 23 workers of 23 for evacuation
[2025-04-04T13:18:44.797-0400][160982.232s][info ][gc,phases   ] GC(645)   Pre Evacuate Collection Set: 0.3ms
[2025-04-04T13:18:44.797-0400][160982.232s][info ][gc,phases   ] GC(645)   Merge Heap Roots: 0.3ms
[2025-04-04T13:18:44.797-0400][160982.232s][info ][gc,phases   ] GC(645)   Evacuate Collection Set: 2.1ms
[2025-04-04T13:18:44.797-0400][160982.232s][info ][gc,phases   ] GC(645)   Post Evacuate Collection Set: 1.5ms
[2025-04-04T13:18:44.797-0400][160982.232s][info ][gc,phases   ] GC(645)   Other: 0.2ms
[2025-04-04T13:18:44.797-0400][160982.232s][info ][gc,heap     ] GC(645) Eden regions: 254->0(254)
[2025-04-04T13:18:44.797-0400][160982.232s][info ][gc,heap     ] GC(645) Survivor regions: 2->2(32)
[2025-04-04T13:18:44.797-0400][160982.232s][info ][gc,heap     ] GC(645) Old regions: 200->200
[2025-04-04T13:18:44.797-0400][160982.232s][info ][gc,heap     ] GC(645) Archive regions: 0->0
[2025-04-04T13:18:44.797-0400][160982.232s][info ][gc,heap     ] GC(645) Humongous regions: 2->2
[2025-04-04T13:18:44.797-0400][160982.232s][info ][gc,metaspace] GC(645) Metaspace: 199341K(201152K)->199341K(201152K) NonClass: 175593K(176512K)->175593K(176512K) Class: 23747K(24640K)->23747K(24640K)
[2025-04-04T13:18:44.797-0400][160982.232s][info ][gc          ] GC(645) Pause Young (Normal) (G1 Evacuation Pause) 456M->202M(512M) 4.474ms
[2025-04-04T13:18:44.797-0400][160982.232s][info ][gc,cpu      ] GC(645) User=0.00s Sys=0.00s Real=0.00s
[2025-04-04T13:18:44.797-0400][160982.232s][info ][safepoint   ] Safepoint "G1CollectForAllocation", Time since last: 212598235500 ns, Reaching safepoint: 224900 ns, Cleanup: 12100 ns, At safepoint: 4594700 ns, Total: 4831700 ns
[2025-04-04T13:22:19.480-0400][161196.914s][debug][safepoint   ] Safepoint synchronization initiated using striped semaphore wait barrier. (244 threads)
[2025-04-04T13:22:19.480-0400][161196.914s][info ][gc,start    ] GC(646) Pause Young (Normal) (G1 Evacuation Pause)
[2025-04-04T13:22:19.480-0400][161196.914s][info ][gc,task     ] GC(646) Using 23 workers of 23 for evacuation
[2025-04-04T13:22:19.482-0400][161196.917s][info ][gc,phases   ] GC(646)   Pre Evacuate Collection Set: 0.1ms
[2025-04-04T13:22:19.482-0400][161196.917s][info ][gc,phases   ] GC(646)   Merge Heap Roots: 0.1ms
[2025-04-04T13:22:19.482-0400][161196.917s][info ][gc,phases   ] GC(646)   Evacuate Collection Set: 1.2ms
[2025-04-04T13:22:19.482-0400][161196.917s][info ][gc,phases   ] GC(646)   Post Evacuate Collection Set: 1.1ms
[2025-04-04T13:22:19.482-0400][161196.917s][info ][gc,phases   ] GC(646)   Other: 0.1ms
[2025-04-04T13:22:19.482-0400][161196.917s][info ][gc,heap     ] GC(646) Eden regions: 254->0(254)
[2025-04-04T13:22:19.482-0400][161196.917s][info ][gc,heap     ] GC(646) Survivor regions: 2->2(32)
[2025-04-04T13:22:19.482-0400][161196.917s][info ][gc,heap     ] GC(646) Old regions: 200->200
[2025-04-04T13:22:19.482-0400][161196.917s][info ][gc,heap     ] GC(646) Archive regions: 0->0
[2025-04-04T13:22:19.482-0400][161196.917s][info ][gc,heap     ] GC(646) Humongous regions: 2->2
[2025-04-04T13:22:19.482-0400][161196.917s][info ][gc,metaspace] GC(646) Metaspace: 199341K(201152K)->199341K(201152K) NonClass: 175593K(176512K)->175593K(176512K) Class: 23747K(24640K)->23747K(24640K)
[2025-04-04T13:22:19.482-0400][161196.917s][info ][gc          ] GC(646) Pause Young (Normal) (G1 Evacuation Pause) 456M->202M(512M) 2.731ms
[2025-04-04T13:22:19.482-0400][161196.917s][info ][gc,cpu      ] GC(646) User=0.00s Sys=0.00s Real=0.00s
[2025-04-04T13:22:19.482-0400][161196.917s][info ][safepoint   ] Safepoint "G1CollectForAllocation", Time since last: 214681848700 ns, Reaching safepoint: 64500 ns, Cleanup: 4300 ns, At safepoint: 2813000 ns, Total: 2881800 ns
[2025-04-04T13:25:53.832-0400][161411.266s][debug][safepoint   ] Safepoint synchronization initiated using striped semaphore wait barrier. (242 threads)
[2025-04-04T13:25:53.832-0400][161411.267s][info ][gc,start    ] GC(647) Pause Young (Normal) (G1 Evacuation Pause)
[2025-04-04T13:25:53.832-0400][161411.267s][info ][gc,task     ] GC(647) Using 23 workers of 23 for evacuation
[2025-04-04T13:25:53.837-0400][161411.272s][info ][gc,phases   ] GC(647)   Pre Evacuate Collection Set: 0.3ms
[2025-04-04T13:25:53.837-0400][161411.272s][info ][gc,phases   ] GC(647)   Merge Heap Roots: 0.2ms
[2025-04-04T13:25:53.837-0400][161411.272s][info ][gc,phases   ] GC(647)   Evacuate Collection Set: 3.4ms
[2025-04-04T13:25:53.837-0400][161411.272s][info ][gc,phases   ] GC(647)   Post Evacuate Collection Set: 1.2ms
[2025-04-04T13:25:53.837-0400][161411.272s][info ][gc,phases   ] GC(647)   Other: 0.2ms
[2025-04-04T13:25:53.837-0400][161411.272s][info ][gc,heap     ] GC(647) Eden regions: 254->0(254)
[2025-04-04T13:25:53.837-0400][161411.272s][info ][gc,heap     ] GC(647) Survivor regions: 2->2(32)
[2025-04-04T13:25:53.837-0400][161411.272s][info ][gc,heap     ] GC(647) Old regions: 200->200
[2025-04-04T13:25:53.837-0400][161411.272s][info ][gc,heap     ] GC(647) Archive regions: 0->0
[2025-04-04T13:25:53.837-0400][161411.272s][info ][gc,heap     ] GC(647) Humongous regions: 2->2
[2025-04-04T13:25:53.837-0400][161411.272s][info ][gc,metaspace] GC(647) Metaspace: 199341K(201152K)->199341K(201152K) NonClass: 175593K(176512K)->175593K(176512K) Class: 23747K(24640K)->23747K(24640K)
[2025-04-04T13:25:53.837-0400][161411.272s][info ][gc          ] GC(647) Pause Young (Normal) (G1 Evacuation Pause) 456M->202M(512M) 5.416ms
[2025-04-04T13:25:53.837-0400][161411.272s][info ][gc,cpu      ] GC(647) User=0.00s Sys=0.00s Real=0.00s
[2025-04-04T13:25:53.837-0400][161411.272s][info ][safepoint   ] Safepoint "G1CollectForAllocation", Time since last: 214349140400 ns, Reaching safepoint: 200600 ns, Cleanup: 4200 ns, At safepoint: 5594900 ns, Total: 5799700 ns
[2025-04-04T13:29:25.176-0400][161622.611s][debug][safepoint   ] Safepoint synchronization initiated using striped semaphore wait barrier. (240 threads)
[2025-04-04T13:29:25.176-0400][161622.611s][info ][gc,start    ] GC(648) Pause Young (Normal) (G1 Evacuation Pause)
[2025-04-04T13:29:25.176-0400][161622.611s][info ][gc,task     ] GC(648) Using 23 workers of 23 for evacuation
[2025-04-04T13:29:25.180-0400][161622.615s][info ][gc,phases   ] GC(648)   Pre Evacuate Collection Set: 0.2ms
[2025-04-04T13:29:25.181-0400][161622.616s][info ][gc,phases   ] GC(648)   Merge Heap Roots: 0.1ms
[2025-04-04T13:29:25.181-0400][161622.616s][info ][gc,phases   ] GC(648)   Evacuate Collection Set: 0.9ms
[2025-04-04T13:29:25.181-0400][161622.616s][info ][gc,phases   ] GC(648)   Post Evacuate Collection Set: 2.8ms
[2025-04-04T13:29:25.181-0400][161622.616s][info ][gc,phases   ] GC(648)   Other: 0.2ms
[2025-04-04T13:29:25.181-0400][161622.616s][info ][gc,heap     ] GC(648) Eden regions: 254->0(253)
[2025-04-04T13:29:25.181-0400][161622.616s][info ][gc,heap     ] GC(648) Survivor regions: 2->2(32)
[2025-04-04T13:29:25.181-0400][161622.616s][info ][gc,heap     ] GC(648) Old regions: 200->200
[2025-04-04T13:29:25.181-0400][161622.616s][info ][gc,heap     ] GC(648) Archive regions: 0->0
[2025-04-04T13:29:25.181-0400][161622.616s][info ][gc,heap     ] GC(648) Humongous regions: 2->2
[2025-04-04T13:29:25.181-0400][161622.616s][info ][gc,metaspace] GC(648) Metaspace: 199341K(201152K)->199341K(201152K) NonClass: 175593K(176512K)->175593K(176512K) Class: 23747K(24640K)->23747K(24640K)
[2025-04-04T13:29:25.181-0400][161622.616s][info ][gc          ] GC(648) Pause Young (Normal) (G1 Evacuation Pause) 456M->202M(512M) 4.339ms
[2025-04-04T13:29:25.181-0400][161622.616s][info ][gc,cpu      ] GC(648) User=0.00s Sys=0.00s Real=0.00s
[2025-04-04T13:29:25.181-0400][161622.616s][info ][safepoint   ] Safepoint "G1CollectForAllocation", Time since last: 211339078800 ns, Reaching safepoint: 95000 ns, Cleanup: 4600 ns, At safepoint: 4473300 ns, Total: 4572900 ns
[2025-04-04T13:32:58.168-0400][161835.602s][debug][safepoint   ] Safepoint synchronization initiated using striped semaphore wait barrier. (241 threads)
[2025-04-04T13:32:58.168-0400][161835.603s][info ][gc,start    ] GC(649) Pause Young (Normal) (G1 Evacuation Pause)
[2025-04-04T13:32:58.168-0400][161835.603s][info ][gc,task     ] GC(649) Using 23 workers of 23 for evacuation
[2025-04-04T13:32:58.172-0400][161835.607s][info ][gc,phases   ] GC(649)   Pre Evacuate Collection Set: 0.3ms
[2025-04-04T13:32:58.172-0400][161835.607s][info ][gc,phases   ] GC(649)   Merge Heap Roots: 0.3ms
[2025-04-04T13:32:58.172-0400][161835.607s][info ][gc,phases   ] GC(649)   Evacuate Collection Set: 1.9ms
[2025-04-04T13:32:58.172-0400][161835.607s][info ][gc,phases   ] GC(649)   Post Evacuate Collection Set: 1.4ms
[2025-04-04T13:32:58.172-0400][161835.607s][info ][gc,phases   ] GC(649)   Other: 0.2ms
[2025-04-04T13:32:58.172-0400][161835.607s][info ][gc,heap     ] GC(649) Eden regions: 253->0(253)
[2025-04-04T13:32:58.172-0400][161835.607s][info ][gc,heap     ] GC(649) Survivor regions: 2->2(32)
[2025-04-04T13:32:58.172-0400][161835.607s][info ][gc,heap     ] GC(649) Old regions: 200->200
[2025-04-04T13:32:58.172-0400][161835.607s][info ][gc,heap     ] GC(649) Archive regions: 0->0
[2025-04-04T13:32:58.172-0400][161835.607s][info ][gc,heap     ] GC(649) Humongous regions: 2->2
[2025-04-04T13:32:58.172-0400][161835.607s][info ][gc,metaspace] GC(649) Metaspace: 199341K(201152K)->199341K(201152K) NonClass: 175593K(176512K)->175593K(176512K) Class: 23747K(24640K)->23747K(24640K)
[2025-04-04T13:32:58.172-0400][161835.607s][info ][gc          ] GC(649) Pause Young (Normal) (G1 Evacuation Pause) 455M->202M(512M) 4.246ms
[2025-04-04T13:32:58.172-0400][161835.607s][info ][gc,cpu      ] GC(649) User=0.00s Sys=0.00s Real=0.00s
[2025-04-04T13:32:58.172-0400][161835.607s][info ][safepoint   ] Safepoint "G1CollectForAllocation", Time since last: 212986621300 ns, Reaching safepoint: 87500 ns, Cleanup: 6300 ns, At safepoint: 4366800 ns, Total: 4460600 ns
[2025-04-04T13:36:11.325-0400][162028.760s][debug][safepoint   ] Safepoint synchronization initiated using striped semaphore wait barrier. (242 threads)
[2025-04-04T13:36:11.325-0400][162028.760s][info ][safepoint   ] Safepoint "Cleanup", Time since last: 193153183900 ns, Reaching safepoint: 119300 ns, Cleanup: 19600 ns, At safepoint: 5100 ns, Total: 144000 ns
[2025-04-04T13:36:30.024-0400][162047.459s][debug][safepoint   ] Safepoint synchronization initiated using striped semaphore wait barrier. (241 threads)
[2025-04-04T13:36:30.024-0400][162047.459s][info ][gc,start    ] GC(650) Pause Young (Normal) (G1 Evacuation Pause)
[2025-04-04T13:36:30.024-0400][162047.459s][info ][gc,task     ] GC(650) Using 23 workers of 23 for evacuation
[2025-04-04T13:36:30.029-0400][162047.464s][info ][gc,phases   ] GC(650)   Pre Evacuate Collection Set: 0.2ms
[2025-04-04T13:36:30.029-0400][162047.464s][info ][gc,phases   ] GC(650)   Merge Heap Roots: 1.4ms
[2025-04-04T13:36:30.029-0400][162047.464s][info ][gc,phases   ] GC(650)   Evacuate Collection Set: 2.0ms
[2025-04-04T13:36:30.029-0400][162047.464s][info ][gc,phases   ] GC(650)   Post Evacuate Collection Set: 1.4ms
[2025-04-04T13:36:30.029-0400][162047.464s][info ][gc,phases   ] GC(650)   Other: 0.2ms
[2025-04-04T13:36:30.029-0400][162047.464s][info ][gc,heap     ] GC(650) Eden regions: 253->0(253)
[2025-04-04T13:36:30.029-0400][162047.464s][info ][gc,heap     ] GC(650) Survivor regions: 2->2(32)
[2025-04-04T13:36:30.029-0400][162047.464s][info ][gc,heap     ] GC(650) Old regions: 200->200
[2025-04-04T13:36:30.029-0400][162047.464s][info ][gc,heap     ] GC(650) Archive regions: 0->0
[2025-04-04T13:36:30.029-0400][162047.464s][info ][gc,heap     ] GC(650) Humongous regions: 2->2
[2025-04-04T13:36:30.029-0400][162047.464s][info ][gc,metaspace] GC(650) Metaspace: 199345K(201152K)->199345K(201152K) NonClass: 175597K(176512K)->175597K(176512K) Class: 23747K(24640K)->23747K(24640K)
[2025-04-04T13:36:30.029-0400][162047.464s][info ][gc          ] GC(650) Pause Young (Normal) (G1 Evacuation Pause) 455M->202M(512M) 5.203ms
[2025-04-04T13:36:30.029-0400][162047.464s][info ][gc,cpu      ] GC(650) User=0.00s Sys=0.00s Real=0.01s
[2025-04-04T13:36:30.029-0400][162047.464s][info ][safepoint   ] Safepoint "G1CollectForAllocation", Time since last: 18698341000 ns, Reaching safepoint: 89100 ns, Cleanup: 5600 ns, At safepoint: 5318800 ns, Total: 5413500 ns
[2025-04-04T13:40:05.864-0400][162263.299s][debug][safepoint   ] Safepoint synchronization initiated using striped semaphore wait barrier. (242 threads)
[2025-04-04T13:40:05.864-0400][162263.299s][info ][gc,start    ] GC(651) Pause Young (Normal) (G1 Evacuation Pause)
[2025-04-04T13:40:05.864-0400][162263.299s][info ][gc,task     ] GC(651) Using 23 workers of 23 for evacuation
[2025-04-04T13:40:05.866-0400][162263.301s][info ][gc,phases   ] GC(651)   Pre Evacuate Collection Set: 0.2ms
[2025-04-04T13:40:05.866-0400][162263.301s][info ][gc,phases   ] GC(651)   Merge Heap Roots: 0.1ms
[2025-04-04T13:40:05.866-0400][162263.301s][info ][gc,phases   ] GC(651)   Evacuate Collection Set: 0.9ms
[2025-04-04T13:40:05.866-0400][162263.301s][info ][gc,phases   ] GC(651)   Post Evacuate Collection Set: 0.7ms
[2025-04-04T13:40:05.866-0400][162263.301s][info ][gc,phases   ] GC(651)   Other: 0.2ms
[2025-04-04T13:40:05.866-0400][162263.301s][info ][gc,heap     ] GC(651) Eden regions: 253->0(253)
[2025-04-04T13:40:05.866-0400][162263.301s][info ][gc,heap     ] GC(651) Survivor regions: 2->2(32)
[2025-04-04T13:40:05.866-0400][162263.301s][info ][gc,heap     ] GC(651) Old regions: 200->200
[2025-04-04T13:40:05.866-0400][162263.301s][info ][gc,heap     ] GC(651) Archive regions: 0->0
[2025-04-04T13:40:05.866-0400][162263.301s][info ][gc,heap     ] GC(651) Humongous regions: 2->2
[2025-04-04T13:40:05.866-0400][162263.301s][info ][gc,metaspace] GC(651) Metaspace: 199345K(201152K)->199345K(201152K) NonClass: 175597K(176512K)->175597K(176512K) Class: 23747K(24640K)->23747K(24640K)
[2025-04-04T13:40:05.866-0400][162263.301s][info ][gc          ] GC(651) Pause Young (Normal) (G1 Evacuation Pause) 455M->202M(512M) 2.252ms
[2025-04-04T13:40:05.866-0400][162263.301s][info ][gc,cpu      ] GC(651) User=0.00s Sys=0.00s Real=0.00s
[2025-04-04T13:40:05.866-0400][162263.301s][info ][safepoint   ] Safepoint "G1CollectForAllocation", Time since last: 215834685400 ns, Reaching safepoint: 95600 ns, Cleanup: 4800 ns, At safepoint: 2377000 ns, Total: 2477400 ns
[2025-04-04T13:43:40.156-0400][162477.590s][debug][safepoint   ] Safepoint synchronization initiated using striped semaphore wait barrier. (242 threads)
[2025-04-04T13:43:40.156-0400][162477.591s][info ][gc,start    ] GC(652) Pause Young (Normal) (G1 Evacuation Pause)
[2025-04-04T13:43:40.156-0400][162477.591s][info ][gc,task     ] GC(652) Using 23 workers of 23 for evacuation
[2025-04-04T13:43:40.162-0400][162477.597s][info ][gc,phases   ] GC(652)   Pre Evacuate Collection Set: 0.4ms
[2025-04-04T13:43:40.162-0400][162477.597s][info ][gc,phases   ] GC(652)   Merge Heap Roots: 0.3ms
[2025-04-04T13:43:40.162-0400][162477.597s][info ][gc,phases   ] GC(652)   Evacuate Collection Set: 3.2ms
[2025-04-04T13:43:40.162-0400][162477.597s][info ][gc,phases   ] GC(652)   Post Evacuate Collection Set: 2.2ms
[2025-04-04T13:43:40.162-0400][162477.597s][info ][gc,phases   ] GC(652)   Other: 0.3ms
[2025-04-04T13:43:40.162-0400][162477.597s][info ][gc,heap     ] GC(652) Eden regions: 253->0(253)
[2025-04-04T13:43:40.162-0400][162477.597s][info ][gc,heap     ] GC(652) Survivor regions: 2->2(32)
[2025-04-04T13:43:40.163-0400][162477.597s][info ][gc,heap     ] GC(652) Old regions: 200->200
[2025-04-04T13:43:40.163-0400][162477.597s][info ][gc,heap     ] GC(652) Archive regions: 0->0
[2025-04-04T13:43:40.163-0400][162477.597s][info ][gc,heap     ] GC(652) Humongous regions: 2->2
[2025-04-04T13:43:40.163-0400][162477.597s][info ][gc,metaspace] GC(652) Metaspace: 199345K(201152K)->199345K(201152K) NonClass: 175597K(176512K)->175597K(176512K) Class: 23747K(24640K)->23747K(24640K)
[2025-04-04T13:43:40.163-0400][162477.597s][info ][gc          ] GC(652) Pause Young (Normal) (G1 Evacuation Pause) 455M->202M(512M) 6.722ms
[2025-04-04T13:43:40.163-0400][162477.597s][info ][gc,cpu      ] GC(652) User=0.03s Sys=0.02s Real=0.01s
[2025-04-04T13:43:40.163-0400][162477.598s][info ][safepoint   ] Safepoint "G1CollectForAllocation", Time since last: 214289290200 ns, Reaching safepoint: 208200 ns, Cleanup: 9900 ns, At safepoint: 6921800 ns, Total: 7139900 ns
[2025-04-04T13:47:12.363-0400][162689.798s][debug][safepoint   ] Safepoint synchronization initiated using striped semaphore wait barrier. (241 threads)
[2025-04-04T13:47:12.364-0400][162689.798s][info ][gc,start    ] GC(653) Pause Young (Normal) (G1 Evacuation Pause)
[2025-04-04T13:47:12.364-0400][162689.798s][info ][gc,task     ] GC(653) Using 23 workers of 23 for evacuation
[2025-04-04T13:47:12.368-0400][162689.803s][info ][gc,phases   ] GC(653)   Pre Evacuate Collection Set: 0.2ms
[2025-04-04T13:47:12.368-0400][162689.803s][info ][gc,phases   ] GC(653)   Merge Heap Roots: 0.2ms
[2025-04-04T13:47:12.368-0400][162689.803s][info ][gc,phases   ] GC(653)   Evacuate Collection Set: 2.3ms
[2025-04-04T13:47:12.368-0400][162689.803s][info ][gc,phases   ] GC(653)   Post Evacuate Collection Set: 1.6ms
[2025-04-04T13:47:12.368-0400][162689.803s][info ][gc,phases   ] GC(653)   Other: 0.2ms
[2025-04-04T13:47:12.368-0400][162689.803s][info ][gc,heap     ] GC(653) Eden regions: 253->0(254)
[2025-04-04T13:47:12.368-0400][162689.803s][info ][gc,heap     ] GC(653) Survivor regions: 2->2(32)
[2025-04-04T13:47:12.368-0400][162689.803s][info ][gc,heap     ] GC(653) Old regions: 200->200
[2025-04-04T13:47:12.368-0400][162689.803s][info ][gc,heap     ] GC(653) Archive regions: 0->0
[2025-04-04T13:47:12.368-0400][162689.803s][info ][gc,heap     ] GC(653) Humongous regions: 2->2
[2025-04-04T13:47:12.368-0400][162689.803s][info ][gc,metaspace] GC(653) Metaspace: 199345K(201152K)->199345K(201152K) NonClass: 175597K(176512K)->175597K(176512K) Class: 23747K(24640K)->23747K(24640K)
[2025-04-04T13:47:12.368-0400][162689.803s][info ][gc          ] GC(653) Pause Young (Normal) (G1 Evacuation Pause) 455M->202M(512M) 4.626ms
[2025-04-04T13:47:12.368-0400][162689.803s][info ][gc,cpu      ] GC(653) User=0.00s Sys=0.00s Real=0.00s
[2025-04-04T13:47:12.368-0400][162689.803s][info ][safepoint   ] Safepoint "G1CollectForAllocation", Time since last: 212200677700 ns, Reaching safepoint: 90000 ns, Cleanup: 18700 ns, At safepoint: 4757600 ns, Total: 4866300 ns
[2025-04-04T13:50:45.303-0400][162902.738s][debug][safepoint   ] Safepoint synchronization initiated using striped semaphore wait barrier. (242 threads)
[2025-04-04T13:50:45.303-0400][162902.738s][info ][gc,start    ] GC(654) Pause Young (Normal) (G1 Evacuation Pause)
[2025-04-04T13:50:45.303-0400][162902.738s][info ][gc,task     ] GC(654) Using 23 workers of 23 for evacuation
[2025-04-04T13:50:45.310-0400][162902.745s][info ][gc,phases   ] GC(654)   Pre Evacuate Collection Set: 0.4ms
[2025-04-04T13:50:45.310-0400][162902.745s][info ][gc,phases   ] GC(654)   Merge Heap Roots: 0.3ms
[2025-04-04T13:50:45.310-0400][162902.745s][info ][gc,phases   ] GC(654)   Evacuate Collection Set: 3.2ms
[2025-04-04T13:50:45.310-0400][162902.745s][info ][gc,phases   ] GC(654)   Post Evacuate Collection Set: 2.8ms
[2025-04-04T13:50:45.310-0400][162902.745s][info ][gc,phases   ] GC(654)   Other: 0.3ms
[2025-04-04T13:50:45.310-0400][162902.745s][info ][gc,heap     ] GC(654) Eden regions: 254->0(254)
[2025-04-04T13:50:45.310-0400][162902.745s][info ][gc,heap     ] GC(654) Survivor regions: 2->2(32)
[2025-04-04T13:50:45.310-0400][162902.745s][info ][gc,heap     ] GC(654) Old regions: 200->200
[2025-04-04T13:50:45.310-0400][162902.745s][info ][gc,heap     ] GC(654) Archive regions: 0->0
[2025-04-04T13:50:45.310-0400][162902.745s][info ][gc,heap     ] GC(654) Humongous regions: 2->2
[2025-04-04T13:50:45.310-0400][162902.745s][info ][gc,metaspace] GC(654) Metaspace: 199345K(201152K)->199345K(201152K) NonClass: 175597K(176512K)->175597K(176512K) Class: 23747K(24640K)->23747K(24640K)
[2025-04-04T13:50:45.310-0400][162902.745s][info ][gc          ] GC(654) Pause Young (Normal) (G1 Evacuation Pause) 456M->202M(512M) 7.084ms
[2025-04-04T13:50:45.310-0400][162902.745s][info ][gc,cpu      ] GC(654) User=0.00s Sys=0.00s Real=0.01s
[2025-04-04T13:50:45.310-0400][162902.745s][info ][safepoint   ] Safepoint "G1CollectForAllocation", Time since last: 212934487600 ns, Reaching safepoint: 195200 ns, Cleanup: 12400 ns, At safepoint: 7267500 ns, Total: 7475100 ns
[2025-04-04T13:54:21.467-0400][163118.902s][debug][safepoint   ] Safepoint synchronization initiated using striped semaphore wait barrier. (241 threads)
[2025-04-04T13:54:21.467-0400][163118.902s][info ][gc,start    ] GC(655) Pause Young (Normal) (G1 Evacuation Pause)
[2025-04-04T13:54:21.467-0400][163118.902s][info ][gc,task     ] GC(655) Using 23 workers of 23 for evacuation
[2025-04-04T13:54:21.470-0400][163118.905s][info ][gc,phases   ] GC(655)   Pre Evacuate Collection Set: 0.4ms
[2025-04-04T13:54:21.470-0400][163118.905s][info ][gc,phases   ] GC(655)   Merge Heap Roots: 0.2ms
[2025-04-04T13:54:21.470-0400][163118.905s][info ][gc,phases   ] GC(655)   Evacuate Collection Set: 1.1ms
[2025-04-04T13:54:21.470-0400][163118.905s][info ][gc,phases   ] GC(655)   Post Evacuate Collection Set: 1.1ms
[2025-04-04T13:54:21.470-0400][163118.905s][info ][gc,phases   ] GC(655)   Other: 0.3ms
[2025-04-04T13:54:21.470-0400][163118.905s][info ][gc,heap     ] GC(655) Eden regions: 254->0(254)
[2025-04-04T13:54:21.470-0400][163118.905s][info ][gc,heap     ] GC(655) Survivor regions: 2->2(32)
[2025-04-04T13:54:21.470-0400][163118.905s][info ][gc,heap     ] GC(655) Old regions: 200->200
[2025-04-04T13:54:21.470-0400][163118.905s][info ][gc,heap     ] GC(655) Archive regions: 0->0
[2025-04-04T13:54:21.470-0400][163118.905s][info ][gc,heap     ] GC(655) Humongous regions: 2->2
[2025-04-04T13:54:21.470-0400][163118.905s][info ][gc,metaspace] GC(655) Metaspace: 199345K(201152K)->199345K(201152K) NonClass: 175597K(176512K)->175597K(176512K) Class: 23747K(24640K)->23747K(24640K)
[2025-04-04T13:54:21.470-0400][163118.905s][info ][gc          ] GC(655) Pause Young (Normal) (G1 Evacuation Pause) 456M->202M(512M) 3.374ms
[2025-04-04T13:54:21.470-0400][163118.905s][info ][gc,cpu      ] GC(655) User=0.00s Sys=0.00s Real=0.00s
[2025-04-04T13:54:21.470-0400][163118.906s][info ][safepoint   ] Safepoint "G1CollectForAllocation", Time since last: 216156639900 ns, Reaching safepoint: 184800 ns, Cleanup: 4600 ns, At safepoint: 3691800 ns, Total: 3881200 ns
[2025-04-04T13:56:14.831-0400][163232.265s][debug][safepoint   ] Safepoint synchronization initiated using striped semaphore wait barrier. (243 threads)
[2025-04-04T13:56:14.831-0400][163232.265s][info ][safepoint   ] Safepoint "Cleanup", Time since last: 113359694200 ns, Reaching safepoint: 100600 ns, Cleanup: 9400 ns, At safepoint: 2400 ns, Total: 112400 ns
[2025-04-04T13:56:51.854-0400][163269.288s][debug][safepoint   ] Safepoint synchronization initiated using striped semaphore wait barrier. (242 threads)
[2025-04-04T13:56:51.854-0400][163269.288s][info ][safepoint   ] Safepoint "Cleanup", Time since last: 37022772400 ns, Reaching safepoint: 150600 ns, Cleanup: 20400 ns, At safepoint: 4000 ns, Total: 175000 ns
[2025-04-04T13:57:53.740-0400][163331.176s][debug][safepoint   ] Safepoint synchronization initiated using striped semaphore wait barrier. (241 threads)
[2025-04-04T13:57:53.741-0400][163331.176s][info ][gc,start    ] GC(656) Pause Young (Normal) (G1 Evacuation Pause)
[2025-04-04T13:57:53.741-0400][163331.176s][info ][gc,task     ] GC(656) Using 23 workers of 23 for evacuation
[2025-04-04T13:57:53.745-0400][163331.180s][info ][gc,phases   ] GC(656)   Pre Evacuate Collection Set: 0.2ms
[2025-04-04T13:57:53.745-0400][163331.180s][info ][gc,phases   ] GC(656)   Merge Heap Roots: 0.3ms
[2025-04-04T13:57:53.745-0400][163331.180s][info ][gc,phases   ] GC(656)   Evacuate Collection Set: 2.0ms
[2025-04-04T13:57:53.745-0400][163331.180s][info ][gc,phases   ] GC(656)   Post Evacuate Collection Set: 1.3ms
[2025-04-04T13:57:53.745-0400][163331.180s][info ][gc,phases   ] GC(656)   Other: 0.2ms
[2025-04-04T13:57:53.745-0400][163331.180s][info ][gc,heap     ] GC(656) Eden regions: 254->0(253)
[2025-04-04T13:57:53.745-0400][163331.180s][info ][gc,heap     ] GC(656) Survivor regions: 2->2(32)
[2025-04-04T13:57:53.745-0400][163331.180s][info ][gc,heap     ] GC(656) Old regions: 200->200
[2025-04-04T13:57:53.745-0400][163331.180s][info ][gc,heap     ] GC(656) Archive regions: 0->0
[2025-04-04T13:57:53.745-0400][163331.180s][info ][gc,heap     ] GC(656) Humongous regions: 2->2
[2025-04-04T13:57:53.745-0400][163331.180s][info ][gc,metaspace] GC(656) Metaspace: 199345K(201152K)->199345K(201152K) NonClass: 175597K(176512K)->175597K(176512K) Class: 23747K(24640K)->23747K(24640K)
[2025-04-04T13:57:53.745-0400][163331.180s][info ][gc          ] GC(656) Pause Young (Normal) (G1 Evacuation Pause) 456M->202M(512M) 4.240ms
[2025-04-04T13:57:53.745-0400][163331.180s][info ][gc,cpu      ] GC(656) User=0.00s Sys=0.00s Real=0.00s
[2025-04-04T13:57:53.745-0400][163331.180s][info ][safepoint   ] Safepoint "G1CollectForAllocation", Time since last: 61887529900 ns, Reaching safepoint: 102600 ns, Cleanup: 4800 ns, At safepoint: 4372900 ns, Total: 4480300 ns
[2025-04-04T13:58:41.984-0400][163379.418s][debug][safepoint   ] Safepoint synchronization initiated using striped semaphore wait barrier. (241 threads)
[2025-04-04T13:58:41.984-0400][163379.418s][info ][safepoint   ] Safepoint "Cleanup", Time since last: 48237892600 ns, Reaching safepoint: 50500 ns, Cleanup: 11500 ns, At safepoint: 1700 ns, Total: 63700 ns
[2025-04-04T14:01:29.064-0400][163546.499s][debug][safepoint   ] Safepoint synchronization initiated using striped semaphore wait barrier. (241 threads)
[2025-04-04T14:01:29.064-0400][163546.499s][info ][gc,start    ] GC(657) Pause Young (Normal) (G1 Evacuation Pause)
[2025-04-04T14:01:29.064-0400][163546.499s][info ][gc,task     ] GC(657) Using 23 workers of 23 for evacuation
[2025-04-04T14:01:29.067-0400][163546.502s][info ][gc,phases   ] GC(657)   Pre Evacuate Collection Set: 0.3ms
[2025-04-04T14:01:29.067-0400][163546.502s][info ][gc,phases   ] GC(657)   Merge Heap Roots: 0.3ms
[2025-04-04T14:01:29.067-0400][163546.502s][info ][gc,phases   ] GC(657)   Evacuate Collection Set: 1.4ms
[2025-04-04T14:01:29.067-0400][163546.502s][info ][gc,phases   ] GC(657)   Post Evacuate Collection Set: 0.9ms
[2025-04-04T14:01:29.067-0400][163546.502s][info ][gc,phases   ] GC(657)   Other: 0.2ms
[2025-04-04T14:01:29.067-0400][163546.502s][info ][gc,heap     ] GC(657) Eden regions: 253->0(253)
[2025-04-04T14:01:29.067-0400][163546.502s][info ][gc,heap     ] GC(657) Survivor regions: 2->2(32)
[2025-04-04T14:01:29.067-0400][163546.502s][info ][gc,heap     ] GC(657) Old regions: 200->200
[2025-04-04T14:01:29.067-0400][163546.502s][info ][gc,heap     ] GC(657) Archive regions: 0->0
[2025-04-04T14:01:29.067-0400][163546.502s][info ][gc,heap     ] GC(657) Humongous regions: 2->2
[2025-04-04T14:01:29.067-0400][163546.502s][info ][gc,metaspace] GC(657) Metaspace: 199345K(201152K)->199345K(201152K) NonClass: 175597K(176512K)->175597K(176512K) Class: 23747K(24640K)->23747K(24640K)
[2025-04-04T14:01:29.067-0400][163546.502s][info ][gc          ] GC(657) Pause Young (Normal) (G1 Evacuation Pause) 455M->202M(512M) 3.164ms
[2025-04-04T14:01:29.067-0400][163546.502s][info ][gc,cpu      ] GC(657) User=0.02s Sys=0.00s Real=0.00s
[2025-04-04T14:01:29.067-0400][163546.502s][info ][safepoint   ] Safepoint "G1CollectForAllocation", Time since last: 167080497400 ns, Reaching safepoint: 108000 ns, Cleanup: 8900 ns, At safepoint: 3330300 ns, Total: 3447200 ns
[2025-04-04T14:05:04.055-0400][163761.489s][debug][safepoint   ] Safepoint synchronization initiated using striped semaphore wait barrier. (241 threads)
[2025-04-04T14:05:04.055-0400][163761.489s][info ][gc,start    ] GC(658) Pause Young (Normal) (G1 Evacuation Pause)
[2025-04-04T14:05:04.055-0400][163761.489s][info ][gc,task     ] GC(658) Using 23 workers of 23 for evacuation
[2025-04-04T14:05:04.057-0400][163761.492s][info ][gc,phases   ] GC(658)   Pre Evacuate Collection Set: 0.2ms
[2025-04-04T14:05:04.057-0400][163761.492s][info ][gc,phases   ] GC(658)   Merge Heap Roots: 0.1ms
[2025-04-04T14:05:04.057-0400][163761.492s][info ][gc,phases   ] GC(658)   Evacuate Collection Set: 1.2ms
[2025-04-04T14:05:04.057-0400][163761.492s][info ][gc,phases   ] GC(658)   Post Evacuate Collection Set: 0.9ms
[2025-04-04T14:05:04.057-0400][163761.492s][info ][gc,phases   ] GC(658)   Other: 0.1ms
[2025-04-04T14:05:04.057-0400][163761.492s][info ][gc,heap     ] GC(658) Eden regions: 253->0(253)
[2025-04-04T14:05:04.057-0400][163761.492s][info ][gc,heap     ] GC(658) Survivor regions: 2->2(32)
[2025-04-04T14:05:04.057-0400][163761.492s][info ][gc,heap     ] GC(658) Old regions: 200->200
[2025-04-04T14:05:04.057-0400][163761.492s][info ][gc,heap     ] GC(658) Archive regions: 0->0
[2025-04-04T14:05:04.058-0400][163761.492s][info ][gc,heap     ] GC(658) Humongous regions: 2->2
[2025-04-04T14:05:04.058-0400][163761.492s][info ][gc,metaspace] GC(658) Metaspace: 199345K(201152K)->199345K(201152K) NonClass: 175597K(176512K)->175597K(176512K) Class: 23747K(24640K)->23747K(24640K)
[2025-04-04T14:05:04.058-0400][163761.492s][info ][gc          ] GC(658) Pause Young (Normal) (G1 Evacuation Pause) 455M->202M(512M) 2.781ms
[2025-04-04T14:05:04.058-0400][163761.492s][info ][gc,cpu      ] GC(658) User=0.00s Sys=0.00s Real=0.00s
[2025-04-04T14:05:04.058-0400][163761.492s][info ][safepoint   ] Safepoint "G1CollectForAllocation", Time since last: 214986885000 ns, Reaching safepoint: 79600 ns, Cleanup: 3200 ns, At safepoint: 2887600 ns, Total: 2970400 ns
[2025-04-04T14:08:35.677-0400][163973.112s][debug][safepoint   ] Safepoint synchronization initiated using striped semaphore wait barrier. (241 threads)
[2025-04-04T14:08:35.677-0400][163973.112s][info ][gc,start    ] GC(659) Pause Young (Normal) (G1 Evacuation Pause)
[2025-04-04T14:08:35.677-0400][163973.112s][info ][gc,task     ] GC(659) Using 23 workers of 23 for evacuation
[2025-04-04T14:08:35.679-0400][163973.114s][info ][gc,phases   ] GC(659)   Pre Evacuate Collection Set: 0.2ms
[2025-04-04T14:08:35.679-0400][163973.114s][info ][gc,phases   ] GC(659)   Merge Heap Roots: 0.1ms
[2025-04-04T14:08:35.679-0400][163973.114s][info ][gc,phases   ] GC(659)   Evacuate Collection Set: 1.0ms
[2025-04-04T14:08:35.679-0400][163973.114s][info ][gc,phases   ] GC(659)   Post Evacuate Collection Set: 0.7ms
[2025-04-04T14:08:35.679-0400][163973.114s][info ][gc,phases   ] GC(659)   Other: 0.1ms
[2025-04-04T14:08:35.679-0400][163973.114s][info ][gc,heap     ] GC(659) Eden regions: 253->0(253)
[2025-04-04T14:08:35.679-0400][163973.114s][info ][gc,heap     ] GC(659) Survivor regions: 2->2(32)
[2025-04-04T14:08:35.679-0400][163973.114s][info ][gc,heap     ] GC(659) Old regions: 200->200
[2025-04-04T14:08:35.679-0400][163973.114s][info ][gc,heap     ] GC(659) Archive regions: 0->0
[2025-04-04T14:08:35.679-0400][163973.114s][info ][gc,heap     ] GC(659) Humongous regions: 2->2
[2025-04-04T14:08:35.679-0400][163973.114s][info ][gc,metaspace] GC(659) Metaspace: 199345K(201152K)->199345K(201152K) NonClass: 175597K(176512K)->175597K(176512K) Class: 23747K(24640K)->23747K(24640K)
[2025-04-04T14:08:35.679-0400][163973.114s][info ][gc          ] GC(659) Pause Young (Normal) (G1 Evacuation Pause) 455M->202M(512M) 2.248ms
[2025-04-04T14:08:35.679-0400][163973.114s][info ][gc,cpu      ] GC(659) User=0.00s Sys=0.00s Real=0.00s
[2025-04-04T14:08:35.679-0400][163973.114s][info ][safepoint   ] Safepoint "G1CollectForAllocation", Time since last: 211619607800 ns, Reaching safepoint: 56400 ns, Cleanup: 4300 ns, At safepoint: 2336400 ns, Total: 2397100 ns
[2025-04-04T14:12:10.767-0400][164188.201s][debug][safepoint   ] Safepoint synchronization initiated using striped semaphore wait barrier. (241 threads)
[2025-04-04T14:12:10.767-0400][164188.201s][info ][gc,start    ] GC(660) Pause Young (Normal) (G1 Evacuation Pause)
[2025-04-04T14:12:10.767-0400][164188.201s][info ][gc,task     ] GC(660) Using 23 workers of 23 for evacuation
[2025-04-04T14:12:10.770-0400][164188.204s][info ][gc,phases   ] GC(660)   Pre Evacuate Collection Set: 0.2ms
[2025-04-04T14:12:10.770-0400][164188.204s][info ][gc,phases   ] GC(660)   Merge Heap Roots: 0.1ms
[2025-04-04T14:12:10.770-0400][164188.204s][info ][gc,phases   ] GC(660)   Evacuate Collection Set: 1.5ms
[2025-04-04T14:12:10.770-0400][164188.204s][info ][gc,phases   ] GC(660)   Post Evacuate Collection Set: 1.1ms
[2025-04-04T14:12:10.770-0400][164188.204s][info ][gc,phases   ] GC(660)   Other: 0.1ms
[2025-04-04T14:12:10.770-0400][164188.204s][info ][gc,heap     ] GC(660) Eden regions: 253->0(254)
[2025-04-04T14:12:10.770-0400][164188.205s][info ][gc,heap     ] GC(660) Survivor regions: 2->2(32)
[2025-04-04T14:12:10.770-0400][164188.205s][info ][gc,heap     ] GC(660) Old regions: 200->200
[2025-04-04T14:12:10.770-0400][164188.205s][info ][gc,heap     ] GC(660) Archive regions: 0->0
[2025-04-04T14:12:10.770-0400][164188.205s][info ][gc,heap     ] GC(660) Humongous regions: 2->2
[2025-04-04T14:12:10.770-0400][164188.205s][info ][gc,metaspace] GC(660) Metaspace: 199345K(201152K)->199345K(201152K) NonClass: 175597K(176512K)->175597K(176512K) Class: 23747K(24640K)->23747K(24640K)
[2025-04-04T14:12:10.770-0400][164188.205s][info ][gc          ] GC(660) Pause Young (Normal) (G1 Evacuation Pause) 455M->202M(512M) 3.166ms
[2025-04-04T14:12:10.770-0400][164188.205s][info ][gc,cpu      ] GC(660) User=0.05s Sys=0.00s Real=0.00s
[2025-04-04T14:12:10.770-0400][164188.205s][info ][safepoint   ] Safepoint "G1CollectForAllocation", Time since last: 215087198500 ns, Reaching safepoint: 65800 ns, Cleanup: 5100 ns, At safepoint: 3258400 ns, Total: 3329300 ns
[2025-04-04T14:15:45.377-0400][164402.811s][debug][safepoint   ] Safepoint synchronization initiated using striped semaphore wait barrier. (241 threads)
[2025-04-04T14:15:45.377-0400][164402.812s][info ][gc,start    ] GC(661) Pause Young (Normal) (G1 Evacuation Pause)
[2025-04-04T14:15:45.377-0400][164402.812s][info ][gc,task     ] GC(661) Using 23 workers of 23 for evacuation
[2025-04-04T14:15:45.383-0400][164402.818s][info ][gc,phases   ] GC(661)   Pre Evacuate Collection Set: 0.3ms
[2025-04-04T14:15:45.383-0400][164402.818s][info ][gc,phases   ] GC(661)   Merge Heap Roots: 0.3ms
[2025-04-04T14:15:45.383-0400][164402.818s][info ][gc,phases   ] GC(661)   Evacuate Collection Set: 3.3ms
[2025-04-04T14:15:45.383-0400][164402.818s][info ][gc,phases   ] GC(661)   Post Evacuate Collection Set: 2.3ms
[2025-04-04T14:15:45.383-0400][164402.818s][info ][gc,phases   ] GC(661)   Other: 0.3ms
[2025-04-04T14:15:45.383-0400][164402.818s][info ][gc,heap     ] GC(661) Eden regions: 254->0(254)
[2025-04-04T14:15:45.383-0400][164402.818s][info ][gc,heap     ] GC(661) Survivor regions: 2->2(32)
[2025-04-04T14:15:45.384-0400][164402.818s][info ][gc,heap     ] GC(661) Old regions: 200->200
[2025-04-04T14:15:45.384-0400][164402.818s][info ][gc,heap     ] GC(661) Archive regions: 0->0
[2025-04-04T14:15:45.384-0400][164402.818s][info ][gc,heap     ] GC(661) Humongous regions: 2->2
[2025-04-04T14:15:45.384-0400][164402.818s][info ][gc,metaspace] GC(661) Metaspace: 199345K(201152K)->199345K(201152K) NonClass: 175597K(176512K)->175597K(176512K) Class: 23747K(24640K)->23747K(24640K)
[2025-04-04T14:15:45.384-0400][164402.818s][info ][gc          ] GC(661) Pause Young (Normal) (G1 Evacuation Pause) 456M->202M(512M) 6.682ms
[2025-04-04T14:15:45.384-0400][164402.818s][info ][gc,cpu      ] GC(661) User=0.00s Sys=0.02s Real=0.01s
[2025-04-04T14:15:45.384-0400][164402.818s][info ][safepoint   ] Safepoint "G1CollectForAllocation", Time since last: 214606790000 ns, Reaching safepoint: 146000 ns, Cleanup: 10200 ns, At safepoint: 6868500 ns, Total: 7024700 ns
[2025-04-04T14:19:20.476-0400][164617.911s][debug][safepoint   ] Safepoint synchronization initiated using striped semaphore wait barrier. (240 threads)
[2025-04-04T14:19:20.476-0400][164617.911s][info ][gc,start    ] GC(662) Pause Young (Normal) (G1 Evacuation Pause)
[2025-04-04T14:19:20.476-0400][164617.911s][info ][gc,task     ] GC(662) Using 23 workers of 23 for evacuation
[2025-04-04T14:19:20.483-0400][164617.918s][info ][gc,phases   ] GC(662)   Pre Evacuate Collection Set: 0.4ms
[2025-04-04T14:19:20.483-0400][164617.918s][info ][gc,phases   ] GC(662)   Merge Heap Roots: 0.3ms
[2025-04-04T14:19:20.483-0400][164617.918s][info ][gc,phases   ] GC(662)   Evacuate Collection Set: 3.2ms
[2025-04-04T14:19:20.483-0400][164617.918s][info ][gc,phases   ] GC(662)   Post Evacuate Collection Set: 2.4ms
[2025-04-04T14:19:20.483-0400][164617.918s][info ][gc,phases   ] GC(662)   Other: 0.5ms
[2025-04-04T14:19:20.483-0400][164617.918s][info ][gc,heap     ] GC(662) Eden regions: 254->0(254)
[2025-04-04T14:19:20.483-0400][164617.918s][info ][gc,heap     ] GC(662) Survivor regions: 2->2(32)
[2025-04-04T14:19:20.483-0400][164617.918s][info ][gc,heap     ] GC(662) Old regions: 200->200
[2025-04-04T14:19:20.483-0400][164617.918s][info ][gc,heap     ] GC(662) Archive regions: 0->0
[2025-04-04T14:19:20.483-0400][164617.918s][info ][gc,heap     ] GC(662) Humongous regions: 2->2
[2025-04-04T14:19:20.483-0400][164617.918s][info ][gc,metaspace] GC(662) Metaspace: 199345K(201152K)->199345K(201152K) NonClass: 175597K(176512K)->175597K(176512K) Class: 23747K(24640K)->23747K(24640K)
[2025-04-04T14:19:20.483-0400][164617.918s][info ][gc          ] GC(662) Pause Young (Normal) (G1 Evacuation Pause) 456M->202M(512M) 6.919ms
[2025-04-04T14:19:20.483-0400][164617.918s][info ][gc,cpu      ] GC(662) User=0.00s Sys=0.00s Real=0.01s
[2025-04-04T14:19:20.483-0400][164617.918s][info ][safepoint   ] Safepoint "G1CollectForAllocation", Time since last: 215092502000 ns, Reaching safepoint: 195600 ns, Cleanup: 11800 ns, At safepoint: 7213300 ns, Total: 7420700 ns
[2025-04-04T14:22:54.684-0400][164832.118s][debug][safepoint   ] Safepoint synchronization initiated using striped semaphore wait barrier. (241 threads)
[2025-04-04T14:22:54.684-0400][164832.118s][info ][gc,start    ] GC(663) Pause Young (Normal) (G1 Evacuation Pause)
[2025-04-04T14:22:54.684-0400][164832.118s][info ][gc,task     ] GC(663) Using 23 workers of 23 for evacuation
[2025-04-04T14:22:54.686-0400][164832.121s][info ][gc,phases   ] GC(663)   Pre Evacuate Collection Set: 0.2ms
[2025-04-04T14:22:54.686-0400][164832.121s][info ][gc,phases   ] GC(663)   Merge Heap Roots: 0.1ms
[2025-04-04T14:22:54.686-0400][164832.121s][info ][gc,phases   ] GC(663)   Evacuate Collection Set: 1.2ms
[2025-04-04T14:22:54.686-0400][164832.121s][info ][gc,phases   ] GC(663)   Post Evacuate Collection Set: 1.1ms
[2025-04-04T14:22:54.686-0400][164832.121s][info ][gc,phases   ] GC(663)   Other: 0.1ms
[2025-04-04T14:22:54.686-0400][164832.121s][info ][gc,heap     ] GC(663) Eden regions: 254->0(254)
[2025-04-04T14:22:54.686-0400][164832.121s][info ][gc,heap     ] GC(663) Survivor regions: 2->2(32)
[2025-04-04T14:22:54.686-0400][164832.121s][info ][gc,heap     ] GC(663) Old regions: 200->200
[2025-04-04T14:22:54.686-0400][164832.121s][info ][gc,heap     ] GC(663) Archive regions: 0->0
[2025-04-04T14:22:54.686-0400][164832.121s][info ][gc,heap     ] GC(663) Humongous regions: 2->2
[2025-04-04T14:22:54.686-0400][164832.121s][info ][gc,metaspace] GC(663) Metaspace: 199345K(201152K)->199345K(201152K) NonClass: 175597K(176512K)->175597K(176512K) Class: 23747K(24640K)->23747K(24640K)
[2025-04-04T14:22:54.686-0400][164832.121s][info ][gc          ] GC(663) Pause Young (Normal) (G1 Evacuation Pause) 456M->202M(512M) 2.845ms
[2025-04-04T14:22:54.686-0400][164832.121s][info ][gc,cpu      ] GC(663) User=0.00s Sys=0.00s Real=0.00s
[2025-04-04T14:22:54.686-0400][164832.121s][info ][safepoint   ] Safepoint "G1CollectForAllocation", Time since last: 214199745500 ns, Reaching safepoint: 114900 ns, Cleanup: 4800 ns, At safepoint: 2933300 ns, Total: 3053000 ns
[2025-04-04T14:26:02.172-0400][165019.606s][debug][safepoint   ] Safepoint synchronization initiated using striped semaphore wait barrier. (241 threads)
[2025-04-04T14:26:02.172-0400][165019.606s][info ][safepoint   ] Safepoint "Cleanup", Time since last: 187484929200 ns, Reaching safepoint: 40000 ns, Cleanup: 7200 ns, At safepoint: 1600 ns, Total: 48800 ns
[2025-04-04T14:26:28.467-0400][165045.902s][debug][safepoint   ] Safepoint synchronization initiated using striped semaphore wait barrier. (239 threads)
[2025-04-04T14:26:28.467-0400][165045.902s][info ][gc,start    ] GC(664) Pause Young (Normal) (G1 Evacuation Pause)
[2025-04-04T14:26:28.467-0400][165045.902s][info ][gc,task     ] GC(664) Using 23 workers of 23 for evacuation
[2025-04-04T14:26:28.469-0400][165045.904s][info ][gc,phases   ] GC(664)   Pre Evacuate Collection Set: 0.3ms
[2025-04-04T14:26:28.469-0400][165045.904s][info ][gc,phases   ] GC(664)   Merge Heap Roots: 0.1ms
[2025-04-04T14:26:28.469-0400][165045.904s][info ][gc,phases   ] GC(664)   Evacuate Collection Set: 0.7ms
[2025-04-04T14:26:28.469-0400][165045.904s][info ][gc,phases   ] GC(664)   Post Evacuate Collection Set: 0.8ms
[2025-04-04T14:26:28.469-0400][165045.904s][info ][gc,phases   ] GC(664)   Other: 0.1ms
[2025-04-04T14:26:28.469-0400][165045.904s][info ][gc,heap     ] GC(664) Eden regions: 254->0(253)
[2025-04-04T14:26:28.469-0400][165045.904s][info ][gc,heap     ] GC(664) Survivor regions: 2->2(32)
[2025-04-04T14:26:28.469-0400][165045.904s][info ][gc,heap     ] GC(664) Old regions: 200->200
[2025-04-04T14:26:28.469-0400][165045.904s][info ][gc,heap     ] GC(664) Archive regions: 0->0
[2025-04-04T14:26:28.469-0400][165045.904s][info ][gc,heap     ] GC(664) Humongous regions: 2->2
[2025-04-04T14:26:28.469-0400][165045.904s][info ][gc,metaspace] GC(664) Metaspace: 199345K(201152K)->199345K(201152K) NonClass: 175597K(176512K)->175597K(176512K) Class: 23747K(24640K)->23747K(24640K)
[2025-04-04T14:26:28.469-0400][165045.904s][info ][gc          ] GC(664) Pause Young (Normal) (G1 Evacuation Pause) 456M->202M(512M) 2.111ms
[2025-04-04T14:26:28.469-0400][165045.904s][info ][gc,cpu      ] GC(664) User=0.00s Sys=0.00s Real=0.00s
[2025-04-04T14:26:28.469-0400][165045.904s][info ][safepoint   ] Safepoint "G1CollectForAllocation", Time since last: 26295890800 ns, Reaching safepoint: 98500 ns, Cleanup: 3700 ns, At safepoint: 2200300 ns, Total: 2302500 ns
[2025-04-04T14:30:01.809-0400][165259.243s][debug][safepoint   ] Safepoint synchronization initiated using striped semaphore wait barrier. (241 threads)
[2025-04-04T14:30:01.809-0400][165259.243s][info ][gc,start    ] GC(665) Pause Young (Normal) (G1 Evacuation Pause)
[2025-04-04T14:30:01.809-0400][165259.243s][info ][gc,task     ] GC(665) Using 23 workers of 23 for evacuation
[2025-04-04T14:30:01.810-0400][165259.245s][info ][gc,phases   ] GC(665)   Pre Evacuate Collection Set: 0.1ms
[2025-04-04T14:30:01.810-0400][165259.245s][info ][gc,phases   ] GC(665)   Merge Heap Roots: 0.1ms
[2025-04-04T14:30:01.810-0400][165259.245s][info ][gc,phases   ] GC(665)   Evacuate Collection Set: 1.0ms
[2025-04-04T14:30:01.810-0400][165259.245s][info ][gc,phases   ] GC(665)   Post Evacuate Collection Set: 0.7ms
[2025-04-04T14:30:01.810-0400][165259.245s][info ][gc,phases   ] GC(665)   Other: 0.1ms
[2025-04-04T14:30:01.810-0400][165259.245s][info ][gc,heap     ] GC(665) Eden regions: 253->0(253)
[2025-04-04T14:30:01.810-0400][165259.245s][info ][gc,heap     ] GC(665) Survivor regions: 2->2(32)
[2025-04-04T14:30:01.810-0400][165259.245s][info ][gc,heap     ] GC(665) Old regions: 200->200
[2025-04-04T14:30:01.810-0400][165259.245s][info ][gc,heap     ] GC(665) Archive regions: 0->0
[2025-04-04T14:30:01.810-0400][165259.245s][info ][gc,heap     ] GC(665) Humongous regions: 2->2
[2025-04-04T14:30:01.810-0400][165259.245s][info ][gc,metaspace] GC(665) Metaspace: 199345K(201152K)->199345K(201152K) NonClass: 175597K(176512K)->175597K(176512K) Class: 23747K(24640K)->23747K(24640K)
[2025-04-04T14:30:01.810-0400][165259.245s][info ][gc          ] GC(665) Pause Young (Normal) (G1 Evacuation Pause) 455M->202M(512M) 2.008ms
[2025-04-04T14:30:01.810-0400][165259.245s][info ][gc,cpu      ] GC(665) User=0.00s Sys=0.00s Real=0.00s
[2025-04-04T14:30:01.810-0400][165259.245s][info ][safepoint   ] Safepoint "G1CollectForAllocation", Time since last: 213339016200 ns, Reaching safepoint: 54200 ns, Cleanup: 3900 ns, At safepoint: 2064900 ns, Total: 2123000 ns
[2025-04-04T14:33:35.577-0400][165473.011s][debug][safepoint   ] Safepoint synchronization initiated using striped semaphore wait barrier. (241 threads)
[2025-04-04T14:33:35.577-0400][165473.012s][info ][gc,start    ] GC(666) Pause Young (Normal) (G1 Evacuation Pause)
[2025-04-04T14:33:35.577-0400][165473.012s][info ][gc,task     ] GC(666) Using 23 workers of 23 for evacuation
[2025-04-04T14:33:35.583-0400][165473.018s][info ][gc,phases   ] GC(666)   Pre Evacuate Collection Set: 0.5ms
[2025-04-04T14:33:35.583-0400][165473.018s][info ][gc,phases   ] GC(666)   Merge Heap Roots: 0.4ms
[2025-04-04T14:33:35.583-0400][165473.018s][info ][gc,phases   ] GC(666)   Evacuate Collection Set: 3.1ms
[2025-04-04T14:33:35.583-0400][165473.018s][info ][gc,phases   ] GC(666)   Post Evacuate Collection Set: 2.1ms
[2025-04-04T14:33:35.583-0400][165473.018s][info ][gc,phases   ] GC(666)   Other: 0.4ms
[2025-04-04T14:33:35.583-0400][165473.018s][info ][gc,heap     ] GC(666) Eden regions: 253->0(253)
[2025-04-04T14:33:35.583-0400][165473.018s][info ][gc,heap     ] GC(666) Survivor regions: 2->2(32)
[2025-04-04T14:33:35.583-0400][165473.018s][info ][gc,heap     ] GC(666) Old regions: 200->200
[2025-04-04T14:33:35.583-0400][165473.018s][info ][gc,heap     ] GC(666) Archive regions: 0->0
[2025-04-04T14:33:35.583-0400][165473.018s][info ][gc,heap     ] GC(666) Humongous regions: 2->2
[2025-04-04T14:33:35.583-0400][165473.018s][info ][gc,metaspace] GC(666) Metaspace: 199345K(201152K)->199345K(201152K) NonClass: 175597K(176512K)->175597K(176512K) Class: 23747K(24640K)->23747K(24640K)
[2025-04-04T14:33:35.583-0400][165473.019s][info ][gc          ] GC(666) Pause Young (Normal) (G1 Evacuation Pause) 455M->202M(512M) 6.622ms
[2025-04-04T14:33:35.583-0400][165473.019s][info ][gc,cpu      ] GC(666) User=0.03s Sys=0.05s Real=0.01s
[2025-04-04T14:33:35.583-0400][165473.019s][info ][safepoint   ] Safepoint "G1CollectForAllocation", Time since last: 213765985600 ns, Reaching safepoint: 301300 ns, Cleanup: 17000 ns, At safepoint: 6889000 ns, Total: 7207300 ns
[2025-04-04T14:36:11.834-0400][165629.268s][debug][safepoint   ] Safepoint synchronization initiated using striped semaphore wait barrier. (242 threads)
[2025-04-04T14:36:11.834-0400][165629.269s][info ][safepoint   ] Safepoint "Cleanup", Time since last: 156249662100 ns, Reaching safepoint: 147300 ns, Cleanup: 28700 ns, At safepoint: 5600 ns, Total: 181600 ns
[2025-04-04T14:37:08.609-0400][165686.044s][debug][safepoint   ] Safepoint synchronization initiated using striped semaphore wait barrier. (242 threads)
[2025-04-04T14:37:08.609-0400][165686.044s][info ][gc,start    ] GC(667) Pause Young (Normal) (G1 Evacuation Pause)
[2025-04-04T14:37:08.609-0400][165686.044s][info ][gc,task     ] GC(667) Using 23 workers of 23 for evacuation
[2025-04-04T14:37:08.611-0400][165686.046s][info ][gc,phases   ] GC(667)   Pre Evacuate Collection Set: 0.2ms
[2025-04-04T14:37:08.611-0400][165686.046s][info ][gc,phases   ] GC(667)   Merge Heap Roots: 0.1ms
[2025-04-04T14:37:08.611-0400][165686.046s][info ][gc,phases   ] GC(667)   Evacuate Collection Set: 1.3ms
[2025-04-04T14:37:08.611-0400][165686.046s][info ][gc,phases   ] GC(667)   Post Evacuate Collection Set: 0.9ms
[2025-04-04T14:37:08.611-0400][165686.046s][info ][gc,phases   ] GC(667)   Other: 0.1ms
[2025-04-04T14:37:08.611-0400][165686.046s][info ][gc,heap     ] GC(667) Eden regions: 253->0(253)
[2025-04-04T14:37:08.611-0400][165686.046s][info ][gc,heap     ] GC(667) Survivor regions: 2->2(32)
[2025-04-04T14:37:08.611-0400][165686.046s][info ][gc,heap     ] GC(667) Old regions: 200->200
[2025-04-04T14:37:08.611-0400][165686.047s][info ][gc,heap     ] GC(667) Archive regions: 0->0
[2025-04-04T14:37:08.611-0400][165686.047s][info ][gc,heap     ] GC(667) Humongous regions: 2->2
[2025-04-04T14:37:08.611-0400][165686.047s][info ][gc,metaspace] GC(667) Metaspace: 199346K(201152K)->199346K(201152K) NonClass: 175598K(176512K)->175598K(176512K) Class: 23747K(24640K)->23747K(24640K)
[2025-04-04T14:37:08.612-0400][165686.047s][info ][gc          ] GC(667) Pause Young (Normal) (G1 Evacuation Pause) 455M->202M(512M) 2.641ms
[2025-04-04T14:37:08.612-0400][165686.047s][info ][gc,cpu      ] GC(667) User=0.03s Sys=0.00s Real=0.00s
[2025-04-04T14:37:08.612-0400][165686.047s][info ][safepoint   ] Safepoint "G1CollectForAllocation", Time since last: 56775289900 ns, Reaching safepoint: 50700 ns, Cleanup: 2500 ns, At safepoint: 2877100 ns, Total: 2930300 ns
[2025-04-04T14:40:43.653-0400][165901.088s][debug][safepoint   ] Safepoint synchronization initiated using striped semaphore wait barrier. (242 threads)
[2025-04-04T14:40:43.660-0400][165901.095s][info ][gc,start    ] GC(668) Pause Young (Normal) (G1 Evacuation Pause)
[2025-04-04T14:40:43.660-0400][165901.096s][info ][gc,task     ] GC(668) Using 23 workers of 23 for evacuation
[2025-04-04T14:40:43.684-0400][165901.119s][info ][gc,phases   ] GC(668)   Pre Evacuate Collection Set: 4.3ms
[2025-04-04T14:40:43.684-0400][165901.119s][info ][gc,phases   ] GC(668)   Merge Heap Roots: 0.7ms
[2025-04-04T14:40:43.684-0400][165901.119s][info ][gc,phases   ] GC(668)   Evacuate Collection Set: 9.8ms
[2025-04-04T14:40:43.684-0400][165901.119s][info ][gc,phases   ] GC(668)   Post Evacuate Collection Set: 4.3ms
[2025-04-04T14:40:43.684-0400][165901.119s][info ][gc,phases   ] GC(668)   Other: 6.0ms
[2025-04-04T14:40:43.685-0400][165901.119s][info ][gc,heap     ] GC(668) Eden regions: 253->0(253)
[2025-04-04T14:40:43.685-0400][165901.119s][info ][gc,heap     ] GC(668) Survivor regions: 2->2(32)
[2025-04-04T14:40:43.685-0400][165901.119s][info ][gc,heap     ] GC(668) Old regions: 200->200
[2025-04-04T14:40:43.685-0400][165901.119s][info ][gc,heap     ] GC(668) Archive regions: 0->0
[2025-04-04T14:40:43.685-0400][165901.119s][info ][gc,heap     ] GC(668) Humongous regions: 2->2
[2025-04-04T14:40:43.685-0400][165901.119s][info ][gc,metaspace] GC(668) Metaspace: 199346K(201152K)->199346K(201152K) NonClass: 175598K(176512K)->175598K(176512K) Class: 23747K(24640K)->23747K(24640K)
[2025-04-04T14:40:43.685-0400][165901.119s][info ][gc          ] GC(668) Pause Young (Normal) (G1 Evacuation Pause) 455M->202M(512M) 24.272ms
[2025-04-04T14:40:43.685-0400][165901.119s][info ][gc,cpu      ] GC(668) User=0.05s Sys=0.00s Real=0.03s
[2025-04-04T14:40:43.685-0400][165901.119s][info ][safepoint   ] Safepoint "G1CollectForAllocation", Time since last: 215040527800 ns, Reaching safepoint: 5262500 ns, Cleanup: 682000 ns, At safepoint: 26276900 ns, Total: 32221400 ns
[2025-04-04T14:44:17.914-0400][166115.348s][debug][safepoint   ] Safepoint synchronization initiated using striped semaphore wait barrier. (242 threads)
[2025-04-04T14:44:17.914-0400][166115.349s][info ][gc,start    ] GC(669) Pause Young (Normal) (G1 Evacuation Pause)
[2025-04-04T14:44:17.914-0400][166115.349s][info ][gc,task     ] GC(669) Using 23 workers of 23 for evacuation
[2025-04-04T14:44:17.917-0400][166115.352s][info ][gc,phases   ] GC(669)   Pre Evacuate Collection Set: 0.2ms
[2025-04-04T14:44:17.917-0400][166115.352s][info ][gc,phases   ] GC(669)   Merge Heap Roots: 0.1ms
[2025-04-04T14:44:17.917-0400][166115.352s][info ][gc,phases   ] GC(669)   Evacuate Collection Set: 1.9ms
[2025-04-04T14:44:17.917-0400][166115.352s][info ][gc,phases   ] GC(669)   Post Evacuate Collection Set: 1.0ms
[2025-04-04T14:44:17.917-0400][166115.352s][info ][gc,phases   ] GC(669)   Other: 0.1ms
[2025-04-04T14:44:17.917-0400][166115.352s][info ][gc,heap     ] GC(669) Eden regions: 253->0(254)
[2025-04-04T14:44:17.917-0400][166115.352s][info ][gc,heap     ] GC(669) Survivor regions: 2->2(32)
[2025-04-04T14:44:17.917-0400][166115.352s][info ][gc,heap     ] GC(669) Old regions: 200->200
[2025-04-04T14:44:17.917-0400][166115.352s][info ][gc,heap     ] GC(669) Archive regions: 0->0
[2025-04-04T14:44:17.917-0400][166115.352s][info ][gc,heap     ] GC(669) Humongous regions: 2->2
[2025-04-04T14:44:17.917-0400][166115.352s][info ][gc,metaspace] GC(669) Metaspace: 199346K(201152K)->199346K(201152K) NonClass: 175598K(176512K)->175598K(176512K) Class: 23747K(24640K)->23747K(24640K)
[2025-04-04T14:44:17.917-0400][166115.352s][info ][gc          ] GC(669) Pause Young (Normal) (G1 Evacuation Pause) 455M->202M(512M) 3.331ms
[2025-04-04T14:44:17.917-0400][166115.352s][info ][gc,cpu      ] GC(669) User=0.00s Sys=0.00s Real=0.00s
[2025-04-04T14:44:17.917-0400][166115.352s][info ][safepoint   ] Safepoint "G1CollectForAllocation", Time since last: 214228993700 ns, Reaching safepoint: 82300 ns, Cleanup: 17600 ns, At safepoint: 3434800 ns, Total: 3534700 ns
[2025-04-04T14:47:55.480-0400][166332.914s][debug][safepoint   ] Safepoint synchronization initiated using striped semaphore wait barrier. (242 threads)
[2025-04-04T14:47:55.480-0400][166332.915s][info ][gc,start    ] GC(670) Pause Young (Normal) (G1 Evacuation Pause)
[2025-04-04T14:47:55.480-0400][166332.915s][info ][gc,task     ] GC(670) Using 23 workers of 23 for evacuation
[2025-04-04T14:47:55.485-0400][166332.920s][info ][gc,phases   ] GC(670)   Pre Evacuate Collection Set: 0.2ms
[2025-04-04T14:47:55.485-0400][166332.920s][info ][gc,phases   ] GC(670)   Merge Heap Roots: 0.2ms
[2025-04-04T14:47:55.485-0400][166332.920s][info ][gc,phases   ] GC(670)   Evacuate Collection Set: 3.5ms
[2025-04-04T14:47:55.485-0400][166332.920s][info ][gc,phases   ] GC(670)   Post Evacuate Collection Set: 1.0ms
[2025-04-04T14:47:55.485-0400][166332.920s][info ][gc,phases   ] GC(670)   Other: 0.1ms
[2025-04-04T14:47:55.485-0400][166332.920s][info ][gc,heap     ] GC(670) Eden regions: 254->0(254)
[2025-04-04T14:47:55.485-0400][166332.920s][info ][gc,heap     ] GC(670) Survivor regions: 2->2(32)
[2025-04-04T14:47:55.485-0400][166332.920s][info ][gc,heap     ] GC(670) Old regions: 200->200
[2025-04-04T14:47:55.485-0400][166332.920s][info ][gc,heap     ] GC(670) Archive regions: 0->0
[2025-04-04T14:47:55.485-0400][166332.920s][info ][gc,heap     ] GC(670) Humongous regions: 2->2
[2025-04-04T14:47:55.485-0400][166332.920s][info ][gc,metaspace] GC(670) Metaspace: 199346K(201152K)->199346K(201152K) NonClass: 175598K(176512K)->175598K(176512K) Class: 23747K(24640K)->23747K(24640K)
[2025-04-04T14:47:55.485-0400][166332.920s][info ][gc          ] GC(670) Pause Young (Normal) (G1 Evacuation Pause) 456M->202M(512M) 5.229ms
[2025-04-04T14:47:55.485-0400][166332.920s][info ][gc,cpu      ] GC(670) User=0.00s Sys=0.00s Real=0.00s
[2025-04-04T14:47:55.485-0400][166332.920s][info ][safepoint   ] Safepoint "G1CollectForAllocation", Time since last: 217562368900 ns, Reaching safepoint: 102200 ns, Cleanup: 4600 ns, At safepoint: 5346400 ns, Total: 5453200 ns
[2025-04-04T14:51:28.227-0400][166545.661s][debug][safepoint   ] Safepoint synchronization initiated using striped semaphore wait barrier. (242 threads)
[2025-04-04T14:51:28.227-0400][166545.662s][info ][gc,start    ] GC(671) Pause Young (Normal) (G1 Evacuation Pause)
[2025-04-04T14:51:28.227-0400][166545.662s][info ][gc,task     ] GC(671) Using 23 workers of 23 for evacuation
[2025-04-04T14:51:28.236-0400][166545.671s][info ][gc,phases   ] GC(671)   Pre Evacuate Collection Set: 0.4ms
[2025-04-04T14:51:28.236-0400][166545.671s][info ][gc,phases   ] GC(671)   Merge Heap Roots: 0.3ms
[2025-04-04T14:51:28.236-0400][166545.671s][info ][gc,phases   ] GC(671)   Evacuate Collection Set: 5.6ms
[2025-04-04T14:51:28.236-0400][166545.671s][info ][gc,phases   ] GC(671)   Post Evacuate Collection Set: 2.8ms
[2025-04-04T14:51:28.237-0400][166545.671s][info ][gc,phases   ] GC(671)   Other: 0.3ms
[2025-04-04T14:51:28.237-0400][166545.671s][info ][gc,heap     ] GC(671) Eden regions: 254->0(254)
[2025-04-04T14:51:28.237-0400][166545.671s][info ][gc,heap     ] GC(671) Survivor regions: 2->2(32)
[2025-04-04T14:51:28.237-0400][166545.671s][info ][gc,heap     ] GC(671) Old regions: 200->200
[2025-04-04T14:51:28.237-0400][166545.671s][info ][gc,heap     ] GC(671) Archive regions: 0->0
[2025-04-04T14:51:28.237-0400][166545.671s][info ][gc,heap     ] GC(671) Humongous regions: 2->2
[2025-04-04T14:51:28.237-0400][166545.671s][info ][gc,metaspace] GC(671) Metaspace: 199346K(201152K)->199346K(201152K) NonClass: 175598K(176512K)->175598K(176512K) Class: 23747K(24640K)->23747K(24640K)
[2025-04-04T14:51:28.237-0400][166545.671s][info ][gc          ] GC(671) Pause Young (Normal) (G1 Evacuation Pause) 456M->202M(512M) 9.609ms
[2025-04-04T14:51:28.237-0400][166545.671s][info ][gc,cpu      ] GC(671) User=0.00s Sys=0.00s Real=0.01s
[2025-04-04T14:51:28.237-0400][166545.671s][info ][safepoint   ] Safepoint "G1CollectForAllocation", Time since last: 212741552200 ns, Reaching safepoint: 220300 ns, Cleanup: 17900 ns, At safepoint: 9860600 ns, Total: 10098800 ns
[2025-04-04T14:55:02.044-0400][166759.478s][debug][safepoint   ] Safepoint synchronization initiated using striped semaphore wait barrier. (242 threads)
[2025-04-04T14:55:02.044-0400][166759.479s][info ][gc,start    ] GC(672) Pause Young (Normal) (G1 Evacuation Pause)
[2025-04-04T14:55:02.044-0400][166759.479s][info ][gc,task     ] GC(672) Using 23 workers of 23 for evacuation
[2025-04-04T14:55:02.051-0400][166759.487s][info ][gc,phases   ] GC(672)   Pre Evacuate Collection Set: 0.5ms
[2025-04-04T14:55:02.053-0400][166759.487s][info ][gc,phases   ] GC(672)   Merge Heap Roots: 0.3ms
[2025-04-04T14:55:02.053-0400][166759.488s][info ][gc,phases   ] GC(672)   Evacuate Collection Set: 4.6ms
[2025-04-04T14:55:02.053-0400][166759.488s][info ][gc,phases   ] GC(672)   Post Evacuate Collection Set: 2.1ms
[2025-04-04T14:55:02.053-0400][166759.488s][info ][gc,phases   ] GC(672)   Other: 0.5ms
[2025-04-04T14:55:02.053-0400][166759.488s][info ][gc,heap     ] GC(672) Eden regions: 254->0(254)
[2025-04-04T14:55:02.053-0400][166759.488s][info ][gc,heap     ] GC(672) Survivor regions: 2->2(32)
[2025-04-04T14:55:02.053-0400][166759.488s][info ][gc,heap     ] GC(672) Old regions: 200->200
[2025-04-04T14:55:02.053-0400][166759.488s][info ][gc,heap     ] GC(672) Archive regions: 0->0
[2025-04-04T14:55:02.053-0400][166759.488s][info ][gc,heap     ] GC(672) Humongous regions: 2->2
[2025-04-04T14:55:02.053-0400][166759.488s][info ][gc,metaspace] GC(672) Metaspace: 199346K(201152K)->199346K(201152K) NonClass: 175598K(176512K)->175598K(176512K) Class: 23747K(24640K)->23747K(24640K)
[2025-04-04T14:55:02.053-0400][166759.488s][info ][gc          ] GC(672) Pause Young (Normal) (G1 Evacuation Pause) 456M->202M(512M) 8.897ms
[2025-04-04T14:55:02.053-0400][166759.488s][info ][gc,cpu      ] GC(672) User=0.05s Sys=0.00s Real=0.01s
[2025-04-04T14:55:02.053-0400][166759.488s][info ][safepoint   ] Safepoint "G1CollectForAllocation", Time since last: 213806972300 ns, Reaching safepoint: 219700 ns, Cleanup: 16000 ns, At safepoint: 9110800 ns, Total: 9346500 ns
[2025-04-04T14:58:31.128-0400][166968.563s][debug][safepoint   ] Safepoint synchronization initiated using striped semaphore wait barrier. (242 threads)
[2025-04-04T14:58:31.128-0400][166968.563s][info ][gc,start    ] GC(673) Pause Young (Normal) (G1 Evacuation Pause)
[2025-04-04T14:58:31.128-0400][166968.563s][info ][gc,task     ] GC(673) Using 23 workers of 23 for evacuation
[2025-04-04T14:58:31.130-0400][166968.565s][info ][gc,phases   ] GC(673)   Pre Evacuate Collection Set: 0.1ms
[2025-04-04T14:58:31.130-0400][166968.565s][info ][gc,phases   ] GC(673)   Merge Heap Roots: 0.1ms
[2025-04-04T14:58:31.130-0400][166968.565s][info ][gc,phases   ] GC(673)   Evacuate Collection Set: 1.1ms
[2025-04-04T14:58:31.130-0400][166968.565s][info ][gc,phases   ] GC(673)   Post Evacuate Collection Set: 0.7ms
[2025-04-04T14:58:31.130-0400][166968.565s][info ][gc,phases   ] GC(673)   Other: 0.1ms
[2025-04-04T14:58:31.130-0400][166968.565s][info ][gc,heap     ] GC(673) Eden regions: 254->0(253)
[2025-04-04T14:58:31.130-0400][166968.565s][info ][gc,heap     ] GC(673) Survivor regions: 2->2(32)
[2025-04-04T14:58:31.130-0400][166968.565s][info ][gc,heap     ] GC(673) Old regions: 200->200
[2025-04-04T14:58:31.130-0400][166968.565s][info ][gc,heap     ] GC(673) Archive regions: 0->0
[2025-04-04T14:58:31.130-0400][166968.565s][info ][gc,heap     ] GC(673) Humongous regions: 2->2
[2025-04-04T14:58:31.130-0400][166968.565s][info ][gc,metaspace] GC(673) Metaspace: 199346K(201152K)->199346K(201152K) NonClass: 175598K(176512K)->175598K(176512K) Class: 23747K(24640K)->23747K(24640K)
[2025-04-04T14:58:31.130-0400][166968.565s][info ][gc          ] GC(673) Pause Young (Normal) (G1 Evacuation Pause) 456M->202M(512M) 2.205ms
[2025-04-04T14:58:31.130-0400][166968.565s][info ][gc,cpu      ] GC(673) User=0.00s Sys=0.00s Real=0.00s
[2025-04-04T14:58:31.130-0400][166968.565s][info ][safepoint   ] Safepoint "G1CollectForAllocation", Time since last: 209074704400 ns, Reaching safepoint: 72500 ns, Cleanup: 4000 ns, At safepoint: 2295700 ns, Total: 2372200 ns
[2025-04-04T15:02:03.631-0400][167181.065s][debug][safepoint   ] Safepoint synchronization initiated using striped semaphore wait barrier. (246 threads)
[2025-04-04T15:02:03.631-0400][167181.066s][info ][gc,start    ] GC(674) Pause Young (Normal) (G1 Evacuation Pause)
[2025-04-04T15:02:03.631-0400][167181.066s][info ][gc,task     ] GC(674) Using 23 workers of 23 for evacuation
[2025-04-04T15:02:03.637-0400][167181.071s][info ][gc,phases   ] GC(674)   Pre Evacuate Collection Set: 0.3ms
[2025-04-04T15:02:03.637-0400][167181.071s][info ][gc,phases   ] GC(674)   Merge Heap Roots: 0.3ms
[2025-04-04T15:02:03.637-0400][167181.071s][info ][gc,phases   ] GC(674)   Evacuate Collection Set: 2.8ms
[2025-04-04T15:02:03.637-0400][167181.071s][info ][gc,phases   ] GC(674)   Post Evacuate Collection Set: 2.0ms
[2025-04-04T15:02:03.637-0400][167181.071s][info ][gc,phases   ] GC(674)   Other: 0.2ms
[2025-04-04T15:02:03.637-0400][167181.071s][info ][gc,heap     ] GC(674) Eden regions: 253->0(253)
[2025-04-04T15:02:03.637-0400][167181.071s][info ][gc,heap     ] GC(674) Survivor regions: 2->2(32)
[2025-04-04T15:02:03.637-0400][167181.071s][info ][gc,heap     ] GC(674) Old regions: 200->200
[2025-04-04T15:02:03.637-0400][167181.071s][info ][gc,heap     ] GC(674) Archive regions: 0->0
[2025-04-04T15:02:03.637-0400][167181.071s][info ][gc,heap     ] GC(674) Humongous regions: 2->2
[2025-04-04T15:02:03.637-0400][167181.072s][info ][gc,metaspace] GC(674) Metaspace: 199346K(201152K)->199346K(201152K) NonClass: 175598K(176512K)->175598K(176512K) Class: 23747K(24640K)->23747K(24640K)
[2025-04-04T15:02:03.637-0400][167181.072s][info ][gc          ] GC(674) Pause Young (Normal) (G1 Evacuation Pause) 455M->202M(512M) 5.931ms
[2025-04-04T15:02:03.637-0400][167181.072s][info ][gc,cpu      ] GC(674) User=0.00s Sys=0.00s Real=0.01s
[2025-04-04T15:02:03.637-0400][167181.072s][info ][safepoint   ] Safepoint "G1CollectForAllocation", Time since last: 212500552300 ns, Reaching safepoint: 126600 ns, Cleanup: 6300 ns, At safepoint: 6117700 ns, Total: 6250600 ns
[2025-04-04T15:05:35.291-0400][167392.726s][debug][safepoint   ] Safepoint synchronization initiated using striped semaphore wait barrier. (246 threads)
[2025-04-04T15:05:35.291-0400][167392.726s][info ][gc,start    ] GC(675) Pause Young (Normal) (G1 Evacuation Pause)
[2025-04-04T15:05:35.291-0400][167392.726s][info ][gc,task     ] GC(675) Using 23 workers of 23 for evacuation
[2025-04-04T15:05:35.293-0400][167392.728s][info ][gc,phases   ] GC(675)   Pre Evacuate Collection Set: 0.2ms
[2025-04-04T15:05:35.293-0400][167392.728s][info ][gc,phases   ] GC(675)   Merge Heap Roots: 0.1ms
[2025-04-04T15:05:35.293-0400][167392.728s][info ][gc,phases   ] GC(675)   Evacuate Collection Set: 1.2ms
[2025-04-04T15:05:35.293-0400][167392.728s][info ][gc,phases   ] GC(675)   Post Evacuate Collection Set: 0.8ms
[2025-04-04T15:05:35.293-0400][167392.728s][info ][gc,phases   ] GC(675)   Other: 0.1ms
[2025-04-04T15:05:35.293-0400][167392.728s][info ][gc,heap     ] GC(675) Eden regions: 253->0(253)
[2025-04-04T15:05:35.293-0400][167392.728s][info ][gc,heap     ] GC(675) Survivor regions: 2->2(32)
[2025-04-04T15:05:35.293-0400][167392.728s][info ][gc,heap     ] GC(675) Old regions: 200->200
[2025-04-04T15:05:35.293-0400][167392.728s][info ][gc,heap     ] GC(675) Archive regions: 0->0
[2025-04-04T15:05:35.293-0400][167392.728s][info ][gc,heap     ] GC(675) Humongous regions: 2->2
[2025-04-04T15:05:35.293-0400][167392.728s][info ][gc,metaspace] GC(675) Metaspace: 199346K(201152K)->199346K(201152K) NonClass: 175598K(176512K)->175598K(176512K) Class: 23747K(24640K)->23747K(24640K)
[2025-04-04T15:05:35.293-0400][167392.728s][info ][gc          ] GC(675) Pause Young (Normal) (G1 Evacuation Pause) 455M->202M(512M) 2.433ms
[2025-04-04T15:05:35.293-0400][167392.728s][info ][gc,cpu      ] GC(675) User=0.00s Sys=0.00s Real=0.00s
[2025-04-04T15:05:35.293-0400][167392.728s][info ][safepoint   ] Safepoint "G1CollectForAllocation", Time since last: 211654080400 ns, Reaching safepoint: 72400 ns, Cleanup: 7200 ns, At safepoint: 2526700 ns, Total: 2606300 ns
[2025-04-04T15:09:09.561-0400][167606.996s][debug][safepoint   ] Safepoint synchronization initiated using striped semaphore wait barrier. (246 threads)
[2025-04-04T15:09:09.561-0400][167606.996s][info ][gc,start    ] GC(676) Pause Young (Normal) (G1 Evacuation Pause)
[2025-04-04T15:09:09.561-0400][167606.996s][info ][gc,task     ] GC(676) Using 23 workers of 23 for evacuation
[2025-04-04T15:09:09.567-0400][167607.002s][info ][gc,phases   ] GC(676)   Pre Evacuate Collection Set: 0.3ms
[2025-04-04T15:09:09.567-0400][167607.002s][info ][gc,phases   ] GC(676)   Merge Heap Roots: 0.2ms
[2025-04-04T15:09:09.567-0400][167607.002s][info ][gc,phases   ] GC(676)   Evacuate Collection Set: 2.8ms
[2025-04-04T15:09:09.567-0400][167607.002s][info ][gc,phases   ] GC(676)   Post Evacuate Collection Set: 2.1ms
[2025-04-04T15:09:09.567-0400][167607.002s][info ][gc,phases   ] GC(676)   Other: 0.2ms
[2025-04-04T15:09:09.567-0400][167607.002s][info ][gc,heap     ] GC(676) Eden regions: 253->0(253)
[2025-04-04T15:09:09.567-0400][167607.002s][info ][gc,heap     ] GC(676) Survivor regions: 2->2(32)
[2025-04-04T15:09:09.567-0400][167607.002s][info ][gc,heap     ] GC(676) Old regions: 200->200
[2025-04-04T15:09:09.567-0400][167607.002s][info ][gc,heap     ] GC(676) Archive regions: 0->0
[2025-04-04T15:09:09.567-0400][167607.002s][info ][gc,heap     ] GC(676) Humongous regions: 2->2
[2025-04-04T15:09:09.567-0400][167607.002s][info ][gc,metaspace] GC(676) Metaspace: 199346K(201152K)->199346K(201152K) NonClass: 175598K(176512K)->175598K(176512K) Class: 23747K(24640K)->23747K(24640K)
[2025-04-04T15:09:09.567-0400][167607.002s][info ][gc          ] GC(676) Pause Young (Normal) (G1 Evacuation Pause) 455M->202M(512M) 5.864ms
[2025-04-04T15:09:09.567-0400][167607.002s][info ][gc,cpu      ] GC(676) User=0.00s Sys=0.00s Real=0.01s
[2025-04-04T15:09:09.568-0400][167607.002s][info ][safepoint   ] Safepoint "G1CollectForAllocation", Time since last: 214267508800 ns, Reaching safepoint: 250800 ns, Cleanup: 9400 ns, At safepoint: 6095300 ns, Total: 6355500 ns
[2025-04-04T15:12:41.421-0400][167818.856s][debug][safepoint   ] Safepoint synchronization initiated using striped semaphore wait barrier. (246 threads)
[2025-04-04T15:12:41.421-0400][167818.856s][info ][gc,start    ] GC(677) Pause Young (Normal) (G1 Evacuation Pause)
[2025-04-04T15:12:41.421-0400][167818.856s][info ][gc,task     ] GC(677) Using 23 workers of 23 for evacuation
[2025-04-04T15:12:41.431-0400][167818.866s][info ][gc,phases   ] GC(677)   Pre Evacuate Collection Set: 0.5ms
[2025-04-04T15:12:41.431-0400][167818.866s][info ][gc,phases   ] GC(677)   Merge Heap Roots: 0.4ms
[2025-04-04T15:12:41.431-0400][167818.866s][info ][gc,phases   ] GC(677)   Evacuate Collection Set: 6.6ms
[2025-04-04T15:12:41.431-0400][167818.866s][info ][gc,phases   ] GC(677)   Post Evacuate Collection Set: 2.1ms
[2025-04-04T15:12:41.431-0400][167818.866s][info ][gc,phases   ] GC(677)   Other: 0.4ms
[2025-04-04T15:12:41.431-0400][167818.866s][info ][gc,heap     ] GC(677) Eden regions: 253->0(253)
[2025-04-04T15:12:41.431-0400][167818.866s][info ][gc,heap     ] GC(677) Survivor regions: 2->2(32)
[2025-04-04T15:12:41.431-0400][167818.866s][info ][gc,heap     ] GC(677) Old regions: 200->200
[2025-04-04T15:12:41.431-0400][167818.866s][info ][gc,heap     ] GC(677) Archive regions: 0->0
[2025-04-04T15:12:41.431-0400][167818.866s][info ][gc,heap     ] GC(677) Humongous regions: 2->2
[2025-04-04T15:12:41.431-0400][167818.866s][info ][gc,metaspace] GC(677) Metaspace: 199346K(201152K)->199346K(201152K) NonClass: 175598K(176512K)->175598K(176512K) Class: 23747K(24640K)->23747K(24640K)
[2025-04-04T15:12:41.431-0400][167818.866s][info ][gc          ] GC(677) Pause Young (Normal) (G1 Evacuation Pause) 455M->202M(512M) 10.260ms
[2025-04-04T15:12:41.431-0400][167818.866s][info ][gc,cpu      ] GC(677) User=0.00s Sys=0.02s Real=0.01s
[2025-04-04T15:12:41.431-0400][167818.866s][info ][safepoint   ] Safepoint "G1CollectForAllocation", Time since last: 211853325800 ns, Reaching safepoint: 330500 ns, Cleanup: 21600 ns, At safepoint: 10540300 ns, Total: 10892400 ns
[2025-04-04T15:16:15.061-0400][168032.496s][debug][safepoint   ] Safepoint synchronization initiated using striped semaphore wait barrier. (246 threads)
[2025-04-04T15:16:15.061-0400][168032.496s][info ][gc,start    ] GC(678) Pause Young (Normal) (G1 Evacuation Pause)
[2025-04-04T15:16:15.061-0400][168032.496s][info ][gc,task     ] GC(678) Using 23 workers of 23 for evacuation
[2025-04-04T15:16:15.067-0400][168032.502s][info ][gc,phases   ] GC(678)   Pre Evacuate Collection Set: 0.4ms
[2025-04-04T15:16:15.067-0400][168032.502s][info ][gc,phases   ] GC(678)   Merge Heap Roots: 0.3ms
[2025-04-04T15:16:15.067-0400][168032.502s][info ][gc,phases   ] GC(678)   Evacuate Collection Set: 2.5ms
[2025-04-04T15:16:15.067-0400][168032.502s][info ][gc,phases   ] GC(678)   Post Evacuate Collection Set: 2.5ms
[2025-04-04T15:16:15.067-0400][168032.502s][info ][gc,phases   ] GC(678)   Other: 0.3ms
[2025-04-04T15:16:15.067-0400][168032.502s][info ][gc,heap     ] GC(678) Eden regions: 253->0(254)
[2025-04-04T15:16:15.067-0400][168032.502s][info ][gc,heap     ] GC(678) Survivor regions: 2->2(32)
[2025-04-04T15:16:15.067-0400][168032.502s][info ][gc,heap     ] GC(678) Old regions: 200->200
[2025-04-04T15:16:15.067-0400][168032.502s][info ][gc,heap     ] GC(678) Archive regions: 0->0
[2025-04-04T15:16:15.067-0400][168032.502s][info ][gc,heap     ] GC(678) Humongous regions: 2->2
[2025-04-04T15:16:15.067-0400][168032.502s][info ][gc,metaspace] GC(678) Metaspace: 199346K(201152K)->199346K(201152K) NonClass: 175598K(176512K)->175598K(176512K) Class: 23747K(24640K)->23747K(24640K)
[2025-04-04T15:16:15.067-0400][168032.502s][info ][gc          ] GC(678) Pause Young (Normal) (G1 Evacuation Pause) 455M->202M(512M) 6.211ms
[2025-04-04T15:16:15.067-0400][168032.502s][info ][gc,cpu      ] GC(678) User=0.00s Sys=0.00s Real=0.01s
[2025-04-04T15:16:15.067-0400][168032.502s][info ][safepoint   ] Safepoint "G1CollectForAllocation", Time since last: 213629248200 ns, Reaching safepoint: 235400 ns, Cleanup: 13000 ns, At safepoint: 6402700 ns, Total: 6651100 ns
[2025-04-04T15:19:47.514-0400][168244.949s][debug][safepoint   ] Safepoint synchronization initiated using striped semaphore wait barrier. (246 threads)
[2025-04-04T15:19:47.514-0400][168244.949s][info ][gc,start    ] GC(679) Pause Young (Normal) (G1 Evacuation Pause)
[2025-04-04T15:19:47.514-0400][168244.949s][info ][gc,task     ] GC(679) Using 23 workers of 23 for evacuation
[2025-04-04T15:19:47.518-0400][168244.953s][info ][gc,phases   ] GC(679)   Pre Evacuate Collection Set: 0.2ms
[2025-04-04T15:19:47.518-0400][168244.953s][info ][gc,phases   ] GC(679)   Merge Heap Roots: 0.3ms
[2025-04-04T15:19:47.518-0400][168244.953s][info ][gc,phases   ] GC(679)   Evacuate Collection Set: 1.7ms
[2025-04-04T15:19:47.518-0400][168244.953s][info ][gc,phases   ] GC(679)   Post Evacuate Collection Set: 1.7ms
[2025-04-04T15:19:47.518-0400][168244.953s][info ][gc,phases   ] GC(679)   Other: 0.2ms
[2025-04-04T15:19:47.518-0400][168244.953s][info ][gc,heap     ] GC(679) Eden regions: 254->0(254)
[2025-04-04T15:19:47.518-0400][168244.954s][info ][gc,heap     ] GC(679) Survivor regions: 2->2(32)
[2025-04-04T15:19:47.518-0400][168244.954s][info ][gc,heap     ] GC(679) Old regions: 200->200
[2025-04-04T15:19:47.518-0400][168244.954s][info ][gc,heap     ] GC(679) Archive regions: 0->0
[2025-04-04T15:19:47.518-0400][168244.954s][info ][gc,heap     ] GC(679) Humongous regions: 2->2
[2025-04-04T15:19:47.518-0400][168244.954s][info ][gc,metaspace] GC(679) Metaspace: 199346K(201152K)->199346K(201152K) NonClass: 175598K(176512K)->175598K(176512K) Class: 23747K(24640K)->23747K(24640K)
[2025-04-04T15:19:47.518-0400][168244.954s][info ][gc          ] GC(679) Pause Young (Normal) (G1 Evacuation Pause) 456M->202M(512M) 4.371ms
[2025-04-04T15:19:47.518-0400][168244.954s][info ][gc,cpu      ] GC(679) User=0.06s Sys=0.02s Real=0.00s
[2025-04-04T15:19:47.518-0400][168244.954s][info ][safepoint   ] Safepoint "G1CollectForAllocation", Time since last: 212446742800 ns, Reaching safepoint: 96300 ns, Cleanup: 7000 ns, At safepoint: 4570300 ns, Total: 4673600 ns
[2025-04-04T15:23:21.446-0400][168458.881s][debug][safepoint   ] Safepoint synchronization initiated using striped semaphore wait barrier. (246 threads)
[2025-04-04T15:23:21.446-0400][168458.881s][info ][gc,start    ] GC(680) Pause Young (Normal) (G1 Evacuation Pause)
[2025-04-04T15:23:21.446-0400][168458.882s][info ][gc,task     ] GC(680) Using 23 workers of 23 for evacuation
[2025-04-04T15:23:21.453-0400][168458.889s][info ][gc,phases   ] GC(680)   Pre Evacuate Collection Set: 0.4ms
[2025-04-04T15:23:21.453-0400][168458.889s][info ][gc,phases   ] GC(680)   Merge Heap Roots: 0.3ms
[2025-04-04T15:23:21.453-0400][168458.889s][info ][gc,phases   ] GC(680)   Evacuate Collection Set: 4.4ms
[2025-04-04T15:23:21.454-0400][168458.889s][info ][gc,phases   ] GC(680)   Post Evacuate Collection Set: 2.0ms
[2025-04-04T15:23:21.454-0400][168458.889s][info ][gc,phases   ] GC(680)   Other: 0.3ms
[2025-04-04T15:23:21.454-0400][168458.889s][info ][gc,heap     ] GC(680) Eden regions: 254->0(254)
[2025-04-04T15:23:21.454-0400][168458.889s][info ][gc,heap     ] GC(680) Survivor regions: 2->2(32)
[2025-04-04T15:23:21.454-0400][168458.889s][info ][gc,heap     ] GC(680) Old regions: 200->200
[2025-04-04T15:23:21.454-0400][168458.889s][info ][gc,heap     ] GC(680) Archive regions: 0->0
[2025-04-04T15:23:21.454-0400][168458.889s][info ][gc,heap     ] GC(680) Humongous regions: 2->2
[2025-04-04T15:23:21.454-0400][168458.889s][info ][gc,metaspace] GC(680) Metaspace: 199346K(201152K)->199346K(201152K) NonClass: 175598K(176512K)->175598K(176512K) Class: 23747K(24640K)->23747K(24640K)
[2025-04-04T15:23:21.454-0400][168458.889s][info ][gc          ] GC(680) Pause Young (Normal) (G1 Evacuation Pause) 456M->202M(512M) 7.664ms
[2025-04-04T15:23:21.454-0400][168458.889s][info ][gc,cpu      ] GC(680) User=0.00s Sys=0.00s Real=0.01s
[2025-04-04T15:23:21.454-0400][168458.889s][info ][safepoint   ] Safepoint "G1CollectForAllocation", Time since last: 213927425200 ns, Reaching safepoint: 180700 ns, Cleanup: 10400 ns, At safepoint: 7860700 ns, Total: 8051800 ns
[2025-04-04T15:26:50.648-0400][168668.082s][debug][safepoint   ] Safepoint synchronization initiated using striped semaphore wait barrier. (245 threads)
[2025-04-04T15:26:50.648-0400][168668.083s][info ][gc,start    ] GC(681) Pause Young (Normal) (G1 Evacuation Pause)
[2025-04-04T15:26:50.648-0400][168668.083s][info ][gc,task     ] GC(681) Using 23 workers of 23 for evacuation
[2025-04-04T15:26:50.657-0400][168668.091s][info ][gc,phases   ] GC(681)   Pre Evacuate Collection Set: 0.3ms
[2025-04-04T15:26:50.657-0400][168668.091s][info ][gc,phases   ] GC(681)   Merge Heap Roots: 0.3ms
[2025-04-04T15:26:50.657-0400][168668.091s][info ][gc,phases   ] GC(681)   Evacuate Collection Set: 5.7ms
[2025-04-04T15:26:50.657-0400][168668.091s][info ][gc,phases   ] GC(681)   Post Evacuate Collection Set: 2.2ms
[2025-04-04T15:26:50.657-0400][168668.092s][info ][gc,phases   ] GC(681)   Other: 0.2ms
[2025-04-04T15:26:50.657-0400][168668.092s][info ][gc,heap     ] GC(681) Eden regions: 254->0(253)
[2025-04-04T15:26:50.657-0400][168668.092s][info ][gc,heap     ] GC(681) Survivor regions: 2->2(32)
[2025-04-04T15:26:50.657-0400][168668.092s][info ][gc,heap     ] GC(681) Old regions: 200->200
[2025-04-04T15:26:50.657-0400][168668.092s][info ][gc,heap     ] GC(681) Archive regions: 0->0
[2025-04-04T15:26:50.657-0400][168668.092s][info ][gc,heap     ] GC(681) Humongous regions: 2->2
[2025-04-04T15:26:50.657-0400][168668.092s][info ][gc,metaspace] GC(681) Metaspace: 199346K(201152K)->199346K(201152K) NonClass: 175598K(176512K)->175598K(176512K) Class: 23747K(24640K)->23747K(24640K)
[2025-04-04T15:26:50.657-0400][168668.092s][info ][gc          ] GC(681) Pause Young (Normal) (G1 Evacuation Pause) 456M->202M(512M) 8.953ms
[2025-04-04T15:26:50.657-0400][168668.092s][info ][gc,cpu      ] GC(681) User=0.00s Sys=0.00s Real=0.01s
[2025-04-04T15:26:50.657-0400][168668.092s][info ][safepoint   ] Safepoint "G1CollectForAllocation", Time since last: 209193218400 ns, Reaching safepoint: 135500 ns, Cleanup: 6600 ns, At safepoint: 9128200 ns, Total: 9270300 ns
[2025-04-04T15:30:21.944-0400][168879.378s][debug][safepoint   ] Safepoint synchronization initiated using striped semaphore wait barrier. (245 threads)
[2025-04-04T15:30:21.944-0400][168879.379s][info ][gc,start    ] GC(682) Pause Young (Normal) (G1 Evacuation Pause)
[2025-04-04T15:30:21.944-0400][168879.379s][info ][gc,task     ] GC(682) Using 23 workers of 23 for evacuation
[2025-04-04T15:30:21.951-0400][168879.386s][info ][gc,phases   ] GC(682)   Pre Evacuate Collection Set: 0.5ms
[2025-04-04T15:30:21.951-0400][168879.386s][info ][gc,phases   ] GC(682)   Merge Heap Roots: 0.3ms
[2025-04-04T15:30:21.951-0400][168879.386s][info ][gc,phases   ] GC(682)   Evacuate Collection Set: 4.2ms
[2025-04-04T15:30:21.951-0400][168879.386s][info ][gc,phases   ] GC(682)   Post Evacuate Collection Set: 2.1ms
[2025-04-04T15:30:21.951-0400][168879.386s][info ][gc,phases   ] GC(682)   Other: 0.3ms
[2025-04-04T15:30:21.951-0400][168879.386s][info ][gc,heap     ] GC(682) Eden regions: 253->0(253)
[2025-04-04T15:30:21.951-0400][168879.386s][info ][gc,heap     ] GC(682) Survivor regions: 2->2(32)
[2025-04-04T15:30:21.951-0400][168879.386s][info ][gc,heap     ] GC(682) Old regions: 200->200
[2025-04-04T15:30:21.951-0400][168879.386s][info ][gc,heap     ] GC(682) Archive regions: 0->0
[2025-04-04T15:30:21.951-0400][168879.386s][info ][gc,heap     ] GC(682) Humongous regions: 2->2
[2025-04-04T15:30:21.951-0400][168879.386s][info ][gc,metaspace] GC(682) Metaspace: 199346K(201152K)->199346K(201152K) NonClass: 175598K(176512K)->175598K(176512K) Class: 23747K(24640K)->23747K(24640K)
[2025-04-04T15:30:21.951-0400][168879.386s][info ][gc          ] GC(682) Pause Young (Normal) (G1 Evacuation Pause) 455M->202M(512M) 7.544ms
[2025-04-04T15:30:21.951-0400][168879.386s][info ][gc,cpu      ] GC(682) User=0.00s Sys=0.00s Real=0.01s
[2025-04-04T15:30:21.952-0400][168879.386s][info ][safepoint   ] Safepoint "G1CollectForAllocation", Time since last: 211286640500 ns, Reaching safepoint: 131400 ns, Cleanup: 6400 ns, At safepoint: 7728700 ns, Total: 7866500 ns
[2025-04-04T15:33:55.651-0400][169093.086s][debug][safepoint   ] Safepoint synchronization initiated using striped semaphore wait barrier. (245 threads)
[2025-04-04T15:33:55.651-0400][169093.086s][info ][gc,start    ] GC(683) Pause Young (Normal) (G1 Evacuation Pause)
[2025-04-04T15:33:55.651-0400][169093.086s][info ][gc,task     ] GC(683) Using 23 workers of 23 for evacuation
[2025-04-04T15:33:55.657-0400][169093.092s][info ][gc,phases   ] GC(683)   Pre Evacuate Collection Set: 0.3ms
[2025-04-04T15:33:55.657-0400][169093.092s][info ][gc,phases   ] GC(683)   Merge Heap Roots: 0.2ms
[2025-04-04T15:33:55.657-0400][169093.092s][info ][gc,phases   ] GC(683)   Evacuate Collection Set: 3.3ms
[2025-04-04T15:33:55.657-0400][169093.092s][info ][gc,phases   ] GC(683)   Post Evacuate Collection Set: 1.8ms
[2025-04-04T15:33:55.657-0400][169093.092s][info ][gc,phases   ] GC(683)   Other: 0.2ms
[2025-04-04T15:33:55.657-0400][169093.092s][info ][gc,heap     ] GC(683) Eden regions: 253->0(253)
[2025-04-04T15:33:55.657-0400][169093.092s][info ][gc,heap     ] GC(683) Survivor regions: 2->2(32)
[2025-04-04T15:33:55.657-0400][169093.092s][info ][gc,heap     ] GC(683) Old regions: 200->200
[2025-04-04T15:33:55.657-0400][169093.092s][info ][gc,heap     ] GC(683) Archive regions: 0->0
[2025-04-04T15:33:55.657-0400][169093.092s][info ][gc,heap     ] GC(683) Humongous regions: 2->2
[2025-04-04T15:33:55.657-0400][169093.092s][info ][gc,metaspace] GC(683) Metaspace: 199346K(201152K)->199346K(201152K) NonClass: 175598K(176512K)->175598K(176512K) Class: 23747K(24640K)->23747K(24640K)
[2025-04-04T15:33:55.657-0400][169093.092s][info ][gc          ] GC(683) Pause Young (Normal) (G1 Evacuation Pause) 455M->202M(512M) 6.051ms
[2025-04-04T15:33:55.657-0400][169093.092s][info ][gc,cpu      ] GC(683) User=0.00s Sys=0.00s Real=0.01s
[2025-04-04T15:33:55.657-0400][169093.092s][info ][safepoint   ] Safepoint "G1CollectForAllocation", Time since last: 213699792100 ns, Reaching safepoint: 139500 ns, Cleanup: 7900 ns, At safepoint: 6236800 ns, Total: 6384200 ns
[2025-04-04T15:37:26.623-0400][169304.058s][debug][safepoint   ] Safepoint synchronization initiated using striped semaphore wait barrier. (245 threads)
[2025-04-04T15:37:26.623-0400][169304.058s][info ][gc,start    ] GC(684) Pause Young (Normal) (G1 Evacuation Pause)
[2025-04-04T15:37:26.623-0400][169304.058s][info ][gc,task     ] GC(684) Using 23 workers of 23 for evacuation
[2025-04-04T15:37:26.632-0400][169304.067s][info ][gc,phases   ] GC(684)   Pre Evacuate Collection Set: 0.4ms
[2025-04-04T15:37:26.632-0400][169304.067s][info ][gc,phases   ] GC(684)   Merge Heap Roots: 0.3ms
[2025-04-04T15:37:26.632-0400][169304.067s][info ][gc,phases   ] GC(684)   Evacuate Collection Set: 4.9ms
[2025-04-04T15:37:26.632-0400][169304.067s][info ][gc,phases   ] GC(684)   Post Evacuate Collection Set: 3.2ms
[2025-04-04T15:37:26.632-0400][169304.067s][info ][gc,phases   ] GC(684)   Other: 0.3ms
[2025-04-04T15:37:26.632-0400][169304.067s][info ][gc,heap     ] GC(684) Eden regions: 253->0(253)
[2025-04-04T15:37:26.632-0400][169304.067s][info ][gc,heap     ] GC(684) Survivor regions: 2->2(32)
[2025-04-04T15:37:26.632-0400][169304.067s][info ][gc,heap     ] GC(684) Old regions: 200->200
[2025-04-04T15:37:26.632-0400][169304.067s][info ][gc,heap     ] GC(684) Archive regions: 0->0
[2025-04-04T15:37:26.632-0400][169304.067s][info ][gc,heap     ] GC(684) Humongous regions: 2->2
[2025-04-04T15:37:26.632-0400][169304.067s][info ][gc,metaspace] GC(684) Metaspace: 199350K(201152K)->199350K(201152K) NonClass: 175602K(176512K)->175602K(176512K) Class: 23747K(24640K)->23747K(24640K)
[2025-04-04T15:37:26.632-0400][169304.067s][info ][gc          ] GC(684) Pause Young (Normal) (G1 Evacuation Pause) 455M->202M(512M) 9.227ms
[2025-04-04T15:37:26.632-0400][169304.067s][info ][gc,cpu      ] GC(684) User=0.02s Sys=0.02s Real=0.01s
[2025-04-04T15:37:26.632-0400][169304.067s][info ][safepoint   ] Safepoint "G1CollectForAllocation", Time since last: 210965218900 ns, Reaching safepoint: 204400 ns, Cleanup: 9500 ns, At safepoint: 9380500 ns, Total: 9594400 ns
[2025-04-04T15:41:00.070-0400][169517.504s][debug][safepoint   ] Safepoint synchronization initiated using striped semaphore wait barrier. (245 threads)
[2025-04-04T15:41:00.070-0400][169517.505s][info ][gc,start    ] GC(685) Pause Young (Normal) (G1 Evacuation Pause)
[2025-04-04T15:41:00.070-0400][169517.505s][info ][gc,task     ] GC(685) Using 23 workers of 23 for evacuation
[2025-04-04T15:41:00.075-0400][169517.510s][info ][gc,phases   ] GC(685)   Pre Evacuate Collection Set: 0.2ms
[2025-04-04T15:41:00.075-0400][169517.510s][info ][gc,phases   ] GC(685)   Merge Heap Roots: 0.2ms
[2025-04-04T15:41:00.075-0400][169517.510s][info ][gc,phases   ] GC(685)   Evacuate Collection Set: 2.4ms
[2025-04-04T15:41:00.075-0400][169517.510s][info ][gc,phases   ] GC(685)   Post Evacuate Collection Set: 2.0ms
[2025-04-04T15:41:00.075-0400][169517.510s][info ][gc,phases   ] GC(685)   Other: 0.2ms
[2025-04-04T15:41:00.075-0400][169517.510s][info ][gc,heap     ] GC(685) Eden regions: 253->0(253)
[2025-04-04T15:41:00.075-0400][169517.510s][info ][gc,heap     ] GC(685) Survivor regions: 2->2(32)
[2025-04-04T15:41:00.075-0400][169517.510s][info ][gc,heap     ] GC(685) Old regions: 200->200
[2025-04-04T15:41:00.075-0400][169517.510s][info ][gc,heap     ] GC(685) Archive regions: 0->0
[2025-04-04T15:41:00.075-0400][169517.510s][info ][gc,heap     ] GC(685) Humongous regions: 2->2
[2025-04-04T15:41:00.075-0400][169517.510s][info ][gc,metaspace] GC(685) Metaspace: 199350K(201152K)->199350K(201152K) NonClass: 175602K(176512K)->175602K(176512K) Class: 23747K(24640K)->23747K(24640K)
[2025-04-04T15:41:00.075-0400][169517.510s][info ][gc          ] GC(685) Pause Young (Normal) (G1 Evacuation Pause) 455M->202M(512M) 5.279ms
[2025-04-04T15:41:00.075-0400][169517.510s][info ][gc,cpu      ] GC(685) User=0.00s Sys=0.00s Real=0.01s
[2025-04-04T15:41:00.075-0400][169517.510s][info ][safepoint   ] Safepoint "G1CollectForAllocation", Time since last: 213437110600 ns, Reaching safepoint: 193700 ns, Cleanup: 12900 ns, At safepoint: 5434000 ns, Total: 5640600 ns
[2025-04-04T15:44:31.888-0400][169729.323s][debug][safepoint   ] Safepoint synchronization initiated using striped semaphore wait barrier. (245 threads)
[2025-04-04T15:44:31.888-0400][169729.323s][info ][gc,start    ] GC(686) Pause Young (Normal) (G1 Evacuation Pause)
[2025-04-04T15:44:31.888-0400][169729.323s][info ][gc,task     ] GC(686) Using 23 workers of 23 for evacuation
[2025-04-04T15:44:31.898-0400][169729.333s][info ][gc,phases   ] GC(686)   Pre Evacuate Collection Set: 0.4ms
[2025-04-04T15:44:31.898-0400][169729.333s][info ][gc,phases   ] GC(686)   Merge Heap Roots: 0.3ms
[2025-04-04T15:44:31.898-0400][169729.333s][info ][gc,phases   ] GC(686)   Evacuate Collection Set: 6.5ms
[2025-04-04T15:44:31.898-0400][169729.333s][info ][gc,phases   ] GC(686)   Post Evacuate Collection Set: 2.4ms
[2025-04-04T15:44:31.898-0400][169729.333s][info ][gc,phases   ] GC(686)   Other: 0.3ms
[2025-04-04T15:44:31.898-0400][169729.333s][info ][gc,heap     ] GC(686) Eden regions: 253->0(253)
[2025-04-04T15:44:31.898-0400][169729.333s][info ][gc,heap     ] GC(686) Survivor regions: 2->2(32)
[2025-04-04T15:44:31.898-0400][169729.333s][info ][gc,heap     ] GC(686) Old regions: 200->200
[2025-04-04T15:44:31.898-0400][169729.333s][info ][gc,heap     ] GC(686) Archive regions: 0->0
[2025-04-04T15:44:31.898-0400][169729.333s][info ][gc,heap     ] GC(686) Humongous regions: 2->2
[2025-04-04T15:44:31.898-0400][169729.333s][info ][gc,metaspace] GC(686) Metaspace: 199350K(201152K)->199350K(201152K) NonClass: 175602K(176512K)->175602K(176512K) Class: 23747K(24640K)->23747K(24640K)
[2025-04-04T15:44:31.898-0400][169729.333s][info ][gc          ] GC(686) Pause Young (Normal) (G1 Evacuation Pause) 455M->202M(512M) 9.995ms
[2025-04-04T15:44:31.898-0400][169729.333s][info ][gc,cpu      ] GC(686) User=0.02s Sys=0.00s Real=0.01s
[2025-04-04T15:44:31.898-0400][169729.333s][info ][safepoint   ] Safepoint "G1CollectForAllocation", Time since last: 211813077400 ns, Reaching safepoint: 160800 ns, Cleanup: 7200 ns, At safepoint: 10196600 ns, Total: 10364600 ns
[2025-04-04T15:48:04.981-0400][169942.415s][debug][safepoint   ] Safepoint synchronization initiated using striped semaphore wait barrier. (245 threads)
[2025-04-04T15:48:04.981-0400][169942.416s][info ][gc,start    ] GC(687) Pause Young (Normal) (G1 Evacuation Pause)
[2025-04-04T15:48:04.981-0400][169942.416s][info ][gc,task     ] GC(687) Using 23 workers of 23 for evacuation
[2025-04-04T15:48:04.989-0400][169942.424s][info ][gc,phases   ] GC(687)   Pre Evacuate Collection Set: 0.4ms
[2025-04-04T15:48:04.989-0400][169942.425s][info ][gc,phases   ] GC(687)   Merge Heap Roots: 0.3ms
[2025-04-04T15:48:04.989-0400][169942.425s][info ][gc,phases   ] GC(687)   Evacuate Collection Set: 5.4ms
[2025-04-04T15:48:04.989-0400][169942.425s][info ][gc,phases   ] GC(687)   Post Evacuate Collection Set: 2.6ms
[2025-04-04T15:48:04.989-0400][169942.425s][info ][gc,phases   ] GC(687)   Other: 0.3ms
[2025-04-04T15:48:04.989-0400][169942.425s][info ][gc,heap     ] GC(687) Eden regions: 253->0(253)
[2025-04-04T15:48:04.989-0400][169942.425s][info ][gc,heap     ] GC(687) Survivor regions: 2->2(32)
[2025-04-04T15:48:04.989-0400][169942.425s][info ][gc,heap     ] GC(687) Old regions: 200->200
[2025-04-04T15:48:04.989-0400][169942.425s][info ][gc,heap     ] GC(687) Archive regions: 0->0
[2025-04-04T15:48:04.989-0400][169942.425s][info ][gc,heap     ] GC(687) Humongous regions: 2->2
[2025-04-04T15:48:04.989-0400][169942.425s][info ][gc,metaspace] GC(687) Metaspace: 199350K(201152K)->199350K(201152K) NonClass: 175602K(176512K)->175602K(176512K) Class: 23747K(24640K)->23747K(24640K)
[2025-04-04T15:48:04.989-0400][169942.425s][info ][gc          ] GC(687) Pause Young (Normal) (G1 Evacuation Pause) 455M->202M(512M) 9.224ms
[2025-04-04T15:48:04.989-0400][169942.425s][info ][gc,cpu      ] GC(687) User=0.02s Sys=0.00s Real=0.01s
[2025-04-04T15:48:04.989-0400][169942.425s][info ][safepoint   ] Safepoint "G1CollectForAllocation", Time since last: 213081846400 ns, Reaching safepoint: 165600 ns, Cleanup: 8400 ns, At safepoint: 9403600 ns, Total: 9577600 ns
[2025-04-04T15:51:36.583-0400][170154.018s][debug][safepoint   ] Safepoint synchronization initiated using striped semaphore wait barrier. (245 threads)
[2025-04-04T15:51:36.584-0400][170154.019s][info ][gc,start    ] GC(688) Pause Young (Normal) (G1 Evacuation Pause)
[2025-04-04T15:51:36.584-0400][170154.019s][info ][gc,task     ] GC(688) Using 23 workers of 23 for evacuation
[2025-04-04T15:51:36.593-0400][170154.028s][info ][gc,phases   ] GC(688)   Pre Evacuate Collection Set: 0.4ms
[2025-04-04T15:51:36.593-0400][170154.028s][info ][gc,phases   ] GC(688)   Merge Heap Roots: 0.4ms
[2025-04-04T15:51:36.593-0400][170154.028s][info ][gc,phases   ] GC(688)   Evacuate Collection Set: 5.3ms
[2025-04-04T15:51:36.593-0400][170154.028s][info ][gc,phases   ] GC(688)   Post Evacuate Collection Set: 2.9ms
[2025-04-04T15:51:36.593-0400][170154.028s][info ][gc,phases   ] GC(688)   Other: 0.3ms
[2025-04-04T15:51:36.593-0400][170154.028s][info ][gc,heap     ] GC(688) Eden regions: 253->0(253)
[2025-04-04T15:51:36.593-0400][170154.028s][info ][gc,heap     ] GC(688) Survivor regions: 2->2(32)
[2025-04-04T15:51:36.593-0400][170154.028s][info ][gc,heap     ] GC(688) Old regions: 200->200
[2025-04-04T15:51:36.593-0400][170154.028s][info ][gc,heap     ] GC(688) Archive regions: 0->0
[2025-04-04T15:51:36.593-0400][170154.028s][info ][gc,heap     ] GC(688) Humongous regions: 2->2
[2025-04-04T15:51:36.593-0400][170154.028s][info ][gc,metaspace] GC(688) Metaspace: 199350K(201152K)->199350K(201152K) NonClass: 175602K(176512K)->175602K(176512K) Class: 23747K(24640K)->23747K(24640K)
[2025-04-04T15:51:36.593-0400][170154.028s][info ][gc          ] GC(688) Pause Young (Normal) (G1 Evacuation Pause) 455M->202M(512M) 9.419ms
[2025-04-04T15:51:36.593-0400][170154.028s][info ][gc,cpu      ] GC(688) User=0.00s Sys=0.00s Real=0.01s
[2025-04-04T15:51:36.593-0400][170154.028s][info ][safepoint   ] Safepoint "G1CollectForAllocation", Time since last: 211593427600 ns, Reaching safepoint: 178900 ns, Cleanup: 15500 ns, At safepoint: 9624800 ns, Total: 9819200 ns
[2025-04-04T15:55:06.864-0400][170364.298s][debug][safepoint   ] Safepoint synchronization initiated using striped semaphore wait barrier. (245 threads)
[2025-04-04T15:55:06.864-0400][170364.299s][info ][gc,start    ] GC(689) Pause Young (Normal) (G1 Evacuation Pause)
[2025-04-04T15:55:06.864-0400][170364.299s][info ][gc,task     ] GC(689) Using 23 workers of 23 for evacuation
[2025-04-04T15:55:06.871-0400][170364.306s][info ][gc,phases   ] GC(689)   Pre Evacuate Collection Set: 0.4ms
[2025-04-04T15:55:06.871-0400][170364.306s][info ][gc,phases   ] GC(689)   Merge Heap Roots: 0.3ms
[2025-04-04T15:55:06.871-0400][170364.306s][info ][gc,phases   ] GC(689)   Evacuate Collection Set: 4.7ms
[2025-04-04T15:55:06.871-0400][170364.306s][info ][gc,phases   ] GC(689)   Post Evacuate Collection Set: 1.8ms
[2025-04-04T15:55:06.871-0400][170364.306s][info ][gc,phases   ] GC(689)   Other: 0.3ms
[2025-04-04T15:55:06.871-0400][170364.306s][info ][gc,heap     ] GC(689) Eden regions: 253->0(253)
[2025-04-04T15:55:06.871-0400][170364.306s][info ][gc,heap     ] GC(689) Survivor regions: 2->2(32)
[2025-04-04T15:55:06.871-0400][170364.306s][info ][gc,heap     ] GC(689) Old regions: 200->200
[2025-04-04T15:55:06.871-0400][170364.306s][info ][gc,heap     ] GC(689) Archive regions: 0->0
[2025-04-04T15:55:06.871-0400][170364.306s][info ][gc,heap     ] GC(689) Humongous regions: 2->2
[2025-04-04T15:55:06.871-0400][170364.306s][info ][gc,metaspace] GC(689) Metaspace: 199350K(201152K)->199350K(201152K) NonClass: 175602K(176512K)->175602K(176512K) Class: 23747K(24640K)->23747K(24640K)
[2025-04-04T15:55:06.871-0400][170364.306s][info ][gc          ] GC(689) Pause Young (Normal) (G1 Evacuation Pause) 455M->202M(512M) 7.768ms
[2025-04-04T15:55:06.871-0400][170364.307s][info ][gc,cpu      ] GC(689) User=0.00s Sys=0.00s Real=0.01s
[2025-04-04T15:55:06.872-0400][170364.307s][info ][safepoint   ] Safepoint "G1CollectForAllocation", Time since last: 210270363200 ns, Reaching safepoint: 136500 ns, Cleanup: 5400 ns, At safepoint: 8034900 ns, Total: 8176800 ns
[2025-04-04T15:58:36.581-0400][170574.016s][debug][safepoint   ] Safepoint synchronization initiated using striped semaphore wait barrier. (245 threads)
[2025-04-04T15:58:36.581-0400][170574.016s][info ][gc,start    ] GC(690) Pause Young (Normal) (G1 Evacuation Pause)
[2025-04-04T15:58:36.581-0400][170574.016s][info ][gc,task     ] GC(690) Using 23 workers of 23 for evacuation
[2025-04-04T15:58:36.589-0400][170574.024s][info ][gc,phases   ] GC(690)   Pre Evacuate Collection Set: 0.3ms
[2025-04-04T15:58:36.589-0400][170574.024s][info ][gc,phases   ] GC(690)   Merge Heap Roots: 0.3ms
[2025-04-04T15:58:36.589-0400][170574.024s][info ][gc,phases   ] GC(690)   Evacuate Collection Set: 5.5ms
[2025-04-04T15:58:36.589-0400][170574.024s][info ][gc,phases   ] GC(690)   Post Evacuate Collection Set: 2.0ms
[2025-04-04T15:58:36.589-0400][170574.024s][info ][gc,phases   ] GC(690)   Other: 0.2ms
[2025-04-04T15:58:36.589-0400][170574.024s][info ][gc,heap     ] GC(690) Eden regions: 253->0(253)
[2025-04-04T15:58:36.589-0400][170574.024s][info ][gc,heap     ] GC(690) Survivor regions: 2->2(32)
[2025-04-04T15:58:36.589-0400][170574.024s][info ][gc,heap     ] GC(690) Old regions: 200->200
[2025-04-04T15:58:36.589-0400][170574.024s][info ][gc,heap     ] GC(690) Archive regions: 0->0
[2025-04-04T15:58:36.589-0400][170574.024s][info ][gc,heap     ] GC(690) Humongous regions: 2->2
[2025-04-04T15:58:36.589-0400][170574.024s][info ][gc,metaspace] GC(690) Metaspace: 199350K(201152K)->199350K(201152K) NonClass: 175602K(176512K)->175602K(176512K) Class: 23747K(24640K)->23747K(24640K)
[2025-04-04T15:58:36.589-0400][170574.024s][info ][gc          ] GC(690) Pause Young (Normal) (G1 Evacuation Pause) 455M->202M(512M) 8.443ms
[2025-04-04T15:58:36.589-0400][170574.024s][info ][gc,cpu      ] GC(690) User=0.00s Sys=0.00s Real=0.01s
[2025-04-04T15:58:36.590-0400][170574.024s][info ][safepoint   ] Safepoint "G1CollectForAllocation", Time since last: 209708937700 ns, Reaching safepoint: 122600 ns, Cleanup: 5900 ns, At safepoint: 8680400 ns, Total: 8808900 ns
[2025-04-04T16:02:09.485-0400][170786.920s][debug][safepoint   ] Safepoint synchronization initiated using striped semaphore wait barrier. (245 threads)
[2025-04-04T16:02:09.485-0400][170786.920s][info ][gc,start    ] GC(691) Pause Young (Normal) (G1 Evacuation Pause)
[2025-04-04T16:02:09.485-0400][170786.920s][info ][gc,task     ] GC(691) Using 23 workers of 23 for evacuation
[2025-04-04T16:02:09.492-0400][170786.927s][info ][gc,phases   ] GC(691)   Pre Evacuate Collection Set: 0.3ms
[2025-04-04T16:02:09.492-0400][170786.927s][info ][gc,phases   ] GC(691)   Merge Heap Roots: 0.3ms
[2025-04-04T16:02:09.492-0400][170786.927s][info ][gc,phases   ] GC(691)   Evacuate Collection Set: 3.7ms
[2025-04-04T16:02:09.492-0400][170786.927s][info ][gc,phases   ] GC(691)   Post Evacuate Collection Set: 2.3ms
[2025-04-04T16:02:09.492-0400][170786.927s][info ][gc,phases   ] GC(691)   Other: 0.3ms
[2025-04-04T16:02:09.492-0400][170786.927s][info ][gc,heap     ] GC(691) Eden regions: 253->0(253)
[2025-04-04T16:02:09.492-0400][170786.927s][info ][gc,heap     ] GC(691) Survivor regions: 2->2(32)
[2025-04-04T16:02:09.492-0400][170786.927s][info ][gc,heap     ] GC(691) Old regions: 200->200
[2025-04-04T16:02:09.492-0400][170786.927s][info ][gc,heap     ] GC(691) Archive regions: 0->0
[2025-04-04T16:02:09.492-0400][170786.927s][info ][gc,heap     ] GC(691) Humongous regions: 2->2
[2025-04-04T16:02:09.492-0400][170786.927s][info ][gc,metaspace] GC(691) Metaspace: 199350K(201152K)->199350K(201152K) NonClass: 175602K(176512K)->175602K(176512K) Class: 23747K(24640K)->23747K(24640K)
[2025-04-04T16:02:09.492-0400][170786.928s][info ][gc          ] GC(691) Pause Young (Normal) (G1 Evacuation Pause) 455M->202M(512M) 7.329ms
[2025-04-04T16:02:09.492-0400][170786.928s][info ][gc,cpu      ] GC(691) User=0.03s Sys=0.00s Real=0.01s
[2025-04-04T16:02:09.493-0400][170786.928s][info ][safepoint   ] Safepoint "G1CollectForAllocation", Time since last: 212895539400 ns, Reaching safepoint: 157800 ns, Cleanup: 21200 ns, At safepoint: 7552900 ns, Total: 7731900 ns
[2025-04-04T16:05:40.903-0400][170998.337s][debug][safepoint   ] Safepoint synchronization initiated using striped semaphore wait barrier. (245 threads)
[2025-04-04T16:05:40.903-0400][170998.338s][info ][gc,start    ] GC(692) Pause Young (Normal) (G1 Evacuation Pause)
[2025-04-04T16:05:40.903-0400][170998.338s][info ][gc,task     ] GC(692) Using 23 workers of 23 for evacuation
[2025-04-04T16:05:40.910-0400][170998.344s][info ][gc,phases   ] GC(692)   Pre Evacuate Collection Set: 0.3ms
[2025-04-04T16:05:40.910-0400][170998.345s][info ][gc,phases   ] GC(692)   Merge Heap Roots: 0.3ms
[2025-04-04T16:05:40.910-0400][170998.345s][info ][gc,phases   ] GC(692)   Evacuate Collection Set: 3.6ms
[2025-04-04T16:05:40.910-0400][170998.345s][info ][gc,phases   ] GC(692)   Post Evacuate Collection Set: 2.3ms
[2025-04-04T16:05:40.910-0400][170998.345s][info ][gc,phases   ] GC(692)   Other: 0.2ms
[2025-04-04T16:05:40.910-0400][170998.345s][info ][gc,heap     ] GC(692) Eden regions: 253->0(253)
[2025-04-04T16:05:40.910-0400][170998.345s][info ][gc,heap     ] GC(692) Survivor regions: 2->2(32)
[2025-04-04T16:05:40.910-0400][170998.345s][info ][gc,heap     ] GC(692) Old regions: 200->200
[2025-04-04T16:05:40.910-0400][170998.345s][info ][gc,heap     ] GC(692) Archive regions: 0->0
[2025-04-04T16:05:40.910-0400][170998.345s][info ][gc,heap     ] GC(692) Humongous regions: 2->2
[2025-04-04T16:05:40.910-0400][170998.345s][info ][gc,metaspace] GC(692) Metaspace: 199350K(201152K)->199350K(201152K) NonClass: 175602K(176512K)->175602K(176512K) Class: 23747K(24640K)->23747K(24640K)
[2025-04-04T16:05:40.910-0400][170998.345s][info ][gc          ] GC(692) Pause Young (Normal) (G1 Evacuation Pause) 455M->202M(512M) 7.005ms
[2025-04-04T16:05:40.910-0400][170998.345s][info ][gc,cpu      ] GC(692) User=0.06s Sys=0.00s Real=0.01s
[2025-04-04T16:05:40.910-0400][170998.345s][info ][safepoint   ] Safepoint "G1CollectForAllocation", Time since last: 211409840500 ns, Reaching safepoint: 137800 ns, Cleanup: 10300 ns, At safepoint: 7229600 ns, Total: 7377700 ns
[2025-04-04T16:09:13.867-0400][171211.302s][debug][safepoint   ] Safepoint synchronization initiated using striped semaphore wait barrier. (245 threads)
[2025-04-04T16:09:13.867-0400][171211.302s][info ][gc,start    ] GC(693) Pause Young (Normal) (G1 Evacuation Pause)
[2025-04-04T16:09:13.867-0400][171211.302s][info ][gc,task     ] GC(693) Using 23 workers of 23 for evacuation
[2025-04-04T16:09:13.873-0400][171211.308s][info ][gc,phases   ] GC(693)   Pre Evacuate Collection Set: 0.4ms
[2025-04-04T16:09:13.873-0400][171211.308s][info ][gc,phases   ] GC(693)   Merge Heap Roots: 0.3ms
[2025-04-04T16:09:13.873-0400][171211.308s][info ][gc,phases   ] GC(693)   Evacuate Collection Set: 2.7ms
[2025-04-04T16:09:13.873-0400][171211.308s][info ][gc,phases   ] GC(693)   Post Evacuate Collection Set: 2.2ms
[2025-04-04T16:09:13.873-0400][171211.308s][info ][gc,phases   ] GC(693)   Other: 0.3ms
[2025-04-04T16:09:13.873-0400][171211.308s][info ][gc,heap     ] GC(693) Eden regions: 253->0(253)
[2025-04-04T16:09:13.873-0400][171211.308s][info ][gc,heap     ] GC(693) Survivor regions: 2->2(32)
[2025-04-04T16:09:13.873-0400][171211.308s][info ][gc,heap     ] GC(693) Old regions: 200->200
[2025-04-04T16:09:13.873-0400][171211.308s][info ][gc,heap     ] GC(693) Archive regions: 0->0
[2025-04-04T16:09:13.873-0400][171211.308s][info ][gc,heap     ] GC(693) Humongous regions: 2->2
[2025-04-04T16:09:13.873-0400][171211.308s][info ][gc,metaspace] GC(693) Metaspace: 199350K(201152K)->199350K(201152K) NonClass: 175602K(176512K)->175602K(176512K) Class: 23747K(24640K)->23747K(24640K)
[2025-04-04T16:09:13.873-0400][171211.308s][info ][gc          ] GC(693) Pause Young (Normal) (G1 Evacuation Pause) 455M->202M(512M) 6.140ms
[2025-04-04T16:09:13.874-0400][171211.308s][info ][gc,cpu      ] GC(693) User=0.00s Sys=0.00s Real=0.01s
[2025-04-04T16:09:13.874-0400][171211.308s][info ][safepoint   ] Safepoint "G1CollectForAllocation", Time since last: 212957004500 ns, Reaching safepoint: 165500 ns, Cleanup: 22600 ns, At safepoint: 6356800 ns, Total: 6544900 ns
[2025-04-04T16:12:45.674-0400][171423.109s][debug][safepoint   ] Safepoint synchronization initiated using striped semaphore wait barrier. (245 threads)
[2025-04-04T16:12:45.674-0400][171423.109s][info ][gc,start    ] GC(694) Pause Young (Normal) (G1 Evacuation Pause)
[2025-04-04T16:12:45.674-0400][171423.109s][info ][gc,task     ] GC(694) Using 23 workers of 23 for evacuation
[2025-04-04T16:12:45.677-0400][171423.112s][info ][gc,phases   ] GC(694)   Pre Evacuate Collection Set: 0.3ms
[2025-04-04T16:12:45.677-0400][171423.112s][info ][gc,phases   ] GC(694)   Merge Heap Roots: 0.2ms
[2025-04-04T16:12:45.677-0400][171423.112s][info ][gc,phases   ] GC(694)   Evacuate Collection Set: 1.2ms
[2025-04-04T16:12:45.677-0400][171423.112s][info ][gc,phases   ] GC(694)   Post Evacuate Collection Set: 1.4ms
[2025-04-04T16:12:45.677-0400][171423.112s][info ][gc,phases   ] GC(694)   Other: 0.1ms
[2025-04-04T16:12:45.677-0400][171423.112s][info ][gc,heap     ] GC(694) Eden regions: 253->0(253)
[2025-04-04T16:12:45.677-0400][171423.112s][info ][gc,heap     ] GC(694) Survivor regions: 2->2(32)
[2025-04-04T16:12:45.677-0400][171423.112s][info ][gc,heap     ] GC(694) Old regions: 200->200
[2025-04-04T16:12:45.677-0400][171423.112s][info ][gc,heap     ] GC(694) Archive regions: 0->0
[2025-04-04T16:12:45.677-0400][171423.112s][info ][gc,heap     ] GC(694) Humongous regions: 2->2
[2025-04-04T16:12:45.677-0400][171423.112s][info ][gc,metaspace] GC(694) Metaspace: 199350K(201152K)->199350K(201152K) NonClass: 175602K(176512K)->175602K(176512K) Class: 23747K(24640K)->23747K(24640K)
[2025-04-04T16:12:45.677-0400][171423.112s][info ][gc          ] GC(694) Pause Young (Normal) (G1 Evacuation Pause) 455M->202M(512M) 3.134ms
[2025-04-04T16:12:45.677-0400][171423.112s][info ][gc,cpu      ] GC(694) User=0.00s Sys=0.00s Real=0.00s
[2025-04-04T16:12:45.677-0400][171423.112s][info ][safepoint   ] Safepoint "G1CollectForAllocation", Time since last: 211800420200 ns, Reaching safepoint: 43200 ns, Cleanup: 2800 ns, At safepoint: 3202900 ns, Total: 3248900 ns
[2025-04-04T16:16:18.926-0400][171636.360s][debug][safepoint   ] Safepoint synchronization initiated using striped semaphore wait barrier. (245 threads)
[2025-04-04T16:16:18.926-0400][171636.360s][info ][gc,start    ] GC(695) Pause Young (Normal) (G1 Evacuation Pause)
[2025-04-04T16:16:18.926-0400][171636.360s][info ][gc,task     ] GC(695) Using 23 workers of 23 for evacuation
[2025-04-04T16:16:18.928-0400][171636.363s][info ][gc,phases   ] GC(695)   Pre Evacuate Collection Set: 0.2ms
[2025-04-04T16:16:18.928-0400][171636.364s][info ][gc,phases   ] GC(695)   Merge Heap Roots: 0.2ms
[2025-04-04T16:16:18.928-0400][171636.364s][info ][gc,phases   ] GC(695)   Evacuate Collection Set: 1.4ms
[2025-04-04T16:16:18.928-0400][171636.364s][info ][gc,phases   ] GC(695)   Post Evacuate Collection Set: 1.2ms
[2025-04-04T16:16:18.928-0400][171636.364s][info ][gc,phases   ] GC(695)   Other: 0.1ms
[2025-04-04T16:16:18.928-0400][171636.364s][info ][gc,heap     ] GC(695) Eden regions: 253->0(253)
[2025-04-04T16:16:18.928-0400][171636.364s][info ][gc,heap     ] GC(695) Survivor regions: 2->2(32)
[2025-04-04T16:16:18.928-0400][171636.364s][info ][gc,heap     ] GC(695) Old regions: 200->200
[2025-04-04T16:16:18.928-0400][171636.364s][info ][gc,heap     ] GC(695) Archive regions: 0->0
[2025-04-04T16:16:18.928-0400][171636.364s][info ][gc,heap     ] GC(695) Humongous regions: 2->2
[2025-04-04T16:16:18.928-0400][171636.364s][info ][gc,metaspace] GC(695) Metaspace: 199350K(201152K)->199350K(201152K) NonClass: 175602K(176512K)->175602K(176512K) Class: 23747K(24640K)->23747K(24640K)
[2025-04-04T16:16:18.928-0400][171636.364s][info ][gc          ] GC(695) Pause Young (Normal) (G1 Evacuation Pause) 455M->202M(512M) 3.197ms
[2025-04-04T16:16:18.928-0400][171636.364s][info ][gc,cpu      ] GC(695) User=0.00s Sys=0.00s Real=0.00s
[2025-04-04T16:16:18.928-0400][171636.364s][info ][safepoint   ] Safepoint "G1CollectForAllocation", Time since last: 213248166300 ns, Reaching safepoint: 78700 ns, Cleanup: 6100 ns, At safepoint: 3285500 ns, Total: 3370300 ns
[2025-04-04T16:19:50.458-0400][171847.892s][debug][safepoint   ] Safepoint synchronization initiated using striped semaphore wait barrier. (245 threads)
[2025-04-04T16:19:50.458-0400][171847.893s][info ][gc,start    ] GC(696) Pause Young (Normal) (G1 Evacuation Pause)
[2025-04-04T16:19:50.458-0400][171847.893s][info ][gc,task     ] GC(696) Using 23 workers of 23 for evacuation
[2025-04-04T16:19:50.464-0400][171847.899s][info ][gc,phases   ] GC(696)   Pre Evacuate Collection Set: 0.4ms
[2025-04-04T16:19:50.464-0400][171847.899s][info ][gc,phases   ] GC(696)   Merge Heap Roots: 0.3ms
[2025-04-04T16:19:50.464-0400][171847.899s][info ][gc,phases   ] GC(696)   Evacuate Collection Set: 3.5ms
[2025-04-04T16:19:50.464-0400][171847.899s][info ][gc,phases   ] GC(696)   Post Evacuate Collection Set: 1.8ms
[2025-04-04T16:19:50.464-0400][171847.899s][info ][gc,phases   ] GC(696)   Other: 0.2ms
[2025-04-04T16:19:50.464-0400][171847.899s][info ][gc,heap     ] GC(696) Eden regions: 253->0(253)
[2025-04-04T16:19:50.464-0400][171847.899s][info ][gc,heap     ] GC(696) Survivor regions: 2->2(32)
[2025-04-04T16:19:50.464-0400][171847.899s][info ][gc,heap     ] GC(696) Old regions: 200->200
[2025-04-04T16:19:50.464-0400][171847.899s][info ][gc,heap     ] GC(696) Archive regions: 0->0
[2025-04-04T16:19:50.464-0400][171847.899s][info ][gc,heap     ] GC(696) Humongous regions: 2->2
[2025-04-04T16:19:50.464-0400][171847.899s][info ][gc,metaspace] GC(696) Metaspace: 199350K(201152K)->199350K(201152K) NonClass: 175602K(176512K)->175602K(176512K) Class: 23747K(24640K)->23747K(24640K)
[2025-04-04T16:19:50.464-0400][171847.899s][info ][gc          ] GC(696) Pause Young (Normal) (G1 Evacuation Pause) 455M->202M(512M) 6.395ms
[2025-04-04T16:19:50.464-0400][171847.899s][info ][gc,cpu      ] GC(696) User=0.00s Sys=0.00s Real=0.01s
[2025-04-04T16:19:50.464-0400][171847.899s][info ][safepoint   ] Safepoint "G1CollectForAllocation", Time since last: 211528805100 ns, Reaching safepoint: 119000 ns, Cleanup: 7500 ns, At safepoint: 6555400 ns, Total: 6681900 ns
[2025-04-04T16:23:22.940-0400][172060.375s][debug][safepoint   ] Safepoint synchronization initiated using striped semaphore wait barrier. (245 threads)
[2025-04-04T16:23:22.940-0400][172060.375s][info ][gc,start    ] GC(697) Pause Young (Normal) (G1 Evacuation Pause)
[2025-04-04T16:23:22.940-0400][172060.375s][info ][gc,task     ] GC(697) Using 23 workers of 23 for evacuation
[2025-04-04T16:23:22.945-0400][172060.381s][info ][gc,phases   ] GC(697)   Pre Evacuate Collection Set: 0.3ms
[2025-04-04T16:23:22.945-0400][172060.381s][info ][gc,phases   ] GC(697)   Merge Heap Roots: 0.3ms
[2025-04-04T16:23:22.945-0400][172060.381s][info ][gc,phases   ] GC(697)   Evacuate Collection Set: 2.7ms
[2025-04-04T16:23:22.946-0400][172060.381s][info ][gc,phases   ] GC(697)   Post Evacuate Collection Set: 1.9ms
[2025-04-04T16:23:22.946-0400][172060.381s][info ][gc,phases   ] GC(697)   Other: 0.2ms
[2025-04-04T16:23:22.946-0400][172060.381s][info ][gc,heap     ] GC(697) Eden regions: 253->0(253)
[2025-04-04T16:23:22.946-0400][172060.381s][info ][gc,heap     ] GC(697) Survivor regions: 2->2(32)
[2025-04-04T16:23:22.946-0400][172060.381s][info ][gc,heap     ] GC(697) Old regions: 200->200
[2025-04-04T16:23:22.946-0400][172060.381s][info ][gc,heap     ] GC(697) Archive regions: 0->0
[2025-04-04T16:23:22.946-0400][172060.381s][info ][gc,heap     ] GC(697) Humongous regions: 2->2
[2025-04-04T16:23:22.946-0400][172060.381s][info ][gc,metaspace] GC(697) Metaspace: 199350K(201152K)->199350K(201152K) NonClass: 175602K(176512K)->175602K(176512K) Class: 23747K(24640K)->23747K(24640K)
[2025-04-04T16:23:22.946-0400][172060.381s][info ][gc          ] GC(697) Pause Young (Normal) (G1 Evacuation Pause) 455M->202M(512M) 5.639ms
[2025-04-04T16:23:22.946-0400][172060.381s][info ][gc,cpu      ] GC(697) User=0.00s Sys=0.00s Real=0.01s
[2025-04-04T16:23:22.946-0400][172060.381s][info ][safepoint   ] Safepoint "G1CollectForAllocation", Time since last: 212475780900 ns, Reaching safepoint: 222700 ns, Cleanup: 7200 ns, At safepoint: 5812200 ns, Total: 6042100 ns
[2025-04-04T16:25:51.014-0400][172208.448s][debug][safepoint   ] Safepoint synchronization initiated using striped semaphore wait barrier. (247 threads)
[2025-04-04T16:25:51.014-0400][172208.449s][info ][safepoint   ] Safepoint "Cleanup", Time since last: 148067541100 ns, Reaching safepoint: 182600 ns, Cleanup: 24700 ns, At safepoint: 7400 ns, Total: 214700 ns
[2025-04-04T16:26:52.063-0400][172269.498s][debug][safepoint   ] Safepoint synchronization initiated using striped semaphore wait barrier. (245 threads)
[2025-04-04T16:26:52.063-0400][172269.498s][info ][gc,start    ] GC(698) Pause Young (Normal) (G1 Evacuation Pause)
[2025-04-04T16:26:52.063-0400][172269.498s][info ][gc,task     ] GC(698) Using 23 workers of 23 for evacuation
[2025-04-04T16:26:52.070-0400][172269.505s][info ][gc,phases   ] GC(698)   Pre Evacuate Collection Set: 0.3ms
[2025-04-04T16:26:52.070-0400][172269.505s][info ][gc,phases   ] GC(698)   Merge Heap Roots: 0.3ms
[2025-04-04T16:26:52.070-0400][172269.506s][info ][gc,phases   ] GC(698)   Evacuate Collection Set: 3.7ms
[2025-04-04T16:26:52.070-0400][172269.506s][info ][gc,phases   ] GC(698)   Post Evacuate Collection Set: 2.6ms
[2025-04-04T16:26:52.070-0400][172269.506s][info ][gc,phases   ] GC(698)   Other: 0.3ms
[2025-04-04T16:26:52.070-0400][172269.506s][info ][gc,heap     ] GC(698) Eden regions: 253->0(253)
[2025-04-04T16:26:52.070-0400][172269.506s][info ][gc,heap     ] GC(698) Survivor regions: 2->2(32)
[2025-04-04T16:26:52.070-0400][172269.506s][info ][gc,heap     ] GC(698) Old regions: 200->200
[2025-04-04T16:26:52.070-0400][172269.506s][info ][gc,heap     ] GC(698) Archive regions: 0->0
[2025-04-04T16:26:52.070-0400][172269.506s][info ][gc,heap     ] GC(698) Humongous regions: 2->2
[2025-04-04T16:26:52.070-0400][172269.506s][info ][gc,metaspace] GC(698) Metaspace: 199350K(201152K)->199350K(201152K) NonClass: 175602K(176512K)->175602K(176512K) Class: 23747K(24640K)->23747K(24640K)
[2025-04-04T16:26:52.070-0400][172269.506s][info ][gc          ] GC(698) Pause Young (Normal) (G1 Evacuation Pause) 455M->202M(512M) 7.444ms
[2025-04-04T16:26:52.070-0400][172269.506s][info ][gc,cpu      ] GC(698) User=0.03s Sys=0.00s Real=0.01s
[2025-04-04T16:26:52.071-0400][172269.506s][info ][safepoint   ] Safepoint "G1CollectForAllocation", Time since last: 61049311800 ns, Reaching safepoint: 151400 ns, Cleanup: 5600 ns, At safepoint: 7643100 ns, Total: 7800100 ns
[2025-04-04T16:30:23.501-0400][172480.936s][debug][safepoint   ] Safepoint synchronization initiated using striped semaphore wait barrier. (245 threads)
[2025-04-04T16:30:23.501-0400][172480.936s][info ][gc,start    ] GC(699) Pause Young (Normal) (G1 Evacuation Pause)
[2025-04-04T16:30:23.501-0400][172480.936s][info ][gc,task     ] GC(699) Using 23 workers of 23 for evacuation
[2025-04-04T16:30:23.510-0400][172480.945s][info ][gc,phases   ] GC(699)   Pre Evacuate Collection Set: 0.4ms
[2025-04-04T16:30:23.510-0400][172480.945s][info ][gc,phases   ] GC(699)   Merge Heap Roots: 0.3ms
[2025-04-04T16:30:23.510-0400][172480.945s][info ][gc,phases   ] GC(699)   Evacuate Collection Set: 6.2ms
[2025-04-04T16:30:23.510-0400][172480.945s][info ][gc,phases   ] GC(699)   Post Evacuate Collection Set: 1.9ms
[2025-04-04T16:30:23.510-0400][172480.945s][info ][gc,phases   ] GC(699)   Other: 0.3ms
[2025-04-04T16:30:23.510-0400][172480.945s][info ][gc,heap     ] GC(699) Eden regions: 253->0(253)
[2025-04-04T16:30:23.510-0400][172480.945s][info ][gc,heap     ] GC(699) Survivor regions: 2->2(32)
[2025-04-04T16:30:23.510-0400][172480.945s][info ][gc,heap     ] GC(699) Old regions: 200->200
[2025-04-04T16:30:23.510-0400][172480.945s][info ][gc,heap     ] GC(699) Archive regions: 0->0
[2025-04-04T16:30:23.510-0400][172480.945s][info ][gc,heap     ] GC(699) Humongous regions: 2->2
[2025-04-04T16:30:23.510-0400][172480.945s][info ][gc,metaspace] GC(699) Metaspace: 199350K(201152K)->199350K(201152K) NonClass: 175602K(176512K)->175602K(176512K) Class: 23747K(24640K)->23747K(24640K)
[2025-04-04T16:30:23.510-0400][172480.945s][info ][gc          ] GC(699) Pause Young (Normal) (G1 Evacuation Pause) 455M->202M(512M) 9.301ms
[2025-04-04T16:30:23.510-0400][172480.945s][info ][gc,cpu      ] GC(699) User=0.02s Sys=0.00s Real=0.01s
[2025-04-04T16:30:23.510-0400][172480.945s][info ][safepoint   ] Safepoint "G1CollectForAllocation", Time since last: 211430029300 ns, Reaching safepoint: 165600 ns, Cleanup: 6200 ns, At safepoint: 9496000 ns, Total: 9667800 ns
[2025-04-04T16:33:56.637-0400][172694.072s][debug][safepoint   ] Safepoint synchronization initiated using striped semaphore wait barrier. (245 threads)
[2025-04-04T16:33:56.637-0400][172694.072s][info ][gc,start    ] GC(700) Pause Young (Normal) (G1 Evacuation Pause)
[2025-04-04T16:33:56.637-0400][172694.072s][info ][gc,task     ] GC(700) Using 23 workers of 23 for evacuation
[2025-04-04T16:33:56.644-0400][172694.079s][info ][gc,phases   ] GC(700)   Pre Evacuate Collection Set: 0.6ms
[2025-04-04T16:33:56.644-0400][172694.079s][info ][gc,phases   ] GC(700)   Merge Heap Roots: 0.4ms
[2025-04-04T16:33:56.644-0400][172694.079s][info ][gc,phases   ] GC(700)   Evacuate Collection Set: 3.1ms
[2025-04-04T16:33:56.644-0400][172694.079s][info ][gc,phases   ] GC(700)   Post Evacuate Collection Set: 2.3ms
[2025-04-04T16:33:56.644-0400][172694.079s][info ][gc,phases   ] GC(700)   Other: 0.3ms
[2025-04-04T16:33:56.644-0400][172694.079s][info ][gc,heap     ] GC(700) Eden regions: 253->0(253)
[2025-04-04T16:33:56.644-0400][172694.079s][info ][gc,heap     ] GC(700) Survivor regions: 2->2(32)
[2025-04-04T16:33:56.644-0400][172694.079s][info ][gc,heap     ] GC(700) Old regions: 200->200
[2025-04-04T16:33:56.644-0400][172694.079s][info ][gc,heap     ] GC(700) Archive regions: 0->0
[2025-04-04T16:33:56.644-0400][172694.079s][info ][gc,heap     ] GC(700) Humongous regions: 2->2
[2025-04-04T16:33:56.644-0400][172694.079s][info ][gc,metaspace] GC(700) Metaspace: 199350K(201152K)->199350K(201152K) NonClass: 175602K(176512K)->175602K(176512K) Class: 23747K(24640K)->23747K(24640K)
[2025-04-04T16:33:56.644-0400][172694.079s][info ][gc          ] GC(700) Pause Young (Normal) (G1 Evacuation Pause) 455M->202M(512M) 6.933ms
[2025-04-04T16:33:56.644-0400][172694.079s][info ][gc,cpu      ] GC(700) User=0.02s Sys=0.03s Real=0.01s
[2025-04-04T16:33:56.644-0400][172694.079s][info ][safepoint   ] Safepoint "G1CollectForAllocation", Time since last: 213126487600 ns, Reaching safepoint: 162700 ns, Cleanup: 65800 ns, At safepoint: 7129500 ns, Total: 7358000 ns
[2025-04-04T16:36:11.704-0400][172829.138s][debug][safepoint   ] Safepoint synchronization initiated using striped semaphore wait barrier. (247 threads)
[2025-04-04T16:36:11.704-0400][172829.139s][info ][safepoint   ] Safepoint "Cleanup", Time since last: 135058973300 ns, Reaching safepoint: 173300 ns, Cleanup: 23600 ns, At safepoint: 6800 ns, Total: 203700 ns
[2025-04-04T16:37:27.492-0400][172904.926s][debug][safepoint   ] Safepoint synchronization initiated using striped semaphore wait barrier. (246 threads)
[2025-04-04T16:37:27.492-0400][172904.927s][info ][gc,start    ] GC(701) Pause Young (Normal) (G1 Evacuation Pause)
[2025-04-04T16:37:27.492-0400][172904.927s][info ][gc,task     ] GC(701) Using 23 workers of 23 for evacuation
[2025-04-04T16:37:27.501-0400][172904.937s][info ][gc,phases   ] GC(701)   Pre Evacuate Collection Set: 0.4ms
[2025-04-04T16:37:27.501-0400][172904.937s][info ][gc,phases   ] GC(701)   Merge Heap Roots: 0.3ms
[2025-04-04T16:37:27.501-0400][172904.937s][info ][gc,phases   ] GC(701)   Evacuate Collection Set: 6.4ms
[2025-04-04T16:37:27.501-0400][172904.937s][info ][gc,phases   ] GC(701)   Post Evacuate Collection Set: 2.9ms
[2025-04-04T16:37:27.501-0400][172904.937s][info ][gc,phases   ] GC(701)   Other: 0.3ms
[2025-04-04T16:37:27.501-0400][172904.937s][info ][gc,heap     ] GC(701) Eden regions: 253->0(253)
[2025-04-04T16:37:27.501-0400][172904.937s][info ][gc,heap     ] GC(701) Survivor regions: 2->2(32)
[2025-04-04T16:37:27.501-0400][172904.937s][info ][gc,heap     ] GC(701) Old regions: 200->200
[2025-04-04T16:37:27.501-0400][172904.937s][info ][gc,heap     ] GC(701) Archive regions: 0->0
[2025-04-04T16:37:27.501-0400][172904.937s][info ][gc,heap     ] GC(701) Humongous regions: 2->2
[2025-04-04T16:37:27.501-0400][172904.937s][info ][gc,metaspace] GC(701) Metaspace: 199358K(201152K)->199358K(201152K) NonClass: 175611K(176512K)->175611K(176512K) Class: 23747K(24640K)->23747K(24640K)
[2025-04-04T16:37:27.501-0400][172904.937s][info ][gc          ] GC(701) Pause Young (Normal) (G1 Evacuation Pause) 455M->202M(512M) 10.406ms
[2025-04-04T16:37:27.501-0400][172904.937s][info ][gc,cpu      ] GC(701) User=0.00s Sys=0.00s Real=0.01s
[2025-04-04T16:37:27.503-0400][172904.937s][info ][safepoint   ] Safepoint "G1CollectForAllocation", Time since last: 75787712500 ns, Reaching safepoint: 171700 ns, Cleanup: 7400 ns, At safepoint: 10649500 ns, Total: 10828600 ns
[2025-04-04T16:41:00.814-0400][173118.249s][debug][safepoint   ] Safepoint synchronization initiated using striped semaphore wait barrier. (246 threads)
[2025-04-04T16:41:00.814-0400][173118.249s][info ][gc,start    ] GC(702) Pause Young (Normal) (G1 Evacuation Pause)
[2025-04-04T16:41:00.814-0400][173118.249s][info ][gc,task     ] GC(702) Using 23 workers of 23 for evacuation
[2025-04-04T16:41:00.817-0400][173118.252s][info ][gc,phases   ] GC(702)   Pre Evacuate Collection Set: 0.2ms
[2025-04-04T16:41:00.817-0400][173118.252s][info ][gc,phases   ] GC(702)   Merge Heap Roots: 0.2ms
[2025-04-04T16:41:00.817-0400][173118.252s][info ][gc,phases   ] GC(702)   Evacuate Collection Set: 1.8ms
[2025-04-04T16:41:00.817-0400][173118.252s][info ][gc,phases   ] GC(702)   Post Evacuate Collection Set: 1.2ms
[2025-04-04T16:41:00.817-0400][173118.252s][info ][gc,phases   ] GC(702)   Other: 0.2ms
[2025-04-04T16:41:00.817-0400][173118.252s][info ][gc,heap     ] GC(702) Eden regions: 253->0(253)
[2025-04-04T16:41:00.817-0400][173118.252s][info ][gc,heap     ] GC(702) Survivor regions: 2->2(32)
[2025-04-04T16:41:00.817-0400][173118.252s][info ][gc,heap     ] GC(702) Old regions: 200->200
[2025-04-04T16:41:00.817-0400][173118.252s][info ][gc,heap     ] GC(702) Archive regions: 0->0
[2025-04-04T16:41:00.817-0400][173118.252s][info ][gc,heap     ] GC(702) Humongous regions: 2->2
[2025-04-04T16:41:00.817-0400][173118.252s][info ][gc,metaspace] GC(702) Metaspace: 199358K(201152K)->199358K(201152K) NonClass: 175611K(176512K)->175611K(176512K) Class: 23747K(24640K)->23747K(24640K)
[2025-04-04T16:41:00.818-0400][173118.252s][info ][gc          ] GC(702) Pause Young (Normal) (G1 Evacuation Pause) 455M->202M(512M) 3.641ms
[2025-04-04T16:41:00.818-0400][173118.253s][info ][gc,cpu      ] GC(702) User=0.02s Sys=0.02s Real=0.00s
[2025-04-04T16:41:00.818-0400][173118.253s][info ][safepoint   ] Safepoint "G1CollectForAllocation", Time since last: 213311620100 ns, Reaching safepoint: 101700 ns, Cleanup: 4000 ns, At safepoint: 3772000 ns, Total: 3877700 ns
[2025-04-04T16:44:32.618-0400][173330.053s][debug][safepoint   ] Safepoint synchronization initiated using striped semaphore wait barrier. (246 threads)
[2025-04-04T16:44:32.618-0400][173330.053s][info ][gc,start    ] GC(703) Pause Young (Normal) (G1 Evacuation Pause)
[2025-04-04T16:44:32.618-0400][173330.053s][info ][gc,task     ] GC(703) Using 23 workers of 23 for evacuation
[2025-04-04T16:44:32.624-0400][173330.058s][info ][gc,phases   ] GC(703)   Pre Evacuate Collection Set: 0.4ms
[2025-04-04T16:44:32.624-0400][173330.058s][info ][gc,phases   ] GC(703)   Merge Heap Roots: 0.2ms
[2025-04-04T16:44:32.624-0400][173330.058s][info ][gc,phases   ] GC(703)   Evacuate Collection Set: 2.5ms
[2025-04-04T16:44:32.624-0400][173330.058s][info ][gc,phases   ] GC(703)   Post Evacuate Collection Set: 2.1ms
[2025-04-04T16:44:32.624-0400][173330.058s][info ][gc,phases   ] GC(703)   Other: 0.2ms
[2025-04-04T16:44:32.624-0400][173330.058s][info ][gc,heap     ] GC(703) Eden regions: 253->0(253)
[2025-04-04T16:44:32.624-0400][173330.058s][info ][gc,heap     ] GC(703) Survivor regions: 2->2(32)
[2025-04-04T16:44:32.624-0400][173330.058s][info ][gc,heap     ] GC(703) Old regions: 200->200
[2025-04-04T16:44:32.624-0400][173330.058s][info ][gc,heap     ] GC(703) Archive regions: 0->0
[2025-04-04T16:44:32.624-0400][173330.058s][info ][gc,heap     ] GC(703) Humongous regions: 2->2
[2025-04-04T16:44:32.624-0400][173330.059s][info ][gc,metaspace] GC(703) Metaspace: 199358K(201152K)->199358K(201152K) NonClass: 175611K(176512K)->175611K(176512K) Class: 23747K(24640K)->23747K(24640K)
[2025-04-04T16:44:32.624-0400][173330.059s][info ][gc          ] GC(703) Pause Young (Normal) (G1 Evacuation Pause) 455M->202M(512M) 5.710ms
[2025-04-04T16:44:32.624-0400][173330.059s][info ][gc,cpu      ] GC(703) User=0.00s Sys=0.00s Real=0.01s
[2025-04-04T16:44:32.624-0400][173330.059s][info ][safepoint   ] Safepoint "G1CollectForAllocation", Time since last: 211800045700 ns, Reaching safepoint: 133400 ns, Cleanup: 27100 ns, At safepoint: 5883300 ns, Total: 6043800 ns
[2025-04-04T16:48:05.917-0400][173543.351s][debug][safepoint   ] Safepoint synchronization initiated using striped semaphore wait barrier. (246 threads)
[2025-04-04T16:48:05.917-0400][173543.352s][info ][gc,start    ] GC(704) Pause Young (Normal) (G1 Evacuation Pause)
[2025-04-04T16:48:05.917-0400][173543.352s][info ][gc,task     ] GC(704) Using 23 workers of 23 for evacuation
[2025-04-04T16:48:05.921-0400][173543.355s][info ][gc,phases   ] GC(704)   Pre Evacuate Collection Set: 0.2ms
[2025-04-04T16:48:05.921-0400][173543.355s][info ][gc,phases   ] GC(704)   Merge Heap Roots: 0.2ms
[2025-04-04T16:48:05.921-0400][173543.355s][info ][gc,phases   ] GC(704)   Evacuate Collection Set: 2.2ms
[2025-04-04T16:48:05.921-0400][173543.355s][info ][gc,phases   ] GC(704)   Post Evacuate Collection Set: 0.9ms
[2025-04-04T16:48:05.921-0400][173543.355s][info ][gc,phases   ] GC(704)   Other: 0.2ms
[2025-04-04T16:48:05.921-0400][173543.355s][info ][gc,heap     ] GC(704) Eden regions: 253->0(253)
[2025-04-04T16:48:05.921-0400][173543.355s][info ][gc,heap     ] GC(704) Survivor regions: 2->2(32)
[2025-04-04T16:48:05.921-0400][173543.355s][info ][gc,heap     ] GC(704) Old regions: 200->200
[2025-04-04T16:48:05.921-0400][173543.355s][info ][gc,heap     ] GC(704) Archive regions: 0->0
[2025-04-04T16:48:05.921-0400][173543.355s][info ][gc,heap     ] GC(704) Humongous regions: 2->2
[2025-04-04T16:48:05.921-0400][173543.355s][info ][gc,metaspace] GC(704) Metaspace: 199358K(201152K)->199358K(201152K) NonClass: 175611K(176512K)->175611K(176512K) Class: 23747K(24640K)->23747K(24640K)
[2025-04-04T16:48:05.921-0400][173543.355s][info ][gc          ] GC(704) Pause Young (Normal) (G1 Evacuation Pause) 455M->202M(512M) 3.737ms
[2025-04-04T16:48:05.921-0400][173543.355s][info ][gc,cpu      ] GC(704) User=0.00s Sys=0.00s Real=0.00s
[2025-04-04T16:48:05.921-0400][173543.355s][info ][safepoint   ] Safepoint "G1CollectForAllocation", Time since last: 213292728600 ns, Reaching safepoint: 89000 ns, Cleanup: 10200 ns, At safepoint: 3852600 ns, Total: 3951800 ns
[2025-04-04T16:51:37.820-0400][173755.255s][debug][safepoint   ] Safepoint synchronization initiated using striped semaphore wait barrier. (246 threads)
[2025-04-04T16:51:37.820-0400][173755.255s][info ][gc,start    ] GC(705) Pause Young (Normal) (G1 Evacuation Pause)
[2025-04-04T16:51:37.820-0400][173755.255s][info ][gc,task     ] GC(705) Using 23 workers of 23 for evacuation
[2025-04-04T16:51:37.825-0400][173755.261s][info ][gc,phases   ] GC(705)   Pre Evacuate Collection Set: 0.3ms
[2025-04-04T16:51:37.825-0400][173755.261s][info ][gc,phases   ] GC(705)   Merge Heap Roots: 0.2ms
[2025-04-04T16:51:37.825-0400][173755.261s][info ][gc,phases   ] GC(705)   Evacuate Collection Set: 2.3ms
[2025-04-04T16:51:37.825-0400][173755.261s][info ][gc,phases   ] GC(705)   Post Evacuate Collection Set: 2.3ms
[2025-04-04T16:51:37.825-0400][173755.261s][info ][gc,phases   ] GC(705)   Other: 0.2ms
[2025-04-04T16:51:37.825-0400][173755.261s][info ][gc,heap     ] GC(705) Eden regions: 253->0(253)
[2025-04-04T16:51:37.825-0400][173755.261s][info ][gc,heap     ] GC(705) Survivor regions: 2->2(32)
[2025-04-04T16:51:37.825-0400][173755.261s][info ][gc,heap     ] GC(705) Old regions: 200->200
[2025-04-04T16:51:37.825-0400][173755.261s][info ][gc,heap     ] GC(705) Archive regions: 0->0
[2025-04-04T16:51:37.825-0400][173755.261s][info ][gc,heap     ] GC(705) Humongous regions: 2->2
[2025-04-04T16:51:37.825-0400][173755.261s][info ][gc,metaspace] GC(705) Metaspace: 199358K(201152K)->199358K(201152K) NonClass: 175611K(176512K)->175611K(176512K) Class: 23747K(24640K)->23747K(24640K)
[2025-04-04T16:51:37.825-0400][173755.261s][info ][gc          ] GC(705) Pause Young (Normal) (G1 Evacuation Pause) 455M->202M(512M) 5.498ms
[2025-04-04T16:51:37.825-0400][173755.261s][info ][gc,cpu      ] GC(705) User=0.00s Sys=0.00s Real=0.01s
[2025-04-04T16:51:37.825-0400][173755.261s][info ][safepoint   ] Safepoint "G1CollectForAllocation", Time since last: 211899855200 ns, Reaching safepoint: 101100 ns, Cleanup: 4300 ns, At safepoint: 5633800 ns, Total: 5739200 ns
[2025-04-04T16:55:07.051-0400][173964.486s][debug][safepoint   ] Safepoint synchronization initiated using striped semaphore wait barrier. (245 threads)
[2025-04-04T16:55:07.051-0400][173964.486s][info ][gc,start    ] GC(706) Pause Young (Normal) (G1 Evacuation Pause)
[2025-04-04T16:55:07.051-0400][173964.486s][info ][gc,task     ] GC(706) Using 23 workers of 23 for evacuation
[2025-04-04T16:55:07.059-0400][173964.494s][info ][gc,phases   ] GC(706)   Pre Evacuate Collection Set: 0.4ms
[2025-04-04T16:55:07.059-0400][173964.494s][info ][gc,phases   ] GC(706)   Merge Heap Roots: 0.4ms
[2025-04-04T16:55:07.059-0400][173964.494s][info ][gc,phases   ] GC(706)   Evacuate Collection Set: 3.9ms
[2025-04-04T16:55:07.059-0400][173964.494s][info ][gc,phases   ] GC(706)   Post Evacuate Collection Set: 3.0ms
[2025-04-04T16:55:07.059-0400][173964.494s][info ][gc,phases   ] GC(706)   Other: 0.3ms
[2025-04-04T16:55:07.059-0400][173964.494s][info ][gc,heap     ] GC(706) Eden regions: 253->0(253)
[2025-04-04T16:55:07.059-0400][173964.494s][info ][gc,heap     ] GC(706) Survivor regions: 2->2(32)
[2025-04-04T16:55:07.059-0400][173964.494s][info ][gc,heap     ] GC(706) Old regions: 200->200
[2025-04-04T16:55:07.059-0400][173964.494s][info ][gc,heap     ] GC(706) Archive regions: 0->0
[2025-04-04T16:55:07.059-0400][173964.494s][info ][gc,heap     ] GC(706) Humongous regions: 2->2
[2025-04-04T16:55:07.059-0400][173964.494s][info ][gc,metaspace] GC(706) Metaspace: 199358K(201152K)->199358K(201152K) NonClass: 175611K(176512K)->175611K(176512K) Class: 23747K(24640K)->23747K(24640K)
[2025-04-04T16:55:07.059-0400][173964.494s][info ][gc          ] GC(706) Pause Young (Normal) (G1 Evacuation Pause) 455M->202M(512M) 8.210ms
[2025-04-04T16:55:07.059-0400][173964.494s][info ][gc,cpu      ] GC(706) User=0.00s Sys=0.00s Real=0.01s
[2025-04-04T16:55:07.059-0400][173964.494s][info ][safepoint   ] Safepoint "G1CollectForAllocation", Time since last: 209224627000 ns, Reaching safepoint: 238300 ns, Cleanup: 10600 ns, At safepoint: 8438200 ns, Total: 8687100 ns
[2025-04-04T16:58:38.169-0400][174175.604s][debug][safepoint   ] Safepoint synchronization initiated using striped semaphore wait barrier. (245 threads)
[2025-04-04T16:58:38.169-0400][174175.604s][info ][gc,start    ] GC(707) Pause Young (Normal) (G1 Evacuation Pause)
[2025-04-04T16:58:38.169-0400][174175.604s][info ][gc,task     ] GC(707) Using 23 workers of 23 for evacuation
[2025-04-04T16:58:38.176-0400][174175.611s][info ][gc,phases   ] GC(707)   Pre Evacuate Collection Set: 0.4ms
[2025-04-04T16:58:38.176-0400][174175.611s][info ][gc,phases   ] GC(707)   Merge Heap Roots: 0.3ms
[2025-04-04T16:58:38.176-0400][174175.611s][info ][gc,phases   ] GC(707)   Evacuate Collection Set: 4.1ms
[2025-04-04T16:58:38.176-0400][174175.611s][info ][gc,phases   ] GC(707)   Post Evacuate Collection Set: 2.0ms
[2025-04-04T16:58:38.176-0400][174175.611s][info ][gc,phases   ] GC(707)   Other: 0.3ms
[2025-04-04T16:58:38.176-0400][174175.611s][info ][gc,heap     ] GC(707) Eden regions: 253->0(253)
[2025-04-04T16:58:38.176-0400][174175.611s][info ][gc,heap     ] GC(707) Survivor regions: 2->2(32)
[2025-04-04T16:58:38.176-0400][174175.611s][info ][gc,heap     ] GC(707) Old regions: 200->200
[2025-04-04T16:58:38.176-0400][174175.611s][info ][gc,heap     ] GC(707) Archive regions: 0->0
[2025-04-04T16:58:38.176-0400][174175.611s][info ][gc,heap     ] GC(707) Humongous regions: 2->2
[2025-04-04T16:58:38.176-0400][174175.611s][info ][gc,metaspace] GC(707) Metaspace: 199358K(201152K)->199358K(201152K) NonClass: 175611K(176512K)->175611K(176512K) Class: 23747K(24640K)->23747K(24640K)
[2025-04-04T16:58:38.177-0400][174175.611s][info ][gc          ] GC(707) Pause Young (Normal) (G1 Evacuation Pause) 455M->202M(512M) 7.289ms
[2025-04-04T16:58:38.177-0400][174175.611s][info ][gc,cpu      ] GC(707) User=0.02s Sys=0.03s Real=0.01s
[2025-04-04T16:58:38.177-0400][174175.611s][info ][safepoint   ] Safepoint "G1CollectForAllocation", Time since last: 211109302400 ns, Reaching safepoint: 197400 ns, Cleanup: 8800 ns, At safepoint: 7470300 ns, Total: 7676500 ns
[2025-04-04T17:02:11.902-0400][174389.337s][debug][safepoint   ] Safepoint synchronization initiated using striped semaphore wait barrier. (246 threads)
[2025-04-04T17:02:11.903-0400][174389.337s][info ][gc,start    ] GC(708) Pause Young (Normal) (G1 Evacuation Pause)
[2025-04-04T17:02:11.903-0400][174389.337s][info ][gc,task     ] GC(708) Using 23 workers of 23 for evacuation
[2025-04-04T17:02:11.910-0400][174389.344s][info ][gc,phases   ] GC(708)   Pre Evacuate Collection Set: 0.5ms
[2025-04-04T17:02:11.910-0400][174389.344s][info ][gc,phases   ] GC(708)   Merge Heap Roots: 0.4ms
[2025-04-04T17:02:11.910-0400][174389.344s][info ][gc,phases   ] GC(708)   Evacuate Collection Set: 3.8ms
[2025-04-04T17:02:11.910-0400][174389.344s][info ][gc,phases   ] GC(708)   Post Evacuate Collection Set: 1.9ms
[2025-04-04T17:02:11.910-0400][174389.344s][info ][gc,phases   ] GC(708)   Other: 0.4ms
[2025-04-04T17:02:11.910-0400][174389.344s][info ][gc,heap     ] GC(708) Eden regions: 253->0(253)
[2025-04-04T17:02:11.910-0400][174389.344s][info ][gc,heap     ] GC(708) Survivor regions: 2->2(32)
[2025-04-04T17:02:11.910-0400][174389.344s][info ][gc,heap     ] GC(708) Old regions: 200->200
[2025-04-04T17:02:11.910-0400][174389.344s][info ][gc,heap     ] GC(708) Archive regions: 0->0
[2025-04-04T17:02:11.910-0400][174389.344s][info ][gc,heap     ] GC(708) Humongous regions: 2->2
[2025-04-04T17:02:11.910-0400][174389.344s][info ][gc,metaspace] GC(708) Metaspace: 199358K(201152K)->199358K(201152K) NonClass: 175611K(176512K)->175611K(176512K) Class: 23747K(24640K)->23747K(24640K)
[2025-04-04T17:02:11.910-0400][174389.344s][info ][gc          ] GC(708) Pause Young (Normal) (G1 Evacuation Pause) 455M->202M(512M) 6.979ms
[2025-04-04T17:02:11.910-0400][174389.344s][info ][gc,cpu      ] GC(708) User=0.08s Sys=0.00s Real=0.01s
[2025-04-04T17:02:11.910-0400][174389.344s][info ][safepoint   ] Safepoint "G1CollectForAllocation", Time since last: 213725663400 ns, Reaching safepoint: 285600 ns, Cleanup: 14300 ns, At safepoint: 7129700 ns, Total: 7429600 ns
[2025-04-04T17:05:44.142-0400][174601.577s][debug][safepoint   ] Safepoint synchronization initiated using striped semaphore wait barrier. (246 threads)
[2025-04-04T17:05:44.142-0400][174601.577s][info ][gc,start    ] GC(709) Pause Young (Normal) (G1 Evacuation Pause)
[2025-04-04T17:05:44.142-0400][174601.577s][info ][gc,task     ] GC(709) Using 23 workers of 23 for evacuation
[2025-04-04T17:05:44.145-0400][174601.580s][info ][gc,phases   ] GC(709)   Pre Evacuate Collection Set: 0.2ms
[2025-04-04T17:05:44.145-0400][174601.580s][info ][gc,phases   ] GC(709)   Merge Heap Roots: 0.2ms
[2025-04-04T17:05:44.145-0400][174601.580s][info ][gc,phases   ] GC(709)   Evacuate Collection Set: 1.9ms
[2025-04-04T17:05:44.145-0400][174601.580s][info ][gc,phases   ] GC(709)   Post Evacuate Collection Set: 1.0ms
[2025-04-04T17:05:44.145-0400][174601.580s][info ][gc,phases   ] GC(709)   Other: 0.1ms
[2025-04-04T17:05:44.145-0400][174601.580s][info ][gc,heap     ] GC(709) Eden regions: 253->0(253)
[2025-04-04T17:05:44.145-0400][174601.580s][info ][gc,heap     ] GC(709) Survivor regions: 2->2(32)
[2025-04-04T17:05:44.145-0400][174601.580s][info ][gc,heap     ] GC(709) Old regions: 200->200
[2025-04-04T17:05:44.145-0400][174601.580s][info ][gc,heap     ] GC(709) Archive regions: 0->0
[2025-04-04T17:05:44.145-0400][174601.580s][info ][gc,heap     ] GC(709) Humongous regions: 2->2
[2025-04-04T17:05:44.145-0400][174601.580s][info ][gc,metaspace] GC(709) Metaspace: 199358K(201152K)->199358K(201152K) NonClass: 175611K(176512K)->175611K(176512K) Class: 23747K(24640K)->23747K(24640K)
[2025-04-04T17:05:44.145-0400][174601.580s][info ][gc          ] GC(709) Pause Young (Normal) (G1 Evacuation Pause) 455M->202M(512M) 3.492ms
[2025-04-04T17:05:44.145-0400][174601.580s][info ][gc,cpu      ] GC(709) User=0.12s Sys=0.00s Real=0.00s
[2025-04-04T17:05:44.145-0400][174601.580s][info ][safepoint   ] Safepoint "G1CollectForAllocation", Time since last: 212232207900 ns, Reaching safepoint: 99400 ns, Cleanup: 4000 ns, At safepoint: 3571900 ns, Total: 3675300 ns
[2025-04-04T17:07:38.212-0400][174715.646s][debug][safepoint   ] Safepoint synchronization initiated using striped semaphore wait barrier. (246 threads)
[2025-04-04T17:07:38.212-0400][174715.646s][info ][safepoint   ] Safepoint "Cleanup", Time since last: 114065945400 ns, Reaching safepoint: 80100 ns, Cleanup: 11600 ns, At safepoint: 1900 ns, Total: 93600 ns
[2025-04-04T17:09:20.444-0400][174817.879s][debug][safepoint   ] Safepoint synchronization initiated using striped semaphore wait barrier. (246 threads)
[2025-04-04T17:09:20.444-0400][174817.879s][info ][gc,start    ] GC(710) Pause Young (Normal) (G1 Evacuation Pause)
[2025-04-04T17:09:20.444-0400][174817.879s][info ][gc,task     ] GC(710) Using 23 workers of 23 for evacuation
[2025-04-04T17:09:20.452-0400][174817.887s][info ][gc,phases   ] GC(710)   Pre Evacuate Collection Set: 0.5ms
[2025-04-04T17:09:20.452-0400][174817.887s][info ][gc,phases   ] GC(710)   Merge Heap Roots: 0.5ms
[2025-04-04T17:09:20.452-0400][174817.887s][info ][gc,phases   ] GC(710)   Evacuate Collection Set: 4.3ms
[2025-04-04T17:09:20.452-0400][174817.887s][info ][gc,phases   ] GC(710)   Post Evacuate Collection Set: 2.1ms
[2025-04-04T17:09:20.452-0400][174817.887s][info ][gc,phases   ] GC(710)   Other: 0.3ms
[2025-04-04T17:09:20.452-0400][174817.887s][info ][gc,heap     ] GC(710) Eden regions: 253->0(253)
[2025-04-04T17:09:20.452-0400][174817.887s][info ][gc,heap     ] GC(710) Survivor regions: 2->2(32)
[2025-04-04T17:09:20.452-0400][174817.887s][info ][gc,heap     ] GC(710) Old regions: 200->200
[2025-04-04T17:09:20.452-0400][174817.887s][info ][gc,heap     ] GC(710) Archive regions: 0->0
[2025-04-04T17:09:20.452-0400][174817.887s][info ][gc,heap     ] GC(710) Humongous regions: 2->2
[2025-04-04T17:09:20.452-0400][174817.887s][info ][gc,metaspace] GC(710) Metaspace: 199358K(201152K)->199358K(201152K) NonClass: 175611K(176512K)->175611K(176512K) Class: 23747K(24640K)->23747K(24640K)
[2025-04-04T17:09:20.452-0400][174817.887s][info ][gc          ] GC(710) Pause Young (Normal) (G1 Evacuation Pause) 455M->202M(512M) 7.897ms
[2025-04-04T17:09:20.452-0400][174817.887s][info ][gc,cpu      ] GC(710) User=0.00s Sys=0.00s Real=0.01s
[2025-04-04T17:09:20.452-0400][174817.887s][info ][safepoint   ] Safepoint "G1CollectForAllocation", Time since last: 102232471900 ns, Reaching safepoint: 165500 ns, Cleanup: 10900 ns, At safepoint: 8124300 ns, Total: 8300700 ns
[2025-04-04T17:12:52.080-0400][175029.514s][debug][safepoint   ] Safepoint synchronization initiated using striped semaphore wait barrier. (246 threads)
[2025-04-04T17:12:52.080-0400][175029.515s][info ][gc,start    ] GC(711) Pause Young (Normal) (G1 Evacuation Pause)
[2025-04-04T17:12:52.080-0400][175029.515s][info ][gc,task     ] GC(711) Using 23 workers of 23 for evacuation
[2025-04-04T17:12:52.089-0400][175029.525s][info ][gc,phases   ] GC(711)   Pre Evacuate Collection Set: 0.6ms
[2025-04-04T17:12:52.089-0400][175029.525s][info ][gc,phases   ] GC(711)   Merge Heap Roots: 0.4ms
[2025-04-04T17:12:52.089-0400][175029.525s][info ][gc,phases   ] GC(711)   Evacuate Collection Set: 5.7ms
[2025-04-04T17:12:52.089-0400][175029.525s][info ][gc,phases   ] GC(711)   Post Evacuate Collection Set: 3.1ms
[2025-04-04T17:12:52.089-0400][175029.525s][info ][gc,phases   ] GC(711)   Other: 0.4ms
[2025-04-04T17:12:52.089-0400][175029.525s][info ][gc,heap     ] GC(711) Eden regions: 253->0(253)
[2025-04-04T17:12:52.089-0400][175029.525s][info ][gc,heap     ] GC(711) Survivor regions: 2->2(32)
[2025-04-04T17:12:52.089-0400][175029.525s][info ][gc,heap     ] GC(711) Old regions: 200->200
[2025-04-04T17:12:52.089-0400][175029.525s][info ][gc,heap     ] GC(711) Archive regions: 0->0
[2025-04-04T17:12:52.089-0400][175029.525s][info ][gc,heap     ] GC(711) Humongous regions: 2->2
[2025-04-04T17:12:52.089-0400][175029.525s][info ][gc,metaspace] GC(711) Metaspace: 199358K(201152K)->199358K(201152K) NonClass: 175611K(176512K)->175611K(176512K) Class: 23747K(24640K)->23747K(24640K)
[2025-04-04T17:12:52.089-0400][175029.525s][info ][gc          ] GC(711) Pause Young (Normal) (G1 Evacuation Pause) 455M->202M(512M) 10.313ms
[2025-04-04T17:12:52.089-0400][175029.525s][info ][gc,cpu      ] GC(711) User=0.00s Sys=0.02s Real=0.01s
[2025-04-04T17:12:52.089-0400][175029.525s][info ][safepoint   ] Safepoint "G1CollectForAllocation", Time since last: 211627383800 ns, Reaching safepoint: 282600 ns, Cleanup: 12000 ns, At safepoint: 10518700 ns, Total: 10813300 ns
[2025-04-04T17:16:25.806-0400][175243.241s][debug][safepoint   ] Safepoint synchronization initiated using striped semaphore wait barrier. (246 threads)
[2025-04-04T17:16:25.806-0400][175243.241s][info ][gc,start    ] GC(712) Pause Young (Normal) (G1 Evacuation Pause)
[2025-04-04T17:16:25.806-0400][175243.241s][info ][gc,task     ] GC(712) Using 23 workers of 23 for evacuation
[2025-04-04T17:16:25.812-0400][175243.247s][info ][gc,phases   ] GC(712)   Pre Evacuate Collection Set: 0.4ms
[2025-04-04T17:16:25.812-0400][175243.247s][info ][gc,phases   ] GC(712)   Merge Heap Roots: 0.4ms
[2025-04-04T17:16:25.812-0400][175243.247s][info ][gc,phases   ] GC(712)   Evacuate Collection Set: 3.1ms
[2025-04-04T17:16:25.812-0400][175243.247s][info ][gc,phases   ] GC(712)   Post Evacuate Collection Set: 1.9ms
[2025-04-04T17:16:25.812-0400][175243.247s][info ][gc,phases   ] GC(712)   Other: 0.3ms
[2025-04-04T17:16:25.812-0400][175243.247s][info ][gc,heap     ] GC(712) Eden regions: 253->0(254)
[2025-04-04T17:16:25.812-0400][175243.247s][info ][gc,heap     ] GC(712) Survivor regions: 2->2(32)
[2025-04-04T17:16:25.812-0400][175243.247s][info ][gc,heap     ] GC(712) Old regions: 200->200
[2025-04-04T17:16:25.812-0400][175243.247s][info ][gc,heap     ] GC(712) Archive regions: 0->0
[2025-04-04T17:16:25.812-0400][175243.247s][info ][gc,heap     ] GC(712) Humongous regions: 2->2
[2025-04-04T17:16:25.812-0400][175243.247s][info ][gc,metaspace] GC(712) Metaspace: 199358K(201152K)->199358K(201152K) NonClass: 175611K(176512K)->175611K(176512K) Class: 23747K(24640K)->23747K(24640K)
[2025-04-04T17:16:25.812-0400][175243.247s][info ][gc          ] GC(712) Pause Young (Normal) (G1 Evacuation Pause) 455M->202M(512M) 6.227ms
[2025-04-04T17:16:25.812-0400][175243.247s][info ][gc,cpu      ] GC(712) User=0.00s Sys=0.00s Real=0.01s
[2025-04-04T17:16:25.812-0400][175243.247s][info ][safepoint   ] Safepoint "G1CollectForAllocation", Time since last: 213715543600 ns, Reaching safepoint: 180600 ns, Cleanup: 36200 ns, At safepoint: 6407700 ns, Total: 6624500 ns
[2025-04-04T17:19:58.326-0400][175455.761s][debug][safepoint   ] Safepoint synchronization initiated using striped semaphore wait barrier. (246 threads)
[2025-04-04T17:19:58.327-0400][175455.761s][info ][gc,start    ] GC(713) Pause Young (Normal) (G1 Evacuation Pause)
[2025-04-04T17:19:58.327-0400][175455.761s][info ][gc,task     ] GC(713) Using 23 workers of 23 for evacuation
[2025-04-04T17:19:58.333-0400][175455.768s][info ][gc,phases   ] GC(713)   Pre Evacuate Collection Set: 0.3ms
[2025-04-04T17:19:58.333-0400][175455.768s][info ][gc,phases   ] GC(713)   Merge Heap Roots: 0.3ms
[2025-04-04T17:19:58.333-0400][175455.768s][info ][gc,phases   ] GC(713)   Evacuate Collection Set: 3.8ms
[2025-04-04T17:19:58.333-0400][175455.768s][info ][gc,phases   ] GC(713)   Post Evacuate Collection Set: 2.4ms
[2025-04-04T17:19:58.333-0400][175455.769s][info ][gc,phases   ] GC(713)   Other: 0.3ms
[2025-04-04T17:19:58.333-0400][175455.769s][info ][gc,heap     ] GC(713) Eden regions: 254->0(254)
[2025-04-04T17:19:58.333-0400][175455.769s][info ][gc,heap     ] GC(713) Survivor regions: 2->2(32)
[2025-04-04T17:19:58.333-0400][175455.769s][info ][gc,heap     ] GC(713) Old regions: 200->200
[2025-04-04T17:19:58.333-0400][175455.769s][info ][gc,heap     ] GC(713) Archive regions: 0->0
[2025-04-04T17:19:58.333-0400][175455.769s][info ][gc,heap     ] GC(713) Humongous regions: 2->2
[2025-04-04T17:19:58.333-0400][175455.769s][info ][gc,metaspace] GC(713) Metaspace: 199358K(201152K)->199358K(201152K) NonClass: 175611K(176512K)->175611K(176512K) Class: 23747K(24640K)->23747K(24640K)
[2025-04-04T17:19:58.334-0400][175455.769s][info ][gc          ] GC(713) Pause Young (Normal) (G1 Evacuation Pause) 456M->202M(512M) 7.377ms
[2025-04-04T17:19:58.334-0400][175455.769s][info ][gc,cpu      ] GC(713) User=0.09s Sys=0.00s Real=0.01s
[2025-04-04T17:19:58.334-0400][175455.769s][info ][safepoint   ] Safepoint "G1CollectForAllocation", Time since last: 212513610100 ns, Reaching safepoint: 275500 ns, Cleanup: 11700 ns, At safepoint: 7611800 ns, Total: 7899000 ns
[2025-04-04T17:23:31.039-0400][175668.474s][debug][safepoint   ] Safepoint synchronization initiated using striped semaphore wait barrier. (247 threads)
[2025-04-04T17:23:31.040-0400][175668.475s][info ][gc,start    ] GC(714) Pause Young (Normal) (G1 Evacuation Pause)
[2025-04-04T17:23:31.040-0400][175668.475s][info ][gc,task     ] GC(714) Using 23 workers of 23 for evacuation
[2025-04-04T17:23:31.043-0400][175668.478s][info ][gc,phases   ] GC(714)   Pre Evacuate Collection Set: 0.2ms
[2025-04-04T17:23:31.043-0400][175668.478s][info ][gc,phases   ] GC(714)   Merge Heap Roots: 0.1ms
[2025-04-04T17:23:31.043-0400][175668.478s][info ][gc,phases   ] GC(714)   Evacuate Collection Set: 2.0ms
[2025-04-04T17:23:31.043-0400][175668.478s][info ][gc,phases   ] GC(714)   Post Evacuate Collection Set: 1.1ms
[2025-04-04T17:23:31.043-0400][175668.478s][info ][gc,phases   ] GC(714)   Other: 0.1ms
[2025-04-04T17:23:31.043-0400][175668.478s][info ][gc,heap     ] GC(714) Eden regions: 254->0(253)
[2025-04-04T17:23:31.043-0400][175668.478s][info ][gc,heap     ] GC(714) Survivor regions: 2->2(32)
[2025-04-04T17:23:31.043-0400][175668.478s][info ][gc,heap     ] GC(714) Old regions: 200->200
[2025-04-04T17:23:31.043-0400][175668.478s][info ][gc,heap     ] GC(714) Archive regions: 0->0
[2025-04-04T17:23:31.043-0400][175668.478s][info ][gc,heap     ] GC(714) Humongous regions: 2->2
[2025-04-04T17:23:31.043-0400][175668.478s][info ][gc,metaspace] GC(714) Metaspace: 199358K(201152K)->199358K(201152K) NonClass: 175611K(176512K)->175611K(176512K) Class: 23747K(24640K)->23747K(24640K)
[2025-04-04T17:23:31.043-0400][175668.478s][info ][gc          ] GC(714) Pause Young (Normal) (G1 Evacuation Pause) 456M->202M(512M) 3.670ms
[2025-04-04T17:23:31.043-0400][175668.478s][info ][gc,cpu      ] GC(714) User=0.00s Sys=0.00s Real=0.00s
[2025-04-04T17:23:31.043-0400][175668.478s][info ][safepoint   ] Safepoint "G1CollectForAllocation", Time since last: 212705490500 ns, Reaching safepoint: 136900 ns, Cleanup: 4200 ns, At safepoint: 3762300 ns, Total: 3903400 ns
[2025-04-04T17:26:59.535-0400][175876.970s][debug][safepoint   ] Safepoint synchronization initiated using striped semaphore wait barrier. (245 threads)
[2025-04-04T17:26:59.535-0400][175876.970s][info ][gc,start    ] GC(715) Pause Young (Normal) (G1 Evacuation Pause)
[2025-04-04T17:26:59.535-0400][175876.970s][info ][gc,task     ] GC(715) Using 23 workers of 23 for evacuation
[2025-04-04T17:26:59.540-0400][175876.974s][info ][gc,phases   ] GC(715)   Pre Evacuate Collection Set: 0.3ms
[2025-04-04T17:26:59.540-0400][175876.975s][info ][gc,phases   ] GC(715)   Merge Heap Roots: 0.2ms
[2025-04-04T17:26:59.540-0400][175876.975s][info ][gc,phases   ] GC(715)   Evacuate Collection Set: 2.5ms
[2025-04-04T17:26:59.540-0400][175876.975s][info ][gc,phases   ] GC(715)   Post Evacuate Collection Set: 1.3ms
[2025-04-04T17:26:59.540-0400][175876.975s][info ][gc,phases   ] GC(715)   Other: 0.1ms
[2025-04-04T17:26:59.540-0400][175876.975s][info ][gc,heap     ] GC(715) Eden regions: 253->0(253)
[2025-04-04T17:26:59.540-0400][175876.975s][info ][gc,heap     ] GC(715) Survivor regions: 2->2(32)
[2025-04-04T17:26:59.540-0400][175876.975s][info ][gc,heap     ] GC(715) Old regions: 200->200
[2025-04-04T17:26:59.540-0400][175876.975s][info ][gc,heap     ] GC(715) Archive regions: 0->0
[2025-04-04T17:26:59.540-0400][175876.975s][info ][gc,heap     ] GC(715) Humongous regions: 2->2
[2025-04-04T17:26:59.540-0400][175876.975s][info ][gc,metaspace] GC(715) Metaspace: 199358K(201152K)->199358K(201152K) NonClass: 175611K(176512K)->175611K(176512K) Class: 23747K(24640K)->23747K(24640K)
[2025-04-04T17:26:59.540-0400][175876.975s][info ][gc          ] GC(715) Pause Young (Normal) (G1 Evacuation Pause) 455M->202M(512M) 4.494ms
[2025-04-04T17:26:59.540-0400][175876.975s][info ][gc,cpu      ] GC(715) User=0.00s Sys=0.00s Real=0.00s
[2025-04-04T17:26:59.540-0400][175876.975s][info ][safepoint   ] Safepoint "G1CollectForAllocation", Time since last: 208491687100 ns, Reaching safepoint: 77200 ns, Cleanup: 4000 ns, At safepoint: 4600900 ns, Total: 4682100 ns
[2025-04-04T17:30:33.170-0400][176090.604s][debug][safepoint   ] Safepoint synchronization initiated using striped semaphore wait barrier. (245 threads)
[2025-04-04T17:30:33.170-0400][176090.604s][info ][gc,start    ] GC(716) Pause Young (Normal) (G1 Evacuation Pause)
[2025-04-04T17:30:33.170-0400][176090.604s][info ][gc,task     ] GC(716) Using 23 workers of 23 for evacuation
[2025-04-04T17:30:33.171-0400][176090.606s][info ][gc,phases   ] GC(716)   Pre Evacuate Collection Set: 0.1ms
[2025-04-04T17:30:33.171-0400][176090.606s][info ][gc,phases   ] GC(716)   Merge Heap Roots: 0.1ms
[2025-04-04T17:30:33.171-0400][176090.606s][info ][gc,phases   ] GC(716)   Evacuate Collection Set: 0.8ms
[2025-04-04T17:30:33.171-0400][176090.606s][info ][gc,phases   ] GC(716)   Post Evacuate Collection Set: 0.5ms
[2025-04-04T17:30:33.171-0400][176090.606s][info ][gc,phases   ] GC(716)   Other: 0.1ms
[2025-04-04T17:30:33.171-0400][176090.606s][info ][gc,heap     ] GC(716) Eden regions: 253->0(253)
[2025-04-04T17:30:33.171-0400][176090.606s][info ][gc,heap     ] GC(716) Survivor regions: 2->2(32)
[2025-04-04T17:30:33.171-0400][176090.606s][info ][gc,heap     ] GC(716) Old regions: 200->200
[2025-04-04T17:30:33.171-0400][176090.606s][info ][gc,heap     ] GC(716) Archive regions: 0->0
[2025-04-04T17:30:33.171-0400][176090.606s][info ][gc,heap     ] GC(716) Humongous regions: 2->2
[2025-04-04T17:30:33.171-0400][176090.606s][info ][gc,metaspace] GC(716) Metaspace: 199358K(201152K)->199358K(201152K) NonClass: 175611K(176512K)->175611K(176512K) Class: 23747K(24640K)->23747K(24640K)
[2025-04-04T17:30:33.171-0400][176090.606s][info ][gc          ] GC(716) Pause Young (Normal) (G1 Evacuation Pause) 455M->202M(512M) 1.737ms
[2025-04-04T17:30:33.171-0400][176090.606s][info ][gc,cpu      ] GC(716) User=0.00s Sys=0.00s Real=0.00s
[2025-04-04T17:30:33.171-0400][176090.606s][info ][safepoint   ] Safepoint "G1CollectForAllocation", Time since last: 213629578400 ns, Reaching safepoint: 68200 ns, Cleanup: 4200 ns, At safepoint: 1819200 ns, Total: 1891600 ns
[2025-04-04T17:34:04.861-0400][176302.296s][debug][safepoint   ] Safepoint synchronization initiated using striped semaphore wait barrier. (245 threads)
[2025-04-04T17:34:04.861-0400][176302.296s][info ][gc,start    ] GC(717) Pause Young (Normal) (G1 Evacuation Pause)
[2025-04-04T17:34:04.861-0400][176302.296s][info ][gc,task     ] GC(717) Using 23 workers of 23 for evacuation
[2025-04-04T17:34:04.864-0400][176302.299s][info ][gc,phases   ] GC(717)   Pre Evacuate Collection Set: 0.4ms
[2025-04-04T17:34:04.864-0400][176302.299s][info ][gc,phases   ] GC(717)   Merge Heap Roots: 0.2ms
[2025-04-04T17:34:04.864-0400][176302.299s][info ][gc,phases   ] GC(717)   Evacuate Collection Set: 1.1ms
[2025-04-04T17:34:04.864-0400][176302.299s][info ][gc,phases   ] GC(717)   Post Evacuate Collection Set: 1.2ms
[2025-04-04T17:34:04.864-0400][176302.299s][info ][gc,phases   ] GC(717)   Other: 0.1ms
[2025-04-04T17:34:04.864-0400][176302.299s][info ][gc,heap     ] GC(717) Eden regions: 253->0(253)
[2025-04-04T17:34:04.864-0400][176302.299s][info ][gc,heap     ] GC(717) Survivor regions: 2->2(32)
[2025-04-04T17:34:04.864-0400][176302.299s][info ][gc,heap     ] GC(717) Old regions: 200->200
[2025-04-04T17:34:04.864-0400][176302.299s][info ][gc,heap     ] GC(717) Archive regions: 0->0
[2025-04-04T17:34:04.864-0400][176302.299s][info ][gc,heap     ] GC(717) Humongous regions: 2->2
[2025-04-04T17:34:04.864-0400][176302.299s][info ][gc,metaspace] GC(717) Metaspace: 199358K(201152K)->199358K(201152K) NonClass: 175611K(176512K)->175611K(176512K) Class: 23747K(24640K)->23747K(24640K)
[2025-04-04T17:34:04.864-0400][176302.299s][info ][gc          ] GC(717) Pause Young (Normal) (G1 Evacuation Pause) 455M->202M(512M) 3.103ms
[2025-04-04T17:34:04.864-0400][176302.299s][info ][gc,cpu      ] GC(717) User=0.00s Sys=0.00s Real=0.00s
[2025-04-04T17:34:04.864-0400][176302.299s][info ][safepoint   ] Safepoint "G1CollectForAllocation", Time since last: 211689649400 ns, Reaching safepoint: 99800 ns, Cleanup: 4200 ns, At safepoint: 3183800 ns, Total: 3287800 ns
[2025-04-04T17:37:37.825-0400][176515.260s][debug][safepoint   ] Safepoint synchronization initiated using striped semaphore wait barrier. (245 threads)
[2025-04-04T17:37:37.825-0400][176515.260s][info ][gc,start    ] GC(718) Pause Young (Normal) (G1 Evacuation Pause)
[2025-04-04T17:37:37.825-0400][176515.260s][info ][gc,task     ] GC(718) Using 23 workers of 23 for evacuation
[2025-04-04T17:37:37.831-0400][176515.266s][info ][gc,phases   ] GC(718)   Pre Evacuate Collection Set: 0.5ms
[2025-04-04T17:37:37.831-0400][176515.266s][info ][gc,phases   ] GC(718)   Merge Heap Roots: 0.3ms
[2025-04-04T17:37:37.831-0400][176515.266s][info ][gc,phases   ] GC(718)   Evacuate Collection Set: 3.3ms
[2025-04-04T17:37:37.831-0400][176515.266s][info ][gc,phases   ] GC(718)   Post Evacuate Collection Set: 1.8ms
[2025-04-04T17:37:37.831-0400][176515.266s][info ][gc,phases   ] GC(718)   Other: 0.3ms
[2025-04-04T17:37:37.831-0400][176515.266s][info ][gc,heap     ] GC(718) Eden regions: 253->0(253)
[2025-04-04T17:37:37.831-0400][176515.266s][info ][gc,heap     ] GC(718) Survivor regions: 2->2(32)
[2025-04-04T17:37:37.831-0400][176515.266s][info ][gc,heap     ] GC(718) Old regions: 200->200
[2025-04-04T17:37:37.831-0400][176515.266s][info ][gc,heap     ] GC(718) Archive regions: 0->0
[2025-04-04T17:37:37.831-0400][176515.266s][info ][gc,heap     ] GC(718) Humongous regions: 2->2
[2025-04-04T17:37:37.831-0400][176515.266s][info ][gc,metaspace] GC(718) Metaspace: 199365K(201152K)->199365K(201152K) NonClass: 175617K(176512K)->175617K(176512K) Class: 23747K(24640K)->23747K(24640K)
[2025-04-04T17:37:37.831-0400][176515.266s][info ][gc          ] GC(718) Pause Young (Normal) (G1 Evacuation Pause) 455M->202M(512M) 6.299ms
[2025-04-04T17:37:37.831-0400][176515.266s][info ][gc,cpu      ] GC(718) User=0.06s Sys=0.00s Real=0.01s
[2025-04-04T17:37:37.831-0400][176515.266s][info ][safepoint   ] Safepoint "G1CollectForAllocation", Time since last: 212960521300 ns, Reaching safepoint: 187400 ns, Cleanup: 7800 ns, At safepoint: 6489400 ns, Total: 6684600 ns
[2025-04-04T17:41:09.536-0400][176726.970s][debug][safepoint   ] Safepoint synchronization initiated using striped semaphore wait barrier. (245 threads)
[2025-04-04T17:41:09.536-0400][176726.970s][info ][gc,start    ] GC(719) Pause Young (Normal) (G1 Evacuation Pause)
[2025-04-04T17:41:09.536-0400][176726.970s][info ][gc,task     ] GC(719) Using 23 workers of 23 for evacuation
[2025-04-04T17:41:09.539-0400][176726.974s][info ][gc,phases   ] GC(719)   Pre Evacuate Collection Set: 0.1ms
[2025-04-04T17:41:09.539-0400][176726.974s][info ][gc,phases   ] GC(719)   Merge Heap Roots: 0.1ms
[2025-04-04T17:41:09.539-0400][176726.974s][info ][gc,phases   ] GC(719)   Evacuate Collection Set: 2.1ms
[2025-04-04T17:41:09.539-0400][176726.974s][info ][gc,phases   ] GC(719)   Post Evacuate Collection Set: 1.0ms
[2025-04-04T17:41:09.539-0400][176726.974s][info ][gc,phases   ] GC(719)   Other: 0.2ms
[2025-04-04T17:41:09.539-0400][176726.974s][info ][gc,heap     ] GC(719) Eden regions: 253->0(253)
[2025-04-04T17:41:09.539-0400][176726.974s][info ][gc,heap     ] GC(719) Survivor regions: 2->2(32)
[2025-04-04T17:41:09.539-0400][176726.974s][info ][gc,heap     ] GC(719) Old regions: 200->200
[2025-04-04T17:41:09.539-0400][176726.974s][info ][gc,heap     ] GC(719) Archive regions: 0->0
[2025-04-04T17:41:09.539-0400][176726.974s][info ][gc,heap     ] GC(719) Humongous regions: 2->2
[2025-04-04T17:41:09.539-0400][176726.974s][info ][gc,metaspace] GC(719) Metaspace: 199365K(201152K)->199365K(201152K) NonClass: 175617K(176512K)->175617K(176512K) Class: 23747K(24640K)->23747K(24640K)
[2025-04-04T17:41:09.539-0400][176726.974s][info ][gc          ] GC(719) Pause Young (Normal) (G1 Evacuation Pause) 455M->202M(512M) 3.543ms
[2025-04-04T17:41:09.539-0400][176726.974s][info ][gc,cpu      ] GC(719) User=0.00s Sys=0.00s Real=0.00s
[2025-04-04T17:41:09.539-0400][176726.974s][info ][safepoint   ] Safepoint "G1CollectForAllocation", Time since last: 211703891500 ns, Reaching safepoint: 105600 ns, Cleanup: 6200 ns, At safepoint: 3648000 ns, Total: 3759800 ns
[2025-04-04T17:44:42.685-0400][176940.119s][debug][safepoint   ] Safepoint synchronization initiated using striped semaphore wait barrier. (245 threads)
[2025-04-04T17:44:42.685-0400][176940.120s][info ][gc,start    ] GC(720) Pause Young (Normal) (G1 Evacuation Pause)
[2025-04-04T17:44:42.685-0400][176940.120s][info ][gc,task     ] GC(720) Using 23 workers of 23 for evacuation
[2025-04-04T17:44:42.692-0400][176940.127s][info ][gc,phases   ] GC(720)   Pre Evacuate Collection Set: 0.4ms
[2025-04-04T17:44:42.692-0400][176940.127s][info ][gc,phases   ] GC(720)   Merge Heap Roots: 0.3ms
[2025-04-04T17:44:42.692-0400][176940.127s][info ][gc,phases   ] GC(720)   Evacuate Collection Set: 4.5ms
[2025-04-04T17:44:42.692-0400][176940.127s][info ][gc,phases   ] GC(720)   Post Evacuate Collection Set: 1.8ms
[2025-04-04T17:44:42.692-0400][176940.127s][info ][gc,phases   ] GC(720)   Other: 0.3ms
[2025-04-04T17:44:42.692-0400][176940.127s][info ][gc,heap     ] GC(720) Eden regions: 253->0(253)
[2025-04-04T17:44:42.692-0400][176940.127s][info ][gc,heap     ] GC(720) Survivor regions: 2->2(32)
[2025-04-04T17:44:42.692-0400][176940.127s][info ][gc,heap     ] GC(720) Old regions: 200->200
[2025-04-04T17:44:42.692-0400][176940.127s][info ][gc,heap     ] GC(720) Archive regions: 0->0
[2025-04-04T17:44:42.692-0400][176940.127s][info ][gc,heap     ] GC(720) Humongous regions: 2->2
[2025-04-04T17:44:42.692-0400][176940.127s][info ][gc,metaspace] GC(720) Metaspace: 199365K(201152K)->199365K(201152K) NonClass: 175617K(176512K)->175617K(176512K) Class: 23747K(24640K)->23747K(24640K)
[2025-04-04T17:44:42.693-0400][176940.127s][info ][gc          ] GC(720) Pause Young (Normal) (G1 Evacuation Pause) 455M->202M(512M) 7.605ms
[2025-04-04T17:44:42.693-0400][176940.127s][info ][gc,cpu      ] GC(720) User=0.02s Sys=0.00s Real=0.01s
[2025-04-04T17:44:42.693-0400][176940.127s][info ][safepoint   ] Safepoint "G1CollectForAllocation", Time since last: 213145324100 ns, Reaching safepoint: 258100 ns, Cleanup: 11600 ns, At safepoint: 7855700 ns, Total: 8125400 ns
[2025-04-04T17:48:15.521-0400][177152.955s][debug][safepoint   ] Safepoint synchronization initiated using striped semaphore wait barrier. (245 threads)
[2025-04-04T17:48:15.521-0400][177152.956s][info ][gc,start    ] GC(721) Pause Young (Normal) (G1 Evacuation Pause)
[2025-04-04T17:48:15.521-0400][177152.956s][info ][gc,task     ] GC(721) Using 23 workers of 23 for evacuation
[2025-04-04T17:48:15.523-0400][177152.958s][info ][gc,phases   ] GC(721)   Pre Evacuate Collection Set: 0.3ms
[2025-04-04T17:48:15.523-0400][177152.958s][info ][gc,phases   ] GC(721)   Merge Heap Roots: 0.1ms
[2025-04-04T17:48:15.523-0400][177152.958s][info ][gc,phases   ] GC(721)   Evacuate Collection Set: 1.3ms
[2025-04-04T17:48:15.523-0400][177152.958s][info ][gc,phases   ] GC(721)   Post Evacuate Collection Set: 0.8ms
[2025-04-04T17:48:15.523-0400][177152.958s][info ][gc,phases   ] GC(721)   Other: 0.1ms
[2025-04-04T17:48:15.523-0400][177152.958s][info ][gc,heap     ] GC(721) Eden regions: 253->0(254)
[2025-04-04T17:48:15.523-0400][177152.958s][info ][gc,heap     ] GC(721) Survivor regions: 2->2(32)
[2025-04-04T17:48:15.523-0400][177152.958s][info ][gc,heap     ] GC(721) Old regions: 200->200
[2025-04-04T17:48:15.523-0400][177152.958s][info ][gc,heap     ] GC(721) Archive regions: 0->0
[2025-04-04T17:48:15.523-0400][177152.958s][info ][gc,heap     ] GC(721) Humongous regions: 2->2
[2025-04-04T17:48:15.523-0400][177152.958s][info ][gc,metaspace] GC(721) Metaspace: 199365K(201152K)->199365K(201152K) NonClass: 175617K(176512K)->175617K(176512K) Class: 23747K(24640K)->23747K(24640K)
[2025-04-04T17:48:15.523-0400][177152.958s][info ][gc          ] GC(721) Pause Young (Normal) (G1 Evacuation Pause) 455M->202M(512M) 2.631ms
[2025-04-04T17:48:15.523-0400][177152.958s][info ][gc,cpu      ] GC(721) User=0.00s Sys=0.00s Real=0.00s
[2025-04-04T17:48:15.523-0400][177152.958s][info ][safepoint   ] Safepoint "G1CollectForAllocation", Time since last: 212828130000 ns, Reaching safepoint: 50500 ns, Cleanup: 2400 ns, At safepoint: 2711400 ns, Total: 2764300 ns
[2025-04-04T17:51:49.123-0400][177366.558s][debug][safepoint   ] Safepoint synchronization initiated using striped semaphore wait barrier. (245 threads)
[2025-04-04T17:51:49.123-0400][177366.558s][info ][gc,start    ] GC(722) Pause Young (Normal) (G1 Evacuation Pause)
[2025-04-04T17:51:49.123-0400][177366.559s][info ][gc,task     ] GC(722) Using 23 workers of 23 for evacuation
[2025-04-04T17:51:49.132-0400][177366.567s][info ][gc,phases   ] GC(722)   Pre Evacuate Collection Set: 0.5ms
[2025-04-04T17:51:49.132-0400][177366.567s][info ][gc,phases   ] GC(722)   Merge Heap Roots: 0.3ms
[2025-04-04T17:51:49.132-0400][177366.567s][info ][gc,phases   ] GC(722)   Evacuate Collection Set: 3.7ms
[2025-04-04T17:51:49.132-0400][177366.567s][info ][gc,phases   ] GC(722)   Post Evacuate Collection Set: 3.3ms
[2025-04-04T17:51:49.132-0400][177366.567s][info ][gc,phases   ] GC(722)   Other: 0.4ms
[2025-04-04T17:51:49.132-0400][177366.567s][info ][gc,heap     ] GC(722) Eden regions: 254->0(254)
[2025-04-04T17:51:49.132-0400][177366.567s][info ][gc,heap     ] GC(722) Survivor regions: 2->2(32)
[2025-04-04T17:51:49.132-0400][177366.567s][info ][gc,heap     ] GC(722) Old regions: 200->200
[2025-04-04T17:51:49.132-0400][177366.567s][info ][gc,heap     ] GC(722) Archive regions: 0->0
[2025-04-04T17:51:49.132-0400][177366.567s][info ][gc,heap     ] GC(722) Humongous regions: 2->2
[2025-04-04T17:51:49.132-0400][177366.567s][info ][gc,metaspace] GC(722) Metaspace: 199365K(201152K)->199365K(201152K) NonClass: 175617K(176512K)->175617K(176512K) Class: 23747K(24640K)->23747K(24640K)
[2025-04-04T17:51:49.132-0400][177366.567s][info ][gc          ] GC(722) Pause Young (Normal) (G1 Evacuation Pause) 456M->202M(512M) 8.482ms
[2025-04-04T17:51:49.132-0400][177366.567s][info ][gc,cpu      ] GC(722) User=0.06s Sys=0.00s Real=0.01s
[2025-04-04T17:51:49.132-0400][177366.567s][info ][safepoint   ] Safepoint "G1CollectForAllocation", Time since last: 213599824100 ns, Reaching safepoint: 269500 ns, Cleanup: 16400 ns, At safepoint: 8907000 ns, Total: 9192900 ns
[2025-04-04T17:55:19.588-0400][177577.023s][debug][safepoint   ] Safepoint synchronization initiated using striped semaphore wait barrier. (245 threads)
[2025-04-04T17:55:19.588-0400][177577.023s][info ][gc,start    ] GC(723) Pause Young (Normal) (G1 Evacuation Pause)
[2025-04-04T17:55:19.588-0400][177577.023s][info ][gc,task     ] GC(723) Using 23 workers of 23 for evacuation
[2025-04-04T17:55:19.597-0400][177577.032s][info ][gc,phases   ] GC(723)   Pre Evacuate Collection Set: 0.4ms
[2025-04-04T17:55:19.597-0400][177577.032s][info ][gc,phases   ] GC(723)   Merge Heap Roots: 0.7ms
[2025-04-04T17:55:19.597-0400][177577.032s][info ][gc,phases   ] GC(723)   Evacuate Collection Set: 5.0ms
[2025-04-04T17:55:19.597-0400][177577.032s][info ][gc,phases   ] GC(723)   Post Evacuate Collection Set: 2.2ms
[2025-04-04T17:55:19.597-0400][177577.032s][info ][gc,phases   ] GC(723)   Other: 0.8ms
[2025-04-04T17:55:19.597-0400][177577.032s][info ][gc,heap     ] GC(723) Eden regions: 254->0(253)
[2025-04-04T17:55:19.597-0400][177577.032s][info ][gc,heap     ] GC(723) Survivor regions: 2->2(32)
[2025-04-04T17:55:19.597-0400][177577.032s][info ][gc,heap     ] GC(723) Old regions: 200->200
[2025-04-04T17:55:19.597-0400][177577.032s][info ][gc,heap     ] GC(723) Archive regions: 0->0
[2025-04-04T17:55:19.597-0400][177577.032s][info ][gc,heap     ] GC(723) Humongous regions: 2->2
[2025-04-04T17:55:19.597-0400][177577.032s][info ][gc,metaspace] GC(723) Metaspace: 199365K(201152K)->199365K(201152K) NonClass: 175617K(176512K)->175617K(176512K) Class: 23747K(24640K)->23747K(24640K)
[2025-04-04T17:55:19.597-0400][177577.032s][info ][gc          ] GC(723) Pause Young (Normal) (G1 Evacuation Pause) 456M->202M(512M) 9.272ms
[2025-04-04T17:55:19.598-0400][177577.032s][info ][gc,cpu      ] GC(723) User=0.08s Sys=0.00s Real=0.01s
[2025-04-04T17:55:19.598-0400][177577.032s][info ][safepoint   ] Safepoint "G1CollectForAllocation", Time since last: 210455342800 ns, Reaching safepoint: 301200 ns, Cleanup: 13200 ns, At safepoint: 9537100 ns, Total: 9851500 ns
[2025-04-04T17:58:37.696-0400][177775.131s][debug][safepoint   ] Safepoint synchronization initiated using striped semaphore wait barrier. (245 threads)
[2025-04-04T17:58:37.696-0400][177775.131s][info ][safepoint   ] Safepoint "Cleanup", Time since last: 198098154800 ns, Reaching safepoint: 91800 ns, Cleanup: 14400 ns, At safepoint: 2600 ns, Total: 108800 ns
[2025-04-04T17:58:51.342-0400][177788.777s][debug][safepoint   ] Safepoint synchronization initiated using striped semaphore wait barrier. (245 threads)
[2025-04-04T17:58:51.342-0400][177788.777s][info ][gc,start    ] GC(724) Pause Young (Normal) (G1 Evacuation Pause)
[2025-04-04T17:58:51.342-0400][177788.777s][info ][gc,task     ] GC(724) Using 23 workers of 23 for evacuation
[2025-04-04T17:58:51.349-0400][177788.783s][info ][gc,phases   ] GC(724)   Pre Evacuate Collection Set: 0.2ms
[2025-04-04T17:58:51.349-0400][177788.783s][info ][gc,phases   ] GC(724)   Merge Heap Roots: 0.3ms
[2025-04-04T17:58:51.349-0400][177788.783s][info ][gc,phases   ] GC(724)   Evacuate Collection Set: 3.7ms
[2025-04-04T17:58:51.349-0400][177788.783s][info ][gc,phases   ] GC(724)   Post Evacuate Collection Set: 2.2ms
[2025-04-04T17:58:51.349-0400][177788.783s][info ][gc,phases   ] GC(724)   Other: 0.2ms
[2025-04-04T17:58:51.349-0400][177788.783s][info ][gc,heap     ] GC(724) Eden regions: 253->0(253)
[2025-04-04T17:58:51.349-0400][177788.783s][info ][gc,heap     ] GC(724) Survivor regions: 2->2(32)
[2025-04-04T17:58:51.349-0400][177788.783s][info ][gc,heap     ] GC(724) Old regions: 200->200
[2025-04-04T17:58:51.349-0400][177788.783s][info ][gc,heap     ] GC(724) Archive regions: 0->0
[2025-04-04T17:58:51.349-0400][177788.783s][info ][gc,heap     ] GC(724) Humongous regions: 2->2
[2025-04-04T17:58:51.349-0400][177788.783s][info ][gc,metaspace] GC(724) Metaspace: 199365K(201152K)->199365K(201152K) NonClass: 175617K(176512K)->175617K(176512K) Class: 23747K(24640K)->23747K(24640K)
[2025-04-04T17:58:51.349-0400][177788.784s][info ][gc          ] GC(724) Pause Young (Normal) (G1 Evacuation Pause) 455M->202M(512M) 6.807ms
[2025-04-04T17:58:51.349-0400][177788.784s][info ][gc,cpu      ] GC(724) User=0.06s Sys=0.00s Real=0.01s
[2025-04-04T17:58:51.349-0400][177788.784s][info ][safepoint   ] Safepoint "G1CollectForAllocation", Time since last: 13645800700 ns, Reaching safepoint: 110300 ns, Cleanup: 7000 ns, At safepoint: 6983500 ns, Total: 7100800 ns
[2025-04-04T18:02:24.534-0400][178001.969s][debug][safepoint   ] Safepoint synchronization initiated using striped semaphore wait barrier. (245 threads)
[2025-04-04T18:02:24.534-0400][178001.969s][info ][gc,start    ] GC(725) Pause Young (Normal) (G1 Evacuation Pause)
[2025-04-04T18:02:24.534-0400][178001.969s][info ][gc,task     ] GC(725) Using 23 workers of 23 for evacuation
[2025-04-04T18:02:24.539-0400][178001.975s][info ][gc,phases   ] GC(725)   Pre Evacuate Collection Set: 0.3ms
[2025-04-04T18:02:24.540-0400][178001.975s][info ][gc,phases   ] GC(725)   Merge Heap Roots: 0.5ms
[2025-04-04T18:02:24.540-0400][178001.975s][info ][gc,phases   ] GC(725)   Evacuate Collection Set: 3.5ms
[2025-04-04T18:02:24.540-0400][178001.975s][info ][gc,phases   ] GC(725)   Post Evacuate Collection Set: 1.2ms
[2025-04-04T18:02:24.540-0400][178001.975s][info ][gc,phases   ] GC(725)   Other: 0.2ms
[2025-04-04T18:02:24.540-0400][178001.975s][info ][gc,heap     ] GC(725) Eden regions: 253->0(253)
[2025-04-04T18:02:24.540-0400][178001.975s][info ][gc,heap     ] GC(725) Survivor regions: 2->2(32)
[2025-04-04T18:02:24.540-0400][178001.975s][info ][gc,heap     ] GC(725) Old regions: 200->200
[2025-04-04T18:02:24.540-0400][178001.975s][info ][gc,heap     ] GC(725) Archive regions: 0->0
[2025-04-04T18:02:24.540-0400][178001.975s][info ][gc,heap     ] GC(725) Humongous regions: 2->2
[2025-04-04T18:02:24.540-0400][178001.975s][info ][gc,metaspace] GC(725) Metaspace: 199365K(201152K)->199365K(201152K) NonClass: 175617K(176512K)->175617K(176512K) Class: 23747K(24640K)->23747K(24640K)
[2025-04-04T18:02:24.540-0400][178001.975s][info ][gc          ] GC(725) Pause Young (Normal) (G1 Evacuation Pause) 455M->202M(512M) 5.783ms
[2025-04-04T18:02:24.540-0400][178001.975s][info ][gc,cpu      ] GC(725) User=0.00s Sys=0.00s Real=0.01s
[2025-04-04T18:02:24.540-0400][178001.975s][info ][safepoint   ] Safepoint "G1CollectForAllocation", Time since last: 213185200800 ns, Reaching safepoint: 192800 ns, Cleanup: 17500 ns, At safepoint: 5926100 ns, Total: 6136400 ns
[2025-04-04T18:05:56.315-0400][178213.750s][debug][safepoint   ] Safepoint synchronization initiated using striped semaphore wait barrier. (245 threads)
[2025-04-04T18:05:56.315-0400][178213.750s][info ][gc,start    ] GC(726) Pause Young (Normal) (G1 Evacuation Pause)
[2025-04-04T18:05:56.315-0400][178213.750s][info ][gc,task     ] GC(726) Using 23 workers of 23 for evacuation
[2025-04-04T18:05:56.319-0400][178213.754s][info ][gc,phases   ] GC(726)   Pre Evacuate Collection Set: 0.3ms
[2025-04-04T18:05:56.319-0400][178213.755s][info ][gc,phases   ] GC(726)   Merge Heap Roots: 0.2ms
[2025-04-04T18:05:56.319-0400][178213.755s][info ][gc,phases   ] GC(726)   Evacuate Collection Set: 2.3ms
[2025-04-04T18:05:56.319-0400][178213.755s][info ][gc,phases   ] GC(726)   Post Evacuate Collection Set: 1.5ms
[2025-04-04T18:05:56.319-0400][178213.755s][info ][gc,phases   ] GC(726)   Other: 0.2ms
[2025-04-04T18:05:56.319-0400][178213.755s][info ][gc,heap     ] GC(726) Eden regions: 253->0(253)
[2025-04-04T18:05:56.319-0400][178213.755s][info ][gc,heap     ] GC(726) Survivor regions: 2->2(32)
[2025-04-04T18:05:56.319-0400][178213.755s][info ][gc,heap     ] GC(726) Old regions: 200->200
[2025-04-04T18:05:56.319-0400][178213.755s][info ][gc,heap     ] GC(726) Archive regions: 0->0
[2025-04-04T18:05:56.319-0400][178213.755s][info ][gc,heap     ] GC(726) Humongous regions: 2->2
[2025-04-04T18:05:56.319-0400][178213.755s][info ][gc,metaspace] GC(726) Metaspace: 199365K(201152K)->199365K(201152K) NonClass: 175617K(176512K)->175617K(176512K) Class: 23747K(24640K)->23747K(24640K)
[2025-04-04T18:05:56.319-0400][178213.755s][info ][gc          ] GC(726) Pause Young (Normal) (G1 Evacuation Pause) 455M->202M(512M) 4.619ms
[2025-04-04T18:05:56.320-0400][178213.755s][info ][gc,cpu      ] GC(726) User=0.00s Sys=0.00s Real=0.00s
[2025-04-04T18:05:56.320-0400][178213.755s][info ][safepoint   ] Safepoint "G1CollectForAllocation", Time since last: 211774901300 ns, Reaching safepoint: 149400 ns, Cleanup: 4800 ns, At safepoint: 4749600 ns, Total: 4903800 ns
[2025-04-04T18:09:30.228-0400][178427.663s][debug][safepoint   ] Safepoint synchronization initiated using striped semaphore wait barrier. (245 threads)
[2025-04-04T18:09:30.228-0400][178427.664s][info ][gc,start    ] GC(727) Pause Young (Normal) (G1 Evacuation Pause)
[2025-04-04T18:09:30.228-0400][178427.664s][info ][gc,task     ] GC(727) Using 23 workers of 23 for evacuation
[2025-04-04T18:09:30.235-0400][178427.670s][info ][gc,phases   ] GC(727)   Pre Evacuate Collection Set: 0.5ms
[2025-04-04T18:09:30.235-0400][178427.670s][info ][gc,phases   ] GC(727)   Merge Heap Roots: 0.3ms
[2025-04-04T18:09:30.235-0400][178427.670s][info ][gc,phases   ] GC(727)   Evacuate Collection Set: 3.9ms
[2025-04-04T18:09:30.235-0400][178427.670s][info ][gc,phases   ] GC(727)   Post Evacuate Collection Set: 1.8ms
[2025-04-04T18:09:30.235-0400][178427.670s][info ][gc,phases   ] GC(727)   Other: 0.3ms
[2025-04-04T18:09:30.235-0400][178427.670s][info ][gc,heap     ] GC(727) Eden regions: 253->0(253)
[2025-04-04T18:09:30.235-0400][178427.670s][info ][gc,heap     ] GC(727) Survivor regions: 2->2(32)
[2025-04-04T18:09:30.235-0400][178427.670s][info ][gc,heap     ] GC(727) Old regions: 200->200
[2025-04-04T18:09:30.235-0400][178427.670s][info ][gc,heap     ] GC(727) Archive regions: 0->0
[2025-04-04T18:09:30.235-0400][178427.670s][info ][gc,heap     ] GC(727) Humongous regions: 2->2
[2025-04-04T18:09:30.235-0400][178427.670s][info ][gc,metaspace] GC(727) Metaspace: 199365K(201152K)->199365K(201152K) NonClass: 175617K(176512K)->175617K(176512K) Class: 23747K(24640K)->23747K(24640K)
[2025-04-04T18:09:30.235-0400][178427.671s][info ][gc          ] GC(727) Pause Young (Normal) (G1 Evacuation Pause) 455M->202M(512M) 6.972ms
[2025-04-04T18:09:30.235-0400][178427.671s][info ][gc,cpu      ] GC(727) User=0.00s Sys=0.00s Real=0.01s
[2025-04-04T18:09:30.235-0400][178427.671s][info ][safepoint   ] Safepoint "G1CollectForAllocation", Time since last: 213908385300 ns, Reaching safepoint: 283000 ns, Cleanup: 23900 ns, At safepoint: 7157500 ns, Total: 7464400 ns
[2025-04-04T18:13:01.954-0400][178639.388s][debug][safepoint   ] Safepoint synchronization initiated using striped semaphore wait barrier. (245 threads)
[2025-04-04T18:13:01.954-0400][178639.389s][info ][gc,start    ] GC(728) Pause Young (Normal) (G1 Evacuation Pause)
[2025-04-04T18:13:01.954-0400][178639.389s][info ][gc,task     ] GC(728) Using 23 workers of 23 for evacuation
[2025-04-04T18:13:01.963-0400][178639.398s][info ][gc,phases   ] GC(728)   Pre Evacuate Collection Set: 0.5ms
[2025-04-04T18:13:01.963-0400][178639.398s][info ][gc,phases   ] GC(728)   Merge Heap Roots: 0.3ms
[2025-04-04T18:13:01.963-0400][178639.398s][info ][gc,phases   ] GC(728)   Evacuate Collection Set: 5.4ms
[2025-04-04T18:13:01.964-0400][178639.398s][info ][gc,phases   ] GC(728)   Post Evacuate Collection Set: 3.3ms
[2025-04-04T18:13:01.964-0400][178639.399s][info ][gc,phases   ] GC(728)   Other: 0.3ms
[2025-04-04T18:13:01.964-0400][178639.399s][info ][gc,heap     ] GC(728) Eden regions: 253->0(253)
[2025-04-04T18:13:01.964-0400][178639.399s][info ][gc,heap     ] GC(728) Survivor regions: 2->2(32)
[2025-04-04T18:13:01.964-0400][178639.399s][info ][gc,heap     ] GC(728) Old regions: 200->200
[2025-04-04T18:13:01.964-0400][178639.399s][info ][gc,heap     ] GC(728) Archive regions: 0->0
[2025-04-04T18:13:01.964-0400][178639.399s][info ][gc,heap     ] GC(728) Humongous regions: 2->2
[2025-04-04T18:13:01.964-0400][178639.399s][info ][gc,metaspace] GC(728) Metaspace: 199365K(201152K)->199365K(201152K) NonClass: 175617K(176512K)->175617K(176512K) Class: 23747K(24640K)->23747K(24640K)
[2025-04-04T18:13:01.964-0400][178639.399s][info ][gc          ] GC(728) Pause Young (Normal) (G1 Evacuation Pause) 455M->202M(512M) 10.120ms
[2025-04-04T18:13:01.964-0400][178639.399s][info ][gc,cpu      ] GC(728) User=0.02s Sys=0.00s Real=0.01s
[2025-04-04T18:13:01.964-0400][178639.399s][info ][safepoint   ] Safepoint "G1CollectForAllocation", Time since last: 211717567100 ns, Reaching safepoint: 265800 ns, Cleanup: 17400 ns, At safepoint: 10367200 ns, Total: 10650400 ns
[2025-04-04T18:16:35.036-0400][178852.471s][debug][safepoint   ] Safepoint synchronization initiated using striped semaphore wait barrier. (245 threads)
[2025-04-04T18:16:35.036-0400][178852.471s][info ][gc,start    ] GC(729) Pause Young (Normal) (G1 Evacuation Pause)
[2025-04-04T18:16:35.036-0400][178852.471s][info ][gc,task     ] GC(729) Using 23 workers of 23 for evacuation
[2025-04-04T18:16:35.041-0400][178852.476s][info ][gc,phases   ] GC(729)   Pre Evacuate Collection Set: 0.3ms
[2025-04-04T18:16:35.041-0400][178852.476s][info ][gc,phases   ] GC(729)   Merge Heap Roots: 0.3ms
[2025-04-04T18:16:35.041-0400][178852.476s][info ][gc,phases   ] GC(729)   Evacuate Collection Set: 2.5ms
[2025-04-04T18:16:35.041-0400][178852.476s][info ][gc,phases   ] GC(729)   Post Evacuate Collection Set: 1.8ms
[2025-04-04T18:16:35.041-0400][178852.476s][info ][gc,phases   ] GC(729)   Other: 0.2ms
[2025-04-04T18:16:35.041-0400][178852.476s][info ][gc,heap     ] GC(729) Eden regions: 253->0(254)
[2025-04-04T18:16:35.041-0400][178852.476s][info ][gc,heap     ] GC(729) Survivor regions: 2->2(32)
[2025-04-04T18:16:35.041-0400][178852.476s][info ][gc,heap     ] GC(729) Old regions: 200->200
[2025-04-04T18:16:35.041-0400][178852.476s][info ][gc,heap     ] GC(729) Archive regions: 0->0
[2025-04-04T18:16:35.041-0400][178852.476s][info ][gc,heap     ] GC(729) Humongous regions: 2->2
[2025-04-04T18:16:35.041-0400][178852.476s][info ][gc,metaspace] GC(729) Metaspace: 199365K(201152K)->199365K(201152K) NonClass: 175617K(176512K)->175617K(176512K) Class: 23747K(24640K)->23747K(24640K)
[2025-04-04T18:16:35.042-0400][178852.476s][info ][gc          ] GC(729) Pause Young (Normal) (G1 Evacuation Pause) 455M->202M(512M) 5.257ms
[2025-04-04T18:16:35.042-0400][178852.476s][info ][gc,cpu      ] GC(729) User=0.00s Sys=0.00s Real=0.01s
[2025-04-04T18:16:35.042-0400][178852.476s][info ][safepoint   ] Safepoint "G1CollectForAllocation", Time since last: 213071676200 ns, Reaching safepoint: 463500 ns, Cleanup: 7800 ns, At safepoint: 5446600 ns, Total: 5917900 ns
[2025-04-04T18:20:07.762-0400][179065.197s][debug][safepoint   ] Safepoint synchronization initiated using striped semaphore wait barrier. (245 threads)
[2025-04-04T18:20:07.762-0400][179065.197s][info ][gc,start    ] GC(730) Pause Young (Normal) (G1 Evacuation Pause)
[2025-04-04T18:20:07.762-0400][179065.197s][info ][gc,task     ] GC(730) Using 23 workers of 23 for evacuation
[2025-04-04T18:20:07.767-0400][179065.202s][info ][gc,phases   ] GC(730)   Pre Evacuate Collection Set: 0.3ms
[2025-04-04T18:20:07.767-0400][179065.202s][info ][gc,phases   ] GC(730)   Merge Heap Roots: 0.2ms
[2025-04-04T18:20:07.767-0400][179065.202s][info ][gc,phases   ] GC(730)   Evacuate Collection Set: 3.0ms
[2025-04-04T18:20:07.767-0400][179065.202s][info ][gc,phases   ] GC(730)   Post Evacuate Collection Set: 1.6ms
[2025-04-04T18:20:07.767-0400][179065.202s][info ][gc,phases   ] GC(730)   Other: 0.3ms
[2025-04-04T18:20:07.767-0400][179065.202s][info ][gc,heap     ] GC(730) Eden regions: 254->0(254)
[2025-04-04T18:20:07.767-0400][179065.202s][info ][gc,heap     ] GC(730) Survivor regions: 2->2(32)
[2025-04-04T18:20:07.767-0400][179065.202s][info ][gc,heap     ] GC(730) Old regions: 200->200
[2025-04-04T18:20:07.767-0400][179065.202s][info ][gc,heap     ] GC(730) Archive regions: 0->0
[2025-04-04T18:20:07.767-0400][179065.202s][info ][gc,heap     ] GC(730) Humongous regions: 2->2
[2025-04-04T18:20:07.767-0400][179065.202s][info ][gc,metaspace] GC(730) Metaspace: 199365K(201152K)->199365K(201152K) NonClass: 175617K(176512K)->175617K(176512K) Class: 23747K(24640K)->23747K(24640K)
[2025-04-04T18:20:07.767-0400][179065.202s][info ][gc          ] GC(730) Pause Young (Normal) (G1 Evacuation Pause) 456M->202M(512M) 5.468ms
[2025-04-04T18:20:07.767-0400][179065.202s][info ][gc,cpu      ] GC(730) User=0.00s Sys=0.00s Real=0.00s
[2025-04-04T18:20:07.767-0400][179065.202s][info ][safepoint   ] Safepoint "G1CollectForAllocation", Time since last: 212720138800 ns, Reaching safepoint: 225700 ns, Cleanup: 10200 ns, At safepoint: 5625400 ns, Total: 5861300 ns
[2025-04-04T18:23:39.018-0400][179276.452s][debug][safepoint   ] Safepoint synchronization initiated using striped semaphore wait barrier. (245 threads)
[2025-04-04T18:23:39.018-0400][179276.452s][info ][gc,start    ] GC(731) Pause Young (Normal) (G1 Evacuation Pause)
[2025-04-04T18:23:39.018-0400][179276.452s][info ][gc,task     ] GC(731) Using 23 workers of 23 for evacuation
[2025-04-04T18:23:39.023-0400][179276.457s][info ][gc,phases   ] GC(731)   Pre Evacuate Collection Set: 0.3ms
[2025-04-04T18:23:39.023-0400][179276.457s][info ][gc,phases   ] GC(731)   Merge Heap Roots: 0.3ms
[2025-04-04T18:23:39.023-0400][179276.458s][info ][gc,phases   ] GC(731)   Evacuate Collection Set: 2.7ms
[2025-04-04T18:23:39.023-0400][179276.458s][info ][gc,phases   ] GC(731)   Post Evacuate Collection Set: 1.6ms
[2025-04-04T18:23:39.023-0400][179276.458s][info ][gc,phases   ] GC(731)   Other: 0.2ms
[2025-04-04T18:23:39.023-0400][179276.458s][info ][gc,heap     ] GC(731) Eden regions: 254->0(253)
[2025-04-04T18:23:39.023-0400][179276.458s][info ][gc,heap     ] GC(731) Survivor regions: 2->2(32)
[2025-04-04T18:23:39.023-0400][179276.458s][info ][gc,heap     ] GC(731) Old regions: 200->200
[2025-04-04T18:23:39.023-0400][179276.458s][info ][gc,heap     ] GC(731) Archive regions: 0->0
[2025-04-04T18:23:39.023-0400][179276.458s][info ][gc,heap     ] GC(731) Humongous regions: 2->2
[2025-04-04T18:23:39.023-0400][179276.458s][info ][gc,metaspace] GC(731) Metaspace: 199365K(201152K)->199365K(201152K) NonClass: 175617K(176512K)->175617K(176512K) Class: 23747K(24640K)->23747K(24640K)
[2025-04-04T18:23:39.023-0400][179276.458s][info ][gc          ] GC(731) Pause Young (Normal) (G1 Evacuation Pause) 456M->202M(512M) 5.328ms
[2025-04-04T18:23:39.023-0400][179276.458s][info ][gc,cpu      ] GC(731) User=0.00s Sys=0.02s Real=0.01s
[2025-04-04T18:23:39.023-0400][179276.458s][info ][safepoint   ] Safepoint "G1CollectForAllocation", Time since last: 211249736700 ns, Reaching safepoint: 107600 ns, Cleanup: 5500 ns, At safepoint: 5478100 ns, Total: 5591200 ns
[2025-04-04T18:27:09.246-0400][179486.680s][debug][safepoint   ] Safepoint synchronization initiated using striped semaphore wait barrier. (245 threads)
[2025-04-04T18:27:09.246-0400][179486.681s][info ][gc,start    ] GC(732) Pause Young (Normal) (G1 Evacuation Pause)
[2025-04-04T18:27:09.246-0400][179486.681s][info ][gc,task     ] GC(732) Using 23 workers of 23 for evacuation
[2025-04-04T18:27:09.254-0400][179486.689s][info ][gc,phases   ] GC(732)   Pre Evacuate Collection Set: 0.4ms
[2025-04-04T18:27:09.254-0400][179486.689s][info ][gc,phases   ] GC(732)   Merge Heap Roots: 0.4ms
[2025-04-04T18:27:09.254-0400][179486.689s][info ][gc,phases   ] GC(732)   Evacuate Collection Set: 4.6ms
[2025-04-04T18:27:09.254-0400][179486.689s][info ][gc,phases   ] GC(732)   Post Evacuate Collection Set: 2.4ms
[2025-04-04T18:27:09.254-0400][179486.689s][info ][gc,phases   ] GC(732)   Other: 0.3ms
[2025-04-04T18:27:09.254-0400][179486.689s][info ][gc,heap     ] GC(732) Eden regions: 253->0(253)
[2025-04-04T18:27:09.254-0400][179486.689s][info ][gc,heap     ] GC(732) Survivor regions: 2->2(32)
[2025-04-04T18:27:09.254-0400][179486.689s][info ][gc,heap     ] GC(732) Old regions: 200->200
[2025-04-04T18:27:09.254-0400][179486.689s][info ][gc,heap     ] GC(732) Archive regions: 0->0
[2025-04-04T18:27:09.254-0400][179486.689s][info ][gc,heap     ] GC(732) Humongous regions: 2->2
[2025-04-04T18:27:09.254-0400][179486.689s][info ][gc,metaspace] GC(732) Metaspace: 199365K(201152K)->199365K(201152K) NonClass: 175617K(176512K)->175617K(176512K) Class: 23747K(24640K)->23747K(24640K)
[2025-04-04T18:27:09.254-0400][179486.689s][info ][gc          ] GC(732) Pause Young (Normal) (G1 Evacuation Pause) 455M->202M(512M) 8.255ms
[2025-04-04T18:27:09.254-0400][179486.689s][info ][gc,cpu      ] GC(732) User=0.03s Sys=0.00s Real=0.01s
[2025-04-04T18:27:09.254-0400][179486.689s][info ][safepoint   ] Safepoint "G1CollectForAllocation", Time since last: 210222609400 ns, Reaching safepoint: 171600 ns, Cleanup: 10200 ns, At safepoint: 8457700 ns, Total: 8639500 ns
[2025-04-04T18:30:42.310-0400][179699.745s][debug][safepoint   ] Safepoint synchronization initiated using striped semaphore wait barrier. (245 threads)
[2025-04-04T18:30:42.310-0400][179699.745s][info ][gc,start    ] GC(733) Pause Young (Normal) (G1 Evacuation Pause)
[2025-04-04T18:30:42.310-0400][179699.745s][info ][gc,task     ] GC(733) Using 23 workers of 23 for evacuation
[2025-04-04T18:30:42.317-0400][179699.752s][info ][gc,phases   ] GC(733)   Pre Evacuate Collection Set: 0.5ms
[2025-04-04T18:30:42.317-0400][179699.752s][info ][gc,phases   ] GC(733)   Merge Heap Roots: 0.4ms
[2025-04-04T18:30:42.317-0400][179699.752s][info ][gc,phases   ] GC(733)   Evacuate Collection Set: 3.3ms
[2025-04-04T18:30:42.317-0400][179699.752s][info ][gc,phases   ] GC(733)   Post Evacuate Collection Set: 2.3ms
[2025-04-04T18:30:42.317-0400][179699.752s][info ][gc,phases   ] GC(733)   Other: 0.3ms
[2025-04-04T18:30:42.317-0400][179699.752s][info ][gc,heap     ] GC(733) Eden regions: 253->0(253)
[2025-04-04T18:30:42.317-0400][179699.752s][info ][gc,heap     ] GC(733) Survivor regions: 2->2(32)
[2025-04-04T18:30:42.317-0400][179699.752s][info ][gc,heap     ] GC(733) Old regions: 200->200
[2025-04-04T18:30:42.317-0400][179699.752s][info ][gc,heap     ] GC(733) Archive regions: 0->0
[2025-04-04T18:30:42.317-0400][179699.752s][info ][gc,heap     ] GC(733) Humongous regions: 2->2
[2025-04-04T18:30:42.317-0400][179699.752s][info ][gc,metaspace] GC(733) Metaspace: 199365K(201152K)->199365K(201152K) NonClass: 175617K(176512K)->175617K(176512K) Class: 23747K(24640K)->23747K(24640K)
[2025-04-04T18:30:42.317-0400][179699.752s][info ][gc          ] GC(733) Pause Young (Normal) (G1 Evacuation Pause) 455M->202M(512M) 6.996ms
[2025-04-04T18:30:42.317-0400][179699.752s][info ][gc,cpu      ] GC(733) User=0.02s Sys=0.00s Real=0.01s
[2025-04-04T18:30:42.317-0400][179699.752s][info ][safepoint   ] Safepoint "G1CollectForAllocation", Time since last: 213056080600 ns, Reaching safepoint: 159000 ns, Cleanup: 7100 ns, At safepoint: 7218400 ns, Total: 7384500 ns
[2025-04-04T18:34:13.746-0400][179911.181s][debug][safepoint   ] Safepoint synchronization initiated using striped semaphore wait barrier. (245 threads)
[2025-04-04T18:34:13.746-0400][179911.181s][info ][gc,start    ] GC(734) Pause Young (Normal) (G1 Evacuation Pause)
[2025-04-04T18:34:13.746-0400][179911.181s][info ][gc,task     ] GC(734) Using 23 workers of 23 for evacuation
[2025-04-04T18:34:13.754-0400][179911.189s][info ][gc,phases   ] GC(734)   Pre Evacuate Collection Set: 0.4ms
[2025-04-04T18:34:13.754-0400][179911.189s][info ][gc,phases   ] GC(734)   Merge Heap Roots: 0.3ms
[2025-04-04T18:34:13.754-0400][179911.189s][info ][gc,phases   ] GC(734)   Evacuate Collection Set: 4.4ms
[2025-04-04T18:34:13.754-0400][179911.189s][info ][gc,phases   ] GC(734)   Post Evacuate Collection Set: 2.3ms
[2025-04-04T18:34:13.754-0400][179911.189s][info ][gc,phases   ] GC(734)   Other: 0.2ms
[2025-04-04T18:34:13.754-0400][179911.189s][info ][gc,heap     ] GC(734) Eden regions: 253->0(253)
[2025-04-04T18:34:13.754-0400][179911.189s][info ][gc,heap     ] GC(734) Survivor regions: 2->2(32)
[2025-04-04T18:34:13.754-0400][179911.189s][info ][gc,heap     ] GC(734) Old regions: 200->200
[2025-04-04T18:34:13.754-0400][179911.189s][info ][gc,heap     ] GC(734) Archive regions: 0->0
[2025-04-04T18:34:13.754-0400][179911.189s][info ][gc,heap     ] GC(734) Humongous regions: 2->2
[2025-04-04T18:34:13.754-0400][179911.189s][info ][gc,metaspace] GC(734) Metaspace: 199365K(201152K)->199365K(201152K) NonClass: 175617K(176512K)->175617K(176512K) Class: 23747K(24640K)->23747K(24640K)
[2025-04-04T18:34:13.754-0400][179911.189s][info ][gc          ] GC(734) Pause Young (Normal) (G1 Evacuation Pause) 455M->202M(512M) 7.704ms
[2025-04-04T18:34:13.754-0400][179911.189s][info ][gc,cpu      ] GC(734) User=0.02s Sys=0.00s Real=0.01s
[2025-04-04T18:34:13.754-0400][179911.189s][info ][safepoint   ] Safepoint "G1CollectForAllocation", Time since last: 211428563300 ns, Reaching safepoint: 147800 ns, Cleanup: 6200 ns, At safepoint: 7833400 ns, Total: 7987400 ns
[2025-04-04T18:37:46.899-0400][180124.334s][debug][safepoint   ] Safepoint synchronization initiated using striped semaphore wait barrier. (245 threads)
[2025-04-04T18:37:46.899-0400][180124.335s][info ][gc,start    ] GC(735) Pause Young (Normal) (G1 Evacuation Pause)
[2025-04-04T18:37:46.899-0400][180124.335s][info ][gc,task     ] GC(735) Using 23 workers of 23 for evacuation
[2025-04-04T18:37:46.907-0400][180124.342s][info ][gc,phases   ] GC(735)   Pre Evacuate Collection Set: 0.4ms
[2025-04-04T18:37:46.907-0400][180124.342s][info ][gc,phases   ] GC(735)   Merge Heap Roots: 0.3ms
[2025-04-04T18:37:46.907-0400][180124.342s][info ][gc,phases   ] GC(735)   Evacuate Collection Set: 3.9ms
[2025-04-04T18:37:46.907-0400][180124.342s][info ][gc,phases   ] GC(735)   Post Evacuate Collection Set: 2.6ms
[2025-04-04T18:37:46.907-0400][180124.342s][info ][gc,phases   ] GC(735)   Other: 0.3ms
[2025-04-04T18:37:46.907-0400][180124.342s][info ][gc,heap     ] GC(735) Eden regions: 253->0(253)
[2025-04-04T18:37:46.907-0400][180124.342s][info ][gc,heap     ] GC(735) Survivor regions: 2->2(32)
[2025-04-04T18:37:46.907-0400][180124.342s][info ][gc,heap     ] GC(735) Old regions: 200->200
[2025-04-04T18:37:46.907-0400][180124.342s][info ][gc,heap     ] GC(735) Archive regions: 0->0
[2025-04-04T18:37:46.907-0400][180124.342s][info ][gc,heap     ] GC(735) Humongous regions: 2->2
[2025-04-04T18:37:46.907-0400][180124.342s][info ][gc,metaspace] GC(735) Metaspace: 199367K(201152K)->199367K(201152K) NonClass: 175619K(176512K)->175619K(176512K) Class: 23747K(24640K)->23747K(24640K)
[2025-04-04T18:37:46.907-0400][180124.342s][info ][gc          ] GC(735) Pause Young (Normal) (G1 Evacuation Pause) 455M->202M(512M) 7.651ms
[2025-04-04T18:37:46.907-0400][180124.342s][info ][gc,cpu      ] GC(735) User=0.00s Sys=0.00s Real=0.01s
[2025-04-04T18:37:46.907-0400][180124.342s][info ][safepoint   ] Safepoint "G1CollectForAllocation", Time since last: 213145230800 ns, Reaching safepoint: 312000 ns, Cleanup: 7100 ns, At safepoint: 7835700 ns, Total: 8154800 ns
[2025-04-04T18:41:17.991-0400][180335.426s][debug][safepoint   ] Safepoint synchronization initiated using striped semaphore wait barrier. (245 threads)
[2025-04-04T18:41:17.991-0400][180335.426s][info ][gc,start    ] GC(736) Pause Young (Normal) (G1 Evacuation Pause)
[2025-04-04T18:41:17.991-0400][180335.426s][info ][gc,task     ] GC(736) Using 23 workers of 23 for evacuation
[2025-04-04T18:41:17.996-0400][180335.431s][info ][gc,phases   ] GC(736)   Pre Evacuate Collection Set: 0.2ms
[2025-04-04T18:41:17.997-0400][180335.431s][info ][gc,phases   ] GC(736)   Merge Heap Roots: 0.2ms
[2025-04-04T18:41:17.997-0400][180335.431s][info ][gc,phases   ] GC(736)   Evacuate Collection Set: 3.6ms
[2025-04-04T18:41:17.997-0400][180335.431s][info ][gc,phases   ] GC(736)   Post Evacuate Collection Set: 1.5ms
[2025-04-04T18:41:17.997-0400][180335.431s][info ][gc,phases   ] GC(736)   Other: 0.1ms
[2025-04-04T18:41:17.997-0400][180335.431s][info ][gc,heap     ] GC(736) Eden regions: 253->0(253)
[2025-04-04T18:41:17.997-0400][180335.431s][info ][gc,heap     ] GC(736) Survivor regions: 2->2(32)
[2025-04-04T18:41:17.997-0400][180335.432s][info ][gc,heap     ] GC(736) Old regions: 200->200
[2025-04-04T18:41:17.997-0400][180335.432s][info ][gc,heap     ] GC(736) Archive regions: 0->0
[2025-04-04T18:41:17.997-0400][180335.432s][info ][gc,heap     ] GC(736) Humongous regions: 2->2
[2025-04-04T18:41:17.997-0400][180335.432s][info ][gc,metaspace] GC(736) Metaspace: 199367K(201152K)->199367K(201152K) NonClass: 175619K(176512K)->175619K(176512K) Class: 23747K(24640K)->23747K(24640K)
[2025-04-04T18:41:17.997-0400][180335.432s][info ][gc          ] GC(736) Pause Young (Normal) (G1 Evacuation Pause) 455M->202M(512M) 5.719ms
[2025-04-04T18:41:17.997-0400][180335.432s][info ][gc,cpu      ] GC(736) User=0.00s Sys=0.00s Real=0.01s
[2025-04-04T18:41:17.997-0400][180335.432s][info ][safepoint   ] Safepoint "G1CollectForAllocation", Time since last: 211083278700 ns, Reaching safepoint: 81300 ns, Cleanup: 4600 ns, At safepoint: 5822400 ns, Total: 5908300 ns
[2025-04-04T18:44:51.645-0400][180549.080s][debug][safepoint   ] Safepoint synchronization initiated using striped semaphore wait barrier. (245 threads)
[2025-04-04T18:44:51.645-0400][180549.080s][info ][gc,start    ] GC(737) Pause Young (Normal) (G1 Evacuation Pause)
[2025-04-04T18:44:51.645-0400][180549.080s][info ][gc,task     ] GC(737) Using 23 workers of 23 for evacuation
[2025-04-04T18:44:51.648-0400][180549.083s][info ][gc,phases   ] GC(737)   Pre Evacuate Collection Set: 0.1ms
[2025-04-04T18:44:51.648-0400][180549.083s][info ][gc,phases   ] GC(737)   Merge Heap Roots: 0.1ms
[2025-04-04T18:44:51.648-0400][180549.083s][info ][gc,phases   ] GC(737)   Evacuate Collection Set: 1.9ms
[2025-04-04T18:44:51.648-0400][180549.083s][info ][gc,phases   ] GC(737)   Post Evacuate Collection Set: 1.0ms
[2025-04-04T18:44:51.648-0400][180549.083s][info ][gc,phases   ] GC(737)   Other: 0.1ms
[2025-04-04T18:44:51.648-0400][180549.083s][info ][gc,heap     ] GC(737) Eden regions: 253->0(253)
[2025-04-04T18:44:51.648-0400][180549.083s][info ][gc,heap     ] GC(737) Survivor regions: 2->2(32)
[2025-04-04T18:44:51.648-0400][180549.083s][info ][gc,heap     ] GC(737) Old regions: 200->200
[2025-04-04T18:44:51.648-0400][180549.083s][info ][gc,heap     ] GC(737) Archive regions: 0->0
[2025-04-04T18:44:51.648-0400][180549.083s][info ][gc,heap     ] GC(737) Humongous regions: 2->2
[2025-04-04T18:44:51.648-0400][180549.083s][info ][gc,metaspace] GC(737) Metaspace: 199367K(201152K)->199367K(201152K) NonClass: 175619K(176512K)->175619K(176512K) Class: 23747K(24640K)->23747K(24640K)
[2025-04-04T18:44:51.648-0400][180549.083s][info ][gc          ] GC(737) Pause Young (Normal) (G1 Evacuation Pause) 455M->202M(512M) 3.226ms
[2025-04-04T18:44:51.648-0400][180549.083s][info ][gc,cpu      ] GC(737) User=0.00s Sys=0.00s Real=0.00s
[2025-04-04T18:44:51.648-0400][180549.083s][info ][safepoint   ] Safepoint "G1CollectForAllocation", Time since last: 213648344000 ns, Reaching safepoint: 37300 ns, Cleanup: 2000 ns, At safepoint: 3301000 ns, Total: 3340300 ns
[2025-04-04T18:48:22.959-0400][180760.393s][debug][safepoint   ] Safepoint synchronization initiated using striped semaphore wait barrier. (245 threads)
[2025-04-04T18:48:22.959-0400][180760.394s][info ][gc,start    ] GC(738) Pause Young (Normal) (G1 Evacuation Pause)
[2025-04-04T18:48:22.959-0400][180760.394s][info ][gc,task     ] GC(738) Using 23 workers of 23 for evacuation
[2025-04-04T18:48:22.965-0400][180760.400s][info ][gc,phases   ] GC(738)   Pre Evacuate Collection Set: 0.4ms
[2025-04-04T18:48:22.965-0400][180760.400s][info ][gc,phases   ] GC(738)   Merge Heap Roots: 0.3ms
[2025-04-04T18:48:22.965-0400][180760.400s][info ][gc,phases   ] GC(738)   Evacuate Collection Set: 3.2ms
[2025-04-04T18:48:22.965-0400][180760.400s][info ][gc,phases   ] GC(738)   Post Evacuate Collection Set: 1.9ms
[2025-04-04T18:48:22.965-0400][180760.400s][info ][gc,phases   ] GC(738)   Other: 0.3ms
[2025-04-04T18:48:22.965-0400][180760.400s][info ][gc,heap     ] GC(738) Eden regions: 253->0(253)
[2025-04-04T18:48:22.965-0400][180760.400s][info ][gc,heap     ] GC(738) Survivor regions: 2->2(32)
[2025-04-04T18:48:22.965-0400][180760.400s][info ][gc,heap     ] GC(738) Old regions: 200->200
[2025-04-04T18:48:22.965-0400][180760.400s][info ][gc,heap     ] GC(738) Archive regions: 0->0
[2025-04-04T18:48:22.965-0400][180760.400s][info ][gc,heap     ] GC(738) Humongous regions: 2->2
[2025-04-04T18:48:22.965-0400][180760.400s][info ][gc,metaspace] GC(738) Metaspace: 199367K(201152K)->199367K(201152K) NonClass: 175619K(176512K)->175619K(176512K) Class: 23747K(24640K)->23747K(24640K)
[2025-04-04T18:48:22.965-0400][180760.400s][info ][gc          ] GC(738) Pause Young (Normal) (G1 Evacuation Pause) 455M->202M(512M) 6.247ms
[2025-04-04T18:48:22.965-0400][180760.400s][info ][gc,cpu      ] GC(738) User=0.00s Sys=0.00s Real=0.01s
[2025-04-04T18:48:22.965-0400][180760.400s][info ][safepoint   ] Safepoint "G1CollectForAllocation", Time since last: 211310039800 ns, Reaching safepoint: 190400 ns, Cleanup: 27000 ns, At safepoint: 6446100 ns, Total: 6663500 ns
[2025-04-04T18:51:55.188-0400][180972.623s][debug][safepoint   ] Safepoint synchronization initiated using striped semaphore wait barrier. (245 threads)
[2025-04-04T18:51:55.188-0400][180972.623s][info ][gc,start    ] GC(739) Pause Young (Normal) (G1 Evacuation Pause)
[2025-04-04T18:51:55.188-0400][180972.623s][info ][gc,task     ] GC(739) Using 23 workers of 23 for evacuation
[2025-04-04T18:51:55.194-0400][180972.629s][info ][gc,phases   ] GC(739)   Pre Evacuate Collection Set: 0.3ms
[2025-04-04T18:51:55.194-0400][180972.629s][info ][gc,phases   ] GC(739)   Merge Heap Roots: 0.3ms
[2025-04-04T18:51:55.194-0400][180972.629s][info ][gc,phases   ] GC(739)   Evacuate Collection Set: 3.1ms
[2025-04-04T18:51:55.194-0400][180972.629s][info ][gc,phases   ] GC(739)   Post Evacuate Collection Set: 2.3ms
[2025-04-04T18:51:55.194-0400][180972.629s][info ][gc,phases   ] GC(739)   Other: 0.2ms
[2025-04-04T18:51:55.194-0400][180972.629s][info ][gc,heap     ] GC(739) Eden regions: 253->0(253)
[2025-04-04T18:51:55.194-0400][180972.629s][info ][gc,heap     ] GC(739) Survivor regions: 2->2(32)
[2025-04-04T18:51:55.194-0400][180972.629s][info ][gc,heap     ] GC(739) Old regions: 200->200
[2025-04-04T18:51:55.194-0400][180972.629s][info ][gc,heap     ] GC(739) Archive regions: 0->0
[2025-04-04T18:51:55.194-0400][180972.629s][info ][gc,heap     ] GC(739) Humongous regions: 2->2
[2025-04-04T18:51:55.194-0400][180972.629s][info ][gc,metaspace] GC(739) Metaspace: 199367K(201152K)->199367K(201152K) NonClass: 175619K(176512K)->175619K(176512K) Class: 23747K(24640K)->23747K(24640K)
[2025-04-04T18:51:55.194-0400][180972.629s][info ][gc          ] GC(739) Pause Young (Normal) (G1 Evacuation Pause) 455M->202M(512M) 6.358ms
[2025-04-04T18:51:55.194-0400][180972.629s][info ][gc,cpu      ] GC(739) User=0.02s Sys=0.02s Real=0.01s
[2025-04-04T18:51:55.195-0400][180972.629s][info ][safepoint   ] Safepoint "G1CollectForAllocation", Time since last: 212222553500 ns, Reaching safepoint: 117800 ns, Cleanup: 7700 ns, At safepoint: 6510400 ns, Total: 6635900 ns
[2025-04-04T18:55:23.152-0400][181180.587s][debug][safepoint   ] Safepoint synchronization initiated using striped semaphore wait barrier. (245 threads)
[2025-04-04T18:55:23.152-0400][181180.587s][info ][gc,start    ] GC(740) Pause Young (Normal) (G1 Evacuation Pause)
[2025-04-04T18:55:23.152-0400][181180.587s][info ][gc,task     ] GC(740) Using 23 workers of 23 for evacuation
[2025-04-04T18:55:23.157-0400][181180.592s][info ][gc,phases   ] GC(740)   Pre Evacuate Collection Set: 0.3ms
[2025-04-04T18:55:23.157-0400][181180.592s][info ][gc,phases   ] GC(740)   Merge Heap Roots: 0.2ms
[2025-04-04T18:55:23.157-0400][181180.592s][info ][gc,phases   ] GC(740)   Evacuate Collection Set: 2.7ms
[2025-04-04T18:55:23.157-0400][181180.592s][info ][gc,phases   ] GC(740)   Post Evacuate Collection Set: 1.4ms
[2025-04-04T18:55:23.157-0400][181180.592s][info ][gc,phases   ] GC(740)   Other: 0.2ms
[2025-04-04T18:55:23.157-0400][181180.592s][info ][gc,heap     ] GC(740) Eden regions: 253->0(253)
[2025-04-04T18:55:23.157-0400][181180.592s][info ][gc,heap     ] GC(740) Survivor regions: 2->2(32)
[2025-04-04T18:55:23.157-0400][181180.592s][info ][gc,heap     ] GC(740) Old regions: 200->200
[2025-04-04T18:55:23.157-0400][181180.592s][info ][gc,heap     ] GC(740) Archive regions: 0->0
[2025-04-04T18:55:23.157-0400][181180.592s][info ][gc,heap     ] GC(740) Humongous regions: 2->2
[2025-04-04T18:55:23.157-0400][181180.592s][info ][gc,metaspace] GC(740) Metaspace: 199367K(201152K)->199367K(201152K) NonClass: 175619K(176512K)->175619K(176512K) Class: 23747K(24640K)->23747K(24640K)
[2025-04-04T18:55:23.157-0400][181180.593s][info ][gc          ] GC(740) Pause Young (Normal) (G1 Evacuation Pause) 455M->202M(512M) 5.085ms
[2025-04-04T18:55:23.157-0400][181180.593s][info ][gc,cpu      ] GC(740) User=0.00s Sys=0.00s Real=0.01s
[2025-04-04T18:55:23.157-0400][181180.593s][info ][safepoint   ] Safepoint "G1CollectForAllocation", Time since last: 207958069200 ns, Reaching safepoint: 120400 ns, Cleanup: 7700 ns, At safepoint: 5238300 ns, Total: 5366400 ns
[2025-04-04T18:58:55.161-0400][181392.595s][debug][safepoint   ] Safepoint synchronization initiated using striped semaphore wait barrier. (246 threads)
[2025-04-04T18:58:55.161-0400][181392.595s][info ][gc,start    ] GC(741) Pause Young (Normal) (G1 Evacuation Pause)
[2025-04-04T18:58:55.161-0400][181392.595s][info ][gc,task     ] GC(741) Using 23 workers of 23 for evacuation
[2025-04-04T18:58:55.163-0400][181392.598s][info ][gc,phases   ] GC(741)   Pre Evacuate Collection Set: 0.1ms
[2025-04-04T18:58:55.163-0400][181392.598s][info ][gc,phases   ] GC(741)   Merge Heap Roots: 0.2ms
[2025-04-04T18:58:55.163-0400][181392.598s][info ][gc,phases   ] GC(741)   Evacuate Collection Set: 1.1ms
[2025-04-04T18:58:55.163-0400][181392.598s][info ][gc,phases   ] GC(741)   Post Evacuate Collection Set: 1.0ms
[2025-04-04T18:58:55.163-0400][181392.598s][info ][gc,phases   ] GC(741)   Other: 0.1ms
[2025-04-04T18:58:55.163-0400][181392.598s][info ][gc,heap     ] GC(741) Eden regions: 253->0(253)
[2025-04-04T18:58:55.163-0400][181392.598s][info ][gc,heap     ] GC(741) Survivor regions: 2->2(32)
[2025-04-04T18:58:55.163-0400][181392.598s][info ][gc,heap     ] GC(741) Old regions: 200->200
[2025-04-04T18:58:55.163-0400][181392.598s][info ][gc,heap     ] GC(741) Archive regions: 0->0
[2025-04-04T18:58:55.163-0400][181392.598s][info ][gc,heap     ] GC(741) Humongous regions: 2->2
[2025-04-04T18:58:55.163-0400][181392.598s][info ][gc,metaspace] GC(741) Metaspace: 199367K(201152K)->199367K(201152K) NonClass: 175619K(176512K)->175619K(176512K) Class: 23747K(24640K)->23747K(24640K)
[2025-04-04T18:58:55.163-0400][181392.598s][info ][gc          ] GC(741) Pause Young (Normal) (G1 Evacuation Pause) 455M->202M(512M) 2.541ms
[2025-04-04T18:58:55.163-0400][181392.598s][info ][gc,cpu      ] GC(741) User=0.00s Sys=0.00s Real=0.00s
[2025-04-04T18:58:55.163-0400][181392.598s][info ][safepoint   ] Safepoint "G1CollectForAllocation", Time since last: 212002728600 ns, Reaching safepoint: 44300 ns, Cleanup: 2800 ns, At safepoint: 2611600 ns, Total: 2658700 ns
[2025-04-04T19:02:28.767-0400][181606.202s][debug][safepoint   ] Safepoint synchronization initiated using striped semaphore wait barrier. (246 threads)
[2025-04-04T19:02:28.767-0400][181606.202s][info ][gc,start    ] GC(742) Pause Young (Normal) (G1 Evacuation Pause)
[2025-04-04T19:02:28.767-0400][181606.202s][info ][gc,task     ] GC(742) Using 23 workers of 23 for evacuation
[2025-04-04T19:02:28.777-0400][181606.212s][info ][gc,phases   ] GC(742)   Pre Evacuate Collection Set: 0.4ms
[2025-04-04T19:02:28.777-0400][181606.212s][info ][gc,phases   ] GC(742)   Merge Heap Roots: 0.3ms
[2025-04-04T19:02:28.777-0400][181606.212s][info ][gc,phases   ] GC(742)   Evacuate Collection Set: 6.6ms
[2025-04-04T19:02:28.777-0400][181606.212s][info ][gc,phases   ] GC(742)   Post Evacuate Collection Set: 2.0ms
[2025-04-04T19:02:28.777-0400][181606.212s][info ][gc,phases   ] GC(742)   Other: 0.3ms
[2025-04-04T19:02:28.777-0400][181606.212s][info ][gc,heap     ] GC(742) Eden regions: 253->0(253)
[2025-04-04T19:02:28.777-0400][181606.212s][info ][gc,heap     ] GC(742) Survivor regions: 2->2(32)
[2025-04-04T19:02:28.777-0400][181606.212s][info ][gc,heap     ] GC(742) Old regions: 200->200
[2025-04-04T19:02:28.777-0400][181606.212s][info ][gc,heap     ] GC(742) Archive regions: 0->0
[2025-04-04T19:02:28.777-0400][181606.212s][info ][gc,heap     ] GC(742) Humongous regions: 2->2
[2025-04-04T19:02:28.777-0400][181606.212s][info ][gc,metaspace] GC(742) Metaspace: 199367K(201152K)->199367K(201152K) NonClass: 175619K(176512K)->175619K(176512K) Class: 23747K(24640K)->23747K(24640K)
[2025-04-04T19:02:28.777-0400][181606.212s][info ][gc          ] GC(742) Pause Young (Normal) (G1 Evacuation Pause) 455M->202M(512M) 9.800ms
[2025-04-04T19:02:28.777-0400][181606.212s][info ][gc,cpu      ] GC(742) User=0.02s Sys=0.00s Real=0.01s
[2025-04-04T19:02:28.777-0400][181606.212s][info ][safepoint   ] Safepoint "G1CollectForAllocation", Time since last: 213604192700 ns, Reaching safepoint: 168800 ns, Cleanup: 7400 ns, At safepoint: 10000100 ns, Total: 10176300 ns
[2025-04-04T19:06:00.425-0400][181817.860s][debug][safepoint   ] Safepoint synchronization initiated using striped semaphore wait barrier. (246 threads)
[2025-04-04T19:06:00.425-0400][181817.860s][info ][gc,start    ] GC(743) Pause Young (Normal) (G1 Evacuation Pause)
[2025-04-04T19:06:00.425-0400][181817.860s][info ][gc,task     ] GC(743) Using 23 workers of 23 for evacuation
[2025-04-04T19:06:00.433-0400][181817.868s][info ][gc,phases   ] GC(743)   Pre Evacuate Collection Set: 0.5ms
[2025-04-04T19:06:00.433-0400][181817.868s][info ][gc,phases   ] GC(743)   Merge Heap Roots: 0.4ms
[2025-04-04T19:06:00.433-0400][181817.868s][info ][gc,phases   ] GC(743)   Evacuate Collection Set: 4.4ms
[2025-04-04T19:06:00.433-0400][181817.868s][info ][gc,phases   ] GC(743)   Post Evacuate Collection Set: 2.2ms
[2025-04-04T19:06:00.433-0400][181817.868s][info ][gc,phases   ] GC(743)   Other: 0.3ms
[2025-04-04T19:06:00.433-0400][181817.868s][info ][gc,heap     ] GC(743) Eden regions: 253->0(253)
[2025-04-04T19:06:00.433-0400][181817.868s][info ][gc,heap     ] GC(743) Survivor regions: 2->2(32)
[2025-04-04T19:06:00.433-0400][181817.868s][info ][gc,heap     ] GC(743) Old regions: 200->200
[2025-04-04T19:06:00.433-0400][181817.868s][info ][gc,heap     ] GC(743) Archive regions: 0->0
[2025-04-04T19:06:00.433-0400][181817.868s][info ][gc,heap     ] GC(743) Humongous regions: 2->2
[2025-04-04T19:06:00.433-0400][181817.868s][info ][gc,metaspace] GC(743) Metaspace: 199367K(201152K)->199367K(201152K) NonClass: 175619K(176512K)->175619K(176512K) Class: 23747K(24640K)->23747K(24640K)
[2025-04-04T19:06:00.433-0400][181817.868s][info ][gc          ] GC(743) Pause Young (Normal) (G1 Evacuation Pause) 455M->202M(512M) 7.844ms
[2025-04-04T19:06:00.433-0400][181817.868s][info ][gc,cpu      ] GC(743) User=0.00s Sys=0.00s Real=0.01s
[2025-04-04T19:06:00.433-0400][181817.868s][info ][safepoint   ] Safepoint "G1CollectForAllocation", Time since last: 211647646600 ns, Reaching safepoint: 157900 ns, Cleanup: 23500 ns, At safepoint: 8054800 ns, Total: 8236200 ns
[2025-04-04T19:09:33.703-0400][182031.138s][debug][safepoint   ] Safepoint synchronization initiated using striped semaphore wait barrier. (246 threads)
[2025-04-04T19:09:33.703-0400][182031.138s][info ][gc,start    ] GC(744) Pause Young (Normal) (G1 Evacuation Pause)
[2025-04-04T19:09:33.703-0400][182031.138s][info ][gc,task     ] GC(744) Using 23 workers of 23 for evacuation
[2025-04-04T19:09:33.707-0400][182031.142s][info ][gc,phases   ] GC(744)   Pre Evacuate Collection Set: 0.2ms
[2025-04-04T19:09:33.707-0400][182031.142s][info ][gc,phases   ] GC(744)   Merge Heap Roots: 0.2ms
[2025-04-04T19:09:33.707-0400][182031.142s][info ][gc,phases   ] GC(744)   Evacuate Collection Set: 1.8ms
[2025-04-04T19:09:33.707-0400][182031.142s][info ][gc,phases   ] GC(744)   Post Evacuate Collection Set: 1.8ms
[2025-04-04T19:09:33.707-0400][182031.142s][info ][gc,phases   ] GC(744)   Other: 0.2ms
[2025-04-04T19:09:33.707-0400][182031.142s][info ][gc,heap     ] GC(744) Eden regions: 253->0(253)
[2025-04-04T19:09:33.707-0400][182031.142s][info ][gc,heap     ] GC(744) Survivor regions: 2->2(32)
[2025-04-04T19:09:33.707-0400][182031.142s][info ][gc,heap     ] GC(744) Old regions: 200->200
[2025-04-04T19:09:33.707-0400][182031.142s][info ][gc,heap     ] GC(744) Archive regions: 0->0
[2025-04-04T19:09:33.707-0400][182031.142s][info ][gc,heap     ] GC(744) Humongous regions: 2->2
[2025-04-04T19:09:33.707-0400][182031.142s][info ][gc,metaspace] GC(744) Metaspace: 199367K(201152K)->199367K(201152K) NonClass: 175619K(176512K)->175619K(176512K) Class: 23747K(24640K)->23747K(24640K)
[2025-04-04T19:09:33.707-0400][182031.142s][info ][gc          ] GC(744) Pause Young (Normal) (G1 Evacuation Pause) 455M->202M(512M) 4.267ms
[2025-04-04T19:09:33.707-0400][182031.142s][info ][gc,cpu      ] GC(744) User=0.06s Sys=0.00s Real=0.00s
[2025-04-04T19:09:33.707-0400][182031.143s][info ][safepoint   ] Safepoint "G1CollectForAllocation", Time since last: 213269641900 ns, Reaching safepoint: 176000 ns, Cleanup: 16200 ns, At safepoint: 4426800 ns, Total: 4619000 ns
[2025-04-04T19:13:05.386-0400][182242.820s][debug][safepoint   ] Safepoint synchronization initiated using striped semaphore wait barrier. (246 threads)
[2025-04-04T19:13:05.386-0400][182242.821s][info ][gc,start    ] GC(745) Pause Young (Normal) (G1 Evacuation Pause)
[2025-04-04T19:13:05.386-0400][182242.821s][info ][gc,task     ] GC(745) Using 23 workers of 23 for evacuation
[2025-04-04T19:13:05.395-0400][182242.829s][info ][gc,phases   ] GC(745)   Pre Evacuate Collection Set: 0.5ms
[2025-04-04T19:13:05.395-0400][182242.829s][info ][gc,phases   ] GC(745)   Merge Heap Roots: 0.3ms
[2025-04-04T19:13:05.395-0400][182242.829s][info ][gc,phases   ] GC(745)   Evacuate Collection Set: 4.4ms
[2025-04-04T19:13:05.395-0400][182242.829s][info ][gc,phases   ] GC(745)   Post Evacuate Collection Set: 3.1ms
[2025-04-04T19:13:05.395-0400][182242.829s][info ][gc,phases   ] GC(745)   Other: 0.3ms
[2025-04-04T19:13:05.395-0400][182242.829s][info ][gc,heap     ] GC(745) Eden regions: 253->0(253)
[2025-04-04T19:13:05.395-0400][182242.829s][info ][gc,heap     ] GC(745) Survivor regions: 2->2(32)
[2025-04-04T19:13:05.395-0400][182242.829s][info ][gc,heap     ] GC(745) Old regions: 200->200
[2025-04-04T19:13:05.395-0400][182242.829s][info ][gc,heap     ] GC(745) Archive regions: 0->0
[2025-04-04T19:13:05.395-0400][182242.829s][info ][gc,heap     ] GC(745) Humongous regions: 2->2
[2025-04-04T19:13:05.395-0400][182242.829s][info ][gc,metaspace] GC(745) Metaspace: 199367K(201152K)->199367K(201152K) NonClass: 175619K(176512K)->175619K(176512K) Class: 23747K(24640K)->23747K(24640K)
[2025-04-04T19:13:05.395-0400][182242.829s][info ][gc          ] GC(745) Pause Young (Normal) (G1 Evacuation Pause) 455M->202M(512M) 8.819ms
[2025-04-04T19:13:05.395-0400][182242.830s][info ][gc,cpu      ] GC(745) User=0.05s Sys=0.00s Real=0.01s
[2025-04-04T19:13:05.395-0400][182242.830s][info ][safepoint   ] Safepoint "G1CollectForAllocation", Time since last: 211677844300 ns, Reaching safepoint: 186800 ns, Cleanup: 12200 ns, At safepoint: 9018500 ns, Total: 9217500 ns
[2025-04-04T19:16:38.890-0400][182456.324s][debug][safepoint   ] Safepoint synchronization initiated using striped semaphore wait barrier. (246 threads)
[2025-04-04T19:16:38.890-0400][182456.325s][info ][gc,start    ] GC(746) Pause Young (Normal) (G1 Evacuation Pause)
[2025-04-04T19:16:38.890-0400][182456.325s][info ][gc,task     ] GC(746) Using 23 workers of 23 for evacuation
[2025-04-04T19:16:38.896-0400][182456.332s][info ][gc,phases   ] GC(746)   Pre Evacuate Collection Set: 0.4ms
[2025-04-04T19:16:38.896-0400][182456.332s][info ][gc,phases   ] GC(746)   Merge Heap Roots: 0.3ms
[2025-04-04T19:16:38.896-0400][182456.332s][info ][gc,phases   ] GC(746)   Evacuate Collection Set: 3.8ms
[2025-04-04T19:16:38.896-0400][182456.332s][info ][gc,phases   ] GC(746)   Post Evacuate Collection Set: 2.4ms
[2025-04-04T19:16:38.896-0400][182456.332s][info ][gc,phases   ] GC(746)   Other: 0.3ms
[2025-04-04T19:16:38.896-0400][182456.332s][info ][gc,heap     ] GC(746) Eden regions: 253->0(253)
[2025-04-04T19:16:38.896-0400][182456.332s][info ][gc,heap     ] GC(746) Survivor regions: 2->2(32)
[2025-04-04T19:16:38.896-0400][182456.332s][info ][gc,heap     ] GC(746) Old regions: 200->200
[2025-04-04T19:16:38.896-0400][182456.332s][info ][gc,heap     ] GC(746) Archive regions: 0->0
[2025-04-04T19:16:38.896-0400][182456.332s][info ][gc,heap     ] GC(746) Humongous regions: 2->2
[2025-04-04T19:16:38.896-0400][182456.332s][info ][gc,metaspace] GC(746) Metaspace: 199367K(201152K)->199367K(201152K) NonClass: 175619K(176512K)->175619K(176512K) Class: 23747K(24640K)->23747K(24640K)
[2025-04-04T19:16:38.897-0400][182456.332s][info ][gc          ] GC(746) Pause Young (Normal) (G1 Evacuation Pause) 455M->202M(512M) 7.345ms
[2025-04-04T19:16:38.897-0400][182456.332s][info ][gc,cpu      ] GC(746) User=0.08s Sys=0.00s Real=0.01s
[2025-04-04T19:16:38.897-0400][182456.332s][info ][safepoint   ] Safepoint "G1CollectForAllocation", Time since last: 213494748000 ns, Reaching safepoint: 155900 ns, Cleanup: 15700 ns, At safepoint: 7541900 ns, Total: 7713500 ns
[2025-04-04T19:20:10.250-0400][182667.684s][debug][safepoint   ] Safepoint synchronization initiated using striped semaphore wait barrier. (246 threads)
[2025-04-04T19:20:10.250-0400][182667.685s][info ][gc,start    ] GC(747) Pause Young (Normal) (G1 Evacuation Pause)
[2025-04-04T19:20:10.250-0400][182667.685s][info ][gc,task     ] GC(747) Using 23 workers of 23 for evacuation
[2025-04-04T19:20:10.253-0400][182667.688s][info ][gc,phases   ] GC(747)   Pre Evacuate Collection Set: 0.4ms
[2025-04-04T19:20:10.253-0400][182667.688s][info ][gc,phases   ] GC(747)   Merge Heap Roots: 0.3ms
[2025-04-04T19:20:10.253-0400][182667.688s][info ][gc,phases   ] GC(747)   Evacuate Collection Set: 1.2ms
[2025-04-04T19:20:10.253-0400][182667.688s][info ][gc,phases   ] GC(747)   Post Evacuate Collection Set: 1.4ms
[2025-04-04T19:20:10.253-0400][182667.688s][info ][gc,phases   ] GC(747)   Other: 0.1ms
[2025-04-04T19:20:10.254-0400][182667.688s][info ][gc,heap     ] GC(747) Eden regions: 253->0(253)
[2025-04-04T19:20:10.254-0400][182667.688s][info ][gc,heap     ] GC(747) Survivor regions: 2->2(32)
[2025-04-04T19:20:10.254-0400][182667.688s][info ][gc,heap     ] GC(747) Old regions: 200->200
[2025-04-04T19:20:10.254-0400][182667.688s][info ][gc,heap     ] GC(747) Archive regions: 0->0
[2025-04-04T19:20:10.254-0400][182667.688s][info ][gc,heap     ] GC(747) Humongous regions: 2->2
[2025-04-04T19:20:10.254-0400][182667.688s][info ][gc,metaspace] GC(747) Metaspace: 199367K(201152K)->199367K(201152K) NonClass: 175619K(176512K)->175619K(176512K) Class: 23747K(24640K)->23747K(24640K)
[2025-04-04T19:20:10.254-0400][182667.688s][info ][gc          ] GC(747) Pause Young (Normal) (G1 Evacuation Pause) 455M->202M(512M) 3.541ms
[2025-04-04T19:20:10.254-0400][182667.688s][info ][gc,cpu      ] GC(747) User=0.00s Sys=0.00s Real=0.00s
[2025-04-04T19:20:10.254-0400][182667.688s][info ][safepoint   ] Safepoint "G1CollectForAllocation", Time since last: 211352242300 ns, Reaching safepoint: 354000 ns, Cleanup: 3500 ns, At safepoint: 3668800 ns, Total: 4026300 ns
[2025-04-04T19:23:39.750-0400][182877.184s][debug][safepoint   ] Safepoint synchronization initiated using striped semaphore wait barrier. (247 threads)
[2025-04-04T19:23:39.750-0400][182877.185s][info ][gc,start    ] GC(748) Pause Young (Normal) (G1 Evacuation Pause)
[2025-04-04T19:23:39.750-0400][182877.185s][info ][gc,task     ] GC(748) Using 23 workers of 23 for evacuation
[2025-04-04T19:23:39.754-0400][182877.189s][info ][gc,phases   ] GC(748)   Pre Evacuate Collection Set: 0.2ms
[2025-04-04T19:23:39.754-0400][182877.189s][info ][gc,phases   ] GC(748)   Merge Heap Roots: 0.2ms
[2025-04-04T19:23:39.754-0400][182877.189s][info ][gc,phases   ] GC(748)   Evacuate Collection Set: 2.5ms
[2025-04-04T19:23:39.754-0400][182877.189s][info ][gc,phases   ] GC(748)   Post Evacuate Collection Set: 1.4ms
[2025-04-04T19:23:39.754-0400][182877.189s][info ][gc,phases   ] GC(748)   Other: 0.2ms
[2025-04-04T19:23:39.755-0400][182877.189s][info ][gc,heap     ] GC(748) Eden regions: 253->0(253)
[2025-04-04T19:23:39.755-0400][182877.189s][info ][gc,heap     ] GC(748) Survivor regions: 2->2(32)
[2025-04-04T19:23:39.755-0400][182877.190s][info ][gc,heap     ] GC(748) Old regions: 200->200
[2025-04-04T19:23:39.755-0400][182877.190s][info ][gc,heap     ] GC(748) Archive regions: 0->0
[2025-04-04T19:23:39.755-0400][182877.190s][info ][gc,heap     ] GC(748) Humongous regions: 2->2
[2025-04-04T19:23:39.755-0400][182877.190s][info ][gc,metaspace] GC(748) Metaspace: 199367K(201152K)->199367K(201152K) NonClass: 175619K(176512K)->175619K(176512K) Class: 23747K(24640K)->23747K(24640K)
[2025-04-04T19:23:39.755-0400][182877.190s][info ][gc          ] GC(748) Pause Young (Normal) (G1 Evacuation Pause) 455M->202M(512M) 5.132ms
[2025-04-04T19:23:39.755-0400][182877.190s][info ][gc,cpu      ] GC(748) User=0.03s Sys=0.00s Real=0.01s
[2025-04-04T19:23:39.755-0400][182877.190s][info ][safepoint   ] Safepoint "G1CollectForAllocation", Time since last: 209496162200 ns, Reaching safepoint: 94500 ns, Cleanup: 4200 ns, At safepoint: 5310000 ns, Total: 5408700 ns
[2025-04-04T19:27:11.702-0400][183089.136s][debug][safepoint   ] Safepoint synchronization initiated using striped semaphore wait barrier. (245 threads)
[2025-04-04T19:27:11.702-0400][183089.136s][info ][gc,start    ] GC(749) Pause Young (Normal) (G1 Evacuation Pause)
[2025-04-04T19:27:11.702-0400][183089.136s][info ][gc,task     ] GC(749) Using 23 workers of 23 for evacuation
[2025-04-04T19:27:11.708-0400][183089.143s][info ][gc,phases   ] GC(749)   Pre Evacuate Collection Set: 0.3ms
[2025-04-04T19:27:11.708-0400][183089.143s][info ][gc,phases   ] GC(749)   Merge Heap Roots: 0.3ms
[2025-04-04T19:27:11.708-0400][183089.144s][info ][gc,phases   ] GC(749)   Evacuate Collection Set: 4.1ms
[2025-04-04T19:27:11.708-0400][183089.144s][info ][gc,phases   ] GC(749)   Post Evacuate Collection Set: 2.1ms
[2025-04-04T19:27:11.708-0400][183089.144s][info ][gc,phases   ] GC(749)   Other: 0.2ms
[2025-04-04T19:27:11.708-0400][183089.144s][info ][gc,heap     ] GC(749) Eden regions: 253->0(253)
[2025-04-04T19:27:11.708-0400][183089.144s][info ][gc,heap     ] GC(749) Survivor regions: 2->2(32)
[2025-04-04T19:27:11.708-0400][183089.144s][info ][gc,heap     ] GC(749) Old regions: 200->200
[2025-04-04T19:27:11.708-0400][183089.144s][info ][gc,heap     ] GC(749) Archive regions: 0->0
[2025-04-04T19:27:11.708-0400][183089.144s][info ][gc,heap     ] GC(749) Humongous regions: 2->2
[2025-04-04T19:27:11.708-0400][183089.144s][info ][gc,metaspace] GC(749) Metaspace: 199367K(201152K)->199367K(201152K) NonClass: 175619K(176512K)->175619K(176512K) Class: 23747K(24640K)->23747K(24640K)
[2025-04-04T19:27:11.708-0400][183089.144s][info ][gc          ] GC(749) Pause Young (Normal) (G1 Evacuation Pause) 455M->202M(512M) 7.201ms
[2025-04-04T19:27:11.708-0400][183089.144s][info ][gc,cpu      ] GC(749) User=0.03s Sys=0.00s Real=0.01s
[2025-04-04T19:27:11.708-0400][183089.144s][info ][safepoint   ] Safepoint "G1CollectForAllocation", Time since last: 211946350300 ns, Reaching safepoint: 165000 ns, Cleanup: 5200 ns, At safepoint: 7364300 ns, Total: 7534500 ns
[2025-04-04T19:30:44.884-0400][183302.318s][debug][safepoint   ] Safepoint synchronization initiated using striped semaphore wait barrier. (245 threads)
[2025-04-04T19:30:44.884-0400][183302.319s][info ][gc,start    ] GC(750) Pause Young (Normal) (G1 Evacuation Pause)
[2025-04-04T19:30:44.884-0400][183302.319s][info ][gc,task     ] GC(750) Using 23 workers of 23 for evacuation
[2025-04-04T19:30:44.888-0400][183302.323s][info ][gc,phases   ] GC(750)   Pre Evacuate Collection Set: 0.3ms
[2025-04-04T19:30:44.888-0400][183302.323s][info ][gc,phases   ] GC(750)   Merge Heap Roots: 0.2ms
[2025-04-04T19:30:44.888-0400][183302.323s][info ][gc,phases   ] GC(750)   Evacuate Collection Set: 2.2ms
[2025-04-04T19:30:44.888-0400][183302.323s][info ][gc,phases   ] GC(750)   Post Evacuate Collection Set: 1.5ms
[2025-04-04T19:30:44.888-0400][183302.323s][info ][gc,phases   ] GC(750)   Other: 0.2ms
[2025-04-04T19:30:44.888-0400][183302.323s][info ][gc,heap     ] GC(750) Eden regions: 253->0(253)
[2025-04-04T19:30:44.888-0400][183302.323s][info ][gc,heap     ] GC(750) Survivor regions: 2->2(32)
[2025-04-04T19:30:44.888-0400][183302.323s][info ][gc,heap     ] GC(750) Old regions: 200->200
[2025-04-04T19:30:44.888-0400][183302.323s][info ][gc,heap     ] GC(750) Archive regions: 0->0
[2025-04-04T19:30:44.888-0400][183302.323s][info ][gc,heap     ] GC(750) Humongous regions: 2->2
[2025-04-04T19:30:44.888-0400][183302.323s][info ][gc,metaspace] GC(750) Metaspace: 199367K(201152K)->199367K(201152K) NonClass: 175619K(176512K)->175619K(176512K) Class: 23747K(24640K)->23747K(24640K)
[2025-04-04T19:30:44.888-0400][183302.323s][info ][gc          ] GC(750) Pause Young (Normal) (G1 Evacuation Pause) 455M->202M(512M) 4.574ms
[2025-04-04T19:30:44.888-0400][183302.323s][info ][gc,cpu      ] GC(750) User=0.00s Sys=0.00s Real=0.00s
[2025-04-04T19:30:44.889-0400][183302.323s][info ][safepoint   ] Safepoint "G1CollectForAllocation", Time since last: 213174578600 ns, Reaching safepoint: 156500 ns, Cleanup: 8300 ns, At safepoint: 4737200 ns, Total: 4902000 ns
[2025-04-04T19:34:16.658-0400][183514.093s][debug][safepoint   ] Safepoint synchronization initiated using striped semaphore wait barrier. (245 threads)
[2025-04-04T19:34:16.658-0400][183514.093s][info ][gc,start    ] GC(751) Pause Young (Normal) (G1 Evacuation Pause)
[2025-04-04T19:34:16.658-0400][183514.093s][info ][gc,task     ] GC(751) Using 23 workers of 23 for evacuation
[2025-04-04T19:34:16.663-0400][183514.098s][info ][gc,phases   ] GC(751)   Pre Evacuate Collection Set: 0.5ms
[2025-04-04T19:34:16.663-0400][183514.098s][info ][gc,phases   ] GC(751)   Merge Heap Roots: 0.3ms
[2025-04-04T19:34:16.663-0400][183514.098s][info ][gc,phases   ] GC(751)   Evacuate Collection Set: 2.4ms
[2025-04-04T19:34:16.663-0400][183514.098s][info ][gc,phases   ] GC(751)   Post Evacuate Collection Set: 1.8ms
[2025-04-04T19:34:16.663-0400][183514.098s][info ][gc,phases   ] GC(751)   Other: 0.4ms
[2025-04-04T19:34:16.663-0400][183514.099s][info ][gc,heap     ] GC(751) Eden regions: 253->0(253)
[2025-04-04T19:34:16.664-0400][183514.099s][info ][gc,heap     ] GC(751) Survivor regions: 2->2(32)
[2025-04-04T19:34:16.664-0400][183514.099s][info ][gc,heap     ] GC(751) Old regions: 200->200
[2025-04-04T19:34:16.664-0400][183514.099s][info ][gc,heap     ] GC(751) Archive regions: 0->0
[2025-04-04T19:34:16.664-0400][183514.099s][info ][gc,heap     ] GC(751) Humongous regions: 2->2
[2025-04-04T19:34:16.664-0400][183514.099s][info ][gc,metaspace] GC(751) Metaspace: 199367K(201152K)->199367K(201152K) NonClass: 175619K(176512K)->175619K(176512K) Class: 23747K(24640K)->23747K(24640K)
[2025-04-04T19:34:16.664-0400][183514.099s][info ][gc          ] GC(751) Pause Young (Normal) (G1 Evacuation Pause) 455M->202M(512M) 5.418ms
[2025-04-04T19:34:16.664-0400][183514.099s][info ][gc,cpu      ] GC(751) User=0.00s Sys=0.00s Real=0.01s
[2025-04-04T19:34:16.664-0400][183514.099s][info ][safepoint   ] Safepoint "G1CollectForAllocation", Time since last: 211769538600 ns, Reaching safepoint: 238400 ns, Cleanup: 20500 ns, At safepoint: 5730500 ns, Total: 5989400 ns
[2025-04-04T19:37:50.055-0400][183727.490s][debug][safepoint   ] Safepoint synchronization initiated using striped semaphore wait barrier. (245 threads)
[2025-04-04T19:37:50.055-0400][183727.490s][info ][gc,start    ] GC(752) Pause Young (Normal) (G1 Evacuation Pause)
[2025-04-04T19:37:50.055-0400][183727.490s][info ][gc,task     ] GC(752) Using 23 workers of 23 for evacuation
[2025-04-04T19:37:50.062-0400][183727.497s][info ][gc,phases   ] GC(752)   Pre Evacuate Collection Set: 0.5ms
[2025-04-04T19:37:50.062-0400][183727.497s][info ][gc,phases   ] GC(752)   Merge Heap Roots: 0.3ms
[2025-04-04T19:37:50.062-0400][183727.497s][info ][gc,phases   ] GC(752)   Evacuate Collection Set: 3.0ms
[2025-04-04T19:37:50.062-0400][183727.497s][info ][gc,phases   ] GC(752)   Post Evacuate Collection Set: 2.3ms
[2025-04-04T19:37:50.062-0400][183727.497s][info ][gc,phases   ] GC(752)   Other: 0.4ms
[2025-04-04T19:37:50.062-0400][183727.497s][info ][gc,heap     ] GC(752) Eden regions: 253->0(253)
[2025-04-04T19:37:50.062-0400][183727.497s][info ][gc,heap     ] GC(752) Survivor regions: 2->2(32)
[2025-04-04T19:37:50.062-0400][183727.497s][info ][gc,heap     ] GC(752) Old regions: 200->200
[2025-04-04T19:37:50.062-0400][183727.497s][info ][gc,heap     ] GC(752) Archive regions: 0->0
[2025-04-04T19:37:50.062-0400][183727.497s][info ][gc,heap     ] GC(752) Humongous regions: 2->2
[2025-04-04T19:37:50.062-0400][183727.497s][info ][gc,metaspace] GC(752) Metaspace: 199371K(201152K)->199371K(201152K) NonClass: 175624K(176512K)->175624K(176512K) Class: 23747K(24640K)->23747K(24640K)
[2025-04-04T19:37:50.062-0400][183727.497s][info ][gc          ] GC(752) Pause Young (Normal) (G1 Evacuation Pause) 455M->202M(512M) 6.649ms
[2025-04-04T19:37:50.062-0400][183727.497s][info ][gc,cpu      ] GC(752) User=0.00s Sys=0.00s Real=0.01s
[2025-04-04T19:37:50.062-0400][183727.497s][info ][safepoint   ] Safepoint "G1CollectForAllocation", Time since last: 213391113900 ns, Reaching safepoint: 227600 ns, Cleanup: 7900 ns, At safepoint: 6945600 ns, Total: 7181100 ns
[2025-04-04T19:41:22.418-0400][183939.853s][debug][safepoint   ] Safepoint synchronization initiated using striped semaphore wait barrier. (245 threads)
[2025-04-04T19:41:22.418-0400][183939.853s][info ][gc,start    ] GC(753) Pause Young (Normal) (G1 Evacuation Pause)
[2025-04-04T19:41:22.418-0400][183939.853s][info ][gc,task     ] GC(753) Using 23 workers of 23 for evacuation
[2025-04-04T19:41:22.421-0400][183939.856s][info ][gc,phases   ] GC(753)   Pre Evacuate Collection Set: 0.2ms
[2025-04-04T19:41:22.421-0400][183939.856s][info ][gc,phases   ] GC(753)   Merge Heap Roots: 0.3ms
[2025-04-04T19:41:22.421-0400][183939.856s][info ][gc,phases   ] GC(753)   Evacuate Collection Set: 1.5ms
[2025-04-04T19:41:22.421-0400][183939.856s][info ][gc,phases   ] GC(753)   Post Evacuate Collection Set: 1.0ms
[2025-04-04T19:41:22.421-0400][183939.856s][info ][gc,phases   ] GC(753)   Other: 0.1ms
[2025-04-04T19:41:22.421-0400][183939.856s][info ][gc,heap     ] GC(753) Eden regions: 253->0(253)
[2025-04-04T19:41:22.421-0400][183939.856s][info ][gc,heap     ] GC(753) Survivor regions: 2->2(32)
[2025-04-04T19:41:22.421-0400][183939.856s][info ][gc,heap     ] GC(753) Old regions: 200->200
[2025-04-04T19:41:22.421-0400][183939.856s][info ][gc,heap     ] GC(753) Archive regions: 0->0
[2025-04-04T19:41:22.421-0400][183939.856s][info ][gc,heap     ] GC(753) Humongous regions: 2->2
[2025-04-04T19:41:22.421-0400][183939.856s][info ][gc,metaspace] GC(753) Metaspace: 199371K(201152K)->199371K(201152K) NonClass: 175624K(176512K)->175624K(176512K) Class: 23747K(24640K)->23747K(24640K)
[2025-04-04T19:41:22.421-0400][183939.856s][info ][gc          ] GC(753) Pause Young (Normal) (G1 Evacuation Pause) 455M->202M(512M) 3.113ms
[2025-04-04T19:41:22.421-0400][183939.856s][info ][gc,cpu      ] GC(753) User=0.00s Sys=0.00s Real=0.00s
[2025-04-04T19:41:22.421-0400][183939.856s][info ][safepoint   ] Safepoint "G1CollectForAllocation", Time since last: 212355533800 ns, Reaching safepoint: 119600 ns, Cleanup: 9300 ns, At safepoint: 3201100 ns, Total: 3330000 ns
[2025-04-04T19:44:56.436-0400][184153.870s][debug][safepoint   ] Safepoint synchronization initiated using striped semaphore wait barrier. (245 threads)
[2025-04-04T19:44:56.436-0400][184153.871s][info ][gc,start    ] GC(754) Pause Young (Normal) (G1 Evacuation Pause)
[2025-04-04T19:44:56.436-0400][184153.871s][info ][gc,task     ] GC(754) Using 23 workers of 23 for evacuation
[2025-04-04T19:44:56.442-0400][184153.877s][info ][gc,phases   ] GC(754)   Pre Evacuate Collection Set: 0.6ms
[2025-04-04T19:44:56.442-0400][184153.877s][info ][gc,phases   ] GC(754)   Merge Heap Roots: 0.3ms
[2025-04-04T19:44:56.442-0400][184153.878s][info ][gc,phases   ] GC(754)   Evacuate Collection Set: 3.2ms
[2025-04-04T19:44:56.442-0400][184153.878s][info ][gc,phases   ] GC(754)   Post Evacuate Collection Set: 2.3ms
[2025-04-04T19:44:56.442-0400][184153.878s][info ][gc,phases   ] GC(754)   Other: 0.3ms
[2025-04-04T19:44:56.442-0400][184153.878s][info ][gc,heap     ] GC(754) Eden regions: 253->0(253)
[2025-04-04T19:44:56.442-0400][184153.878s][info ][gc,heap     ] GC(754) Survivor regions: 2->2(32)
[2025-04-04T19:44:56.442-0400][184153.878s][info ][gc,heap     ] GC(754) Old regions: 200->200
[2025-04-04T19:44:56.442-0400][184153.878s][info ][gc,heap     ] GC(754) Archive regions: 0->0
[2025-04-04T19:44:56.442-0400][184153.878s][info ][gc,heap     ] GC(754) Humongous regions: 2->2
[2025-04-04T19:44:56.442-0400][184153.878s][info ][gc,metaspace] GC(754) Metaspace: 199371K(201152K)->199371K(201152K) NonClass: 175624K(176512K)->175624K(176512K) Class: 23747K(24640K)->23747K(24640K)
[2025-04-04T19:44:56.442-0400][184153.878s][info ][gc          ] GC(754) Pause Young (Normal) (G1 Evacuation Pause) 455M->202M(512M) 7.070ms
[2025-04-04T19:44:56.442-0400][184153.878s][info ][gc,cpu      ] GC(754) User=0.05s Sys=0.00s Real=0.01s
[2025-04-04T19:44:56.442-0400][184153.878s][info ][safepoint   ] Safepoint "G1CollectForAllocation", Time since last: 214014395800 ns, Reaching safepoint: 261900 ns, Cleanup: 13900 ns, At safepoint: 7267200 ns, Total: 7543000 ns
[2025-04-04T19:48:29.070-0400][184366.505s][debug][safepoint   ] Safepoint synchronization initiated using striped semaphore wait barrier. (245 threads)
[2025-04-04T19:48:29.070-0400][184366.505s][info ][gc,start    ] GC(755) Pause Young (Normal) (G1 Evacuation Pause)
[2025-04-04T19:48:29.070-0400][184366.505s][info ][gc,task     ] GC(755) Using 23 workers of 23 for evacuation
[2025-04-04T19:48:29.073-0400][184366.508s][info ][gc,phases   ] GC(755)   Pre Evacuate Collection Set: 0.3ms
[2025-04-04T19:48:29.073-0400][184366.508s][info ][gc,phases   ] GC(755)   Merge Heap Roots: 0.1ms
[2025-04-04T19:48:29.073-0400][184366.508s][info ][gc,phases   ] GC(755)   Evacuate Collection Set: 0.9ms
[2025-04-04T19:48:29.073-0400][184366.508s][info ][gc,phases   ] GC(755)   Post Evacuate Collection Set: 1.4ms
[2025-04-04T19:48:29.073-0400][184366.508s][info ][gc,phases   ] GC(755)   Other: 0.1ms
[2025-04-04T19:48:29.073-0400][184366.508s][info ][gc,heap     ] GC(755) Eden regions: 253->0(254)
[2025-04-04T19:48:29.073-0400][184366.508s][info ][gc,heap     ] GC(755) Survivor regions: 2->2(32)
[2025-04-04T19:48:29.073-0400][184366.508s][info ][gc,heap     ] GC(755) Old regions: 200->200
[2025-04-04T19:48:29.073-0400][184366.508s][info ][gc,heap     ] GC(755) Archive regions: 0->0
[2025-04-04T19:48:29.073-0400][184366.508s][info ][gc,heap     ] GC(755) Humongous regions: 2->2
[2025-04-04T19:48:29.073-0400][184366.508s][info ][gc,metaspace] GC(755) Metaspace: 199371K(201152K)->199371K(201152K) NonClass: 175624K(176512K)->175624K(176512K) Class: 23747K(24640K)->23747K(24640K)
[2025-04-04T19:48:29.073-0400][184366.508s][info ][gc          ] GC(755) Pause Young (Normal) (G1 Evacuation Pause) 455M->202M(512M) 2.881ms
[2025-04-04T19:48:29.073-0400][184366.508s][info ][gc,cpu      ] GC(755) User=0.00s Sys=0.00s Real=0.00s
[2025-04-04T19:48:29.073-0400][184366.508s][info ][safepoint   ] Safepoint "G1CollectForAllocation", Time since last: 212627069200 ns, Reaching safepoint: 67100 ns, Cleanup: 3700 ns, At safepoint: 2984800 ns, Total: 3055600 ns
[2025-04-04T19:52:01.283-0400][184578.718s][debug][safepoint   ] Safepoint synchronization initiated using striped semaphore wait barrier. (247 threads)
[2025-04-04T19:52:01.283-0400][184578.718s][info ][gc,start    ] GC(756) Pause Young (Normal) (G1 Evacuation Pause)
[2025-04-04T19:52:01.283-0400][184578.718s][info ][gc,task     ] GC(756) Using 23 workers of 23 for evacuation
[2025-04-04T19:52:01.294-0400][184578.729s][info ][gc,phases   ] GC(756)   Pre Evacuate Collection Set: 0.5ms
[2025-04-04T19:52:01.294-0400][184578.729s][info ][gc,phases   ] GC(756)   Merge Heap Roots: 0.4ms
[2025-04-04T19:52:01.294-0400][184578.729s][info ][gc,phases   ] GC(756)   Evacuate Collection Set: 6.0ms
[2025-04-04T19:52:01.294-0400][184578.729s][info ][gc,phases   ] GC(756)   Post Evacuate Collection Set: 3.2ms
[2025-04-04T19:52:01.294-0400][184578.729s][info ][gc,phases   ] GC(756)   Other: 0.4ms
[2025-04-04T19:52:01.294-0400][184578.729s][info ][gc,heap     ] GC(756) Eden regions: 254->0(253)
[2025-04-04T19:52:01.294-0400][184578.729s][info ][gc,heap     ] GC(756) Survivor regions: 2->2(32)
[2025-04-04T19:52:01.294-0400][184578.729s][info ][gc,heap     ] GC(756) Old regions: 200->200
[2025-04-04T19:52:01.294-0400][184578.729s][info ][gc,heap     ] GC(756) Archive regions: 0->0
[2025-04-04T19:52:01.294-0400][184578.729s][info ][gc,heap     ] GC(756) Humongous regions: 2->2
[2025-04-04T19:52:01.294-0400][184578.729s][info ][gc,metaspace] GC(756) Metaspace: 199371K(201152K)->199371K(201152K) NonClass: 175624K(176512K)->175624K(176512K) Class: 23747K(24640K)->23747K(24640K)
[2025-04-04T19:52:01.294-0400][184578.729s][info ][gc          ] GC(756) Pause Young (Normal) (G1 Evacuation Pause) 456M->202M(512M) 10.555ms
[2025-04-04T19:52:01.294-0400][184578.729s][info ][gc,cpu      ] GC(756) User=0.02s Sys=0.00s Real=0.01s
[2025-04-04T19:52:01.294-0400][184578.729s][info ][safepoint   ] Safepoint "G1CollectForAllocation", Time since last: 212209802200 ns, Reaching safepoint: 269500 ns, Cleanup: 12400 ns, At safepoint: 10817500 ns, Total: 11099400 ns
[2025-04-04T19:55:30.479-0400][184787.914s][debug][safepoint   ] Safepoint synchronization initiated using striped semaphore wait barrier. (245 threads)
[2025-04-04T19:55:30.479-0400][184787.914s][info ][gc,start    ] GC(757) Pause Young (Normal) (G1 Evacuation Pause)
[2025-04-04T19:55:30.479-0400][184787.914s][info ][gc,task     ] GC(757) Using 23 workers of 23 for evacuation
[2025-04-04T19:55:30.490-0400][184787.925s][info ][gc,phases   ] GC(757)   Pre Evacuate Collection Set: 0.4ms
[2025-04-04T19:55:30.490-0400][184787.925s][info ][gc,phases   ] GC(757)   Merge Heap Roots: 0.3ms
[2025-04-04T19:55:30.490-0400][184787.925s][info ][gc,phases   ] GC(757)   Evacuate Collection Set: 6.0ms
[2025-04-04T19:55:30.490-0400][184787.925s][info ][gc,phases   ] GC(757)   Post Evacuate Collection Set: 3.6ms
[2025-04-04T19:55:30.490-0400][184787.925s][info ][gc,phases   ] GC(757)   Other: 0.3ms
[2025-04-04T19:55:30.490-0400][184787.925s][info ][gc,heap     ] GC(757) Eden regions: 253->0(253)
[2025-04-04T19:55:30.490-0400][184787.925s][info ][gc,heap     ] GC(757) Survivor regions: 2->2(32)
[2025-04-04T19:55:30.490-0400][184787.925s][info ][gc,heap     ] GC(757) Old regions: 200->200
[2025-04-04T19:55:30.490-0400][184787.925s][info ][gc,heap     ] GC(757) Archive regions: 0->0
[2025-04-04T19:55:30.490-0400][184787.925s][info ][gc,heap     ] GC(757) Humongous regions: 2->2
[2025-04-04T19:55:30.490-0400][184787.925s][info ][gc,metaspace] GC(757) Metaspace: 199371K(201152K)->199371K(201152K) NonClass: 175624K(176512K)->175624K(176512K) Class: 23747K(24640K)->23747K(24640K)
[2025-04-04T19:55:30.490-0400][184787.925s][info ][gc          ] GC(757) Pause Young (Normal) (G1 Evacuation Pause) 455M->202M(512M) 10.782ms
[2025-04-04T19:55:30.490-0400][184787.925s][info ][gc,cpu      ] GC(757) User=0.03s Sys=0.00s Real=0.01s
[2025-04-04T19:55:30.490-0400][184787.925s][info ][safepoint   ] Safepoint "G1CollectForAllocation", Time since last: 209184992300 ns, Reaching safepoint: 197400 ns, Cleanup: 5700 ns, At safepoint: 10994800 ns, Total: 11197900 ns
[2025-04-04T19:59:04.034-0400][185001.468s][debug][safepoint   ] Safepoint synchronization initiated using striped semaphore wait barrier. (245 threads)
[2025-04-04T19:59:04.034-0400][185001.469s][info ][gc,start    ] GC(758) Pause Young (Normal) (G1 Evacuation Pause)
[2025-04-04T19:59:04.034-0400][185001.469s][info ][gc,task     ] GC(758) Using 23 workers of 23 for evacuation
[2025-04-04T19:59:04.038-0400][185001.472s][info ][gc,phases   ] GC(758)   Pre Evacuate Collection Set: 0.2ms
[2025-04-04T19:59:04.038-0400][185001.472s][info ][gc,phases   ] GC(758)   Merge Heap Roots: 0.2ms
[2025-04-04T19:59:04.038-0400][185001.472s][info ][gc,phases   ] GC(758)   Evacuate Collection Set: 2.1ms
[2025-04-04T19:59:04.038-0400][185001.472s][info ][gc,phases   ] GC(758)   Post Evacuate Collection Set: 1.0ms
[2025-04-04T19:59:04.038-0400][185001.472s][info ][gc,phases   ] GC(758)   Other: 0.2ms
[2025-04-04T19:59:04.038-0400][185001.472s][info ][gc,heap     ] GC(758) Eden regions: 253->0(253)
[2025-04-04T19:59:04.038-0400][185001.472s][info ][gc,heap     ] GC(758) Survivor regions: 2->2(32)
[2025-04-04T19:59:04.038-0400][185001.472s][info ][gc,heap     ] GC(758) Old regions: 200->200
[2025-04-04T19:59:04.038-0400][185001.472s][info ][gc,heap     ] GC(758) Archive regions: 0->0
[2025-04-04T19:59:04.038-0400][185001.472s][info ][gc,heap     ] GC(758) Humongous regions: 2->2
[2025-04-04T19:59:04.038-0400][185001.472s][info ][gc,metaspace] GC(758) Metaspace: 199371K(201152K)->199371K(201152K) NonClass: 175624K(176512K)->175624K(176512K) Class: 23747K(24640K)->23747K(24640K)
[2025-04-04T19:59:04.038-0400][185001.472s][info ][gc          ] GC(758) Pause Young (Normal) (G1 Evacuation Pause) 455M->202M(512M) 3.768ms
[2025-04-04T19:59:04.038-0400][185001.472s][info ][gc,cpu      ] GC(758) User=0.00s Sys=0.00s Real=0.00s
[2025-04-04T19:59:04.038-0400][185001.472s][info ][safepoint   ] Safepoint "G1CollectForAllocation", Time since last: 213543337500 ns, Reaching safepoint: 106500 ns, Cleanup: 4900 ns, At safepoint: 3884600 ns, Total: 3996000 ns
[2025-04-04T20:02:36.474-0400][185213.909s][debug][safepoint   ] Safepoint synchronization initiated using striped semaphore wait barrier. (245 threads)
[2025-04-04T20:02:36.474-0400][185213.909s][info ][gc,start    ] GC(759) Pause Young (Normal) (G1 Evacuation Pause)
[2025-04-04T20:02:36.474-0400][185213.909s][info ][gc,task     ] GC(759) Using 23 workers of 23 for evacuation
[2025-04-04T20:02:36.477-0400][185213.912s][info ][gc,phases   ] GC(759)   Pre Evacuate Collection Set: 0.4ms
[2025-04-04T20:02:36.477-0400][185213.912s][info ][gc,phases   ] GC(759)   Merge Heap Roots: 0.1ms
[2025-04-04T20:02:36.477-0400][185213.912s][info ][gc,phases   ] GC(759)   Evacuate Collection Set: 1.3ms
[2025-04-04T20:02:36.477-0400][185213.912s][info ][gc,phases   ] GC(759)   Post Evacuate Collection Set: 1.2ms
[2025-04-04T20:02:36.477-0400][185213.912s][info ][gc,phases   ] GC(759)   Other: 0.2ms
[2025-04-04T20:02:36.477-0400][185213.912s][info ][gc,heap     ] GC(759) Eden regions: 253->0(253)
[2025-04-04T20:02:36.477-0400][185213.912s][info ][gc,heap     ] GC(759) Survivor regions: 2->2(32)
[2025-04-04T20:02:36.477-0400][185213.912s][info ][gc,heap     ] GC(759) Old regions: 200->200
[2025-04-04T20:02:36.477-0400][185213.912s][info ][gc,heap     ] GC(759) Archive regions: 0->0
[2025-04-04T20:02:36.477-0400][185213.912s][info ][gc,heap     ] GC(759) Humongous regions: 2->2
[2025-04-04T20:02:36.477-0400][185213.912s][info ][gc,metaspace] GC(759) Metaspace: 199371K(201152K)->199371K(201152K) NonClass: 175624K(176512K)->175624K(176512K) Class: 23747K(24640K)->23747K(24640K)
[2025-04-04T20:02:36.477-0400][185213.912s][info ][gc          ] GC(759) Pause Young (Normal) (G1 Evacuation Pause) 455M->202M(512M) 3.136ms
[2025-04-04T20:02:36.477-0400][185213.912s][info ][gc,cpu      ] GC(759) User=0.00s Sys=0.00s Real=0.00s
[2025-04-04T20:02:36.477-0400][185213.912s][info ][safepoint   ] Safepoint "G1CollectForAllocation", Time since last: 212436098000 ns, Reaching safepoint: 98400 ns, Cleanup: 20200 ns, At safepoint: 3239300 ns, Total: 3357900 ns
[2025-04-04T20:06:10.523-0400][185427.958s][debug][safepoint   ] Safepoint synchronization initiated using striped semaphore wait barrier. (245 threads)
[2025-04-04T20:06:10.523-0400][185427.958s][info ][gc,start    ] GC(760) Pause Young (Normal) (G1 Evacuation Pause)
[2025-04-04T20:06:10.523-0400][185427.958s][info ][gc,task     ] GC(760) Using 23 workers of 23 for evacuation
[2025-04-04T20:06:10.525-0400][185427.960s][info ][gc,phases   ] GC(760)   Pre Evacuate Collection Set: 0.2ms
[2025-04-04T20:06:10.525-0400][185427.960s][info ][gc,phases   ] GC(760)   Merge Heap Roots: 0.1ms
[2025-04-04T20:06:10.525-0400][185427.960s][info ][gc,phases   ] GC(760)   Evacuate Collection Set: 0.9ms
[2025-04-04T20:06:10.525-0400][185427.960s][info ][gc,phases   ] GC(760)   Post Evacuate Collection Set: 0.7ms
[2025-04-04T20:06:10.525-0400][185427.960s][info ][gc,phases   ] GC(760)   Other: 0.1ms
[2025-04-04T20:06:10.525-0400][185427.960s][info ][gc,heap     ] GC(760) Eden regions: 253->0(253)
[2025-04-04T20:06:10.525-0400][185427.960s][info ][gc,heap     ] GC(760) Survivor regions: 2->2(32)
[2025-04-04T20:06:10.525-0400][185427.960s][info ][gc,heap     ] GC(760) Old regions: 200->200
[2025-04-04T20:06:10.525-0400][185427.960s][info ][gc,heap     ] GC(760) Archive regions: 0->0
[2025-04-04T20:06:10.525-0400][185427.960s][info ][gc,heap     ] GC(760) Humongous regions: 2->2
[2025-04-04T20:06:10.525-0400][185427.960s][info ][gc,metaspace] GC(760) Metaspace: 199371K(201152K)->199371K(201152K) NonClass: 175624K(176512K)->175624K(176512K) Class: 23747K(24640K)->23747K(24640K)
[2025-04-04T20:06:10.525-0400][185427.960s][info ][gc          ] GC(760) Pause Young (Normal) (G1 Evacuation Pause) 455M->202M(512M) 2.031ms
[2025-04-04T20:06:10.525-0400][185427.960s][info ][gc,cpu      ] GC(760) User=0.00s Sys=0.00s Real=0.00s
[2025-04-04T20:06:10.525-0400][185427.960s][info ][safepoint   ] Safepoint "G1CollectForAllocation", Time since last: 214046057300 ns, Reaching safepoint: 53600 ns, Cleanup: 2700 ns, At safepoint: 2109800 ns, Total: 2166100 ns
[2025-04-04T20:09:42.817-0400][185640.252s][debug][safepoint   ] Safepoint synchronization initiated using striped semaphore wait barrier. (245 threads)
[2025-04-04T20:09:42.817-0400][185640.252s][info ][gc,start    ] GC(761) Pause Young (Normal) (G1 Evacuation Pause)
[2025-04-04T20:09:42.817-0400][185640.252s][info ][gc,task     ] GC(761) Using 23 workers of 23 for evacuation
[2025-04-04T20:09:42.824-0400][185640.259s][info ][gc,phases   ] GC(761)   Pre Evacuate Collection Set: 0.4ms
[2025-04-04T20:09:42.824-0400][185640.259s][info ][gc,phases   ] GC(761)   Merge Heap Roots: 0.5ms
[2025-04-04T20:09:42.824-0400][185640.259s][info ][gc,phases   ] GC(761)   Evacuate Collection Set: 3.5ms
[2025-04-04T20:09:42.824-0400][185640.259s][info ][gc,phases   ] GC(761)   Post Evacuate Collection Set: 2.0ms
[2025-04-04T20:09:42.824-0400][185640.259s][info ][gc,phases   ] GC(761)   Other: 0.3ms
[2025-04-04T20:09:42.824-0400][185640.259s][info ][gc,heap     ] GC(761) Eden regions: 253->0(253)
[2025-04-04T20:09:42.824-0400][185640.259s][info ][gc,heap     ] GC(761) Survivor regions: 2->2(32)
[2025-04-04T20:09:42.824-0400][185640.259s][info ][gc,heap     ] GC(761) Old regions: 200->200
[2025-04-04T20:09:42.824-0400][185640.259s][info ][gc,heap     ] GC(761) Archive regions: 0->0
[2025-04-04T20:09:42.824-0400][185640.259s][info ][gc,heap     ] GC(761) Humongous regions: 2->2
[2025-04-04T20:09:42.824-0400][185640.259s][info ][gc,metaspace] GC(761) Metaspace: 199371K(201152K)->199371K(201152K) NonClass: 175624K(176512K)->175624K(176512K) Class: 23747K(24640K)->23747K(24640K)
[2025-04-04T20:09:42.824-0400][185640.259s][info ][gc          ] GC(761) Pause Young (Normal) (G1 Evacuation Pause) 455M->202M(512M) 6.833ms
[2025-04-04T20:09:42.824-0400][185640.259s][info ][gc,cpu      ] GC(761) User=0.00s Sys=0.00s Real=0.01s
[2025-04-04T20:09:42.824-0400][185640.259s][info ][safepoint   ] Safepoint "G1CollectForAllocation", Time since last: 212291667900 ns, Reaching safepoint: 358300 ns, Cleanup: 22400 ns, At safepoint: 7040700 ns, Total: 7421400 ns
[2025-04-04T20:13:15.913-0400][185853.347s][debug][safepoint   ] Safepoint synchronization initiated using striped semaphore wait barrier. (245 threads)
[2025-04-04T20:13:15.913-0400][185853.348s][info ][gc,start    ] GC(762) Pause Young (Normal) (G1 Evacuation Pause)
[2025-04-04T20:13:15.913-0400][185853.348s][info ][gc,task     ] GC(762) Using 23 workers of 23 for evacuation
[2025-04-04T20:13:15.920-0400][185853.354s][info ][gc,phases   ] GC(762)   Pre Evacuate Collection Set: 0.3ms
[2025-04-04T20:13:15.920-0400][185853.354s][info ][gc,phases   ] GC(762)   Merge Heap Roots: 0.2ms
[2025-04-04T20:13:15.920-0400][185853.354s][info ][gc,phases   ] GC(762)   Evacuate Collection Set: 3.4ms
[2025-04-04T20:13:15.920-0400][185853.354s][info ][gc,phases   ] GC(762)   Post Evacuate Collection Set: 2.6ms
[2025-04-04T20:13:15.920-0400][185853.354s][info ][gc,phases   ] GC(762)   Other: 0.2ms
[2025-04-04T20:13:15.920-0400][185853.354s][info ][gc,heap     ] GC(762) Eden regions: 253->0(254)
[2025-04-04T20:13:15.920-0400][185853.354s][info ][gc,heap     ] GC(762) Survivor regions: 2->2(32)
[2025-04-04T20:13:15.920-0400][185853.354s][info ][gc,heap     ] GC(762) Old regions: 200->200
[2025-04-04T20:13:15.920-0400][185853.354s][info ][gc,heap     ] GC(762) Archive regions: 0->0
[2025-04-04T20:13:15.920-0400][185853.354s][info ][gc,heap     ] GC(762) Humongous regions: 2->2
[2025-04-04T20:13:15.920-0400][185853.354s][info ][gc,metaspace] GC(762) Metaspace: 199371K(201152K)->199371K(201152K) NonClass: 175624K(176512K)->175624K(176512K) Class: 23747K(24640K)->23747K(24640K)
[2025-04-04T20:13:15.920-0400][185853.355s][info ][gc          ] GC(762) Pause Young (Normal) (G1 Evacuation Pause) 455M->202M(512M) 6.996ms
[2025-04-04T20:13:15.920-0400][185853.355s][info ][gc,cpu      ] GC(762) User=0.00s Sys=0.00s Real=0.01s
[2025-04-04T20:13:15.920-0400][185853.355s][info ][safepoint   ] Safepoint "G1CollectForAllocation", Time since last: 213088155900 ns, Reaching safepoint: 133000 ns, Cleanup: 8400 ns, At safepoint: 7167000 ns, Total: 7308400 ns
[2025-04-04T20:16:48.287-0400][186065.721s][debug][safepoint   ] Safepoint synchronization initiated using striped semaphore wait barrier. (245 threads)
[2025-04-04T20:16:48.287-0400][186065.722s][info ][gc,start    ] GC(763) Pause Young (Normal) (G1 Evacuation Pause)
[2025-04-04T20:16:48.287-0400][186065.722s][info ][gc,task     ] GC(763) Using 23 workers of 23 for evacuation
[2025-04-04T20:16:48.294-0400][186065.729s][info ][gc,phases   ] GC(763)   Pre Evacuate Collection Set: 0.4ms
[2025-04-04T20:16:48.294-0400][186065.729s][info ][gc,phases   ] GC(763)   Merge Heap Roots: 0.4ms
[2025-04-04T20:16:48.294-0400][186065.729s][info ][gc,phases   ] GC(763)   Evacuate Collection Set: 4.3ms
[2025-04-04T20:16:48.294-0400][186065.729s][info ][gc,phases   ] GC(763)   Post Evacuate Collection Set: 1.8ms
[2025-04-04T20:16:48.294-0400][186065.729s][info ][gc,phases   ] GC(763)   Other: 0.3ms
[2025-04-04T20:16:48.294-0400][186065.729s][info ][gc,heap     ] GC(763) Eden regions: 254->0(254)
[2025-04-04T20:16:48.294-0400][186065.729s][info ][gc,heap     ] GC(763) Survivor regions: 2->2(32)
[2025-04-04T20:16:48.294-0400][186065.729s][info ][gc,heap     ] GC(763) Old regions: 200->200
[2025-04-04T20:16:48.294-0400][186065.729s][info ][gc,heap     ] GC(763) Archive regions: 0->0
[2025-04-04T20:16:48.294-0400][186065.729s][info ][gc,heap     ] GC(763) Humongous regions: 2->2
[2025-04-04T20:16:48.294-0400][186065.729s][info ][gc,metaspace] GC(763) Metaspace: 199371K(201152K)->199371K(201152K) NonClass: 175624K(176512K)->175624K(176512K) Class: 23747K(24640K)->23747K(24640K)
[2025-04-04T20:16:48.294-0400][186065.729s][info ][gc          ] GC(763) Pause Young (Normal) (G1 Evacuation Pause) 456M->202M(512M) 7.338ms
[2025-04-04T20:16:48.295-0400][186065.729s][info ][gc,cpu      ] GC(763) User=0.00s Sys=0.00s Real=0.01s
[2025-04-04T20:16:48.295-0400][186065.729s][info ][safepoint   ] Safepoint "G1CollectForAllocation", Time since last: 212366819700 ns, Reaching safepoint: 153700 ns, Cleanup: 6100 ns, At safepoint: 7518700 ns, Total: 7678500 ns
[2025-04-04T20:20:21.692-0400][186279.127s][debug][safepoint   ] Safepoint synchronization initiated using striped semaphore wait barrier. (245 threads)
[2025-04-04T20:20:21.692-0400][186279.127s][info ][gc,start    ] GC(764) Pause Young (Normal) (G1 Evacuation Pause)
[2025-04-04T20:20:21.692-0400][186279.127s][info ][gc,task     ] GC(764) Using 23 workers of 23 for evacuation
[2025-04-04T20:20:21.698-0400][186279.133s][info ][gc,phases   ] GC(764)   Pre Evacuate Collection Set: 0.3ms
[2025-04-04T20:20:21.698-0400][186279.133s][info ][gc,phases   ] GC(764)   Merge Heap Roots: 0.3ms
[2025-04-04T20:20:21.698-0400][186279.133s][info ][gc,phases   ] GC(764)   Evacuate Collection Set: 3.2ms
[2025-04-04T20:20:21.698-0400][186279.133s][info ][gc,phases   ] GC(764)   Post Evacuate Collection Set: 1.6ms
[2025-04-04T20:20:21.698-0400][186279.133s][info ][gc,phases   ] GC(764)   Other: 0.2ms
[2025-04-04T20:20:21.698-0400][186279.133s][info ][gc,heap     ] GC(764) Eden regions: 254->0(254)
[2025-04-04T20:20:21.698-0400][186279.133s][info ][gc,heap     ] GC(764) Survivor regions: 2->2(32)
[2025-04-04T20:20:21.698-0400][186279.133s][info ][gc,heap     ] GC(764) Old regions: 200->200
[2025-04-04T20:20:21.698-0400][186279.133s][info ][gc,heap     ] GC(764) Archive regions: 0->0
[2025-04-04T20:20:21.698-0400][186279.133s][info ][gc,heap     ] GC(764) Humongous regions: 2->2
[2025-04-04T20:20:21.698-0400][186279.133s][info ][gc,metaspace] GC(764) Metaspace: 199371K(201152K)->199371K(201152K) NonClass: 175624K(176512K)->175624K(176512K) Class: 23747K(24640K)->23747K(24640K)
[2025-04-04T20:20:21.698-0400][186279.133s][info ][gc          ] GC(764) Pause Young (Normal) (G1 Evacuation Pause) 456M->202M(512M) 5.787ms
[2025-04-04T20:20:21.698-0400][186279.133s][info ][gc,cpu      ] GC(764) User=0.00s Sys=0.00s Real=0.01s
[2025-04-04T20:20:21.698-0400][186279.133s][info ][safepoint   ] Safepoint "G1CollectForAllocation", Time since last: 213397878300 ns, Reaching safepoint: 113300 ns, Cleanup: 6100 ns, At safepoint: 5958700 ns, Total: 6078100 ns
[2025-04-04T20:23:51.079-0400][186488.514s][debug][safepoint   ] Safepoint synchronization initiated using striped semaphore wait barrier. (245 threads)
[2025-04-04T20:23:51.079-0400][186488.514s][info ][gc,start    ] GC(765) Pause Young (Normal) (G1 Evacuation Pause)
[2025-04-04T20:23:51.079-0400][186488.514s][info ][gc,task     ] GC(765) Using 23 workers of 23 for evacuation
[2025-04-04T20:23:51.086-0400][186488.521s][info ][gc,phases   ] GC(765)   Pre Evacuate Collection Set: 0.5ms
[2025-04-04T20:23:51.086-0400][186488.521s][info ][gc,phases   ] GC(765)   Merge Heap Roots: 0.3ms
[2025-04-04T20:23:51.086-0400][186488.521s][info ][gc,phases   ] GC(765)   Evacuate Collection Set: 3.8ms
[2025-04-04T20:23:51.086-0400][186488.521s][info ][gc,phases   ] GC(765)   Post Evacuate Collection Set: 1.9ms
[2025-04-04T20:23:51.086-0400][186488.521s][info ][gc,phases   ] GC(765)   Other: 0.3ms
[2025-04-04T20:23:51.086-0400][186488.521s][info ][gc,heap     ] GC(765) Eden regions: 254->0(253)
[2025-04-04T20:23:51.086-0400][186488.521s][info ][gc,heap     ] GC(765) Survivor regions: 2->2(32)
[2025-04-04T20:23:51.086-0400][186488.521s][info ][gc,heap     ] GC(765) Old regions: 200->200
[2025-04-04T20:23:51.086-0400][186488.521s][info ][gc,heap     ] GC(765) Archive regions: 0->0
[2025-04-04T20:23:51.086-0400][186488.521s][info ][gc,heap     ] GC(765) Humongous regions: 2->2
[2025-04-04T20:23:51.086-0400][186488.521s][info ][gc,metaspace] GC(765) Metaspace: 199371K(201152K)->199371K(201152K) NonClass: 175624K(176512K)->175624K(176512K) Class: 23747K(24640K)->23747K(24640K)
[2025-04-04T20:23:51.086-0400][186488.521s][info ][gc          ] GC(765) Pause Young (Normal) (G1 Evacuation Pause) 456M->202M(512M) 6.987ms
[2025-04-04T20:23:51.086-0400][186488.521s][info ][gc,cpu      ] GC(765) User=0.03s Sys=0.00s Real=0.01s
[2025-04-04T20:23:51.086-0400][186488.521s][info ][safepoint   ] Safepoint "G1CollectForAllocation", Time since last: 209380813200 ns, Reaching safepoint: 207700 ns, Cleanup: 7000 ns, At safepoint: 7185500 ns, Total: 7400200 ns
[2025-04-04T20:27:23.070-0400][186700.504s][debug][safepoint   ] Safepoint synchronization initiated using striped semaphore wait barrier. (245 threads)
[2025-04-04T20:27:23.070-0400][186700.505s][info ][gc,start    ] GC(766) Pause Young (Normal) (G1 Evacuation Pause)
[2025-04-04T20:27:23.070-0400][186700.505s][info ][gc,task     ] GC(766) Using 23 workers of 23 for evacuation
[2025-04-04T20:27:23.074-0400][186700.509s][info ][gc,phases   ] GC(766)   Pre Evacuate Collection Set: 0.2ms
[2025-04-04T20:27:23.074-0400][186700.509s][info ][gc,phases   ] GC(766)   Merge Heap Roots: 0.1ms
[2025-04-04T20:27:23.074-0400][186700.509s][info ][gc,phases   ] GC(766)   Evacuate Collection Set: 2.2ms
[2025-04-04T20:27:23.074-0400][186700.509s][info ][gc,phases   ] GC(766)   Post Evacuate Collection Set: 1.5ms
[2025-04-04T20:27:23.074-0400][186700.509s][info ][gc,phases   ] GC(766)   Other: 0.2ms
[2025-04-04T20:27:23.074-0400][186700.509s][info ][gc,heap     ] GC(766) Eden regions: 253->0(253)
[2025-04-04T20:27:23.074-0400][186700.509s][info ][gc,heap     ] GC(766) Survivor regions: 2->2(32)
[2025-04-04T20:27:23.074-0400][186700.509s][info ][gc,heap     ] GC(766) Old regions: 200->200
[2025-04-04T20:27:23.074-0400][186700.509s][info ][gc,heap     ] GC(766) Archive regions: 0->0
[2025-04-04T20:27:23.074-0400][186700.509s][info ][gc,heap     ] GC(766) Humongous regions: 2->2
[2025-04-04T20:27:23.074-0400][186700.509s][info ][gc,metaspace] GC(766) Metaspace: 199371K(201152K)->199371K(201152K) NonClass: 175624K(176512K)->175624K(176512K) Class: 23747K(24640K)->23747K(24640K)
[2025-04-04T20:27:23.074-0400][186700.509s][info ][gc          ] GC(766) Pause Young (Normal) (G1 Evacuation Pause) 455M->202M(512M) 4.364ms
[2025-04-04T20:27:23.074-0400][186700.509s][info ][gc,cpu      ] GC(766) User=0.00s Sys=0.00s Real=0.00s
[2025-04-04T20:27:23.074-0400][186700.509s][info ][safepoint   ] Safepoint "G1CollectForAllocation", Time since last: 211983165800 ns, Reaching safepoint: 70000 ns, Cleanup: 4300 ns, At safepoint: 4494600 ns, Total: 4568900 ns
[2025-04-04T20:30:56.646-0400][186914.081s][debug][safepoint   ] Safepoint synchronization initiated using striped semaphore wait barrier. (245 threads)
[2025-04-04T20:30:56.646-0400][186914.082s][info ][gc,start    ] GC(767) Pause Young (Normal) (G1 Evacuation Pause)
[2025-04-04T20:30:56.646-0400][186914.082s][info ][gc,task     ] GC(767) Using 23 workers of 23 for evacuation
[2025-04-04T20:30:56.654-0400][186914.088s][info ][gc,phases   ] GC(767)   Pre Evacuate Collection Set: 0.3ms
[2025-04-04T20:30:56.654-0400][186914.088s][info ][gc,phases   ] GC(767)   Merge Heap Roots: 0.4ms
[2025-04-04T20:30:56.654-0400][186914.088s][info ][gc,phases   ] GC(767)   Evacuate Collection Set: 3.4ms
[2025-04-04T20:30:56.654-0400][186914.088s][info ][gc,phases   ] GC(767)   Post Evacuate Collection Set: 2.3ms
[2025-04-04T20:30:56.654-0400][186914.088s][info ][gc,phases   ] GC(767)   Other: 0.4ms
[2025-04-04T20:30:56.654-0400][186914.088s][info ][gc,heap     ] GC(767) Eden regions: 253->0(253)
[2025-04-04T20:30:56.654-0400][186914.088s][info ][gc,heap     ] GC(767) Survivor regions: 2->2(32)
[2025-04-04T20:30:56.654-0400][186914.088s][info ][gc,heap     ] GC(767) Old regions: 200->200
[2025-04-04T20:30:56.654-0400][186914.088s][info ][gc,heap     ] GC(767) Archive regions: 0->0
[2025-04-04T20:30:56.654-0400][186914.088s][info ][gc,heap     ] GC(767) Humongous regions: 2->2
[2025-04-04T20:30:56.654-0400][186914.088s][info ][gc,metaspace] GC(767) Metaspace: 199371K(201152K)->199371K(201152K) NonClass: 175624K(176512K)->175624K(176512K) Class: 23747K(24640K)->23747K(24640K)
[2025-04-04T20:30:56.654-0400][186914.089s][info ][gc          ] GC(767) Pause Young (Normal) (G1 Evacuation Pause) 455M->202M(512M) 6.918ms
[2025-04-04T20:30:56.654-0400][186914.089s][info ][gc,cpu      ] GC(767) User=0.00s Sys=0.00s Real=0.01s
[2025-04-04T20:30:56.654-0400][186914.089s][info ][safepoint   ] Safepoint "G1CollectForAllocation", Time since last: 213572213500 ns, Reaching safepoint: 209800 ns, Cleanup: 23300 ns, At safepoint: 7150000 ns, Total: 7383100 ns
[2025-04-04T20:34:28.424-0400][187125.859s][debug][safepoint   ] Safepoint synchronization initiated using striped semaphore wait barrier. (245 threads)
[2025-04-04T20:34:28.424-0400][187125.859s][info ][gc,start    ] GC(768) Pause Young (Normal) (G1 Evacuation Pause)
[2025-04-04T20:34:28.424-0400][187125.859s][info ][gc,task     ] GC(768) Using 23 workers of 23 for evacuation
[2025-04-04T20:34:28.432-0400][187125.867s][info ][gc,phases   ] GC(768)   Pre Evacuate Collection Set: 0.4ms
[2025-04-04T20:34:28.432-0400][187125.867s][info ][gc,phases   ] GC(768)   Merge Heap Roots: 0.3ms
[2025-04-04T20:34:28.432-0400][187125.867s][info ][gc,phases   ] GC(768)   Evacuate Collection Set: 4.1ms
[2025-04-04T20:34:28.432-0400][187125.867s][info ][gc,phases   ] GC(768)   Post Evacuate Collection Set: 2.4ms
[2025-04-04T20:34:28.432-0400][187125.867s][info ][gc,phases   ] GC(768)   Other: 0.3ms
[2025-04-04T20:34:28.432-0400][187125.867s][info ][gc,heap     ] GC(768) Eden regions: 253->0(253)
[2025-04-04T20:34:28.432-0400][187125.867s][info ][gc,heap     ] GC(768) Survivor regions: 2->2(32)
[2025-04-04T20:34:28.432-0400][187125.867s][info ][gc,heap     ] GC(768) Old regions: 200->200
[2025-04-04T20:34:28.432-0400][187125.867s][info ][gc,heap     ] GC(768) Archive regions: 0->0
[2025-04-04T20:34:28.432-0400][187125.867s][info ][gc,heap     ] GC(768) Humongous regions: 2->2
[2025-04-04T20:34:28.432-0400][187125.867s][info ][gc,metaspace] GC(768) Metaspace: 199371K(201152K)->199371K(201152K) NonClass: 175624K(176512K)->175624K(176512K) Class: 23747K(24640K)->23747K(24640K)
[2025-04-04T20:34:28.432-0400][187125.867s][info ][gc          ] GC(768) Pause Young (Normal) (G1 Evacuation Pause) 455M->202M(512M) 7.721ms
[2025-04-04T20:34:28.432-0400][187125.867s][info ][gc,cpu      ] GC(768) User=0.00s Sys=0.00s Real=0.01s
[2025-04-04T20:34:28.432-0400][187125.867s][info ][safepoint   ] Safepoint "G1CollectForAllocation", Time since last: 211770248500 ns, Reaching safepoint: 179200 ns, Cleanup: 6700 ns, At safepoint: 7945000 ns, Total: 8130900 ns
[2025-04-04T20:38:00.890-0400][187338.324s][debug][safepoint   ] Safepoint synchronization initiated using striped semaphore wait barrier. (245 threads)
[2025-04-04T20:38:00.890-0400][187338.325s][info ][gc,start    ] GC(769) Pause Young (Normal) (G1 Evacuation Pause)
[2025-04-04T20:38:00.890-0400][187338.325s][info ][gc,task     ] GC(769) Using 23 workers of 23 for evacuation
[2025-04-04T20:38:00.893-0400][187338.328s][info ][gc,phases   ] GC(769)   Pre Evacuate Collection Set: 0.3ms
[2025-04-04T20:38:00.893-0400][187338.328s][info ][gc,phases   ] GC(769)   Merge Heap Roots: 0.1ms
[2025-04-04T20:38:00.893-0400][187338.328s][info ][gc,phases   ] GC(769)   Evacuate Collection Set: 1.1ms
[2025-04-04T20:38:00.893-0400][187338.328s][info ][gc,phases   ] GC(769)   Post Evacuate Collection Set: 1.7ms
[2025-04-04T20:38:00.893-0400][187338.328s][info ][gc,phases   ] GC(769)   Other: 0.1ms
[2025-04-04T20:38:00.893-0400][187338.328s][info ][gc,heap     ] GC(769) Eden regions: 253->0(253)
[2025-04-04T20:38:00.893-0400][187338.328s][info ][gc,heap     ] GC(769) Survivor regions: 2->2(32)
[2025-04-04T20:38:00.893-0400][187338.328s][info ][gc,heap     ] GC(769) Old regions: 200->200
[2025-04-04T20:38:00.893-0400][187338.328s][info ][gc,heap     ] GC(769) Archive regions: 0->0
[2025-04-04T20:38:00.893-0400][187338.328s][info ][gc,heap     ] GC(769) Humongous regions: 2->2
[2025-04-04T20:38:00.893-0400][187338.328s][info ][gc,metaspace] GC(769) Metaspace: 199374K(201152K)->199374K(201152K) NonClass: 175626K(176512K)->175626K(176512K) Class: 23747K(24640K)->23747K(24640K)
[2025-04-04T20:38:00.893-0400][187338.328s][info ][gc          ] GC(769) Pause Young (Normal) (G1 Evacuation Pause) 455M->202M(512M) 3.232ms
[2025-04-04T20:38:00.893-0400][187338.328s][info ][gc,cpu      ] GC(769) User=0.00s Sys=0.00s Real=0.00s
[2025-04-04T20:38:00.893-0400][187338.328s][info ][safepoint   ] Safepoint "G1CollectForAllocation", Time since last: 212457437000 ns, Reaching safepoint: 101800 ns, Cleanup: 2900 ns, At safepoint: 3293200 ns, Total: 3397900 ns
[2025-04-04T20:41:32.337-0400][187549.771s][debug][safepoint   ] Safepoint synchronization initiated using striped semaphore wait barrier. (245 threads)
[2025-04-04T20:41:32.337-0400][187549.772s][info ][gc,start    ] GC(770) Pause Young (Normal) (G1 Evacuation Pause)
[2025-04-04T20:41:32.337-0400][187549.772s][info ][gc,task     ] GC(770) Using 23 workers of 23 for evacuation
[2025-04-04T20:41:32.346-0400][187549.781s][info ][gc,phases   ] GC(770)   Pre Evacuate Collection Set: 0.4ms
[2025-04-04T20:41:32.346-0400][187549.781s][info ][gc,phases   ] GC(770)   Merge Heap Roots: 0.3ms
[2025-04-04T20:41:32.347-0400][187549.781s][info ][gc,phases   ] GC(770)   Evacuate Collection Set: 6.3ms
[2025-04-04T20:41:32.347-0400][187549.781s][info ][gc,phases   ] GC(770)   Post Evacuate Collection Set: 2.4ms
[2025-04-04T20:41:32.347-0400][187549.781s][info ][gc,phases   ] GC(770)   Other: 0.2ms
[2025-04-04T20:41:32.347-0400][187549.781s][info ][gc,heap     ] GC(770) Eden regions: 253->0(253)
[2025-04-04T20:41:32.347-0400][187549.781s][info ][gc,heap     ] GC(770) Survivor regions: 2->2(32)
[2025-04-04T20:41:32.347-0400][187549.781s][info ][gc,heap     ] GC(770) Old regions: 200->200
[2025-04-04T20:41:32.347-0400][187549.781s][info ][gc,heap     ] GC(770) Archive regions: 0->0
[2025-04-04T20:41:32.347-0400][187549.781s][info ][gc,heap     ] GC(770) Humongous regions: 2->2
[2025-04-04T20:41:32.347-0400][187549.781s][info ][gc,metaspace] GC(770) Metaspace: 199374K(201152K)->199374K(201152K) NonClass: 175626K(176512K)->175626K(176512K) Class: 23747K(24640K)->23747K(24640K)
[2025-04-04T20:41:32.347-0400][187549.781s][info ][gc          ] GC(770) Pause Young (Normal) (G1 Evacuation Pause) 455M->202M(512M) 9.764ms
[2025-04-04T20:41:32.347-0400][187549.781s][info ][gc,cpu      ] GC(770) User=0.06s Sys=0.00s Real=0.01s
[2025-04-04T20:41:32.347-0400][187549.781s][info ][safepoint   ] Safepoint "G1CollectForAllocation", Time since last: 211443435700 ns, Reaching safepoint: 143000 ns, Cleanup: 6400 ns, At safepoint: 9956400 ns, Total: 10105800 ns
[2025-04-04T20:45:05.294-0400][187762.728s][debug][safepoint   ] Safepoint synchronization initiated using striped semaphore wait barrier. (245 threads)
[2025-04-04T20:45:05.294-0400][187762.728s][info ][gc,start    ] GC(771) Pause Young (Normal) (G1 Evacuation Pause)
[2025-04-04T20:45:05.294-0400][187762.728s][info ][gc,task     ] GC(771) Using 23 workers of 23 for evacuation
[2025-04-04T20:45:05.297-0400][187762.733s][info ][gc,phases   ] GC(771)   Pre Evacuate Collection Set: 0.3ms
[2025-04-04T20:45:05.297-0400][187762.733s][info ][gc,phases   ] GC(771)   Merge Heap Roots: 0.2ms
[2025-04-04T20:45:05.297-0400][187762.733s][info ][gc,phases   ] GC(771)   Evacuate Collection Set: 2.0ms
[2025-04-04T20:45:05.297-0400][187762.733s][info ][gc,phases   ] GC(771)   Post Evacuate Collection Set: 1.7ms
[2025-04-04T20:45:05.297-0400][187762.733s][info ][gc,phases   ] GC(771)   Other: 0.2ms
[2025-04-04T20:45:05.297-0400][187762.733s][info ][gc,heap     ] GC(771) Eden regions: 253->0(253)
[2025-04-04T20:45:05.297-0400][187762.733s][info ][gc,heap     ] GC(771) Survivor regions: 2->2(32)
[2025-04-04T20:45:05.297-0400][187762.733s][info ][gc,heap     ] GC(771) Old regions: 200->200
[2025-04-04T20:45:05.297-0400][187762.733s][info ][gc,heap     ] GC(771) Archive regions: 0->0
[2025-04-04T20:45:05.297-0400][187762.733s][info ][gc,heap     ] GC(771) Humongous regions: 2->2
[2025-04-04T20:45:05.297-0400][187762.733s][info ][gc,metaspace] GC(771) Metaspace: 199374K(201152K)->199374K(201152K) NonClass: 175626K(176512K)->175626K(176512K) Class: 23747K(24640K)->23747K(24640K)
[2025-04-04T20:45:05.298-0400][187762.733s][info ][gc          ] GC(771) Pause Young (Normal) (G1 Evacuation Pause) 455M->202M(512M) 4.621ms
[2025-04-04T20:45:05.298-0400][187762.733s][info ][gc,cpu      ] GC(771) User=0.00s Sys=0.00s Real=0.00s
[2025-04-04T20:45:05.298-0400][187762.733s][info ][safepoint   ] Safepoint "G1CollectForAllocation", Time since last: 212946761800 ns, Reaching safepoint: 88400 ns, Cleanup: 5700 ns, At safepoint: 4765900 ns, Total: 4860000 ns
[2025-04-04T20:48:36.479-0400][187973.914s][debug][safepoint   ] Safepoint synchronization initiated using striped semaphore wait barrier. (245 threads)
[2025-04-04T20:48:36.479-0400][187973.914s][info ][gc,start    ] GC(772) Pause Young (Normal) (G1 Evacuation Pause)
[2025-04-04T20:48:36.479-0400][187973.914s][info ][gc,task     ] GC(772) Using 23 workers of 23 for evacuation
[2025-04-04T20:48:36.487-0400][187973.921s][info ][gc,phases   ] GC(772)   Pre Evacuate Collection Set: 0.4ms
[2025-04-04T20:48:36.487-0400][187973.921s][info ][gc,phases   ] GC(772)   Merge Heap Roots: 0.4ms
[2025-04-04T20:48:36.487-0400][187973.921s][info ][gc,phases   ] GC(772)   Evacuate Collection Set: 4.1ms
[2025-04-04T20:48:36.487-0400][187973.921s][info ][gc,phases   ] GC(772)   Post Evacuate Collection Set: 2.4ms
[2025-04-04T20:48:36.487-0400][187973.921s][info ][gc,phases   ] GC(772)   Other: 0.3ms
[2025-04-04T20:48:36.487-0400][187973.921s][info ][gc,heap     ] GC(772) Eden regions: 253->0(254)
[2025-04-04T20:48:36.487-0400][187973.921s][info ][gc,heap     ] GC(772) Survivor regions: 2->2(32)
[2025-04-04T20:48:36.487-0400][187973.921s][info ][gc,heap     ] GC(772) Old regions: 200->200
[2025-04-04T20:48:36.487-0400][187973.921s][info ][gc,heap     ] GC(772) Archive regions: 0->0
[2025-04-04T20:48:36.487-0400][187973.921s][info ][gc,heap     ] GC(772) Humongous regions: 2->2
[2025-04-04T20:48:36.487-0400][187973.921s][info ][gc,metaspace] GC(772) Metaspace: 199374K(201152K)->199374K(201152K) NonClass: 175626K(176512K)->175626K(176512K) Class: 23747K(24640K)->23747K(24640K)
[2025-04-04T20:48:36.487-0400][187973.922s][info ][gc          ] GC(772) Pause Young (Normal) (G1 Evacuation Pause) 455M->202M(512M) 7.657ms
[2025-04-04T20:48:36.487-0400][187973.922s][info ][gc,cpu      ] GC(772) User=0.00s Sys=0.00s Real=0.01s
[2025-04-04T20:48:36.487-0400][187973.922s][info ][safepoint   ] Safepoint "G1CollectForAllocation", Time since last: 211180513100 ns, Reaching safepoint: 187800 ns, Cleanup: 33100 ns, At safepoint: 7891400 ns, Total: 8112300 ns
[2025-04-04T20:52:07.316-0400][188184.752s][debug][safepoint   ] Safepoint synchronization initiated using striped semaphore wait barrier. (245 threads)
[2025-04-04T20:52:07.317-0400][188184.752s][info ][gc,start    ] GC(773) Pause Young (Normal) (G1 Evacuation Pause)
[2025-04-04T20:52:07.317-0400][188184.752s][info ][gc,task     ] GC(773) Using 23 workers of 23 for evacuation
[2025-04-04T20:52:07.325-0400][188184.760s][info ][gc,phases   ] GC(773)   Pre Evacuate Collection Set: 0.5ms
[2025-04-04T20:52:07.325-0400][188184.760s][info ][gc,phases   ] GC(773)   Merge Heap Roots: 0.3ms
[2025-04-04T20:52:07.325-0400][188184.760s][info ][gc,phases   ] GC(773)   Evacuate Collection Set: 3.6ms
[2025-04-04T20:52:07.325-0400][188184.760s][info ][gc,phases   ] GC(773)   Post Evacuate Collection Set: 3.5ms
[2025-04-04T20:52:07.325-0400][188184.760s][info ][gc,phases   ] GC(773)   Other: 0.3ms
[2025-04-04T20:52:07.325-0400][188184.760s][info ][gc,heap     ] GC(773) Eden regions: 254->0(253)
[2025-04-04T20:52:07.325-0400][188184.760s][info ][gc,heap     ] GC(773) Survivor regions: 2->2(32)
[2025-04-04T20:52:07.325-0400][188184.760s][info ][gc,heap     ] GC(773) Old regions: 200->200
[2025-04-04T20:52:07.325-0400][188184.760s][info ][gc,heap     ] GC(773) Archive regions: 0->0
[2025-04-04T20:52:07.325-0400][188184.760s][info ][gc,heap     ] GC(773) Humongous regions: 2->2
[2025-04-04T20:52:07.325-0400][188184.760s][info ][gc,metaspace] GC(773) Metaspace: 199374K(201152K)->199374K(201152K) NonClass: 175626K(176512K)->175626K(176512K) Class: 23747K(24640K)->23747K(24640K)
[2025-04-04T20:52:07.325-0400][188184.760s][info ][gc          ] GC(773) Pause Young (Normal) (G1 Evacuation Pause) 456M->202M(512M) 8.413ms
[2025-04-04T20:52:07.325-0400][188184.761s][info ][gc,cpu      ] GC(773) User=0.00s Sys=0.00s Real=0.01s
[2025-04-04T20:52:07.325-0400][188184.761s][info ][safepoint   ] Safepoint "G1CollectForAllocation", Time since last: 210830108000 ns, Reaching safepoint: 188300 ns, Cleanup: 6300 ns, At safepoint: 8615800 ns, Total: 8810400 ns
[2025-04-04T20:55:37.585-0400][188395.020s][debug][safepoint   ] Safepoint synchronization initiated using striped semaphore wait barrier. (245 threads)
[2025-04-04T20:55:37.585-0400][188395.020s][info ][gc,start    ] GC(774) Pause Young (Normal) (G1 Evacuation Pause)
[2025-04-04T20:55:37.585-0400][188395.020s][info ][gc,task     ] GC(774) Using 23 workers of 23 for evacuation
[2025-04-04T20:55:37.594-0400][188395.029s][info ][gc,phases   ] GC(774)   Pre Evacuate Collection Set: 0.5ms
[2025-04-04T20:55:37.594-0400][188395.029s][info ][gc,phases   ] GC(774)   Merge Heap Roots: 0.3ms
[2025-04-04T20:55:37.594-0400][188395.029s][info ][gc,phases   ] GC(774)   Evacuate Collection Set: 6.1ms
[2025-04-04T20:55:37.594-0400][188395.029s][info ][gc,phases   ] GC(774)   Post Evacuate Collection Set: 2.2ms
[2025-04-04T20:55:37.594-0400][188395.029s][info ][gc,phases   ] GC(774)   Other: 0.3ms
[2025-04-04T20:55:37.594-0400][188395.029s][info ][gc,heap     ] GC(774) Eden regions: 253->0(253)
[2025-04-04T20:55:37.594-0400][188395.029s][info ][gc,heap     ] GC(774) Survivor regions: 2->2(32)
[2025-04-04T20:55:37.594-0400][188395.029s][info ][gc,heap     ] GC(774) Old regions: 200->200
[2025-04-04T20:55:37.594-0400][188395.029s][info ][gc,heap     ] GC(774) Archive regions: 0->0
[2025-04-04T20:55:37.594-0400][188395.029s][info ][gc,heap     ] GC(774) Humongous regions: 2->2
[2025-04-04T20:55:37.594-0400][188395.029s][info ][gc,metaspace] GC(774) Metaspace: 199374K(201152K)->199374K(201152K) NonClass: 175626K(176512K)->175626K(176512K) Class: 23747K(24640K)->23747K(24640K)
[2025-04-04T20:55:37.594-0400][188395.029s][info ][gc          ] GC(774) Pause Young (Normal) (G1 Evacuation Pause) 455M->202M(512M) 9.575ms
[2025-04-04T20:55:37.594-0400][188395.029s][info ][gc,cpu      ] GC(774) User=0.00s Sys=0.00s Real=0.01s
[2025-04-04T20:55:37.594-0400][188395.030s][info ][safepoint   ] Safepoint "G1CollectForAllocation", Time since last: 210259087700 ns, Reaching safepoint: 143400 ns, Cleanup: 6800 ns, At safepoint: 9728900 ns, Total: 9879100 ns
[2025-04-04T20:59:10.154-0400][188607.589s][debug][safepoint   ] Safepoint synchronization initiated using striped semaphore wait barrier. (246 threads)
[2025-04-04T20:59:10.154-0400][188607.589s][info ][gc,start    ] GC(775) Pause Young (Normal) (G1 Evacuation Pause)
[2025-04-04T20:59:10.154-0400][188607.589s][info ][gc,task     ] GC(775) Using 23 workers of 23 for evacuation
[2025-04-04T20:59:10.162-0400][188607.596s][info ][gc,phases   ] GC(775)   Pre Evacuate Collection Set: 0.3ms
[2025-04-04T20:59:10.162-0400][188607.596s][info ][gc,phases   ] GC(775)   Merge Heap Roots: 0.3ms
[2025-04-04T20:59:10.162-0400][188607.597s][info ][gc,phases   ] GC(775)   Evacuate Collection Set: 5.1ms
[2025-04-04T20:59:10.162-0400][188607.597s][info ][gc,phases   ] GC(775)   Post Evacuate Collection Set: 1.9ms
[2025-04-04T20:59:10.162-0400][188607.597s][info ][gc,phases   ] GC(775)   Other: 0.2ms
[2025-04-04T20:59:10.162-0400][188607.597s][info ][gc,heap     ] GC(775) Eden regions: 253->0(253)
[2025-04-04T20:59:10.162-0400][188607.597s][info ][gc,heap     ] GC(775) Survivor regions: 2->2(32)
[2025-04-04T20:59:10.162-0400][188607.597s][info ][gc,heap     ] GC(775) Old regions: 200->200
[2025-04-04T20:59:10.162-0400][188607.597s][info ][gc,heap     ] GC(775) Archive regions: 0->0
[2025-04-04T20:59:10.162-0400][188607.597s][info ][gc,heap     ] GC(775) Humongous regions: 2->2
[2025-04-04T20:59:10.162-0400][188607.597s][info ][gc,metaspace] GC(775) Metaspace: 199374K(201152K)->199374K(201152K) NonClass: 175626K(176512K)->175626K(176512K) Class: 23747K(24640K)->23747K(24640K)
[2025-04-04T20:59:10.162-0400][188607.597s][info ][gc          ] GC(775) Pause Young (Normal) (G1 Evacuation Pause) 455M->202M(512M) 7.921ms
[2025-04-04T20:59:10.162-0400][188607.597s][info ][gc,cpu      ] GC(775) User=0.02s Sys=0.00s Real=0.01s
[2025-04-04T20:59:10.162-0400][188607.597s][info ][safepoint   ] Safepoint "G1CollectForAllocation", Time since last: 212558994700 ns, Reaching safepoint: 118500 ns, Cleanup: 5000 ns, At safepoint: 8103500 ns, Total: 8227000 ns
[2025-04-04T21:02:41.600-0400][188819.035s][debug][safepoint   ] Safepoint synchronization initiated using striped semaphore wait barrier. (246 threads)
[2025-04-04T21:02:41.600-0400][188819.035s][info ][gc,start    ] GC(776) Pause Young (Normal) (G1 Evacuation Pause)
[2025-04-04T21:02:41.600-0400][188819.035s][info ][gc,task     ] GC(776) Using 23 workers of 23 for evacuation
[2025-04-04T21:02:41.610-0400][188819.045s][info ][gc,phases   ] GC(776)   Pre Evacuate Collection Set: 0.3ms
[2025-04-04T21:02:41.610-0400][188819.045s][info ][gc,phases   ] GC(776)   Merge Heap Roots: 0.3ms
[2025-04-04T21:02:41.610-0400][188819.045s][info ][gc,phases   ] GC(776)   Evacuate Collection Set: 6.9ms
[2025-04-04T21:02:41.610-0400][188819.045s][info ][gc,phases   ] GC(776)   Post Evacuate Collection Set: 2.1ms
[2025-04-04T21:02:41.611-0400][188819.046s][info ][gc,phases   ] GC(776)   Other: 0.3ms
[2025-04-04T21:02:41.611-0400][188819.046s][info ][gc,heap     ] GC(776) Eden regions: 253->0(253)
[2025-04-04T21:02:41.611-0400][188819.046s][info ][gc,heap     ] GC(776) Survivor regions: 2->2(32)
[2025-04-04T21:02:41.611-0400][188819.046s][info ][gc,heap     ] GC(776) Old regions: 200->200
[2025-04-04T21:02:41.611-0400][188819.046s][info ][gc,heap     ] GC(776) Archive regions: 0->0
[2025-04-04T21:02:41.611-0400][188819.046s][info ][gc,heap     ] GC(776) Humongous regions: 2->2
[2025-04-04T21:02:41.611-0400][188819.046s][info ][gc,metaspace] GC(776) Metaspace: 199374K(201152K)->199374K(201152K) NonClass: 175626K(176512K)->175626K(176512K) Class: 23747K(24640K)->23747K(24640K)
[2025-04-04T21:02:41.611-0400][188819.046s][info ][gc          ] GC(776) Pause Young (Normal) (G1 Evacuation Pause) 455M->202M(512M) 10.272ms
[2025-04-04T21:02:41.611-0400][188819.046s][info ][gc,cpu      ] GC(776) User=0.00s Sys=0.00s Real=0.01s
[2025-04-04T21:02:41.611-0400][188819.046s][info ][safepoint   ] Safepoint "G1CollectForAllocation", Time since last: 211438442200 ns, Reaching safepoint: 155200 ns, Cleanup: 6700 ns, At safepoint: 10502000 ns, Total: 10663900 ns
[2025-04-04T21:06:15.098-0400][189032.533s][debug][safepoint   ] Safepoint synchronization initiated using striped semaphore wait barrier. (246 threads)
[2025-04-04T21:06:15.098-0400][189032.533s][info ][gc,start    ] GC(777) Pause Young (Normal) (G1 Evacuation Pause)
[2025-04-04T21:06:15.098-0400][189032.533s][info ][gc,task     ] GC(777) Using 23 workers of 23 for evacuation
[2025-04-04T21:06:15.106-0400][189032.542s][info ][gc,phases   ] GC(777)   Pre Evacuate Collection Set: 0.4ms
[2025-04-04T21:06:15.106-0400][189032.542s][info ][gc,phases   ] GC(777)   Merge Heap Roots: 0.3ms
[2025-04-04T21:06:15.106-0400][189032.542s][info ][gc,phases   ] GC(777)   Evacuate Collection Set: 5.2ms
[2025-04-04T21:06:15.106-0400][189032.542s][info ][gc,phases   ] GC(777)   Post Evacuate Collection Set: 2.5ms
[2025-04-04T21:06:15.106-0400][189032.542s][info ][gc,phases   ] GC(777)   Other: 0.2ms
[2025-04-04T21:06:15.106-0400][189032.542s][info ][gc,heap     ] GC(777) Eden regions: 253->0(253)
[2025-04-04T21:06:15.106-0400][189032.542s][info ][gc,heap     ] GC(777) Survivor regions: 2->2(32)
[2025-04-04T21:06:15.106-0400][189032.542s][info ][gc,heap     ] GC(777) Old regions: 200->200
[2025-04-04T21:06:15.106-0400][189032.542s][info ][gc,heap     ] GC(777) Archive regions: 0->0
[2025-04-04T21:06:15.106-0400][189032.542s][info ][gc,heap     ] GC(777) Humongous regions: 2->2
[2025-04-04T21:06:15.106-0400][189032.542s][info ][gc,metaspace] GC(777) Metaspace: 199374K(201152K)->199374K(201152K) NonClass: 175626K(176512K)->175626K(176512K) Class: 23747K(24640K)->23747K(24640K)
[2025-04-04T21:06:15.106-0400][189032.542s][info ][gc          ] GC(777) Pause Young (Normal) (G1 Evacuation Pause) 455M->202M(512M) 8.834ms
[2025-04-04T21:06:15.106-0400][189032.542s][info ][gc,cpu      ] GC(777) User=0.00s Sys=0.00s Real=0.01s
[2025-04-04T21:06:15.106-0400][189032.542s][info ][safepoint   ] Safepoint "G1CollectForAllocation", Time since last: 213487153100 ns, Reaching safepoint: 123500 ns, Cleanup: 10100 ns, At safepoint: 9026700 ns, Total: 9160300 ns
[2025-04-04T21:09:46.753-0400][189244.188s][debug][safepoint   ] Safepoint synchronization initiated using striped semaphore wait barrier. (246 threads)
[2025-04-04T21:09:46.753-0400][189244.188s][info ][gc,start    ] GC(778) Pause Young (Normal) (G1 Evacuation Pause)
[2025-04-04T21:09:46.753-0400][189244.188s][info ][gc,task     ] GC(778) Using 23 workers of 23 for evacuation
[2025-04-04T21:09:46.761-0400][189244.196s][info ][gc,phases   ] GC(778)   Pre Evacuate Collection Set: 0.4ms
[2025-04-04T21:09:46.761-0400][189244.196s][info ][gc,phases   ] GC(778)   Merge Heap Roots: 0.4ms
[2025-04-04T21:09:46.761-0400][189244.196s][info ][gc,phases   ] GC(778)   Evacuate Collection Set: 4.4ms
[2025-04-04T21:09:46.761-0400][189244.196s][info ][gc,phases   ] GC(778)   Post Evacuate Collection Set: 2.5ms
[2025-04-04T21:09:46.761-0400][189244.196s][info ][gc,phases   ] GC(778)   Other: 0.3ms
[2025-04-04T21:09:46.761-0400][189244.196s][info ][gc,heap     ] GC(778) Eden regions: 253->0(253)
[2025-04-04T21:09:46.761-0400][189244.196s][info ][gc,heap     ] GC(778) Survivor regions: 2->2(32)
[2025-04-04T21:09:46.761-0400][189244.196s][info ][gc,heap     ] GC(778) Old regions: 200->200
[2025-04-04T21:09:46.761-0400][189244.196s][info ][gc,heap     ] GC(778) Archive regions: 0->0
[2025-04-04T21:09:46.761-0400][189244.196s][info ][gc,heap     ] GC(778) Humongous regions: 2->2
[2025-04-04T21:09:46.761-0400][189244.196s][info ][gc,metaspace] GC(778) Metaspace: 199374K(201152K)->199374K(201152K) NonClass: 175626K(176512K)->175626K(176512K) Class: 23747K(24640K)->23747K(24640K)
[2025-04-04T21:09:46.761-0400][189244.197s][info ][gc          ] GC(778) Pause Young (Normal) (G1 Evacuation Pause) 455M->202M(512M) 8.175ms
[2025-04-04T21:09:46.762-0400][189244.197s][info ][gc,cpu      ] GC(778) User=0.00s Sys=0.00s Real=0.01s
[2025-04-04T21:09:46.762-0400][189244.197s][info ][safepoint   ] Safepoint "G1CollectForAllocation", Time since last: 211645727500 ns, Reaching safepoint: 337200 ns, Cleanup: 9000 ns, At safepoint: 8387600 ns, Total: 8733800 ns
[2025-04-04T21:13:20.007-0400][189457.441s][debug][safepoint   ] Safepoint synchronization initiated using striped semaphore wait barrier. (246 threads)
[2025-04-04T21:13:20.007-0400][189457.441s][info ][gc,start    ] GC(779) Pause Young (Normal) (G1 Evacuation Pause)
[2025-04-04T21:13:20.007-0400][189457.441s][info ][gc,task     ] GC(779) Using 23 workers of 23 for evacuation
[2025-04-04T21:13:20.015-0400][189457.450s][info ][gc,phases   ] GC(779)   Pre Evacuate Collection Set: 0.3ms
[2025-04-04T21:13:20.015-0400][189457.450s][info ][gc,phases   ] GC(779)   Merge Heap Roots: 0.3ms
[2025-04-04T21:13:20.015-0400][189457.450s][info ][gc,phases   ] GC(779)   Evacuate Collection Set: 5.2ms
[2025-04-04T21:13:20.015-0400][189457.450s][info ][gc,phases   ] GC(779)   Post Evacuate Collection Set: 2.6ms
[2025-04-04T21:13:20.015-0400][189457.450s][info ][gc,phases   ] GC(779)   Other: 0.2ms
[2025-04-04T21:13:20.015-0400][189457.450s][info ][gc,heap     ] GC(779) Eden regions: 253->0(253)
[2025-04-04T21:13:20.015-0400][189457.450s][info ][gc,heap     ] GC(779) Survivor regions: 2->2(32)
[2025-04-04T21:13:20.015-0400][189457.450s][info ][gc,heap     ] GC(779) Old regions: 200->200
[2025-04-04T21:13:20.015-0400][189457.450s][info ][gc,heap     ] GC(779) Archive regions: 0->0
[2025-04-04T21:13:20.015-0400][189457.450s][info ][gc,heap     ] GC(779) Humongous regions: 2->2
[2025-04-04T21:13:20.015-0400][189457.450s][info ][gc,metaspace] GC(779) Metaspace: 199374K(201152K)->199374K(201152K) NonClass: 175626K(176512K)->175626K(176512K) Class: 23747K(24640K)->23747K(24640K)
[2025-04-04T21:13:20.015-0400][189457.450s][info ][gc          ] GC(779) Pause Young (Normal) (G1 Evacuation Pause) 455M->202M(512M) 8.832ms
[2025-04-04T21:13:20.015-0400][189457.450s][info ][gc,cpu      ] GC(779) User=0.00s Sys=0.00s Real=0.01s
[2025-04-04T21:13:20.015-0400][189457.450s][info ][safepoint   ] Safepoint "G1CollectForAllocation", Time since last: 213244482300 ns, Reaching safepoint: 138500 ns, Cleanup: 60300 ns, At safepoint: 9017500 ns, Total: 9216300 ns
[2025-04-04T21:16:51.567-0400][189669.001s][debug][safepoint   ] Safepoint synchronization initiated using striped semaphore wait barrier. (246 threads)
[2025-04-04T21:16:51.567-0400][189669.002s][info ][gc,start    ] GC(780) Pause Young (Normal) (G1 Evacuation Pause)
[2025-04-04T21:16:51.567-0400][189669.002s][info ][gc,task     ] GC(780) Using 23 workers of 23 for evacuation
[2025-04-04T21:16:51.577-0400][189669.011s][info ][gc,phases   ] GC(780)   Pre Evacuate Collection Set: 0.4ms
[2025-04-04T21:16:51.577-0400][189669.011s][info ][gc,phases   ] GC(780)   Merge Heap Roots: 0.4ms
[2025-04-04T21:16:51.577-0400][189669.011s][info ][gc,phases   ] GC(780)   Evacuate Collection Set: 6.5ms
[2025-04-04T21:16:51.577-0400][189669.011s][info ][gc,phases   ] GC(780)   Post Evacuate Collection Set: 2.1ms
[2025-04-04T21:16:51.577-0400][189669.011s][info ][gc,phases   ] GC(780)   Other: 0.3ms
[2025-04-04T21:16:51.577-0400][189669.011s][info ][gc,heap     ] GC(780) Eden regions: 253->0(253)
[2025-04-04T21:16:51.577-0400][189669.011s][info ][gc,heap     ] GC(780) Survivor regions: 2->2(32)
[2025-04-04T21:16:51.577-0400][189669.011s][info ][gc,heap     ] GC(780) Old regions: 200->200
[2025-04-04T21:16:51.577-0400][189669.011s][info ][gc,heap     ] GC(780) Archive regions: 0->0
[2025-04-04T21:16:51.577-0400][189669.011s][info ][gc,heap     ] GC(780) Humongous regions: 2->2
[2025-04-04T21:16:51.577-0400][189669.011s][info ][gc,metaspace] GC(780) Metaspace: 199374K(201152K)->199374K(201152K) NonClass: 175626K(176512K)->175626K(176512K) Class: 23747K(24640K)->23747K(24640K)
[2025-04-04T21:16:51.577-0400][189669.011s][info ][gc          ] GC(780) Pause Young (Normal) (G1 Evacuation Pause) 455M->202M(512M) 9.759ms
[2025-04-04T21:16:51.577-0400][189669.011s][info ][gc,cpu      ] GC(780) User=0.00s Sys=0.00s Real=0.01s
[2025-04-04T21:16:51.577-0400][189669.012s][info ][safepoint   ] Safepoint "G1CollectForAllocation", Time since last: 211551048600 ns, Reaching safepoint: 185500 ns, Cleanup: 9900 ns, At safepoint: 9961600 ns, Total: 10157000 ns
[2025-04-04T21:20:22.973-0400][189880.407s][debug][safepoint   ] Safepoint synchronization initiated using striped semaphore wait barrier. (247 threads)
[2025-04-04T21:20:22.973-0400][189880.408s][info ][gc,start    ] GC(781) Pause Young (Normal) (G1 Evacuation Pause)
[2025-04-04T21:20:22.973-0400][189880.408s][info ][gc,task     ] GC(781) Using 23 workers of 23 for evacuation
[2025-04-04T21:20:22.981-0400][189880.415s][info ][gc,phases   ] GC(781)   Pre Evacuate Collection Set: 0.4ms
[2025-04-04T21:20:22.981-0400][189880.415s][info ][gc,phases   ] GC(781)   Merge Heap Roots: 0.3ms
[2025-04-04T21:20:22.981-0400][189880.415s][info ][gc,phases   ] GC(781)   Evacuate Collection Set: 4.2ms
[2025-04-04T21:20:22.981-0400][189880.415s][info ][gc,phases   ] GC(781)   Post Evacuate Collection Set: 2.5ms
[2025-04-04T21:20:22.981-0400][189880.415s][info ][gc,phases   ] GC(781)   Other: 0.3ms
[2025-04-04T21:20:22.981-0400][189880.415s][info ][gc,heap     ] GC(781) Eden regions: 253->0(253)
[2025-04-04T21:20:22.981-0400][189880.415s][info ][gc,heap     ] GC(781) Survivor regions: 2->2(32)
[2025-04-04T21:20:22.981-0400][189880.415s][info ][gc,heap     ] GC(781) Old regions: 200->200
[2025-04-04T21:20:22.981-0400][189880.415s][info ][gc,heap     ] GC(781) Archive regions: 0->0
[2025-04-04T21:20:22.981-0400][189880.415s][info ][gc,heap     ] GC(781) Humongous regions: 2->2
[2025-04-04T21:20:22.981-0400][189880.415s][info ][gc,metaspace] GC(781) Metaspace: 199374K(201152K)->199374K(201152K) NonClass: 175626K(176512K)->175626K(176512K) Class: 23747K(24640K)->23747K(24640K)
[2025-04-04T21:20:22.981-0400][189880.416s][info ][gc          ] GC(781) Pause Young (Normal) (G1 Evacuation Pause) 455M->202M(512M) 7.875ms
[2025-04-04T21:20:22.981-0400][189880.416s][info ][gc,cpu      ] GC(781) User=0.00s Sys=0.00s Real=0.01s
[2025-04-04T21:20:22.981-0400][189880.416s][info ][safepoint   ] Safepoint "G1CollectForAllocation", Time since last: 211395849400 ns, Reaching safepoint: 152400 ns, Cleanup: 8100 ns, At safepoint: 8072000 ns, Total: 8232500 ns
[2025-04-04T21:23:52.312-0400][190089.747s][debug][safepoint   ] Safepoint synchronization initiated using striped semaphore wait barrier. (245 threads)
[2025-04-04T21:23:52.312-0400][190089.747s][info ][gc,start    ] GC(782) Pause Young (Normal) (G1 Evacuation Pause)
[2025-04-04T21:23:52.312-0400][190089.747s][info ][gc,task     ] GC(782) Using 23 workers of 23 for evacuation
[2025-04-04T21:23:52.318-0400][190089.753s][info ][gc,phases   ] GC(782)   Pre Evacuate Collection Set: 0.3ms
[2025-04-04T21:23:52.318-0400][190089.753s][info ][gc,phases   ] GC(782)   Merge Heap Roots: 0.3ms
[2025-04-04T21:23:52.318-0400][190089.753s][info ][gc,phases   ] GC(782)   Evacuate Collection Set: 3.4ms
[2025-04-04T21:23:52.318-0400][190089.753s][info ][gc,phases   ] GC(782)   Post Evacuate Collection Set: 1.8ms
[2025-04-04T21:23:52.318-0400][190089.753s][info ][gc,phases   ] GC(782)   Other: 0.3ms
[2025-04-04T21:23:52.318-0400][190089.753s][info ][gc,heap     ] GC(782) Eden regions: 253->0(253)
[2025-04-04T21:23:52.318-0400][190089.753s][info ][gc,heap     ] GC(782) Survivor regions: 2->2(32)
[2025-04-04T21:23:52.318-0400][190089.753s][info ][gc,heap     ] GC(782) Old regions: 200->200
[2025-04-04T21:23:52.318-0400][190089.753s][info ][gc,heap     ] GC(782) Archive regions: 0->0
[2025-04-04T21:23:52.318-0400][190089.753s][info ][gc,heap     ] GC(782) Humongous regions: 2->2
[2025-04-04T21:23:52.318-0400][190089.754s][info ][gc,metaspace] GC(782) Metaspace: 199374K(201152K)->199374K(201152K) NonClass: 175626K(176512K)->175626K(176512K) Class: 23747K(24640K)->23747K(24640K)
[2025-04-04T21:23:52.318-0400][190089.754s][info ][gc          ] GC(782) Pause Young (Normal) (G1 Evacuation Pause) 455M->202M(512M) 6.315ms
[2025-04-04T21:23:52.318-0400][190089.754s][info ][gc,cpu      ] GC(782) User=0.03s Sys=0.00s Real=0.01s
[2025-04-04T21:23:52.318-0400][190089.754s][info ][safepoint   ] Safepoint "G1CollectForAllocation", Time since last: 209331371400 ns, Reaching safepoint: 141800 ns, Cleanup: 6700 ns, At safepoint: 6490100 ns, Total: 6638600 ns
[2025-04-04T21:27:24.431-0400][190301.866s][debug][safepoint   ] Safepoint synchronization initiated using striped semaphore wait barrier. (245 threads)
[2025-04-04T21:27:24.431-0400][190301.866s][info ][gc,start    ] GC(783) Pause Young (Normal) (G1 Evacuation Pause)
[2025-04-04T21:27:24.431-0400][190301.866s][info ][gc,task     ] GC(783) Using 23 workers of 23 for evacuation
[2025-04-04T21:27:24.440-0400][190301.875s][info ][gc,phases   ] GC(783)   Pre Evacuate Collection Set: 0.4ms
[2025-04-04T21:27:24.440-0400][190301.875s][info ][gc,phases   ] GC(783)   Merge Heap Roots: 0.3ms
[2025-04-04T21:27:24.440-0400][190301.875s][info ][gc,phases   ] GC(783)   Evacuate Collection Set: 5.4ms
[2025-04-04T21:27:24.440-0400][190301.875s][info ][gc,phases   ] GC(783)   Post Evacuate Collection Set: 2.5ms
[2025-04-04T21:27:24.440-0400][190301.875s][info ][gc,phases   ] GC(783)   Other: 0.2ms
[2025-04-04T21:27:24.440-0400][190301.875s][info ][gc,heap     ] GC(783) Eden regions: 253->0(253)
[2025-04-04T21:27:24.440-0400][190301.875s][info ][gc,heap     ] GC(783) Survivor regions: 2->2(32)
[2025-04-04T21:27:24.440-0400][190301.875s][info ][gc,heap     ] GC(783) Old regions: 200->200
[2025-04-04T21:27:24.440-0400][190301.875s][info ][gc,heap     ] GC(783) Archive regions: 0->0
[2025-04-04T21:27:24.440-0400][190301.875s][info ][gc,heap     ] GC(783) Humongous regions: 2->2
[2025-04-04T21:27:24.440-0400][190301.875s][info ][gc,metaspace] GC(783) Metaspace: 199374K(201152K)->199374K(201152K) NonClass: 175626K(176512K)->175626K(176512K) Class: 23747K(24640K)->23747K(24640K)
[2025-04-04T21:27:24.440-0400][190301.875s][info ][gc          ] GC(783) Pause Young (Normal) (G1 Evacuation Pause) 455M->202M(512M) 8.909ms
[2025-04-04T21:27:24.440-0400][190301.875s][info ][gc,cpu      ] GC(783) User=0.02s Sys=0.00s Real=0.01s
[2025-04-04T21:27:24.440-0400][190301.875s][info ][safepoint   ] Safepoint "G1CollectForAllocation", Time since last: 212112562000 ns, Reaching safepoint: 140800 ns, Cleanup: 6700 ns, At safepoint: 9123100 ns, Total: 9270600 ns
[2025-04-04T21:30:57.770-0400][190515.204s][debug][safepoint   ] Safepoint synchronization initiated using striped semaphore wait barrier. (245 threads)
[2025-04-04T21:30:57.770-0400][190515.204s][info ][gc,start    ] GC(784) Pause Young (Normal) (G1 Evacuation Pause)
[2025-04-04T21:30:57.770-0400][190515.204s][info ][gc,task     ] GC(784) Using 23 workers of 23 for evacuation
[2025-04-04T21:30:57.772-0400][190515.207s][info ][gc,phases   ] GC(784)   Pre Evacuate Collection Set: 0.4ms
[2025-04-04T21:30:57.772-0400][190515.207s][info ][gc,phases   ] GC(784)   Merge Heap Roots: 0.1ms
[2025-04-04T21:30:57.772-0400][190515.207s][info ][gc,phases   ] GC(784)   Evacuate Collection Set: 1.1ms
[2025-04-04T21:30:57.772-0400][190515.207s][info ][gc,phases   ] GC(784)   Post Evacuate Collection Set: 1.2ms
[2025-04-04T21:30:57.772-0400][190515.207s][info ][gc,phases   ] GC(784)   Other: 0.1ms
[2025-04-04T21:30:57.772-0400][190515.207s][info ][gc,heap     ] GC(784) Eden regions: 253->0(253)
[2025-04-04T21:30:57.772-0400][190515.207s][info ][gc,heap     ] GC(784) Survivor regions: 2->2(32)
[2025-04-04T21:30:57.772-0400][190515.207s][info ][gc,heap     ] GC(784) Old regions: 200->200
[2025-04-04T21:30:57.772-0400][190515.207s][info ][gc,heap     ] GC(784) Archive regions: 0->0
[2025-04-04T21:30:57.772-0400][190515.207s][info ][gc,heap     ] GC(784) Humongous regions: 2->2
[2025-04-04T21:30:57.772-0400][190515.207s][info ][gc,metaspace] GC(784) Metaspace: 199374K(201152K)->199374K(201152K) NonClass: 175626K(176512K)->175626K(176512K) Class: 23747K(24640K)->23747K(24640K)
[2025-04-04T21:30:57.772-0400][190515.207s][info ][gc          ] GC(784) Pause Young (Normal) (G1 Evacuation Pause) 455M->202M(512M) 2.954ms
[2025-04-04T21:30:57.772-0400][190515.207s][info ][gc,cpu      ] GC(784) User=0.00s Sys=0.00s Real=0.00s
[2025-04-04T21:30:57.772-0400][190515.207s][info ][safepoint   ] Safepoint "G1CollectForAllocation", Time since last: 213328677500 ns, Reaching safepoint: 76200 ns, Cleanup: 3700 ns, At safepoint: 3030300 ns, Total: 3110200 ns
[2025-04-04T21:34:29.557-0400][190726.991s][debug][safepoint   ] Safepoint synchronization initiated using striped semaphore wait barrier. (245 threads)
[2025-04-04T21:34:29.557-0400][190726.991s][info ][gc,start    ] GC(785) Pause Young (Normal) (G1 Evacuation Pause)
[2025-04-04T21:34:29.557-0400][190726.991s][info ][gc,task     ] GC(785) Using 23 workers of 23 for evacuation
[2025-04-04T21:34:29.563-0400][190726.997s][info ][gc,phases   ] GC(785)   Pre Evacuate Collection Set: 0.2ms
[2025-04-04T21:34:29.563-0400][190726.997s][info ][gc,phases   ] GC(785)   Merge Heap Roots: 0.2ms
[2025-04-04T21:34:29.563-0400][190726.997s][info ][gc,phases   ] GC(785)   Evacuate Collection Set: 3.2ms
[2025-04-04T21:34:29.563-0400][190726.997s][info ][gc,phases   ] GC(785)   Post Evacuate Collection Set: 1.8ms
[2025-04-04T21:34:29.563-0400][190726.997s][info ][gc,phases   ] GC(785)   Other: 0.2ms
[2025-04-04T21:34:29.563-0400][190726.997s][info ][gc,heap     ] GC(785) Eden regions: 253->0(253)
[2025-04-04T21:34:29.563-0400][190726.997s][info ][gc,heap     ] GC(785) Survivor regions: 2->2(32)
[2025-04-04T21:34:29.563-0400][190726.997s][info ][gc,heap     ] GC(785) Old regions: 200->200
[2025-04-04T21:34:29.563-0400][190726.997s][info ][gc,heap     ] GC(785) Archive regions: 0->0
[2025-04-04T21:34:29.563-0400][190726.997s][info ][gc,heap     ] GC(785) Humongous regions: 2->2
[2025-04-04T21:34:29.563-0400][190726.997s][info ][gc,metaspace] GC(785) Metaspace: 199374K(201152K)->199374K(201152K) NonClass: 175626K(176512K)->175626K(176512K) Class: 23747K(24640K)->23747K(24640K)
[2025-04-04T21:34:29.563-0400][190726.997s][info ][gc          ] GC(785) Pause Young (Normal) (G1 Evacuation Pause) 455M->202M(512M) 5.888ms
[2025-04-04T21:34:29.563-0400][190726.997s][info ][gc,cpu      ] GC(785) User=0.00s Sys=0.00s Real=0.01s
[2025-04-04T21:34:29.563-0400][190726.997s][info ][safepoint   ] Safepoint "G1CollectForAllocation", Time since last: 211783911200 ns, Reaching safepoint: 99000 ns, Cleanup: 42000 ns, At safepoint: 6126500 ns, Total: 6267500 ns
[2025-04-04T21:38:02.262-0400][190939.697s][debug][safepoint   ] Safepoint synchronization initiated using striped semaphore wait barrier. (245 threads)
[2025-04-04T21:38:02.262-0400][190939.697s][info ][gc,start    ] GC(786) Pause Young (Normal) (G1 Evacuation Pause)
[2025-04-04T21:38:02.262-0400][190939.697s][info ][gc,task     ] GC(786) Using 23 workers of 23 for evacuation
[2025-04-04T21:38:02.266-0400][190939.701s][info ][gc,phases   ] GC(786)   Pre Evacuate Collection Set: 0.1ms
[2025-04-04T21:38:02.266-0400][190939.701s][info ][gc,phases   ] GC(786)   Merge Heap Roots: 0.1ms
[2025-04-04T21:38:02.266-0400][190939.701s][info ][gc,phases   ] GC(786)   Evacuate Collection Set: 2.1ms
[2025-04-04T21:38:02.266-0400][190939.701s][info ][gc,phases   ] GC(786)   Post Evacuate Collection Set: 1.8ms
[2025-04-04T21:38:02.266-0400][190939.701s][info ][gc,phases   ] GC(786)   Other: 0.1ms
[2025-04-04T21:38:02.266-0400][190939.701s][info ][gc,heap     ] GC(786) Eden regions: 253->0(253)
[2025-04-04T21:38:02.266-0400][190939.701s][info ][gc,heap     ] GC(786) Survivor regions: 2->2(32)
[2025-04-04T21:38:02.266-0400][190939.701s][info ][gc,heap     ] GC(786) Old regions: 200->200
[2025-04-04T21:38:02.266-0400][190939.701s][info ][gc,heap     ] GC(786) Archive regions: 0->0
[2025-04-04T21:38:02.266-0400][190939.701s][info ][gc,heap     ] GC(786) Humongous regions: 2->2
[2025-04-04T21:38:02.266-0400][190939.701s][info ][gc,metaspace] GC(786) Metaspace: 199374K(201152K)->199374K(201152K) NonClass: 175626K(176512K)->175626K(176512K) Class: 23747K(24640K)->23747K(24640K)
[2025-04-04T21:38:02.266-0400][190939.701s][info ][gc          ] GC(786) Pause Young (Normal) (G1 Evacuation Pause) 455M->202M(512M) 4.231ms
[2025-04-04T21:38:02.266-0400][190939.701s][info ][gc,cpu      ] GC(786) User=0.00s Sys=0.00s Real=0.00s
[2025-04-04T21:38:02.266-0400][190939.701s][info ][safepoint   ] Safepoint "G1CollectForAllocation", Time since last: 212699231600 ns, Reaching safepoint: 36700 ns, Cleanup: 2000 ns, At safepoint: 4302500 ns, Total: 4341200 ns
[2025-04-04T21:41:33.995-0400][191151.429s][debug][safepoint   ] Safepoint synchronization initiated using striped semaphore wait barrier. (245 threads)
[2025-04-04T21:41:33.995-0400][191151.430s][info ][gc,start    ] GC(787) Pause Young (Normal) (G1 Evacuation Pause)
[2025-04-04T21:41:33.995-0400][191151.430s][info ][gc,task     ] GC(787) Using 23 workers of 23 for evacuation
[2025-04-04T21:41:34.002-0400][191151.436s][info ][gc,phases   ] GC(787)   Pre Evacuate Collection Set: 0.5ms
[2025-04-04T21:41:34.002-0400][191151.437s][info ][gc,phases   ] GC(787)   Merge Heap Roots: 0.3ms
[2025-04-04T21:41:34.002-0400][191151.437s][info ][gc,phases   ] GC(787)   Evacuate Collection Set: 3.6ms
[2025-04-04T21:41:34.002-0400][191151.437s][info ][gc,phases   ] GC(787)   Post Evacuate Collection Set: 2.2ms
[2025-04-04T21:41:34.002-0400][191151.437s][info ][gc,phases   ] GC(787)   Other: 0.3ms
[2025-04-04T21:41:34.002-0400][191151.437s][info ][gc,heap     ] GC(787) Eden regions: 253->0(253)
[2025-04-04T21:41:34.002-0400][191151.437s][info ][gc,heap     ] GC(787) Survivor regions: 2->2(32)
[2025-04-04T21:41:34.002-0400][191151.437s][info ][gc,heap     ] GC(787) Old regions: 200->200
[2025-04-04T21:41:34.002-0400][191151.437s][info ][gc,heap     ] GC(787) Archive regions: 0->0
[2025-04-04T21:41:34.002-0400][191151.437s][info ][gc,heap     ] GC(787) Humongous regions: 2->2
[2025-04-04T21:41:34.002-0400][191151.437s][info ][gc,metaspace] GC(787) Metaspace: 199374K(201152K)->199374K(201152K) NonClass: 175626K(176512K)->175626K(176512K) Class: 23747K(24640K)->23747K(24640K)
[2025-04-04T21:41:34.002-0400][191151.437s][info ][gc          ] GC(787) Pause Young (Normal) (G1 Evacuation Pause) 455M->202M(512M) 7.123ms
[2025-04-04T21:41:34.002-0400][191151.437s][info ][gc,cpu      ] GC(787) User=0.00s Sys=0.00s Real=0.01s
[2025-04-04T21:41:34.002-0400][191151.437s][info ][safepoint   ] Safepoint "G1CollectForAllocation", Time since last: 211728335400 ns, Reaching safepoint: 162100 ns, Cleanup: 9200 ns, At safepoint: 7367700 ns, Total: 7539000 ns
[2025-04-04T21:45:07.089-0400][191364.523s][debug][safepoint   ] Safepoint synchronization initiated using striped semaphore wait barrier. (245 threads)
[2025-04-04T21:45:07.089-0400][191364.524s][info ][gc,start    ] GC(788) Pause Young (Normal) (G1 Evacuation Pause)
[2025-04-04T21:45:07.089-0400][191364.524s][info ][gc,task     ] GC(788) Using 23 workers of 23 for evacuation
[2025-04-04T21:45:07.098-0400][191364.533s][info ][gc,phases   ] GC(788)   Pre Evacuate Collection Set: 0.4ms
[2025-04-04T21:45:07.098-0400][191364.533s][info ][gc,phases   ] GC(788)   Merge Heap Roots: 0.3ms
[2025-04-04T21:45:07.098-0400][191364.533s][info ][gc,phases   ] GC(788)   Evacuate Collection Set: 5.9ms
[2025-04-04T21:45:07.098-0400][191364.533s][info ][gc,phases   ] GC(788)   Post Evacuate Collection Set: 2.1ms
[2025-04-04T21:45:07.098-0400][191364.533s][info ][gc,phases   ] GC(788)   Other: 0.3ms
[2025-04-04T21:45:07.098-0400][191364.533s][info ][gc,heap     ] GC(788) Eden regions: 253->0(253)
[2025-04-04T21:45:07.098-0400][191364.533s][info ][gc,heap     ] GC(788) Survivor regions: 2->2(32)
[2025-04-04T21:45:07.098-0400][191364.533s][info ][gc,heap     ] GC(788) Old regions: 200->200
[2025-04-04T21:45:07.098-0400][191364.533s][info ][gc,heap     ] GC(788) Archive regions: 0->0
[2025-04-04T21:45:07.098-0400][191364.533s][info ][gc,heap     ] GC(788) Humongous regions: 2->2
[2025-04-04T21:45:07.098-0400][191364.533s][info ][gc,metaspace] GC(788) Metaspace: 199374K(201152K)->199374K(201152K) NonClass: 175626K(176512K)->175626K(176512K) Class: 23747K(24640K)->23747K(24640K)
[2025-04-04T21:45:07.098-0400][191364.533s][info ][gc          ] GC(788) Pause Young (Normal) (G1 Evacuation Pause) 455M->202M(512M) 9.376ms
[2025-04-04T21:45:07.099-0400][191364.533s][info ][gc,cpu      ] GC(788) User=0.00s Sys=0.00s Real=0.01s
[2025-04-04T21:45:07.099-0400][191364.533s][info ][safepoint   ] Safepoint "G1CollectForAllocation", Time since last: 213086539200 ns, Reaching safepoint: 141600 ns, Cleanup: 45600 ns, At safepoint: 9622200 ns, Total: 9809400 ns
[2025-04-04T21:48:38.434-0400][191575.869s][debug][safepoint   ] Safepoint synchronization initiated using striped semaphore wait barrier. (245 threads)
[2025-04-04T21:48:38.434-0400][191575.870s][info ][gc,start    ] GC(789) Pause Young (Normal) (G1 Evacuation Pause)
[2025-04-04T21:48:38.435-0400][191575.870s][info ][gc,task     ] GC(789) Using 23 workers of 23 for evacuation
[2025-04-04T21:48:38.443-0400][191575.878s][info ][gc,phases   ] GC(789)   Pre Evacuate Collection Set: 0.3ms
[2025-04-04T21:48:38.443-0400][191575.878s][info ][gc,phases   ] GC(789)   Merge Heap Roots: 0.3ms
[2025-04-04T21:48:38.443-0400][191575.878s][info ][gc,phases   ] GC(789)   Evacuate Collection Set: 5.6ms
[2025-04-04T21:48:38.443-0400][191575.878s][info ][gc,phases   ] GC(789)   Post Evacuate Collection Set: 2.2ms
[2025-04-04T21:48:38.443-0400][191575.878s][info ][gc,phases   ] GC(789)   Other: 0.3ms
[2025-04-04T21:48:38.443-0400][191575.878s][info ][gc,heap     ] GC(789) Eden regions: 253->0(253)
[2025-04-04T21:48:38.443-0400][191575.878s][info ][gc,heap     ] GC(789) Survivor regions: 2->2(32)
[2025-04-04T21:48:38.443-0400][191575.878s][info ][gc,heap     ] GC(789) Old regions: 200->200
[2025-04-04T21:48:38.443-0400][191575.878s][info ][gc,heap     ] GC(789) Archive regions: 0->0
[2025-04-04T21:48:38.443-0400][191575.878s][info ][gc,heap     ] GC(789) Humongous regions: 2->2
[2025-04-04T21:48:38.443-0400][191575.878s][info ][gc,metaspace] GC(789) Metaspace: 199374K(201152K)->199374K(201152K) NonClass: 175626K(176512K)->175626K(176512K) Class: 23747K(24640K)->23747K(24640K)
[2025-04-04T21:48:38.443-0400][191575.878s][info ][gc          ] GC(789) Pause Young (Normal) (G1 Evacuation Pause) 455M->202M(512M) 8.754ms
[2025-04-04T21:48:38.443-0400][191575.878s][info ][gc,cpu      ] GC(789) User=0.02s Sys=0.00s Real=0.01s
[2025-04-04T21:48:38.443-0400][191575.879s][info ][safepoint   ] Safepoint "G1CollectForAllocation", Time since last: 211336208500 ns, Reaching safepoint: 147400 ns, Cleanup: 6800 ns, At safepoint: 8928200 ns, Total: 9082400 ns
[2025-04-04T21:52:08.505-0400][191785.940s][debug][safepoint   ] Safepoint synchronization initiated using striped semaphore wait barrier. (245 threads)
[2025-04-04T21:52:08.505-0400][191785.940s][info ][gc,start    ] GC(790) Pause Young (Normal) (G1 Evacuation Pause)
[2025-04-04T21:52:08.505-0400][191785.940s][info ][gc,task     ] GC(790) Using 23 workers of 23 for evacuation
[2025-04-04T21:52:08.514-0400][191785.949s][info ][gc,phases   ] GC(790)   Pre Evacuate Collection Set: 0.5ms
[2025-04-04T21:52:08.514-0400][191785.949s][info ][gc,phases   ] GC(790)   Merge Heap Roots: 0.4ms
[2025-04-04T21:52:08.514-0400][191785.949s][info ][gc,phases   ] GC(790)   Evacuate Collection Set: 5.5ms
[2025-04-04T21:52:08.514-0400][191785.949s][info ][gc,phases   ] GC(790)   Post Evacuate Collection Set: 2.5ms
[2025-04-04T21:52:08.514-0400][191785.949s][info ][gc,phases   ] GC(790)   Other: 0.3ms
[2025-04-04T21:52:08.514-0400][191785.949s][info ][gc,heap     ] GC(790) Eden regions: 253->0(253)
[2025-04-04T21:52:08.514-0400][191785.949s][info ][gc,heap     ] GC(790) Survivor regions: 2->2(32)
[2025-04-04T21:52:08.514-0400][191785.949s][info ][gc,heap     ] GC(790) Old regions: 200->200
[2025-04-04T21:52:08.514-0400][191785.949s][info ][gc,heap     ] GC(790) Archive regions: 0->0
[2025-04-04T21:52:08.514-0400][191785.949s][info ][gc,heap     ] GC(790) Humongous regions: 2->2
[2025-04-04T21:52:08.514-0400][191785.949s][info ][gc,metaspace] GC(790) Metaspace: 199374K(201152K)->199374K(201152K) NonClass: 175626K(176512K)->175626K(176512K) Class: 23747K(24640K)->23747K(24640K)
[2025-04-04T21:52:08.514-0400][191785.949s][info ][gc          ] GC(790) Pause Young (Normal) (G1 Evacuation Pause) 455M->202M(512M) 9.253ms
[2025-04-04T21:52:08.514-0400][191785.949s][info ][gc,cpu      ] GC(790) User=0.00s Sys=0.00s Real=0.01s
[2025-04-04T21:52:08.514-0400][191785.950s][info ][safepoint   ] Safepoint "G1CollectForAllocation", Time since last: 210061386800 ns, Reaching safepoint: 165800 ns, Cleanup: 7000 ns, At safepoint: 9455900 ns, Total: 9628700 ns
[2025-04-04T21:55:39.596-0400][191997.030s][debug][safepoint   ] Safepoint synchronization initiated using striped semaphore wait barrier. (245 threads)
[2025-04-04T21:55:39.596-0400][191997.030s][info ][gc,start    ] GC(791) Pause Young (Normal) (G1 Evacuation Pause)
[2025-04-04T21:55:39.596-0400][191997.030s][info ][gc,task     ] GC(791) Using 23 workers of 23 for evacuation
[2025-04-04T21:55:39.599-0400][191997.033s][info ][gc,phases   ] GC(791)   Pre Evacuate Collection Set: 0.2ms
[2025-04-04T21:55:39.599-0400][191997.033s][info ][gc,phases   ] GC(791)   Merge Heap Roots: 0.1ms
[2025-04-04T21:55:39.599-0400][191997.033s][info ][gc,phases   ] GC(791)   Evacuate Collection Set: 1.2ms
[2025-04-04T21:55:39.599-0400][191997.033s][info ][gc,phases   ] GC(791)   Post Evacuate Collection Set: 1.4ms
[2025-04-04T21:55:39.599-0400][191997.033s][info ][gc,phases   ] GC(791)   Other: 0.1ms
[2025-04-04T21:55:39.599-0400][191997.033s][info ][gc,heap     ] GC(791) Eden regions: 253->0(253)
[2025-04-04T21:55:39.599-0400][191997.033s][info ][gc,heap     ] GC(791) Survivor regions: 2->2(32)
[2025-04-04T21:55:39.599-0400][191997.033s][info ][gc,heap     ] GC(791) Old regions: 200->200
[2025-04-04T21:55:39.599-0400][191997.033s][info ][gc,heap     ] GC(791) Archive regions: 0->0
[2025-04-04T21:55:39.599-0400][191997.033s][info ][gc,heap     ] GC(791) Humongous regions: 2->2
[2025-04-04T21:55:39.599-0400][191997.033s][info ][gc,metaspace] GC(791) Metaspace: 199374K(201152K)->199374K(201152K) NonClass: 175626K(176512K)->175626K(176512K) Class: 23747K(24640K)->23747K(24640K)
[2025-04-04T21:55:39.599-0400][191997.033s][info ][gc          ] GC(791) Pause Young (Normal) (G1 Evacuation Pause) 455M->202M(512M) 3.007ms
[2025-04-04T21:55:39.599-0400][191997.033s][info ][gc,cpu      ] GC(791) User=0.02s Sys=0.02s Real=0.00s
[2025-04-04T21:55:39.599-0400][191997.033s][info ][safepoint   ] Safepoint "G1CollectForAllocation", Time since last: 211080733800 ns, Reaching safepoint: 78800 ns, Cleanup: 2500 ns, At safepoint: 3094900 ns, Total: 3176200 ns
[2025-04-04T21:59:12.666-0400][192210.101s][debug][safepoint   ] Safepoint synchronization initiated using striped semaphore wait barrier. (245 threads)
[2025-04-04T21:59:12.666-0400][192210.101s][info ][gc,start    ] GC(792) Pause Young (Normal) (G1 Evacuation Pause)
[2025-04-04T21:59:12.666-0400][192210.101s][info ][gc,task     ] GC(792) Using 23 workers of 23 for evacuation
[2025-04-04T21:59:12.672-0400][192210.107s][info ][gc,phases   ] GC(792)   Pre Evacuate Collection Set: 0.3ms
[2025-04-04T21:59:12.672-0400][192210.107s][info ][gc,phases   ] GC(792)   Merge Heap Roots: 0.3ms
[2025-04-04T21:59:12.672-0400][192210.107s][info ][gc,phases   ] GC(792)   Evacuate Collection Set: 3.3ms
[2025-04-04T21:59:12.672-0400][192210.107s][info ][gc,phases   ] GC(792)   Post Evacuate Collection Set: 1.7ms
[2025-04-04T21:59:12.672-0400][192210.107s][info ][gc,phases   ] GC(792)   Other: 0.2ms
[2025-04-04T21:59:12.672-0400][192210.107s][info ][gc,heap     ] GC(792) Eden regions: 253->0(253)
[2025-04-04T21:59:12.672-0400][192210.107s][info ][gc,heap     ] GC(792) Survivor regions: 2->2(32)
[2025-04-04T21:59:12.672-0400][192210.107s][info ][gc,heap     ] GC(792) Old regions: 200->200
[2025-04-04T21:59:12.672-0400][192210.107s][info ][gc,heap     ] GC(792) Archive regions: 0->0
[2025-04-04T21:59:12.672-0400][192210.107s][info ][gc,heap     ] GC(792) Humongous regions: 2->2
[2025-04-04T21:59:12.672-0400][192210.107s][info ][gc,metaspace] GC(792) Metaspace: 199374K(201152K)->199374K(201152K) NonClass: 175626K(176512K)->175626K(176512K) Class: 23747K(24640K)->23747K(24640K)
[2025-04-04T21:59:12.672-0400][192210.107s][info ][gc          ] GC(792) Pause Young (Normal) (G1 Evacuation Pause) 455M->202M(512M) 6.027ms
[2025-04-04T21:59:12.672-0400][192210.107s][info ][gc,cpu      ] GC(792) User=0.00s Sys=0.00s Real=0.01s
[2025-04-04T21:59:12.672-0400][192210.107s][info ][safepoint   ] Safepoint "G1CollectForAllocation", Time since last: 213067678300 ns, Reaching safepoint: 121800 ns, Cleanup: 8100 ns, At safepoint: 6185200 ns, Total: 6315100 ns
[2025-04-04T22:02:44.599-0400][192422.034s][debug][safepoint   ] Safepoint synchronization initiated using striped semaphore wait barrier. (245 threads)
[2025-04-04T22:02:44.599-0400][192422.034s][info ][gc,start    ] GC(793) Pause Young (Normal) (G1 Evacuation Pause)
[2025-04-04T22:02:44.599-0400][192422.035s][info ][gc,task     ] GC(793) Using 23 workers of 23 for evacuation
[2025-04-04T22:02:44.604-0400][192422.039s][info ][gc,phases   ] GC(793)   Pre Evacuate Collection Set: 0.2ms
[2025-04-04T22:02:44.604-0400][192422.039s][info ][gc,phases   ] GC(793)   Merge Heap Roots: 0.2ms
[2025-04-04T22:02:44.604-0400][192422.039s][info ][gc,phases   ] GC(793)   Evacuate Collection Set: 2.4ms
[2025-04-04T22:02:44.604-0400][192422.039s][info ][gc,phases   ] GC(793)   Post Evacuate Collection Set: 1.3ms
[2025-04-04T22:02:44.604-0400][192422.039s][info ][gc,phases   ] GC(793)   Other: 0.2ms
[2025-04-04T22:02:44.604-0400][192422.039s][info ][gc,heap     ] GC(793) Eden regions: 253->0(253)
[2025-04-04T22:02:44.604-0400][192422.039s][info ][gc,heap     ] GC(793) Survivor regions: 2->2(32)
[2025-04-04T22:02:44.604-0400][192422.039s][info ][gc,heap     ] GC(793) Old regions: 200->200
[2025-04-04T22:02:44.604-0400][192422.039s][info ][gc,heap     ] GC(793) Archive regions: 0->0
[2025-04-04T22:02:44.604-0400][192422.039s][info ][gc,heap     ] GC(793) Humongous regions: 2->2
[2025-04-04T22:02:44.604-0400][192422.039s][info ][gc,metaspace] GC(793) Metaspace: 199374K(201152K)->199374K(201152K) NonClass: 175626K(176512K)->175626K(176512K) Class: 23747K(24640K)->23747K(24640K)
[2025-04-04T22:02:44.604-0400][192422.039s][info ][gc          ] GC(793) Pause Young (Normal) (G1 Evacuation Pause) 455M->202M(512M) 4.269ms
[2025-04-04T22:02:44.604-0400][192422.039s][info ][gc,cpu      ] GC(793) User=0.00s Sys=0.00s Real=0.01s
[2025-04-04T22:02:44.604-0400][192422.039s][info ][safepoint   ] Safepoint "G1CollectForAllocation", Time since last: 211926898200 ns, Reaching safepoint: 92300 ns, Cleanup: 11400 ns, At safepoint: 4385200 ns, Total: 4488900 ns
[2025-04-04T22:06:17.682-0400][192635.117s][debug][safepoint   ] Safepoint synchronization initiated using striped semaphore wait barrier. (245 threads)
[2025-04-04T22:06:17.682-0400][192635.117s][info ][gc,start    ] GC(794) Pause Young (Normal) (G1 Evacuation Pause)
[2025-04-04T22:06:17.682-0400][192635.117s][info ][gc,task     ] GC(794) Using 23 workers of 23 for evacuation
[2025-04-04T22:06:17.686-0400][192635.122s][info ][gc,phases   ] GC(794)   Pre Evacuate Collection Set: 0.2ms
[2025-04-04T22:06:17.686-0400][192635.122s][info ][gc,phases   ] GC(794)   Merge Heap Roots: 0.2ms
[2025-04-04T22:06:17.686-0400][192635.122s][info ][gc,phases   ] GC(794)   Evacuate Collection Set: 2.0ms
[2025-04-04T22:06:17.686-0400][192635.122s][info ][gc,phases   ] GC(794)   Post Evacuate Collection Set: 2.0ms
[2025-04-04T22:06:17.686-0400][192635.122s][info ][gc,phases   ] GC(794)   Other: 0.2ms
[2025-04-04T22:06:17.687-0400][192635.122s][info ][gc,heap     ] GC(794) Eden regions: 253->0(253)
[2025-04-04T22:06:17.687-0400][192635.122s][info ][gc,heap     ] GC(794) Survivor regions: 2->2(32)
[2025-04-04T22:06:17.687-0400][192635.122s][info ][gc,heap     ] GC(794) Old regions: 200->200
[2025-04-04T22:06:17.687-0400][192635.122s][info ][gc,heap     ] GC(794) Archive regions: 0->0
[2025-04-04T22:06:17.687-0400][192635.122s][info ][gc,heap     ] GC(794) Humongous regions: 2->2
[2025-04-04T22:06:17.687-0400][192635.122s][info ][gc,metaspace] GC(794) Metaspace: 199374K(201152K)->199374K(201152K) NonClass: 175626K(176512K)->175626K(176512K) Class: 23747K(24640K)->23747K(24640K)
[2025-04-04T22:06:17.687-0400][192635.122s][info ][gc          ] GC(794) Pause Young (Normal) (G1 Evacuation Pause) 455M->202M(512M) 4.770ms
[2025-04-04T22:06:17.687-0400][192635.122s][info ][gc,cpu      ] GC(794) User=0.00s Sys=0.00s Real=0.01s
[2025-04-04T22:06:17.687-0400][192635.122s][info ][safepoint   ] Safepoint "G1CollectForAllocation", Time since last: 213078320800 ns, Reaching safepoint: 83900 ns, Cleanup: 5400 ns, At safepoint: 4933000 ns, Total: 5022300 ns
[2025-04-04T22:09:49.430-0400][192846.864s][debug][safepoint   ] Safepoint synchronization initiated using striped semaphore wait barrier. (245 threads)
[2025-04-04T22:09:49.430-0400][192846.865s][info ][gc,start    ] GC(795) Pause Young (Normal) (G1 Evacuation Pause)
[2025-04-04T22:09:49.430-0400][192846.865s][info ][gc,task     ] GC(795) Using 23 workers of 23 for evacuation
[2025-04-04T22:09:49.437-0400][192846.871s][info ][gc,phases   ] GC(795)   Pre Evacuate Collection Set: 0.4ms
[2025-04-04T22:09:49.437-0400][192846.871s][info ][gc,phases   ] GC(795)   Merge Heap Roots: 0.3ms
[2025-04-04T22:09:49.437-0400][192846.871s][info ][gc,phases   ] GC(795)   Evacuate Collection Set: 3.3ms
[2025-04-04T22:09:49.437-0400][192846.871s][info ][gc,phases   ] GC(795)   Post Evacuate Collection Set: 2.3ms
[2025-04-04T22:09:49.437-0400][192846.871s][info ][gc,phases   ] GC(795)   Other: 0.3ms
[2025-04-04T22:09:49.437-0400][192846.871s][info ][gc,heap     ] GC(795) Eden regions: 253->0(253)
[2025-04-04T22:09:49.437-0400][192846.871s][info ][gc,heap     ] GC(795) Survivor regions: 2->2(32)
[2025-04-04T22:09:49.437-0400][192846.871s][info ][gc,heap     ] GC(795) Old regions: 200->200
[2025-04-04T22:09:49.437-0400][192846.871s][info ][gc,heap     ] GC(795) Archive regions: 0->0
[2025-04-04T22:09:49.437-0400][192846.871s][info ][gc,heap     ] GC(795) Humongous regions: 2->2
[2025-04-04T22:09:49.437-0400][192846.871s][info ][gc,metaspace] GC(795) Metaspace: 199374K(201152K)->199374K(201152K) NonClass: 175626K(176512K)->175626K(176512K) Class: 23747K(24640K)->23747K(24640K)
[2025-04-04T22:09:49.437-0400][192846.871s][info ][gc          ] GC(795) Pause Young (Normal) (G1 Evacuation Pause) 455M->202M(512M) 6.837ms
[2025-04-04T22:09:49.437-0400][192846.872s][info ][gc,cpu      ] GC(795) User=0.00s Sys=0.00s Real=0.01s
[2025-04-04T22:09:49.437-0400][192846.872s][info ][safepoint   ] Safepoint "G1CollectForAllocation", Time since last: 211742199000 ns, Reaching safepoint: 160100 ns, Cleanup: 28800 ns, At safepoint: 7053100 ns, Total: 7242000 ns
[2025-04-04T22:13:23.207-0400][193060.641s][debug][safepoint   ] Safepoint synchronization initiated using striped semaphore wait barrier. (245 threads)
[2025-04-04T22:13:23.207-0400][193060.641s][info ][gc,start    ] GC(796) Pause Young (Normal) (G1 Evacuation Pause)
[2025-04-04T22:13:23.207-0400][193060.641s][info ][gc,task     ] GC(796) Using 23 workers of 23 for evacuation
[2025-04-04T22:13:23.214-0400][193060.649s][info ][gc,phases   ] GC(796)   Pre Evacuate Collection Set: 0.4ms
[2025-04-04T22:13:23.214-0400][193060.649s][info ][gc,phases   ] GC(796)   Merge Heap Roots: 0.3ms
[2025-04-04T22:13:23.214-0400][193060.649s][info ][gc,phases   ] GC(796)   Evacuate Collection Set: 4.4ms
[2025-04-04T22:13:23.214-0400][193060.649s][info ][gc,phases   ] GC(796)   Post Evacuate Collection Set: 1.9ms
[2025-04-04T22:13:23.214-0400][193060.649s][info ][gc,phases   ] GC(796)   Other: 0.2ms
[2025-04-04T22:13:23.214-0400][193060.649s][info ][gc,heap     ] GC(796) Eden regions: 253->0(253)
[2025-04-04T22:13:23.214-0400][193060.649s][info ][gc,heap     ] GC(796) Survivor regions: 2->2(32)
[2025-04-04T22:13:23.214-0400][193060.649s][info ][gc,heap     ] GC(796) Old regions: 200->200
[2025-04-04T22:13:23.214-0400][193060.649s][info ][gc,heap     ] GC(796) Archive regions: 0->0
[2025-04-04T22:13:23.214-0400][193060.649s][info ][gc,heap     ] GC(796) Humongous regions: 2->2
[2025-04-04T22:13:23.214-0400][193060.649s][info ][gc,metaspace] GC(796) Metaspace: 199374K(201152K)->199374K(201152K) NonClass: 175626K(176512K)->175626K(176512K) Class: 23747K(24640K)->23747K(24640K)
[2025-04-04T22:13:23.214-0400][193060.649s][info ][gc          ] GC(796) Pause Young (Normal) (G1 Evacuation Pause) 455M->202M(512M) 7.333ms
[2025-04-04T22:13:23.214-0400][193060.649s][info ][gc,cpu      ] GC(796) User=0.00s Sys=0.00s Real=0.01s
[2025-04-04T22:13:23.214-0400][193060.649s][info ][safepoint   ] Safepoint "G1CollectForAllocation", Time since last: 213769623200 ns, Reaching safepoint: 141000 ns, Cleanup: 7000 ns, At safepoint: 7451800 ns, Total: 7599800 ns
[2025-04-04T22:16:54.367-0400][193271.802s][debug][safepoint   ] Safepoint synchronization initiated using striped semaphore wait barrier. (245 threads)
[2025-04-04T22:16:54.367-0400][193271.802s][info ][gc,start    ] GC(797) Pause Young (Normal) (G1 Evacuation Pause)
[2025-04-04T22:16:54.367-0400][193271.802s][info ][gc,task     ] GC(797) Using 23 workers of 23 for evacuation
[2025-04-04T22:16:54.374-0400][193271.809s][info ][gc,phases   ] GC(797)   Pre Evacuate Collection Set: 0.3ms
[2025-04-04T22:16:54.374-0400][193271.809s][info ][gc,phases   ] GC(797)   Merge Heap Roots: 0.4ms
[2025-04-04T22:16:54.374-0400][193271.809s][info ][gc,phases   ] GC(797)   Evacuate Collection Set: 3.9ms
[2025-04-04T22:16:54.374-0400][193271.809s][info ][gc,phases   ] GC(797)   Post Evacuate Collection Set: 2.1ms
[2025-04-04T22:16:54.374-0400][193271.809s][info ][gc,phases   ] GC(797)   Other: 0.3ms
[2025-04-04T22:16:54.374-0400][193271.809s][info ][gc,heap     ] GC(797) Eden regions: 253->0(254)
[2025-04-04T22:16:54.374-0400][193271.809s][info ][gc,heap     ] GC(797) Survivor regions: 2->2(32)
[2025-04-04T22:16:54.374-0400][193271.809s][info ][gc,heap     ] GC(797) Old regions: 200->200
[2025-04-04T22:16:54.374-0400][193271.809s][info ][gc,heap     ] GC(797) Archive regions: 0->0
[2025-04-04T22:16:54.374-0400][193271.809s][info ][gc,heap     ] GC(797) Humongous regions: 2->2
[2025-04-04T22:16:54.374-0400][193271.809s][info ][gc,metaspace] GC(797) Metaspace: 199374K(201152K)->199374K(201152K) NonClass: 175626K(176512K)->175626K(176512K) Class: 23747K(24640K)->23747K(24640K)
[2025-04-04T22:16:54.374-0400][193271.809s][info ][gc          ] GC(797) Pause Young (Normal) (G1 Evacuation Pause) 455M->202M(512M) 7.107ms
[2025-04-04T22:16:54.374-0400][193271.809s][info ][gc,cpu      ] GC(797) User=0.00s Sys=0.00s Real=0.01s
[2025-04-04T22:16:54.374-0400][193271.809s][info ][safepoint   ] Safepoint "G1CollectForAllocation", Time since last: 211153040700 ns, Reaching safepoint: 137600 ns, Cleanup: 9600 ns, At safepoint: 7288200 ns, Total: 7435400 ns
[2025-04-04T22:20:26.238-0400][193483.672s][debug][safepoint   ] Safepoint synchronization initiated using striped semaphore wait barrier. (247 threads)
[2025-04-04T22:20:26.238-0400][193483.672s][info ][gc,start    ] GC(798) Pause Young (Normal) (G1 Evacuation Pause)
[2025-04-04T22:20:26.238-0400][193483.673s][info ][gc,task     ] GC(798) Using 23 workers of 23 for evacuation
[2025-04-04T22:20:26.245-0400][193483.680s][info ][gc,phases   ] GC(798)   Pre Evacuate Collection Set: 0.5ms
[2025-04-04T22:20:26.245-0400][193483.680s][info ][gc,phases   ] GC(798)   Merge Heap Roots: 0.3ms
[2025-04-04T22:20:26.245-0400][193483.680s][info ][gc,phases   ] GC(798)   Evacuate Collection Set: 4.6ms
[2025-04-04T22:20:26.245-0400][193483.680s][info ][gc,phases   ] GC(798)   Post Evacuate Collection Set: 2.0ms
[2025-04-04T22:20:26.245-0400][193483.680s][info ][gc,phases   ] GC(798)   Other: 0.3ms
[2025-04-04T22:20:26.245-0400][193483.680s][info ][gc,heap     ] GC(798) Eden regions: 254->0(253)
[2025-04-04T22:20:26.245-0400][193483.680s][info ][gc,heap     ] GC(798) Survivor regions: 2->2(32)
[2025-04-04T22:20:26.245-0400][193483.680s][info ][gc,heap     ] GC(798) Old regions: 200->200
[2025-04-04T22:20:26.245-0400][193483.680s][info ][gc,heap     ] GC(798) Archive regions: 0->0
[2025-04-04T22:20:26.245-0400][193483.680s][info ][gc,heap     ] GC(798) Humongous regions: 2->2
[2025-04-04T22:20:26.245-0400][193483.680s][info ][gc,metaspace] GC(798) Metaspace: 199374K(201152K)->199374K(201152K) NonClass: 175626K(176512K)->175626K(176512K) Class: 23747K(24640K)->23747K(24640K)
[2025-04-04T22:20:26.245-0400][193483.680s][info ][gc          ] GC(798) Pause Young (Normal) (G1 Evacuation Pause) 456M->202M(512M) 7.776ms
[2025-04-04T22:20:26.245-0400][193483.680s][info ][gc,cpu      ] GC(798) User=0.00s Sys=0.00s Real=0.01s
[2025-04-04T22:20:26.245-0400][193483.680s][info ][safepoint   ] Safepoint "G1CollectForAllocation", Time since last: 211862951500 ns, Reaching safepoint: 140000 ns, Cleanup: 6100 ns, At safepoint: 7985900 ns, Total: 8132000 ns
[2025-04-04T22:23:55.929-0400][193693.364s][debug][safepoint   ] Safepoint synchronization initiated using striped semaphore wait barrier. (245 threads)
[2025-04-04T22:23:55.929-0400][193693.364s][info ][gc,start    ] GC(799) Pause Young (Normal) (G1 Evacuation Pause)
[2025-04-04T22:23:55.929-0400][193693.364s][info ][gc,task     ] GC(799) Using 23 workers of 23 for evacuation
[2025-04-04T22:23:55.935-0400][193693.369s][info ][gc,phases   ] GC(799)   Pre Evacuate Collection Set: 0.3ms
[2025-04-04T22:23:55.935-0400][193693.369s][info ][gc,phases   ] GC(799)   Merge Heap Roots: 0.2ms
[2025-04-04T22:23:55.935-0400][193693.369s][info ][gc,phases   ] GC(799)   Evacuate Collection Set: 3.0ms
[2025-04-04T22:23:55.935-0400][193693.369s][info ][gc,phases   ] GC(799)   Post Evacuate Collection Set: 2.0ms
[2025-04-04T22:23:55.935-0400][193693.369s][info ][gc,phases   ] GC(799)   Other: 0.2ms
[2025-04-04T22:23:55.935-0400][193693.369s][info ][gc,heap     ] GC(799) Eden regions: 253->0(253)
[2025-04-04T22:23:55.935-0400][193693.369s][info ][gc,heap     ] GC(799) Survivor regions: 2->2(32)
[2025-04-04T22:23:55.935-0400][193693.369s][info ][gc,heap     ] GC(799) Old regions: 200->200
[2025-04-04T22:23:55.935-0400][193693.369s][info ][gc,heap     ] GC(799) Archive regions: 0->0
[2025-04-04T22:23:55.935-0400][193693.370s][info ][gc,heap     ] GC(799) Humongous regions: 2->2
[2025-04-04T22:23:55.935-0400][193693.370s][info ][gc,metaspace] GC(799) Metaspace: 199374K(201152K)->199374K(201152K) NonClass: 175626K(176512K)->175626K(176512K) Class: 23747K(24640K)->23747K(24640K)
[2025-04-04T22:23:55.935-0400][193693.370s][info ][gc          ] GC(799) Pause Young (Normal) (G1 Evacuation Pause) 455M->202M(512M) 5.711ms
[2025-04-04T22:23:55.935-0400][193693.370s][info ][gc,cpu      ] GC(799) User=0.00s Sys=0.00s Real=0.01s
[2025-04-04T22:23:55.935-0400][193693.370s][info ][safepoint   ] Safepoint "G1CollectForAllocation", Time since last: 209683139200 ns, Reaching safepoint: 216600 ns, Cleanup: 6500 ns, At safepoint: 5810900 ns, Total: 6034000 ns
[2025-04-04T22:27:29.174-0400][193906.608s][debug][safepoint   ] Safepoint synchronization initiated using striped semaphore wait barrier. (245 threads)
[2025-04-04T22:27:29.174-0400][193906.608s][info ][gc,start    ] GC(800) Pause Young (Normal) (G1 Evacuation Pause)
[2025-04-04T22:27:29.174-0400][193906.608s][info ][gc,task     ] GC(800) Using 23 workers of 23 for evacuation
[2025-04-04T22:27:29.180-0400][193906.615s][info ][gc,phases   ] GC(800)   Pre Evacuate Collection Set: 0.6ms
[2025-04-04T22:27:29.180-0400][193906.615s][info ][gc,phases   ] GC(800)   Merge Heap Roots: 0.4ms
[2025-04-04T22:27:29.180-0400][193906.615s][info ][gc,phases   ] GC(800)   Evacuate Collection Set: 3.0ms
[2025-04-04T22:27:29.180-0400][193906.615s][info ][gc,phases   ] GC(800)   Post Evacuate Collection Set: 2.1ms
[2025-04-04T22:27:29.180-0400][193906.615s][info ][gc,phases   ] GC(800)   Other: 0.3ms
[2025-04-04T22:27:29.180-0400][193906.615s][info ][gc,heap     ] GC(800) Eden regions: 253->0(253)
[2025-04-04T22:27:29.180-0400][193906.615s][info ][gc,heap     ] GC(800) Survivor regions: 2->2(32)
[2025-04-04T22:27:29.180-0400][193906.615s][info ][gc,heap     ] GC(800) Old regions: 200->200
[2025-04-04T22:27:29.180-0400][193906.615s][info ][gc,heap     ] GC(800) Archive regions: 0->0
[2025-04-04T22:27:29.180-0400][193906.615s][info ][gc,heap     ] GC(800) Humongous regions: 2->2
[2025-04-04T22:27:29.180-0400][193906.615s][info ][gc,metaspace] GC(800) Metaspace: 199374K(201152K)->199374K(201152K) NonClass: 175626K(176512K)->175626K(176512K) Class: 23747K(24640K)->23747K(24640K)
[2025-04-04T22:27:29.180-0400][193906.615s][info ][gc          ] GC(800) Pause Young (Normal) (G1 Evacuation Pause) 455M->202M(512M) 6.537ms
[2025-04-04T22:27:29.180-0400][193906.615s][info ][gc,cpu      ] GC(800) User=0.00s Sys=0.00s Real=0.01s
[2025-04-04T22:27:29.180-0400][193906.615s][info ][safepoint   ] Safepoint "G1CollectForAllocation", Time since last: 213238639800 ns, Reaching safepoint: 137400 ns, Cleanup: 7400 ns, At safepoint: 6754300 ns, Total: 6899100 ns
[2025-04-04T22:31:00.540-0400][194117.975s][debug][safepoint   ] Safepoint synchronization initiated using striped semaphore wait barrier. (245 threads)
[2025-04-04T22:31:00.540-0400][194117.975s][info ][gc,start    ] GC(801) Pause Young (Normal) (G1 Evacuation Pause)
[2025-04-04T22:31:00.540-0400][194117.976s][info ][gc,task     ] GC(801) Using 23 workers of 23 for evacuation
[2025-04-04T22:31:00.547-0400][194117.983s][info ][gc,phases   ] GC(801)   Pre Evacuate Collection Set: 0.5ms
[2025-04-04T22:31:00.547-0400][194117.983s][info ][gc,phases   ] GC(801)   Merge Heap Roots: 0.4ms
[2025-04-04T22:31:00.547-0400][194117.983s][info ][gc,phases   ] GC(801)   Evacuate Collection Set: 3.5ms
[2025-04-04T22:31:00.547-0400][194117.983s][info ][gc,phases   ] GC(801)   Post Evacuate Collection Set: 2.5ms
[2025-04-04T22:31:00.547-0400][194117.983s][info ][gc,phases   ] GC(801)   Other: 0.3ms
[2025-04-04T22:31:00.547-0400][194117.983s][info ][gc,heap     ] GC(801) Eden regions: 253->0(253)
[2025-04-04T22:31:00.547-0400][194117.983s][info ][gc,heap     ] GC(801) Survivor regions: 2->2(32)
[2025-04-04T22:31:00.547-0400][194117.983s][info ][gc,heap     ] GC(801) Old regions: 200->200
[2025-04-04T22:31:00.547-0400][194117.983s][info ][gc,heap     ] GC(801) Archive regions: 0->0
[2025-04-04T22:31:00.547-0400][194117.983s][info ][gc,heap     ] GC(801) Humongous regions: 2->2
[2025-04-04T22:31:00.547-0400][194117.983s][info ][gc,metaspace] GC(801) Metaspace: 199374K(201152K)->199374K(201152K) NonClass: 175626K(176512K)->175626K(176512K) Class: 23747K(24640K)->23747K(24640K)
[2025-04-04T22:31:00.547-0400][194117.983s][info ][gc          ] GC(801) Pause Young (Normal) (G1 Evacuation Pause) 455M->202M(512M) 7.204ms
[2025-04-04T22:31:00.547-0400][194117.983s][info ][gc,cpu      ] GC(801) User=0.00s Sys=0.00s Real=0.01s
[2025-04-04T22:31:00.547-0400][194117.983s][info ][safepoint   ] Safepoint "G1CollectForAllocation", Time since last: 211360080000 ns, Reaching safepoint: 187600 ns, Cleanup: 35600 ns, At safepoint: 7335000 ns, Total: 7558200 ns
[2025-04-04T22:34:34.036-0400][194331.470s][debug][safepoint   ] Safepoint synchronization initiated using striped semaphore wait barrier. (245 threads)
[2025-04-04T22:34:34.036-0400][194331.471s][info ][gc,start    ] GC(802) Pause Young (Normal) (G1 Evacuation Pause)
[2025-04-04T22:34:34.036-0400][194331.471s][info ][gc,task     ] GC(802) Using 23 workers of 23 for evacuation
[2025-04-04T22:34:34.042-0400][194331.477s][info ][gc,phases   ] GC(802)   Pre Evacuate Collection Set: 0.3ms
[2025-04-04T22:34:34.042-0400][194331.477s][info ][gc,phases   ] GC(802)   Merge Heap Roots: 0.3ms
[2025-04-04T22:34:34.042-0400][194331.477s][info ][gc,phases   ] GC(802)   Evacuate Collection Set: 3.2ms
[2025-04-04T22:34:34.042-0400][194331.477s][info ][gc,phases   ] GC(802)   Post Evacuate Collection Set: 2.3ms
[2025-04-04T22:34:34.043-0400][194331.477s][info ][gc,phases   ] GC(802)   Other: 0.3ms
[2025-04-04T22:34:34.043-0400][194331.477s][info ][gc,heap     ] GC(802) Eden regions: 253->0(253)
[2025-04-04T22:34:34.043-0400][194331.477s][info ][gc,heap     ] GC(802) Survivor regions: 2->2(32)
[2025-04-04T22:34:34.043-0400][194331.477s][info ][gc,heap     ] GC(802) Old regions: 200->200
[2025-04-04T22:34:34.043-0400][194331.477s][info ][gc,heap     ] GC(802) Archive regions: 0->0
[2025-04-04T22:34:34.043-0400][194331.477s][info ][gc,heap     ] GC(802) Humongous regions: 2->2
[2025-04-04T22:34:34.043-0400][194331.477s][info ][gc,metaspace] GC(802) Metaspace: 199374K(201152K)->199374K(201152K) NonClass: 175626K(176512K)->175626K(176512K) Class: 23747K(24640K)->23747K(24640K)
[2025-04-04T22:34:34.043-0400][194331.477s][info ][gc          ] GC(802) Pause Young (Normal) (G1 Evacuation Pause) 455M->202M(512M) 6.674ms
[2025-04-04T22:34:34.043-0400][194331.477s][info ][gc,cpu      ] GC(802) User=0.00s Sys=0.00s Real=0.01s
[2025-04-04T22:34:34.043-0400][194331.477s][info ][safepoint   ] Safepoint "G1CollectForAllocation", Time since last: 213487585600 ns, Reaching safepoint: 130300 ns, Cleanup: 15800 ns, At safepoint: 6900600 ns, Total: 7046700 ns
[2025-04-04T22:38:06.018-0400][194543.453s][debug][safepoint   ] Safepoint synchronization initiated using striped semaphore wait barrier. (245 threads)
[2025-04-04T22:38:06.019-0400][194543.453s][info ][gc,start    ] GC(803) Pause Young (Normal) (G1 Evacuation Pause)
[2025-04-04T22:38:06.019-0400][194543.453s][info ][gc,task     ] GC(803) Using 23 workers of 23 for evacuation
[2025-04-04T22:38:06.026-0400][194543.460s][info ][gc,phases   ] GC(803)   Pre Evacuate Collection Set: 0.3ms
[2025-04-04T22:38:06.026-0400][194543.460s][info ][gc,phases   ] GC(803)   Merge Heap Roots: 0.2ms
[2025-04-04T22:38:06.026-0400][194543.461s][info ][gc,phases   ] GC(803)   Evacuate Collection Set: 3.1ms
[2025-04-04T22:38:06.026-0400][194543.461s][info ][gc,phases   ] GC(803)   Post Evacuate Collection Set: 2.4ms
[2025-04-04T22:38:06.026-0400][194543.461s][info ][gc,phases   ] GC(803)   Other: 1.1ms
[2025-04-04T22:38:06.026-0400][194543.461s][info ][gc,heap     ] GC(803) Eden regions: 253->0(253)
[2025-04-04T22:38:06.026-0400][194543.461s][info ][gc,heap     ] GC(803) Survivor regions: 2->2(32)
[2025-04-04T22:38:06.026-0400][194543.461s][info ][gc,heap     ] GC(803) Old regions: 200->200
[2025-04-04T22:38:06.026-0400][194543.461s][info ][gc,heap     ] GC(803) Archive regions: 0->0
[2025-04-04T22:38:06.026-0400][194543.461s][info ][gc,heap     ] GC(803) Humongous regions: 2->2
[2025-04-04T22:38:06.026-0400][194543.461s][info ][gc,metaspace] GC(803) Metaspace: 199385K(201152K)->199385K(201152K) NonClass: 175637K(176512K)->175637K(176512K) Class: 23747K(24640K)->23747K(24640K)
[2025-04-04T22:38:06.026-0400][194543.461s][info ][gc          ] GC(803) Pause Young (Normal) (G1 Evacuation Pause) 455M->202M(512M) 7.251ms
[2025-04-04T22:38:06.026-0400][194543.461s][info ][gc,cpu      ] GC(803) User=0.00s Sys=0.00s Real=0.01s
[2025-04-04T22:38:06.026-0400][194543.461s][info ][safepoint   ] Safepoint "G1CollectForAllocation", Time since last: 211975855400 ns, Reaching safepoint: 121200 ns, Cleanup: 8200 ns, At safepoint: 7411900 ns, Total: 7541300 ns
[2025-04-04T22:40:09.830-0400][194667.265s][debug][safepoint   ] Safepoint synchronization initiated using striped semaphore wait barrier. (245 threads)
[2025-04-04T22:40:09.830-0400][194667.265s][info ][safepoint   ] Safepoint "Cleanup", Time since last: 123804047500 ns, Reaching safepoint: 75700 ns, Cleanup: 16700 ns, At safepoint: 2900 ns, Total: 95300 ns
[2025-04-04T22:41:38.014-0400][194755.448s][debug][safepoint   ] Safepoint synchronization initiated using striped semaphore wait barrier. (245 threads)
[2025-04-04T22:41:38.014-0400][194755.449s][info ][gc,start    ] GC(804) Pause Young (Normal) (G1 Evacuation Pause)
[2025-04-04T22:41:38.014-0400][194755.449s][info ][gc,task     ] GC(804) Using 23 workers of 23 for evacuation
[2025-04-04T22:41:38.019-0400][194755.453s][info ][gc,phases   ] GC(804)   Pre Evacuate Collection Set: 0.2ms
[2025-04-04T22:41:38.019-0400][194755.453s][info ][gc,phases   ] GC(804)   Merge Heap Roots: 0.2ms
[2025-04-04T22:41:38.019-0400][194755.453s][info ][gc,phases   ] GC(804)   Evacuate Collection Set: 2.4ms
[2025-04-04T22:41:38.019-0400][194755.453s][info ][gc,phases   ] GC(804)   Post Evacuate Collection Set: 1.7ms
[2025-04-04T22:41:38.019-0400][194755.453s][info ][gc,phases   ] GC(804)   Other: 0.2ms
[2025-04-04T22:41:38.019-0400][194755.453s][info ][gc,heap     ] GC(804) Eden regions: 253->0(253)
[2025-04-04T22:41:38.019-0400][194755.453s][info ][gc,heap     ] GC(804) Survivor regions: 2->2(32)
[2025-04-04T22:41:38.019-0400][194755.453s][info ][gc,heap     ] GC(804) Old regions: 200->200
[2025-04-04T22:41:38.019-0400][194755.453s][info ][gc,heap     ] GC(804) Archive regions: 0->0
[2025-04-04T22:41:38.019-0400][194755.453s][info ][gc,heap     ] GC(804) Humongous regions: 2->2
[2025-04-04T22:41:38.019-0400][194755.453s][info ][gc,metaspace] GC(804) Metaspace: 199385K(201152K)->199385K(201152K) NonClass: 175637K(176512K)->175637K(176512K) Class: 23747K(24640K)->23747K(24640K)
[2025-04-04T22:41:38.019-0400][194755.453s][info ][gc          ] GC(804) Pause Young (Normal) (G1 Evacuation Pause) 455M->202M(512M) 4.864ms
[2025-04-04T22:41:38.019-0400][194755.453s][info ][gc,cpu      ] GC(804) User=0.00s Sys=0.00s Real=0.01s
[2025-04-04T22:41:38.019-0400][194755.453s][info ][safepoint   ] Safepoint "G1CollectForAllocation", Time since last: 88183443700 ns, Reaching safepoint: 94800 ns, Cleanup: 4100 ns, At safepoint: 5022800 ns, Total: 5121700 ns
[2025-04-04T22:45:11.117-0400][194968.552s][debug][safepoint   ] Safepoint synchronization initiated using striped semaphore wait barrier. (245 threads)
[2025-04-04T22:45:11.117-0400][194968.552s][info ][gc,start    ] GC(805) Pause Young (Normal) (G1 Evacuation Pause)
[2025-04-04T22:45:11.117-0400][194968.552s][info ][gc,task     ] GC(805) Using 23 workers of 23 for evacuation
[2025-04-04T22:45:11.124-0400][194968.559s][info ][gc,phases   ] GC(805)   Pre Evacuate Collection Set: 0.3ms
[2025-04-04T22:45:11.124-0400][194968.559s][info ][gc,phases   ] GC(805)   Merge Heap Roots: 0.5ms
[2025-04-04T22:45:11.124-0400][194968.559s][info ][gc,phases   ] GC(805)   Evacuate Collection Set: 4.1ms
[2025-04-04T22:45:11.124-0400][194968.559s][info ][gc,phases   ] GC(805)   Post Evacuate Collection Set: 1.5ms
[2025-04-04T22:45:11.124-0400][194968.559s][info ][gc,phases   ] GC(805)   Other: 0.2ms
[2025-04-04T22:45:11.124-0400][194968.559s][info ][gc,heap     ] GC(805) Eden regions: 253->0(253)
[2025-04-04T22:45:11.124-0400][194968.559s][info ][gc,heap     ] GC(805) Survivor regions: 2->2(32)
[2025-04-04T22:45:11.124-0400][194968.559s][info ][gc,heap     ] GC(805) Old regions: 200->200
[2025-04-04T22:45:11.124-0400][194968.559s][info ][gc,heap     ] GC(805) Archive regions: 0->0
[2025-04-04T22:45:11.124-0400][194968.559s][info ][gc,heap     ] GC(805) Humongous regions: 2->2
[2025-04-04T22:45:11.124-0400][194968.559s][info ][gc,metaspace] GC(805) Metaspace: 199385K(201152K)->199385K(201152K) NonClass: 175637K(176512K)->175637K(176512K) Class: 23747K(24640K)->23747K(24640K)
[2025-04-04T22:45:11.124-0400][194968.559s][info ][gc          ] GC(805) Pause Young (Normal) (G1 Evacuation Pause) 455M->202M(512M) 6.628ms
[2025-04-04T22:45:11.124-0400][194968.559s][info ][gc,cpu      ] GC(805) User=0.00s Sys=0.00s Real=0.01s
[2025-04-04T22:45:11.124-0400][194968.559s][info ][safepoint   ] Safepoint "G1CollectForAllocation", Time since last: 213098453200 ns, Reaching safepoint: 159000 ns, Cleanup: 6400 ns, At safepoint: 6743300 ns, Total: 6908700 ns
[2025-04-04T22:48:41.819-0400][195179.254s][debug][safepoint   ] Safepoint synchronization initiated using striped semaphore wait barrier. (247 threads)
[2025-04-04T22:48:41.819-0400][195179.254s][info ][gc,start    ] GC(806) Pause Young (Normal) (G1 Evacuation Pause)
[2025-04-04T22:48:41.819-0400][195179.254s][info ][gc,task     ] GC(806) Using 23 workers of 23 for evacuation
[2025-04-04T22:48:41.828-0400][195179.263s][info ][gc,phases   ] GC(806)   Pre Evacuate Collection Set: 0.4ms
[2025-04-04T22:48:41.828-0400][195179.263s][info ][gc,phases   ] GC(806)   Merge Heap Roots: 0.3ms
[2025-04-04T22:48:41.828-0400][195179.263s][info ][gc,phases   ] GC(806)   Evacuate Collection Set: 5.4ms
[2025-04-04T22:48:41.828-0400][195179.263s][info ][gc,phases   ] GC(806)   Post Evacuate Collection Set: 2.2ms
[2025-04-04T22:48:41.828-0400][195179.263s][info ][gc,phases   ] GC(806)   Other: 0.3ms
[2025-04-04T22:48:41.828-0400][195179.263s][info ][gc,heap     ] GC(806) Eden regions: 253->0(253)
[2025-04-04T22:48:41.828-0400][195179.263s][info ][gc,heap     ] GC(806) Survivor regions: 2->2(32)
[2025-04-04T22:48:41.828-0400][195179.263s][info ][gc,heap     ] GC(806) Old regions: 200->200
[2025-04-04T22:48:41.828-0400][195179.263s][info ][gc,heap     ] GC(806) Archive regions: 0->0
[2025-04-04T22:48:41.828-0400][195179.263s][info ][gc,heap     ] GC(806) Humongous regions: 2->2
[2025-04-04T22:48:41.828-0400][195179.263s][info ][gc,metaspace] GC(806) Metaspace: 199385K(201152K)->199385K(201152K) NonClass: 175637K(176512K)->175637K(176512K) Class: 23747K(24640K)->23747K(24640K)
[2025-04-04T22:48:41.828-0400][195179.263s][info ][gc          ] GC(806) Pause Young (Normal) (G1 Evacuation Pause) 455M->202M(512M) 8.774ms
[2025-04-04T22:48:41.828-0400][195179.263s][info ][gc,cpu      ] GC(806) User=0.00s Sys=0.00s Real=0.01s
[2025-04-04T22:48:41.828-0400][195179.263s][info ][safepoint   ] Safepoint "G1CollectForAllocation", Time since last: 210695165200 ns, Reaching safepoint: 152400 ns, Cleanup: 6000 ns, At safepoint: 9021400 ns, Total: 9179800 ns
[2025-04-04T22:52:11.529-0400][195388.963s][debug][safepoint   ] Safepoint synchronization initiated using striped semaphore wait barrier. (245 threads)
[2025-04-04T22:52:11.529-0400][195388.964s][info ][gc,start    ] GC(807) Pause Young (Normal) (G1 Evacuation Pause)
[2025-04-04T22:52:11.529-0400][195388.964s][info ][gc,task     ] GC(807) Using 23 workers of 23 for evacuation
[2025-04-04T22:52:11.538-0400][195388.972s][info ][gc,phases   ] GC(807)   Pre Evacuate Collection Set: 0.5ms
[2025-04-04T22:52:11.538-0400][195388.972s][info ][gc,phases   ] GC(807)   Merge Heap Roots: 0.3ms
[2025-04-04T22:52:11.538-0400][195388.972s][info ][gc,phases   ] GC(807)   Evacuate Collection Set: 4.9ms
[2025-04-04T22:52:11.538-0400][195388.972s][info ][gc,phases   ] GC(807)   Post Evacuate Collection Set: 2.6ms
[2025-04-04T22:52:11.538-0400][195388.972s][info ][gc,phases   ] GC(807)   Other: 0.3ms
[2025-04-04T22:52:11.538-0400][195388.972s][info ][gc,heap     ] GC(807) Eden regions: 253->0(253)
[2025-04-04T22:52:11.538-0400][195388.972s][info ][gc,heap     ] GC(807) Survivor regions: 2->2(32)
[2025-04-04T22:52:11.538-0400][195388.972s][info ][gc,heap     ] GC(807) Old regions: 200->200
[2025-04-04T22:52:11.538-0400][195388.972s][info ][gc,heap     ] GC(807) Archive regions: 0->0
[2025-04-04T22:52:11.538-0400][195388.972s][info ][gc,heap     ] GC(807) Humongous regions: 2->2
[2025-04-04T22:52:11.538-0400][195388.972s][info ][gc,metaspace] GC(807) Metaspace: 199385K(201152K)->199385K(201152K) NonClass: 175637K(176512K)->175637K(176512K) Class: 23747K(24640K)->23747K(24640K)
[2025-04-04T22:52:11.538-0400][195388.972s][info ][gc          ] GC(807) Pause Young (Normal) (G1 Evacuation Pause) 455M->202M(512M) 8.777ms
[2025-04-04T22:52:11.538-0400][195388.973s][info ][gc,cpu      ] GC(807) User=0.03s Sys=0.00s Real=0.01s
[2025-04-04T22:52:11.538-0400][195388.973s][info ][safepoint   ] Safepoint "G1CollectForAllocation", Time since last: 209700253100 ns, Reaching safepoint: 165600 ns, Cleanup: 10300 ns, At safepoint: 9005800 ns, Total: 9181700 ns
[2025-04-04T22:55:43.113-0400][195600.548s][debug][safepoint   ] Safepoint synchronization initiated using striped semaphore wait barrier. (245 threads)
[2025-04-04T22:55:43.113-0400][195600.549s][info ][gc,start    ] GC(808) Pause Young (Normal) (G1 Evacuation Pause)
[2025-04-04T22:55:43.113-0400][195600.549s][info ][gc,task     ] GC(808) Using 23 workers of 23 for evacuation
[2025-04-04T22:55:43.120-0400][195600.556s][info ][gc,phases   ] GC(808)   Pre Evacuate Collection Set: 0.5ms
[2025-04-04T22:55:43.120-0400][195600.556s][info ][gc,phases   ] GC(808)   Merge Heap Roots: 0.4ms
[2025-04-04T22:55:43.120-0400][195600.556s][info ][gc,phases   ] GC(808)   Evacuate Collection Set: 4.0ms
[2025-04-04T22:55:43.120-0400][195600.556s][info ][gc,phases   ] GC(808)   Post Evacuate Collection Set: 2.0ms
[2025-04-04T22:55:43.120-0400][195600.556s][info ][gc,phases   ] GC(808)   Other: 0.3ms
[2025-04-04T22:55:43.120-0400][195600.556s][info ][gc,heap     ] GC(808) Eden regions: 253->0(253)
[2025-04-04T22:55:43.120-0400][195600.556s][info ][gc,heap     ] GC(808) Survivor regions: 2->2(32)
[2025-04-04T22:55:43.120-0400][195600.556s][info ][gc,heap     ] GC(808) Old regions: 200->200
[2025-04-04T22:55:43.120-0400][195600.556s][info ][gc,heap     ] GC(808) Archive regions: 0->0
[2025-04-04T22:55:43.120-0400][195600.556s][info ][gc,heap     ] GC(808) Humongous regions: 2->2
[2025-04-04T22:55:43.120-0400][195600.556s][info ][gc,metaspace] GC(808) Metaspace: 199385K(201152K)->199385K(201152K) NonClass: 175637K(176512K)->175637K(176512K) Class: 23747K(24640K)->23747K(24640K)
[2025-04-04T22:55:43.120-0400][195600.556s][info ][gc          ] GC(808) Pause Young (Normal) (G1 Evacuation Pause) 455M->202M(512M) 7.342ms
[2025-04-04T22:55:43.122-0400][195600.556s][info ][gc,cpu      ] GC(808) User=0.00s Sys=0.00s Real=0.01s
[2025-04-04T22:55:43.122-0400][195600.556s][info ][safepoint   ] Safepoint "G1CollectForAllocation", Time since last: 211575693200 ns, Reaching safepoint: 291300 ns, Cleanup: 7600 ns, At safepoint: 7572600 ns, Total: 7871500 ns
[2025-04-04T22:59:16.345-0400][195813.780s][debug][safepoint   ] Safepoint synchronization initiated using striped semaphore wait barrier. (246 threads)
[2025-04-04T22:59:16.345-0400][195813.780s][info ][gc,start    ] GC(809) Pause Young (Normal) (G1 Evacuation Pause)
[2025-04-04T22:59:16.345-0400][195813.780s][info ][gc,task     ] GC(809) Using 23 workers of 23 for evacuation
[2025-04-04T22:59:16.352-0400][195813.787s][info ][gc,phases   ] GC(809)   Pre Evacuate Collection Set: 0.4ms
[2025-04-04T22:59:16.352-0400][195813.787s][info ][gc,phases   ] GC(809)   Merge Heap Roots: 0.5ms
[2025-04-04T22:59:16.352-0400][195813.787s][info ][gc,phases   ] GC(809)   Evacuate Collection Set: 4.8ms
[2025-04-04T22:59:16.352-0400][195813.787s][info ][gc,phases   ] GC(809)   Post Evacuate Collection Set: 1.7ms
[2025-04-04T22:59:16.353-0400][195813.787s][info ][gc,phases   ] GC(809)   Other: 0.2ms
[2025-04-04T22:59:16.353-0400][195813.787s][info ][gc,heap     ] GC(809) Eden regions: 253->0(253)
[2025-04-04T22:59:16.353-0400][195813.787s][info ][gc,heap     ] GC(809) Survivor regions: 2->2(32)
[2025-04-04T22:59:16.353-0400][195813.787s][info ][gc,heap     ] GC(809) Old regions: 200->200
[2025-04-04T22:59:16.353-0400][195813.788s][info ][gc,heap     ] GC(809) Archive regions: 0->0
[2025-04-04T22:59:16.353-0400][195813.788s][info ][gc,heap     ] GC(809) Humongous regions: 2->2
[2025-04-04T22:59:16.353-0400][195813.788s][info ][gc,metaspace] GC(809) Metaspace: 199385K(201152K)->199385K(201152K) NonClass: 175637K(176512K)->175637K(176512K) Class: 23747K(24640K)->23747K(24640K)
[2025-04-04T22:59:16.353-0400][195813.788s][info ][gc          ] GC(809) Pause Young (Normal) (G1 Evacuation Pause) 455M->202M(512M) 7.611ms
[2025-04-04T22:59:16.353-0400][195813.788s][info ][gc,cpu      ] GC(809) User=0.02s Sys=0.00s Real=0.01s
[2025-04-04T22:59:16.353-0400][195813.788s][info ][safepoint   ] Safepoint "G1CollectForAllocation", Time since last: 213223518300 ns, Reaching safepoint: 135500 ns, Cleanup: 5500 ns, At safepoint: 7741600 ns, Total: 7882600 ns
[2025-04-04T22:59:29.358-0400][195826.792s][debug][safepoint   ] Safepoint synchronization initiated using striped semaphore wait barrier. (246 threads)
[2025-04-04T22:59:29.358-0400][195826.792s][info ][safepoint   ] Safepoint "Cleanup", Time since last: 13004646000 ns, Reaching safepoint: 105500 ns, Cleanup: 24100 ns, At safepoint: 5000 ns, Total: 134600 ns
[2025-04-04T23:02:47.757-0400][196025.192s][debug][safepoint   ] Safepoint synchronization initiated using striped semaphore wait barrier. (246 threads)
[2025-04-04T23:02:47.757-0400][196025.192s][info ][gc,start    ] GC(810) Pause Young (Normal) (G1 Evacuation Pause)
[2025-04-04T23:02:47.757-0400][196025.192s][info ][gc,task     ] GC(810) Using 23 workers of 23 for evacuation
[2025-04-04T23:02:47.762-0400][196025.196s][info ][gc,phases   ] GC(810)   Pre Evacuate Collection Set: 0.3ms
[2025-04-04T23:02:47.762-0400][196025.197s][info ][gc,phases   ] GC(810)   Merge Heap Roots: 0.2ms
[2025-04-04T23:02:47.762-0400][196025.197s][info ][gc,phases   ] GC(810)   Evacuate Collection Set: 2.2ms
[2025-04-04T23:02:47.762-0400][196025.197s][info ][gc,phases   ] GC(810)   Post Evacuate Collection Set: 1.8ms
[2025-04-04T23:02:47.762-0400][196025.197s][info ][gc,phases   ] GC(810)   Other: 0.2ms
[2025-04-04T23:02:47.762-0400][196025.197s][info ][gc,heap     ] GC(810) Eden regions: 253->0(253)
[2025-04-04T23:02:47.762-0400][196025.197s][info ][gc,heap     ] GC(810) Survivor regions: 2->2(32)
[2025-04-04T23:02:47.762-0400][196025.197s][info ][gc,heap     ] GC(810) Old regions: 200->200
[2025-04-04T23:02:47.762-0400][196025.197s][info ][gc,heap     ] GC(810) Archive regions: 0->0
[2025-04-04T23:02:47.762-0400][196025.197s][info ][gc,heap     ] GC(810) Humongous regions: 2->2
[2025-04-04T23:02:47.762-0400][196025.197s][info ][gc,metaspace] GC(810) Metaspace: 199385K(201152K)->199385K(201152K) NonClass: 175637K(176512K)->175637K(176512K) Class: 23747K(24640K)->23747K(24640K)
[2025-04-04T23:02:47.762-0400][196025.197s][info ][gc          ] GC(810) Pause Young (Normal) (G1 Evacuation Pause) 455M->202M(512M) 4.859ms
[2025-04-04T23:02:47.762-0400][196025.197s][info ][gc,cpu      ] GC(810) User=0.00s Sys=0.00s Real=0.01s
[2025-04-04T23:02:47.762-0400][196025.197s][info ][safepoint   ] Safepoint "G1CollectForAllocation", Time since last: 198399304200 ns, Reaching safepoint: 99900 ns, Cleanup: 6300 ns, At safepoint: 5027900 ns, Total: 5134100 ns
[2025-04-04T23:06:21.333-0400][196238.768s][debug][safepoint   ] Safepoint synchronization initiated using striped semaphore wait barrier. (246 threads)
[2025-04-04T23:06:21.333-0400][196238.768s][info ][gc,start    ] GC(811) Pause Young (Normal) (G1 Evacuation Pause)
[2025-04-04T23:06:21.333-0400][196238.768s][info ][gc,task     ] GC(811) Using 23 workers of 23 for evacuation
[2025-04-04T23:06:21.340-0400][196238.776s][info ][gc,phases   ] GC(811)   Pre Evacuate Collection Set: 0.4ms
[2025-04-04T23:06:21.340-0400][196238.776s][info ][gc,phases   ] GC(811)   Merge Heap Roots: 0.3ms
[2025-04-04T23:06:21.340-0400][196238.776s][info ][gc,phases   ] GC(811)   Evacuate Collection Set: 4.1ms
[2025-04-04T23:06:21.340-0400][196238.776s][info ][gc,phases   ] GC(811)   Post Evacuate Collection Set: 2.3ms
[2025-04-04T23:06:21.341-0400][196238.776s][info ][gc,phases   ] GC(811)   Other: 0.3ms
[2025-04-04T23:06:21.341-0400][196238.776s][info ][gc,heap     ] GC(811) Eden regions: 253->0(253)
[2025-04-04T23:06:21.341-0400][196238.776s][info ][gc,heap     ] GC(811) Survivor regions: 2->2(32)
[2025-04-04T23:06:21.341-0400][196238.776s][info ][gc,heap     ] GC(811) Old regions: 200->200
[2025-04-04T23:06:21.341-0400][196238.776s][info ][gc,heap     ] GC(811) Archive regions: 0->0
[2025-04-04T23:06:21.341-0400][196238.776s][info ][gc,heap     ] GC(811) Humongous regions: 2->2
[2025-04-04T23:06:21.341-0400][196238.776s][info ][gc,metaspace] GC(811) Metaspace: 199385K(201152K)->199385K(201152K) NonClass: 175637K(176512K)->175637K(176512K) Class: 23747K(24640K)->23747K(24640K)
[2025-04-04T23:06:21.341-0400][196238.776s][info ][gc          ] GC(811) Pause Young (Normal) (G1 Evacuation Pause) 455M->202M(512M) 7.774ms
[2025-04-04T23:06:21.341-0400][196238.776s][info ][gc,cpu      ] GC(811) User=0.00s Sys=0.00s Real=0.01s
[2025-04-04T23:06:21.341-0400][196238.776s][info ][safepoint   ] Safepoint "G1CollectForAllocation", Time since last: 213571127200 ns, Reaching safepoint: 153200 ns, Cleanup: 31700 ns, At safepoint: 8012700 ns, Total: 8197600 ns
[2025-04-04T23:09:52.925-0400][196450.360s][debug][safepoint   ] Safepoint synchronization initiated using striped semaphore wait barrier. (246 threads)
[2025-04-04T23:09:52.925-0400][196450.360s][info ][gc,start    ] GC(812) Pause Young (Normal) (G1 Evacuation Pause)
[2025-04-04T23:09:52.925-0400][196450.360s][info ][gc,task     ] GC(812) Using 23 workers of 23 for evacuation
[2025-04-04T23:09:52.932-0400][196450.366s][info ][gc,phases   ] GC(812)   Pre Evacuate Collection Set: 0.4ms
[2025-04-04T23:09:52.932-0400][196450.367s][info ][gc,phases   ] GC(812)   Merge Heap Roots: 0.3ms
[2025-04-04T23:09:52.932-0400][196450.367s][info ][gc,phases   ] GC(812)   Evacuate Collection Set: 4.1ms
[2025-04-04T23:09:52.932-0400][196450.367s][info ][gc,phases   ] GC(812)   Post Evacuate Collection Set: 1.8ms
[2025-04-04T23:09:52.932-0400][196450.367s][info ][gc,phases   ] GC(812)   Other: 0.2ms
[2025-04-04T23:09:52.932-0400][196450.367s][info ][gc,heap     ] GC(812) Eden regions: 253->0(253)
[2025-04-04T23:09:52.932-0400][196450.367s][info ][gc,heap     ] GC(812) Survivor regions: 2->2(32)
[2025-04-04T23:09:52.932-0400][196450.367s][info ][gc,heap     ] GC(812) Old regions: 200->200
[2025-04-04T23:09:52.932-0400][196450.367s][info ][gc,heap     ] GC(812) Archive regions: 0->0
[2025-04-04T23:09:52.932-0400][196450.367s][info ][gc,heap     ] GC(812) Humongous regions: 2->2
[2025-04-04T23:09:52.932-0400][196450.367s][info ][gc,metaspace] GC(812) Metaspace: 199385K(201152K)->199385K(201152K) NonClass: 175637K(176512K)->175637K(176512K) Class: 23747K(24640K)->23747K(24640K)
[2025-04-04T23:09:52.932-0400][196450.367s][info ][gc          ] GC(812) Pause Young (Normal) (G1 Evacuation Pause) 455M->202M(512M) 6.939ms
[2025-04-04T23:09:52.932-0400][196450.367s][info ][gc,cpu      ] GC(812) User=0.00s Sys=0.00s Real=0.01s
[2025-04-04T23:09:52.932-0400][196450.367s][info ][safepoint   ] Safepoint "G1CollectForAllocation", Time since last: 211583425200 ns, Reaching safepoint: 131000 ns, Cleanup: 20200 ns, At safepoint: 7109600 ns, Total: 7260800 ns
[2025-04-04T23:13:26.023-0400][196663.458s][debug][safepoint   ] Safepoint synchronization initiated using striped semaphore wait barrier. (246 threads)
[2025-04-04T23:13:26.023-0400][196663.458s][info ][gc,start    ] GC(813) Pause Young (Normal) (G1 Evacuation Pause)
[2025-04-04T23:13:26.023-0400][196663.458s][info ][gc,task     ] GC(813) Using 23 workers of 23 for evacuation
[2025-04-04T23:13:26.032-0400][196663.467s][info ][gc,phases   ] GC(813)   Pre Evacuate Collection Set: 0.3ms
[2025-04-04T23:13:26.032-0400][196663.467s][info ][gc,phases   ] GC(813)   Merge Heap Roots: 0.5ms
[2025-04-04T23:13:26.032-0400][196663.467s][info ][gc,phases   ] GC(813)   Evacuate Collection Set: 5.2ms
[2025-04-04T23:13:26.032-0400][196663.467s][info ][gc,phases   ] GC(813)   Post Evacuate Collection Set: 2.5ms
[2025-04-04T23:13:26.032-0400][196663.467s][info ][gc,phases   ] GC(813)   Other: 0.3ms
[2025-04-04T23:13:26.032-0400][196663.467s][info ][gc,heap     ] GC(813) Eden regions: 253->0(253)
[2025-04-04T23:13:26.032-0400][196663.467s][info ][gc,heap     ] GC(813) Survivor regions: 2->2(32)
[2025-04-04T23:13:26.032-0400][196663.467s][info ][gc,heap     ] GC(813) Old regions: 200->200
[2025-04-04T23:13:26.032-0400][196663.467s][info ][gc,heap     ] GC(813) Archive regions: 0->0
[2025-04-04T23:13:26.032-0400][196663.467s][info ][gc,heap     ] GC(813) Humongous regions: 2->2
[2025-04-04T23:13:26.032-0400][196663.467s][info ][gc,metaspace] GC(813) Metaspace: 199385K(201152K)->199385K(201152K) NonClass: 175637K(176512K)->175637K(176512K) Class: 23747K(24640K)->23747K(24640K)
[2025-04-04T23:13:26.032-0400][196663.467s][info ][gc          ] GC(813) Pause Young (Normal) (G1 Evacuation Pause) 455M->202M(512M) 8.912ms
[2025-04-04T23:13:26.032-0400][196663.467s][info ][gc,cpu      ] GC(813) User=0.00s Sys=0.00s Real=0.01s
[2025-04-04T23:13:26.032-0400][196663.467s][info ][safepoint   ] Safepoint "G1CollectForAllocation", Time since last: 213090989200 ns, Reaching safepoint: 124700 ns, Cleanup: 6400 ns, At safepoint: 9089400 ns, Total: 9220500 ns
[2025-04-04T23:16:57.313-0400][196874.747s][debug][safepoint   ] Safepoint synchronization initiated using striped semaphore wait barrier. (248 threads)
[2025-04-04T23:16:57.313-0400][196874.748s][info ][gc,start    ] GC(814) Pause Young (Normal) (G1 Evacuation Pause)
[2025-04-04T23:16:57.313-0400][196874.748s][info ][gc,task     ] GC(814) Using 23 workers of 23 for evacuation
[2025-04-04T23:16:57.320-0400][196874.755s][info ][gc,phases   ] GC(814)   Pre Evacuate Collection Set: 0.3ms
[2025-04-04T23:16:57.320-0400][196874.755s][info ][gc,phases   ] GC(814)   Merge Heap Roots: 0.3ms
[2025-04-04T23:16:57.320-0400][196874.755s][info ][gc,phases   ] GC(814)   Evacuate Collection Set: 4.3ms
[2025-04-04T23:16:57.320-0400][196874.755s][info ][gc,phases   ] GC(814)   Post Evacuate Collection Set: 2.3ms
[2025-04-04T23:16:57.320-0400][196874.755s][info ][gc,phases   ] GC(814)   Other: 0.3ms
[2025-04-04T23:16:57.320-0400][196874.755s][info ][gc,heap     ] GC(814) Eden regions: 253->0(253)
[2025-04-04T23:16:57.321-0400][196874.755s][info ][gc,heap     ] GC(814) Survivor regions: 2->2(32)
[2025-04-04T23:16:57.321-0400][196874.755s][info ][gc,heap     ] GC(814) Old regions: 200->200
[2025-04-04T23:16:57.321-0400][196874.755s][info ][gc,heap     ] GC(814) Archive regions: 0->0
[2025-04-04T23:16:57.321-0400][196874.755s][info ][gc,heap     ] GC(814) Humongous regions: 2->2
[2025-04-04T23:16:57.321-0400][196874.755s][info ][gc,metaspace] GC(814) Metaspace: 199385K(201152K)->199385K(201152K) NonClass: 175637K(176512K)->175637K(176512K) Class: 23747K(24640K)->23747K(24640K)
[2025-04-04T23:16:57.321-0400][196874.755s][info ][gc          ] GC(814) Pause Young (Normal) (G1 Evacuation Pause) 455M->202M(512M) 7.735ms
[2025-04-04T23:16:57.321-0400][196874.755s][info ][gc,cpu      ] GC(814) User=0.03s Sys=0.00s Real=0.01s
[2025-04-04T23:16:57.321-0400][196874.755s][info ][safepoint   ] Safepoint "G1CollectForAllocation", Time since last: 211280367900 ns, Reaching safepoint: 136100 ns, Cleanup: 6100 ns, At safepoint: 7941200 ns, Total: 8083400 ns
[2025-04-04T23:20:27.204-0400][197084.638s][debug][safepoint   ] Safepoint synchronization initiated using striped semaphore wait barrier. (245 threads)
[2025-04-04T23:20:27.204-0400][197084.638s][info ][gc,start    ] GC(815) Pause Young (Normal) (G1 Evacuation Pause)
[2025-04-04T23:20:27.204-0400][197084.639s][info ][gc,task     ] GC(815) Using 23 workers of 23 for evacuation
[2025-04-04T23:20:27.211-0400][197084.646s][info ][gc,phases   ] GC(815)   Pre Evacuate Collection Set: 0.3ms
[2025-04-04T23:20:27.211-0400][197084.646s][info ][gc,phases   ] GC(815)   Merge Heap Roots: 0.3ms
[2025-04-04T23:20:27.211-0400][197084.646s][info ][gc,phases   ] GC(815)   Evacuate Collection Set: 4.5ms
[2025-04-04T23:20:27.211-0400][197084.646s][info ][gc,phases   ] GC(815)   Post Evacuate Collection Set: 2.2ms
[2025-04-04T23:20:27.211-0400][197084.646s][info ][gc,phases   ] GC(815)   Other: 0.2ms
[2025-04-04T23:20:27.211-0400][197084.646s][info ][gc,heap     ] GC(815) Eden regions: 253->0(253)
[2025-04-04T23:20:27.211-0400][197084.646s][info ][gc,heap     ] GC(815) Survivor regions: 2->2(32)
[2025-04-04T23:20:27.211-0400][197084.646s][info ][gc,heap     ] GC(815) Old regions: 200->200
[2025-04-04T23:20:27.211-0400][197084.646s][info ][gc,heap     ] GC(815) Archive regions: 0->0
[2025-04-04T23:20:27.211-0400][197084.646s][info ][gc,heap     ] GC(815) Humongous regions: 2->2
[2025-04-04T23:20:27.211-0400][197084.646s][info ][gc,metaspace] GC(815) Metaspace: 199385K(201152K)->199385K(201152K) NonClass: 175637K(176512K)->175637K(176512K) Class: 23747K(24640K)->23747K(24640K)
[2025-04-04T23:20:27.212-0400][197084.646s][info ][gc          ] GC(815) Pause Young (Normal) (G1 Evacuation Pause) 455M->202M(512M) 7.585ms
[2025-04-04T23:20:27.212-0400][197084.646s][info ][gc,cpu      ] GC(815) User=0.02s Sys=0.00s Real=0.01s
[2025-04-04T23:20:27.212-0400][197084.646s][info ][safepoint   ] Safepoint "G1CollectForAllocation", Time since last: 209882850400 ns, Reaching safepoint: 105900 ns, Cleanup: 4100 ns, At safepoint: 7726500 ns, Total: 7836500 ns
[2025-04-04T23:23:58.262-0400][197295.697s][debug][safepoint   ] Safepoint synchronization initiated using striped semaphore wait barrier. (245 threads)
[2025-04-04T23:23:58.262-0400][197295.697s][info ][gc,start    ] GC(816) Pause Young (Normal) (G1 Evacuation Pause)
[2025-04-04T23:23:58.262-0400][197295.697s][info ][gc,task     ] GC(816) Using 23 workers of 23 for evacuation
[2025-04-04T23:23:58.270-0400][197295.706s][info ][gc,phases   ] GC(816)   Pre Evacuate Collection Set: 0.4ms
[2025-04-04T23:23:58.270-0400][197295.706s][info ][gc,phases   ] GC(816)   Merge Heap Roots: 0.4ms
[2025-04-04T23:23:58.271-0400][197295.706s][info ][gc,phases   ] GC(816)   Evacuate Collection Set: 4.9ms
[2025-04-04T23:23:58.271-0400][197295.706s][info ][gc,phases   ] GC(816)   Post Evacuate Collection Set: 2.4ms
[2025-04-04T23:23:58.271-0400][197295.706s][info ][gc,phases   ] GC(816)   Other: 0.3ms
[2025-04-04T23:23:58.271-0400][197295.706s][info ][gc,heap     ] GC(816) Eden regions: 253->0(253)
[2025-04-04T23:23:58.271-0400][197295.706s][info ][gc,heap     ] GC(816) Survivor regions: 2->2(32)
[2025-04-04T23:23:58.271-0400][197295.706s][info ][gc,heap     ] GC(816) Old regions: 200->200
[2025-04-04T23:23:58.271-0400][197295.706s][info ][gc,heap     ] GC(816) Archive regions: 0->0
[2025-04-04T23:23:58.271-0400][197295.706s][info ][gc,heap     ] GC(816) Humongous regions: 2->2
[2025-04-04T23:23:58.271-0400][197295.706s][info ][gc,metaspace] GC(816) Metaspace: 199385K(201152K)->199385K(201152K) NonClass: 175637K(176512K)->175637K(176512K) Class: 23747K(24640K)->23747K(24640K)
[2025-04-04T23:23:58.271-0400][197295.706s][info ][gc          ] GC(816) Pause Young (Normal) (G1 Evacuation Pause) 455M->202M(512M) 8.663ms
[2025-04-04T23:23:58.271-0400][197295.706s][info ][gc,cpu      ] GC(816) User=0.05s Sys=0.00s Real=0.01s
[2025-04-04T23:23:58.271-0400][197295.706s][info ][safepoint   ] Safepoint "G1CollectForAllocation", Time since last: 211050757000 ns, Reaching safepoint: 333100 ns, Cleanup: 9200 ns, At safepoint: 8895900 ns, Total: 9238200 ns
[2025-04-04T23:27:31.624-0400][197509.059s][debug][safepoint   ] Safepoint synchronization initiated using striped semaphore wait barrier. (245 threads)
[2025-04-04T23:27:31.624-0400][197509.059s][info ][gc,start    ] GC(817) Pause Young (Normal) (G1 Evacuation Pause)
[2025-04-04T23:27:31.624-0400][197509.059s][info ][gc,task     ] GC(817) Using 23 workers of 23 for evacuation
[2025-04-04T23:27:31.631-0400][197509.066s][info ][gc,phases   ] GC(817)   Pre Evacuate Collection Set: 0.6ms
[2025-04-04T23:27:31.631-0400][197509.066s][info ][gc,phases   ] GC(817)   Merge Heap Roots: 0.3ms
[2025-04-04T23:27:31.631-0400][197509.066s][info ][gc,phases   ] GC(817)   Evacuate Collection Set: 3.7ms
[2025-04-04T23:27:31.631-0400][197509.066s][info ][gc,phases   ] GC(817)   Post Evacuate Collection Set: 2.0ms
[2025-04-04T23:27:31.631-0400][197509.066s][info ][gc,phases   ] GC(817)   Other: 0.4ms
[2025-04-04T23:27:31.631-0400][197509.066s][info ][gc,heap     ] GC(817) Eden regions: 253->0(253)
[2025-04-04T23:27:31.631-0400][197509.066s][info ][gc,heap     ] GC(817) Survivor regions: 2->2(32)
[2025-04-04T23:27:31.631-0400][197509.066s][info ][gc,heap     ] GC(817) Old regions: 200->200
[2025-04-04T23:27:31.631-0400][197509.066s][info ][gc,heap     ] GC(817) Archive regions: 0->0
[2025-04-04T23:27:31.631-0400][197509.066s][info ][gc,heap     ] GC(817) Humongous regions: 2->2
[2025-04-04T23:27:31.631-0400][197509.066s][info ][gc,metaspace] GC(817) Metaspace: 199385K(201152K)->199385K(201152K) NonClass: 175637K(176512K)->175637K(176512K) Class: 23747K(24640K)->23747K(24640K)
[2025-04-04T23:27:31.631-0400][197509.066s][info ][gc          ] GC(817) Pause Young (Normal) (G1 Evacuation Pause) 455M->202M(512M) 7.225ms
[2025-04-04T23:27:31.631-0400][197509.066s][info ][gc,cpu      ] GC(817) User=0.02s Sys=0.00s Real=0.01s
[2025-04-04T23:27:31.631-0400][197509.067s][info ][safepoint   ] Safepoint "G1CollectForAllocation", Time since last: 213352805000 ns, Reaching safepoint: 153400 ns, Cleanup: 30000 ns, At safepoint: 7392600 ns, Total: 7576000 ns
[2025-04-04T23:31:03.068-0400][197720.502s][debug][safepoint   ] Safepoint synchronization initiated using striped semaphore wait barrier. (245 threads)
[2025-04-04T23:31:03.068-0400][197720.502s][info ][gc,start    ] GC(818) Pause Young (Normal) (G1 Evacuation Pause)
[2025-04-04T23:31:03.068-0400][197720.503s][info ][gc,task     ] GC(818) Using 23 workers of 23 for evacuation
[2025-04-04T23:31:03.077-0400][197720.512s][info ][gc,phases   ] GC(818)   Pre Evacuate Collection Set: 0.4ms
[2025-04-04T23:31:03.077-0400][197720.512s][info ][gc,phases   ] GC(818)   Merge Heap Roots: 0.3ms
[2025-04-04T23:31:03.077-0400][197720.512s][info ][gc,phases   ] GC(818)   Evacuate Collection Set: 6.4ms
[2025-04-04T23:31:03.077-0400][197720.512s][info ][gc,phases   ] GC(818)   Post Evacuate Collection Set: 2.4ms
[2025-04-04T23:31:03.077-0400][197720.512s][info ][gc,phases   ] GC(818)   Other: 0.3ms
[2025-04-04T23:31:03.077-0400][197720.512s][info ][gc,heap     ] GC(818) Eden regions: 253->0(253)
[2025-04-04T23:31:03.077-0400][197720.512s][info ][gc,heap     ] GC(818) Survivor regions: 2->2(32)
[2025-04-04T23:31:03.077-0400][197720.512s][info ][gc,heap     ] GC(818) Old regions: 200->200
[2025-04-04T23:31:03.077-0400][197720.512s][info ][gc,heap     ] GC(818) Archive regions: 0->0
[2025-04-04T23:31:03.077-0400][197720.512s][info ][gc,heap     ] GC(818) Humongous regions: 2->2
[2025-04-04T23:31:03.077-0400][197720.512s][info ][gc,metaspace] GC(818) Metaspace: 199385K(201152K)->199385K(201152K) NonClass: 175637K(176512K)->175637K(176512K) Class: 23747K(24640K)->23747K(24640K)
[2025-04-04T23:31:03.077-0400][197720.512s][info ][gc          ] GC(818) Pause Young (Normal) (G1 Evacuation Pause) 455M->202M(512M) 9.993ms
[2025-04-04T23:31:03.077-0400][197720.513s][info ][gc,cpu      ] GC(818) User=0.00s Sys=0.00s Real=0.01s
[2025-04-04T23:31:03.077-0400][197720.513s][info ][safepoint   ] Safepoint "G1CollectForAllocation", Time since last: 211435691600 ns, Reaching safepoint: 165500 ns, Cleanup: 9900 ns, At safepoint: 10176100 ns, Total: 10351500 ns
[2025-04-04T23:34:36.832-0400][197934.267s][debug][safepoint   ] Safepoint synchronization initiated using striped semaphore wait barrier. (245 threads)
[2025-04-04T23:34:36.832-0400][197934.267s][info ][gc,start    ] GC(819) Pause Young (Normal) (G1 Evacuation Pause)
[2025-04-04T23:34:36.832-0400][197934.267s][info ][gc,task     ] GC(819) Using 23 workers of 23 for evacuation
[2025-04-04T23:34:36.837-0400][197934.272s][info ][gc,phases   ] GC(819)   Pre Evacuate Collection Set: 0.3ms
[2025-04-04T23:34:36.838-0400][197934.272s][info ][gc,phases   ] GC(819)   Merge Heap Roots: 0.3ms
[2025-04-04T23:34:36.838-0400][197934.272s][info ][gc,phases   ] GC(819)   Evacuate Collection Set: 2.5ms
[2025-04-04T23:34:36.838-0400][197934.272s][info ][gc,phases   ] GC(819)   Post Evacuate Collection Set: 2.1ms
[2025-04-04T23:34:36.838-0400][197934.272s][info ][gc,phases   ] GC(819)   Other: 0.3ms
[2025-04-04T23:34:36.838-0400][197934.272s][info ][gc,heap     ] GC(819) Eden regions: 253->0(253)
[2025-04-04T23:34:36.838-0400][197934.272s][info ][gc,heap     ] GC(819) Survivor regions: 2->2(32)
[2025-04-04T23:34:36.838-0400][197934.272s][info ][gc,heap     ] GC(819) Old regions: 200->200
[2025-04-04T23:34:36.838-0400][197934.272s][info ][gc,heap     ] GC(819) Archive regions: 0->0
[2025-04-04T23:34:36.838-0400][197934.272s][info ][gc,heap     ] GC(819) Humongous regions: 2->2
[2025-04-04T23:34:36.838-0400][197934.272s][info ][gc,metaspace] GC(819) Metaspace: 199385K(201152K)->199385K(201152K) NonClass: 175637K(176512K)->175637K(176512K) Class: 23747K(24640K)->23747K(24640K)
[2025-04-04T23:34:36.838-0400][197934.272s][info ][gc          ] GC(819) Pause Young (Normal) (G1 Evacuation Pause) 455M->202M(512M) 5.584ms
[2025-04-04T23:34:36.838-0400][197934.272s][info ][gc,cpu      ] GC(819) User=0.00s Sys=0.00s Real=0.01s
[2025-04-04T23:34:36.838-0400][197934.273s][info ][safepoint   ] Safepoint "G1CollectForAllocation", Time since last: 213753976300 ns, Reaching safepoint: 144700 ns, Cleanup: 18800 ns, At safepoint: 5781900 ns, Total: 5945400 ns
[2025-04-04T23:38:07.891-0400][198145.326s][debug][safepoint   ] Safepoint synchronization initiated using striped semaphore wait barrier. (245 threads)
[2025-04-04T23:38:07.891-0400][198145.326s][info ][gc,start    ] GC(820) Pause Young (Normal) (G1 Evacuation Pause)
[2025-04-04T23:38:07.891-0400][198145.326s][info ][gc,task     ] GC(820) Using 23 workers of 23 for evacuation
[2025-04-04T23:38:07.901-0400][198145.336s][info ][gc,phases   ] GC(820)   Pre Evacuate Collection Set: 0.6ms
[2025-04-04T23:38:07.901-0400][198145.336s][info ][gc,phases   ] GC(820)   Merge Heap Roots: 0.3ms
[2025-04-04T23:38:07.901-0400][198145.336s][info ][gc,phases   ] GC(820)   Evacuate Collection Set: 6.0ms
[2025-04-04T23:38:07.901-0400][198145.336s][info ][gc,phases   ] GC(820)   Post Evacuate Collection Set: 2.8ms
[2025-04-04T23:38:07.901-0400][198145.336s][info ][gc,phases   ] GC(820)   Other: 0.3ms
[2025-04-04T23:38:07.901-0400][198145.336s][info ][gc,heap     ] GC(820) Eden regions: 253->0(253)
[2025-04-04T23:38:07.901-0400][198145.336s][info ][gc,heap     ] GC(820) Survivor regions: 2->2(32)
[2025-04-04T23:38:07.901-0400][198145.336s][info ][gc,heap     ] GC(820) Old regions: 200->200
[2025-04-04T23:38:07.901-0400][198145.336s][info ][gc,heap     ] GC(820) Archive regions: 0->0
[2025-04-04T23:38:07.901-0400][198145.336s][info ][gc,heap     ] GC(820) Humongous regions: 2->2
[2025-04-04T23:38:07.901-0400][198145.336s][info ][gc,metaspace] GC(820) Metaspace: 199391K(201152K)->199391K(201152K) NonClass: 175644K(176512K)->175644K(176512K) Class: 23747K(24640K)->23747K(24640K)
[2025-04-04T23:38:07.901-0400][198145.336s][info ][gc          ] GC(820) Pause Young (Normal) (G1 Evacuation Pause) 455M->202M(512M) 10.109ms
[2025-04-04T23:38:07.901-0400][198145.336s][info ][gc,cpu      ] GC(820) User=0.02s Sys=0.00s Real=0.01s
[2025-04-04T23:38:07.901-0400][198145.336s][info ][safepoint   ] Safepoint "G1CollectForAllocation", Time since last: 211053100600 ns, Reaching safepoint: 161100 ns, Cleanup: 6400 ns, At safepoint: 10286500 ns, Total: 10454000 ns
[2025-04-04T23:41:41.190-0400][198358.624s][debug][safepoint   ] Safepoint synchronization initiated using striped semaphore wait barrier. (245 threads)
[2025-04-04T23:41:41.190-0400][198358.625s][info ][gc,start    ] GC(821) Pause Young (Normal) (G1 Evacuation Pause)
[2025-04-04T23:41:41.190-0400][198358.625s][info ][gc,task     ] GC(821) Using 23 workers of 23 for evacuation
[2025-04-04T23:41:41.196-0400][198358.631s][info ][gc,phases   ] GC(821)   Pre Evacuate Collection Set: 0.3ms
[2025-04-04T23:41:41.196-0400][198358.631s][info ][gc,phases   ] GC(821)   Merge Heap Roots: 0.3ms
[2025-04-04T23:41:41.196-0400][198358.631s][info ][gc,phases   ] GC(821)   Evacuate Collection Set: 3.5ms
[2025-04-04T23:41:41.196-0400][198358.631s][info ][gc,phases   ] GC(821)   Post Evacuate Collection Set: 1.7ms
[2025-04-04T23:41:41.196-0400][198358.631s][info ][gc,phases   ] GC(821)   Other: 0.3ms
[2025-04-04T23:41:41.196-0400][198358.631s][info ][gc,heap     ] GC(821) Eden regions: 253->0(253)
[2025-04-04T23:41:41.196-0400][198358.631s][info ][gc,heap     ] GC(821) Survivor regions: 2->2(32)
[2025-04-04T23:41:41.196-0400][198358.631s][info ][gc,heap     ] GC(821) Old regions: 200->200
[2025-04-04T23:41:41.196-0400][198358.631s][info ][gc,heap     ] GC(821) Archive regions: 0->0
[2025-04-04T23:41:41.196-0400][198358.631s][info ][gc,heap     ] GC(821) Humongous regions: 2->2
[2025-04-04T23:41:41.196-0400][198358.631s][info ][gc,metaspace] GC(821) Metaspace: 199391K(201152K)->199391K(201152K) NonClass: 175644K(176512K)->175644K(176512K) Class: 23747K(24640K)->23747K(24640K)
[2025-04-04T23:41:41.196-0400][198358.631s][info ][gc          ] GC(821) Pause Young (Normal) (G1 Evacuation Pause) 455M->202M(512M) 6.229ms
[2025-04-04T23:41:41.196-0400][198358.631s][info ][gc,cpu      ] GC(821) User=0.02s Sys=0.00s Real=0.01s
[2025-04-04T23:41:41.196-0400][198358.631s][info ][safepoint   ] Safepoint "G1CollectForAllocation", Time since last: 213288351400 ns, Reaching safepoint: 179800 ns, Cleanup: 20500 ns, At safepoint: 6422300 ns, Total: 6622600 ns
[2025-04-04T23:45:13.802-0400][198571.237s][debug][safepoint   ] Safepoint synchronization initiated using striped semaphore wait barrier. (245 threads)
[2025-04-04T23:45:13.802-0400][198571.237s][info ][gc,start    ] GC(822) Pause Young (Normal) (G1 Evacuation Pause)
[2025-04-04T23:45:13.802-0400][198571.237s][info ][gc,task     ] GC(822) Using 23 workers of 23 for evacuation
[2025-04-04T23:45:13.811-0400][198571.245s][info ][gc,phases   ] GC(822)   Pre Evacuate Collection Set: 0.3ms
[2025-04-04T23:45:13.811-0400][198571.245s][info ][gc,phases   ] GC(822)   Merge Heap Roots: 0.3ms
[2025-04-04T23:45:13.811-0400][198571.245s][info ][gc,phases   ] GC(822)   Evacuate Collection Set: 5.9ms
[2025-04-04T23:45:13.811-0400][198571.245s][info ][gc,phases   ] GC(822)   Post Evacuate Collection Set: 2.0ms
[2025-04-04T23:45:13.811-0400][198571.245s][info ][gc,phases   ] GC(822)   Other: 0.2ms
[2025-04-04T23:45:13.811-0400][198571.246s][info ][gc,heap     ] GC(822) Eden regions: 253->0(254)
[2025-04-04T23:45:13.811-0400][198571.246s][info ][gc,heap     ] GC(822) Survivor regions: 2->2(32)
[2025-04-04T23:45:13.811-0400][198571.246s][info ][gc,heap     ] GC(822) Old regions: 200->200
[2025-04-04T23:45:13.811-0400][198571.246s][info ][gc,heap     ] GC(822) Archive regions: 0->0
[2025-04-04T23:45:13.811-0400][198571.246s][info ][gc,heap     ] GC(822) Humongous regions: 2->2
[2025-04-04T23:45:13.811-0400][198571.246s][info ][gc,metaspace] GC(822) Metaspace: 199391K(201152K)->199391K(201152K) NonClass: 175644K(176512K)->175644K(176512K) Class: 23747K(24640K)->23747K(24640K)
[2025-04-04T23:45:13.811-0400][198571.246s][info ][gc          ] GC(822) Pause Young (Normal) (G1 Evacuation Pause) 455M->202M(512M) 8.871ms
[2025-04-04T23:45:13.811-0400][198571.246s][info ][gc,cpu      ] GC(822) User=0.00s Sys=0.00s Real=0.01s
[2025-04-04T23:45:13.811-0400][198571.246s][info ][safepoint   ] Safepoint "G1CollectForAllocation", Time since last: 212605509200 ns, Reaching safepoint: 138000 ns, Cleanup: 7300 ns, At safepoint: 9058300 ns, Total: 9203600 ns
[2025-04-04T23:48:45.412-0400][198782.847s][debug][safepoint   ] Safepoint synchronization initiated using striped semaphore wait barrier. (245 threads)
[2025-04-04T23:48:45.412-0400][198782.847s][info ][gc,start    ] GC(823) Pause Young (Normal) (G1 Evacuation Pause)
[2025-04-04T23:48:45.412-0400][198782.847s][info ][gc,task     ] GC(823) Using 23 workers of 23 for evacuation
[2025-04-04T23:48:45.421-0400][198782.856s][info ][gc,phases   ] GC(823)   Pre Evacuate Collection Set: 0.5ms
[2025-04-04T23:48:45.421-0400][198782.856s][info ][gc,phases   ] GC(823)   Merge Heap Roots: 0.3ms
[2025-04-04T23:48:45.421-0400][198782.856s][info ][gc,phases   ] GC(823)   Evacuate Collection Set: 6.1ms
[2025-04-04T23:48:45.421-0400][198782.856s][info ][gc,phases   ] GC(823)   Post Evacuate Collection Set: 1.9ms
[2025-04-04T23:48:45.421-0400][198782.856s][info ][gc,phases   ] GC(823)   Other: 0.3ms
[2025-04-04T23:48:45.421-0400][198782.856s][info ][gc,heap     ] GC(823) Eden regions: 254->0(253)
[2025-04-04T23:48:45.421-0400][198782.856s][info ][gc,heap     ] GC(823) Survivor regions: 2->2(32)
[2025-04-04T23:48:45.421-0400][198782.856s][info ][gc,heap     ] GC(823) Old regions: 200->200
[2025-04-04T23:48:45.421-0400][198782.856s][info ][gc,heap     ] GC(823) Archive regions: 0->0
[2025-04-04T23:48:45.421-0400][198782.856s][info ][gc,heap     ] GC(823) Humongous regions: 2->2
[2025-04-04T23:48:45.421-0400][198782.856s][info ][gc,metaspace] GC(823) Metaspace: 199391K(201152K)->199391K(201152K) NonClass: 175644K(176512K)->175644K(176512K) Class: 23747K(24640K)->23747K(24640K)
[2025-04-04T23:48:45.421-0400][198782.856s][info ][gc          ] GC(823) Pause Young (Normal) (G1 Evacuation Pause) 456M->202M(512M) 9.203ms
[2025-04-04T23:48:45.421-0400][198782.856s][info ][gc,cpu      ] GC(823) User=0.00s Sys=0.00s Real=0.01s
[2025-04-04T23:48:45.421-0400][198782.856s][info ][safepoint   ] Safepoint "G1CollectForAllocation", Time since last: 211600872500 ns, Reaching safepoint: 146600 ns, Cleanup: 5900 ns, At safepoint: 9403300 ns, Total: 9555800 ns
[2025-04-04T23:49:27.438-0400][198824.873s][debug][safepoint   ] Safepoint synchronization initiated using striped semaphore wait barrier. (247 threads)
[2025-04-04T23:49:27.438-0400][198824.873s][info ][safepoint   ] Safepoint "Cleanup", Time since last: 42016465300 ns, Reaching safepoint: 66800 ns, Cleanup: 10100 ns, At safepoint: 2100 ns, Total: 79000 ns
[2025-04-04T23:52:15.314-0400][198992.748s][debug][safepoint   ] Safepoint synchronization initiated using striped semaphore wait barrier. (245 threads)
[2025-04-04T23:52:15.315-0400][198992.750s][info ][gc,start    ] GC(824) Pause Young (Normal) (G1 Evacuation Pause)
[2025-04-04T23:52:15.315-0400][198992.750s][info ][gc,task     ] GC(824) Using 23 workers of 23 for evacuation
[2025-04-04T23:52:15.323-0400][198992.758s][info ][gc,phases   ] GC(824)   Pre Evacuate Collection Set: 0.5ms
[2025-04-04T23:52:15.323-0400][198992.758s][info ][gc,phases   ] GC(824)   Merge Heap Roots: 0.3ms
[2025-04-04T23:52:15.323-0400][198992.758s][info ][gc,phases   ] GC(824)   Evacuate Collection Set: 4.9ms
[2025-04-04T23:52:15.323-0400][198992.758s][info ][gc,phases   ] GC(824)   Post Evacuate Collection Set: 2.1ms
[2025-04-04T23:52:15.323-0400][198992.758s][info ][gc,phases   ] GC(824)   Other: 1.2ms
[2025-04-04T23:52:15.323-0400][198992.758s][info ][gc,heap     ] GC(824) Eden regions: 253->0(253)
[2025-04-04T23:52:15.323-0400][198992.758s][info ][gc,heap     ] GC(824) Survivor regions: 2->2(32)
[2025-04-04T23:52:15.323-0400][198992.758s][info ][gc,heap     ] GC(824) Old regions: 200->200
[2025-04-04T23:52:15.323-0400][198992.758s][info ][gc,heap     ] GC(824) Archive regions: 0->0
[2025-04-04T23:52:15.323-0400][198992.758s][info ][gc,heap     ] GC(824) Humongous regions: 2->2
[2025-04-04T23:52:15.323-0400][198992.758s][info ][gc,metaspace] GC(824) Metaspace: 199391K(201152K)->199391K(201152K) NonClass: 175644K(176512K)->175644K(176512K) Class: 23747K(24640K)->23747K(24640K)
[2025-04-04T23:52:15.323-0400][198992.758s][info ][gc          ] GC(824) Pause Young (Normal) (G1 Evacuation Pause) 455M->202M(512M) 8.210ms
[2025-04-04T23:52:15.323-0400][198992.758s][info ][gc,cpu      ] GC(824) User=0.00s Sys=0.00s Real=0.01s
[2025-04-04T23:52:15.323-0400][198992.758s][info ][safepoint   ] Safepoint "G1CollectForAllocation", Time since last: 167875713100 ns, Reaching safepoint: 146600 ns, Cleanup: 6700 ns, At safepoint: 9318500 ns, Total: 9471800 ns
[2025-04-04T23:55:46.803-0400][199204.237s][debug][safepoint   ] Safepoint synchronization initiated using striped semaphore wait barrier. (245 threads)
[2025-04-04T23:55:46.803-0400][199204.238s][info ][gc,start    ] GC(825) Pause Young (Normal) (G1 Evacuation Pause)
[2025-04-04T23:55:46.803-0400][199204.238s][info ][gc,task     ] GC(825) Using 23 workers of 23 for evacuation
[2025-04-04T23:55:46.810-0400][199204.245s][info ][gc,phases   ] GC(825)   Pre Evacuate Collection Set: 0.4ms
[2025-04-04T23:55:46.810-0400][199204.245s][info ][gc,phases   ] GC(825)   Merge Heap Roots: 0.3ms
[2025-04-04T23:55:46.810-0400][199204.245s][info ][gc,phases   ] GC(825)   Evacuate Collection Set: 4.4ms
[2025-04-04T23:55:46.810-0400][199204.245s][info ][gc,phases   ] GC(825)   Post Evacuate Collection Set: 2.3ms
[2025-04-04T23:55:46.810-0400][199204.246s][info ][gc,phases   ] GC(825)   Other: 0.3ms
[2025-04-04T23:55:46.810-0400][199204.246s][info ][gc,heap     ] GC(825) Eden regions: 253->0(253)
[2025-04-04T23:55:46.810-0400][199204.246s][info ][gc,heap     ] GC(825) Survivor regions: 2->2(32)
[2025-04-04T23:55:46.810-0400][199204.246s][info ][gc,heap     ] GC(825) Old regions: 200->200
[2025-04-04T23:55:46.810-0400][199204.246s][info ][gc,heap     ] GC(825) Archive regions: 0->0
[2025-04-04T23:55:46.810-0400][199204.246s][info ][gc,heap     ] GC(825) Humongous regions: 2->2
[2025-04-04T23:55:46.810-0400][199204.246s][info ][gc,metaspace] GC(825) Metaspace: 199391K(201152K)->199391K(201152K) NonClass: 175644K(176512K)->175644K(176512K) Class: 23747K(24640K)->23747K(24640K)
[2025-04-04T23:55:46.810-0400][199204.246s][info ][gc          ] GC(825) Pause Young (Normal) (G1 Evacuation Pause) 455M->202M(512M) 7.869ms
[2025-04-04T23:55:46.811-0400][199204.246s][info ][gc,cpu      ] GC(825) User=0.00s Sys=0.00s Real=0.01s
[2025-04-04T23:55:46.811-0400][199204.246s][info ][safepoint   ] Safepoint "G1CollectForAllocation", Time since last: 211479399900 ns, Reaching safepoint: 323300 ns, Cleanup: 11600 ns, At safepoint: 8130400 ns, Total: 8465300 ns
[2025-04-04T23:58:37.895-0400][199375.330s][debug][safepoint   ] Safepoint synchronization initiated using striped semaphore wait barrier. (245 threads)
[2025-04-04T23:58:37.895-0400][199375.330s][info ][safepoint   ] Safepoint "Cleanup", Time since last: 171083941400 ns, Reaching safepoint: 97500 ns, Cleanup: 26100 ns, At safepoint: 3000 ns, Total: 126600 ns
[2025-04-04T23:59:19.912-0400][199417.346s][debug][safepoint   ] Safepoint synchronization initiated using striped semaphore wait barrier. (245 threads)
[2025-04-04T23:59:19.912-0400][199417.346s][info ][gc,start    ] GC(826) Pause Young (Normal) (G1 Evacuation Pause)
[2025-04-04T23:59:19.912-0400][199417.346s][info ][gc,task     ] GC(826) Using 23 workers of 23 for evacuation
[2025-04-04T23:59:19.914-0400][199417.349s][info ][gc,phases   ] GC(826)   Pre Evacuate Collection Set: 0.1ms
[2025-04-04T23:59:19.914-0400][199417.349s][info ][gc,phases   ] GC(826)   Merge Heap Roots: 0.1ms
[2025-04-04T23:59:19.914-0400][199417.349s][info ][gc,phases   ] GC(826)   Evacuate Collection Set: 1.2ms
[2025-04-04T23:59:19.914-0400][199417.349s][info ][gc,phases   ] GC(826)   Post Evacuate Collection Set: 0.9ms
[2025-04-04T23:59:19.914-0400][199417.349s][info ][gc,phases   ] GC(826)   Other: 0.1ms
[2025-04-04T23:59:19.914-0400][199417.349s][info ][gc,heap     ] GC(826) Eden regions: 253->0(253)
[2025-04-04T23:59:19.914-0400][199417.349s][info ][gc,heap     ] GC(826) Survivor regions: 2->2(32)
[2025-04-04T23:59:19.914-0400][199417.349s][info ][gc,heap     ] GC(826) Old regions: 200->200
[2025-04-04T23:59:19.914-0400][199417.349s][info ][gc,heap     ] GC(826) Archive regions: 0->0
[2025-04-04T23:59:19.914-0400][199417.349s][info ][gc,heap     ] GC(826) Humongous regions: 2->2
[2025-04-04T23:59:19.914-0400][199417.349s][info ][gc,metaspace] GC(826) Metaspace: 199392K(201152K)->199392K(201152K) NonClass: 175644K(176512K)->175644K(176512K) Class: 23747K(24640K)->23747K(24640K)
[2025-04-04T23:59:19.914-0400][199417.349s][info ][gc          ] GC(826) Pause Young (Normal) (G1 Evacuation Pause) 455M->202M(512M) 2.372ms
[2025-04-04T23:59:19.914-0400][199417.349s][info ][gc,cpu      ] GC(826) User=0.00s Sys=0.00s Real=0.00s
[2025-04-04T23:59:19.914-0400][199417.349s][info ][safepoint   ] Safepoint "G1CollectForAllocation", Time since last: 42016426100 ns, Reaching safepoint: 40100 ns, Cleanup: 2100 ns, At safepoint: 2456600 ns, Total: 2498800 ns
[2025-04-05T00:02:51.081-0400][199628.516s][debug][safepoint   ] Safepoint synchronization initiated using striped semaphore wait barrier. (245 threads)
[2025-04-05T00:02:51.081-0400][199628.516s][info ][gc,start    ] GC(827) Pause Young (Normal) (G1 Evacuation Pause)
[2025-04-05T00:02:51.081-0400][199628.516s][info ][gc,task     ] GC(827) Using 23 workers of 23 for evacuation
[2025-04-05T00:02:51.088-0400][199628.523s][info ][gc,phases   ] GC(827)   Pre Evacuate Collection Set: 0.5ms
[2025-04-05T00:02:51.088-0400][199628.523s][info ][gc,phases   ] GC(827)   Merge Heap Roots: 0.3ms
[2025-04-05T00:02:51.088-0400][199628.523s][info ][gc,phases   ] GC(827)   Evacuate Collection Set: 3.8ms
[2025-04-05T00:02:51.088-0400][199628.523s][info ][gc,phases   ] GC(827)   Post Evacuate Collection Set: 2.4ms
[2025-04-05T00:02:51.088-0400][199628.524s][info ][gc,phases   ] GC(827)   Other: 0.3ms
[2025-04-05T00:02:51.088-0400][199628.524s][info ][gc,heap     ] GC(827) Eden regions: 253->0(253)
[2025-04-05T00:02:51.088-0400][199628.524s][info ][gc,heap     ] GC(827) Survivor regions: 2->2(32)
[2025-04-05T00:02:51.088-0400][199628.524s][info ][gc,heap     ] GC(827) Old regions: 200->200
[2025-04-05T00:02:51.088-0400][199628.524s][info ][gc,heap     ] GC(827) Archive regions: 0->0
[2025-04-05T00:02:51.088-0400][199628.524s][info ][gc,heap     ] GC(827) Humongous regions: 2->2
[2025-04-05T00:02:51.088-0400][199628.524s][info ][gc,metaspace] GC(827) Metaspace: 199396K(201152K)->199396K(201152K) NonClass: 175648K(176512K)->175648K(176512K) Class: 23747K(24640K)->23747K(24640K)
[2025-04-05T00:02:51.088-0400][199628.524s][info ][gc          ] GC(827) Pause Young (Normal) (G1 Evacuation Pause) 455M->202M(512M) 7.440ms
[2025-04-05T00:02:51.088-0400][199628.524s][info ][gc,cpu      ] GC(827) User=0.00s Sys=0.00s Real=0.01s
[2025-04-05T00:02:51.088-0400][199628.524s][info ][safepoint   ] Safepoint "G1CollectForAllocation", Time since last: 211167156700 ns, Reaching safepoint: 185500 ns, Cleanup: 8800 ns, At safepoint: 7637700 ns, Total: 7832000 ns
[2025-04-05T00:06:26.000-0400][199841.476s][debug][safepoint   ] Safepoint synchronization initiated using striped semaphore wait barrier. (245 threads)
[2025-04-05T00:06:26.000-0400][199841.476s][info ][gc,start    ] GC(828) Pause Young (Normal) (G1 Evacuation Pause)
[2025-04-05T00:06:26.000-0400][199841.476s][info ][gc,task     ] GC(828) Using 23 workers of 23 for evacuation
[2025-04-05T00:06:26.006-0400][199841.482s][info ][gc,phases   ] GC(828)   Pre Evacuate Collection Set: 0.4ms
[2025-04-05T00:06:26.006-0400][199841.482s][info ][gc,phases   ] GC(828)   Merge Heap Roots: 0.4ms
[2025-04-05T00:06:26.006-0400][199841.483s][info ][gc,phases   ] GC(828)   Evacuate Collection Set: 3.0ms
[2025-04-05T00:06:26.006-0400][199841.483s][info ][gc,phases   ] GC(828)   Post Evacuate Collection Set: 2.4ms
[2025-04-05T00:06:26.007-0400][199841.483s][info ][gc,phases   ] GC(828)   Other: 0.3ms
[2025-04-05T00:06:26.007-0400][199841.483s][info ][gc,heap     ] GC(828) Eden regions: 253->0(253)
[2025-04-05T00:06:26.007-0400][199841.483s][info ][gc,heap     ] GC(828) Survivor regions: 2->2(32)
[2025-04-05T00:06:26.007-0400][199841.483s][info ][gc,heap     ] GC(828) Old regions: 200->200
[2025-04-05T00:06:26.007-0400][199841.483s][info ][gc,heap     ] GC(828) Archive regions: 0->0
[2025-04-05T00:06:26.007-0400][199841.483s][info ][gc,heap     ] GC(828) Humongous regions: 2->2
[2025-04-05T00:06:26.007-0400][199841.483s][info ][gc,metaspace] GC(828) Metaspace: 199396K(201152K)->199396K(201152K) NonClass: 175648K(176512K)->175648K(176512K) Class: 23747K(24640K)->23747K(24640K)
[2025-04-05T00:06:26.007-0400][199841.483s][info ][gc          ] GC(828) Pause Young (Normal) (G1 Evacuation Pause) 455M->202M(512M) 6.630ms
[2025-04-05T00:06:26.007-0400][199841.483s][info ][gc,cpu      ] GC(828) User=0.00s Sys=0.00s Real=0.01s
[2025-04-05T00:06:26.007-0400][199841.483s][info ][safepoint   ] Safepoint "G1CollectForAllocation", Time since last: 212952031000 ns, Reaching safepoint: 173900 ns, Cleanup: 33700 ns, At safepoint: 6841500 ns, Total: 7049100 ns
[2025-04-05T00:09:57.082-0400][200052.558s][debug][safepoint   ] Safepoint synchronization initiated using striped semaphore wait barrier. (245 threads)
[2025-04-05T00:09:57.082-0400][200052.558s][info ][gc,start    ] GC(829) Pause Young (Normal) (G1 Evacuation Pause)
[2025-04-05T00:09:57.082-0400][200052.558s][info ][gc,task     ] GC(829) Using 23 workers of 23 for evacuation
[2025-04-05T00:09:57.090-0400][200052.566s][info ][gc,phases   ] GC(829)   Pre Evacuate Collection Set: 0.4ms
[2025-04-05T00:09:57.090-0400][200052.566s][info ][gc,phases   ] GC(829)   Merge Heap Roots: 0.3ms
[2025-04-05T00:09:57.090-0400][200052.566s][info ][gc,phases   ] GC(829)   Evacuate Collection Set: 4.4ms
[2025-04-05T00:09:57.090-0400][200052.566s][info ][gc,phases   ] GC(829)   Post Evacuate Collection Set: 2.5ms
[2025-04-05T00:09:57.090-0400][200052.566s][info ][gc,phases   ] GC(829)   Other: 0.3ms
[2025-04-05T00:09:57.090-0400][200052.566s][info ][gc,heap     ] GC(829) Eden regions: 253->0(253)
[2025-04-05T00:09:57.090-0400][200052.566s][info ][gc,heap     ] GC(829) Survivor regions: 2->2(32)
[2025-04-05T00:09:57.090-0400][200052.566s][info ][gc,heap     ] GC(829) Old regions: 200->200
[2025-04-05T00:09:57.090-0400][200052.566s][info ][gc,heap     ] GC(829) Archive regions: 0->0
[2025-04-05T00:09:57.090-0400][200052.566s][info ][gc,heap     ] GC(829) Humongous regions: 2->2
[2025-04-05T00:09:57.090-0400][200052.566s][info ][gc,metaspace] GC(829) Metaspace: 199396K(201152K)->199396K(201152K) NonClass: 175648K(176512K)->175648K(176512K) Class: 23747K(24640K)->23747K(24640K)
[2025-04-05T00:09:57.090-0400][200052.566s][info ][gc          ] GC(829) Pause Young (Normal) (G1 Evacuation Pause) 455M->202M(512M) 8.028ms
[2025-04-05T00:09:57.090-0400][200052.566s][info ][gc,cpu      ] GC(829) User=0.03s Sys=0.00s Real=0.01s
[2025-04-05T00:09:57.090-0400][200052.566s][info ][safepoint   ] Safepoint "G1CollectForAllocation", Time since last: 211075183100 ns, Reaching safepoint: 158100 ns, Cleanup: 6900 ns, At safepoint: 8246500 ns, Total: 8411500 ns
[2025-04-05T00:13:29.985-0400][200265.461s][debug][safepoint   ] Safepoint synchronization initiated using striped semaphore wait barrier. (245 threads)
[2025-04-05T00:13:29.985-0400][200265.461s][info ][gc,start    ] GC(830) Pause Young (Normal) (G1 Evacuation Pause)
[2025-04-05T00:13:29.985-0400][200265.461s][info ][gc,task     ] GC(830) Using 23 workers of 23 for evacuation
[2025-04-05T00:13:29.992-0400][200265.468s][info ][gc,phases   ] GC(830)   Pre Evacuate Collection Set: 0.3ms
[2025-04-05T00:13:29.992-0400][200265.468s][info ][gc,phases   ] GC(830)   Merge Heap Roots: 0.2ms
[2025-04-05T00:13:29.992-0400][200265.468s][info ][gc,phases   ] GC(830)   Evacuate Collection Set: 4.3ms
[2025-04-05T00:13:29.992-0400][200265.468s][info ][gc,phases   ] GC(830)   Post Evacuate Collection Set: 2.1ms
[2025-04-05T00:13:29.992-0400][200265.468s][info ][gc,phases   ] GC(830)   Other: 0.2ms
[2025-04-05T00:13:29.992-0400][200265.468s][info ][gc,heap     ] GC(830) Eden regions: 253->0(253)
[2025-04-05T00:13:29.992-0400][200265.468s][info ][gc,heap     ] GC(830) Survivor regions: 2->2(32)
[2025-04-05T00:13:29.992-0400][200265.468s][info ][gc,heap     ] GC(830) Old regions: 200->200
[2025-04-05T00:13:29.992-0400][200265.468s][info ][gc,heap     ] GC(830) Archive regions: 0->0
[2025-04-05T00:13:29.992-0400][200265.468s][info ][gc,heap     ] GC(830) Humongous regions: 2->2
[2025-04-05T00:13:29.992-0400][200265.468s][info ][gc,metaspace] GC(830) Metaspace: 199396K(201152K)->199396K(201152K) NonClass: 175648K(176512K)->175648K(176512K) Class: 23747K(24640K)->23747K(24640K)
[2025-04-05T00:13:29.992-0400][200265.468s][info ][gc          ] GC(830) Pause Young (Normal) (G1 Evacuation Pause) 455M->202M(512M) 7.286ms
[2025-04-05T00:13:29.992-0400][200265.468s][info ][gc,cpu      ] GC(830) User=0.00s Sys=0.00s Real=0.01s
[2025-04-05T00:13:29.992-0400][200265.468s][info ][safepoint   ] Safepoint "G1CollectForAllocation", Time since last: 212894379300 ns, Reaching safepoint: 116700 ns, Cleanup: 8900 ns, At safepoint: 7424500 ns, Total: 7550100 ns
[2025-04-05T00:17:00.926-0400][200476.401s][debug][safepoint   ] Safepoint synchronization initiated using striped semaphore wait barrier. (245 threads)
[2025-04-05T00:17:00.926-0400][200476.402s][info ][gc,start    ] GC(831) Pause Young (Normal) (G1 Evacuation Pause)
[2025-04-05T00:17:00.926-0400][200476.402s][info ][gc,task     ] GC(831) Using 23 workers of 23 for evacuation
[2025-04-05T00:17:00.932-0400][200476.408s][info ][gc,phases   ] GC(831)   Pre Evacuate Collection Set: 0.3ms
[2025-04-05T00:17:00.932-0400][200476.408s][info ][gc,phases   ] GC(831)   Merge Heap Roots: 0.3ms
[2025-04-05T00:17:00.932-0400][200476.408s][info ][gc,phases   ] GC(831)   Evacuate Collection Set: 3.5ms
[2025-04-05T00:17:00.932-0400][200476.408s][info ][gc,phases   ] GC(831)   Post Evacuate Collection Set: 2.2ms
[2025-04-05T00:17:00.933-0400][200476.408s][info ][gc,phases   ] GC(831)   Other: 0.3ms
[2025-04-05T00:17:00.933-0400][200476.408s][info ][gc,heap     ] GC(831) Eden regions: 253->0(253)
[2025-04-05T00:17:00.933-0400][200476.408s][info ][gc,heap     ] GC(831) Survivor regions: 2->2(32)
[2025-04-05T00:17:00.933-0400][200476.408s][info ][gc,heap     ] GC(831) Old regions: 200->200
[2025-04-05T00:17:00.933-0400][200476.408s][info ][gc,heap     ] GC(831) Archive regions: 0->0
[2025-04-05T00:17:00.933-0400][200476.408s][info ][gc,heap     ] GC(831) Humongous regions: 2->2
[2025-04-05T00:17:00.933-0400][200476.408s][info ][gc,metaspace] GC(831) Metaspace: 199396K(201152K)->199396K(201152K) NonClass: 175648K(176512K)->175648K(176512K) Class: 23747K(24640K)->23747K(24640K)
[2025-04-05T00:17:00.933-0400][200476.408s][info ][gc          ] GC(831) Pause Young (Normal) (G1 Evacuation Pause) 455M->202M(512M) 6.794ms
[2025-04-05T00:17:00.933-0400][200476.409s][info ][gc,cpu      ] GC(831) User=0.03s Sys=0.02s Real=0.01s
[2025-04-05T00:17:00.933-0400][200476.409s][info ][safepoint   ] Safepoint "G1CollectForAllocation", Time since last: 210933096300 ns, Reaching safepoint: 131800 ns, Cleanup: 6800 ns, At safepoint: 6978300 ns, Total: 7116900 ns
[2025-04-05T00:20:31.267-0400][200686.743s][debug][safepoint   ] Safepoint synchronization initiated using striped semaphore wait barrier. (245 threads)
[2025-04-05T00:20:31.267-0400][200686.743s][info ][gc,start    ] GC(832) Pause Young (Normal) (G1 Evacuation Pause)
[2025-04-05T00:20:31.267-0400][200686.743s][info ][gc,task     ] GC(832) Using 23 workers of 23 for evacuation
[2025-04-05T00:20:31.272-0400][200686.748s][info ][gc,phases   ] GC(832)   Pre Evacuate Collection Set: 0.3ms
[2025-04-05T00:20:31.272-0400][200686.748s][info ][gc,phases   ] GC(832)   Merge Heap Roots: 0.2ms
[2025-04-05T00:20:31.272-0400][200686.748s][info ][gc,phases   ] GC(832)   Evacuate Collection Set: 2.3ms
[2025-04-05T00:20:31.272-0400][200686.748s][info ][gc,phases   ] GC(832)   Post Evacuate Collection Set: 1.9ms
[2025-04-05T00:20:31.272-0400][200686.748s][info ][gc,phases   ] GC(832)   Other: 0.2ms
[2025-04-05T00:20:31.272-0400][200686.748s][info ][gc,heap     ] GC(832) Eden regions: 253->0(253)
[2025-04-05T00:20:31.272-0400][200686.748s][info ][gc,heap     ] GC(832) Survivor regions: 2->2(32)
[2025-04-05T00:20:31.272-0400][200686.748s][info ][gc,heap     ] GC(832) Old regions: 200->200
[2025-04-05T00:20:31.272-0400][200686.748s][info ][gc,heap     ] GC(832) Archive regions: 0->0
[2025-04-05T00:20:31.272-0400][200686.748s][info ][gc,heap     ] GC(832) Humongous regions: 2->2
[2025-04-05T00:20:31.272-0400][200686.748s][info ][gc,metaspace] GC(832) Metaspace: 199396K(201152K)->199396K(201152K) NonClass: 175648K(176512K)->175648K(176512K) Class: 23747K(24640K)->23747K(24640K)
[2025-04-05T00:20:31.272-0400][200686.748s][info ][gc          ] GC(832) Pause Young (Normal) (G1 Evacuation Pause) 455M->202M(512M) 5.220ms
[2025-04-05T00:20:31.272-0400][200686.748s][info ][gc,cpu      ] GC(832) User=0.00s Sys=0.00s Real=0.01s
[2025-04-05T00:20:31.272-0400][200686.748s][info ][safepoint   ] Safepoint "G1CollectForAllocation", Time since last: 210334142100 ns, Reaching safepoint: 134000 ns, Cleanup: 8500 ns, At safepoint: 5409800 ns, Total: 5552300 ns
[2025-04-05T00:24:02.013-0400][200897.489s][debug][safepoint   ] Safepoint synchronization initiated using striped semaphore wait barrier. (245 threads)
[2025-04-05T00:24:02.013-0400][200897.489s][info ][gc,start    ] GC(833) Pause Young (Normal) (G1 Evacuation Pause)
[2025-04-05T00:24:02.013-0400][200897.489s][info ][gc,task     ] GC(833) Using 23 workers of 23 for evacuation
[2025-04-05T00:24:02.022-0400][200897.498s][info ][gc,phases   ] GC(833)   Pre Evacuate Collection Set: 0.4ms
[2025-04-05T00:24:02.022-0400][200897.498s][info ][gc,phases   ] GC(833)   Merge Heap Roots: 0.4ms
[2025-04-05T00:24:02.022-0400][200897.498s][info ][gc,phases   ] GC(833)   Evacuate Collection Set: 5.8ms
[2025-04-05T00:24:02.022-0400][200897.498s][info ][gc,phases   ] GC(833)   Post Evacuate Collection Set: 2.0ms
[2025-04-05T00:24:02.022-0400][200897.498s][info ][gc,phases   ] GC(833)   Other: 0.3ms
[2025-04-05T00:24:02.022-0400][200897.498s][info ][gc,heap     ] GC(833) Eden regions: 253->0(253)
[2025-04-05T00:24:02.022-0400][200897.498s][info ][gc,heap     ] GC(833) Survivor regions: 2->2(32)
[2025-04-05T00:24:02.022-0400][200897.498s][info ][gc,heap     ] GC(833) Old regions: 200->200
[2025-04-05T00:24:02.022-0400][200897.498s][info ][gc,heap     ] GC(833) Archive regions: 0->0
[2025-04-05T00:24:02.022-0400][200897.498s][info ][gc,heap     ] GC(833) Humongous regions: 2->2
[2025-04-05T00:24:02.022-0400][200897.498s][info ][gc,metaspace] GC(833) Metaspace: 199396K(201152K)->199396K(201152K) NonClass: 175648K(176512K)->175648K(176512K) Class: 23747K(24640K)->23747K(24640K)
[2025-04-05T00:24:02.022-0400][200897.498s][info ][gc          ] GC(833) Pause Young (Normal) (G1 Evacuation Pause) 455M->202M(512M) 9.074ms
[2025-04-05T00:24:02.022-0400][200897.498s][info ][gc,cpu      ] GC(833) User=0.00s Sys=0.00s Real=0.01s
[2025-04-05T00:24:02.023-0400][200897.499s][info ][safepoint   ] Safepoint "G1CollectForAllocation", Time since last: 210740638600 ns, Reaching safepoint: 288500 ns, Cleanup: 6700 ns, At safepoint: 9308500 ns, Total: 9603700 ns
[2025-04-05T00:27:35.821-0400][201111.297s][debug][safepoint   ] Safepoint synchronization initiated using striped semaphore wait barrier. (245 threads)
[2025-04-05T00:27:35.821-0400][201111.297s][info ][gc,start    ] GC(834) Pause Young (Normal) (G1 Evacuation Pause)
[2025-04-05T00:27:35.821-0400][201111.297s][info ][gc,task     ] GC(834) Using 23 workers of 23 for evacuation
[2025-04-05T00:27:35.829-0400][201111.304s][info ][gc,phases   ] GC(834)   Pre Evacuate Collection Set: 0.4ms
[2025-04-05T00:27:35.829-0400][201111.304s][info ][gc,phases   ] GC(834)   Merge Heap Roots: 0.3ms
[2025-04-05T00:27:35.829-0400][201111.304s][info ][gc,phases   ] GC(834)   Evacuate Collection Set: 4.0ms
[2025-04-05T00:27:35.829-0400][201111.305s][info ][gc,phases   ] GC(834)   Post Evacuate Collection Set: 2.2ms
[2025-04-05T00:27:35.829-0400][201111.305s][info ][gc,phases   ] GC(834)   Other: 0.3ms
[2025-04-05T00:27:35.829-0400][201111.305s][info ][gc,heap     ] GC(834) Eden regions: 253->0(253)
[2025-04-05T00:27:35.829-0400][201111.305s][info ][gc,heap     ] GC(834) Survivor regions: 2->2(32)
[2025-04-05T00:27:35.829-0400][201111.305s][info ][gc,heap     ] GC(834) Old regions: 200->200
[2025-04-05T00:27:35.829-0400][201111.305s][info ][gc,heap     ] GC(834) Archive regions: 0->0
[2025-04-05T00:27:35.829-0400][201111.305s][info ][gc,heap     ] GC(834) Humongous regions: 2->2
[2025-04-05T00:27:35.829-0400][201111.305s][info ][gc,metaspace] GC(834) Metaspace: 199396K(201152K)->199396K(201152K) NonClass: 175648K(176512K)->175648K(176512K) Class: 23747K(24640K)->23747K(24640K)
[2025-04-05T00:27:35.829-0400][201111.305s][info ][gc          ] GC(834) Pause Young (Normal) (G1 Evacuation Pause) 455M->202M(512M) 7.476ms
[2025-04-05T00:27:35.829-0400][201111.305s][info ][gc,cpu      ] GC(834) User=0.00s Sys=0.00s Real=0.01s
[2025-04-05T00:27:35.829-0400][201111.305s][info ][safepoint   ] Safepoint "G1CollectForAllocation", Time since last: 213798484300 ns, Reaching safepoint: 143100 ns, Cleanup: 6000 ns, At safepoint: 7644600 ns, Total: 7793700 ns
[2025-04-05T00:31:07.604-0400][201323.080s][debug][safepoint   ] Safepoint synchronization initiated using striped semaphore wait barrier. (245 threads)
[2025-04-05T00:31:07.604-0400][201323.080s][info ][gc,start    ] GC(835) Pause Young (Normal) (G1 Evacuation Pause)
[2025-04-05T00:31:07.604-0400][201323.080s][info ][gc,task     ] GC(835) Using 23 workers of 23 for evacuation
[2025-04-05T00:31:07.611-0400][201323.087s][info ][gc,phases   ] GC(835)   Pre Evacuate Collection Set: 0.4ms
[2025-04-05T00:31:07.611-0400][201323.087s][info ][gc,phases   ] GC(835)   Merge Heap Roots: 0.2ms
[2025-04-05T00:31:07.611-0400][201323.087s][info ][gc,phases   ] GC(835)   Evacuate Collection Set: 3.9ms
[2025-04-05T00:31:07.611-0400][201323.087s][info ][gc,phases   ] GC(835)   Post Evacuate Collection Set: 2.1ms
[2025-04-05T00:31:07.611-0400][201323.087s][info ][gc,phases   ] GC(835)   Other: 0.3ms
[2025-04-05T00:31:07.611-0400][201323.087s][info ][gc,heap     ] GC(835) Eden regions: 253->0(253)
[2025-04-05T00:31:07.611-0400][201323.087s][info ][gc,heap     ] GC(835) Survivor regions: 2->2(32)
[2025-04-05T00:31:07.611-0400][201323.087s][info ][gc,heap     ] GC(835) Old regions: 200->200
[2025-04-05T00:31:07.611-0400][201323.087s][info ][gc,heap     ] GC(835) Archive regions: 0->0
[2025-04-05T00:31:07.611-0400][201323.087s][info ][gc,heap     ] GC(835) Humongous regions: 2->2
[2025-04-05T00:31:07.611-0400][201323.087s][info ][gc,metaspace] GC(835) Metaspace: 199396K(201152K)->199396K(201152K) NonClass: 175648K(176512K)->175648K(176512K) Class: 23747K(24640K)->23747K(24640K)
[2025-04-05T00:31:07.611-0400][201323.087s][info ][gc          ] GC(835) Pause Young (Normal) (G1 Evacuation Pause) 455M->202M(512M) 7.112ms
[2025-04-05T00:31:07.611-0400][201323.087s][info ][gc,cpu      ] GC(835) User=0.00s Sys=0.00s Real=0.01s
[2025-04-05T00:31:07.611-0400][201323.087s][info ][safepoint   ] Safepoint "G1CollectForAllocation", Time since last: 211774999100 ns, Reaching safepoint: 135800 ns, Cleanup: 19000 ns, At safepoint: 7310500 ns, Total: 7465300 ns
[2025-04-05T00:34:40.993-0400][201536.469s][debug][safepoint   ] Safepoint synchronization initiated using striped semaphore wait barrier. (245 threads)
[2025-04-05T00:34:40.993-0400][201536.469s][info ][gc,start    ] GC(836) Pause Young (Normal) (G1 Evacuation Pause)
[2025-04-05T00:34:40.993-0400][201536.469s][info ][gc,task     ] GC(836) Using 23 workers of 23 for evacuation
[2025-04-05T00:34:40.995-0400][201536.472s][info ][gc,phases   ] GC(836)   Pre Evacuate Collection Set: 0.2ms
[2025-04-05T00:34:40.995-0400][201536.472s][info ][gc,phases   ] GC(836)   Merge Heap Roots: 0.1ms
[2025-04-05T00:34:40.995-0400][201536.472s][info ][gc,phases   ] GC(836)   Evacuate Collection Set: 1.4ms
[2025-04-05T00:34:40.995-0400][201536.472s][info ][gc,phases   ] GC(836)   Post Evacuate Collection Set: 0.9ms
[2025-04-05T00:34:40.995-0400][201536.472s][info ][gc,phases   ] GC(836)   Other: 0.1ms
[2025-04-05T00:34:40.995-0400][201536.472s][info ][gc,heap     ] GC(836) Eden regions: 253->0(253)
[2025-04-05T00:34:40.995-0400][201536.472s][info ][gc,heap     ] GC(836) Survivor regions: 2->2(32)
[2025-04-05T00:34:40.995-0400][201536.472s][info ][gc,heap     ] GC(836) Old regions: 200->200
[2025-04-05T00:34:40.995-0400][201536.472s][info ][gc,heap     ] GC(836) Archive regions: 0->0
[2025-04-05T00:34:40.996-0400][201536.472s][info ][gc,heap     ] GC(836) Humongous regions: 2->2
[2025-04-05T00:34:40.996-0400][201536.472s][info ][gc,metaspace] GC(836) Metaspace: 199396K(201152K)->199396K(201152K) NonClass: 175648K(176512K)->175648K(176512K) Class: 23747K(24640K)->23747K(24640K)
[2025-04-05T00:34:40.996-0400][201536.472s][info ][gc          ] GC(836) Pause Young (Normal) (G1 Evacuation Pause) 455M->202M(512M) 2.769ms
[2025-04-05T00:34:40.996-0400][201536.472s][info ][gc,cpu      ] GC(836) User=0.00s Sys=0.00s Real=0.00s
[2025-04-05T00:34:40.996-0400][201536.472s][info ][safepoint   ] Safepoint "G1CollectForAllocation", Time since last: 213381562100 ns, Reaching safepoint: 58200 ns, Cleanup: 2900 ns, At safepoint: 2849200 ns, Total: 2910300 ns
[2025-04-05T00:36:13.040-0400][201628.516s][debug][safepoint   ] Safepoint synchronization initiated using striped semaphore wait barrier. (245 threads)
[2025-04-05T00:36:13.040-0400][201628.516s][info ][safepoint   ] Safepoint "Cleanup", Time since last: 92044328300 ns, Reaching safepoint: 40600 ns, Cleanup: 5300 ns, At safepoint: 1400 ns, Total: 47300 ns
[2025-04-05T00:38:12.287-0400][201747.762s][debug][safepoint   ] Safepoint synchronization initiated using striped semaphore wait barrier. (245 threads)
[2025-04-05T00:38:12.287-0400][201747.763s][info ][gc,start    ] GC(837) Pause Young (Normal) (G1 Evacuation Pause)
[2025-04-05T00:38:12.287-0400][201747.763s][info ][gc,task     ] GC(837) Using 23 workers of 23 for evacuation
[2025-04-05T00:38:12.299-0400][201747.775s][info ][gc,phases   ] GC(837)   Pre Evacuate Collection Set: 0.5ms
[2025-04-05T00:38:12.299-0400][201747.775s][info ][gc,phases   ] GC(837)   Merge Heap Roots: 0.3ms
[2025-04-05T00:38:12.299-0400][201747.775s][info ][gc,phases   ] GC(837)   Evacuate Collection Set: 7.8ms
[2025-04-05T00:38:12.299-0400][201747.775s][info ][gc,phases   ] GC(837)   Post Evacuate Collection Set: 3.8ms
[2025-04-05T00:38:12.299-0400][201747.775s][info ][gc,phases   ] GC(837)   Other: 0.3ms
[2025-04-05T00:38:12.299-0400][201747.775s][info ][gc,heap     ] GC(837) Eden regions: 253->0(253)
[2025-04-05T00:38:12.299-0400][201747.775s][info ][gc,heap     ] GC(837) Survivor regions: 2->2(32)
[2025-04-05T00:38:12.299-0400][201747.775s][info ][gc,heap     ] GC(837) Old regions: 200->200
[2025-04-05T00:38:12.299-0400][201747.775s][info ][gc,heap     ] GC(837) Archive regions: 0->0
[2025-04-05T00:38:12.299-0400][201747.775s][info ][gc,heap     ] GC(837) Humongous regions: 2->2
[2025-04-05T00:38:12.299-0400][201747.775s][info ][gc,metaspace] GC(837) Metaspace: 199399K(201152K)->199399K(201152K) NonClass: 175652K(176512K)->175652K(176512K) Class: 23747K(24640K)->23747K(24640K)
[2025-04-05T00:38:12.299-0400][201747.776s][info ][gc          ] GC(837) Pause Young (Normal) (G1 Evacuation Pause) 455M->202M(512M) 12.861ms
[2025-04-05T00:38:12.299-0400][201747.776s][info ][gc,cpu      ] GC(837) User=0.02s Sys=0.00s Real=0.01s
[2025-04-05T00:38:12.299-0400][201747.776s][info ][safepoint   ] Safepoint "G1CollectForAllocation", Time since last: 119246304200 ns, Reaching safepoint: 160300 ns, Cleanup: 9600 ns, At safepoint: 13087400 ns, Total: 13257300 ns
[2025-04-05T00:41:45.328-0400][201960.804s][debug][safepoint   ] Safepoint synchronization initiated using striped semaphore wait barrier. (245 threads)
[2025-04-05T00:41:45.328-0400][201960.804s][info ][gc,start    ] GC(838) Pause Young (Normal) (G1 Evacuation Pause)
[2025-04-05T00:41:45.328-0400][201960.804s][info ][gc,task     ] GC(838) Using 23 workers of 23 for evacuation
[2025-04-05T00:41:45.337-0400][201960.813s][info ][gc,phases   ] GC(838)   Pre Evacuate Collection Set: 0.3ms
[2025-04-05T00:41:45.337-0400][201960.813s][info ][gc,phases   ] GC(838)   Merge Heap Roots: 0.3ms
[2025-04-05T00:41:45.337-0400][201960.813s][info ][gc,phases   ] GC(838)   Evacuate Collection Set: 5.4ms
[2025-04-05T00:41:45.337-0400][201960.813s][info ][gc,phases   ] GC(838)   Post Evacuate Collection Set: 2.4ms
[2025-04-05T00:41:45.337-0400][201960.813s][info ][gc,phases   ] GC(838)   Other: 0.4ms
[2025-04-05T00:41:45.337-0400][201960.813s][info ][gc,heap     ] GC(838) Eden regions: 253->0(253)
[2025-04-05T00:41:45.337-0400][201960.813s][info ][gc,heap     ] GC(838) Survivor regions: 2->2(32)
[2025-04-05T00:41:45.337-0400][201960.813s][info ][gc,heap     ] GC(838) Old regions: 200->200
[2025-04-05T00:41:45.337-0400][201960.813s][info ][gc,heap     ] GC(838) Archive regions: 0->0
[2025-04-05T00:41:45.337-0400][201960.813s][info ][gc,heap     ] GC(838) Humongous regions: 2->2
[2025-04-05T00:41:45.337-0400][201960.813s][info ][gc,metaspace] GC(838) Metaspace: 199399K(201152K)->199399K(201152K) NonClass: 175652K(176512K)->175652K(176512K) Class: 23747K(24640K)->23747K(24640K)
[2025-04-05T00:41:45.337-0400][201960.813s][info ][gc          ] GC(838) Pause Young (Normal) (G1 Evacuation Pause) 455M->202M(512M) 8.967ms
[2025-04-05T00:41:45.337-0400][201960.813s][info ][gc,cpu      ] GC(838) User=0.03s Sys=0.00s Real=0.01s
[2025-04-05T00:41:45.337-0400][201960.813s][info ][safepoint   ] Safepoint "G1CollectForAllocation", Time since last: 213028401700 ns, Reaching safepoint: 132400 ns, Cleanup: 10500 ns, At safepoint: 9128100 ns, Total: 9271000 ns
[2025-04-05T00:45:17.012-0400][202172.488s][debug][safepoint   ] Safepoint synchronization initiated using striped semaphore wait barrier. (245 threads)
[2025-04-05T00:45:17.012-0400][202172.488s][info ][gc,start    ] GC(839) Pause Young (Normal) (G1 Evacuation Pause)
[2025-04-05T00:45:17.012-0400][202172.488s][info ][gc,task     ] GC(839) Using 23 workers of 23 for evacuation
[2025-04-05T00:45:17.018-0400][202172.494s][info ][gc,phases   ] GC(839)   Pre Evacuate Collection Set: 0.4ms
[2025-04-05T00:45:17.018-0400][202172.494s][info ][gc,phases   ] GC(839)   Merge Heap Roots: 0.3ms
[2025-04-05T00:45:17.018-0400][202172.494s][info ][gc,phases   ] GC(839)   Evacuate Collection Set: 3.3ms
[2025-04-05T00:45:17.018-0400][202172.494s][info ][gc,phases   ] GC(839)   Post Evacuate Collection Set: 2.0ms
[2025-04-05T00:45:17.018-0400][202172.494s][info ][gc,phases   ] GC(839)   Other: 0.3ms
[2025-04-05T00:45:17.018-0400][202172.494s][info ][gc,heap     ] GC(839) Eden regions: 253->0(253)
[2025-04-05T00:45:17.018-0400][202172.494s][info ][gc,heap     ] GC(839) Survivor regions: 2->2(32)
[2025-04-05T00:45:17.018-0400][202172.494s][info ][gc,heap     ] GC(839) Old regions: 200->200
[2025-04-05T00:45:17.018-0400][202172.494s][info ][gc,heap     ] GC(839) Archive regions: 0->0
[2025-04-05T00:45:17.018-0400][202172.494s][info ][gc,heap     ] GC(839) Humongous regions: 2->2
[2025-04-05T00:45:17.018-0400][202172.494s][info ][gc,metaspace] GC(839) Metaspace: 199399K(201152K)->199399K(201152K) NonClass: 175652K(176512K)->175652K(176512K) Class: 23747K(24640K)->23747K(24640K)
[2025-04-05T00:45:17.018-0400][202172.494s][info ][gc          ] GC(839) Pause Young (Normal) (G1 Evacuation Pause) 455M->202M(512M) 6.160ms
[2025-04-05T00:45:17.018-0400][202172.494s][info ][gc,cpu      ] GC(839) User=0.00s Sys=0.00s Real=0.01s
[2025-04-05T00:45:17.018-0400][202172.494s][info ][safepoint   ] Safepoint "G1CollectForAllocation", Time since last: 211674206900 ns, Reaching safepoint: 162200 ns, Cleanup: 10400 ns, At safepoint: 6285500 ns, Total: 6458100 ns
[2025-04-05T00:48:47.488-0400][202382.964s][debug][safepoint   ] Safepoint synchronization initiated using striped semaphore wait barrier. (247 threads)
[2025-04-05T00:48:47.488-0400][202382.964s][info ][gc,start    ] GC(840) Pause Young (Normal) (G1 Evacuation Pause)
[2025-04-05T00:48:47.488-0400][202382.964s][info ][gc,task     ] GC(840) Using 23 workers of 23 for evacuation
[2025-04-05T00:48:47.495-0400][202382.971s][info ][gc,phases   ] GC(840)   Pre Evacuate Collection Set: 0.7ms
[2025-04-05T00:48:47.495-0400][202382.971s][info ][gc,phases   ] GC(840)   Merge Heap Roots: 0.4ms
[2025-04-05T00:48:47.495-0400][202382.971s][info ][gc,phases   ] GC(840)   Evacuate Collection Set: 3.3ms
[2025-04-05T00:48:47.495-0400][202382.971s][info ][gc,phases   ] GC(840)   Post Evacuate Collection Set: 2.4ms
[2025-04-05T00:48:47.495-0400][202382.971s][info ][gc,phases   ] GC(840)   Other: 0.3ms
[2025-04-05T00:48:47.495-0400][202382.971s][info ][gc,heap     ] GC(840) Eden regions: 253->0(253)
[2025-04-05T00:48:47.495-0400][202382.971s][info ][gc,heap     ] GC(840) Survivor regions: 2->2(32)
[2025-04-05T00:48:47.495-0400][202382.971s][info ][gc,heap     ] GC(840) Old regions: 200->200
[2025-04-05T00:48:47.495-0400][202382.971s][info ][gc,heap     ] GC(840) Archive regions: 0->0
